MSBuild version 17.3.4+a400405ba for .NET
  Determining projects to restore...
  All projects are up-to-date for restore.
/home/ubuntu/.dotnet/sdk/6.0.428/Sdks/Microsoft.NET.Sdk/targets/Microsoft.NET.Sdk.targets(1120,5): warning NETSDK1179: One of '--self-contained' or '--no-self-contained' options are required when '--runtime' is used. [/home/ubuntu/PROGRAMA-BETA/src/FiveMTool.csproj]
  CodeWalker.Core -> /home/ubuntu/PROGRAMA-BETA/src/External/CodeWalker.Core/bin/Release/netstandard2.0/CodeWalker.Core.Source.dll
/home/ubuntu/PROGRAMA-BETA/src/External/CodeWalker.Core/GameFiles/FileTypes/YmapFile.cs(12,7): warning CS0105: The using directive for 'SharpDX' appeared previously in this namespace [/home/ubuntu/PROGRAMA-BETA/src/FiveMTool.csproj]
/home/ubuntu/PROGRAMA-BETA/src/External/CodeWalker.Core/GameFiles/Resources/Drawable.cs(10,7): warning CS0105: The using directive for 'SharpDX' appeared previously in this namespace [/home/ubuntu/PROGRAMA-BETA/src/FiveMTool.csproj]
/home/ubuntu/PROGRAMA-BETA/src/SceneSystem/ISceneSystem.cs(28,62): warning CS8625: Cannot convert null literal to non-nullable reference type. [/home/ubuntu/PROGRAMA-BETA/src/FiveMTool.csproj]
/home/ubuntu/PROGRAMA-BETA/src/SceneSystem/SceneManager.cs(83,29): warning CS8766: Nullability of reference types in return type of 'SceneObject? SceneManager.FindObject(Guid id)' doesn't match implicitly implemented member 'SceneObject ISceneSystem.FindObject(Guid id)' (possibly because of nullability attributes). [/home/ubuntu/PROGRAMA-BETA/src/FiveMTool.csproj]
/home/ubuntu/PROGRAMA-BETA/src/External/CodeWalker.Core/Utils/FbxConverter.cs(976,30): warning CS8765: Nullability of type of parameter 'obj' doesn't match overridden member (possibly because of nullability attributes). [/home/ubuntu/PROGRAMA-BETA/src/FiveMTool.csproj]
/home/ubuntu/PROGRAMA-BETA/src/External/CodeWalker.Core/Utils/FbxConverter.cs(980,21): warning CS8767: Nullability of reference types in type of parameter 'other' of 'bool FbxVertex.Equals(FbxVertex other)' doesn't match implicitly implemented member 'bool IEquatable<FbxVertex>.Equals(FbxVertex? other)' (possibly because of nullability attributes). [/home/ubuntu/PROGRAMA-BETA/src/FiveMTool.csproj]
/home/ubuntu/PROGRAMA-BETA/src/External/CodeWalker.Core/GameFiles/GameFileCache.cs(5943,60): warning CS8714: The type 'T' cannot be used as type parameter 'TKey' in the generic type or method 'Dictionary<TKey, TValue>'. Nullability of type argument 'T' doesn't match 'notnull' constraint. [/home/ubuntu/PROGRAMA-BETA/src/FiveMTool.csproj]
/home/ubuntu/PROGRAMA-BETA/src/External/CodeWalker.Core/GameFiles/GameFileCache.cs(5954,58): warning CS8714: The type 'T' cannot be used as type parameter 'TKey' in the generic type or method 'Dictionary<TKey, TValue>'. Nullability of type argument 'T' doesn't match 'notnull' constraint. [/home/ubuntu/PROGRAMA-BETA/src/FiveMTool.csproj]
/home/ubuntu/PROGRAMA-BETA/src/External/CodeWalker.Core/GameFiles/GameFileCache.cs(5964,64): warning CS8714: The type 'T' cannot be used as type parameter 'TKey' in the generic type or method 'Dictionary<TKey, TValue>'. Nullability of type argument 'T' doesn't match 'notnull' constraint. [/home/ubuntu/PROGRAMA-BETA/src/FiveMTool.csproj]
/home/ubuntu/PROGRAMA-BETA/src/External/CodeWalker.Core/World/Scenarios.cs(706,57): warning CS8625: Cannot convert null literal to non-nullable reference type. [/home/ubuntu/PROGRAMA-BETA/src/FiveMTool.csproj]
/home/ubuntu/PROGRAMA-BETA/src/External/CodeWalker.Core/Utils/Cache.cs(18,56): warning CS8714: The type 'TKey' cannot be used as type parameter 'TKey' in the generic type or method 'Dictionary<TKey, TValue>'. Nullability of type argument 'TKey' doesn't match 'notnull' constraint. [/home/ubuntu/PROGRAMA-BETA/src/FiveMTool.csproj]
/home/ubuntu/PROGRAMA-BETA/src/External/CodeWalker.Core/Utils/Fbx.cs(240,34): warning CS8765: Nullability of type of parameter 'obj' doesn't match overridden member (possibly because of nullability attributes). [/home/ubuntu/PROGRAMA-BETA/src/FiveMTool.csproj]
/home/ubuntu/PROGRAMA-BETA/src/External/CodeWalker.Core/World/Space.cs(522,71): warning CS8625: Cannot convert null literal to non-nullable reference type. [/home/ubuntu/PROGRAMA-BETA/src/FiveMTool.csproj]
/home/ubuntu/PROGRAMA-BETA/src/External/CodeWalker.Core/World/Space.cs(522,100): warning CS8625: Cannot convert null literal to non-nullable reference type. [/home/ubuntu/PROGRAMA-BETA/src/FiveMTool.csproj]
/home/ubuntu/PROGRAMA-BETA/src/External/CodeWalker.Core/World/Space.cs(573,101): warning CS8625: Cannot convert null literal to non-nullable reference type. [/home/ubuntu/PROGRAMA-BETA/src/FiveMTool.csproj]
/home/ubuntu/PROGRAMA-BETA/src/External/CodeWalker.Core/World/Space.cs(689,75): warning CS8625: Cannot convert null literal to non-nullable reference type. [/home/ubuntu/PROGRAMA-BETA/src/FiveMTool.csproj]
/home/ubuntu/PROGRAMA-BETA/src/External/CodeWalker.Core/World/Space.cs(689,104): warning CS8625: Cannot convert null literal to non-nullable reference type. [/home/ubuntu/PROGRAMA-BETA/src/FiveMTool.csproj]
/home/ubuntu/PROGRAMA-BETA/src/External/CodeWalker.Core/World/Space.cs(689,133): warning CS8625: Cannot convert null literal to non-nullable reference type. [/home/ubuntu/PROGRAMA-BETA/src/FiveMTool.csproj]
/home/ubuntu/PROGRAMA-BETA/src/External/CodeWalker.Core/World/Space.cs(1241,110): warning CS8625: Cannot convert null literal to non-nullable reference type. [/home/ubuntu/PROGRAMA-BETA/src/FiveMTool.csproj]
/home/ubuntu/PROGRAMA-BETA/src/External/CodeWalker.Core/World/Space.cs(1501,95): warning CS8625: Cannot convert null literal to non-nullable reference type. [/home/ubuntu/PROGRAMA-BETA/src/FiveMTool.csproj]
/home/ubuntu/PROGRAMA-BETA/src/External/CodeWalker.Core/World/Space.cs(1989,97): warning CS8625: Cannot convert null literal to non-nullable reference type. [/home/ubuntu/PROGRAMA-BETA/src/FiveMTool.csproj]
/home/ubuntu/PROGRAMA-BETA/src/External/CodeWalker.Core/World/Space.cs(2000,76): warning CS8625: Cannot convert null literal to non-nullable reference type. [/home/ubuntu/PROGRAMA-BETA/src/FiveMTool.csproj]
/home/ubuntu/PROGRAMA-BETA/src/External/CodeWalker.Core/World/Space.cs(2085,109): warning CS8625: Cannot convert null literal to non-nullable reference type. [/home/ubuntu/PROGRAMA-BETA/src/FiveMTool.csproj]
/home/ubuntu/PROGRAMA-BETA/src/External/CodeWalker.Core/World/Space.cs(2117,88): warning CS8625: Cannot convert null literal to non-nullable reference type. [/home/ubuntu/PROGRAMA-BETA/src/FiveMTool.csproj]
/home/ubuntu/PROGRAMA-BETA/src/External/CodeWalker.Core/World/Trains.cs(311,66): warning CS8625: Cannot convert null literal to non-nullable reference type. [/home/ubuntu/PROGRAMA-BETA/src/FiveMTool.csproj]
/home/ubuntu/PROGRAMA-BETA/src/External/CodeWalker.Core/GameFiles/FileTypes/RelFile.cs(21649,126): warning CS8625: Cannot convert null literal to non-nullable reference type. [/home/ubuntu/PROGRAMA-BETA/src/FiveMTool.csproj]
/home/ubuntu/PROGRAMA-BETA/src/External/CodeWalker.Core/GameFiles/FileTypes/YndFile.cs(1015,49): warning CS8625: Cannot convert null literal to non-nullable reference type. [/home/ubuntu/PROGRAMA-BETA/src/FiveMTool.csproj]
/home/ubuntu/PROGRAMA-BETA/src/External/CodeWalker.Core/GameFiles/MetaTypes/MetaXml.cs(1960,116): warning CS8625: Cannot convert null literal to non-nullable reference type. [/home/ubuntu/PROGRAMA-BETA/src/FiveMTool.csproj]
/home/ubuntu/PROGRAMA-BETA/src/External/CodeWalker.Core/GameFiles/MetaTypes/MetaXml.cs(1975,139): warning CS8625: Cannot convert null literal to non-nullable reference type. [/home/ubuntu/PROGRAMA-BETA/src/FiveMTool.csproj]
/home/ubuntu/PROGRAMA-BETA/src/External/CodeWalker.Core/GameFiles/Resources/Bounds.cs(479,71): warning CS8625: Cannot convert null literal to non-nullable reference type. [/home/ubuntu/PROGRAMA-BETA/src/FiveMTool.csproj]
/home/ubuntu/PROGRAMA-BETA/src/External/CodeWalker.Core/GameFiles/Resources/Bounds.cs(479,101): warning CS8625: Cannot convert null literal to non-nullable reference type. [/home/ubuntu/PROGRAMA-BETA/src/FiveMTool.csproj]
/home/ubuntu/PROGRAMA-BETA/src/External/CodeWalker.Core/GameFiles/Resources/ResourceBaseTypes.cs(520,42): warning CS8767: Nullability of reference types in type of parameter 'attributes' of 'EventDescriptorCollection ListBase<T>.GetEvents(Attribute[] attributes)' doesn't match implicitly implemented member 'EventDescriptorCollection ICustomTypeDescriptor.GetEvents(Attribute[]? attributes)' (possibly because of nullability attributes). [/home/ubuntu/PROGRAMA-BETA/src/FiveMTool.csproj]
/home/ubuntu/PROGRAMA-BETA/src/External/CodeWalker.Core/GameFiles/Resources/ResourceBaseTypes.cs(547,45): warning CS8767: Nullability of reference types in type of parameter 'attributes' of 'PropertyDescriptorCollection ListBase<T>.GetProperties(Attribute[] attributes)' doesn't match implicitly implemented member 'PropertyDescriptorCollection ICustomTypeDescriptor.GetProperties(Attribute[]? attributes)' (possibly because of nullability attributes). [/home/ubuntu/PROGRAMA-BETA/src/FiveMTool.csproj]
/home/ubuntu/PROGRAMA-BETA/src/External/CodeWalker.Core/GameFiles/Resources/ResourceBaseTypes.cs(530,23): warning CS8767: Nullability of reference types in type of parameter 'pd' of 'object ListBase<T>.GetPropertyOwner(PropertyDescriptor pd)' doesn't match implicitly implemented member 'object? ICustomTypeDescriptor.GetPropertyOwner(PropertyDescriptor? pd)' (possibly because of nullability attributes). [/home/ubuntu/PROGRAMA-BETA/src/FiveMTool.csproj]
/home/ubuntu/PROGRAMA-BETA/src/External/CodeWalker.Core/GameFiles/Resources/ResourceBaseTypes.cs(601,36): warning CS8765: Nullability of type of parameter 'component' doesn't match overridden member (possibly because of nullability attributes). [/home/ubuntu/PROGRAMA-BETA/src/FiveMTool.csproj]
/home/ubuntu/PROGRAMA-BETA/src/External/CodeWalker.Core/GameFiles/Resources/ResourceBaseTypes.cs(628,34): warning CS8765: Nullability of type of parameter 'component' doesn't match overridden member (possibly because of nullability attributes). [/home/ubuntu/PROGRAMA-BETA/src/FiveMTool.csproj]
/home/ubuntu/PROGRAMA-BETA/src/External/CodeWalker.Core/GameFiles/Resources/ResourceBaseTypes.cs(628,34): warning CS8765: Nullability of type of parameter 'value' doesn't match overridden member (possibly because of nullability attributes). [/home/ubuntu/PROGRAMA-BETA/src/FiveMTool.csproj]
/home/ubuntu/PROGRAMA-BETA/src/External/CodeWalker.Core/GameFiles/RpfFile.cs(1388,58): warning CS8625: Cannot convert null literal to non-nullable reference type. [/home/ubuntu/PROGRAMA-BETA/src/FiveMTool.csproj]
/home/ubuntu/PROGRAMA-BETA/src/External/CodeWalker.Core/GameFiles/RpfFile.cs(2005,86): warning CS8625: Cannot convert null literal to non-nullable reference type. [/home/ubuntu/PROGRAMA-BETA/src/FiveMTool.csproj]
/home/ubuntu/PROGRAMA-BETA/src/External/CodeWalker.Core/GameFiles/Utils/GTAKeys.cs(168,98): warning CS8625: Cannot convert null literal to non-nullable reference type. [/home/ubuntu/PROGRAMA-BETA/src/FiveMTool.csproj]
/home/ubuntu/PROGRAMA-BETA/src/UI/MainForm.cs(24,16): warning CS8618: Non-nullable field '_hierarchyTree' must contain a non-null value when exiting constructor. Consider declaring the field as nullable. [/home/ubuntu/PROGRAMA-BETA/src/FiveMTool.csproj]
/home/ubuntu/PROGRAMA-BETA/src/UI/MainForm.cs(24,16): warning CS8618: Non-nullable field '_propertyInspector' must contain a non-null value when exiting constructor. Consider declaring the field as nullable. [/home/ubuntu/PROGRAMA-BETA/src/FiveMTool.csproj]
/home/ubuntu/PROGRAMA-BETA/src/UI/MainForm.cs(24,16): warning CS8618: Non-nullable field '_viewportPanel' must contain a non-null value when exiting constructor. Consider declaring the field as nullable. [/home/ubuntu/PROGRAMA-BETA/src/FiveMTool.csproj]
/home/ubuntu/PROGRAMA-BETA/src/UI/MainForm.cs(24,16): warning CS8618: Non-nullable field '_logConsole' must contain a non-null value when exiting constructor. Consider declaring the field as nullable. [/home/ubuntu/PROGRAMA-BETA/src/FiveMTool.csproj]
/home/ubuntu/PROGRAMA-BETA/src/UI/MainForm.cs(24,16): warning CS8618: Non-nullable field '_mainMenu' must contain a non-null value when exiting constructor. Consider declaring the field as nullable. [/home/ubuntu/PROGRAMA-BETA/src/FiveMTool.csproj]
/home/ubuntu/PROGRAMA-BETA/src/UI/MainForm.cs(24,16): warning CS8618: Non-nullable field '_toolBar' must contain a non-null value when exiting constructor. Consider declaring the field as nullable. [/home/ubuntu/PROGRAMA-BETA/src/FiveMTool.csproj]
/home/ubuntu/PROGRAMA-BETA/src/UI/MainForm.cs(24,16): warning CS8618: Non-nullable field '_renderTimer' must contain a non-null value when exiting constructor. Consider declaring the field as nullable. [/home/ubuntu/PROGRAMA-BETA/src/FiveMTool.csproj]
/home/ubuntu/PROGRAMA-BETA/src/External/CodeWalker.Core/GameFiles/FileTypes/Builders/YnvBuilder.cs(48,22): warning CS8603: Possible null reference return. [/home/ubuntu/PROGRAMA-BETA/src/FiveMTool.csproj]
/home/ubuntu/PROGRAMA-BETA/src/External/CodeWalker.Core/GameFiles/Utils/Jenk.cs(232,50): warning CS8600: Converting null literal or possible null value to non-nullable type. [/home/ubuntu/PROGRAMA-BETA/src/FiveMTool.csproj]
/home/ubuntu/PROGRAMA-BETA/src/External/CodeWalker.Core/GameFiles/Utils/Jenk.cs(244,50): warning CS8600: Converting null literal or possible null value to non-nullable type. [/home/ubuntu/PROGRAMA-BETA/src/FiveMTool.csproj]
/home/ubuntu/PROGRAMA-BETA/src/External/CodeWalker.Core/GameFiles/Utils/Jenk.cs(254,28): warning CS8600: Converting null literal or possible null value to non-nullable type. [/home/ubuntu/PROGRAMA-BETA/src/FiveMTool.csproj]
/home/ubuntu/PROGRAMA-BETA/src/External/CodeWalker.Core/World/Weather.cs(466,23): warning CS8618: Non-nullable property 'Name' must contain a non-null value when exiting constructor. Consider declaring the property as nullable. [/home/ubuntu/PROGRAMA-BETA/src/FiveMTool.csproj]
/home/ubuntu/PROGRAMA-BETA/src/External/CodeWalker.Core/World/Weather.cs(467,24): warning CS8618: Non-nullable property 'Values' must contain a non-null value when exiting constructor. Consider declaring the property as nullable. [/home/ubuntu/PROGRAMA-BETA/src/FiveMTool.csproj]
/home/ubuntu/PROGRAMA-BETA/src/UI/MainForm.cs(90,105): error CS0117: 'ToolStrip' does not contain a definition for 'GutterStyle' [/home/ubuntu/PROGRAMA-BETA/src/FiveMTool.csproj]
/home/ubuntu/PROGRAMA-BETA/src/UI/MainForm.cs(90,119): error CS0103: The name 'ToolStripGutterStyle' does not exist in the current context [/home/ubuntu/PROGRAMA-BETA/src/FiveMTool.csproj]
/home/ubuntu/PROGRAMA-BETA/src/UI/MainForm.cs(102,21): warning CS8602: Dereference of a possibly null reference. [/home/ubuntu/PROGRAMA-BETA/src/FiveMTool.csproj]
/home/ubuntu/PROGRAMA-BETA/src/External/CodeWalker.Core/GameFiles/FileTypes/Builders/YnvBuilder.cs(218,27): warning CS8602: Dereference of a possibly null reference. [/home/ubuntu/PROGRAMA-BETA/src/FiveMTool.csproj]
/home/ubuntu/PROGRAMA-BETA/src/External/CodeWalker.Core/GameFiles/FileTypes/Builders/YnvBuilder.cs(225,42): warning CS8604: Possible null reference argument for parameter 'p' in 'YnvPoly YnvPolySplit.GetOther(YnvPoly p)'. [/home/ubuntu/PROGRAMA-BETA/src/FiveMTool.csproj]
/home/ubuntu/PROGRAMA-BETA/src/External/CodeWalker.Core/GameFiles/FileTypes/Builders/YnvBuilder.cs(227,42): warning CS8604: Possible null reference argument for parameter 'p' in 'YnvPoly YnvPolySplit.GetOther(YnvPoly p)'. [/home/ubuntu/PROGRAMA-BETA/src/FiveMTool.csproj]
/home/ubuntu/PROGRAMA-BETA/src/External/CodeWalker.Core/GameFiles/FileTypes/Builders/YnvBuilder.cs(228,47): warning CS8604: Possible null reference argument for parameter 'poly' in 'YnvEdge.YnvEdge(YnvEdge copy, YnvPoly poly)'. [/home/ubuntu/PROGRAMA-BETA/src/FiveMTool.csproj]
/home/ubuntu/PROGRAMA-BETA/src/External/CodeWalker.Core/GameFiles/FileTypes/Builders/YnvBuilder.cs(229,47): warning CS8604: Possible null reference argument for parameter 'poly' in 'YnvEdge.YnvEdge(YnvEdge copy, YnvPoly poly)'. [/home/ubuntu/PROGRAMA-BETA/src/FiveMTool.csproj]
/home/ubuntu/PROGRAMA-BETA/src/External/CodeWalker.Core/GameFiles/FileTypes/Builders/YnvBuilder.cs(230,47): warning CS8604: Possible null reference argument for parameter 'poly' in 'YnvEdge.YnvEdge(YnvEdge copy, YnvPoly poly)'. [/home/ubuntu/PROGRAMA-BETA/src/FiveMTool.csproj]
/home/ubuntu/PROGRAMA-BETA/src/External/CodeWalker.Core/GameFiles/FileTypes/Builders/YnvBuilder.cs(231,47): warning CS8604: Possible null reference argument for parameter 'poly' in 'YnvEdge.YnvEdge(YnvEdge copy, YnvPoly poly)'. [/home/ubuntu/PROGRAMA-BETA/src/FiveMTool.csproj]
/home/ubuntu/PROGRAMA-BETA/src/External/CodeWalker.Core/GameFiles/FileTypes/Builders/YnvBuilder.cs(261,37): warning CS8602: Dereference of a possibly null reference. [/home/ubuntu/PROGRAMA-BETA/src/FiveMTool.csproj]
/home/ubuntu/PROGRAMA-BETA/src/External/CodeWalker.Core/GameFiles/FileTypes/Builders/YnvBuilder.cs(264,32): warning CS8602: Dereference of a possibly null reference. [/home/ubuntu/PROGRAMA-BETA/src/FiveMTool.csproj]
/home/ubuntu/PROGRAMA-BETA/src/External/CodeWalker.Core/GameFiles/FileTypes/Builders/YnvBuilder.cs(274,64): warning CS8600: Converting null literal or possible null value to non-nullable type. [/home/ubuntu/PROGRAMA-BETA/src/FiveMTool.csproj]
/home/ubuntu/PROGRAMA-BETA/src/External/CodeWalker.Core/GameFiles/FileTypes/Builders/YnvBuilder.cs(279,38): warning CS8601: Possible null reference assignment. [/home/ubuntu/PROGRAMA-BETA/src/FiveMTool.csproj]
/home/ubuntu/PROGRAMA-BETA/src/External/CodeWalker.Core/GameFiles/FileTypes/Builders/YnvBuilder.cs(280,38): warning CS8601: Possible null reference assignment. [/home/ubuntu/PROGRAMA-BETA/src/FiveMTool.csproj]
/home/ubuntu/PROGRAMA-BETA/src/External/CodeWalker.Core/GameFiles/Utils/DDSIO.cs(139,25): warning CS8600: Converting null literal or possible null value to non-nullable type. [/home/ubuntu/PROGRAMA-BETA/src/FiveMTool.csproj]
/home/ubuntu/PROGRAMA-BETA/src/External/CodeWalker.Core/GameFiles/Utils/DDSIO.cs(209,20): warning CS8603: Possible null reference return. [/home/ubuntu/PROGRAMA-BETA/src/FiveMTool.csproj]
/home/ubuntu/PROGRAMA-BETA/src/External/CodeWalker.Core/Utils/Gen9Converter.cs(85,33): warning CS8600: Converting null literal or possible null value to non-nullable type. [/home/ubuntu/PROGRAMA-BETA/src/FiveMTool.csproj]
/home/ubuntu/PROGRAMA-BETA/src/External/CodeWalker.Core/Utils/Gen9Converter.cs(137,55): warning CS8604: Possible null reference argument for parameter 'path' in 'DirectoryInfo Directory.CreateDirectory(string path)'. [/home/ubuntu/PROGRAMA-BETA/src/FiveMTool.csproj]
/home/ubuntu/PROGRAMA-BETA/src/External/CodeWalker.Core/Utils/Gen9Converter.cs(233,62): warning CS8625: Cannot convert null literal to non-nullable reference type. [/home/ubuntu/PROGRAMA-BETA/src/FiveMTool.csproj]
/home/ubuntu/PROGRAMA-BETA/src/External/CodeWalker.Core/GameFiles/FileTypes/Builders/YnvBuilder.cs(362,38): warning CS8603: Possible null reference return. [/home/ubuntu/PROGRAMA-BETA/src/FiveMTool.csproj]
/home/ubuntu/PROGRAMA-BETA/src/External/CodeWalker.Core/GameFiles/FileTypes/Builders/YnvBuilder.cs(363,30): warning CS8600: Converting null literal or possible null value to non-nullable type. [/home/ubuntu/PROGRAMA-BETA/src/FiveMTool.csproj]
/home/ubuntu/PROGRAMA-BETA/src/External/CodeWalker.Core/GameFiles/FileTypes/Builders/YnvBuilder.cs(364,46): warning CS8600: Converting null literal or possible null value to non-nullable type. [/home/ubuntu/PROGRAMA-BETA/src/FiveMTool.csproj]
/home/ubuntu/PROGRAMA-BETA/src/External/CodeWalker.Core/GameFiles/FileTypes/Builders/YnvBuilder.cs(365,20): warning CS8603: Possible null reference return. [/home/ubuntu/PROGRAMA-BETA/src/FiveMTool.csproj]
/home/ubuntu/PROGRAMA-BETA/src/External/CodeWalker.Core/Utils/Gen9Converter.cs(275,20): warning CS8603: Possible null reference return. [/home/ubuntu/PROGRAMA-BETA/src/FiveMTool.csproj]
/home/ubuntu/PROGRAMA-BETA/src/External/CodeWalker.Core/Utils/Gen9Converter.cs(282,23): warning CS8600: Converting null literal or possible null value to non-nullable type. [/home/ubuntu/PROGRAMA-BETA/src/FiveMTool.csproj]
/home/ubuntu/PROGRAMA-BETA/src/External/CodeWalker.Core/Utils/Gen9Converter.cs(362,28): warning CS8603: Possible null reference return. [/home/ubuntu/PROGRAMA-BETA/src/FiveMTool.csproj]
/home/ubuntu/PROGRAMA-BETA/src/External/CodeWalker.Core/Utils/Gen9Converter.cs(372,32): warning CS8603: Possible null reference return. [/home/ubuntu/PROGRAMA-BETA/src/FiveMTool.csproj]
/home/ubuntu/PROGRAMA-BETA/src/External/CodeWalker.Core/Utils/Gen9Converter.cs(14,23): warning CS8618: Non-nullable field 'InputFolder' must contain a non-null value when exiting constructor. Consider declaring the field as nullable. [/home/ubuntu/PROGRAMA-BETA/src/FiveMTool.csproj]
/home/ubuntu/PROGRAMA-BETA/src/External/CodeWalker.Core/Utils/Gen9Converter.cs(15,23): warning CS8618: Non-nullable field 'OutputFolder' must contain a non-null value when exiting constructor. Consider declaring the field as nullable. [/home/ubuntu/PROGRAMA-BETA/src/FiveMTool.csproj]
/home/ubuntu/PROGRAMA-BETA/src/External/CodeWalker.Core/Utils/Gen9Converter.cs(19,43): warning CS8618: Non-nullable field 'QuestionFunc' must contain a non-null value when exiting constructor. Consider declaring the field as nullable. [/home/ubuntu/PROGRAMA-BETA/src/FiveMTool.csproj]
/home/ubuntu/PROGRAMA-BETA/src/External/CodeWalker.Core/Utils/Gen9Converter.cs(20,31): warning CS8618: Non-nullable field 'ErrorAction' must contain a non-null value when exiting constructor. Consider declaring the field as nullable. [/home/ubuntu/PROGRAMA-BETA/src/FiveMTool.csproj]
/home/ubuntu/PROGRAMA-BETA/src/External/CodeWalker.Core/Utils/Gen9Converter.cs(21,31): warning CS8618: Non-nullable field 'LogAction' must contain a non-null value when exiting constructor. Consider declaring the field as nullable. [/home/ubuntu/PROGRAMA-BETA/src/FiveMTool.csproj]
/home/ubuntu/PROGRAMA-BETA/src/External/CodeWalker.Core/Utils/Gen9Converter.cs(22,30): warning CS8618: Non-nullable field 'ProgressAction' must contain a non-null value when exiting constructor. Consider declaring the field as nullable. [/home/ubuntu/PROGRAMA-BETA/src/FiveMTool.csproj]
/home/ubuntu/PROGRAMA-BETA/src/External/CodeWalker.Core/Utils/Gen9Converter.cs(23,29): warning CS8618: Non-nullable field 'StartStopAction' must contain a non-null value when exiting constructor. Consider declaring the field as nullable. [/home/ubuntu/PROGRAMA-BETA/src/FiveMTool.csproj]
/home/ubuntu/PROGRAMA-BETA/src/External/CodeWalker.Core/GameFiles/FileTypes/Builders/YnvBuilder.cs(42,40): warning CS8625: Cannot convert null literal to non-nullable reference type. [/home/ubuntu/PROGRAMA-BETA/src/FiveMTool.csproj]
/home/ubuntu/PROGRAMA-BETA/src/External/CodeWalker.Core/GameFiles/FileTypes/Builders/YnvBuilder.cs(43,42): warning CS8625: Cannot convert null literal to non-nullable reference type. [/home/ubuntu/PROGRAMA-BETA/src/FiveMTool.csproj]
/home/ubuntu/PROGRAMA-BETA/src/External/CodeWalker.Core/GameFiles/Utils/DDSIO.cs(375,22): warning CS8603: Possible null reference return. [/home/ubuntu/PROGRAMA-BETA/src/FiveMTool.csproj]
/home/ubuntu/PROGRAMA-BETA/src/External/CodeWalker.Core/GameFiles/FileTypes/Builders/YnvBuilder.cs(331,28): warning CS8618: Non-nullable field 'Orig' must contain a non-null value when exiting constructor. Consider declaring the field as nullable. [/home/ubuntu/PROGRAMA-BETA/src/FiveMTool.csproj]
/home/ubuntu/PROGRAMA-BETA/src/External/CodeWalker.Core/GameFiles/FileTypes/Builders/YnvBuilder.cs(332,28): warning CS8618: Non-nullable field 'New1' must contain a non-null value when exiting constructor. Consider declaring the field as nullable. [/home/ubuntu/PROGRAMA-BETA/src/FiveMTool.csproj]
/home/ubuntu/PROGRAMA-BETA/src/External/CodeWalker.Core/GameFiles/FileTypes/Builders/YnvBuilder.cs(333,28): warning CS8618: Non-nullable field 'New2' must contain a non-null value when exiting constructor. Consider declaring the field as nullable. [/home/ubuntu/PROGRAMA-BETA/src/FiveMTool.csproj]
/home/ubuntu/PROGRAMA-BETA/src/DataCore/ProjectManager.cs(57,44): warning CS8603: Possible null reference return. [/home/ubuntu/PROGRAMA-BETA/src/FiveMTool.csproj]
/home/ubuntu/PROGRAMA-BETA/src/DataCore/ProjectManager.cs(61,20): warning CS8603: Possible null reference return. [/home/ubuntu/PROGRAMA-BETA/src/FiveMTool.csproj]
/home/ubuntu/PROGRAMA-BETA/src/DataCore/ProjectManager.cs(22,24): warning CS8618: Non-nullable field '_currentProjectPath' must contain a non-null value when exiting constructor. Consider declaring the field as nullable. [/home/ubuntu/PROGRAMA-BETA/src/FiveMTool.csproj]
/home/ubuntu/PROGRAMA-BETA/src/DataCore/ProjectManager.cs(16,27): warning CS8618: Non-nullable property 'Name' must contain a non-null value when exiting constructor. Consider declaring the property as nullable. [/home/ubuntu/PROGRAMA-BETA/src/FiveMTool.csproj]
/home/ubuntu/PROGRAMA-BETA/src/DataCore/ProjectManager.cs(17,27): warning CS8618: Non-nullable property 'GtaPath' must contain a non-null value when exiting constructor. Consider declaring the property as nullable. [/home/ubuntu/PROGRAMA-BETA/src/FiveMTool.csproj]
/home/ubuntu/PROGRAMA-BETA/src/DataCore/ProjectManager.cs(18,38): warning CS8618: Non-nullable property 'SceneObjects' must contain a non-null value when exiting constructor. Consider declaring the property as nullable. [/home/ubuntu/PROGRAMA-BETA/src/FiveMTool.csproj]
/home/ubuntu/PROGRAMA-BETA/src/External/CodeWalker.Core/Utils/Cache.cs(18,88): warning CS8714: The type 'TKey' cannot be used as type parameter 'TKey' in the generic type or method 'Dictionary<TKey, TValue>'. Nullability of type argument 'TKey' doesn't match 'notnull' constraint. [/home/ubuntu/PROGRAMA-BETA/src/FiveMTool.csproj]
/home/ubuntu/PROGRAMA-BETA/src/DataCore/GameDataCore.cs(19,16): warning CS8618: Non-nullable property 'GamePath' must contain a non-null value when exiting constructor. Consider declaring the property as nullable. [/home/ubuntu/PROGRAMA-BETA/src/FiveMTool.csproj]
/home/ubuntu/PROGRAMA-BETA/src/External/CodeWalker.Core/Utils/Cache.cs(45,40): warning CS8600: Converting null literal or possible null value to non-nullable type. [/home/ubuntu/PROGRAMA-BETA/src/FiveMTool.csproj]
/home/ubuntu/PROGRAMA-BETA/src/External/CodeWalker.Core/Utils/Cache.cs(46,53): warning CS8600: Converting null literal or possible null value to non-nullable type. [/home/ubuntu/PROGRAMA-BETA/src/FiveMTool.csproj]
/home/ubuntu/PROGRAMA-BETA/src/External/CodeWalker.Core/Utils/Cache.cs(52,20): warning CS8603: Possible null reference return. [/home/ubuntu/PROGRAMA-BETA/src/FiveMTool.csproj]
/home/ubuntu/PROGRAMA-BETA/src/External/CodeWalker.Core/Utils/Cache.cs(80,40): warning CS8625: Cannot convert null literal to non-nullable reference type. [/home/ubuntu/PROGRAMA-BETA/src/FiveMTool.csproj]
/home/ubuntu/PROGRAMA-BETA/src/External/CodeWalker.Core/Utils/Cache.cs(119,53): warning CS8600: Converting null literal or possible null value to non-nullable type. [/home/ubuntu/PROGRAMA-BETA/src/FiveMTool.csproj]
/home/ubuntu/PROGRAMA-BETA/src/External/CodeWalker.Core/Utils/Cache.cs(138,32): warning CS8625: Cannot convert null literal to non-nullable reference type. [/home/ubuntu/PROGRAMA-BETA/src/FiveMTool.csproj]
/home/ubuntu/PROGRAMA-BETA/src/External/CodeWalker.Core/Utils/Cache.cs(148,21): warning CS8618: Non-nullable field 'Key' must contain a non-null value when exiting constructor. Consider declaring the field as nullable. [/home/ubuntu/PROGRAMA-BETA/src/FiveMTool.csproj]
/home/ubuntu/PROGRAMA-BETA/src/MeshEditor/TextureManager.cs(23,20): warning CS8603: Possible null reference return. [/home/ubuntu/PROGRAMA-BETA/src/FiveMTool.csproj]
/home/ubuntu/PROGRAMA-BETA/src/SceneSystem/YMAPManager.cs(57,20): warning CS8603: Possible null reference return. [/home/ubuntu/PROGRAMA-BETA/src/FiveMTool.csproj]
/home/ubuntu/PROGRAMA-BETA/src/External/CodeWalker.Core/World/Weather.cs(443,44): warning CS8600: Converting null literal or possible null value to non-nullable type. [/home/ubuntu/PROGRAMA-BETA/src/FiveMTool.csproj]
/home/ubuntu/PROGRAMA-BETA/src/External/CodeWalker.Core/World/Weather.cs(420,23): warning CS8618: Non-nullable property 'Name' must contain a non-null value when exiting constructor. Consider declaring the property as nullable. [/home/ubuntu/PROGRAMA-BETA/src/FiveMTool.csproj]
/home/ubuntu/PROGRAMA-BETA/src/External/CodeWalker.Core/World/Weather.cs(421,66): warning CS8618: Non-nullable property 'Data' must contain a non-null value when exiting constructor. Consider declaring the property as nullable. [/home/ubuntu/PROGRAMA-BETA/src/FiveMTool.csproj]
/home/ubuntu/PROGRAMA-BETA/src/MeshEditor/ITextureSystem.cs(12,23): warning CS8618: Non-nullable property 'Name' must contain a non-null value when exiting constructor. Consider declaring the property as nullable. [/home/ubuntu/PROGRAMA-BETA/src/FiveMTool.csproj]
/home/ubuntu/PROGRAMA-BETA/src/MeshEditor/ITextureSystem.cs(13,23): warning CS8618: Non-nullable property 'ShaderName' must contain a non-null value when exiting constructor. Consider declaring the property as nullable. [/home/ubuntu/PROGRAMA-BETA/src/FiveMTool.csproj]
/home/ubuntu/PROGRAMA-BETA/src/DataCore/GameDataCore.cs(57,48): error CS1503: Argument 1: cannot convert from 'CodeWalker.GameFiles.RpfEntry' to 'string' [/home/ubuntu/PROGRAMA-BETA/src/FiveMTool.csproj]
/home/ubuntu/PROGRAMA-BETA/src/DataCore/GameDataCore.cs(60,20): warning CS8603: Possible null reference return. [/home/ubuntu/PROGRAMA-BETA/src/FiveMTool.csproj]
/home/ubuntu/PROGRAMA-BETA/src/External/CodeWalker.Core/World/Weather.cs(394,23): warning CS8618: Non-nullable property 'Name' must contain a non-null value when exiting constructor. Consider declaring the property as nullable. [/home/ubuntu/PROGRAMA-BETA/src/FiveMTool.csproj]
/home/ubuntu/PROGRAMA-BETA/src/External/CodeWalker.Core/World/Weather.cs(396,63): warning CS8618: Non-nullable property 'Regions' must contain a non-null value when exiting constructor. Consider declaring the property as nullable. [/home/ubuntu/PROGRAMA-BETA/src/FiveMTool.csproj]
/home/ubuntu/PROGRAMA-BETA/src/External/CodeWalker.Core/GameFiles/Utils/DDSIO.cs(1570,27): warning CS8618: Non-nullable field 'Data' must contain a non-null value when exiting constructor. Consider declaring the field as nullable. [/home/ubuntu/PROGRAMA-BETA/src/FiveMTool.csproj]
/home/ubuntu/PROGRAMA-BETA/src/External/CodeWalker.Core/World/Weather.cs(377,23): warning CS8618: Non-nullable property 'CycleName' must contain a non-null value when exiting constructor. Consider declaring the property as nullable. [/home/ubuntu/PROGRAMA-BETA/src/FiveMTool.csproj]
/home/ubuntu/PROGRAMA-BETA/src/RenderEngine/ShaderManager.cs(32,44): warning CS8603: Possible null reference return. [/home/ubuntu/PROGRAMA-BETA/src/FiveMTool.csproj]
/home/ubuntu/PROGRAMA-BETA/src/RenderEngine/ShaderManager.cs(48,44): warning CS8603: Possible null reference return. [/home/ubuntu/PROGRAMA-BETA/src/FiveMTool.csproj]
/home/ubuntu/PROGRAMA-BETA/src/DataCore/GameDataCore.cs(85,55): error CS1503: Argument 1: cannot convert from 'CodeWalker.GameFiles.RpfFileEntry' to 'string' [/home/ubuntu/PROGRAMA-BETA/src/FiveMTool.csproj]
/home/ubuntu/PROGRAMA-BETA/src/DataCore/GameDataCore.cs(89,20): warning CS8603: Possible null reference return. [/home/ubuntu/PROGRAMA-BETA/src/FiveMTool.csproj]
/home/ubuntu/PROGRAMA-BETA/src/DataCore/GameDataCore.cs(100,55): error CS1503: Argument 1: cannot convert from 'CodeWalker.GameFiles.RpfFileEntry' to 'string' [/home/ubuntu/PROGRAMA-BETA/src/FiveMTool.csproj]
/home/ubuntu/PROGRAMA-BETA/src/DataCore/GameDataCore.cs(104,20): warning CS8603: Possible null reference return. [/home/ubuntu/PROGRAMA-BETA/src/FiveMTool.csproj]
/home/ubuntu/PROGRAMA-BETA/src/DataCore/GameDataCore.cs(115,55): error CS1503: Argument 1: cannot convert from 'CodeWalker.GameFiles.RpfFileEntry' to 'string' [/home/ubuntu/PROGRAMA-BETA/src/FiveMTool.csproj]
/home/ubuntu/PROGRAMA-BETA/src/DataCore/GameDataCore.cs(119,20): warning CS8603: Possible null reference return. [/home/ubuntu/PROGRAMA-BETA/src/FiveMTool.csproj]
/home/ubuntu/PROGRAMA-BETA/src/RenderEngine/DX11RenderEngine.cs(33,16): warning CS8618: Non-nullable field '_device' must contain a non-null value when exiting constructor. Consider declaring the field as nullable. [/home/ubuntu/PROGRAMA-BETA/src/FiveMTool.csproj]
/home/ubuntu/PROGRAMA-BETA/src/RenderEngine/DX11RenderEngine.cs(33,16): warning CS8618: Non-nullable field '_context' must contain a non-null value when exiting constructor. Consider declaring the field as nullable. [/home/ubuntu/PROGRAMA-BETA/src/FiveMTool.csproj]
/home/ubuntu/PROGRAMA-BETA/src/RenderEngine/DX11RenderEngine.cs(33,16): warning CS8618: Non-nullable field '_swapChain' must contain a non-null value when exiting constructor. Consider declaring the field as nullable. [/home/ubuntu/PROGRAMA-BETA/src/FiveMTool.csproj]
/home/ubuntu/PROGRAMA-BETA/src/RenderEngine/DX11RenderEngine.cs(33,16): warning CS8618: Non-nullable field '_renderTargetView' must contain a non-null value when exiting constructor. Consider declaring the field as nullable. [/home/ubuntu/PROGRAMA-BETA/src/FiveMTool.csproj]
/home/ubuntu/PROGRAMA-BETA/src/RenderEngine/DX11RenderEngine.cs(33,16): warning CS8618: Non-nullable field '_depthStencilView' must contain a non-null value when exiting constructor. Consider declaring the field as nullable. [/home/ubuntu/PROGRAMA-BETA/src/FiveMTool.csproj]
/home/ubuntu/PROGRAMA-BETA/src/RenderEngine/DX11RenderEngine.cs(33,16): warning CS8618: Non-nullable field '_depthBuffer' must contain a non-null value when exiting constructor. Consider declaring the field as nullable. [/home/ubuntu/PROGRAMA-BETA/src/FiveMTool.csproj]
/home/ubuntu/PROGRAMA-BETA/src/RenderEngine/DX11RenderEngine.cs(33,16): warning CS8618: Non-nullable field '_shaderManager' must contain a non-null value when exiting constructor. Consider declaring the field as nullable. [/home/ubuntu/PROGRAMA-BETA/src/FiveMTool.csproj]
/home/ubuntu/PROGRAMA-BETA/src/RenderEngine/DX11RenderEngine.cs(33,16): warning CS8618: Non-nullable field '_gizmoManager' must contain a non-null value when exiting constructor. Consider declaring the field as nullable. [/home/ubuntu/PROGRAMA-BETA/src/FiveMTool.csproj]
/home/ubuntu/PROGRAMA-BETA/src/SceneSystem/PortalEditor.cs(22,28): error CS0029: Cannot implicitly convert type 'string' to 'int' [/home/ubuntu/PROGRAMA-BETA/src/FiveMTool.csproj]
/home/ubuntu/PROGRAMA-BETA/src/SceneSystem/PortalEditor.cs(23,26): error CS0029: Cannot implicitly convert type 'string' to 'int' [/home/ubuntu/PROGRAMA-BETA/src/FiveMTool.csproj]
/home/ubuntu/PROGRAMA-BETA/src/SceneSystem/PortalEditor.cs(24,28): error CS0029: Cannot implicitly convert type 'System.Numerics.Vector3[]' to 'System.Collections.Generic.List<System.Numerics.Vector3>' [/home/ubuntu/PROGRAMA-BETA/src/FiveMTool.csproj]
/home/ubuntu/PROGRAMA-BETA/src/SceneSystem/PortalEditor.cs(42,56): error CS1061: 'List<Vector3>' does not contain a definition for 'Length' and no accessible extension method 'Length' accepting a first argument of type 'List<Vector3>' could be found (are you missing a using directive or an assembly reference?) [/home/ubuntu/PROGRAMA-BETA/src/FiveMTool.csproj]
/home/ubuntu/PROGRAMA-BETA/src/SceneSystem/PortalEditor.cs(13,27): warning CS8618: Non-nullable field '_activePortal' must contain a non-null value when exiting constructor. Consider declaring the field as nullable. [/home/ubuntu/PROGRAMA-BETA/src/FiveMTool.csproj]
/home/ubuntu/PROGRAMA-BETA/src/SceneSystem/IYMAPSystem.cs(12,23): warning CS8618: Non-nullable property 'ArchetypeName' must contain a non-null value when exiting constructor. Consider declaring the property as nullable. [/home/ubuntu/PROGRAMA-BETA/src/FiveMTool.csproj]
/home/ubuntu/PROGRAMA-BETA/src/External/CodeWalker.Core/World/Weather.cs(345,43): warning CS8602: Dereference of a possibly null reference. [/home/ubuntu/PROGRAMA-BETA/src/FiveMTool.csproj]
/home/ubuntu/PROGRAMA-BETA/src/SceneSystem/ISceneSystem.cs(13,23): warning CS8618: Non-nullable property 'Name' must contain a non-null value when exiting constructor. Consider declaring the property as nullable. [/home/ubuntu/PROGRAMA-BETA/src/FiveMTool.csproj]
/home/ubuntu/PROGRAMA-BETA/src/SceneSystem/ISceneSystem.cs(19,23): warning CS8618: Non-nullable property 'Metadata' must contain a non-null value when exiting constructor. Consider declaring the property as nullable. [/home/ubuntu/PROGRAMA-BETA/src/FiveMTool.csproj]
/home/ubuntu/PROGRAMA-BETA/src/External/CodeWalker.Core/World/Weather.cs(360,65): warning CS8600: Converting null literal or possible null value to non-nullable type. [/home/ubuntu/PROGRAMA-BETA/src/FiveMTool.csproj]
/home/ubuntu/PROGRAMA-BETA/src/External/CodeWalker.Core/World/Weather.cs(364,24): warning CS8603: Possible null reference return. [/home/ubuntu/PROGRAMA-BETA/src/FiveMTool.csproj]
/home/ubuntu/PROGRAMA-BETA/src/External/CodeWalker.Core/World/Weather.cs(366,20): warning CS8603: Possible null reference return. [/home/ubuntu/PROGRAMA-BETA/src/FiveMTool.csproj]
/home/ubuntu/PROGRAMA-BETA/src/External/CodeWalker.Core/World/Weather.cs(244,23): warning CS8618: Non-nullable property 'Name' must contain a non-null value when exiting constructor. Consider declaring the property as nullable. [/home/ubuntu/PROGRAMA-BETA/src/FiveMTool.csproj]
/home/ubuntu/PROGRAMA-BETA/src/External/CodeWalker.Core/World/Weather.cs(276,23): warning CS8618: Non-nullable property 'OldSettingName' must contain a non-null value when exiting constructor. Consider declaring the property as nullable. [/home/ubuntu/PROGRAMA-BETA/src/FiveMTool.csproj]
/home/ubuntu/PROGRAMA-BETA/src/External/CodeWalker.Core/World/Weather.cs(277,23): warning CS8618: Non-nullable property 'DropSettingName' must contain a non-null value when exiting constructor. Consider declaring the property as nullable. [/home/ubuntu/PROGRAMA-BETA/src/FiveMTool.csproj]
/home/ubuntu/PROGRAMA-BETA/src/External/CodeWalker.Core/World/Weather.cs(278,23): warning CS8618: Non-nullable property 'MistSettingName' must contain a non-null value when exiting constructor. Consider declaring the property as nullable. [/home/ubuntu/PROGRAMA-BETA/src/FiveMTool.csproj]
/home/ubuntu/PROGRAMA-BETA/src/External/CodeWalker.Core/World/Weather.cs(279,23): warning CS8618: Non-nullable property 'GroundSettingName' must contain a non-null value when exiting constructor. Consider declaring the property as nullable. [/home/ubuntu/PROGRAMA-BETA/src/FiveMTool.csproj]
/home/ubuntu/PROGRAMA-BETA/src/External/CodeWalker.Core/World/Weather.cs(280,23): warning CS8618: Non-nullable property 'TimeCycleFilename' must contain a non-null value when exiting constructor. Consider declaring the property as nullable. [/home/ubuntu/PROGRAMA-BETA/src/FiveMTool.csproj]
/home/ubuntu/PROGRAMA-BETA/src/External/CodeWalker.Core/World/Weather.cs(281,23): warning CS8618: Non-nullable property 'CloudSettingsName' must contain a non-null value when exiting constructor. Consider declaring the property as nullable. [/home/ubuntu/PROGRAMA-BETA/src/FiveMTool.csproj]
/home/ubuntu/PROGRAMA-BETA/src/External/CodeWalker.Core/World/Weather.cs(283,41): warning CS8618: Non-nullable field 'TimeCycleData' must contain a non-null value when exiting constructor. Consider declaring the field as nullable. [/home/ubuntu/PROGRAMA-BETA/src/FiveMTool.csproj]
/home/ubuntu/PROGRAMA-BETA/src/SceneSystem/IMLOSystem.cs(13,23): warning CS8618: Non-nullable property 'Name' must contain a non-null value when exiting constructor. Consider declaring the property as nullable. [/home/ubuntu/PROGRAMA-BETA/src/FiveMTool.csproj]
/home/ubuntu/PROGRAMA-BETA/src/SceneSystem/ICollisionSystem.cs(23,30): warning CS8618: Non-nullable property 'Vertices' must contain a non-null value when exiting constructor. Consider declaring the property as nullable. [/home/ubuntu/PROGRAMA-BETA/src/FiveMTool.csproj]
/home/ubuntu/PROGRAMA-BETA/src/SceneSystem/ICollisionSystem.cs(24,23): warning CS8618: Non-nullable property 'PhysicsMaterial' must contain a non-null value when exiting constructor. Consider declaring the property as nullable. [/home/ubuntu/PROGRAMA-BETA/src/FiveMTool.csproj]
/home/ubuntu/PROGRAMA-BETA/src/RenderEngine/DX11RenderEngine.cs(150,17): error CS0104: 'Vector3' is an ambiguous reference between 'System.Numerics.Vector3' and 'SharpDX.Vector3' [/home/ubuntu/PROGRAMA-BETA/src/FiveMTool.csproj]
/home/ubuntu/PROGRAMA-BETA/src/RenderEngine/DX11RenderEngine.cs(150,50): error CS0104: 'Vector3' is an ambiguous reference between 'System.Numerics.Vector3' and 'SharpDX.Vector3' [/home/ubuntu/PROGRAMA-BETA/src/FiveMTool.csproj]
/home/ubuntu/PROGRAMA-BETA/src/RenderEngine/DX11RenderEngine.cs(151,17): error CS0104: 'Vector3' is an ambiguous reference between 'System.Numerics.Vector3' and 'SharpDX.Vector3' [/home/ubuntu/PROGRAMA-BETA/src/FiveMTool.csproj]
/home/ubuntu/PROGRAMA-BETA/src/RenderEngine/DX11RenderEngine.cs(151,50): error CS0104: 'Vector3' is an ambiguous reference between 'System.Numerics.Vector3' and 'SharpDX.Vector3' [/home/ubuntu/PROGRAMA-BETA/src/FiveMTool.csproj]
/home/ubuntu/PROGRAMA-BETA/src/RenderEngine/DX11RenderEngine.cs(144,35): warning CS8600: Converting null literal or possible null value to non-nullable type. [/home/ubuntu/PROGRAMA-BETA/src/FiveMTool.csproj]
/home/ubuntu/PROGRAMA-BETA/src/RenderEngine/DX11RenderEngine.cs(163,20): warning CS8603: Possible null reference return. [/home/ubuntu/PROGRAMA-BETA/src/FiveMTool.csproj]
/home/ubuntu/PROGRAMA-BETA/src/External/CodeWalker.Core/World/Weather.cs(210,23): warning CS8618: Non-nullable property 'Name' must contain a non-null value when exiting constructor. Consider declaring the property as nullable. [/home/ubuntu/PROGRAMA-BETA/src/FiveMTool.csproj]
/home/ubuntu/PROGRAMA-BETA/src/External/CodeWalker.Core/World/Weather.cs(211,23): warning CS8618: Non-nullable property 'SystemType' must contain a non-null value when exiting constructor. Consider declaring the property as nullable. [/home/ubuntu/PROGRAMA-BETA/src/FiveMTool.csproj]
/home/ubuntu/PROGRAMA-BETA/src/External/CodeWalker.Core/World/Weather.cs(212,23): warning CS8618: Non-nullable property 'diffuseName' must contain a non-null value when exiting constructor. Consider declaring the property as nullable. [/home/ubuntu/PROGRAMA-BETA/src/FiveMTool.csproj]
/home/ubuntu/PROGRAMA-BETA/src/External/CodeWalker.Core/World/Weather.cs(213,23): warning CS8618: Non-nullable property 'distortionTexture' must contain a non-null value when exiting constructor. Consider declaring the property as nullable. [/home/ubuntu/PROGRAMA-BETA/src/FiveMTool.csproj]
/home/ubuntu/PROGRAMA-BETA/src/External/CodeWalker.Core/World/Weather.cs(214,23): warning CS8618: Non-nullable property 'diffuseSplashName' must contain a non-null value when exiting constructor. Consider declaring the property as nullable. [/home/ubuntu/PROGRAMA-BETA/src/FiveMTool.csproj]
/home/ubuntu/PROGRAMA-BETA/src/External/CodeWalker.Core/World/Weather.cs(215,23): warning CS8618: Non-nullable property 'driveType' must contain a non-null value when exiting constructor. Consider declaring the property as nullable. [/home/ubuntu/PROGRAMA-BETA/src/FiveMTool.csproj]
/home/ubuntu/PROGRAMA-BETA/src/External/CodeWalker.Core/World/Weather.cs(218,23): warning CS8618: Non-nullable property 'emitterSettingsName' must contain a non-null value when exiting constructor. Consider declaring the property as nullable. [/home/ubuntu/PROGRAMA-BETA/src/FiveMTool.csproj]
/home/ubuntu/PROGRAMA-BETA/src/External/CodeWalker.Core/World/Weather.cs(219,23): warning CS8618: Non-nullable property 'renderSettingsName' must contain a non-null value when exiting constructor. Consider declaring the property as nullable. [/home/ubuntu/PROGRAMA-BETA/src/FiveMTool.csproj]
/home/ubuntu/PROGRAMA-BETA/src/External/CodeWalker.Core/GameFiles/FileTypes/AwcFile.cs(801,31): warning CS8618: Non-nullable property 'Chunks' must contain a non-null value when exiting constructor. Consider declaring the property as nullable. [/home/ubuntu/PROGRAMA-BETA/src/FiveMTool.csproj]
/home/ubuntu/PROGRAMA-BETA/src/External/CodeWalker.Core/Utils/Fbx.cs(138,16): warning CS8618: Non-nullable field 'prevTokenSingle' must contain a non-null value when exiting constructor. Consider declaring the field as nullable. [/home/ubuntu/PROGRAMA-BETA/src/FiveMTool.csproj]
/home/ubuntu/PROGRAMA-BETA/src/External/CodeWalker.Core/Utils/Fbx.cs(138,16): warning CS8618: Non-nullable field 'prevToken' must contain a non-null value when exiting constructor. Consider declaring the field as nullable. [/home/ubuntu/PROGRAMA-BETA/src/FiveMTool.csproj]
/home/ubuntu/PROGRAMA-BETA/src/External/CodeWalker.Core/World/Weather.cs(47,34): warning CS8600: Converting null literal or possible null value to non-nullable type. [/home/ubuntu/PROGRAMA-BETA/src/FiveMTool.csproj]
/home/ubuntu/PROGRAMA-BETA/src/External/CodeWalker.Core/World/Weather.cs(49,40): warning CS8602: Dereference of a possibly null reference. [/home/ubuntu/PROGRAMA-BETA/src/FiveMTool.csproj]
/home/ubuntu/PROGRAMA-BETA/src/External/CodeWalker.Core/World/Weather.cs(49,40): warning CS8600: Converting null literal or possible null value to non-nullable type. [/home/ubuntu/PROGRAMA-BETA/src/FiveMTool.csproj]
/home/ubuntu/PROGRAMA-BETA/src/External/CodeWalker.Core/World/Weather.cs(51,33): warning CS8602: Dereference of a possibly null reference. [/home/ubuntu/PROGRAMA-BETA/src/FiveMTool.csproj]
/home/ubuntu/PROGRAMA-BETA/src/External/CodeWalker.Core/World/Weather.cs(54,36): warning CS8604: Possible null reference argument for parameter 'node' in 'void WeatherGpuFx.Init(XmlNode node)'. [/home/ubuntu/PROGRAMA-BETA/src/FiveMTool.csproj]
/home/ubuntu/PROGRAMA-BETA/src/External/CodeWalker.Core/World/Weather.cs(58,40): warning CS8600: Converting null literal or possible null value to non-nullable type. [/home/ubuntu/PROGRAMA-BETA/src/FiveMTool.csproj]
/home/ubuntu/PROGRAMA-BETA/src/External/CodeWalker.Core/World/Weather.cs(60,33): warning CS8602: Dereference of a possibly null reference. [/home/ubuntu/PROGRAMA-BETA/src/FiveMTool.csproj]
/home/ubuntu/PROGRAMA-BETA/src/External/CodeWalker.Core/World/Weather.cs(63,49): warning CS8604: Possible null reference argument for parameter 'node' in 'void WeatherType.Init(GameFileCache gameFileCache, XmlNode node)'. [/home/ubuntu/PROGRAMA-BETA/src/FiveMTool.csproj]
/home/ubuntu/PROGRAMA-BETA/src/External/CodeWalker.Core/World/Weather.cs(67,41): warning CS8600: Converting null literal or possible null value to non-nullable type. [/home/ubuntu/PROGRAMA-BETA/src/FiveMTool.csproj]
/home/ubuntu/PROGRAMA-BETA/src/External/CodeWalker.Core/World/Weather.cs(69,33): warning CS8602: Dereference of a possibly null reference. [/home/ubuntu/PROGRAMA-BETA/src/FiveMTool.csproj]
/home/ubuntu/PROGRAMA-BETA/src/External/CodeWalker.Core/World/Weather.cs(72,35): warning CS8604: Possible null reference argument for parameter 'node' in 'void WeatherCycle.Init(XmlNode node)'. [/home/ubuntu/PROGRAMA-BETA/src/FiveMTool.csproj]
/home/ubuntu/PROGRAMA-BETA/src/External/CodeWalker.Core/World/Weather.cs(122,48): warning CS8601: Possible null reference assignment. [/home/ubuntu/PROGRAMA-BETA/src/FiveMTool.csproj]
/home/ubuntu/PROGRAMA-BETA/src/External/CodeWalker.Core/Utils/Fbx.cs(714,45): warning CS8602: Dereference of a possibly null reference. [/home/ubuntu/PROGRAMA-BETA/src/FiveMTool.csproj]
/home/ubuntu/PROGRAMA-BETA/src/External/CodeWalker.Core/Utils/Fbx.cs(731,55): warning CS8602: Dereference of a possibly null reference. [/home/ubuntu/PROGRAMA-BETA/src/FiveMTool.csproj]
/home/ubuntu/PROGRAMA-BETA/src/External/CodeWalker.Core/World/Weather.cs(21,28): warning CS8618: Non-nullable field 'CurrentWeatherType' must contain a non-null value when exiting constructor. Consider declaring the field as nullable. [/home/ubuntu/PROGRAMA-BETA/src/FiveMTool.csproj]
/home/ubuntu/PROGRAMA-BETA/src/External/CodeWalker.Core/World/Weather.cs(22,28): warning CS8618: Non-nullable field 'NextWeatherType' must contain a non-null value when exiting constructor. Consider declaring the field as nullable. [/home/ubuntu/PROGRAMA-BETA/src/FiveMTool.csproj]
/home/ubuntu/PROGRAMA-BETA/src/External/CodeWalker.Core/World/Weather.cs(27,43): warning CS8618: Non-nullable field 'CurrentWeatherRegion' must contain a non-null value when exiting constructor. Consider declaring the field as nullable. [/home/ubuntu/PROGRAMA-BETA/src/FiveMTool.csproj]
/home/ubuntu/PROGRAMA-BETA/src/External/CodeWalker.Core/World/Weather.cs(28,43): warning CS8618: Non-nullable field 'NextWeatherRegion' must contain a non-null value when exiting constructor. Consider declaring the field as nullable. [/home/ubuntu/PROGRAMA-BETA/src/FiveMTool.csproj]
/home/ubuntu/PROGRAMA-BETA/src/External/CodeWalker.Core/World/Weather.cs(30,26): warning CS8618: Non-nullable field 'Timecycle' must contain a non-null value when exiting constructor. Consider declaring the field as nullable. [/home/ubuntu/PROGRAMA-BETA/src/FiveMTool.csproj]
/home/ubuntu/PROGRAMA-BETA/src/External/CodeWalker.Core/World/Weather.cs(31,30): warning CS8618: Non-nullable field 'TimecycleMods' must contain a non-null value when exiting constructor. Consider declaring the field as nullable. [/home/ubuntu/PROGRAMA-BETA/src/FiveMTool.csproj]
/home/ubuntu/PROGRAMA-BETA/src/External/CodeWalker.Core/GameFiles/FileTypes/AwcFile.cs(278,34): warning CS8602: Dereference of a possibly null reference. [/home/ubuntu/PROGRAMA-BETA/src/FiveMTool.csproj]
/home/ubuntu/PROGRAMA-BETA/src/External/CodeWalker.Core/GameFiles/FileTypes/AwcFile.cs(291,65): warning CS8602: Dereference of a possibly null reference. [/home/ubuntu/PROGRAMA-BETA/src/FiveMTool.csproj]
/home/ubuntu/PROGRAMA-BETA/src/External/CodeWalker.Core/GameFiles/FileTypes/AwcFile.cs(386,31): warning CS8604: Possible null reference argument for parameter 'source' in 'List<AwcStream> Enumerable.ToList<AwcStream>(IEnumerable<AwcStream> source)'. [/home/ubuntu/PROGRAMA-BETA/src/FiveMTool.csproj]
/home/ubuntu/PROGRAMA-BETA/src/External/CodeWalker.Core/GameFiles/FileTypes/AwcFile.cs(412,43): warning CS8602: Dereference of a possibly null reference. [/home/ubuntu/PROGRAMA-BETA/src/FiveMTool.csproj]
/home/ubuntu/PROGRAMA-BETA/src/External/CodeWalker.Core/GameFiles/FileTypes/AwcFile.cs(427,64): warning CS8604: Possible null reference argument for parameter 'streams' in 'void AwcStream.CompactMultiChannelSources(AwcStream[] streams)'. [/home/ubuntu/PROGRAMA-BETA/src/FiveMTool.csproj]
/home/ubuntu/PROGRAMA-BETA/src/External/CodeWalker.Core/GameFiles/FileTypes/AwcFile.cs(448,38): warning CS8603: Possible null reference return. [/home/ubuntu/PROGRAMA-BETA/src/FiveMTool.csproj]
/home/ubuntu/PROGRAMA-BETA/src/External/CodeWalker.Core/World/Weapon.cs(55,28): warning CS8601: Possible null reference assignment. [/home/ubuntu/PROGRAMA-BETA/src/FiveMTool.csproj]
/home/ubuntu/PROGRAMA-BETA/src/External/CodeWalker.Core/Utils/Fbx.cs(273,35): warning CS8625: Cannot convert null literal to non-nullable reference type. [/home/ubuntu/PROGRAMA-BETA/src/FiveMTool.csproj]
/home/ubuntu/PROGRAMA-BETA/src/External/CodeWalker.Core/Utils/Fbx.cs(283,28): warning CS8603: Possible null reference return. [/home/ubuntu/PROGRAMA-BETA/src/FiveMTool.csproj]
/home/ubuntu/PROGRAMA-BETA/src/External/CodeWalker.Core/Utils/Fbx.cs(307,32): warning CS8603: Possible null reference return. [/home/ubuntu/PROGRAMA-BETA/src/FiveMTool.csproj]
/home/ubuntu/PROGRAMA-BETA/src/External/CodeWalker.Core/World/Weapon.cs(19,44): warning CS8625: Cannot convert null literal to non-nullable reference type. [/home/ubuntu/PROGRAMA-BETA/src/FiveMTool.csproj]
/home/ubuntu/PROGRAMA-BETA/src/External/CodeWalker.Core/World/Weapon.cs(20,50): warning CS8625: Cannot convert null literal to non-nullable reference type. [/home/ubuntu/PROGRAMA-BETA/src/FiveMTool.csproj]
/home/ubuntu/PROGRAMA-BETA/src/External/CodeWalker.Core/Utils/Fbx.cs(379,29): warning CS8625: Cannot convert null literal to non-nullable reference type. [/home/ubuntu/PROGRAMA-BETA/src/FiveMTool.csproj]
/home/ubuntu/PROGRAMA-BETA/src/External/CodeWalker.Core/Utils/Fbx.cs(1203,24): warning CS8603: Possible null reference return. [/home/ubuntu/PROGRAMA-BETA/src/FiveMTool.csproj]
/home/ubuntu/PROGRAMA-BETA/src/External/CodeWalker.Core/World/Watermaps.cs(23,20): warning CS8603: Possible null reference return. [/home/ubuntu/PROGRAMA-BETA/src/FiveMTool.csproj]
/home/ubuntu/PROGRAMA-BETA/src/External/CodeWalker.Core/World/Watermaps.cs(78,33): warning CS8625: Cannot convert null literal to non-nullable reference type. [/home/ubuntu/PROGRAMA-BETA/src/FiveMTool.csproj]
/home/ubuntu/PROGRAMA-BETA/src/External/CodeWalker.Core/World/Watermaps.cs(86,33): warning CS8625: Cannot convert null literal to non-nullable reference type. [/home/ubuntu/PROGRAMA-BETA/src/FiveMTool.csproj]
/home/ubuntu/PROGRAMA-BETA/src/External/CodeWalker.Core/Utils/Fbx.cs(1356,17): warning CS8602: Dereference of a possibly null reference. [/home/ubuntu/PROGRAMA-BETA/src/FiveMTool.csproj]
/home/ubuntu/PROGRAMA-BETA/src/External/CodeWalker.Core/Utils/Fbx.cs(1548,24): warning CS8603: Possible null reference return. [/home/ubuntu/PROGRAMA-BETA/src/FiveMTool.csproj]
/home/ubuntu/PROGRAMA-BETA/src/External/CodeWalker.Core/Utils/Fbx.cs(1552,24): warning CS8603: Possible null reference return. [/home/ubuntu/PROGRAMA-BETA/src/FiveMTool.csproj]
/home/ubuntu/PROGRAMA-BETA/src/External/CodeWalker.Core/Utils/Fbx.cs(1581,51): warning CS8600: Converting null literal or possible null value to non-nullable type. [/home/ubuntu/PROGRAMA-BETA/src/FiveMTool.csproj]
/home/ubuntu/PROGRAMA-BETA/src/External/CodeWalker.Core/Utils/Fbx.cs(1582,51): warning CS8600: Converting null literal or possible null value to non-nullable type. [/home/ubuntu/PROGRAMA-BETA/src/FiveMTool.csproj]
/home/ubuntu/PROGRAMA-BETA/src/External/CodeWalker.Core/GameFiles/FileTypes/AwcFile.cs(666,44): warning CS8601: Possible null reference assignment. [/home/ubuntu/PROGRAMA-BETA/src/FiveMTool.csproj]
/home/ubuntu/PROGRAMA-BETA/src/External/CodeWalker.Core/GameFiles/FileTypes/AwcFile.cs(681,44): warning CS8625: Cannot convert null literal to non-nullable reference type. [/home/ubuntu/PROGRAMA-BETA/src/FiveMTool.csproj]
/home/ubuntu/PROGRAMA-BETA/src/External/CodeWalker.Core/Utils/Fbx.cs(1384,44): warning CS8600: Converting null literal or possible null value to non-nullable type. [/home/ubuntu/PROGRAMA-BETA/src/FiveMTool.csproj]
/home/ubuntu/PROGRAMA-BETA/src/External/CodeWalker.Core/Utils/Fbx.cs(1399,17): warning CS8602: Dereference of a possibly null reference. [/home/ubuntu/PROGRAMA-BETA/src/FiveMTool.csproj]
/home/ubuntu/PROGRAMA-BETA/src/External/CodeWalker.Core/GameFiles/FileTypes/AwcFile.cs(722,32): warning CS8625: Cannot convert null literal to non-nullable reference type. [/home/ubuntu/PROGRAMA-BETA/src/FiveMTool.csproj]
/home/ubuntu/PROGRAMA-BETA/src/External/CodeWalker.Core/Utils/Fbx.cs(1434,74): warning CS8604: Possible null reference argument for parameter 'key' in 'WriterInfo Dictionary<Type, WriterInfo>.this[Type key]'. [/home/ubuntu/PROGRAMA-BETA/src/FiveMTool.csproj]
/home/ubuntu/PROGRAMA-BETA/src/External/CodeWalker.Core/Utils/Fbx.cs(1434,40): warning CS8604: Possible null reference argument for parameter 'elementType' in 'void FbxBinaryWriter.WriteArray(Array array, Type elementType, PropertyWriter writer)'. [/home/ubuntu/PROGRAMA-BETA/src/FiveMTool.csproj]
/home/ubuntu/PROGRAMA-BETA/src/External/CodeWalker.Core/GameFiles/FileTypes/AwcFile.cs(15,23): warning CS8618: Non-nullable property 'Name' must contain a non-null value when exiting constructor. Consider declaring the property as nullable. [/home/ubuntu/PROGRAMA-BETA/src/FiveMTool.csproj]
/home/ubuntu/PROGRAMA-BETA/src/External/CodeWalker.Core/GameFiles/FileTypes/AwcFile.cs(16,29): warning CS8618: Non-nullable property 'FileEntry' must contain a non-null value when exiting constructor. Consider declaring the property as nullable. [/home/ubuntu/PROGRAMA-BETA/src/FiveMTool.csproj]
/home/ubuntu/PROGRAMA-BETA/src/External/CodeWalker.Core/GameFiles/FileTypes/AwcFile.cs(18,23): warning CS8618: Non-nullable property 'ErrorMessage' must contain a non-null value when exiting constructor. Consider declaring the property as nullable. [/home/ubuntu/PROGRAMA-BETA/src/FiveMTool.csproj]
/home/ubuntu/PROGRAMA-BETA/src/External/CodeWalker.Core/GameFiles/FileTypes/AwcFile.cs(31,25): warning CS8618: Non-nullable property 'ChunkIndices' must contain a non-null value when exiting constructor. Consider declaring the property as nullable. [/home/ubuntu/PROGRAMA-BETA/src/FiveMTool.csproj]
/home/ubuntu/PROGRAMA-BETA/src/External/CodeWalker.Core/GameFiles/FileTypes/AwcFile.cs(32,31): warning CS8618: Non-nullable property 'ChunkInfos' must contain a non-null value when exiting constructor. Consider declaring the property as nullable. [/home/ubuntu/PROGRAMA-BETA/src/FiveMTool.csproj]
/home/ubuntu/PROGRAMA-BETA/src/External/CodeWalker.Core/GameFiles/FileTypes/AwcFile.cs(36,32): warning CS8618: Non-nullable property 'StreamInfos' must contain a non-null value when exiting constructor. Consider declaring the property as nullable. [/home/ubuntu/PROGRAMA-BETA/src/FiveMTool.csproj]
/home/ubuntu/PROGRAMA-BETA/src/External/CodeWalker.Core/GameFiles/FileTypes/AwcFile.cs(37,28): warning CS8618: Non-nullable property 'Streams' must contain a non-null value when exiting constructor. Consider declaring the property as nullable. [/home/ubuntu/PROGRAMA-BETA/src/FiveMTool.csproj]
/home/ubuntu/PROGRAMA-BETA/src/External/CodeWalker.Core/GameFiles/FileTypes/AwcFile.cs(38,26): warning CS8618: Non-nullable property 'MultiChannelSource' must contain a non-null value when exiting constructor. Consider declaring the property as nullable. [/home/ubuntu/PROGRAMA-BETA/src/FiveMTool.csproj]
/home/ubuntu/PROGRAMA-BETA/src/External/CodeWalker.Core/GameFiles/FileTypes/AwcFile.cs(40,44): warning CS8618: Non-nullable property 'StreamDict' must contain a non-null value when exiting constructor. Consider declaring the property as nullable. [/home/ubuntu/PROGRAMA-BETA/src/FiveMTool.csproj]
/home/ubuntu/PROGRAMA-BETA/src/External/CodeWalker.Core/GameFiles/FileTypes/AwcFile.cs(1052,44): warning CS8602: Dereference of a possibly null reference. [/home/ubuntu/PROGRAMA-BETA/src/FiveMTool.csproj]
/home/ubuntu/PROGRAMA-BETA/src/External/CodeWalker.Core/GameFiles/FileTypes/AwcFile.cs(1064,16): warning CS8618: Non-nullable property 'Chunks' must contain a non-null value when exiting constructor. Consider declaring the property as nullable. [/home/ubuntu/PROGRAMA-BETA/src/FiveMTool.csproj]
/home/ubuntu/PROGRAMA-BETA/src/External/CodeWalker.Core/GameFiles/FileTypes/AwcFile.cs(1064,16): warning CS8618: Non-nullable property 'FormatChunk' must contain a non-null value when exiting constructor. Consider declaring the property as nullable. [/home/ubuntu/PROGRAMA-BETA/src/FiveMTool.csproj]
/home/ubuntu/PROGRAMA-BETA/src/External/CodeWalker.Core/GameFiles/FileTypes/AwcFile.cs(1064,16): warning CS8618: Non-nullable property 'DataChunk' must contain a non-null value when exiting constructor. Consider declaring the property as nullable. [/home/ubuntu/PROGRAMA-BETA/src/FiveMTool.csproj]
/home/ubuntu/PROGRAMA-BETA/src/External/CodeWalker.Core/GameFiles/FileTypes/AwcFile.cs(1064,16): warning CS8618: Non-nullable property 'AnimationChunk' must contain a non-null value when exiting constructor. Consider declaring the property as nullable. [/home/ubuntu/PROGRAMA-BETA/src/FiveMTool.csproj]
/home/ubuntu/PROGRAMA-BETA/src/External/CodeWalker.Core/GameFiles/FileTypes/AwcFile.cs(1064,16): warning CS8618: Non-nullable property 'GestureChunk' must contain a non-null value when exiting constructor. Consider declaring the property as nullable. [/home/ubuntu/PROGRAMA-BETA/src/FiveMTool.csproj]
/home/ubuntu/PROGRAMA-BETA/src/External/CodeWalker.Core/GameFiles/FileTypes/AwcFile.cs(1064,16): warning CS8618: Non-nullable property 'PeakChunk' must contain a non-null value when exiting constructor. Consider declaring the property as nullable. [/home/ubuntu/PROGRAMA-BETA/src/FiveMTool.csproj]
/home/ubuntu/PROGRAMA-BETA/src/External/CodeWalker.Core/GameFiles/FileTypes/AwcFile.cs(1064,16): warning CS8618: Non-nullable property 'MidiChunk' must contain a non-null value when exiting constructor. Consider declaring the property as nullable. [/home/ubuntu/PROGRAMA-BETA/src/FiveMTool.csproj]
/home/ubuntu/PROGRAMA-BETA/src/External/CodeWalker.Core/GameFiles/FileTypes/AwcFile.cs(1064,16): warning CS8618: Non-nullable property 'MarkersChunk' must contain a non-null value when exiting constructor. Consider declaring the property as nullable. [/home/ubuntu/PROGRAMA-BETA/src/FiveMTool.csproj]
/home/ubuntu/PROGRAMA-BETA/src/External/CodeWalker.Core/GameFiles/FileTypes/AwcFile.cs(1064,16): warning CS8618: Non-nullable property 'GranularGrainsChunk' must contain a non-null value when exiting constructor. Consider declaring the property as nullable. [/home/ubuntu/PROGRAMA-BETA/src/FiveMTool.csproj]
/home/ubuntu/PROGRAMA-BETA/src/External/CodeWalker.Core/GameFiles/FileTypes/AwcFile.cs(1064,16): warning CS8618: Non-nullable property 'GranularLoopsChunk' must contain a non-null value when exiting constructor. Consider declaring the property as nullable. [/home/ubuntu/PROGRAMA-BETA/src/FiveMTool.csproj]
/home/ubuntu/PROGRAMA-BETA/src/External/CodeWalker.Core/GameFiles/FileTypes/AwcFile.cs(1064,16): warning CS8618: Non-nullable property 'StreamFormatChunk' must contain a non-null value when exiting constructor. Consider declaring the property as nullable. [/home/ubuntu/PROGRAMA-BETA/src/FiveMTool.csproj]
/home/ubuntu/PROGRAMA-BETA/src/External/CodeWalker.Core/GameFiles/FileTypes/AwcFile.cs(1064,16): warning CS8618: Non-nullable property 'SeekTableChunk' must contain a non-null value when exiting constructor. Consider declaring the property as nullable. [/home/ubuntu/PROGRAMA-BETA/src/FiveMTool.csproj]
/home/ubuntu/PROGRAMA-BETA/src/External/CodeWalker.Core/GameFiles/FileTypes/AwcFile.cs(1064,16): warning CS8618: Non-nullable property 'ChannelStreams' must contain a non-null value when exiting constructor. Consider declaring the property as nullable. [/home/ubuntu/PROGRAMA-BETA/src/FiveMTool.csproj]
/home/ubuntu/PROGRAMA-BETA/src/External/CodeWalker.Core/GameFiles/FileTypes/AwcFile.cs(1064,16): warning CS8618: Non-nullable property 'StreamSource' must contain a non-null value when exiting constructor. Consider declaring the property as nullable. [/home/ubuntu/PROGRAMA-BETA/src/FiveMTool.csproj]
/home/ubuntu/PROGRAMA-BETA/src/External/CodeWalker.Core/GameFiles/FileTypes/AwcFile.cs(1064,16): warning CS8618: Non-nullable property 'StreamFormat' must contain a non-null value when exiting constructor. Consider declaring the property as nullable. [/home/ubuntu/PROGRAMA-BETA/src/FiveMTool.csproj]
/home/ubuntu/PROGRAMA-BETA/src/External/CodeWalker.Core/GameFiles/FileTypes/AwcFile.cs(1064,16): warning CS8618: Non-nullable property 'StreamBlocks' must contain a non-null value when exiting constructor. Consider declaring the property as nullable. [/home/ubuntu/PROGRAMA-BETA/src/FiveMTool.csproj]
/home/ubuntu/PROGRAMA-BETA/src/External/CodeWalker.Core/GameFiles/FileTypes/AwcFile.cs(1064,16): warning CS8618: Non-nullable field 'CachedName' must contain a non-null value when exiting constructor. Consider declaring the field as nullable. [/home/ubuntu/PROGRAMA-BETA/src/FiveMTool.csproj]
/home/ubuntu/PROGRAMA-BETA/src/External/CodeWalker.Core/GameFiles/FileTypes/AwcFile.cs(1069,16): warning CS8618: Non-nullable property 'Chunks' must contain a non-null value when exiting constructor. Consider declaring the property as nullable. [/home/ubuntu/PROGRAMA-BETA/src/FiveMTool.csproj]
/home/ubuntu/PROGRAMA-BETA/src/External/CodeWalker.Core/GameFiles/FileTypes/AwcFile.cs(1069,16): warning CS8618: Non-nullable property 'FormatChunk' must contain a non-null value when exiting constructor. Consider declaring the property as nullable. [/home/ubuntu/PROGRAMA-BETA/src/FiveMTool.csproj]
/home/ubuntu/PROGRAMA-BETA/src/External/CodeWalker.Core/GameFiles/FileTypes/AwcFile.cs(1069,16): warning CS8618: Non-nullable property 'DataChunk' must contain a non-null value when exiting constructor. Consider declaring the property as nullable. [/home/ubuntu/PROGRAMA-BETA/src/FiveMTool.csproj]
/home/ubuntu/PROGRAMA-BETA/src/External/CodeWalker.Core/GameFiles/FileTypes/AwcFile.cs(1069,16): warning CS8618: Non-nullable property 'AnimationChunk' must contain a non-null value when exiting constructor. Consider declaring the property as nullable. [/home/ubuntu/PROGRAMA-BETA/src/FiveMTool.csproj]
/home/ubuntu/PROGRAMA-BETA/src/External/CodeWalker.Core/GameFiles/FileTypes/AwcFile.cs(1069,16): warning CS8618: Non-nullable property 'GestureChunk' must contain a non-null value when exiting constructor. Consider declaring the property as nullable. [/home/ubuntu/PROGRAMA-BETA/src/FiveMTool.csproj]
/home/ubuntu/PROGRAMA-BETA/src/External/CodeWalker.Core/GameFiles/FileTypes/AwcFile.cs(1069,16): warning CS8618: Non-nullable property 'PeakChunk' must contain a non-null value when exiting constructor. Consider declaring the property as nullable. [/home/ubuntu/PROGRAMA-BETA/src/FiveMTool.csproj]
/home/ubuntu/PROGRAMA-BETA/src/External/CodeWalker.Core/GameFiles/FileTypes/AwcFile.cs(1069,16): warning CS8618: Non-nullable property 'MidiChunk' must contain a non-null value when exiting constructor. Consider declaring the property as nullable. [/home/ubuntu/PROGRAMA-BETA/src/FiveMTool.csproj]
/home/ubuntu/PROGRAMA-BETA/src/External/CodeWalker.Core/GameFiles/FileTypes/AwcFile.cs(1069,16): warning CS8618: Non-nullable property 'MarkersChunk' must contain a non-null value when exiting constructor. Consider declaring the property as nullable. [/home/ubuntu/PROGRAMA-BETA/src/FiveMTool.csproj]
/home/ubuntu/PROGRAMA-BETA/src/External/CodeWalker.Core/GameFiles/FileTypes/AwcFile.cs(1069,16): warning CS8618: Non-nullable property 'GranularGrainsChunk' must contain a non-null value when exiting constructor. Consider declaring the property as nullable. [/home/ubuntu/PROGRAMA-BETA/src/FiveMTool.csproj]
/home/ubuntu/PROGRAMA-BETA/src/External/CodeWalker.Core/GameFiles/FileTypes/AwcFile.cs(1069,16): warning CS8618: Non-nullable property 'GranularLoopsChunk' must contain a non-null value when exiting constructor. Consider declaring the property as nullable. [/home/ubuntu/PROGRAMA-BETA/src/FiveMTool.csproj]
/home/ubuntu/PROGRAMA-BETA/src/External/CodeWalker.Core/GameFiles/FileTypes/AwcFile.cs(1069,16): warning CS8618: Non-nullable property 'StreamFormatChunk' must contain a non-null value when exiting constructor. Consider declaring the property as nullable. [/home/ubuntu/PROGRAMA-BETA/src/FiveMTool.csproj]
/home/ubuntu/PROGRAMA-BETA/src/External/CodeWalker.Core/GameFiles/FileTypes/AwcFile.cs(1069,16): warning CS8618: Non-nullable property 'SeekTableChunk' must contain a non-null value when exiting constructor. Consider declaring the property as nullable. [/home/ubuntu/PROGRAMA-BETA/src/FiveMTool.csproj]
/home/ubuntu/PROGRAMA-BETA/src/External/CodeWalker.Core/GameFiles/FileTypes/AwcFile.cs(1069,16): warning CS8618: Non-nullable property 'ChannelStreams' must contain a non-null value when exiting constructor. Consider declaring the property as nullable. [/home/ubuntu/PROGRAMA-BETA/src/FiveMTool.csproj]
/home/ubuntu/PROGRAMA-BETA/src/External/CodeWalker.Core/GameFiles/FileTypes/AwcFile.cs(1069,16): warning CS8618: Non-nullable property 'StreamSource' must contain a non-null value when exiting constructor. Consider declaring the property as nullable. [/home/ubuntu/PROGRAMA-BETA/src/FiveMTool.csproj]
/home/ubuntu/PROGRAMA-BETA/src/External/CodeWalker.Core/GameFiles/FileTypes/AwcFile.cs(1069,16): warning CS8618: Non-nullable property 'StreamFormat' must contain a non-null value when exiting constructor. Consider declaring the property as nullable. [/home/ubuntu/PROGRAMA-BETA/src/FiveMTool.csproj]
/home/ubuntu/PROGRAMA-BETA/src/External/CodeWalker.Core/GameFiles/FileTypes/AwcFile.cs(1069,16): warning CS8618: Non-nullable property 'StreamBlocks' must contain a non-null value when exiting constructor. Consider declaring the property as nullable. [/home/ubuntu/PROGRAMA-BETA/src/FiveMTool.csproj]
/home/ubuntu/PROGRAMA-BETA/src/External/CodeWalker.Core/GameFiles/FileTypes/AwcFile.cs(1069,16): warning CS8618: Non-nullable field 'CachedName' must contain a non-null value when exiting constructor. Consider declaring the field as nullable. [/home/ubuntu/PROGRAMA-BETA/src/FiveMTool.csproj]
/home/ubuntu/PROGRAMA-BETA/src/External/CodeWalker.Core/Utils/Fbx.cs(560,28): warning CS8603: Possible null reference return. [/home/ubuntu/PROGRAMA-BETA/src/FiveMTool.csproj]
/home/ubuntu/PROGRAMA-BETA/src/External/CodeWalker.Core/Utils/Fbx.cs(612,32): warning CS8625: Cannot convert null literal to non-nullable reference type. [/home/ubuntu/PROGRAMA-BETA/src/FiveMTool.csproj]
/home/ubuntu/PROGRAMA-BETA/src/External/CodeWalker.Core/GameFiles/FileTypes/AwcFile.cs(1087,31): warning CS8604: Possible null reference argument for parameter 'item' in 'void List<AwcChunk>.Add(AwcChunk item)'. [/home/ubuntu/PROGRAMA-BETA/src/FiveMTool.csproj]
/home/ubuntu/PROGRAMA-BETA/src/External/CodeWalker.Core/Utils/Fbx.cs(1672,26): warning CS8603: Possible null reference return. [/home/ubuntu/PROGRAMA-BETA/src/FiveMTool.csproj]
/home/ubuntu/PROGRAMA-BETA/src/External/CodeWalker.Core/GameFiles/FileTypes/AwcFile.cs(1110,32): warning CS8600: Converting null literal or possible null value to non-nullable type. [/home/ubuntu/PROGRAMA-BETA/src/FiveMTool.csproj]
/home/ubuntu/PROGRAMA-BETA/src/External/CodeWalker.Core/GameFiles/FileTypes/AwcFile.cs(1114,29): warning CS8600: Converting null literal or possible null value to non-nullable type. [/home/ubuntu/PROGRAMA-BETA/src/FiveMTool.csproj]
/home/ubuntu/PROGRAMA-BETA/src/External/CodeWalker.Core/GameFiles/FileTypes/AwcFile.cs(1119,29): warning CS8600: Converting null literal or possible null value to non-nullable type. [/home/ubuntu/PROGRAMA-BETA/src/FiveMTool.csproj]
/home/ubuntu/PROGRAMA-BETA/src/External/CodeWalker.Core/GameFiles/FileTypes/AwcFile.cs(1131,54): warning CS8604: Possible null reference argument for parameter 'bytes' in 'void File.WriteAllBytes(string path, byte[] bytes)'. [/home/ubuntu/PROGRAMA-BETA/src/FiveMTool.csproj]
/home/ubuntu/PROGRAMA-BETA/src/External/CodeWalker.Core/GameFiles/FileTypes/AwcFile.cs(1146,37): warning CS8602: Dereference of a possibly null reference. [/home/ubuntu/PROGRAMA-BETA/src/FiveMTool.csproj]
/home/ubuntu/PROGRAMA-BETA/src/External/CodeWalker.Core/Utils/Fbx.cs(1651,23): warning CS8618: Non-nullable property 'Name' must contain a non-null value when exiting constructor. Consider declaring the property as nullable. [/home/ubuntu/PROGRAMA-BETA/src/FiveMTool.csproj]
/home/ubuntu/PROGRAMA-BETA/src/External/CodeWalker.Core/Utils/Fbx.cs(1488,31): warning CS8625: Cannot convert null literal to non-nullable reference type. [/home/ubuntu/PROGRAMA-BETA/src/FiveMTool.csproj]
/home/ubuntu/PROGRAMA-BETA/src/External/CodeWalker.Core/Utils/Fbx.cs(1514,23): warning CS8625: Cannot convert null literal to non-nullable reference type. [/home/ubuntu/PROGRAMA-BETA/src/FiveMTool.csproj]
/home/ubuntu/PROGRAMA-BETA/src/External/CodeWalker.Core/GameFiles/FileTypes/AwcFile.cs(1171,43): warning CS8602: Dereference of a possibly null reference. [/home/ubuntu/PROGRAMA-BETA/src/FiveMTool.csproj]
/home/ubuntu/PROGRAMA-BETA/src/External/CodeWalker.Core/GameFiles/FileTypes/AwcFile.cs(1177,31): warning CS8604: Possible null reference argument for parameter 'item' in 'void List<AwcChunk>.Add(AwcChunk item)'. [/home/ubuntu/PROGRAMA-BETA/src/FiveMTool.csproj]
/home/ubuntu/PROGRAMA-BETA/src/External/CodeWalker.Core/Utils/Fbx.cs(1712,57): warning CS8603: Possible null reference return. [/home/ubuntu/PROGRAMA-BETA/src/FiveMTool.csproj]
/home/ubuntu/PROGRAMA-BETA/src/External/CodeWalker.Core/Utils/Fbx.cs(1731,20): warning CS8603: Possible null reference return. [/home/ubuntu/PROGRAMA-BETA/src/FiveMTool.csproj]
/home/ubuntu/PROGRAMA-BETA/src/External/CodeWalker.Core/GameFiles/FileTypes/AwcFile.cs(1227,20): warning CS8603: Possible null reference return. [/home/ubuntu/PROGRAMA-BETA/src/FiveMTool.csproj]
/home/ubuntu/PROGRAMA-BETA/src/External/CodeWalker.Core/Utils/FbxConverter.cs(22,24): warning CS8603: Possible null reference return. [/home/ubuntu/PROGRAMA-BETA/src/FiveMTool.csproj]
/home/ubuntu/PROGRAMA-BETA/src/External/CodeWalker.Core/World/Watermaps.cs(97,35): error CS0104: 'Color' is an ambiguous reference between 'System.Drawing.Color' and 'SharpDX.Color' [/home/ubuntu/PROGRAMA-BETA/src/FiveMTool.csproj]
/home/ubuntu/PROGRAMA-BETA/src/External/CodeWalker.Core/World/Watermaps.cs(206,38): error CS0121: The call is ambiguous between the following methods or properties: 'CodeWalker.Vectors.XYZ(SharpDX.Vector4)' and 'CodeWalker.Vectors.XYZ(SharpDX.Vector4)' [/home/ubuntu/PROGRAMA-BETA/src/FiveMTool.csproj]
/home/ubuntu/PROGRAMA-BETA/src/External/CodeWalker.Core/World/Watermaps.cs(206,49): error CS0121: The call is ambiguous between the following methods or properties: 'CodeWalker.Vectors.XYZ(SharpDX.Vector4)' and 'CodeWalker.Vectors.XYZ(SharpDX.Vector4)' [/home/ubuntu/PROGRAMA-BETA/src/FiveMTool.csproj]
/home/ubuntu/PROGRAMA-BETA/src/External/CodeWalker.Core/World/Watermaps.cs(214,42): error CS0121: The call is ambiguous between the following methods or properties: 'CodeWalker.Vectors.XYZ(SharpDX.Vector4)' and 'CodeWalker.Vectors.XYZ(SharpDX.Vector4)' [/home/ubuntu/PROGRAMA-BETA/src/FiveMTool.csproj]
/home/ubuntu/PROGRAMA-BETA/src/External/CodeWalker.Core/World/Watermaps.cs(215,42): error CS0121: The call is ambiguous between the following methods or properties: 'CodeWalker.Vectors.XYZ(SharpDX.Vector4)' and 'CodeWalker.Vectors.XYZ(SharpDX.Vector4)' [/home/ubuntu/PROGRAMA-BETA/src/FiveMTool.csproj]
/home/ubuntu/PROGRAMA-BETA/src/External/CodeWalker.Core/World/Watermaps.cs(216,42): error CS0121: The call is ambiguous between the following methods or properties: 'CodeWalker.Vectors.XYZ(SharpDX.Vector4)' and 'CodeWalker.Vectors.XYZ(SharpDX.Vector4)' [/home/ubuntu/PROGRAMA-BETA/src/FiveMTool.csproj]
/home/ubuntu/PROGRAMA-BETA/src/External/CodeWalker.Core/World/Watermaps.cs(217,42): error CS0121: The call is ambiguous between the following methods or properties: 'CodeWalker.Vectors.XYZ(SharpDX.Vector4)' and 'CodeWalker.Vectors.XYZ(SharpDX.Vector4)' [/home/ubuntu/PROGRAMA-BETA/src/FiveMTool.csproj]
/home/ubuntu/PROGRAMA-BETA/src/External/CodeWalker.Core/World/Watermaps.cs(218,50): error CS0121: The call is ambiguous between the following methods or properties: 'CodeWalker.Vectors.XYZ(SharpDX.Vector4)' and 'CodeWalker.Vectors.XYZ(SharpDX.Vector4)' [/home/ubuntu/PROGRAMA-BETA/src/FiveMTool.csproj]
/home/ubuntu/PROGRAMA-BETA/src/External/CodeWalker.Core/World/Watermaps.cs(219,51): error CS0121: The call is ambiguous between the following methods or properties: 'CodeWalker.Vectors.XYZ(SharpDX.Vector4)' and 'CodeWalker.Vectors.XYZ(SharpDX.Vector4)' [/home/ubuntu/PROGRAMA-BETA/src/FiveMTool.csproj]
/home/ubuntu/PROGRAMA-BETA/src/External/CodeWalker.Core/World/Watermaps.cs(12,30): warning CS8618: Non-nullable field 'GameFileCache' must contain a non-null value when exiting constructor. Consider declaring the field as nullable. [/home/ubuntu/PROGRAMA-BETA/src/FiveMTool.csproj]
/home/ubuntu/PROGRAMA-BETA/src/External/CodeWalker.Core/World/Watermaps.cs(30,26): warning CS8618: Non-nullable field 'NodePositions' must contain a non-null value when exiting constructor. Consider declaring the field as nullable. [/home/ubuntu/PROGRAMA-BETA/src/FiveMTool.csproj]
/home/ubuntu/PROGRAMA-BETA/src/External/CodeWalker.Core/World/Watermaps.cs(31,31): warning CS8618: Non-nullable field 'TriangleVerts' must contain a non-null value when exiting constructor. Consider declaring the field as nullable. [/home/ubuntu/PROGRAMA-BETA/src/FiveMTool.csproj]
/home/ubuntu/PROGRAMA-BETA/src/External/CodeWalker.Core/Utils/FbxConverter.cs(910,23): warning CS8618: Non-nullable property 'Name' must contain a non-null value when exiting constructor. Consider declaring the property as nullable. [/home/ubuntu/PROGRAMA-BETA/src/FiveMTool.csproj]
/home/ubuntu/PROGRAMA-BETA/src/External/CodeWalker.Core/Utils/FbxConverter.cs(911,24): warning CS8618: Non-nullable property 'Node' must contain a non-null value when exiting constructor. Consider declaring the property as nullable. [/home/ubuntu/PROGRAMA-BETA/src/FiveMTool.csproj]
/home/ubuntu/PROGRAMA-BETA/src/External/CodeWalker.Core/Utils/FbxConverter.cs(912,30): warning CS8618: Non-nullable property 'Model' must contain a non-null value when exiting constructor. Consider declaring the property as nullable. [/home/ubuntu/PROGRAMA-BETA/src/FiveMTool.csproj]
/home/ubuntu/PROGRAMA-BETA/src/External/CodeWalker.Core/GameFiles/FileTypes/AwcFile.cs(1268,58): warning CS8602: Dereference of a possibly null reference. [/home/ubuntu/PROGRAMA-BETA/src/FiveMTool.csproj]
/home/ubuntu/PROGRAMA-BETA/src/External/CodeWalker.Core/GameFiles/FileTypes/AwcFile.cs(1276,64): warning CS8604: Possible null reference argument for parameter 'channelInfo' in 'AwcStreamDataBlock.AwcStreamDataBlock(byte[] data, AwcStreamFormatChunk channelInfo, Endianess endianess, int sampleOffset)'. [/home/ubuntu/PROGRAMA-BETA/src/FiveMTool.csproj]
/home/ubuntu/PROGRAMA-BETA/src/External/CodeWalker.Core/Utils/FbxConverter.cs(922,28): warning CS8618: Non-nullable property 'Vertices' must contain a non-null value when exiting constructor. Consider declaring the property as nullable. [/home/ubuntu/PROGRAMA-BETA/src/FiveMTool.csproj]
/home/ubuntu/PROGRAMA-BETA/src/External/CodeWalker.Core/Utils/FbxConverter.cs(923,26): warning CS8618: Non-nullable property 'Materials' must contain a non-null value when exiting constructor. Consider declaring the property as nullable. [/home/ubuntu/PROGRAMA-BETA/src/FiveMTool.csproj]
/home/ubuntu/PROGRAMA-BETA/src/External/CodeWalker.Core/GameFiles/FileTypes/AwcFile.cs(1298,30): warning CS8602: Dereference of a possibly null reference. [/home/ubuntu/PROGRAMA-BETA/src/FiveMTool.csproj]
/home/ubuntu/PROGRAMA-BETA/src/External/CodeWalker.Core/GameFiles/FileTypes/AwcFile.cs(1307,37): warning CS8602: Dereference of a possibly null reference. [/home/ubuntu/PROGRAMA-BETA/src/FiveMTool.csproj]
/home/ubuntu/PROGRAMA-BETA/src/External/CodeWalker.Core/GameFiles/FileTypes/AwcFile.cs(1319,64): warning CS8602: Dereference of a possibly null reference. [/home/ubuntu/PROGRAMA-BETA/src/FiveMTool.csproj]
/home/ubuntu/PROGRAMA-BETA/src/External/CodeWalker.Core/GameFiles/FileTypes/AwcFile.cs(1319,43): warning CS8601: Possible null reference assignment. [/home/ubuntu/PROGRAMA-BETA/src/FiveMTool.csproj]
/home/ubuntu/PROGRAMA-BETA/src/External/CodeWalker.Core/Utils/Fbx.cs(1338,45): warning CS8625: Cannot convert null literal to non-nullable reference type. [/home/ubuntu/PROGRAMA-BETA/src/FiveMTool.csproj]
/home/ubuntu/PROGRAMA-BETA/src/External/CodeWalker.Core/Utils/Fbx.cs(1339,57): warning CS8625: Cannot convert null literal to non-nullable reference type. [/home/ubuntu/PROGRAMA-BETA/src/FiveMTool.csproj]
/home/ubuntu/PROGRAMA-BETA/src/External/CodeWalker.Core/Utils/Fbx.cs(1340,57): warning CS8625: Cannot convert null literal to non-nullable reference type. [/home/ubuntu/PROGRAMA-BETA/src/FiveMTool.csproj]
/home/ubuntu/PROGRAMA-BETA/src/External/CodeWalker.Core/Utils/Fbx.cs(1341,57): warning CS8625: Cannot convert null literal to non-nullable reference type. [/home/ubuntu/PROGRAMA-BETA/src/FiveMTool.csproj]
/home/ubuntu/PROGRAMA-BETA/src/External/CodeWalker.Core/Utils/Fbx.cs(1342,57): warning CS8625: Cannot convert null literal to non-nullable reference type. [/home/ubuntu/PROGRAMA-BETA/src/FiveMTool.csproj]
/home/ubuntu/PROGRAMA-BETA/src/External/CodeWalker.Core/Utils/FbxConverter.cs(971,13): error CS0104: 'Color' is an ambiguous reference between 'System.Drawing.Color' and 'SharpDX.Color' [/home/ubuntu/PROGRAMA-BETA/src/FiveMTool.csproj]
/home/ubuntu/PROGRAMA-BETA/src/External/CodeWalker.Core/Utils/FbxConverter.cs(971,27): error CS0104: 'Color' is an ambiguous reference between 'System.Drawing.Color' and 'SharpDX.Color' [/home/ubuntu/PROGRAMA-BETA/src/FiveMTool.csproj]
/home/ubuntu/PROGRAMA-BETA/src/External/CodeWalker.Core/Utils/FbxConverter.cs(978,27): warning CS8604: Possible null reference argument for parameter 'other' in 'bool FbxVertex.Equals(FbxVertex other)'. [/home/ubuntu/PROGRAMA-BETA/src/FiveMTool.csproj]
/home/ubuntu/PROGRAMA-BETA/src/External/CodeWalker.Core/GameFiles/FileTypes/AwcFile.cs(1707,16): warning CS8618: Non-nullable property 'Data' must contain a non-null value when exiting constructor. Consider declaring the property as nullable. [/home/ubuntu/PROGRAMA-BETA/src/FiveMTool.csproj]
/home/ubuntu/PROGRAMA-BETA/src/External/CodeWalker.Core/GameFiles/FileTypes/AwcFile.cs(1720,50): warning CS8604: Possible null reference argument for parameter 'text' in 'void MetaXmlBase.StringTag(StringBuilder sb, int indent, string name, string text)'. [/home/ubuntu/PROGRAMA-BETA/src/FiveMTool.csproj]
/home/ubuntu/PROGRAMA-BETA/src/External/CodeWalker.Core/Utils/FbxConverter.cs(929,26): warning CS8618: Non-nullable property 'Normals' must contain a non-null value when exiting constructor. Consider declaring the property as nullable. [/home/ubuntu/PROGRAMA-BETA/src/FiveMTool.csproj]
/home/ubuntu/PROGRAMA-BETA/src/External/CodeWalker.Core/Utils/FbxConverter.cs(930,26): warning CS8618: Non-nullable property 'Binormals' must contain a non-null value when exiting constructor. Consider declaring the property as nullable. [/home/ubuntu/PROGRAMA-BETA/src/FiveMTool.csproj]
/home/ubuntu/PROGRAMA-BETA/src/External/CodeWalker.Core/Utils/FbxConverter.cs(931,26): warning CS8618: Non-nullable property 'Tangents' must contain a non-null value when exiting constructor. Consider declaring the property as nullable. [/home/ubuntu/PROGRAMA-BETA/src/FiveMTool.csproj]
/home/ubuntu/PROGRAMA-BETA/src/External/CodeWalker.Core/Utils/FbxConverter.cs(932,26): warning CS8618: Non-nullable property 'Texcoords' must contain a non-null value when exiting constructor. Consider declaring the property as nullable. [/home/ubuntu/PROGRAMA-BETA/src/FiveMTool.csproj]
/home/ubuntu/PROGRAMA-BETA/src/External/CodeWalker.Core/Utils/FbxConverter.cs(933,26): warning CS8618: Non-nullable property 'Colours' must contain a non-null value when exiting constructor. Consider declaring the property as nullable. [/home/ubuntu/PROGRAMA-BETA/src/FiveMTool.csproj]
/home/ubuntu/PROGRAMA-BETA/src/External/CodeWalker.Core/Utils/FbxConverter.cs(934,23): warning CS8618: Non-nullable property 'Bytes' must contain a non-null value when exiting constructor. Consider declaring the property as nullable. [/home/ubuntu/PROGRAMA-BETA/src/FiveMTool.csproj]
/home/ubuntu/PROGRAMA-BETA/src/External/CodeWalker.Core/GameFiles/FileTypes/AwcFile.cs(1333,30): warning CS8602: Dereference of a possibly null reference. [/home/ubuntu/PROGRAMA-BETA/src/FiveMTool.csproj]
/home/ubuntu/PROGRAMA-BETA/src/External/CodeWalker.Core/GameFiles/FileTypes/AwcFile.cs(1337,35): warning CS8604: Possible null reference argument for parameter 'item' in 'void List<byte[]>.Add(byte[] item)'. [/home/ubuntu/PROGRAMA-BETA/src/FiveMTool.csproj]
/home/ubuntu/PROGRAMA-BETA/src/External/CodeWalker.Core/GameFiles/FileTypes/AwcFile.cs(1365,39): warning CS8601: Possible null reference assignment. [/home/ubuntu/PROGRAMA-BETA/src/FiveMTool.csproj]
/home/ubuntu/PROGRAMA-BETA/src/External/CodeWalker.Core/GameFiles/FileTypes/AwcFile.cs(1391,42): warning CS8604: Possible null reference argument for parameter 'src' in 'void Buffer.BlockCopy(Array src, int srcOffset, Array dst, int dstOffset, int count)'. [/home/ubuntu/PROGRAMA-BETA/src/FiveMTool.csproj]
/home/ubuntu/PROGRAMA-BETA/src/External/CodeWalker.Core/GameFiles/FileTypes/AwcFile.cs(1409,13): warning CS8602: Dereference of a possibly null reference. [/home/ubuntu/PROGRAMA-BETA/src/FiveMTool.csproj]
/home/ubuntu/PROGRAMA-BETA/src/External/CodeWalker.Core/GameFiles/FileTypes/AwcFile.cs(1492,44): warning CS8602: Dereference of a possibly null reference. [/home/ubuntu/PROGRAMA-BETA/src/FiveMTool.csproj]
/home/ubuntu/PROGRAMA-BETA/src/External/CodeWalker.Core/GameFiles/FileTypes/AwcFile.cs(1500,50): warning CS8625: Cannot convert null literal to non-nullable reference type. [/home/ubuntu/PROGRAMA-BETA/src/FiveMTool.csproj]
/home/ubuntu/PROGRAMA-BETA/src/External/CodeWalker.Core/World/Water.cs(45,36): warning CS8600: Converting null literal or possible null value to non-nullable type. [/home/ubuntu/PROGRAMA-BETA/src/FiveMTool.csproj]
/home/ubuntu/PROGRAMA-BETA/src/External/CodeWalker.Core/World/Water.cs(47,38): warning CS8602: Dereference of a possibly null reference. [/home/ubuntu/PROGRAMA-BETA/src/FiveMTool.csproj]
/home/ubuntu/PROGRAMA-BETA/src/External/CodeWalker.Core/World/Water.cs(47,38): warning CS8600: Converting null literal or possible null value to non-nullable type. [/home/ubuntu/PROGRAMA-BETA/src/FiveMTool.csproj]
/home/ubuntu/PROGRAMA-BETA/src/External/CodeWalker.Core/World/Water.cs(48,33): warning CS8602: Dereference of a possibly null reference. [/home/ubuntu/PROGRAMA-BETA/src/FiveMTool.csproj]
/home/ubuntu/PROGRAMA-BETA/src/External/CodeWalker.Core/World/Water.cs(51,32): warning CS8604: Possible null reference argument for parameter 'node' in 'void WaterQuad.Init(XmlNode node, int index)'. [/home/ubuntu/PROGRAMA-BETA/src/FiveMTool.csproj]
/home/ubuntu/PROGRAMA-BETA/src/External/CodeWalker.Core/World/Water.cs(55,40): warning CS8600: Converting null literal or possible null value to non-nullable type. [/home/ubuntu/PROGRAMA-BETA/src/FiveMTool.csproj]
/home/ubuntu/PROGRAMA-BETA/src/External/CodeWalker.Core/World/Water.cs(56,33): warning CS8602: Dereference of a possibly null reference. [/home/ubuntu/PROGRAMA-BETA/src/FiveMTool.csproj]
/home/ubuntu/PROGRAMA-BETA/src/External/CodeWalker.Core/World/Water.cs(59,34): warning CS8604: Possible null reference argument for parameter 'node' in 'void WaterCalmingQuad.Init(XmlNode node, int index)'. [/home/ubuntu/PROGRAMA-BETA/src/FiveMTool.csproj]
/home/ubuntu/PROGRAMA-BETA/src/External/CodeWalker.Core/World/Water.cs(63,37): warning CS8600: Converting null literal or possible null value to non-nullable type. [/home/ubuntu/PROGRAMA-BETA/src/FiveMTool.csproj]
/home/ubuntu/PROGRAMA-BETA/src/External/CodeWalker.Core/World/Water.cs(64,33): warning CS8602: Dereference of a possibly null reference. [/home/ubuntu/PROGRAMA-BETA/src/FiveMTool.csproj]
/home/ubuntu/PROGRAMA-BETA/src/External/CodeWalker.Core/World/Water.cs(67,31): warning CS8604: Possible null reference argument for parameter 'node' in 'void WaterWaveQuad.Init(XmlNode node, int index)'. [/home/ubuntu/PROGRAMA-BETA/src/FiveMTool.csproj]
/home/ubuntu/PROGRAMA-BETA/src/External/CodeWalker.Core/World/Water.cs(15,30): warning CS8618: Non-nullable field 'GameFileCache' must contain a non-null value when exiting constructor. Consider declaring the field as nullable. [/home/ubuntu/PROGRAMA-BETA/src/FiveMTool.csproj]
/home/ubuntu/PROGRAMA-BETA/src/External/CodeWalker.Core/World/Trains.cs(406,27): warning CS8618: Non-nullable property 'Track' must contain a non-null value when exiting constructor. Consider declaring the property as nullable. [/home/ubuntu/PROGRAMA-BETA/src/FiveMTool.csproj]
/home/ubuntu/PROGRAMA-BETA/src/External/CodeWalker.Core/World/Trains.cs(96,20): warning CS8603: Possible null reference return. [/home/ubuntu/PROGRAMA-BETA/src/FiveMTool.csproj]
/home/ubuntu/PROGRAMA-BETA/src/External/CodeWalker.Core/World/Trains.cs(28,37): warning CS8600: Converting null literal or possible null value to non-nullable type. [/home/ubuntu/PROGRAMA-BETA/src/FiveMTool.csproj]
/home/ubuntu/PROGRAMA-BETA/src/External/CodeWalker.Core/World/Trains.cs(34,37): warning CS8600: Converting null literal or possible null value to non-nullable type. [/home/ubuntu/PROGRAMA-BETA/src/FiveMTool.csproj]
/home/ubuntu/PROGRAMA-BETA/src/External/CodeWalker.Core/World/Trains.cs(35,34): warning CS8602: Dereference of a possibly null reference. [/home/ubuntu/PROGRAMA-BETA/src/FiveMTool.csproj]
/home/ubuntu/PROGRAMA-BETA/src/External/CodeWalker.Core/World/Trains.cs(35,34): warning CS8600: Converting null literal or possible null value to non-nullable type. [/home/ubuntu/PROGRAMA-BETA/src/FiveMTool.csproj]
/home/ubuntu/PROGRAMA-BETA/src/External/CodeWalker.Core/World/Trains.cs(38,33): warning CS8602: Dereference of a possibly null reference. [/home/ubuntu/PROGRAMA-BETA/src/FiveMTool.csproj]
/home/ubuntu/PROGRAMA-BETA/src/External/CodeWalker.Core/World/Trains.cs(42,40): warning CS8604: Possible null reference argument for parameter 'node' in 'void TrainTrack.Load(GameFileCache gameFileCache, XmlNode node)'. [/home/ubuntu/PROGRAMA-BETA/src/FiveMTool.csproj]
/home/ubuntu/PROGRAMA-BETA/src/External/CodeWalker.Core/World/Trains.cs(15,30): warning CS8618: Non-nullable field 'GameFileCache' must contain a non-null value when exiting constructor. Consider declaring the field as nullable. [/home/ubuntu/PROGRAMA-BETA/src/FiveMTool.csproj]
/home/ubuntu/PROGRAMA-BETA/src/External/CodeWalker.Core/World/Trains.cs(127,28): warning CS8601: Possible null reference assignment. [/home/ubuntu/PROGRAMA-BETA/src/FiveMTool.csproj]
/home/ubuntu/PROGRAMA-BETA/src/External/CodeWalker.Core/World/Vehicle.cs(42,35): warning CS8600: Converting null literal or possible null value to non-nullable type. [/home/ubuntu/PROGRAMA-BETA/src/FiveMTool.csproj]
/home/ubuntu/PROGRAMA-BETA/src/External/CodeWalker.Core/World/Vehicle.cs(43,65): warning CS8600: Converting null literal or possible null value to non-nullable type. [/home/ubuntu/PROGRAMA-BETA/src/FiveMTool.csproj]
/home/ubuntu/PROGRAMA-BETA/src/External/CodeWalker.Core/World/Vehicle.cs(46,32): warning CS8625: Cannot convert null literal to non-nullable reference type. [/home/ubuntu/PROGRAMA-BETA/src/FiveMTool.csproj]
/home/ubuntu/PROGRAMA-BETA/src/External/CodeWalker.Core/World/Vehicle.cs(47,32): warning CS8625: Cannot convert null literal to non-nullable reference type. [/home/ubuntu/PROGRAMA-BETA/src/FiveMTool.csproj]
/home/ubuntu/PROGRAMA-BETA/src/External/CodeWalker.Core/World/Vehicle.cs(64,53): warning CS8604: Possible null reference argument for parameter 'text' in 'uint JenkHash.GenHash(string text)'. [/home/ubuntu/PROGRAMA-BETA/src/FiveMTool.csproj]
/home/ubuntu/PROGRAMA-BETA/src/External/CodeWalker.Core/World/Vehicle.cs(71,40): warning CS8600: Converting null literal or possible null value to non-nullable type. [/home/ubuntu/PROGRAMA-BETA/src/FiveMTool.csproj]
/home/ubuntu/PROGRAMA-BETA/src/External/CodeWalker.Core/World/Vehicle.cs(72,70): warning CS8600: Converting null literal or possible null value to non-nullable type. [/home/ubuntu/PROGRAMA-BETA/src/FiveMTool.csproj]
/home/ubuntu/PROGRAMA-BETA/src/External/CodeWalker.Core/World/Vehicle.cs(73,36): warning CS8601: Possible null reference assignment. [/home/ubuntu/PROGRAMA-BETA/src/FiveMTool.csproj]
/home/ubuntu/PROGRAMA-BETA/src/External/CodeWalker.Core/World/Vehicle.cs(80,28): warning CS8625: Cannot convert null literal to non-nullable reference type. [/home/ubuntu/PROGRAMA-BETA/src/FiveMTool.csproj]
/home/ubuntu/PROGRAMA-BETA/src/External/CodeWalker.Core/World/Vehicle.cs(81,23): warning CS8625: Cannot convert null literal to non-nullable reference type. [/home/ubuntu/PROGRAMA-BETA/src/FiveMTool.csproj]
/home/ubuntu/PROGRAMA-BETA/src/External/CodeWalker.Core/World/Vehicle.cs(84,32): warning CS8625: Cannot convert null literal to non-nullable reference type. [/home/ubuntu/PROGRAMA-BETA/src/FiveMTool.csproj]
/home/ubuntu/PROGRAMA-BETA/src/External/CodeWalker.Core/World/Vehicle.cs(85,32): warning CS8625: Cannot convert null literal to non-nullable reference type. [/home/ubuntu/PROGRAMA-BETA/src/FiveMTool.csproj]
/home/ubuntu/PROGRAMA-BETA/src/External/CodeWalker.Core/World/Vehicle.cs(19,57): warning CS8625: Cannot convert null literal to non-nullable reference type. [/home/ubuntu/PROGRAMA-BETA/src/FiveMTool.csproj]
/home/ubuntu/PROGRAMA-BETA/src/External/CodeWalker.Core/World/Vehicle.cs(20,44): warning CS8625: Cannot convert null literal to non-nullable reference type. [/home/ubuntu/PROGRAMA-BETA/src/FiveMTool.csproj]
/home/ubuntu/PROGRAMA-BETA/src/External/CodeWalker.Core/World/Vehicle.cs(22,53): warning CS8625: Cannot convert null literal to non-nullable reference type. [/home/ubuntu/PROGRAMA-BETA/src/FiveMTool.csproj]
/home/ubuntu/PROGRAMA-BETA/src/External/CodeWalker.Core/World/Vehicle.cs(23,58): warning CS8625: Cannot convert null literal to non-nullable reference type. [/home/ubuntu/PROGRAMA-BETA/src/FiveMTool.csproj]
/home/ubuntu/PROGRAMA-BETA/src/External/CodeWalker.Core/GameFiles/FileTypes/AwcFile.cs(1645,50): warning CS8625: Cannot convert null literal to non-nullable reference type. [/home/ubuntu/PROGRAMA-BETA/src/FiveMTool.csproj]
/home/ubuntu/PROGRAMA-BETA/src/External/CodeWalker.Core/World/TimecycleMods.cs(123,23): warning CS8618: Non-nullable property 'name' must contain a non-null value when exiting constructor. Consider declaring the property as nullable. [/home/ubuntu/PROGRAMA-BETA/src/FiveMTool.csproj]
/home/ubuntu/PROGRAMA-BETA/src/External/CodeWalker.Core/World/TimecycleMods.cs(79,23): warning CS8618: Non-nullable property 'name' must contain a non-null value when exiting constructor. Consider declaring the property as nullable. [/home/ubuntu/PROGRAMA-BETA/src/FiveMTool.csproj]
/home/ubuntu/PROGRAMA-BETA/src/External/CodeWalker.Core/World/TimecycleMods.cs(84,36): warning CS8618: Non-nullable property 'Values' must contain a non-null value when exiting constructor. Consider declaring the property as nullable. [/home/ubuntu/PROGRAMA-BETA/src/FiveMTool.csproj]
/home/ubuntu/PROGRAMA-BETA/src/External/CodeWalker.Core/World/TimecycleMods.cs(85,54): warning CS8618: Non-nullable property 'Dict' must contain a non-null value when exiting constructor. Consider declaring the property as nullable. [/home/ubuntu/PROGRAMA-BETA/src/FiveMTool.csproj]
/home/ubuntu/PROGRAMA-BETA/src/External/CodeWalker.Core/World/TimecycleMods.cs(62,41): warning CS8602: Dereference of a possibly null reference. [/home/ubuntu/PROGRAMA-BETA/src/FiveMTool.csproj]
/home/ubuntu/PROGRAMA-BETA/src/External/CodeWalker.Core/World/Timecycle.cs(109,23): warning CS8618: Non-nullable property 'name' must contain a non-null value when exiting constructor. Consider declaring the property as nullable. [/home/ubuntu/PROGRAMA-BETA/src/FiveMTool.csproj]
/home/ubuntu/PROGRAMA-BETA/src/External/CodeWalker.Core/World/Timecycle.cs(112,23): warning CS8618: Non-nullable property 'uw_tc_mod' must contain a non-null value when exiting constructor. Consider declaring the property as nullable. [/home/ubuntu/PROGRAMA-BETA/src/FiveMTool.csproj]
/home/ubuntu/PROGRAMA-BETA/src/External/CodeWalker.Core/World/Trains.cs(217,47): warning CS8601: Possible null reference assignment. [/home/ubuntu/PROGRAMA-BETA/src/FiveMTool.csproj]
/home/ubuntu/PROGRAMA-BETA/src/External/CodeWalker.Core/World/Space.cs(2340,16): warning CS8618: Non-nullable field 'YnvEntry' must contain a non-null value when exiting constructor. Consider declaring the field as nullable. [/home/ubuntu/PROGRAMA-BETA/src/FiveMTool.csproj]
/home/ubuntu/PROGRAMA-BETA/src/External/CodeWalker.Core/World/Space.cs(2340,16): warning CS8618: Non-nullable field 'Ynv' must contain a non-null value when exiting constructor. Consider declaring the field as nullable. [/home/ubuntu/PROGRAMA-BETA/src/FiveMTool.csproj]
/home/ubuntu/PROGRAMA-BETA/src/External/CodeWalker.Core/World/Timecycle.cs(40,31): warning CS8600: Converting null literal or possible null value to non-nullable type. [/home/ubuntu/PROGRAMA-BETA/src/FiveMTool.csproj]
/home/ubuntu/PROGRAMA-BETA/src/External/CodeWalker.Core/World/Timecycle.cs(41,31): warning CS8602: Dereference of a possibly null reference. [/home/ubuntu/PROGRAMA-BETA/src/FiveMTool.csproj]
/home/ubuntu/PROGRAMA-BETA/src/External/CodeWalker.Core/World/Timecycle.cs(41,31): warning CS8600: Converting null literal or possible null value to non-nullable type. [/home/ubuntu/PROGRAMA-BETA/src/FiveMTool.csproj]
/home/ubuntu/PROGRAMA-BETA/src/External/CodeWalker.Core/World/Timecycle.cs(42,32): warning CS8600: Converting null literal or possible null value to non-nullable type. [/home/ubuntu/PROGRAMA-BETA/src/FiveMTool.csproj]
/home/ubuntu/PROGRAMA-BETA/src/External/CodeWalker.Core/World/Timecycle.cs(43,35): warning CS8600: Converting null literal or possible null value to non-nullable type. [/home/ubuntu/PROGRAMA-BETA/src/FiveMTool.csproj]
/home/ubuntu/PROGRAMA-BETA/src/External/CodeWalker.Core/World/Timecycle.cs(44,35): warning CS8600: Converting null literal or possible null value to non-nullable type. [/home/ubuntu/PROGRAMA-BETA/src/FiveMTool.csproj]
/home/ubuntu/PROGRAMA-BETA/src/External/CodeWalker.Core/World/Timecycle.cs(46,46): warning CS8604: Possible null reference argument for parameter 'node' in 'float Xml.GetFloatAttribute(XmlNode node, string attribute)'. [/home/ubuntu/PROGRAMA-BETA/src/FiveMTool.csproj]
/home/ubuntu/PROGRAMA-BETA/src/External/CodeWalker.Core/World/Timecycle.cs(48,47): warning CS8604: Possible null reference argument for parameter 'node' in 'float Xml.GetFloatAttribute(XmlNode node, string attribute)'. [/home/ubuntu/PROGRAMA-BETA/src/FiveMTool.csproj]
/home/ubuntu/PROGRAMA-BETA/src/External/CodeWalker.Core/World/Timecycle.cs(54,33): warning CS8602: Dereference of a possibly null reference. [/home/ubuntu/PROGRAMA-BETA/src/FiveMTool.csproj]
/home/ubuntu/PROGRAMA-BETA/src/External/CodeWalker.Core/World/Timecycle.cs(57,26): warning CS8604: Possible null reference argument for parameter 'node' in 'void TimecycleSample.Init(XmlNode node)'. [/home/ubuntu/PROGRAMA-BETA/src/FiveMTool.csproj]
/home/ubuntu/PROGRAMA-BETA/src/External/CodeWalker.Core/World/Timecycle.cs(62,33): warning CS8602: Dereference of a possibly null reference. [/home/ubuntu/PROGRAMA-BETA/src/FiveMTool.csproj]
/home/ubuntu/PROGRAMA-BETA/src/External/CodeWalker.Core/World/Timecycle.cs(64,52): warning CS8604: Possible null reference argument for parameter 'node' in 'string Xml.GetStringAttribute(XmlNode node, string attribute)'. [/home/ubuntu/PROGRAMA-BETA/src/FiveMTool.csproj]
/home/ubuntu/PROGRAMA-BETA/src/External/CodeWalker.Core/World/Trains.cs(329,31): warning CS8601: Possible null reference assignment. [/home/ubuntu/PROGRAMA-BETA/src/FiveMTool.csproj]
/home/ubuntu/PROGRAMA-BETA/src/External/CodeWalker.Core/World/Space.cs(2285,20): warning CS8603: Possible null reference return. [/home/ubuntu/PROGRAMA-BETA/src/FiveMTool.csproj]
/home/ubuntu/PROGRAMA-BETA/src/External/CodeWalker.Core/World/Space.cs(2241,16): warning CS8618: Non-nullable field 'Ynd' must contain a non-null value when exiting constructor. Consider declaring the field as nullable. [/home/ubuntu/PROGRAMA-BETA/src/FiveMTool.csproj]
/home/ubuntu/PROGRAMA-BETA/src/External/CodeWalker.Core/World/Trains.cs(377,35): warning CS8601: Possible null reference assignment. [/home/ubuntu/PROGRAMA-BETA/src/FiveMTool.csproj]
/home/ubuntu/PROGRAMA-BETA/src/External/CodeWalker.Core/World/Trains.cs(54,23): warning CS8618: Non-nullable property 'filename' must contain a non-null value when exiting constructor. Consider declaring the property as nullable. [/home/ubuntu/PROGRAMA-BETA/src/FiveMTool.csproj]
/home/ubuntu/PROGRAMA-BETA/src/External/CodeWalker.Core/World/Trains.cs(55,23): warning CS8618: Non-nullable property 'trainConfigName' must contain a non-null value when exiting constructor. Consider declaring the property as nullable. [/home/ubuntu/PROGRAMA-BETA/src/FiveMTool.csproj]
/home/ubuntu/PROGRAMA-BETA/src/External/CodeWalker.Core/World/Trains.cs(63,37): warning CS8618: Non-nullable property 'Nodes' must contain a non-null value when exiting constructor. Consider declaring the property as nullable. [/home/ubuntu/PROGRAMA-BETA/src/FiveMTool.csproj]
/home/ubuntu/PROGRAMA-BETA/src/External/CodeWalker.Core/World/Trains.cs(87,31): warning CS8618: Non-nullable property 'LinkedVerts' must contain a non-null value when exiting constructor. Consider declaring the property as nullable. [/home/ubuntu/PROGRAMA-BETA/src/FiveMTool.csproj]
/home/ubuntu/PROGRAMA-BETA/src/External/CodeWalker.Core/World/Trains.cs(88,26): warning CS8618: Non-nullable property 'NodePositions' must contain a non-null value when exiting constructor. Consider declaring the property as nullable. [/home/ubuntu/PROGRAMA-BETA/src/FiveMTool.csproj]
/home/ubuntu/PROGRAMA-BETA/src/External/CodeWalker.Core/World/Trains.cs(103,24): warning CS8618: Non-nullable property 'BVH' must contain a non-null value when exiting constructor. Consider declaring the property as nullable. [/home/ubuntu/PROGRAMA-BETA/src/FiveMTool.csproj]
/home/ubuntu/PROGRAMA-BETA/src/External/CodeWalker.Core/World/Trains.cs(105,23): warning CS8618: Non-nullable property 'NodesString' must contain a non-null value when exiting constructor. Consider declaring the property as nullable. [/home/ubuntu/PROGRAMA-BETA/src/FiveMTool.csproj]
/home/ubuntu/PROGRAMA-BETA/src/External/CodeWalker.Core/World/Trains.cs(106,29): warning CS8618: Non-nullable property 'RpfFileEntry' must contain a non-null value when exiting constructor. Consider declaring the property as nullable. [/home/ubuntu/PROGRAMA-BETA/src/FiveMTool.csproj]
/home/ubuntu/PROGRAMA-BETA/src/External/CodeWalker.Core/World/Trains.cs(107,23): warning CS8618: Non-nullable property 'Name' must contain a non-null value when exiting constructor. Consider declaring the property as nullable. [/home/ubuntu/PROGRAMA-BETA/src/FiveMTool.csproj]
/home/ubuntu/PROGRAMA-BETA/src/External/CodeWalker.Core/World/Trains.cs(108,23): warning CS8618: Non-nullable property 'FilePath' must contain a non-null value when exiting constructor. Consider declaring the property as nullable. [/home/ubuntu/PROGRAMA-BETA/src/FiveMTool.csproj]
/home/ubuntu/PROGRAMA-BETA/src/External/CodeWalker.Core/World/Space.cs(2310,20): warning CS8603: Possible null reference return. [/home/ubuntu/PROGRAMA-BETA/src/FiveMTool.csproj]
/home/ubuntu/PROGRAMA-BETA/src/External/CodeWalker.Core/World/Space.cs(2188,20): warning CS8603: Possible null reference return. [/home/ubuntu/PROGRAMA-BETA/src/FiveMTool.csproj]
/home/ubuntu/PROGRAMA-BETA/src/External/CodeWalker.Core/World/Space.cs(2201,20): warning CS8603: Possible null reference return. [/home/ubuntu/PROGRAMA-BETA/src/FiveMTool.csproj]
/home/ubuntu/PROGRAMA-BETA/src/External/CodeWalker.Core/World/Space.cs(2209,22): warning CS8603: Possible null reference return. [/home/ubuntu/PROGRAMA-BETA/src/FiveMTool.csproj]
/home/ubuntu/PROGRAMA-BETA/src/External/CodeWalker.Core/World/Space.cs(2211,22): warning CS8603: Possible null reference return. [/home/ubuntu/PROGRAMA-BETA/src/FiveMTool.csproj]
/home/ubuntu/PROGRAMA-BETA/src/External/CodeWalker.Core/World/Space.cs(2223,45): warning CS8625: Cannot convert null literal to non-nullable reference type. [/home/ubuntu/PROGRAMA-BETA/src/FiveMTool.csproj]
/home/ubuntu/PROGRAMA-BETA/src/External/CodeWalker.Core/World/Space.cs(1973,37): warning CS8618: Non-nullable field 'RootNode' must contain a non-null value when exiting constructor. Consider declaring the field as nullable. [/home/ubuntu/PROGRAMA-BETA/src/FiveMTool.csproj]
/home/ubuntu/PROGRAMA-BETA/src/External/CodeWalker.Core/World/Space.cs(1754,38): warning CS8618: Non-nullable field 'RootNode' must contain a non-null value when exiting constructor. Consider declaring the field as nullable. [/home/ubuntu/PROGRAMA-BETA/src/FiveMTool.csproj]
/home/ubuntu/PROGRAMA-BETA/src/External/CodeWalker.Core/World/Space.cs(2111,65): warning CS8604: Possible null reference argument for parameter 'layers' in 'void SpaceBoundsStoreNode.GetItems(ref Vector3 min, ref Vector3 max, List<BoundsStoreItem> items, bool[] layers = null)'. [/home/ubuntu/PROGRAMA-BETA/src/FiveMTool.csproj]
/home/ubuntu/PROGRAMA-BETA/src/External/CodeWalker.Core/Utils/FbxConverter.cs(232,31): warning CS8600: Converting null literal or possible null value to non-nullable type. [/home/ubuntu/PROGRAMA-BETA/src/FiveMTool.csproj]
/home/ubuntu/PROGRAMA-BETA/src/External/CodeWalker.Core/Utils/FbxConverter.cs(248,41): warning CS8603: Possible null reference return. [/home/ubuntu/PROGRAMA-BETA/src/FiveMTool.csproj]
/home/ubuntu/PROGRAMA-BETA/src/External/CodeWalker.Core/Utils/FbxConverter.cs(250,24): warning CS8603: Possible null reference return. [/home/ubuntu/PROGRAMA-BETA/src/FiveMTool.csproj]
/home/ubuntu/PROGRAMA-BETA/src/External/CodeWalker.Core/Utils/FbxConverter.cs(257,22): warning CS8603: Possible null reference return. [/home/ubuntu/PROGRAMA-BETA/src/FiveMTool.csproj]
/home/ubuntu/PROGRAMA-BETA/src/External/CodeWalker.Core/Utils/FbxConverter.cs(297,33): warning CS8601: Possible null reference assignment. [/home/ubuntu/PROGRAMA-BETA/src/FiveMTool.csproj]
/home/ubuntu/PROGRAMA-BETA/src/External/CodeWalker.Core/Utils/FbxConverter.cs(298,35): warning CS8601: Possible null reference assignment. [/home/ubuntu/PROGRAMA-BETA/src/FiveMTool.csproj]
/home/ubuntu/PROGRAMA-BETA/src/External/CodeWalker.Core/Utils/FbxConverter.cs(299,34): warning CS8601: Possible null reference assignment. [/home/ubuntu/PROGRAMA-BETA/src/FiveMTool.csproj]
/home/ubuntu/PROGRAMA-BETA/src/External/CodeWalker.Core/Utils/FbxConverter.cs(300,35): warning CS8601: Possible null reference assignment. [/home/ubuntu/PROGRAMA-BETA/src/FiveMTool.csproj]
/home/ubuntu/PROGRAMA-BETA/src/External/CodeWalker.Core/Utils/FbxConverter.cs(301,33): warning CS8601: Possible null reference assignment. [/home/ubuntu/PROGRAMA-BETA/src/FiveMTool.csproj]
/home/ubuntu/PROGRAMA-BETA/src/External/CodeWalker.Core/Utils/FbxConverter.cs(307,39): warning CS8601: Possible null reference assignment. [/home/ubuntu/PROGRAMA-BETA/src/FiveMTool.csproj]
/home/ubuntu/PROGRAMA-BETA/src/External/CodeWalker.Core/Utils/FbxConverter.cs(330,44): warning CS8602: Dereference of a possibly null reference. [/home/ubuntu/PROGRAMA-BETA/src/FiveMTool.csproj]
/home/ubuntu/PROGRAMA-BETA/src/External/CodeWalker.Core/Utils/FbxConverter.cs(331,70): warning CS8604: Possible null reference argument for parameter 'arr' in 'Vector3 FbxConverter.GetVector3FromDoubleArray(double[] arr, int i)'. [/home/ubuntu/PROGRAMA-BETA/src/FiveMTool.csproj]
/home/ubuntu/PROGRAMA-BETA/src/External/CodeWalker.Core/Utils/FbxConverter.cs(351,44): warning CS8602: Dereference of a possibly null reference. [/home/ubuntu/PROGRAMA-BETA/src/FiveMTool.csproj]
/home/ubuntu/PROGRAMA-BETA/src/External/CodeWalker.Core/Utils/FbxConverter.cs(352,72): warning CS8604: Possible null reference argument for parameter 'arr' in 'Vector3 FbxConverter.GetVector3FromDoubleArray(double[] arr, int i)'. [/home/ubuntu/PROGRAMA-BETA/src/FiveMTool.csproj]
/home/ubuntu/PROGRAMA-BETA/src/External/CodeWalker.Core/Utils/FbxConverter.cs(372,44): warning CS8602: Dereference of a possibly null reference. [/home/ubuntu/PROGRAMA-BETA/src/FiveMTool.csproj]
/home/ubuntu/PROGRAMA-BETA/src/External/CodeWalker.Core/Utils/FbxConverter.cs(373,71): warning CS8604: Possible null reference argument for parameter 'arr' in 'Vector3 FbxConverter.GetVector3FromDoubleArray(double[] arr, int i)'. [/home/ubuntu/PROGRAMA-BETA/src/FiveMTool.csproj]
/home/ubuntu/PROGRAMA-BETA/src/External/CodeWalker.Core/Utils/FbxConverter.cs(393,44): warning CS8602: Dereference of a possibly null reference. [/home/ubuntu/PROGRAMA-BETA/src/FiveMTool.csproj]
/home/ubuntu/PROGRAMA-BETA/src/External/CodeWalker.Core/Utils/FbxConverter.cs(394,60): warning CS8604: Possible null reference argument for parameter 'arr' in 'Vector2 FbxConverter.GetVector2FromDoubleArray(double[] arr, int i)'. [/home/ubuntu/PROGRAMA-BETA/src/FiveMTool.csproj]
/home/ubuntu/PROGRAMA-BETA/src/External/CodeWalker.Core/Utils/FbxConverter.cs(415,44): warning CS8602: Dereference of a possibly null reference. [/home/ubuntu/PROGRAMA-BETA/src/FiveMTool.csproj]
/home/ubuntu/PROGRAMA-BETA/src/External/CodeWalker.Core/Utils/FbxConverter.cs(416,70): warning CS8604: Possible null reference argument for parameter 'arr' in 'Vector4 FbxConverter.GetVector4FromDoubleArray(double[] arr, int i)'. [/home/ubuntu/PROGRAMA-BETA/src/FiveMTool.csproj]
/home/ubuntu/PROGRAMA-BETA/src/External/CodeWalker.Core/Utils/FbxConverter.cs(444,42): warning CS8602: Dereference of a possibly null reference. [/home/ubuntu/PROGRAMA-BETA/src/FiveMTool.csproj]
/home/ubuntu/PROGRAMA-BETA/src/External/CodeWalker.Core/Utils/FbxConverter.cs(444,54): warning CS8602: Dereference of a possibly null reference. [/home/ubuntu/PROGRAMA-BETA/src/FiveMTool.csproj]
/home/ubuntu/PROGRAMA-BETA/src/External/CodeWalker.Core/Utils/FbxConverter.cs(505,27): warning CS8601: Possible null reference assignment. [/home/ubuntu/PROGRAMA-BETA/src/FiveMTool.csproj]
/home/ubuntu/PROGRAMA-BETA/src/External/CodeWalker.Core/World/Space.cs(2145,56): warning CS8604: Possible null reference argument for parameter 'layers' in 'void SpaceBoundsStoreNode.GetItems(ref Ray ray, List<BoundsStoreItem> items, bool[] layers = null)'. [/home/ubuntu/PROGRAMA-BETA/src/FiveMTool.csproj]
/home/ubuntu/PROGRAMA-BETA/src/External/CodeWalker.Core/World/Space.cs(2014,41): warning CS8625: Cannot convert null literal to non-nullable reference type. [/home/ubuntu/PROGRAMA-BETA/src/FiveMTool.csproj]
/home/ubuntu/PROGRAMA-BETA/src/External/CodeWalker.Core/World/Space.cs(2015,50): warning CS8625: Cannot convert null literal to non-nullable reference type. [/home/ubuntu/PROGRAMA-BETA/src/FiveMTool.csproj]
/home/ubuntu/PROGRAMA-BETA/src/External/CodeWalker.Core/World/Space.cs(2016,46): warning CS8625: Cannot convert null literal to non-nullable reference type. [/home/ubuntu/PROGRAMA-BETA/src/FiveMTool.csproj]
/home/ubuntu/PROGRAMA-BETA/src/External/CodeWalker.Core/World/Scenarios.cs(2191,23): warning CS8618: Non-nullable property 'OuterXml' must contain a non-null value when exiting constructor. Consider declaring the property as nullable. [/home/ubuntu/PROGRAMA-BETA/src/FiveMTool.csproj]
/home/ubuntu/PROGRAMA-BETA/src/External/CodeWalker.Core/World/Scenarios.cs(2192,23): warning CS8618: Non-nullable property 'Name' must contain a non-null value when exiting constructor. Consider declaring the property as nullable. [/home/ubuntu/PROGRAMA-BETA/src/FiveMTool.csproj]
/home/ubuntu/PROGRAMA-BETA/src/External/CodeWalker.Core/World/Scenarios.cs(2193,23): warning CS8618: Non-nullable property 'NameLower' must contain a non-null value when exiting constructor. Consider declaring the property as nullable. [/home/ubuntu/PROGRAMA-BETA/src/FiveMTool.csproj]
/home/ubuntu/PROGRAMA-BETA/src/External/CodeWalker.Core/World/Scenarios.cs(2175,23): warning CS8618: Non-nullable property 'Type' must contain a non-null value when exiting constructor. Consider declaring the property as nullable. [/home/ubuntu/PROGRAMA-BETA/src/FiveMTool.csproj]
/home/ubuntu/PROGRAMA-BETA/src/External/CodeWalker.Core/World/Scenarios.cs(2142,23): warning CS8618: Non-nullable property 'Name' must contain a non-null value when exiting constructor. Consider declaring the property as nullable. [/home/ubuntu/PROGRAMA-BETA/src/FiveMTool.csproj]
/home/ubuntu/PROGRAMA-BETA/src/External/CodeWalker.Core/World/Scenarios.cs(2143,23): warning CS8618: Non-nullable property 'NameLower' must contain a non-null value when exiting constructor. Consider declaring the property as nullable. [/home/ubuntu/PROGRAMA-BETA/src/FiveMTool.csproj]
/home/ubuntu/PROGRAMA-BETA/src/External/CodeWalker.Core/World/Scenarios.cs(2145,23): warning CS8618: Non-nullable property 'VariationsType' must contain a non-null value when exiting constructor. Consider declaring the property as nullable. [/home/ubuntu/PROGRAMA-BETA/src/FiveMTool.csproj]
/home/ubuntu/PROGRAMA-BETA/src/External/CodeWalker.Core/World/Scenarios.cs(2146,38): warning CS8618: Non-nullable property 'Variations' must contain a non-null value when exiting constructor. Consider declaring the property as nullable. [/home/ubuntu/PROGRAMA-BETA/src/FiveMTool.csproj]
/home/ubuntu/PROGRAMA-BETA/src/External/CodeWalker.Core/World/Scenarios.cs(2126,38): warning CS8602: Dereference of a possibly null reference. [/home/ubuntu/PROGRAMA-BETA/src/FiveMTool.csproj]
/home/ubuntu/PROGRAMA-BETA/src/External/CodeWalker.Core/World/Scenarios.cs(2112,23): warning CS8618: Non-nullable property 'Name' must contain a non-null value when exiting constructor. Consider declaring the property as nullable. [/home/ubuntu/PROGRAMA-BETA/src/FiveMTool.csproj]
/home/ubuntu/PROGRAMA-BETA/src/External/CodeWalker.Core/World/Scenarios.cs(2113,23): warning CS8618: Non-nullable property 'NameLower' must contain a non-null value when exiting constructor. Consider declaring the property as nullable. [/home/ubuntu/PROGRAMA-BETA/src/FiveMTool.csproj]
/home/ubuntu/PROGRAMA-BETA/src/External/CodeWalker.Core/World/Scenarios.cs(2115,31): warning CS8618: Non-nullable property 'Models' must contain a non-null value when exiting constructor. Consider declaring the property as nullable. [/home/ubuntu/PROGRAMA-BETA/src/FiveMTool.csproj]
/home/ubuntu/PROGRAMA-BETA/src/External/CodeWalker.Core/World/Space.cs(1806,42): warning CS8625: Cannot convert null literal to non-nullable reference type. [/home/ubuntu/PROGRAMA-BETA/src/FiveMTool.csproj]
/home/ubuntu/PROGRAMA-BETA/src/External/CodeWalker.Core/World/Space.cs(1807,51): warning CS8625: Cannot convert null literal to non-nullable reference type. [/home/ubuntu/PROGRAMA-BETA/src/FiveMTool.csproj]
/home/ubuntu/PROGRAMA-BETA/src/External/CodeWalker.Core/World/Space.cs(1808,47): warning CS8625: Cannot convert null literal to non-nullable reference type. [/home/ubuntu/PROGRAMA-BETA/src/FiveMTool.csproj]
/home/ubuntu/PROGRAMA-BETA/src/External/CodeWalker.Core/World/Scenarios.cs(2088,23): warning CS8618: Non-nullable property 'OuterXml' must contain a non-null value when exiting constructor. Consider declaring the property as nullable. [/home/ubuntu/PROGRAMA-BETA/src/FiveMTool.csproj]
/home/ubuntu/PROGRAMA-BETA/src/External/CodeWalker.Core/World/Scenarios.cs(2089,23): warning CS8618: Non-nullable property 'Name' must contain a non-null value when exiting constructor. Consider declaring the property as nullable. [/home/ubuntu/PROGRAMA-BETA/src/FiveMTool.csproj]
/home/ubuntu/PROGRAMA-BETA/src/External/CodeWalker.Core/World/Scenarios.cs(2090,23): warning CS8618: Non-nullable property 'NameLower' must contain a non-null value when exiting constructor. Consider declaring the property as nullable. [/home/ubuntu/PROGRAMA-BETA/src/FiveMTool.csproj]
/home/ubuntu/PROGRAMA-BETA/src/External/CodeWalker.Core/Utils/FbxConverter.cs(516,41): warning CS8603: Possible null reference return. [/home/ubuntu/PROGRAMA-BETA/src/FiveMTool.csproj]
/home/ubuntu/PROGRAMA-BETA/src/External/CodeWalker.Core/Utils/FbxConverter.cs(517,40): warning CS8603: Possible null reference return. [/home/ubuntu/PROGRAMA-BETA/src/FiveMTool.csproj]
/home/ubuntu/PROGRAMA-BETA/src/External/CodeWalker.Core/Utils/FbxConverter.cs(518,43): warning CS8603: Possible null reference return. [/home/ubuntu/PROGRAMA-BETA/src/FiveMTool.csproj]
/home/ubuntu/PROGRAMA-BETA/src/External/CodeWalker.Core/World/Scenarios.cs(2014,42): warning CS8603: Possible null reference return. [/home/ubuntu/PROGRAMA-BETA/src/FiveMTool.csproj]
/home/ubuntu/PROGRAMA-BETA/src/External/CodeWalker.Core/World/Scenarios.cs(2044,23): warning CS8618: Non-nullable property 'OuterXml' must contain a non-null value when exiting constructor. Consider declaring the property as nullable. [/home/ubuntu/PROGRAMA-BETA/src/FiveMTool.csproj]
/home/ubuntu/PROGRAMA-BETA/src/External/CodeWalker.Core/World/Scenarios.cs(2045,23): warning CS8618: Non-nullable property 'Name' must contain a non-null value when exiting constructor. Consider declaring the property as nullable. [/home/ubuntu/PROGRAMA-BETA/src/FiveMTool.csproj]
/home/ubuntu/PROGRAMA-BETA/src/External/CodeWalker.Core/World/Scenarios.cs(2046,23): warning CS8618: Non-nullable property 'NameLower' must contain a non-null value when exiting constructor. Consider declaring the property as nullable. [/home/ubuntu/PROGRAMA-BETA/src/FiveMTool.csproj]
/home/ubuntu/PROGRAMA-BETA/src/External/CodeWalker.Core/World/Scenarios.cs(2049,23): warning CS8618: Non-nullable property 'VehicleModelSet' must contain a non-null value when exiting constructor. Consider declaring the property as nullable. [/home/ubuntu/PROGRAMA-BETA/src/FiveMTool.csproj]
/home/ubuntu/PROGRAMA-BETA/src/External/CodeWalker.Core/World/Scenarios.cs(2026,21): warning CS8625: Cannot convert null literal to non-nullable reference type. [/home/ubuntu/PROGRAMA-BETA/src/FiveMTool.csproj]
/home/ubuntu/PROGRAMA-BETA/src/External/CodeWalker.Core/World/Scenarios.cs(2022,16): warning CS8618: Non-nullable property 'Group' must contain a non-null value when exiting constructor. Consider declaring the property as nullable. [/home/ubuntu/PROGRAMA-BETA/src/FiveMTool.csproj]
/home/ubuntu/PROGRAMA-BETA/src/External/CodeWalker.Core/World/Scenarios.cs(2032,20): warning CS8625: Cannot convert null literal to non-nullable reference type. [/home/ubuntu/PROGRAMA-BETA/src/FiveMTool.csproj]
/home/ubuntu/PROGRAMA-BETA/src/External/CodeWalker.Core/World/Scenarios.cs(2029,16): warning CS8618: Non-nullable property 'Type' must contain a non-null value when exiting constructor. Consider declaring the property as nullable. [/home/ubuntu/PROGRAMA-BETA/src/FiveMTool.csproj]
/home/ubuntu/PROGRAMA-BETA/src/External/CodeWalker.Core/World/Space.cs(196,70): warning CS8600: Converting null literal or possible null value to non-nullable type. [/home/ubuntu/PROGRAMA-BETA/src/FiveMTool.csproj]
/home/ubuntu/PROGRAMA-BETA/src/External/CodeWalker.Core/World/Space.cs(210,69): warning CS8600: Converting null literal or possible null value to non-nullable type. [/home/ubuntu/PROGRAMA-BETA/src/FiveMTool.csproj]
/home/ubuntu/PROGRAMA-BETA/src/External/CodeWalker.Core/World/Scenarios.cs(1596,22): warning CS8601: Possible null reference assignment. [/home/ubuntu/PROGRAMA-BETA/src/FiveMTool.csproj]
/home/ubuntu/PROGRAMA-BETA/src/External/CodeWalker.Core/World/Scenarios.cs(1593,16): warning CS8618: Non-nullable property 'Region' must contain a non-null value when exiting constructor. Consider declaring the property as nullable. [/home/ubuntu/PROGRAMA-BETA/src/FiveMTool.csproj]
/home/ubuntu/PROGRAMA-BETA/src/External/CodeWalker.Core/World/Scenarios.cs(1593,16): warning CS8618: Non-nullable property 'MyPoint' must contain a non-null value when exiting constructor. Consider declaring the property as nullable. [/home/ubuntu/PROGRAMA-BETA/src/FiveMTool.csproj]
/home/ubuntu/PROGRAMA-BETA/src/External/CodeWalker.Core/World/Scenarios.cs(1593,16): warning CS8618: Non-nullable property 'LoadSavePoint' must contain a non-null value when exiting constructor. Consider declaring the property as nullable. [/home/ubuntu/PROGRAMA-BETA/src/FiveMTool.csproj]
/home/ubuntu/PROGRAMA-BETA/src/External/CodeWalker.Core/World/Scenarios.cs(1593,16): warning CS8618: Non-nullable property 'Cluster' must contain a non-null value when exiting constructor. Consider declaring the property as nullable. [/home/ubuntu/PROGRAMA-BETA/src/FiveMTool.csproj]
/home/ubuntu/PROGRAMA-BETA/src/External/CodeWalker.Core/World/Scenarios.cs(1593,16): warning CS8618: Non-nullable property 'ClusterMyPoint' must contain a non-null value when exiting constructor. Consider declaring the property as nullable. [/home/ubuntu/PROGRAMA-BETA/src/FiveMTool.csproj]
/home/ubuntu/PROGRAMA-BETA/src/External/CodeWalker.Core/World/Scenarios.cs(1593,16): warning CS8618: Non-nullable property 'ClusterLoadSavePoint' must contain a non-null value when exiting constructor. Consider declaring the property as nullable. [/home/ubuntu/PROGRAMA-BETA/src/FiveMTool.csproj]
/home/ubuntu/PROGRAMA-BETA/src/External/CodeWalker.Core/World/Scenarios.cs(1593,16): warning CS8618: Non-nullable property 'Entity' must contain a non-null value when exiting constructor. Consider declaring the property as nullable. [/home/ubuntu/PROGRAMA-BETA/src/FiveMTool.csproj]
/home/ubuntu/PROGRAMA-BETA/src/External/CodeWalker.Core/World/Scenarios.cs(1593,16): warning CS8618: Non-nullable property 'EntityPoint' must contain a non-null value when exiting constructor. Consider declaring the property as nullable. [/home/ubuntu/PROGRAMA-BETA/src/FiveMTool.csproj]
/home/ubuntu/PROGRAMA-BETA/src/External/CodeWalker.Core/World/Scenarios.cs(1593,16): warning CS8618: Non-nullable property 'ChainingNode' must contain a non-null value when exiting constructor. Consider declaring the property as nullable. [/home/ubuntu/PROGRAMA-BETA/src/FiveMTool.csproj]
/home/ubuntu/PROGRAMA-BETA/src/External/CodeWalker.Core/Utils/FbxConverter.cs(677,34): warning CS8604: Possible null reference argument for parameter 'item' in 'void List<string>.Add(string item)'. [/home/ubuntu/PROGRAMA-BETA/src/FiveMTool.csproj]
/home/ubuntu/PROGRAMA-BETA/src/External/CodeWalker.Core/World/Scenarios.cs(1706,38): warning CS8602: Dereference of a possibly null reference. [/home/ubuntu/PROGRAMA-BETA/src/FiveMTool.csproj]
/home/ubuntu/PROGRAMA-BETA/src/External/CodeWalker.Core/World/Scenarios.cs(1709,40): warning CS8600: Converting null literal or possible null value to non-nullable type. [/home/ubuntu/PROGRAMA-BETA/src/FiveMTool.csproj]
/home/ubuntu/PROGRAMA-BETA/src/External/CodeWalker.Core/World/Scenarios.cs(1765,38): warning CS8602: Dereference of a possibly null reference. [/home/ubuntu/PROGRAMA-BETA/src/FiveMTool.csproj]
/home/ubuntu/PROGRAMA-BETA/src/External/CodeWalker.Core/World/Scenarios.cs(155,22): warning CS8601: Possible null reference assignment. [/home/ubuntu/PROGRAMA-BETA/src/FiveMTool.csproj]
/home/ubuntu/PROGRAMA-BETA/src/External/CodeWalker.Core/World/Scenarios.cs(1807,38): warning CS8602: Dereference of a possibly null reference. [/home/ubuntu/PROGRAMA-BETA/src/FiveMTool.csproj]
/home/ubuntu/PROGRAMA-BETA/src/External/CodeWalker.Core/World/Scenarios.cs(1836,38): warning CS8602: Dereference of a possibly null reference. [/home/ubuntu/PROGRAMA-BETA/src/FiveMTool.csproj]
/home/ubuntu/PROGRAMA-BETA/src/External/CodeWalker.Core/World/Scenarios.cs(1859,46): warning CS8603: Possible null reference return. [/home/ubuntu/PROGRAMA-BETA/src/FiveMTool.csproj]
/home/ubuntu/PROGRAMA-BETA/src/External/CodeWalker.Core/World/Scenarios.cs(1861,48): warning CS8600: Converting null literal or possible null value to non-nullable type. [/home/ubuntu/PROGRAMA-BETA/src/FiveMTool.csproj]
/home/ubuntu/PROGRAMA-BETA/src/External/CodeWalker.Core/World/Scenarios.cs(1862,24): warning CS8603: Possible null reference return. [/home/ubuntu/PROGRAMA-BETA/src/FiveMTool.csproj]
/home/ubuntu/PROGRAMA-BETA/src/External/CodeWalker.Core/World/Scenarios.cs(1869,43): warning CS8603: Possible null reference return. [/home/ubuntu/PROGRAMA-BETA/src/FiveMTool.csproj]
/home/ubuntu/PROGRAMA-BETA/src/External/CodeWalker.Core/World/Scenarios.cs(1871,45): warning CS8600: Converting null literal or possible null value to non-nullable type. [/home/ubuntu/PROGRAMA-BETA/src/FiveMTool.csproj]
/home/ubuntu/PROGRAMA-BETA/src/External/CodeWalker.Core/World/Scenarios.cs(1872,24): warning CS8603: Possible null reference return. [/home/ubuntu/PROGRAMA-BETA/src/FiveMTool.csproj]
/home/ubuntu/PROGRAMA-BETA/src/External/CodeWalker.Core/World/Space.cs(389,43): warning CS8600: Converting null literal or possible null value to non-nullable type. [/home/ubuntu/PROGRAMA-BETA/src/FiveMTool.csproj]
/home/ubuntu/PROGRAMA-BETA/src/External/CodeWalker.Core/World/Space.cs(390,60): warning CS8600: Converting null literal or possible null value to non-nullable type. [/home/ubuntu/PROGRAMA-BETA/src/FiveMTool.csproj]
/home/ubuntu/PROGRAMA-BETA/src/External/CodeWalker.Core/World/Scenarios.cs(1879,48): warning CS8603: Possible null reference return. [/home/ubuntu/PROGRAMA-BETA/src/FiveMTool.csproj]
/home/ubuntu/PROGRAMA-BETA/src/External/CodeWalker.Core/World/Scenarios.cs(1881,50): warning CS8600: Converting null literal or possible null value to non-nullable type. [/home/ubuntu/PROGRAMA-BETA/src/FiveMTool.csproj]
/home/ubuntu/PROGRAMA-BETA/src/External/CodeWalker.Core/World/Scenarios.cs(1882,24): warning CS8603: Possible null reference return. [/home/ubuntu/PROGRAMA-BETA/src/FiveMTool.csproj]
/home/ubuntu/PROGRAMA-BETA/src/External/CodeWalker.Core/World/Scenarios.cs(1889,46): warning CS8603: Possible null reference return. [/home/ubuntu/PROGRAMA-BETA/src/FiveMTool.csproj]
/home/ubuntu/PROGRAMA-BETA/src/External/CodeWalker.Core/World/Scenarios.cs(1891,48): warning CS8600: Converting null literal or possible null value to non-nullable type. [/home/ubuntu/PROGRAMA-BETA/src/FiveMTool.csproj]
/home/ubuntu/PROGRAMA-BETA/src/External/CodeWalker.Core/World/Scenarios.cs(1892,24): warning CS8603: Possible null reference return. [/home/ubuntu/PROGRAMA-BETA/src/FiveMTool.csproj]
/home/ubuntu/PROGRAMA-BETA/src/External/CodeWalker.Core/World/Space.cs(511,43): warning CS8600: Converting null literal or possible null value to non-nullable type. [/home/ubuntu/PROGRAMA-BETA/src/FiveMTool.csproj]
/home/ubuntu/PROGRAMA-BETA/src/External/CodeWalker.Core/World/Space.cs(516,54): warning CS8601: Possible null reference assignment. [/home/ubuntu/PROGRAMA-BETA/src/FiveMTool.csproj]
/home/ubuntu/PROGRAMA-BETA/src/External/CodeWalker.Core/World/Scenarios.cs(1899,50): warning CS8603: Possible null reference return. [/home/ubuntu/PROGRAMA-BETA/src/FiveMTool.csproj]
/home/ubuntu/PROGRAMA-BETA/src/External/CodeWalker.Core/World/Scenarios.cs(1901,56): warning CS8600: Converting null literal or possible null value to non-nullable type. [/home/ubuntu/PROGRAMA-BETA/src/FiveMTool.csproj]
/home/ubuntu/PROGRAMA-BETA/src/External/CodeWalker.Core/Utils/FbxConverter.cs(902,20): warning CS8603: Possible null reference return. [/home/ubuntu/PROGRAMA-BETA/src/FiveMTool.csproj]
/home/ubuntu/PROGRAMA-BETA/src/External/CodeWalker.Core/World/Scenarios.cs(1918,54): warning CS8603: Possible null reference return. [/home/ubuntu/PROGRAMA-BETA/src/FiveMTool.csproj]
/home/ubuntu/PROGRAMA-BETA/src/External/CodeWalker.Core/World/Scenarios.cs(1920,60): warning CS8600: Converting null literal or possible null value to non-nullable type. [/home/ubuntu/PROGRAMA-BETA/src/FiveMTool.csproj]
/home/ubuntu/PROGRAMA-BETA/src/External/CodeWalker.Core/World/Scenarios.cs(1937,48): warning CS8603: Possible null reference return. [/home/ubuntu/PROGRAMA-BETA/src/FiveMTool.csproj]
/home/ubuntu/PROGRAMA-BETA/src/External/CodeWalker.Core/World/Scenarios.cs(1939,50): warning CS8600: Converting null literal or possible null value to non-nullable type. [/home/ubuntu/PROGRAMA-BETA/src/FiveMTool.csproj]
/home/ubuntu/PROGRAMA-BETA/src/External/CodeWalker.Core/World/Scenarios.cs(1940,24): warning CS8603: Possible null reference return. [/home/ubuntu/PROGRAMA-BETA/src/FiveMTool.csproj]
/home/ubuntu/PROGRAMA-BETA/src/External/CodeWalker.Core/World/Scenarios.cs(1948,46): warning CS8603: Possible null reference return. [/home/ubuntu/PROGRAMA-BETA/src/FiveMTool.csproj]
/home/ubuntu/PROGRAMA-BETA/src/External/CodeWalker.Core/World/Scenarios.cs(1956,43): warning CS8603: Possible null reference return. [/home/ubuntu/PROGRAMA-BETA/src/FiveMTool.csproj]
/home/ubuntu/PROGRAMA-BETA/src/External/CodeWalker.Core/World/Scenarios.cs(1964,48): warning CS8603: Possible null reference return. [/home/ubuntu/PROGRAMA-BETA/src/FiveMTool.csproj]
/home/ubuntu/PROGRAMA-BETA/src/External/CodeWalker.Core/World/Scenarios.cs(1972,46): warning CS8603: Possible null reference return. [/home/ubuntu/PROGRAMA-BETA/src/FiveMTool.csproj]
/home/ubuntu/PROGRAMA-BETA/src/External/CodeWalker.Core/World/Scenarios.cs(1980,50): warning CS8603: Possible null reference return. [/home/ubuntu/PROGRAMA-BETA/src/FiveMTool.csproj]
/home/ubuntu/PROGRAMA-BETA/src/External/CodeWalker.Core/World/Scenarios.cs(1988,54): warning CS8603: Possible null reference return. [/home/ubuntu/PROGRAMA-BETA/src/FiveMTool.csproj]
/home/ubuntu/PROGRAMA-BETA/src/External/CodeWalker.Core/World/Scenarios.cs(1996,48): warning CS8603: Possible null reference return. [/home/ubuntu/PROGRAMA-BETA/src/FiveMTool.csproj]
/home/ubuntu/PROGRAMA-BETA/src/External/CodeWalker.Core/World/Scenarios.cs(1645,51): warning CS8618: Non-nullable property 'TypeRefs' must contain a non-null value when exiting constructor. Consider declaring the property as nullable. [/home/ubuntu/PROGRAMA-BETA/src/FiveMTool.csproj]
/home/ubuntu/PROGRAMA-BETA/src/External/CodeWalker.Core/World/Scenarios.cs(1646,48): warning CS8618: Non-nullable property 'Types' must contain a non-null value when exiting constructor. Consider declaring the property as nullable. [/home/ubuntu/PROGRAMA-BETA/src/FiveMTool.csproj]
/home/ubuntu/PROGRAMA-BETA/src/External/CodeWalker.Core/World/Scenarios.cs(1647,53): warning CS8618: Non-nullable property 'TypeGroups' must contain a non-null value when exiting constructor. Consider declaring the property as nullable. [/home/ubuntu/PROGRAMA-BETA/src/FiveMTool.csproj]
/home/ubuntu/PROGRAMA-BETA/src/External/CodeWalker.Core/World/Scenarios.cs(1648,51): warning CS8618: Non-nullable property 'PropSets' must contain a non-null value when exiting constructor. Consider declaring the property as nullable. [/home/ubuntu/PROGRAMA-BETA/src/FiveMTool.csproj]
/home/ubuntu/PROGRAMA-BETA/src/External/CodeWalker.Core/World/Scenarios.cs(1649,51): warning CS8618: Non-nullable property 'PedModelSets' must contain a non-null value when exiting constructor. Consider declaring the property as nullable. [/home/ubuntu/PROGRAMA-BETA/src/FiveMTool.csproj]
/home/ubuntu/PROGRAMA-BETA/src/External/CodeWalker.Core/World/Scenarios.cs(1650,51): warning CS8618: Non-nullable property 'VehicleModelSets' must contain a non-null value when exiting constructor. Consider declaring the property as nullable. [/home/ubuntu/PROGRAMA-BETA/src/FiveMTool.csproj]
/home/ubuntu/PROGRAMA-BETA/src/External/CodeWalker.Core/World/Scenarios.cs(1651,57): warning CS8618: Non-nullable property 'AnimGroups' must contain a non-null value when exiting constructor. Consider declaring the property as nullable. [/home/ubuntu/PROGRAMA-BETA/src/FiveMTool.csproj]
/home/ubuntu/PROGRAMA-BETA/src/External/CodeWalker.Core/World/PopZones.cs(162,23): warning CS8618: Non-nullable property 'NameLabel' must contain a non-null value when exiting constructor. Consider declaring the property as nullable. [/home/ubuntu/PROGRAMA-BETA/src/FiveMTool.csproj]
/home/ubuntu/PROGRAMA-BETA/src/External/CodeWalker.Core/World/PopZones.cs(163,23): warning CS8618: Non-nullable property 'Name' must contain a non-null value when exiting constructor. Consider declaring the property as nullable. [/home/ubuntu/PROGRAMA-BETA/src/FiveMTool.csproj]
/home/ubuntu/PROGRAMA-BETA/src/External/CodeWalker.Core/World/PopZones.cs(20,20): warning CS8603: Possible null reference return. [/home/ubuntu/PROGRAMA-BETA/src/FiveMTool.csproj]
/home/ubuntu/PROGRAMA-BETA/src/External/CodeWalker.Core/World/PopZones.cs(24,20): warning CS8603: Possible null reference return. [/home/ubuntu/PROGRAMA-BETA/src/FiveMTool.csproj]
/home/ubuntu/PROGRAMA-BETA/src/External/CodeWalker.Core/World/PopZones.cs(175,23): warning CS8618: Non-nullable property 'ID' must contain a non-null value when exiting constructor. Consider declaring the property as nullable. [/home/ubuntu/PROGRAMA-BETA/src/FiveMTool.csproj]
/home/ubuntu/PROGRAMA-BETA/src/External/CodeWalker.Core/World/PopZones.cs(177,23): warning CS8618: Non-nullable property 'NameLabel' must contain a non-null value when exiting constructor. Consider declaring the property as nullable. [/home/ubuntu/PROGRAMA-BETA/src/FiveMTool.csproj]
/home/ubuntu/PROGRAMA-BETA/src/External/CodeWalker.Core/World/Scenarios.cs(17,26): warning CS8618: Non-nullable property 'Timecycle' must contain a non-null value when exiting constructor. Consider declaring the property as nullable. [/home/ubuntu/PROGRAMA-BETA/src/FiveMTool.csproj]
/home/ubuntu/PROGRAMA-BETA/src/External/CodeWalker.Core/World/Scenarios.cs(18,30): warning CS8618: Non-nullable property 'GameFileCache' must contain a non-null value when exiting constructor. Consider declaring the property as nullable. [/home/ubuntu/PROGRAMA-BETA/src/FiveMTool.csproj]
/home/ubuntu/PROGRAMA-BETA/src/External/CodeWalker.Core/World/Scenarios.cs(22,30): warning CS8618: Non-nullable property 'ScenarioRegions' must contain a non-null value when exiting constructor. Consider declaring the property as nullable. [/home/ubuntu/PROGRAMA-BETA/src/FiveMTool.csproj]
/home/ubuntu/PROGRAMA-BETA/src/External/CodeWalker.Core/World/Scenarios.cs(20,37): warning CS8618: Non-nullable property 'ScenarioTypes' must contain a non-null value when exiting constructor. Consider declaring the property as nullable. [/home/ubuntu/PROGRAMA-BETA/src/FiveMTool.csproj]
/home/ubuntu/PROGRAMA-BETA/src/External/CodeWalker.Core/World/PopZones.cs(77,64): warning CS8600: Converting null literal or possible null value to non-nullable type. [/home/ubuntu/PROGRAMA-BETA/src/FiveMTool.csproj]
/home/ubuntu/PROGRAMA-BETA/src/External/CodeWalker.Core/World/Space.cs(696,32): warning CS8625: Cannot convert null literal to non-nullable reference type. [/home/ubuntu/PROGRAMA-BETA/src/FiveMTool.csproj]
/home/ubuntu/PROGRAMA-BETA/src/External/CodeWalker.Core/World/PopZones.cs(119,37): error CS0104: 'Color' is an ambiguous reference between 'System.Drawing.Color' and 'SharpDX.Color' [/home/ubuntu/PROGRAMA-BETA/src/FiveMTool.csproj]
/home/ubuntu/PROGRAMA-BETA/src/External/CodeWalker.Core/World/PopZones.cs(150,33): warning CS8625: Cannot convert null literal to non-nullable reference type. [/home/ubuntu/PROGRAMA-BETA/src/FiveMTool.csproj]
/home/ubuntu/PROGRAMA-BETA/src/External/CodeWalker.Core/World/Heightmaps.cs(23,20): warning CS8603: Possible null reference return. [/home/ubuntu/PROGRAMA-BETA/src/FiveMTool.csproj]
/home/ubuntu/PROGRAMA-BETA/src/External/CodeWalker.Core/World/PopZones.cs(14,30): warning CS8618: Non-nullable field 'GameFileCache' must contain a non-null value when exiting constructor. Consider declaring the field as nullable. [/home/ubuntu/PROGRAMA-BETA/src/FiveMTool.csproj]
/home/ubuntu/PROGRAMA-BETA/src/External/CodeWalker.Core/World/PopZones.cs(31,31): warning CS8618: Non-nullable field 'TriangleVerts' must contain a non-null value when exiting constructor. Consider declaring the field as nullable. [/home/ubuntu/PROGRAMA-BETA/src/FiveMTool.csproj]
/home/ubuntu/PROGRAMA-BETA/src/External/CodeWalker.Core/World/Scenarios.cs(439,31): error CS0104: 'Color' is an ambiguous reference between 'System.Drawing.Color' and 'SharpDX.Color' [/home/ubuntu/PROGRAMA-BETA/src/FiveMTool.csproj]
/home/ubuntu/PROGRAMA-BETA/src/External/CodeWalker.Core/World/Scenarios.cs(440,31): error CS0104: 'Color' is an ambiguous reference between 'System.Drawing.Color' and 'SharpDX.Color' [/home/ubuntu/PROGRAMA-BETA/src/FiveMTool.csproj]
/home/ubuntu/PROGRAMA-BETA/src/External/CodeWalker.Core/World/Scenarios.cs(441,31): error CS0104: 'Color' is an ambiguous reference between 'System.Drawing.Color' and 'SharpDX.Color' [/home/ubuntu/PROGRAMA-BETA/src/FiveMTool.csproj]
/home/ubuntu/PROGRAMA-BETA/src/External/CodeWalker.Core/World/Scenarios.cs(442,31): error CS0104: 'Color' is an ambiguous reference between 'System.Drawing.Color' and 'SharpDX.Color' [/home/ubuntu/PROGRAMA-BETA/src/FiveMTool.csproj]
/home/ubuntu/PROGRAMA-BETA/src/External/CodeWalker.Core/World/Scenarios.cs(475,56): error CS0104: 'Color' is an ambiguous reference between 'System.Drawing.Color' and 'SharpDX.Color' [/home/ubuntu/PROGRAMA-BETA/src/FiveMTool.csproj]
/home/ubuntu/PROGRAMA-BETA/src/External/CodeWalker.Core/World/Scenarios.cs(476,56): error CS0104: 'Color' is an ambiguous reference between 'System.Drawing.Color' and 'SharpDX.Color' [/home/ubuntu/PROGRAMA-BETA/src/FiveMTool.csproj]
/home/ubuntu/PROGRAMA-BETA/src/External/CodeWalker.Core/World/Scenarios.cs(531,29): warning CS8625: Cannot convert null literal to non-nullable reference type. [/home/ubuntu/PROGRAMA-BETA/src/FiveMTool.csproj]
/home/ubuntu/PROGRAMA-BETA/src/External/CodeWalker.Core/World/Scenarios.cs(547,33): warning CS8625: Cannot convert null literal to non-nullable reference type. [/home/ubuntu/PROGRAMA-BETA/src/FiveMTool.csproj]
/home/ubuntu/PROGRAMA-BETA/src/External/CodeWalker.Core/World/Scenarios.cs(560,58): warning CS8600: Converting null literal or possible null value to non-nullable type. [/home/ubuntu/PROGRAMA-BETA/src/FiveMTool.csproj]
/home/ubuntu/PROGRAMA-BETA/src/External/CodeWalker.Core/World/Scenarios.cs(566,43): warning CS8604: Possible null reference argument for parameter 'ymt' in 'ScenarioNode.ScenarioNode(YmtFile ymt)'. [/home/ubuntu/PROGRAMA-BETA/src/FiveMTool.csproj]
/home/ubuntu/PROGRAMA-BETA/src/External/CodeWalker.Core/World/Heightmaps.cs(85,33): warning CS8625: Cannot convert null literal to non-nullable reference type. [/home/ubuntu/PROGRAMA-BETA/src/FiveMTool.csproj]
/home/ubuntu/PROGRAMA-BETA/src/External/CodeWalker.Core/World/Heightmaps.cs(93,33): warning CS8625: Cannot convert null literal to non-nullable reference type. [/home/ubuntu/PROGRAMA-BETA/src/FiveMTool.csproj]
/home/ubuntu/PROGRAMA-BETA/src/External/CodeWalker.Core/World/Scenarios.cs(578,58): warning CS8600: Converting null literal or possible null value to non-nullable type. [/home/ubuntu/PROGRAMA-BETA/src/FiveMTool.csproj]
/home/ubuntu/PROGRAMA-BETA/src/External/CodeWalker.Core/World/Scenarios.cs(585,43): warning CS8604: Possible null reference argument for parameter 'ymt' in 'ScenarioNode.ScenarioNode(YmtFile ymt)'. [/home/ubuntu/PROGRAMA-BETA/src/FiveMTool.csproj]
/home/ubuntu/PROGRAMA-BETA/src/External/CodeWalker.Core/World/Space.cs(798,44): warning CS8625: Cannot convert null literal to non-nullable reference type. [/home/ubuntu/PROGRAMA-BETA/src/FiveMTool.csproj]
/home/ubuntu/PROGRAMA-BETA/src/External/CodeWalker.Core/World/Scenarios.cs(597,58): warning CS8600: Converting null literal or possible null value to non-nullable type. [/home/ubuntu/PROGRAMA-BETA/src/FiveMTool.csproj]
/home/ubuntu/PROGRAMA-BETA/src/External/CodeWalker.Core/World/Scenarios.cs(603,43): warning CS8604: Possible null reference argument for parameter 'ymt' in 'ScenarioNode.ScenarioNode(YmtFile ymt)'. [/home/ubuntu/PROGRAMA-BETA/src/FiveMTool.csproj]
/home/ubuntu/PROGRAMA-BETA/src/External/CodeWalker.Core/World/Scenarios.cs(615,60): warning CS8600: Converting null literal or possible null value to non-nullable type. [/home/ubuntu/PROGRAMA-BETA/src/FiveMTool.csproj]
/home/ubuntu/PROGRAMA-BETA/src/External/CodeWalker.Core/World/Scenarios.cs(621,43): warning CS8604: Possible null reference argument for parameter 'ymt' in 'ScenarioNode.ScenarioNode(YmtFile ymt)'. [/home/ubuntu/PROGRAMA-BETA/src/FiveMTool.csproj]
/home/ubuntu/PROGRAMA-BETA/src/External/CodeWalker.Core/World/Ped.cs(58,24): warning CS8625: Cannot convert null literal to non-nullable reference type. [/home/ubuntu/PROGRAMA-BETA/src/FiveMTool.csproj]
/home/ubuntu/PROGRAMA-BETA/src/External/CodeWalker.Core/World/Ped.cs(59,19): warning CS8625: Cannot convert null literal to non-nullable reference type. [/home/ubuntu/PROGRAMA-BETA/src/FiveMTool.csproj]
/home/ubuntu/PROGRAMA-BETA/src/External/CodeWalker.Core/World/Ped.cs(60,19): warning CS8625: Cannot convert null literal to non-nullable reference type. [/home/ubuntu/PROGRAMA-BETA/src/FiveMTool.csproj]
/home/ubuntu/PROGRAMA-BETA/src/External/CodeWalker.Core/World/Ped.cs(61,19): warning CS8625: Cannot convert null literal to non-nullable reference type. [/home/ubuntu/PROGRAMA-BETA/src/FiveMTool.csproj]
/home/ubuntu/PROGRAMA-BETA/src/External/CodeWalker.Core/World/Ped.cs(62,19): warning CS8625: Cannot convert null literal to non-nullable reference type. [/home/ubuntu/PROGRAMA-BETA/src/FiveMTool.csproj]
/home/ubuntu/PROGRAMA-BETA/src/External/CodeWalker.Core/World/Ped.cs(63,19): warning CS8625: Cannot convert null literal to non-nullable reference type. [/home/ubuntu/PROGRAMA-BETA/src/FiveMTool.csproj]
/home/ubuntu/PROGRAMA-BETA/src/External/CodeWalker.Core/World/Ped.cs(64,19): warning CS8625: Cannot convert null literal to non-nullable reference type. [/home/ubuntu/PROGRAMA-BETA/src/FiveMTool.csproj]
/home/ubuntu/PROGRAMA-BETA/src/External/CodeWalker.Core/World/Ped.cs(65,19): warning CS8625: Cannot convert null literal to non-nullable reference type. [/home/ubuntu/PROGRAMA-BETA/src/FiveMTool.csproj]
/home/ubuntu/PROGRAMA-BETA/src/External/CodeWalker.Core/World/Ped.cs(66,24): warning CS8625: Cannot convert null literal to non-nullable reference type. [/home/ubuntu/PROGRAMA-BETA/src/FiveMTool.csproj]
/home/ubuntu/PROGRAMA-BETA/src/External/CodeWalker.Core/World/Ped.cs(69,32): warning CS8625: Cannot convert null literal to non-nullable reference type. [/home/ubuntu/PROGRAMA-BETA/src/FiveMTool.csproj]
/home/ubuntu/PROGRAMA-BETA/src/External/CodeWalker.Core/World/Ped.cs(70,31): warning CS8625: Cannot convert null literal to non-nullable reference type. [/home/ubuntu/PROGRAMA-BETA/src/FiveMTool.csproj]
/home/ubuntu/PROGRAMA-BETA/src/External/CodeWalker.Core/World/Ped.cs(71,34): warning CS8625: Cannot convert null literal to non-nullable reference type. [/home/ubuntu/PROGRAMA-BETA/src/FiveMTool.csproj]
/home/ubuntu/PROGRAMA-BETA/src/External/CodeWalker.Core/World/Ped.cs(75,48): warning CS8600: Converting null literal or possible null value to non-nullable type. [/home/ubuntu/PROGRAMA-BETA/src/FiveMTool.csproj]
/home/ubuntu/PROGRAMA-BETA/src/External/CodeWalker.Core/World/Ped.cs(76,60): warning CS8600: Converting null literal or possible null value to non-nullable type. [/home/ubuntu/PROGRAMA-BETA/src/FiveMTool.csproj]
/home/ubuntu/PROGRAMA-BETA/src/External/CodeWalker.Core/World/Ped.cs(91,31): warning CS8600: Converting null literal or possible null value to non-nullable type. [/home/ubuntu/PROGRAMA-BETA/src/FiveMTool.csproj]
/home/ubuntu/PROGRAMA-BETA/src/External/CodeWalker.Core/World/Ped.cs(92,61): warning CS8600: Converting null literal or possible null value to non-nullable type. [/home/ubuntu/PROGRAMA-BETA/src/FiveMTool.csproj]
/home/ubuntu/PROGRAMA-BETA/src/External/CodeWalker.Core/World/Ped.cs(93,19): warning CS8601: Possible null reference assignment. [/home/ubuntu/PROGRAMA-BETA/src/FiveMTool.csproj]
/home/ubuntu/PROGRAMA-BETA/src/External/CodeWalker.Core/World/Ped.cs(95,58): warning CS8600: Converting null literal or possible null value to non-nullable type. [/home/ubuntu/PROGRAMA-BETA/src/FiveMTool.csproj]
/home/ubuntu/PROGRAMA-BETA/src/External/CodeWalker.Core/World/Ped.cs(96,60): warning CS8600: Converting null literal or possible null value to non-nullable type. [/home/ubuntu/PROGRAMA-BETA/src/FiveMTool.csproj]
/home/ubuntu/PROGRAMA-BETA/src/External/CodeWalker.Core/World/Ped.cs(97,33): warning CS8601: Possible null reference assignment. [/home/ubuntu/PROGRAMA-BETA/src/FiveMTool.csproj]
/home/ubuntu/PROGRAMA-BETA/src/External/CodeWalker.Core/World/Ped.cs(98,29): warning CS8601: Possible null reference assignment. [/home/ubuntu/PROGRAMA-BETA/src/FiveMTool.csproj]
/home/ubuntu/PROGRAMA-BETA/src/External/CodeWalker.Core/World/Ped.cs(99,59): warning CS8600: Converting null literal or possible null value to non-nullable type. [/home/ubuntu/PROGRAMA-BETA/src/FiveMTool.csproj]
/home/ubuntu/PROGRAMA-BETA/src/External/CodeWalker.Core/World/Ped.cs(100,32): warning CS8601: Possible null reference assignment. [/home/ubuntu/PROGRAMA-BETA/src/FiveMTool.csproj]
/home/ubuntu/PROGRAMA-BETA/src/External/CodeWalker.Core/World/Ped.cs(101,28): warning CS8601: Possible null reference assignment. [/home/ubuntu/PROGRAMA-BETA/src/FiveMTool.csproj]
/home/ubuntu/PROGRAMA-BETA/src/External/CodeWalker.Core/World/Ped.cs(102,57): warning CS8600: Converting null literal or possible null value to non-nullable type. [/home/ubuntu/PROGRAMA-BETA/src/FiveMTool.csproj]
/home/ubuntu/PROGRAMA-BETA/src/External/CodeWalker.Core/World/Ped.cs(103,30): warning CS8601: Possible null reference assignment. [/home/ubuntu/PROGRAMA-BETA/src/FiveMTool.csproj]
/home/ubuntu/PROGRAMA-BETA/src/External/CodeWalker.Core/World/Ped.cs(104,26): warning CS8601: Possible null reference assignment. [/home/ubuntu/PROGRAMA-BETA/src/FiveMTool.csproj]
/home/ubuntu/PROGRAMA-BETA/src/External/CodeWalker.Core/World/Ped.cs(106,38): warning CS8600: Converting null literal or possible null value to non-nullable type. [/home/ubuntu/PROGRAMA-BETA/src/FiveMTool.csproj]
/home/ubuntu/PROGRAMA-BETA/src/External/CodeWalker.Core/World/Ped.cs(107,58): warning CS8600: Converting null literal or possible null value to non-nullable type. [/home/ubuntu/PROGRAMA-BETA/src/FiveMTool.csproj]
/home/ubuntu/PROGRAMA-BETA/src/External/CodeWalker.Core/World/Ped.cs(146,24): warning CS8601: Possible null reference assignment. [/home/ubuntu/PROGRAMA-BETA/src/FiveMTool.csproj]
/home/ubuntu/PROGRAMA-BETA/src/External/CodeWalker.Core/World/Ped.cs(149,32): warning CS8600: Converting null literal or possible null value to non-nullable type. [/home/ubuntu/PROGRAMA-BETA/src/FiveMTool.csproj]
/home/ubuntu/PROGRAMA-BETA/src/External/CodeWalker.Core/World/Ped.cs(150,53): warning CS8600: Converting null literal or possible null value to non-nullable type. [/home/ubuntu/PROGRAMA-BETA/src/FiveMTool.csproj]
/home/ubuntu/PROGRAMA-BETA/src/External/CodeWalker.Core/World/Ped.cs(151,24): warning CS8601: Possible null reference assignment. [/home/ubuntu/PROGRAMA-BETA/src/FiveMTool.csproj]
/home/ubuntu/PROGRAMA-BETA/src/External/CodeWalker.Core/World/Ped.cs(154,31): warning CS8600: Converting null literal or possible null value to non-nullable type. [/home/ubuntu/PROGRAMA-BETA/src/FiveMTool.csproj]
/home/ubuntu/PROGRAMA-BETA/src/External/CodeWalker.Core/World/Ped.cs(155,53): warning CS8600: Converting null literal or possible null value to non-nullable type. [/home/ubuntu/PROGRAMA-BETA/src/FiveMTool.csproj]
/home/ubuntu/PROGRAMA-BETA/src/External/CodeWalker.Core/World/Ped.cs(156,26): warning CS8601: Possible null reference assignment. [/home/ubuntu/PROGRAMA-BETA/src/FiveMTool.csproj]
/home/ubuntu/PROGRAMA-BETA/src/External/CodeWalker.Core/World/Scenarios.cs(632,58): warning CS8600: Converting null literal or possible null value to non-nullable type. [/home/ubuntu/PROGRAMA-BETA/src/FiveMTool.csproj]
/home/ubuntu/PROGRAMA-BETA/src/External/CodeWalker.Core/World/Scenarios.cs(639,43): warning CS8604: Possible null reference argument for parameter 'ymt' in 'ScenarioNode.ScenarioNode(YmtFile ymt)'. [/home/ubuntu/PROGRAMA-BETA/src/FiveMTool.csproj]
/home/ubuntu/PROGRAMA-BETA/src/External/CodeWalker.Core/World/Scenarios.cs(651,58): warning CS8600: Converting null literal or possible null value to non-nullable type. [/home/ubuntu/PROGRAMA-BETA/src/FiveMTool.csproj]
/home/ubuntu/PROGRAMA-BETA/src/External/CodeWalker.Core/World/Scenarios.cs(657,43): warning CS8604: Possible null reference argument for parameter 'ymt' in 'ScenarioNode.ScenarioNode(YmtFile ymt)'. [/home/ubuntu/PROGRAMA-BETA/src/FiveMTool.csproj]
/home/ubuntu/PROGRAMA-BETA/src/External/CodeWalker.Core/World/Entity.cs(13,22): warning CS8618: Non-nullable field 'Space' must contain a non-null value when exiting constructor. Consider declaring the field as nullable. [/home/ubuntu/PROGRAMA-BETA/src/FiveMTool.csproj]
/home/ubuntu/PROGRAMA-BETA/src/External/CodeWalker.Core/World/Entity.cs(14,30): warning CS8618: Non-nullable field 'EntityDef' must contain a non-null value when exiting constructor. Consider declaring the field as nullable. [/home/ubuntu/PROGRAMA-BETA/src/FiveMTool.csproj]
/home/ubuntu/PROGRAMA-BETA/src/External/CodeWalker.Core/World/Scenarios.cs(668,58): warning CS8600: Converting null literal or possible null value to non-nullable type. [/home/ubuntu/PROGRAMA-BETA/src/FiveMTool.csproj]
/home/ubuntu/PROGRAMA-BETA/src/External/CodeWalker.Core/World/Scenarios.cs(674,43): warning CS8604: Possible null reference argument for parameter 'ymt' in 'ScenarioNode.ScenarioNode(YmtFile ymt)'. [/home/ubuntu/PROGRAMA-BETA/src/FiveMTool.csproj]
/home/ubuntu/PROGRAMA-BETA/src/External/CodeWalker.Core/World/Space.cs(850,43): warning CS8600: Converting null literal or possible null value to non-nullable type. [/home/ubuntu/PROGRAMA-BETA/src/FiveMTool.csproj]
/home/ubuntu/PROGRAMA-BETA/src/External/CodeWalker.Core/World/Space.cs(851,60): warning CS8600: Converting null literal or possible null value to non-nullable type. [/home/ubuntu/PROGRAMA-BETA/src/FiveMTool.csproj]
/home/ubuntu/PROGRAMA-BETA/src/External/CodeWalker.Core/World/Space.cs(853,41): warning CS8601: Possible null reference assignment. [/home/ubuntu/PROGRAMA-BETA/src/FiveMTool.csproj]
/home/ubuntu/PROGRAMA-BETA/src/External/CodeWalker.Core/World/Heightmaps.cs(104,35): error CS0104: 'Color' is an ambiguous reference between 'System.Drawing.Color' and 'SharpDX.Color' [/home/ubuntu/PROGRAMA-BETA/src/FiveMTool.csproj]
/home/ubuntu/PROGRAMA-BETA/src/External/CodeWalker.Core/World/Heightmaps.cs(105,35): error CS0104: 'Color' is an ambiguous reference between 'System.Drawing.Color' and 'SharpDX.Color' [/home/ubuntu/PROGRAMA-BETA/src/FiveMTool.csproj]
/home/ubuntu/PROGRAMA-BETA/src/External/CodeWalker.Core/World/Heightmaps.cs(12,30): warning CS8618: Non-nullable field 'GameFileCache' must contain a non-null value when exiting constructor. Consider declaring the field as nullable. [/home/ubuntu/PROGRAMA-BETA/src/FiveMTool.csproj]
/home/ubuntu/PROGRAMA-BETA/src/External/CodeWalker.Core/World/Heightmaps.cs(30,26): warning CS8618: Non-nullable field 'NodePositions' must contain a non-null value when exiting constructor. Consider declaring the field as nullable. [/home/ubuntu/PROGRAMA-BETA/src/FiveMTool.csproj]
/home/ubuntu/PROGRAMA-BETA/src/External/CodeWalker.Core/World/Heightmaps.cs(31,31): warning CS8618: Non-nullable field 'TriangleVerts' must contain a non-null value when exiting constructor. Consider declaring the field as nullable. [/home/ubuntu/PROGRAMA-BETA/src/FiveMTool.csproj]
/home/ubuntu/PROGRAMA-BETA/src/External/CodeWalker.Core/World/Scenarios.cs(686,59): warning CS8600: Converting null literal or possible null value to non-nullable type. [/home/ubuntu/PROGRAMA-BETA/src/FiveMTool.csproj]
/home/ubuntu/PROGRAMA-BETA/src/External/CodeWalker.Core/World/Scenarios.cs(692,43): warning CS8604: Possible null reference argument for parameter 'ymt' in 'ScenarioNode.ScenarioNode(YmtFile ymt)'. [/home/ubuntu/PROGRAMA-BETA/src/FiveMTool.csproj]
/home/ubuntu/PROGRAMA-BETA/src/External/CodeWalker.Core/World/Space.cs(868,43): warning CS8600: Converting null literal or possible null value to non-nullable type. [/home/ubuntu/PROGRAMA-BETA/src/FiveMTool.csproj]
/home/ubuntu/PROGRAMA-BETA/src/External/CodeWalker.Core/World/Space.cs(873,54): warning CS8601: Possible null reference assignment. [/home/ubuntu/PROGRAMA-BETA/src/FiveMTool.csproj]
/home/ubuntu/PROGRAMA-BETA/src/External/CodeWalker.Core/World/Ped.cs(170,40): warning CS8625: Cannot convert null literal to non-nullable reference type. [/home/ubuntu/PROGRAMA-BETA/src/FiveMTool.csproj]
/home/ubuntu/PROGRAMA-BETA/src/External/CodeWalker.Core/World/Ped.cs(171,36): warning CS8625: Cannot convert null literal to non-nullable reference type. [/home/ubuntu/PROGRAMA-BETA/src/FiveMTool.csproj]
/home/ubuntu/PROGRAMA-BETA/src/External/CodeWalker.Core/World/Ped.cs(172,35): warning CS8625: Cannot convert null literal to non-nullable reference type. [/home/ubuntu/PROGRAMA-BETA/src/FiveMTool.csproj]
/home/ubuntu/PROGRAMA-BETA/src/External/CodeWalker.Core/World/Ped.cs(173,38): warning CS8625: Cannot convert null literal to non-nullable reference type. [/home/ubuntu/PROGRAMA-BETA/src/FiveMTool.csproj]
/home/ubuntu/PROGRAMA-BETA/src/External/CodeWalker.Core/World/Ped.cs(178,26): warning CS8600: Converting null literal or possible null value to non-nullable type. [/home/ubuntu/PROGRAMA-BETA/src/FiveMTool.csproj]
/home/ubuntu/PROGRAMA-BETA/src/External/CodeWalker.Core/World/Ped.cs(181,52): warning CS8600: Converting null literal or possible null value to non-nullable type. [/home/ubuntu/PROGRAMA-BETA/src/FiveMTool.csproj]
/home/ubuntu/PROGRAMA-BETA/src/External/CodeWalker.Core/World/Ped.cs(185,37): warning CS8600: Converting null literal or possible null value to non-nullable type. [/home/ubuntu/PROGRAMA-BETA/src/FiveMTool.csproj]
/home/ubuntu/PROGRAMA-BETA/src/External/CodeWalker.Core/World/Ped.cs(186,65): warning CS8600: Converting null literal or possible null value to non-nullable type. [/home/ubuntu/PROGRAMA-BETA/src/FiveMTool.csproj]
/home/ubuntu/PROGRAMA-BETA/src/External/CodeWalker.Core/World/Ped.cs(202,25): warning CS8600: Converting null literal or possible null value to non-nullable type. [/home/ubuntu/PROGRAMA-BETA/src/FiveMTool.csproj]
/home/ubuntu/PROGRAMA-BETA/src/External/CodeWalker.Core/World/Ped.cs(205,63): warning CS8600: Converting null literal or possible null value to non-nullable type. [/home/ubuntu/PROGRAMA-BETA/src/FiveMTool.csproj]
/home/ubuntu/PROGRAMA-BETA/src/External/CodeWalker.Core/World/Ped.cs(209,37): warning CS8600: Converting null literal or possible null value to non-nullable type. [/home/ubuntu/PROGRAMA-BETA/src/FiveMTool.csproj]
/home/ubuntu/PROGRAMA-BETA/src/External/CodeWalker.Core/World/Ped.cs(210,63): warning CS8600: Converting null literal or possible null value to non-nullable type. [/home/ubuntu/PROGRAMA-BETA/src/FiveMTool.csproj]
/home/ubuntu/PROGRAMA-BETA/src/External/CodeWalker.Core/World/Ped.cs(225,33): warning CS8600: Converting null literal or possible null value to non-nullable type. [/home/ubuntu/PROGRAMA-BETA/src/FiveMTool.csproj]
/home/ubuntu/PROGRAMA-BETA/src/External/CodeWalker.Core/World/Ped.cs(228,52): warning CS8600: Converting null literal or possible null value to non-nullable type. [/home/ubuntu/PROGRAMA-BETA/src/FiveMTool.csproj]
/home/ubuntu/PROGRAMA-BETA/src/External/CodeWalker.Core/World/Ped.cs(232,37): warning CS8600: Converting null literal or possible null value to non-nullable type. [/home/ubuntu/PROGRAMA-BETA/src/FiveMTool.csproj]
/home/ubuntu/PROGRAMA-BETA/src/External/CodeWalker.Core/World/Ped.cs(233,62): warning CS8600: Converting null literal or possible null value to non-nullable type. [/home/ubuntu/PROGRAMA-BETA/src/FiveMTool.csproj]
/home/ubuntu/PROGRAMA-BETA/src/External/CodeWalker.Core/World/Ped.cs(247,31): warning CS8600: Converting null literal or possible null value to non-nullable type. [/home/ubuntu/PROGRAMA-BETA/src/FiveMTool.csproj]
/home/ubuntu/PROGRAMA-BETA/src/External/CodeWalker.Core/World/Ped.cs(254,28): warning CS8600: Converting null literal or possible null value to non-nullable type. [/home/ubuntu/PROGRAMA-BETA/src/FiveMTool.csproj]
/home/ubuntu/PROGRAMA-BETA/src/External/CodeWalker.Core/World/Ped.cs(257,55): warning CS8600: Converting null literal or possible null value to non-nullable type. [/home/ubuntu/PROGRAMA-BETA/src/FiveMTool.csproj]
/home/ubuntu/PROGRAMA-BETA/src/External/CodeWalker.Core/World/Ped.cs(261,47): warning CS8601: Possible null reference assignment. [/home/ubuntu/PROGRAMA-BETA/src/FiveMTool.csproj]
/home/ubuntu/PROGRAMA-BETA/src/External/CodeWalker.Core/World/Clouds.cs(391,54): warning CS8604: Possible null reference argument for parameter 'node' in 'int Xml.GetChildIntAttribute(XmlNode node, string name, string attribute = "value")'. [/home/ubuntu/PROGRAMA-BETA/src/FiveMTool.csproj]
/home/ubuntu/PROGRAMA-BETA/src/External/CodeWalker.Core/World/Clouds.cs(385,43): warning CS8618: Non-nullable property 'keyEntryData' must contain a non-null value when exiting constructor. Consider declaring the property as nullable. [/home/ubuntu/PROGRAMA-BETA/src/FiveMTool.csproj]
/home/ubuntu/PROGRAMA-BETA/src/External/CodeWalker.Core/World/Ped.cs(277,81): warning CS8602: Dereference of a possibly null reference. [/home/ubuntu/PROGRAMA-BETA/src/FiveMTool.csproj]
/home/ubuntu/PROGRAMA-BETA/src/External/CodeWalker.Core/World/Ped.cs(282,53): warning CS8604: Possible null reference argument for parameter 'name' in 'void Ped.SetComponentDrawable(int index, string name, string tex, GameFileCache gfc)'. [/home/ubuntu/PROGRAMA-BETA/src/FiveMTool.csproj]
/home/ubuntu/PROGRAMA-BETA/src/External/CodeWalker.Core/World/Ped.cs(282,59): warning CS8604: Possible null reference argument for parameter 'tex' in 'void Ped.SetComponentDrawable(int index, string name, string tex, GameFileCache gfc)'. [/home/ubuntu/PROGRAMA-BETA/src/FiveMTool.csproj]
/home/ubuntu/PROGRAMA-BETA/src/External/CodeWalker.Core/World/Ped.cs(17,65): warning CS8625: Cannot convert null literal to non-nullable reference type. [/home/ubuntu/PROGRAMA-BETA/src/FiveMTool.csproj]
/home/ubuntu/PROGRAMA-BETA/src/External/CodeWalker.Core/World/Ped.cs(18,44): warning CS8625: Cannot convert null literal to non-nullable reference type. [/home/ubuntu/PROGRAMA-BETA/src/FiveMTool.csproj]
/home/ubuntu/PROGRAMA-BETA/src/External/CodeWalker.Core/World/Ped.cs(19,44): warning CS8625: Cannot convert null literal to non-nullable reference type. [/home/ubuntu/PROGRAMA-BETA/src/FiveMTool.csproj]
/home/ubuntu/PROGRAMA-BETA/src/External/CodeWalker.Core/World/Ped.cs(20,44): warning CS8625: Cannot convert null literal to non-nullable reference type. [/home/ubuntu/PROGRAMA-BETA/src/FiveMTool.csproj]
/home/ubuntu/PROGRAMA-BETA/src/External/CodeWalker.Core/World/Ped.cs(21,44): warning CS8625: Cannot convert null literal to non-nullable reference type. [/home/ubuntu/PROGRAMA-BETA/src/FiveMTool.csproj]
/home/ubuntu/PROGRAMA-BETA/src/External/CodeWalker.Core/World/Ped.cs(22,44): warning CS8625: Cannot convert null literal to non-nullable reference type. [/home/ubuntu/PROGRAMA-BETA/src/FiveMTool.csproj]
/home/ubuntu/PROGRAMA-BETA/src/External/CodeWalker.Core/World/Ped.cs(23,44): warning CS8625: Cannot convert null literal to non-nullable reference type. [/home/ubuntu/PROGRAMA-BETA/src/FiveMTool.csproj]
/home/ubuntu/PROGRAMA-BETA/src/External/CodeWalker.Core/World/Ped.cs(24,44): warning CS8625: Cannot convert null literal to non-nullable reference type. [/home/ubuntu/PROGRAMA-BETA/src/FiveMTool.csproj]
/home/ubuntu/PROGRAMA-BETA/src/External/CodeWalker.Core/World/Ped.cs(25,85): warning CS8625: Cannot convert null literal to non-nullable reference type. [/home/ubuntu/PROGRAMA-BETA/src/FiveMTool.csproj]
/home/ubuntu/PROGRAMA-BETA/src/External/CodeWalker.Core/World/Ped.cs(26,84): warning CS8625: Cannot convert null literal to non-nullable reference type. [/home/ubuntu/PROGRAMA-BETA/src/FiveMTool.csproj]
/home/ubuntu/PROGRAMA-BETA/src/External/CodeWalker.Core/World/Ped.cs(27,82): warning CS8625: Cannot convert null literal to non-nullable reference type. [/home/ubuntu/PROGRAMA-BETA/src/FiveMTool.csproj]
/home/ubuntu/PROGRAMA-BETA/src/External/CodeWalker.Core/World/Ped.cs(28,61): warning CS8625: Cannot convert null literal to non-nullable reference type. [/home/ubuntu/PROGRAMA-BETA/src/FiveMTool.csproj]
/home/ubuntu/PROGRAMA-BETA/src/External/CodeWalker.Core/World/Ped.cs(29,60): warning CS8625: Cannot convert null literal to non-nullable reference type. [/home/ubuntu/PROGRAMA-BETA/src/FiveMTool.csproj]
/home/ubuntu/PROGRAMA-BETA/src/External/CodeWalker.Core/World/Ped.cs(30,58): warning CS8625: Cannot convert null literal to non-nullable reference type. [/home/ubuntu/PROGRAMA-BETA/src/FiveMTool.csproj]
/home/ubuntu/PROGRAMA-BETA/src/External/CodeWalker.Core/World/Ped.cs(31,54): warning CS8625: Cannot convert null literal to non-nullable reference type. [/home/ubuntu/PROGRAMA-BETA/src/FiveMTool.csproj]
/home/ubuntu/PROGRAMA-BETA/src/External/CodeWalker.Core/World/Ped.cs(32,54): warning CS8625: Cannot convert null literal to non-nullable reference type. [/home/ubuntu/PROGRAMA-BETA/src/FiveMTool.csproj]
/home/ubuntu/PROGRAMA-BETA/src/External/CodeWalker.Core/World/Ped.cs(39,50): warning CS8625: Cannot convert null literal to non-nullable reference type. [/home/ubuntu/PROGRAMA-BETA/src/FiveMTool.csproj]
/home/ubuntu/PROGRAMA-BETA/src/External/CodeWalker.Core/World/Clouds.cs(356,22): warning CS8618: Non-nullable property 'Probability' must contain a non-null value when exiting constructor. Consider declaring the property as nullable. [/home/ubuntu/PROGRAMA-BETA/src/FiveMTool.csproj]
/home/ubuntu/PROGRAMA-BETA/src/External/CodeWalker.Core/World/Clouds.cs(357,22): warning CS8618: Non-nullable property 'Bits' must contain a non-null value when exiting constructor. Consider declaring the property as nullable. [/home/ubuntu/PROGRAMA-BETA/src/FiveMTool.csproj]
/home/ubuntu/PROGRAMA-BETA/src/External/CodeWalker.Core/World/Scenarios.cs(776,44): warning CS8601: Possible null reference assignment. [/home/ubuntu/PROGRAMA-BETA/src/FiveMTool.csproj]
/home/ubuntu/PROGRAMA-BETA/src/External/CodeWalker.Core/World/Scenarios.cs(781,57): warning CS8600: Converting null literal or possible null value to non-nullable type. [/home/ubuntu/PROGRAMA-BETA/src/FiveMTool.csproj]
/home/ubuntu/PROGRAMA-BETA/src/External/CodeWalker.Core/World/Scenarios.cs(805,33): warning CS8602: Dereference of a possibly null reference. [/home/ubuntu/PROGRAMA-BETA/src/FiveMTool.csproj]
/home/ubuntu/PROGRAMA-BETA/src/External/CodeWalker.Core/World/Clouds.cs(298,34): warning CS8600: Converting null literal or possible null value to non-nullable type. [/home/ubuntu/PROGRAMA-BETA/src/FiveMTool.csproj]
/home/ubuntu/PROGRAMA-BETA/src/External/CodeWalker.Core/World/Clouds.cs(299,38): warning CS8602: Dereference of a possibly null reference. [/home/ubuntu/PROGRAMA-BETA/src/FiveMTool.csproj]
/home/ubuntu/PROGRAMA-BETA/src/External/CodeWalker.Core/World/Clouds.cs(301,37): warning CS8600: Converting null literal or possible null value to non-nullable type. [/home/ubuntu/PROGRAMA-BETA/src/FiveMTool.csproj]
/home/ubuntu/PROGRAMA-BETA/src/External/CodeWalker.Core/World/Clouds.cs(282,24): warning CS8618: Non-nullable property 'KeyframeTimes' must contain a non-null value when exiting constructor. Consider declaring the property as nullable. [/home/ubuntu/PROGRAMA-BETA/src/FiveMTool.csproj]
/home/ubuntu/PROGRAMA-BETA/src/External/CodeWalker.Core/World/Clouds.cs(283,57): warning CS8618: Non-nullable property 'SettingsMap' must contain a non-null value when exiting constructor. Consider declaring the property as nullable. [/home/ubuntu/PROGRAMA-BETA/src/FiveMTool.csproj]
/home/ubuntu/PROGRAMA-BETA/src/External/CodeWalker.Core/World/Clouds.cs(333,28): warning CS8602: Dereference of a possibly null reference. [/home/ubuntu/PROGRAMA-BETA/src/FiveMTool.csproj]
/home/ubuntu/PROGRAMA-BETA/src/External/CodeWalker.Core/World/Clouds.cs(333,28): warning CS8604: Possible null reference argument for parameter 'xml' in 'void CloudSettingsMapCloudList.Init(XmlNode xml)'. [/home/ubuntu/PROGRAMA-BETA/src/FiveMTool.csproj]
/home/ubuntu/PROGRAMA-BETA/src/External/CodeWalker.Core/World/Clouds.cs(334,29): warning CS8604: Possible null reference argument for parameter 'xml' in 'void CloudSettingsMapKeyData.Init(XmlNode xml)'. [/home/ubuntu/PROGRAMA-BETA/src/FiveMTool.csproj]
/home/ubuntu/PROGRAMA-BETA/src/External/CodeWalker.Core/World/Clouds.cs(335,34): warning CS8604: Possible null reference argument for parameter 'xml' in 'void CloudSettingsMapKeyData.Init(XmlNode xml)'. [/home/ubuntu/PROGRAMA-BETA/src/FiveMTool.csproj]
/home/ubuntu/PROGRAMA-BETA/src/External/CodeWalker.Core/World/Clouds.cs(336,36): warning CS8604: Possible null reference argument for parameter 'xml' in 'void CloudSettingsMapKeyData.Init(XmlNode xml)'. [/home/ubuntu/PROGRAMA-BETA/src/FiveMTool.csproj]
/home/ubuntu/PROGRAMA-BETA/src/External/CodeWalker.Core/World/Clouds.cs(337,32): warning CS8604: Possible null reference argument for parameter 'xml' in 'void CloudSettingsMapKeyData.Init(XmlNode xml)'. [/home/ubuntu/PROGRAMA-BETA/src/FiveMTool.csproj]
/home/ubuntu/PROGRAMA-BETA/src/External/CodeWalker.Core/World/Clouds.cs(338,35): warning CS8604: Possible null reference argument for parameter 'xml' in 'void CloudSettingsMapKeyData.Init(XmlNode xml)'. [/home/ubuntu/PROGRAMA-BETA/src/FiveMTool.csproj]
/home/ubuntu/PROGRAMA-BETA/src/External/CodeWalker.Core/World/Clouds.cs(339,33): warning CS8604: Possible null reference argument for parameter 'xml' in 'void CloudSettingsMapKeyData.Init(XmlNode xml)'. [/home/ubuntu/PROGRAMA-BETA/src/FiveMTool.csproj]
/home/ubuntu/PROGRAMA-BETA/src/External/CodeWalker.Core/World/Clouds.cs(340,33): warning CS8604: Possible null reference argument for parameter 'xml' in 'void CloudSettingsMapKeyData.Init(XmlNode xml)'. [/home/ubuntu/PROGRAMA-BETA/src/FiveMTool.csproj]
/home/ubuntu/PROGRAMA-BETA/src/External/CodeWalker.Core/World/Clouds.cs(341,39): warning CS8604: Possible null reference argument for parameter 'xml' in 'void CloudSettingsMapKeyData.Init(XmlNode xml)'. [/home/ubuntu/PROGRAMA-BETA/src/FiveMTool.csproj]
/home/ubuntu/PROGRAMA-BETA/src/External/CodeWalker.Core/World/Clouds.cs(342,64): warning CS8604: Possible null reference argument for parameter 'xml' in 'void CloudSettingsMapKeyData.Init(XmlNode xml)'. [/home/ubuntu/PROGRAMA-BETA/src/FiveMTool.csproj]
/home/ubuntu/PROGRAMA-BETA/src/External/CodeWalker.Core/World/Clouds.cs(343,76): warning CS8604: Possible null reference argument for parameter 'xml' in 'void CloudSettingsMapKeyData.Init(XmlNode xml)'. [/home/ubuntu/PROGRAMA-BETA/src/FiveMTool.csproj]
/home/ubuntu/PROGRAMA-BETA/src/External/CodeWalker.Core/World/Clouds.cs(344,58): warning CS8604: Possible null reference argument for parameter 'xml' in 'void CloudSettingsMapKeyData.Init(XmlNode xml)'. [/home/ubuntu/PROGRAMA-BETA/src/FiveMTool.csproj]
/home/ubuntu/PROGRAMA-BETA/src/External/CodeWalker.Core/World/Clouds.cs(315,23): warning CS8618: Non-nullable property 'Name' must contain a non-null value when exiting constructor. Consider declaring the property as nullable. [/home/ubuntu/PROGRAMA-BETA/src/FiveMTool.csproj]
/home/ubuntu/PROGRAMA-BETA/src/External/CodeWalker.Core/World/Clouds.cs(248,23): warning CS8618: Non-nullable property 'Filename' must contain a non-null value when exiting constructor. Consider declaring the property as nullable. [/home/ubuntu/PROGRAMA-BETA/src/FiveMTool.csproj]
/home/ubuntu/PROGRAMA-BETA/src/External/CodeWalker.Core/World/Scenarios.cs(906,40): warning CS8625: Cannot convert null literal to non-nullable reference type. [/home/ubuntu/PROGRAMA-BETA/src/FiveMTool.csproj]
/home/ubuntu/PROGRAMA-BETA/src/External/CodeWalker.Core/World/Clouds.cs(121,33): warning CS8600: Converting null literal or possible null value to non-nullable type. [/home/ubuntu/PROGRAMA-BETA/src/FiveMTool.csproj]
/home/ubuntu/PROGRAMA-BETA/src/External/CodeWalker.Core/World/Clouds.cs(122,38): warning CS8602: Dereference of a possibly null reference. [/home/ubuntu/PROGRAMA-BETA/src/FiveMTool.csproj]
/home/ubuntu/PROGRAMA-BETA/src/External/CodeWalker.Core/World/Clouds.cs(124,37): warning CS8600: Converting null literal or possible null value to non-nullable type. [/home/ubuntu/PROGRAMA-BETA/src/FiveMTool.csproj]
/home/ubuntu/PROGRAMA-BETA/src/External/CodeWalker.Core/World/Clouds.cs(149,20): warning CS8603: Possible null reference return. [/home/ubuntu/PROGRAMA-BETA/src/FiveMTool.csproj]
/home/ubuntu/PROGRAMA-BETA/src/External/CodeWalker.Core/World/Clouds.cs(26,16): warning CS8618: Non-nullable field 'Weather' must contain a non-null value when exiting constructor. Consider declaring the field as nullable. [/home/ubuntu/PROGRAMA-BETA/src/FiveMTool.csproj]
/home/ubuntu/PROGRAMA-BETA/src/External/CodeWalker.Core/World/Clouds.cs(26,16): warning CS8618: Non-nullable field 'Timecycle' must contain a non-null value when exiting constructor. Consider declaring the field as nullable. [/home/ubuntu/PROGRAMA-BETA/src/FiveMTool.csproj]
/home/ubuntu/PROGRAMA-BETA/src/External/CodeWalker.Core/World/Clouds.cs(26,16): warning CS8618: Non-nullable field 'HatManager' must contain a non-null value when exiting constructor. Consider declaring the field as nullable. [/home/ubuntu/PROGRAMA-BETA/src/FiveMTool.csproj]
/home/ubuntu/PROGRAMA-BETA/src/External/CodeWalker.Core/World/Clouds.cs(26,16): warning CS8618: Non-nullable field 'SettingsMap' must contain a non-null value when exiting constructor. Consider declaring the field as nullable. [/home/ubuntu/PROGRAMA-BETA/src/FiveMTool.csproj]
/home/ubuntu/PROGRAMA-BETA/src/External/CodeWalker.Core/World/Clouds.cs(113,31): warning CS8618: Non-nullable property 'CloudHatFrags' must contain a non-null value when exiting constructor. Consider declaring the property as nullable. [/home/ubuntu/PROGRAMA-BETA/src/FiveMTool.csproj]
/home/ubuntu/PROGRAMA-BETA/src/External/CodeWalker.Core/World/Clouds.cs(93,29): warning CS8604: Possible null reference argument for parameter 'xml' in 'void CloudHatManager.Init(XmlElement xml)'. [/home/ubuntu/PROGRAMA-BETA/src/FiveMTool.csproj]
/home/ubuntu/PROGRAMA-BETA/src/External/CodeWalker.Core/World/Clouds.cs(96,30): warning CS8604: Possible null reference argument for parameter 'xml' in 'void CloudSettingsMap.Init(XmlElement xml)'. [/home/ubuntu/PROGRAMA-BETA/src/FiveMTool.csproj]
/home/ubuntu/PROGRAMA-BETA/src/External/CodeWalker.Core/World/Clouds.cs(179,37): warning CS8600: Converting null literal or possible null value to non-nullable type. [/home/ubuntu/PROGRAMA-BETA/src/FiveMTool.csproj]
/home/ubuntu/PROGRAMA-BETA/src/External/CodeWalker.Core/World/Clouds.cs(180,38): warning CS8602: Dereference of a possibly null reference. [/home/ubuntu/PROGRAMA-BETA/src/FiveMTool.csproj]
/home/ubuntu/PROGRAMA-BETA/src/External/CodeWalker.Core/World/Clouds.cs(182,38): warning CS8600: Converting null literal or possible null value to non-nullable type. [/home/ubuntu/PROGRAMA-BETA/src/FiveMTool.csproj]
/home/ubuntu/PROGRAMA-BETA/src/External/CodeWalker.Core/World/Clouds.cs(224,41): warning CS8600: Converting null literal or possible null value to non-nullable type. [/home/ubuntu/PROGRAMA-BETA/src/FiveMTool.csproj]
/home/ubuntu/PROGRAMA-BETA/src/External/CodeWalker.Core/World/Clouds.cs(225,34): warning CS8602: Dereference of a possibly null reference. [/home/ubuntu/PROGRAMA-BETA/src/FiveMTool.csproj]
/home/ubuntu/PROGRAMA-BETA/src/External/CodeWalker.Core/World/Clouds.cs(228,34): warning CS8600: Converting null literal or possible null value to non-nullable type. [/home/ubuntu/PROGRAMA-BETA/src/FiveMTool.csproj]
/home/ubuntu/PROGRAMA-BETA/src/External/CodeWalker.Core/World/Scenarios.cs(961,35): warning CS8625: Cannot convert null literal to non-nullable reference type. [/home/ubuntu/PROGRAMA-BETA/src/FiveMTool.csproj]
/home/ubuntu/PROGRAMA-BETA/src/External/CodeWalker.Core/World/Scenarios.cs(962,42): warning CS8625: Cannot convert null literal to non-nullable reference type. [/home/ubuntu/PROGRAMA-BETA/src/FiveMTool.csproj]
/home/ubuntu/PROGRAMA-BETA/src/External/CodeWalker.Core/World/Scenarios.cs(963,48): warning CS8625: Cannot convert null literal to non-nullable reference type. [/home/ubuntu/PROGRAMA-BETA/src/FiveMTool.csproj]
/home/ubuntu/PROGRAMA-BETA/src/External/CodeWalker.Core/World/Clouds.cs(159,23): warning CS8618: Non-nullable property 'Name' must contain a non-null value when exiting constructor. Consider declaring the property as nullable. [/home/ubuntu/PROGRAMA-BETA/src/FiveMTool.csproj]
/home/ubuntu/PROGRAMA-BETA/src/External/CodeWalker.Core/World/Clouds.cs(160,36): warning CS8618: Non-nullable property 'Layers' must contain a non-null value when exiting constructor. Consider declaring the property as nullable. [/home/ubuntu/PROGRAMA-BETA/src/FiveMTool.csproj]
/home/ubuntu/PROGRAMA-BETA/src/External/CodeWalker.Core/World/Clouds.cs(166,26): warning CS8618: Non-nullable property 'UVVelocity' must contain a non-null value when exiting constructor. Consider declaring the property as nullable. [/home/ubuntu/PROGRAMA-BETA/src/FiveMTool.csproj]
/home/ubuntu/PROGRAMA-BETA/src/External/CodeWalker.Core/World/Clouds.cs(167,23): warning CS8618: Non-nullable property 'AnimMode' must contain a non-null value when exiting constructor. Consider declaring the property as nullable. [/home/ubuntu/PROGRAMA-BETA/src/FiveMTool.csproj]
/home/ubuntu/PROGRAMA-BETA/src/External/CodeWalker.Core/World/Clouds.cs(168,23): warning CS8618: Non-nullable property 'ShowLayer' must contain a non-null value when exiting constructor. Consider declaring the property as nullable. [/home/ubuntu/PROGRAMA-BETA/src/FiveMTool.csproj]
/home/ubuntu/PROGRAMA-BETA/src/External/CodeWalker.Core/World/Space.cs(1133,64): warning CS8600: Converting null literal or possible null value to non-nullable type. [/home/ubuntu/PROGRAMA-BETA/src/FiveMTool.csproj]
/home/ubuntu/PROGRAMA-BETA/src/External/CodeWalker.Core/World/Camera.cs(29,38): warning CS8625: Cannot convert null literal to non-nullable reference type. [/home/ubuntu/PROGRAMA-BETA/src/FiveMTool.csproj]
/home/ubuntu/PROGRAMA-BETA/src/External/CodeWalker.Core/World/AudioZones.cs(139,16): warning CS8618: Non-nullable property 'Name' must contain a non-null value when exiting constructor. Consider declaring the property as nullable. [/home/ubuntu/PROGRAMA-BETA/src/FiveMTool.csproj]
/home/ubuntu/PROGRAMA-BETA/src/External/CodeWalker.Core/World/AudioZones.cs(139,16): warning CS8618: Non-nullable property 'AmbientRule' must contain a non-null value when exiting constructor. Consider declaring the property as nullable. [/home/ubuntu/PROGRAMA-BETA/src/FiveMTool.csproj]
/home/ubuntu/PROGRAMA-BETA/src/External/CodeWalker.Core/World/AudioZones.cs(139,16): warning CS8618: Non-nullable property 'StaticEmitter' must contain a non-null value when exiting constructor. Consider declaring the property as nullable. [/home/ubuntu/PROGRAMA-BETA/src/FiveMTool.csproj]
/home/ubuntu/PROGRAMA-BETA/src/External/CodeWalker.Core/World/Scenarios.cs(1015,34): warning CS8625: Cannot convert null literal to non-nullable reference type. [/home/ubuntu/PROGRAMA-BETA/src/FiveMTool.csproj]
/home/ubuntu/PROGRAMA-BETA/src/External/CodeWalker.Core/World/Scenarios.cs(1016,39): warning CS8625: Cannot convert null literal to non-nullable reference type. [/home/ubuntu/PROGRAMA-BETA/src/FiveMTool.csproj]
/home/ubuntu/PROGRAMA-BETA/src/External/CodeWalker.Core/World/AudioZones.cs(148,16): warning CS8618: Non-nullable property 'Name' must contain a non-null value when exiting constructor. Consider declaring the property as nullable. [/home/ubuntu/PROGRAMA-BETA/src/FiveMTool.csproj]
/home/ubuntu/PROGRAMA-BETA/src/External/CodeWalker.Core/World/AudioZones.cs(148,16): warning CS8618: Non-nullable property 'AmbientZone' must contain a non-null value when exiting constructor. Consider declaring the property as nullable. [/home/ubuntu/PROGRAMA-BETA/src/FiveMTool.csproj]
/home/ubuntu/PROGRAMA-BETA/src/External/CodeWalker.Core/World/AudioZones.cs(148,16): warning CS8618: Non-nullable property 'StaticEmitter' must contain a non-null value when exiting constructor. Consider declaring the property as nullable. [/home/ubuntu/PROGRAMA-BETA/src/FiveMTool.csproj]
/home/ubuntu/PROGRAMA-BETA/src/External/CodeWalker.Core/World/AudioZones.cs(157,16): warning CS8618: Non-nullable property 'Name' must contain a non-null value when exiting constructor. Consider declaring the property as nullable. [/home/ubuntu/PROGRAMA-BETA/src/FiveMTool.csproj]
/home/ubuntu/PROGRAMA-BETA/src/External/CodeWalker.Core/World/AudioZones.cs(157,16): warning CS8618: Non-nullable property 'AmbientZone' must contain a non-null value when exiting constructor. Consider declaring the property as nullable. [/home/ubuntu/PROGRAMA-BETA/src/FiveMTool.csproj]
/home/ubuntu/PROGRAMA-BETA/src/External/CodeWalker.Core/World/AudioZones.cs(157,16): warning CS8618: Non-nullable property 'AmbientRule' must contain a non-null value when exiting constructor. Consider declaring the property as nullable. [/home/ubuntu/PROGRAMA-BETA/src/FiveMTool.csproj]
/home/ubuntu/PROGRAMA-BETA/src/External/CodeWalker.Core/World/Scenarios.cs(1027,40): warning CS8603: Possible null reference return. [/home/ubuntu/PROGRAMA-BETA/src/FiveMTool.csproj]
/home/ubuntu/PROGRAMA-BETA/src/External/CodeWalker.Core/World/AudioZones.cs(47,44): warning CS8600: Converting null literal or possible null value to non-nullable type. [/home/ubuntu/PROGRAMA-BETA/src/FiveMTool.csproj]
/home/ubuntu/PROGRAMA-BETA/src/External/CodeWalker.Core/World/AudioZones.cs(50,61): warning CS8604: Possible null reference argument for parameter 'zone' in 'AudioPlacement.AudioPlacement(RelFile rel, Dat151AmbientZone zone)'. [/home/ubuntu/PROGRAMA-BETA/src/FiveMTool.csproj]
/home/ubuntu/PROGRAMA-BETA/src/External/CodeWalker.Core/World/AudioZones.cs(54,61): warning CS8604: Possible null reference argument for parameter 'rule' in 'AudioPlacement.AudioPlacement(RelFile rel, Dat151AmbientRule rule)'. [/home/ubuntu/PROGRAMA-BETA/src/FiveMTool.csproj]
/home/ubuntu/PROGRAMA-BETA/src/External/CodeWalker.Core/World/AudioZones.cs(58,61): warning CS8604: Possible null reference argument for parameter 'emitter' in 'AudioPlacement.AudioPlacement(RelFile rel, Dat151StaticEmitter emitter)'. [/home/ubuntu/PROGRAMA-BETA/src/FiveMTool.csproj]
/home/ubuntu/PROGRAMA-BETA/src/External/CodeWalker.Core/World/AudioZones.cs(73,51): warning CS8600: Converting null literal or possible null value to non-nullable type. [/home/ubuntu/PROGRAMA-BETA/src/FiveMTool.csproj]
/home/ubuntu/PROGRAMA-BETA/src/External/CodeWalker.Core/World/AudioZones.cs(74,62): warning CS8600: Converting null literal or possible null value to non-nullable type. [/home/ubuntu/PROGRAMA-BETA/src/FiveMTool.csproj]
/home/ubuntu/PROGRAMA-BETA/src/External/CodeWalker.Core/World/Camera.cs(156,51): error CS0121: The call is ambiguous between the following methods or properties: 'CodeWalker.QuaternionExtension.Multiply(SharpDX.Quaternion, SharpDX.Vector3)' and 'CodeWalker.QuaternionExtension.Multiply(SharpDX.Quaternion, SharpDX.Vector3)' [/home/ubuntu/PROGRAMA-BETA/src/FiveMTool.csproj]
/home/ubuntu/PROGRAMA-BETA/src/External/CodeWalker.Core/World/Camera.cs(157,55): error CS0121: The call is ambiguous between the following methods or properties: 'CodeWalker.QuaternionExtension.Multiply(SharpDX.Quaternion, SharpDX.Vector3)' and 'CodeWalker.QuaternionExtension.Multiply(SharpDX.Quaternion, SharpDX.Vector3)' [/home/ubuntu/PROGRAMA-BETA/src/FiveMTool.csproj]
/home/ubuntu/PROGRAMA-BETA/src/External/CodeWalker.Core/World/Camera.cs(158,53): error CS0121: The call is ambiguous between the following methods or properties: 'CodeWalker.QuaternionExtension.Multiply(SharpDX.Quaternion, SharpDX.Vector3)' and 'CodeWalker.QuaternionExtension.Multiply(SharpDX.Quaternion, SharpDX.Vector3)' [/home/ubuntu/PROGRAMA-BETA/src/FiveMTool.csproj]
/home/ubuntu/PROGRAMA-BETA/src/External/CodeWalker.Core/World/Camera.cs(171,41): error CS0121: The call is ambiguous between the following methods or properties: 'CodeWalker.QuaternionExtension.ToMatrix(SharpDX.Quaternion)' and 'CodeWalker.QuaternionExtension.ToMatrix(SharpDX.Quaternion)' [/home/ubuntu/PROGRAMA-BETA/src/FiveMTool.csproj]
/home/ubuntu/PROGRAMA-BETA/src/External/CodeWalker.Core/World/AudioZones.cs(91,41): warning CS8603: Possible null reference return. [/home/ubuntu/PROGRAMA-BETA/src/FiveMTool.csproj]
/home/ubuntu/PROGRAMA-BETA/src/External/CodeWalker.Core/World/AudioZones.cs(92,41): warning CS8603: Possible null reference return. [/home/ubuntu/PROGRAMA-BETA/src/FiveMTool.csproj]
/home/ubuntu/PROGRAMA-BETA/src/External/CodeWalker.Core/World/AudioZones.cs(102,20): warning CS8603: Possible null reference return. [/home/ubuntu/PROGRAMA-BETA/src/FiveMTool.csproj]
/home/ubuntu/PROGRAMA-BETA/src/External/CodeWalker.Core/World/AudioZones.cs(14,30): warning CS8618: Non-nullable field 'GameFileCache' must contain a non-null value when exiting constructor. Consider declaring the field as nullable. [/home/ubuntu/PROGRAMA-BETA/src/FiveMTool.csproj]
/home/ubuntu/PROGRAMA-BETA/src/External/CodeWalker.Core/Utils/Xml.cs(17,38): warning CS8603: Possible null reference return. [/home/ubuntu/PROGRAMA-BETA/src/FiveMTool.csproj]
/home/ubuntu/PROGRAMA-BETA/src/External/CodeWalker.Core/Utils/Xml.cs(18,20): warning CS8602: Dereference of a possibly null reference. [/home/ubuntu/PROGRAMA-BETA/src/FiveMTool.csproj]
/home/ubuntu/PROGRAMA-BETA/src/External/CodeWalker.Core/Utils/Xml.cs(18,20): warning CS8603: Possible null reference return. [/home/ubuntu/PROGRAMA-BETA/src/FiveMTool.csproj]
/home/ubuntu/PROGRAMA-BETA/src/External/CodeWalker.Core/Utils/Xml.cs(23,26): warning CS8602: Dereference of a possibly null reference. [/home/ubuntu/PROGRAMA-BETA/src/FiveMTool.csproj]
/home/ubuntu/PROGRAMA-BETA/src/External/CodeWalker.Core/Utils/Xml.cs(23,26): warning CS8600: Converting null literal or possible null value to non-nullable type. [/home/ubuntu/PROGRAMA-BETA/src/FiveMTool.csproj]
/home/ubuntu/PROGRAMA-BETA/src/External/CodeWalker.Core/World/Camera.cs(199,46): error CS0121: The call is ambiguous between the following methods or properties: 'CodeWalker.MatrixExtensions.MultiplyW(SharpDX.Matrix, SharpDX.Vector3)' and 'CodeWalker.MatrixExtensions.MultiplyW(SharpDX.Matrix, SharpDX.Vector3)' [/home/ubuntu/PROGRAMA-BETA/src/FiveMTool.csproj]
/home/ubuntu/PROGRAMA-BETA/src/External/CodeWalker.Core/World/Camera.cs(200,45): error CS0121: The call is ambiguous between the following methods or properties: 'CodeWalker.MatrixExtensions.MultiplyW(SharpDX.Matrix, SharpDX.Vector3)' and 'CodeWalker.MatrixExtensions.MultiplyW(SharpDX.Matrix, SharpDX.Vector3)' [/home/ubuntu/PROGRAMA-BETA/src/FiveMTool.csproj]
/home/ubuntu/PROGRAMA-BETA/src/External/CodeWalker.Core/Utils/Xml.cs(31,26): warning CS8602: Dereference of a possibly null reference. [/home/ubuntu/PROGRAMA-BETA/src/FiveMTool.csproj]
/home/ubuntu/PROGRAMA-BETA/src/External/CodeWalker.Core/Utils/Xml.cs(31,26): warning CS8600: Converting null literal or possible null value to non-nullable type. [/home/ubuntu/PROGRAMA-BETA/src/FiveMTool.csproj]
/home/ubuntu/PROGRAMA-BETA/src/External/CodeWalker.Core/World/Scenarios.cs(1171,17): warning CS8602: Dereference of a possibly null reference. [/home/ubuntu/PROGRAMA-BETA/src/FiveMTool.csproj]
/home/ubuntu/PROGRAMA-BETA/src/External/CodeWalker.Core/World/Scenarios.cs(1175,17): warning CS8602: Dereference of a possibly null reference. [/home/ubuntu/PROGRAMA-BETA/src/FiveMTool.csproj]
/home/ubuntu/PROGRAMA-BETA/src/External/CodeWalker.Core/World/Scenarios.cs(1175,42): warning CS8625: Cannot convert null literal to non-nullable reference type. [/home/ubuntu/PROGRAMA-BETA/src/FiveMTool.csproj]
/home/ubuntu/PROGRAMA-BETA/src/External/CodeWalker.Core/Utils/Xml.cs(39,26): warning CS8602: Dereference of a possibly null reference. [/home/ubuntu/PROGRAMA-BETA/src/FiveMTool.csproj]
/home/ubuntu/PROGRAMA-BETA/src/External/CodeWalker.Core/Utils/Xml.cs(39,26): warning CS8600: Converting null literal or possible null value to non-nullable type. [/home/ubuntu/PROGRAMA-BETA/src/FiveMTool.csproj]
/home/ubuntu/PROGRAMA-BETA/src/External/CodeWalker.Core/Utils/Xml.cs(47,26): warning CS8602: Dereference of a possibly null reference. [/home/ubuntu/PROGRAMA-BETA/src/FiveMTool.csproj]
/home/ubuntu/PROGRAMA-BETA/src/External/CodeWalker.Core/Utils/Xml.cs(47,26): warning CS8600: Converting null literal or possible null value to non-nullable type. [/home/ubuntu/PROGRAMA-BETA/src/FiveMTool.csproj]
/home/ubuntu/PROGRAMA-BETA/src/External/CodeWalker.Core/Utils/Xml.cs(55,26): warning CS8602: Dereference of a possibly null reference. [/home/ubuntu/PROGRAMA-BETA/src/FiveMTool.csproj]
/home/ubuntu/PROGRAMA-BETA/src/External/CodeWalker.Core/Utils/Xml.cs(55,26): warning CS8600: Converting null literal or possible null value to non-nullable type. [/home/ubuntu/PROGRAMA-BETA/src/FiveMTool.csproj]
/home/ubuntu/PROGRAMA-BETA/src/External/CodeWalker.Core/Utils/Xml.cs(57,32): warning CS8604: Possible null reference argument for parameter 's' in 'bool FloatUtil.TryParse(string s, out float f)'. [/home/ubuntu/PROGRAMA-BETA/src/FiveMTool.csproj]
/home/ubuntu/PROGRAMA-BETA/src/External/CodeWalker.Core/Utils/Xml.cs(63,38): warning CS8603: Possible null reference return. [/home/ubuntu/PROGRAMA-BETA/src/FiveMTool.csproj]
/home/ubuntu/PROGRAMA-BETA/src/External/CodeWalker.Core/Utils/Xml.cs(64,20): warning CS8603: Possible null reference return. [/home/ubuntu/PROGRAMA-BETA/src/FiveMTool.csproj]
/home/ubuntu/PROGRAMA-BETA/src/External/CodeWalker.Core/Utils/Xml.cs(69,26): warning CS8600: Converting null literal or possible null value to non-nullable type. [/home/ubuntu/PROGRAMA-BETA/src/FiveMTool.csproj]
/home/ubuntu/PROGRAMA-BETA/src/External/CodeWalker.Core/World/AudioZones.cs(303,29): error CS0121: The call is ambiguous between the following methods or properties: 'CodeWalker.QuaternionExtension.Multiply(SharpDX.Quaternion, SharpDX.Vector3)' and 'CodeWalker.QuaternionExtension.Multiply(SharpDX.Quaternion, SharpDX.Vector3)' [/home/ubuntu/PROGRAMA-BETA/src/FiveMTool.csproj]
/home/ubuntu/PROGRAMA-BETA/src/External/CodeWalker.Core/Utils/Xml.cs(77,26): warning CS8600: Converting null literal or possible null value to non-nullable type. [/home/ubuntu/PROGRAMA-BETA/src/FiveMTool.csproj]
/home/ubuntu/PROGRAMA-BETA/src/External/CodeWalker.Core/Utils/Xml.cs(85,26): warning CS8600: Converting null literal or possible null value to non-nullable type. [/home/ubuntu/PROGRAMA-BETA/src/FiveMTool.csproj]
/home/ubuntu/PROGRAMA-BETA/src/External/CodeWalker.Core/Utils/Xml.cs(87,32): warning CS8604: Possible null reference argument for parameter 's' in 'bool FloatUtil.TryParse(string s, out float f)'. [/home/ubuntu/PROGRAMA-BETA/src/FiveMTool.csproj]
/home/ubuntu/PROGRAMA-BETA/src/External/CodeWalker.Core/Utils/Xml.cs(93,26): warning CS8600: Converting null literal or possible null value to non-nullable type. [/home/ubuntu/PROGRAMA-BETA/src/FiveMTool.csproj]
/home/ubuntu/PROGRAMA-BETA/src/External/CodeWalker.Core/Utils/Xml.cs(94,36): warning CS8604: Possible null reference argument for parameter 'val' in 'T Xml.GetEnumValue<T>(string val)'. [/home/ubuntu/PROGRAMA-BETA/src/FiveMTool.csproj]
/home/ubuntu/PROGRAMA-BETA/src/External/CodeWalker.Core/Utils/Xml.cs(118,54): warning CS8602: Dereference of a possibly null reference. [/home/ubuntu/PROGRAMA-BETA/src/FiveMTool.csproj]
/home/ubuntu/PROGRAMA-BETA/src/External/CodeWalker.Core/Utils/Xml.cs(118,26): warning CS8600: Converting null literal or possible null value to non-nullable type. [/home/ubuntu/PROGRAMA-BETA/src/FiveMTool.csproj]
/home/ubuntu/PROGRAMA-BETA/src/External/CodeWalker.Core/World/Space.cs(1365,40): error CS0121: The call is ambiguous between the following methods or properties: 'CodeWalker.QuaternionExtension.Multiply(SharpDX.Quaternion, SharpDX.Vector3)' and 'CodeWalker.QuaternionExtension.Multiply(SharpDX.Quaternion, SharpDX.Vector3)' [/home/ubuntu/PROGRAMA-BETA/src/FiveMTool.csproj]
/home/ubuntu/PROGRAMA-BETA/src/External/CodeWalker.Core/World/Space.cs(1366,41): error CS0121: The call is ambiguous between the following methods or properties: 'CodeWalker.QuaternionExtension.Multiply(SharpDX.Quaternion, SharpDX.Vector3)' and 'CodeWalker.QuaternionExtension.Multiply(SharpDX.Quaternion, SharpDX.Vector3)' [/home/ubuntu/PROGRAMA-BETA/src/FiveMTool.csproj]
/home/ubuntu/PROGRAMA-BETA/src/External/CodeWalker.Core/World/Space.cs(1373,46): error CS0121: The call is ambiguous between the following methods or properties: 'CodeWalker.QuaternionExtension.Multiply(SharpDX.Quaternion, SharpDX.Vector3)' and 'CodeWalker.QuaternionExtension.Multiply(SharpDX.Quaternion, SharpDX.Vector3)' [/home/ubuntu/PROGRAMA-BETA/src/FiveMTool.csproj]
/home/ubuntu/PROGRAMA-BETA/src/External/CodeWalker.Core/World/Space.cs(1374,44): error CS0121: The call is ambiguous between the following methods or properties: 'CodeWalker.QuaternionExtension.Multiply(SharpDX.Quaternion, SharpDX.Vector3)' and 'CodeWalker.QuaternionExtension.Multiply(SharpDX.Quaternion, SharpDX.Vector3)' [/home/ubuntu/PROGRAMA-BETA/src/FiveMTool.csproj]
/home/ubuntu/PROGRAMA-BETA/src/External/CodeWalker.Core/World/Space.cs(1385,50): error CS0121: The call is ambiguous between the following methods or properties: 'CodeWalker.QuaternionExtension.Multiply(SharpDX.Quaternion, SharpDX.Vector3)' and 'CodeWalker.QuaternionExtension.Multiply(SharpDX.Quaternion, SharpDX.Vector3)' [/home/ubuntu/PROGRAMA-BETA/src/FiveMTool.csproj]
/home/ubuntu/PROGRAMA-BETA/src/External/CodeWalker.Core/World/Space.cs(1386,48): error CS0121: The call is ambiguous between the following methods or properties: 'CodeWalker.QuaternionExtension.Multiply(SharpDX.Quaternion, SharpDX.Vector3)' and 'CodeWalker.QuaternionExtension.Multiply(SharpDX.Quaternion, SharpDX.Vector3)' [/home/ubuntu/PROGRAMA-BETA/src/FiveMTool.csproj]
/home/ubuntu/PROGRAMA-BETA/src/External/CodeWalker.Core/World/Space.cs(1396,50): error CS0121: The call is ambiguous between the following methods or properties: 'CodeWalker.QuaternionExtension.Multiply(SharpDX.Quaternion, SharpDX.Vector3)' and 'CodeWalker.QuaternionExtension.Multiply(SharpDX.Quaternion, SharpDX.Vector3)' [/home/ubuntu/PROGRAMA-BETA/src/FiveMTool.csproj]
/home/ubuntu/PROGRAMA-BETA/src/External/CodeWalker.Core/World/Space.cs(1397,48): error CS0121: The call is ambiguous between the following methods or properties: 'CodeWalker.QuaternionExtension.Multiply(SharpDX.Quaternion, SharpDX.Vector3)' and 'CodeWalker.QuaternionExtension.Multiply(SharpDX.Quaternion, SharpDX.Vector3)' [/home/ubuntu/PROGRAMA-BETA/src/FiveMTool.csproj]
/home/ubuntu/PROGRAMA-BETA/src/External/CodeWalker.Core/Utils/Xml.cs(126,54): warning CS8602: Dereference of a possibly null reference. [/home/ubuntu/PROGRAMA-BETA/src/FiveMTool.csproj]
/home/ubuntu/PROGRAMA-BETA/src/External/CodeWalker.Core/Utils/Xml.cs(126,26): warning CS8600: Converting null literal or possible null value to non-nullable type. [/home/ubuntu/PROGRAMA-BETA/src/FiveMTool.csproj]
/home/ubuntu/PROGRAMA-BETA/src/External/CodeWalker.Core/Utils/Xml.cs(134,54): warning CS8602: Dereference of a possibly null reference. [/home/ubuntu/PROGRAMA-BETA/src/FiveMTool.csproj]
/home/ubuntu/PROGRAMA-BETA/src/External/CodeWalker.Core/Utils/Xml.cs(134,26): warning CS8600: Converting null literal or possible null value to non-nullable type. [/home/ubuntu/PROGRAMA-BETA/src/FiveMTool.csproj]
/home/ubuntu/PROGRAMA-BETA/src/External/CodeWalker.Core/Utils/Xml.cs(150,54): warning CS8602: Dereference of a possibly null reference. [/home/ubuntu/PROGRAMA-BETA/src/FiveMTool.csproj]
/home/ubuntu/PROGRAMA-BETA/src/External/CodeWalker.Core/Utils/Xml.cs(150,26): warning CS8600: Converting null literal or possible null value to non-nullable type. [/home/ubuntu/PROGRAMA-BETA/src/FiveMTool.csproj]
/home/ubuntu/PROGRAMA-BETA/src/External/CodeWalker.Core/Utils/Xml.cs(166,54): warning CS8602: Dereference of a possibly null reference. [/home/ubuntu/PROGRAMA-BETA/src/FiveMTool.csproj]
/home/ubuntu/PROGRAMA-BETA/src/External/CodeWalker.Core/Utils/Xml.cs(166,26): warning CS8600: Converting null literal or possible null value to non-nullable type. [/home/ubuntu/PROGRAMA-BETA/src/FiveMTool.csproj]
/home/ubuntu/PROGRAMA-BETA/src/External/CodeWalker.Core/Utils/Xml.cs(168,32): warning CS8604: Possible null reference argument for parameter 's' in 'bool FloatUtil.TryParse(string s, out float f)'. [/home/ubuntu/PROGRAMA-BETA/src/FiveMTool.csproj]
/home/ubuntu/PROGRAMA-BETA/src/External/CodeWalker.Core/Utils/Xml.cs(174,54): warning CS8602: Dereference of a possibly null reference. [/home/ubuntu/PROGRAMA-BETA/src/FiveMTool.csproj]
/home/ubuntu/PROGRAMA-BETA/src/External/CodeWalker.Core/Utils/Xml.cs(174,26): warning CS8600: Converting null literal or possible null value to non-nullable type. [/home/ubuntu/PROGRAMA-BETA/src/FiveMTool.csproj]
/home/ubuntu/PROGRAMA-BETA/src/External/CodeWalker.Core/Utils/Xml.cs(175,20): warning CS8603: Possible null reference return. [/home/ubuntu/PROGRAMA-BETA/src/FiveMTool.csproj]
/home/ubuntu/PROGRAMA-BETA/src/External/CodeWalker.Core/Utils/Xml.cs(201,20): warning CS8603: Possible null reference return. [/home/ubuntu/PROGRAMA-BETA/src/FiveMTool.csproj]
/home/ubuntu/PROGRAMA-BETA/src/External/CodeWalker.Core/Utils/Vectors.cs(130,22): error CS0121: The call is ambiguous between the following methods or properties: 'CodeWalker.BoundingBoxMath.Transform(SharpDX.BoundingBox, SharpDX.Matrix)' and 'CodeWalker.BoundingBoxMath.Transform(SharpDX.BoundingBox, SharpDX.Matrix)' [/home/ubuntu/PROGRAMA-BETA/src/FiveMTool.csproj]
/home/ubuntu/PROGRAMA-BETA/src/External/CodeWalker.Core/World/Space.cs(1421,36): error CS0121: The call is ambiguous between the following methods or properties: 'CodeWalker.QuaternionExtension.Multiply(SharpDX.Quaternion, SharpDX.Vector3)' and 'CodeWalker.QuaternionExtension.Multiply(SharpDX.Quaternion, SharpDX.Vector3)' [/home/ubuntu/PROGRAMA-BETA/src/FiveMTool.csproj]
/home/ubuntu/PROGRAMA-BETA/src/External/CodeWalker.Core/World/Space.cs(1422,37): error CS0121: The call is ambiguous between the following methods or properties: 'CodeWalker.QuaternionExtension.Multiply(SharpDX.Quaternion, SharpDX.Vector3)' and 'CodeWalker.QuaternionExtension.Multiply(SharpDX.Quaternion, SharpDX.Vector3)' [/home/ubuntu/PROGRAMA-BETA/src/FiveMTool.csproj]
/home/ubuntu/PROGRAMA-BETA/src/External/CodeWalker.Core/World/Space.cs(1433,42): error CS0121: The call is ambiguous between the following methods or properties: 'CodeWalker.QuaternionExtension.Multiply(SharpDX.Quaternion, SharpDX.Vector3)' and 'CodeWalker.QuaternionExtension.Multiply(SharpDX.Quaternion, SharpDX.Vector3)' [/home/ubuntu/PROGRAMA-BETA/src/FiveMTool.csproj]
/home/ubuntu/PROGRAMA-BETA/src/External/CodeWalker.Core/World/Space.cs(1434,40): error CS0121: The call is ambiguous between the following methods or properties: 'CodeWalker.QuaternionExtension.Multiply(SharpDX.Quaternion, SharpDX.Vector3)' and 'CodeWalker.QuaternionExtension.Multiply(SharpDX.Quaternion, SharpDX.Vector3)' [/home/ubuntu/PROGRAMA-BETA/src/FiveMTool.csproj]
/home/ubuntu/PROGRAMA-BETA/src/External/CodeWalker.Core/Utils/Xml.cs(246,36): warning CS8604: Possible null reference argument for parameter 'node' in 'byte[] Xml.GetRawByteArray(XmlNode node, int fromBase = 16)'. [/home/ubuntu/PROGRAMA-BETA/src/FiveMTool.csproj]
/home/ubuntu/PROGRAMA-BETA/src/External/CodeWalker.Core/Utils/Xml.cs(251,39): warning CS8604: Possible null reference argument for parameter 'node' in 'byte[] Xml.GetRawByteArray(XmlNode node, int fromBase = 16)'. [/home/ubuntu/PROGRAMA-BETA/src/FiveMTool.csproj]
/home/ubuntu/PROGRAMA-BETA/src/External/CodeWalker.Core/Utils/Xml.cs(252,20): warning CS8603: Possible null reference return. [/home/ubuntu/PROGRAMA-BETA/src/FiveMTool.csproj]
/home/ubuntu/PROGRAMA-BETA/src/External/CodeWalker.Core/Utils/Vectors.cs(136,42): error CS0121: The call is ambiguous between the following methods or properties: 'CodeWalker.Vectors.Abs(SharpDX.Vector4)' and 'CodeWalker.Vectors.Abs(SharpDX.Vector4)' [/home/ubuntu/PROGRAMA-BETA/src/FiveMTool.csproj]
/home/ubuntu/PROGRAMA-BETA/src/External/CodeWalker.Core/Utils/Vectors.cs(137,42): error CS0121: The call is ambiguous between the following methods or properties: 'CodeWalker.Vectors.Abs(SharpDX.Vector4)' and 'CodeWalker.Vectors.Abs(SharpDX.Vector4)' [/home/ubuntu/PROGRAMA-BETA/src/FiveMTool.csproj]
/home/ubuntu/PROGRAMA-BETA/src/External/CodeWalker.Core/Utils/Vectors.cs(138,42): error CS0121: The call is ambiguous between the following methods or properties: 'CodeWalker.Vectors.Abs(SharpDX.Vector4)' and 'CodeWalker.Vectors.Abs(SharpDX.Vector4)' [/home/ubuntu/PROGRAMA-BETA/src/FiveMTool.csproj]
/home/ubuntu/PROGRAMA-BETA/src/External/CodeWalker.Core/Utils/Vectors.cs(139,42): error CS0121: The call is ambiguous between the following methods or properties: 'CodeWalker.Vectors.Abs(SharpDX.Vector4)' and 'CodeWalker.Vectors.Abs(SharpDX.Vector4)' [/home/ubuntu/PROGRAMA-BETA/src/FiveMTool.csproj]
/home/ubuntu/PROGRAMA-BETA/src/External/CodeWalker.Core/Utils/Vectors.cs(143,69): error CS0121: The call is ambiguous between the following methods or properties: 'CodeWalker.Vectors.Abs(SharpDX.Vector3)' and 'CodeWalker.Vectors.Abs(SharpDX.Vector3)' [/home/ubuntu/PROGRAMA-BETA/src/FiveMTool.csproj]
/home/ubuntu/PROGRAMA-BETA/src/External/CodeWalker.Core/Utils/Xml.cs(276,38): warning CS8604: Possible null reference argument for parameter 'node' in 'ushort[] Xml.GetRawUshortArray(XmlNode node)'. [/home/ubuntu/PROGRAMA-BETA/src/FiveMTool.csproj]
/home/ubuntu/PROGRAMA-BETA/src/External/CodeWalker.Core/World/Scenarios.cs(121,31): warning CS8618: Non-nullable property 'PathVerts' must contain a non-null value when exiting constructor. Consider declaring the property as nullable. [/home/ubuntu/PROGRAMA-BETA/src/FiveMTool.csproj]
/home/ubuntu/PROGRAMA-BETA/src/External/CodeWalker.Core/World/Scenarios.cs(122,31): warning CS8618: Non-nullable property 'TriangleVerts' must contain a non-null value when exiting constructor. Consider declaring the property as nullable. [/home/ubuntu/PROGRAMA-BETA/src/FiveMTool.csproj]
/home/ubuntu/PROGRAMA-BETA/src/External/CodeWalker.Core/World/Scenarios.cs(123,26): warning CS8618: Non-nullable property 'NodePositions' must contain a non-null value when exiting constructor. Consider declaring the property as nullable. [/home/ubuntu/PROGRAMA-BETA/src/FiveMTool.csproj]
/home/ubuntu/PROGRAMA-BETA/src/External/CodeWalker.Core/World/Scenarios.cs(138,24): warning CS8618: Non-nullable property 'Ymt' must contain a non-null value when exiting constructor. Consider declaring the property as nullable. [/home/ubuntu/PROGRAMA-BETA/src/FiveMTool.csproj]
/home/ubuntu/PROGRAMA-BETA/src/External/CodeWalker.Core/World/Scenarios.cs(139,38): warning CS8618: Non-nullable property 'Region' must contain a non-null value when exiting constructor. Consider declaring the property as nullable. [/home/ubuntu/PROGRAMA-BETA/src/FiveMTool.csproj]
/home/ubuntu/PROGRAMA-BETA/src/External/CodeWalker.Core/World/Scenarios.cs(141,51): warning CS8618: Non-nullable property 'NodeDict' must contain a non-null value when exiting constructor. Consider declaring the property as nullable. [/home/ubuntu/PROGRAMA-BETA/src/FiveMTool.csproj]
/home/ubuntu/PROGRAMA-BETA/src/External/CodeWalker.Core/World/Scenarios.cs(142,35): warning CS8618: Non-nullable property 'Nodes' must contain a non-null value when exiting constructor. Consider declaring the property as nullable. [/home/ubuntu/PROGRAMA-BETA/src/FiveMTool.csproj]
/home/ubuntu/PROGRAMA-BETA/src/External/CodeWalker.Core/World/Scenarios.cs(144,24): warning CS8618: Non-nullable property 'BVH' must contain a non-null value when exiting constructor. Consider declaring the property as nullable. [/home/ubuntu/PROGRAMA-BETA/src/FiveMTool.csproj]
/home/ubuntu/PROGRAMA-BETA/src/External/CodeWalker.Core/Utils/Xml.cs(281,41): warning CS8604: Possible null reference argument for parameter 'node' in 'ushort[] Xml.GetRawUshortArray(XmlNode node)'. [/home/ubuntu/PROGRAMA-BETA/src/FiveMTool.csproj]
/home/ubuntu/PROGRAMA-BETA/src/External/CodeWalker.Core/Utils/Xml.cs(282,20): warning CS8603: Possible null reference return. [/home/ubuntu/PROGRAMA-BETA/src/FiveMTool.csproj]
/home/ubuntu/PROGRAMA-BETA/src/External/CodeWalker.Core/Utils/Xml.cs(306,36): warning CS8604: Possible null reference argument for parameter 'node' in 'uint[] Xml.GetRawUintArray(XmlNode node)'. [/home/ubuntu/PROGRAMA-BETA/src/FiveMTool.csproj]
/home/ubuntu/PROGRAMA-BETA/src/External/CodeWalker.Core/Utils/Xml.cs(311,39): warning CS8604: Possible null reference argument for parameter 'node' in 'uint[] Xml.GetRawUintArray(XmlNode node)'. [/home/ubuntu/PROGRAMA-BETA/src/FiveMTool.csproj]
/home/ubuntu/PROGRAMA-BETA/src/External/CodeWalker.Core/Utils/Xml.cs(312,20): warning CS8603: Possible null reference return. [/home/ubuntu/PROGRAMA-BETA/src/FiveMTool.csproj]
/home/ubuntu/PROGRAMA-BETA/src/External/CodeWalker.Core/World/Space.cs(1605,38): error CS0121: The call is ambiguous between the following methods or properties: 'CodeWalker.QuaternionExtension.Multiply(SharpDX.Quaternion, SharpDX.Vector3)' and 'CodeWalker.QuaternionExtension.Multiply(SharpDX.Quaternion, SharpDX.Vector3)' [/home/ubuntu/PROGRAMA-BETA/src/FiveMTool.csproj]
/home/ubuntu/PROGRAMA-BETA/src/External/CodeWalker.Core/World/Space.cs(1612,46): error CS0121: The call is ambiguous between the following methods or properties: 'CodeWalker.QuaternionExtension.Multiply(SharpDX.Quaternion, SharpDX.Vector3)' and 'CodeWalker.QuaternionExtension.Multiply(SharpDX.Quaternion, SharpDX.Vector3)' [/home/ubuntu/PROGRAMA-BETA/src/FiveMTool.csproj]
/home/ubuntu/PROGRAMA-BETA/src/External/CodeWalker.Core/World/Space.cs(1613,44): error CS0121: The call is ambiguous between the following methods or properties: 'CodeWalker.QuaternionExtension.Multiply(SharpDX.Quaternion, SharpDX.Vector3)' and 'CodeWalker.QuaternionExtension.Multiply(SharpDX.Quaternion, SharpDX.Vector3)' [/home/ubuntu/PROGRAMA-BETA/src/FiveMTool.csproj]
/home/ubuntu/PROGRAMA-BETA/src/External/CodeWalker.Core/World/Space.cs(1624,50): error CS0121: The call is ambiguous between the following methods or properties: 'CodeWalker.QuaternionExtension.Multiply(SharpDX.Quaternion, SharpDX.Vector3)' and 'CodeWalker.QuaternionExtension.Multiply(SharpDX.Quaternion, SharpDX.Vector3)' [/home/ubuntu/PROGRAMA-BETA/src/FiveMTool.csproj]
/home/ubuntu/PROGRAMA-BETA/src/External/CodeWalker.Core/World/Space.cs(1625,48): error CS0121: The call is ambiguous between the following methods or properties: 'CodeWalker.QuaternionExtension.Multiply(SharpDX.Quaternion, SharpDX.Vector3)' and 'CodeWalker.QuaternionExtension.Multiply(SharpDX.Quaternion, SharpDX.Vector3)' [/home/ubuntu/PROGRAMA-BETA/src/FiveMTool.csproj]
/home/ubuntu/PROGRAMA-BETA/src/External/CodeWalker.Core/World/Space.cs(1635,50): error CS0121: The call is ambiguous between the following methods or properties: 'CodeWalker.QuaternionExtension.Multiply(SharpDX.Quaternion, SharpDX.Vector3)' and 'CodeWalker.QuaternionExtension.Multiply(SharpDX.Quaternion, SharpDX.Vector3)' [/home/ubuntu/PROGRAMA-BETA/src/FiveMTool.csproj]
/home/ubuntu/PROGRAMA-BETA/src/External/CodeWalker.Core/World/Space.cs(1636,48): error CS0121: The call is ambiguous between the following methods or properties: 'CodeWalker.QuaternionExtension.Multiply(SharpDX.Quaternion, SharpDX.Vector3)' and 'CodeWalker.QuaternionExtension.Multiply(SharpDX.Quaternion, SharpDX.Vector3)' [/home/ubuntu/PROGRAMA-BETA/src/FiveMTool.csproj]
/home/ubuntu/PROGRAMA-BETA/src/External/CodeWalker.Core/Utils/Utils.cs(21,62): warning CS8602: Dereference of a possibly null reference. [/home/ubuntu/PROGRAMA-BETA/src/FiveMTool.csproj]
/home/ubuntu/PROGRAMA-BETA/src/External/CodeWalker.Core/Utils/Utils.cs(21,40): warning CS8601: Possible null reference assignment. [/home/ubuntu/PROGRAMA-BETA/src/FiveMTool.csproj]
/home/ubuntu/PROGRAMA-BETA/src/External/CodeWalker.Core/Utils/TriangleBVH.cs(176,39): error CS0121: The call is ambiguous between the following methods or properties: 'CodeWalker.QuaternionExtension.Multiply(SharpDX.Quaternion, SharpDX.Vector3)' and 'CodeWalker.QuaternionExtension.Multiply(SharpDX.Quaternion, SharpDX.Vector3)' [/home/ubuntu/PROGRAMA-BETA/src/FiveMTool.csproj]
/home/ubuntu/PROGRAMA-BETA/src/External/CodeWalker.Core/Utils/TriangleBVH.cs(177,39): error CS0121: The call is ambiguous between the following methods or properties: 'CodeWalker.QuaternionExtension.Multiply(SharpDX.Quaternion, SharpDX.Vector3)' and 'CodeWalker.QuaternionExtension.Multiply(SharpDX.Quaternion, SharpDX.Vector3)' [/home/ubuntu/PROGRAMA-BETA/src/FiveMTool.csproj]
/home/ubuntu/PROGRAMA-BETA/src/External/CodeWalker.Core/Utils/TriangleBVH.cs(178,39): error CS0121: The call is ambiguous between the following methods or properties: 'CodeWalker.QuaternionExtension.Multiply(SharpDX.Quaternion, SharpDX.Vector3)' and 'CodeWalker.QuaternionExtension.Multiply(SharpDX.Quaternion, SharpDX.Vector3)' [/home/ubuntu/PROGRAMA-BETA/src/FiveMTool.csproj]
/home/ubuntu/PROGRAMA-BETA/src/External/CodeWalker.Core/Utils/TriangleBVH.cs(194,59): error CS0121: The call is ambiguous between the following methods or properties: 'CodeWalker.QuaternionExtension.Multiply(SharpDX.Quaternion, SharpDX.Vector3)' and 'CodeWalker.QuaternionExtension.Multiply(SharpDX.Quaternion, SharpDX.Vector3)' [/home/ubuntu/PROGRAMA-BETA/src/FiveMTool.csproj]
/home/ubuntu/PROGRAMA-BETA/src/External/CodeWalker.Core/Utils/TriangleBVH.cs(195,59): error CS0121: The call is ambiguous between the following methods or properties: 'CodeWalker.QuaternionExtension.Multiply(SharpDX.Quaternion, SharpDX.Vector3)' and 'CodeWalker.QuaternionExtension.Multiply(SharpDX.Quaternion, SharpDX.Vector3)' [/home/ubuntu/PROGRAMA-BETA/src/FiveMTool.csproj]
/home/ubuntu/PROGRAMA-BETA/src/External/CodeWalker.Core/Utils/TriangleBVH.cs(196,59): error CS0121: The call is ambiguous between the following methods or properties: 'CodeWalker.QuaternionExtension.Multiply(SharpDX.Quaternion, SharpDX.Vector3)' and 'CodeWalker.QuaternionExtension.Multiply(SharpDX.Quaternion, SharpDX.Vector3)' [/home/ubuntu/PROGRAMA-BETA/src/FiveMTool.csproj]
/home/ubuntu/PROGRAMA-BETA/src/External/CodeWalker.Core/Utils/Utils.cs(193,21): error CS0104: 'Half' is an ambiguous reference between 'SharpDX.Half' and 'System.Half' [/home/ubuntu/PROGRAMA-BETA/src/FiveMTool.csproj]
/home/ubuntu/PROGRAMA-BETA/src/External/CodeWalker.Core/Utils/TriangleBVH.cs(43,25): warning CS8625: Cannot convert null literal to non-nullable reference type. [/home/ubuntu/PROGRAMA-BETA/src/FiveMTool.csproj]
/home/ubuntu/PROGRAMA-BETA/src/External/CodeWalker.Core/Utils/TriangleBVH.cs(44,25): warning CS8625: Cannot convert null literal to non-nullable reference type. [/home/ubuntu/PROGRAMA-BETA/src/FiveMTool.csproj]
/home/ubuntu/PROGRAMA-BETA/src/External/CodeWalker.Core/World/Space.cs(1655,34): error CS0121: The call is ambiguous between the following methods or properties: 'CodeWalker.QuaternionExtension.Multiply(SharpDX.Quaternion, SharpDX.Vector3)' and 'CodeWalker.QuaternionExtension.Multiply(SharpDX.Quaternion, SharpDX.Vector3)' [/home/ubuntu/PROGRAMA-BETA/src/FiveMTool.csproj]
/home/ubuntu/PROGRAMA-BETA/src/External/CodeWalker.Core/World/Space.cs(1664,42): error CS0121: The call is ambiguous between the following methods or properties: 'CodeWalker.QuaternionExtension.Multiply(SharpDX.Quaternion, SharpDX.Vector3)' and 'CodeWalker.QuaternionExtension.Multiply(SharpDX.Quaternion, SharpDX.Vector3)' [/home/ubuntu/PROGRAMA-BETA/src/FiveMTool.csproj]
/home/ubuntu/PROGRAMA-BETA/src/External/CodeWalker.Core/World/Space.cs(1665,40): error CS0121: The call is ambiguous between the following methods or properties: 'CodeWalker.QuaternionExtension.Multiply(SharpDX.Quaternion, SharpDX.Vector3)' and 'CodeWalker.QuaternionExtension.Multiply(SharpDX.Quaternion, SharpDX.Vector3)' [/home/ubuntu/PROGRAMA-BETA/src/FiveMTool.csproj]
/home/ubuntu/PROGRAMA-BETA/src/External/CodeWalker.Core/Utils/Utils.cs(198,21): error CS0104: 'Half' is an ambiguous reference between 'SharpDX.Half' and 'System.Half' [/home/ubuntu/PROGRAMA-BETA/src/FiveMTool.csproj]
/home/ubuntu/PROGRAMA-BETA/src/External/CodeWalker.Core/World/Space.cs(17,47): warning CS8625: Cannot convert null literal to non-nullable reference type. [/home/ubuntu/PROGRAMA-BETA/src/FiveMTool.csproj]
/home/ubuntu/PROGRAMA-BETA/src/External/CodeWalker.Core/World/Space.cs(22,34): warning CS8618: Non-nullable field 'MapDataStore' must contain a non-null value when exiting constructor. Consider declaring the field as nullable. [/home/ubuntu/PROGRAMA-BETA/src/FiveMTool.csproj]
/home/ubuntu/PROGRAMA-BETA/src/External/CodeWalker.Core/World/Space.cs(23,33): warning CS8618: Non-nullable field 'BoundsStore' must contain a non-null value when exiting constructor. Consider declaring the field as nullable. [/home/ubuntu/PROGRAMA-BETA/src/FiveMTool.csproj]
/home/ubuntu/PROGRAMA-BETA/src/External/CodeWalker.Core/World/Space.cs(41,30): warning CS8618: Non-nullable field 'NodeGrid' must contain a non-null value when exiting constructor. Consider declaring the field as nullable. [/home/ubuntu/PROGRAMA-BETA/src/FiveMTool.csproj]
/home/ubuntu/PROGRAMA-BETA/src/External/CodeWalker.Core/World/Space.cs(44,29): warning CS8618: Non-nullable field 'NavGrid' must contain a non-null value when exiting constructor. Consider declaring the field as nullable. [/home/ubuntu/PROGRAMA-BETA/src/FiveMTool.csproj]
/home/ubuntu/PROGRAMA-BETA/src/External/CodeWalker.Core/Utils/Xml.cs(336,35): warning CS8604: Possible null reference argument for parameter 'node' in 'int[] Xml.GetRawIntArray(XmlNode node)'. [/home/ubuntu/PROGRAMA-BETA/src/FiveMTool.csproj]
/home/ubuntu/PROGRAMA-BETA/src/External/CodeWalker.Core/Utils/TriangleBVH.cs(100,54): warning CS8603: Possible null reference return. [/home/ubuntu/PROGRAMA-BETA/src/FiveMTool.csproj]
/home/ubuntu/PROGRAMA-BETA/src/External/CodeWalker.Core/Utils/TriangleBVH.cs(102,35): warning CS8600: Converting null literal or possible null value to non-nullable type. [/home/ubuntu/PROGRAMA-BETA/src/FiveMTool.csproj]
/home/ubuntu/PROGRAMA-BETA/src/External/CodeWalker.Core/Utils/TriangleBVH.cs(139,20): warning CS8603: Possible null reference return. [/home/ubuntu/PROGRAMA-BETA/src/FiveMTool.csproj]
/home/ubuntu/PROGRAMA-BETA/src/External/CodeWalker.Core/Utils/TriangleBVH.cs(32,34): warning CS8618: Non-nullable property 'Triangles' must contain a non-null value when exiting constructor. Consider declaring the property as nullable. [/home/ubuntu/PROGRAMA-BETA/src/FiveMTool.csproj]
/home/ubuntu/PROGRAMA-BETA/src/External/CodeWalker.Core/Utils/TriangleBVH.cs(33,32): warning CS8618: Non-nullable property 'Node1' must contain a non-null value when exiting constructor. Consider declaring the property as nullable. [/home/ubuntu/PROGRAMA-BETA/src/FiveMTool.csproj]
/home/ubuntu/PROGRAMA-BETA/src/External/CodeWalker.Core/Utils/TriangleBVH.cs(34,32): warning CS8618: Non-nullable property 'Node2' must contain a non-null value when exiting constructor. Consider declaring the property as nullable. [/home/ubuntu/PROGRAMA-BETA/src/FiveMTool.csproj]
/home/ubuntu/PROGRAMA-BETA/src/External/CodeWalker.Core/Utils/Xml.cs(341,38): warning CS8604: Possible null reference argument for parameter 'node' in 'int[] Xml.GetRawIntArray(XmlNode node)'. [/home/ubuntu/PROGRAMA-BETA/src/FiveMTool.csproj]
/home/ubuntu/PROGRAMA-BETA/src/External/CodeWalker.Core/Utils/Xml.cs(342,20): warning CS8603: Possible null reference return. [/home/ubuntu/PROGRAMA-BETA/src/FiveMTool.csproj]
/home/ubuntu/PROGRAMA-BETA/src/External/CodeWalker.Core/GameFiles/FileTypes/AwcFile.cs(1843,16): warning CS8618: Non-nullable property 'Channels' must contain a non-null value when exiting constructor. Consider declaring the property as nullable. [/home/ubuntu/PROGRAMA-BETA/src/FiveMTool.csproj]
/home/ubuntu/PROGRAMA-BETA/src/External/CodeWalker.Core/Utils/Xml.cs(362,37): warning CS8604: Possible null reference argument for parameter 'node' in 'float[] Xml.GetRawFloatArray(XmlNode node)'. [/home/ubuntu/PROGRAMA-BETA/src/FiveMTool.csproj]
/home/ubuntu/PROGRAMA-BETA/src/External/CodeWalker.Core/Utils/Xml.cs(367,40): warning CS8604: Possible null reference argument for parameter 'node' in 'float[] Xml.GetRawFloatArray(XmlNode node)'. [/home/ubuntu/PROGRAMA-BETA/src/FiveMTool.csproj]
/home/ubuntu/PROGRAMA-BETA/src/External/CodeWalker.Core/Utils/Xml.cs(368,20): warning CS8603: Possible null reference return. [/home/ubuntu/PROGRAMA-BETA/src/FiveMTool.csproj]
/home/ubuntu/PROGRAMA-BETA/src/External/CodeWalker.Core/GameFiles/FileTypes/AwcFile.cs(1882,17): warning CS8602: Dereference of a possibly null reference. [/home/ubuntu/PROGRAMA-BETA/src/FiveMTool.csproj]
/home/ubuntu/PROGRAMA-BETA/src/External/CodeWalker.Core/GameFiles/FileTypes/AwcFile.cs(1887,50): warning CS8604: Possible null reference argument for parameter 'text' in 'void MetaXmlBase.StringTag(StringBuilder sb, int indent, string name, string text)'. [/home/ubuntu/PROGRAMA-BETA/src/FiveMTool.csproj]
/home/ubuntu/PROGRAMA-BETA/src/External/CodeWalker.Core/GameFiles/FileTypes/AwcFile.cs(1985,16): warning CS8618: Non-nullable property 'Data' must contain a non-null value when exiting constructor. Consider declaring the property as nullable. [/home/ubuntu/PROGRAMA-BETA/src/FiveMTool.csproj]
/home/ubuntu/PROGRAMA-BETA/src/External/CodeWalker.Core/GameFiles/FileTypes/AwcFile.cs(1985,16): warning CS8618: Non-nullable property 'ClipDict' must contain a non-null value when exiting constructor. Consider declaring the property as nullable. [/home/ubuntu/PROGRAMA-BETA/src/FiveMTool.csproj]
/home/ubuntu/PROGRAMA-BETA/src/External/CodeWalker.Core/Utils/Xml.cs(410,39): warning CS8604: Possible null reference argument for parameter 'node' in 'Vector2[] Xml.GetRawVector2Array(XmlNode node)'. [/home/ubuntu/PROGRAMA-BETA/src/FiveMTool.csproj]
/home/ubuntu/PROGRAMA-BETA/src/External/CodeWalker.Core/GameFiles/FileTypes/AwcFile.cs(2059,16): warning CS8618: Non-nullable property 'Data' must contain a non-null value when exiting constructor. Consider declaring the property as nullable. [/home/ubuntu/PROGRAMA-BETA/src/FiveMTool.csproj]
/home/ubuntu/PROGRAMA-BETA/src/External/CodeWalker.Core/GameFiles/FileTypes/AwcFile.cs(2027,50): warning CS8604: Possible null reference argument for parameter 'text' in 'void MetaXmlBase.StringTag(StringBuilder sb, int indent, string name, string text)'. [/home/ubuntu/PROGRAMA-BETA/src/FiveMTool.csproj]
/home/ubuntu/PROGRAMA-BETA/src/External/CodeWalker.Core/GameFiles/FileTypes/AwcFile.cs(2087,50): warning CS8604: Possible null reference argument for parameter 'text' in 'void MetaXmlBase.StringTag(StringBuilder sb, int indent, string name, string text)'. [/home/ubuntu/PROGRAMA-BETA/src/FiveMTool.csproj]
/home/ubuntu/PROGRAMA-BETA/src/External/CodeWalker.Core/GameFiles/FileTypes/AwcFile.cs(2222,16): warning CS8618: Non-nullable property 'Gestures' must contain a non-null value when exiting constructor. Consider declaring the property as nullable. [/home/ubuntu/PROGRAMA-BETA/src/FiveMTool.csproj]
/home/ubuntu/PROGRAMA-BETA/src/External/CodeWalker.Core/Utils/Xml.cs(453,39): warning CS8604: Possible null reference argument for parameter 'node' in 'Vector3[] Xml.GetRawVector3Array(XmlNode node)'. [/home/ubuntu/PROGRAMA-BETA/src/FiveMTool.csproj]
/home/ubuntu/PROGRAMA-BETA/src/External/CodeWalker.Core/Utils/Xml.cs(458,42): warning CS8604: Possible null reference argument for parameter 'node' in 'Vector3[] Xml.GetRawVector3Array(XmlNode node)'. [/home/ubuntu/PROGRAMA-BETA/src/FiveMTool.csproj]
/home/ubuntu/PROGRAMA-BETA/src/External/CodeWalker.Core/Utils/Xml.cs(459,20): warning CS8603: Possible null reference return. [/home/ubuntu/PROGRAMA-BETA/src/FiveMTool.csproj]
/home/ubuntu/PROGRAMA-BETA/src/External/CodeWalker.Core/GameFiles/FileTypes/AwcFile.cs(2246,17): warning CS8602: Dereference of a possibly null reference. [/home/ubuntu/PROGRAMA-BETA/src/FiveMTool.csproj]
/home/ubuntu/PROGRAMA-BETA/src/External/CodeWalker.Core/GameFiles/FileTypes/AwcFile.cs(2251,50): warning CS8604: Possible null reference argument for parameter 'text' in 'void MetaXmlBase.StringTag(StringBuilder sb, int indent, string name, string text)'. [/home/ubuntu/PROGRAMA-BETA/src/FiveMTool.csproj]
/home/ubuntu/PROGRAMA-BETA/src/External/CodeWalker.Core/GameFiles/FileTypes/AwcFile.cs(2349,16): warning CS8618: Non-nullable property 'GranularGrains' must contain a non-null value when exiting constructor. Consider declaring the property as nullable. [/home/ubuntu/PROGRAMA-BETA/src/FiveMTool.csproj]
/home/ubuntu/PROGRAMA-BETA/src/External/CodeWalker.Core/GameFiles/FileTypes/AwcFile.cs(1795,50): warning CS8604: Possible null reference argument for parameter 'text' in 'void MetaXmlBase.StringTag(StringBuilder sb, int indent, string name, string text)'. [/home/ubuntu/PROGRAMA-BETA/src/FiveMTool.csproj]
/home/ubuntu/PROGRAMA-BETA/src/External/CodeWalker.Core/GameFiles/FileTypes/AwcFile.cs(2380,17): warning CS8602: Dereference of a possibly null reference. [/home/ubuntu/PROGRAMA-BETA/src/FiveMTool.csproj]
/home/ubuntu/PROGRAMA-BETA/src/External/CodeWalker.Core/Utils/Xml.cs(504,39): warning CS8604: Possible null reference argument for parameter 'node' in 'Vector4[] Xml.GetRawVector4Array(XmlNode node)'. [/home/ubuntu/PROGRAMA-BETA/src/FiveMTool.csproj]
/home/ubuntu/PROGRAMA-BETA/src/External/CodeWalker.Core/Utils/Xml.cs(509,42): warning CS8604: Possible null reference argument for parameter 'node' in 'Vector4[] Xml.GetRawVector4Array(XmlNode node)'. [/home/ubuntu/PROGRAMA-BETA/src/FiveMTool.csproj]
/home/ubuntu/PROGRAMA-BETA/src/External/CodeWalker.Core/Utils/Xml.cs(510,20): warning CS8603: Possible null reference return. [/home/ubuntu/PROGRAMA-BETA/src/FiveMTool.csproj]
/home/ubuntu/PROGRAMA-BETA/src/External/CodeWalker.Core/GameFiles/FileTypes/AwcFile.cs(2386,50): warning CS8604: Possible null reference argument for parameter 'text' in 'void MetaXmlBase.StringTag(StringBuilder sb, int indent, string name, string text)'. [/home/ubuntu/PROGRAMA-BETA/src/FiveMTool.csproj]
/home/ubuntu/PROGRAMA-BETA/src/External/CodeWalker.Core/Utils/Xml.cs(523,30): warning CS8604: Possible null reference argument for parameter 'node' in 'Matrix Xml.GetMatrix(XmlNode node)'. [/home/ubuntu/PROGRAMA-BETA/src/FiveMTool.csproj]
/home/ubuntu/PROGRAMA-BETA/src/External/CodeWalker.Core/GameFiles/FileTypes/AwcFile.cs(2680,16): warning CS8618: Non-nullable property 'Markers' must contain a non-null value when exiting constructor. Consider declaring the property as nullable. [/home/ubuntu/PROGRAMA-BETA/src/FiveMTool.csproj]
/home/ubuntu/PROGRAMA-BETA/src/External/CodeWalker.Core/GameFiles/FileTypes/AwcFile.cs(2513,16): warning CS8618: Non-nullable property 'GranularLoops' must contain a non-null value when exiting constructor. Consider declaring the property as nullable. [/home/ubuntu/PROGRAMA-BETA/src/FiveMTool.csproj]
/home/ubuntu/PROGRAMA-BETA/src/External/CodeWalker.Core/GameFiles/FileTypes/AwcFile.cs(2539,17): warning CS8602: Dereference of a possibly null reference. [/home/ubuntu/PROGRAMA-BETA/src/FiveMTool.csproj]
/home/ubuntu/PROGRAMA-BETA/src/External/CodeWalker.Core/GameFiles/FileTypes/AwcFile.cs(2544,50): warning CS8604: Possible null reference argument for parameter 'text' in 'void MetaXmlBase.StringTag(StringBuilder sb, int indent, string name, string text)'. [/home/ubuntu/PROGRAMA-BETA/src/FiveMTool.csproj]
/home/ubuntu/PROGRAMA-BETA/src/External/CodeWalker.Core/GameFiles/FileTypes/AwcFile.cs(2727,16): warning CS8618: Non-nullable property 'Data' must contain a non-null value when exiting constructor. Consider declaring the property as nullable. [/home/ubuntu/PROGRAMA-BETA/src/FiveMTool.csproj]
/home/ubuntu/PROGRAMA-BETA/src/External/CodeWalker.Core/GameFiles/FileTypes/AwcFile.cs(2741,50): warning CS8604: Possible null reference argument for parameter 'text' in 'void MetaXmlBase.StringTag(StringBuilder sb, int indent, string name, string text)'. [/home/ubuntu/PROGRAMA-BETA/src/FiveMTool.csproj]
/home/ubuntu/PROGRAMA-BETA/src/External/CodeWalker.Core/GameFiles/FileTypes/AwcFile.cs(2490,29): warning CS8602: Dereference of a possibly null reference. [/home/ubuntu/PROGRAMA-BETA/src/FiveMTool.csproj]
/home/ubuntu/PROGRAMA-BETA/src/External/CodeWalker.Core/GameFiles/FileTypes/AwcFile.cs(2760,16): warning CS8618: Non-nullable property 'SeekTable' must contain a non-null value when exiting constructor. Consider declaring the property as nullable. [/home/ubuntu/PROGRAMA-BETA/src/FiveMTool.csproj]
/home/ubuntu/PROGRAMA-BETA/src/External/CodeWalker.Core/GameFiles/FileTypes/AwcFile.cs(2454,27): warning CS8618: Non-nullable property 'Grains' must contain a non-null value when exiting constructor. Consider declaring the property as nullable. [/home/ubuntu/PROGRAMA-BETA/src/FiveMTool.csproj]
/home/ubuntu/PROGRAMA-BETA/src/External/CodeWalker.Core/GameFiles/FileTypes/AwcFile.cs(2780,25): warning CS8602: Dereference of a possibly null reference. [/home/ubuntu/PROGRAMA-BETA/src/FiveMTool.csproj]
/home/ubuntu/PROGRAMA-BETA/src/External/CodeWalker.Core/GameFiles/FileTypes/AwcFile.cs(2785,50): warning CS8604: Possible null reference argument for parameter 'text' in 'void MetaXmlBase.StringTag(StringBuilder sb, int indent, string name, string text)'. [/home/ubuntu/PROGRAMA-BETA/src/FiveMTool.csproj]
/home/ubuntu/PROGRAMA-BETA/src/External/CodeWalker.Core/GameFiles/FileTypes/AwcFile.cs(2702,17): warning CS8602: Dereference of a possibly null reference. [/home/ubuntu/PROGRAMA-BETA/src/FiveMTool.csproj]
/home/ubuntu/PROGRAMA-BETA/src/External/CodeWalker.Core/GameFiles/FileTypes/AwcFile.cs(2807,16): warning CS8618: Non-nullable property 'ChannelInfo' must contain a non-null value when exiting constructor. Consider declaring the property as nullable. [/home/ubuntu/PROGRAMA-BETA/src/FiveMTool.csproj]
/home/ubuntu/PROGRAMA-BETA/src/External/CodeWalker.Core/GameFiles/FileTypes/AwcFile.cs(2807,16): warning CS8618: Non-nullable property 'Channels' must contain a non-null value when exiting constructor. Consider declaring the property as nullable. [/home/ubuntu/PROGRAMA-BETA/src/FiveMTool.csproj]
/home/ubuntu/PROGRAMA-BETA/src/External/CodeWalker.Core/GameFiles/FileTypes/AwcFile.cs(2707,50): warning CS8604: Possible null reference argument for parameter 'text' in 'void MetaXmlBase.StringTag(StringBuilder sb, int indent, string name, string text)'. [/home/ubuntu/PROGRAMA-BETA/src/FiveMTool.csproj]
/home/ubuntu/PROGRAMA-BETA/src/External/CodeWalker.Core/GameFiles/FileTypes/AwcFile.cs(2814,27): warning CS8601: Possible null reference assignment. [/home/ubuntu/PROGRAMA-BETA/src/FiveMTool.csproj]
/home/ubuntu/PROGRAMA-BETA/src/External/CodeWalker.Core/GameFiles/FileTypes/AwcFile.cs(2816,46): warning CS8604: Possible null reference argument for parameter 'buffer' in 'MemoryStream.MemoryStream(byte[] buffer)'. [/home/ubuntu/PROGRAMA-BETA/src/FiveMTool.csproj]
/home/ubuntu/PROGRAMA-BETA/src/External/CodeWalker.Core/GameFiles/FileTypes/AwcFile.cs(2809,16): warning CS8618: Non-nullable property 'ChannelInfo' must contain a non-null value when exiting constructor. Consider declaring the property as nullable. [/home/ubuntu/PROGRAMA-BETA/src/FiveMTool.csproj]
/home/ubuntu/PROGRAMA-BETA/src/External/CodeWalker.Core/GameFiles/FileTypes/AwcFile.cs(2809,16): warning CS8618: Non-nullable property 'Channels' must contain a non-null value when exiting constructor. Consider declaring the property as nullable. [/home/ubuntu/PROGRAMA-BETA/src/FiveMTool.csproj]
/home/ubuntu/PROGRAMA-BETA/src/External/CodeWalker.Core/GameFiles/FileTypes/AwcFile.cs(3151,25): warning CS8600: Converting null literal or possible null value to non-nullable type. [/home/ubuntu/PROGRAMA-BETA/src/FiveMTool.csproj]
/home/ubuntu/PROGRAMA-BETA/src/External/CodeWalker.Core/GameFiles/FileTypes/AwcFile.cs(3159,13): warning CS8602: Dereference of a possibly null reference. [/home/ubuntu/PROGRAMA-BETA/src/FiveMTool.csproj]
/home/ubuntu/PROGRAMA-BETA/src/External/CodeWalker.Core/GameFiles/FileTypes/AwcFile.cs(2936,39): warning CS8602: Dereference of a possibly null reference. [/home/ubuntu/PROGRAMA-BETA/src/FiveMTool.csproj]
/home/ubuntu/PROGRAMA-BETA/src/External/CodeWalker.Core/GameFiles/FileTypes/AwcFile.cs(2890,22): warning CS8618: Non-nullable property 'SampleOffsets' must contain a non-null value when exiting constructor. Consider declaring the property as nullable. [/home/ubuntu/PROGRAMA-BETA/src/FiveMTool.csproj]
/home/ubuntu/PROGRAMA-BETA/src/External/CodeWalker.Core/GameFiles/FileTypes/AwcFile.cs(2891,23): warning CS8618: Non-nullable property 'Data' must contain a non-null value when exiting constructor. Consider declaring the property as nullable. [/home/ubuntu/PROGRAMA-BETA/src/FiveMTool.csproj]
/home/ubuntu/PROGRAMA-BETA/src/External/CodeWalker.Core/GameFiles/FileTypes/CacheDatFile.cs(808,16): warning CS8618: Non-nullable property 'UnkExtra' must contain a non-null value when exiting constructor. Consider declaring the property as nullable. [/home/ubuntu/PROGRAMA-BETA/src/FiveMTool.csproj]
/home/ubuntu/PROGRAMA-BETA/src/External/CodeWalker.Core/GameFiles/FileTypes/CacheDatFile.cs(808,16): warning CS8618: Non-nullable property 'Children' must contain a non-null value when exiting constructor. Consider declaring the property as nullable. [/home/ubuntu/PROGRAMA-BETA/src/FiveMTool.csproj]
/home/ubuntu/PROGRAMA-BETA/src/External/CodeWalker.Core/GameFiles/FileTypes/CacheDatFile.cs(808,16): warning CS8618: Non-nullable field 'ChildrenList' must contain a non-null value when exiting constructor. Consider declaring the field as nullable. [/home/ubuntu/PROGRAMA-BETA/src/FiveMTool.csproj]
/home/ubuntu/PROGRAMA-BETA/src/External/CodeWalker.Core/GameFiles/FileTypes/CacheDatFile.cs(808,16): warning CS8618: Non-nullable property 'InteriorProxies' must contain a non-null value when exiting constructor. Consider declaring the property as nullable. [/home/ubuntu/PROGRAMA-BETA/src/FiveMTool.csproj]
/home/ubuntu/PROGRAMA-BETA/src/External/CodeWalker.Core/GameFiles/FileTypes/CacheDatFile.cs(808,16): warning CS8618: Non-nullable field 'InteriorProxyList' must contain a non-null value when exiting constructor. Consider declaring the field as nullable. [/home/ubuntu/PROGRAMA-BETA/src/FiveMTool.csproj]
/home/ubuntu/PROGRAMA-BETA/src/External/CodeWalker.Core/GameFiles/FileTypes/CacheDatFile.cs(980,16): warning CS8618: Non-nullable field 'Unk02' must contain a non-null value when exiting constructor. Consider declaring the field as nullable. [/home/ubuntu/PROGRAMA-BETA/src/FiveMTool.csproj]
/home/ubuntu/PROGRAMA-BETA/src/External/CodeWalker.Core/GameFiles/FileTypes/CacheDatFile.cs(1067,25): warning CS8604: Possible null reference argument for parameter 'node' in 'void CacheDatFile.ReadXml(XmlNode node)'. [/home/ubuntu/PROGRAMA-BETA/src/FiveMTool.csproj]
/home/ubuntu/PROGRAMA-BETA/src/External/CodeWalker.Core/GameFiles/FileTypes/CacheDatFile.cs(810,16): warning CS8618: Non-nullable property 'UnkExtra' must contain a non-null value when exiting constructor. Consider declaring the property as nullable. [/home/ubuntu/PROGRAMA-BETA/src/FiveMTool.csproj]
/home/ubuntu/PROGRAMA-BETA/src/External/CodeWalker.Core/GameFiles/FileTypes/CacheDatFile.cs(810,16): warning CS8618: Non-nullable property 'Children' must contain a non-null value when exiting constructor. Consider declaring the property as nullable. [/home/ubuntu/PROGRAMA-BETA/src/FiveMTool.csproj]
/home/ubuntu/PROGRAMA-BETA/src/External/CodeWalker.Core/GameFiles/FileTypes/CacheDatFile.cs(810,16): warning CS8618: Non-nullable field 'ChildrenList' must contain a non-null value when exiting constructor. Consider declaring the field as nullable. [/home/ubuntu/PROGRAMA-BETA/src/FiveMTool.csproj]
/home/ubuntu/PROGRAMA-BETA/src/External/CodeWalker.Core/GameFiles/FileTypes/CacheDatFile.cs(810,16): warning CS8618: Non-nullable property 'InteriorProxies' must contain a non-null value when exiting constructor. Consider declaring the property as nullable. [/home/ubuntu/PROGRAMA-BETA/src/FiveMTool.csproj]
/home/ubuntu/PROGRAMA-BETA/src/External/CodeWalker.Core/GameFiles/FileTypes/CacheDatFile.cs(810,16): warning CS8618: Non-nullable field 'InteriorProxyList' must contain a non-null value when exiting constructor. Consider declaring the field as nullable. [/home/ubuntu/PROGRAMA-BETA/src/FiveMTool.csproj]
/home/ubuntu/PROGRAMA-BETA/src/External/CodeWalker.Core/GameFiles/FileTypes/CarColsFile.cs(23,37): warning CS8625: Cannot convert null literal to non-nullable reference type. [/home/ubuntu/PROGRAMA-BETA/src/FiveMTool.csproj]
/home/ubuntu/PROGRAMA-BETA/src/External/CodeWalker.Core/GameFiles/FileTypes/CarColsFile.cs(23,16): warning CS8618: Non-nullable property 'Pso' must contain a non-null value when exiting constructor. Consider declaring the property as nullable. [/home/ubuntu/PROGRAMA-BETA/src/FiveMTool.csproj]
/home/ubuntu/PROGRAMA-BETA/src/External/CodeWalker.Core/GameFiles/FileTypes/CarColsFile.cs(23,16): warning CS8618: Non-nullable property 'Xml' must contain a non-null value when exiting constructor. Consider declaring the property as nullable. [/home/ubuntu/PROGRAMA-BETA/src/FiveMTool.csproj]
/home/ubuntu/PROGRAMA-BETA/src/External/CodeWalker.Core/GameFiles/FileTypes/CarColsFile.cs(23,16): warning CS8618: Non-nullable property 'VehicleModelInfo' must contain a non-null value when exiting constructor. Consider declaring the property as nullable. [/home/ubuntu/PROGRAMA-BETA/src/FiveMTool.csproj]
/home/ubuntu/PROGRAMA-BETA/src/External/CodeWalker.Core/GameFiles/FileTypes/CarColsFile.cs(25,16): warning CS8618: Non-nullable property 'Pso' must contain a non-null value when exiting constructor. Consider declaring the property as nullable. [/home/ubuntu/PROGRAMA-BETA/src/FiveMTool.csproj]
/home/ubuntu/PROGRAMA-BETA/src/External/CodeWalker.Core/GameFiles/FileTypes/CarColsFile.cs(25,16): warning CS8618: Non-nullable property 'Xml' must contain a non-null value when exiting constructor. Consider declaring the property as nullable. [/home/ubuntu/PROGRAMA-BETA/src/FiveMTool.csproj]
/home/ubuntu/PROGRAMA-BETA/src/External/CodeWalker.Core/GameFiles/FileTypes/CarColsFile.cs(25,16): warning CS8618: Non-nullable property 'VehicleModelInfo' must contain a non-null value when exiting constructor. Consider declaring the property as nullable. [/home/ubuntu/PROGRAMA-BETA/src/FiveMTool.csproj]
/home/ubuntu/PROGRAMA-BETA/src/External/CodeWalker.Core/GameFiles/FileTypes/CacheDatFile.cs(820,16): warning CS8618: Non-nullable property 'UnkExtra' must contain a non-null value when exiting constructor. Consider declaring the property as nullable. [/home/ubuntu/PROGRAMA-BETA/src/FiveMTool.csproj]
/home/ubuntu/PROGRAMA-BETA/src/External/CodeWalker.Core/GameFiles/FileTypes/CacheDatFile.cs(820,16): warning CS8618: Non-nullable property 'Children' must contain a non-null value when exiting constructor. Consider declaring the property as nullable. [/home/ubuntu/PROGRAMA-BETA/src/FiveMTool.csproj]
/home/ubuntu/PROGRAMA-BETA/src/External/CodeWalker.Core/GameFiles/FileTypes/CacheDatFile.cs(820,16): warning CS8618: Non-nullable field 'ChildrenList' must contain a non-null value when exiting constructor. Consider declaring the field as nullable. [/home/ubuntu/PROGRAMA-BETA/src/FiveMTool.csproj]
/home/ubuntu/PROGRAMA-BETA/src/External/CodeWalker.Core/GameFiles/FileTypes/CacheDatFile.cs(820,16): warning CS8618: Non-nullable property 'InteriorProxies' must contain a non-null value when exiting constructor. Consider declaring the property as nullable. [/home/ubuntu/PROGRAMA-BETA/src/FiveMTool.csproj]
/home/ubuntu/PROGRAMA-BETA/src/External/CodeWalker.Core/GameFiles/FileTypes/CacheDatFile.cs(820,16): warning CS8618: Non-nullable field 'InteriorProxyList' must contain a non-null value when exiting constructor. Consider declaring the field as nullable. [/home/ubuntu/PROGRAMA-BETA/src/FiveMTool.csproj]
/home/ubuntu/PROGRAMA-BETA/src/External/CodeWalker.Core/GameFiles/FileTypes/CacheDatFile.cs(1008,38): warning CS8602: Dereference of a possibly null reference. [/home/ubuntu/PROGRAMA-BETA/src/FiveMTool.csproj]
/home/ubuntu/PROGRAMA-BETA/src/External/CodeWalker.Core/GameFiles/FileTypes/CacheDatFile.cs(155,69): warning CS8600: Converting null literal or possible null value to non-nullable type. [/home/ubuntu/PROGRAMA-BETA/src/FiveMTool.csproj]
/home/ubuntu/PROGRAMA-BETA/src/External/CodeWalker.Core/GameFiles/FileTypes/CacheDatFile.cs(173,40): warning CS8600: Converting null literal or possible null value to non-nullable type. [/home/ubuntu/PROGRAMA-BETA/src/FiveMTool.csproj]
/home/ubuntu/PROGRAMA-BETA/src/External/CodeWalker.Core/GameFiles/FileTypes/CacheDatFile.cs(174,64): warning CS8600: Converting null literal or possible null value to non-nullable type. [/home/ubuntu/PROGRAMA-BETA/src/FiveMTool.csproj]
/home/ubuntu/PROGRAMA-BETA/src/External/CodeWalker.Core/GameFiles/FileTypes/CacheDatFile.cs(188,42): warning CS8600: Converting null literal or possible null value to non-nullable type. [/home/ubuntu/PROGRAMA-BETA/src/FiveMTool.csproj]
/home/ubuntu/PROGRAMA-BETA/src/External/CodeWalker.Core/GameFiles/FileTypes/CacheDatFile.cs(189,61): warning CS8600: Converting null literal or possible null value to non-nullable type. [/home/ubuntu/PROGRAMA-BETA/src/FiveMTool.csproj]
/home/ubuntu/PROGRAMA-BETA/src/External/CodeWalker.Core/GameFiles/FileTypes/CarColsFile.cs(248,29): warning CS8600: Converting null literal or possible null value to non-nullable type. [/home/ubuntu/PROGRAMA-BETA/src/FiveMTool.csproj]
/home/ubuntu/PROGRAMA-BETA/src/External/CodeWalker.Core/GameFiles/FileTypes/CarColsFile.cs(252,21): warning CS8602: Dereference of a possibly null reference. [/home/ubuntu/PROGRAMA-BETA/src/FiveMTool.csproj]
/home/ubuntu/PROGRAMA-BETA/src/External/CodeWalker.Core/GameFiles/FileTypes/CarColsFile.cs(257,81): warning CS8604: Possible null reference argument for parameter 'node' in 'CVehicleModelInfoVarGlobal_3027500557.CVehicleModelInfoVarGlobal_3027500557(XmlNode node)'. [/home/ubuntu/PROGRAMA-BETA/src/FiveMTool.csproj]
/home/ubuntu/PROGRAMA-BETA/src/External/CodeWalker.Core/GameFiles/FileTypes/CarColsFile.cs(246,16): warning CS8618: Non-nullable property 'Textures' must contain a non-null value when exiting constructor. Consider declaring the property as nullable. [/home/ubuntu/PROGRAMA-BETA/src/FiveMTool.csproj]
/home/ubuntu/PROGRAMA-BETA/src/External/CodeWalker.Core/GameFiles/FileTypes/CacheDatFile.cs(918,32): warning CS8625: Cannot convert null literal to non-nullable reference type. [/home/ubuntu/PROGRAMA-BETA/src/FiveMTool.csproj]
/home/ubuntu/PROGRAMA-BETA/src/External/CodeWalker.Core/GameFiles/FileTypes/CacheDatFile.cs(934,37): warning CS8625: Cannot convert null literal to non-nullable reference type. [/home/ubuntu/PROGRAMA-BETA/src/FiveMTool.csproj]
/home/ubuntu/PROGRAMA-BETA/src/External/CodeWalker.Core/GameFiles/FileTypes/CarColsFile.cs(109,21): warning CS8600: Converting null literal or possible null value to non-nullable type. [/home/ubuntu/PROGRAMA-BETA/src/FiveMTool.csproj]
/home/ubuntu/PROGRAMA-BETA/src/External/CodeWalker.Core/GameFiles/FileTypes/CarColsFile.cs(114,21): warning CS8600: Converting null literal or possible null value to non-nullable type. [/home/ubuntu/PROGRAMA-BETA/src/FiveMTool.csproj]
/home/ubuntu/PROGRAMA-BETA/src/External/CodeWalker.Core/GameFiles/FileTypes/CarColsFile.cs(118,21): warning CS8602: Dereference of a possibly null reference. [/home/ubuntu/PROGRAMA-BETA/src/FiveMTool.csproj]
/home/ubuntu/PROGRAMA-BETA/src/External/CodeWalker.Core/GameFiles/FileTypes/CarColsFile.cs(123,60): warning CS8604: Possible null reference argument for parameter 'node' in 'CVehicleModelColor.CVehicleModelColor(XmlNode node)'. [/home/ubuntu/PROGRAMA-BETA/src/FiveMTool.csproj]
/home/ubuntu/PROGRAMA-BETA/src/External/CodeWalker.Core/GameFiles/FileTypes/CarColsFile.cs(127,21): warning CS8600: Converting null literal or possible null value to non-nullable type. [/home/ubuntu/PROGRAMA-BETA/src/FiveMTool.csproj]
/home/ubuntu/PROGRAMA-BETA/src/External/CodeWalker.Core/GameFiles/FileTypes/CarColsFile.cs(131,21): warning CS8602: Dereference of a possibly null reference. [/home/ubuntu/PROGRAMA-BETA/src/FiveMTool.csproj]
/home/ubuntu/PROGRAMA-BETA/src/External/CodeWalker.Core/GameFiles/FileTypes/CarColsFile.cs(136,75): warning CS8604: Possible null reference argument for parameter 'node' in 'CVehicleMetallicSetting.CVehicleMetallicSetting(XmlNode node)'. [/home/ubuntu/PROGRAMA-BETA/src/FiveMTool.csproj]
/home/ubuntu/PROGRAMA-BETA/src/External/CodeWalker.Core/GameFiles/FileTypes/CarColsFile.cs(140,21): warning CS8600: Converting null literal or possible null value to non-nullable type. [/home/ubuntu/PROGRAMA-BETA/src/FiveMTool.csproj]
/home/ubuntu/PROGRAMA-BETA/src/External/CodeWalker.Core/GameFiles/FileTypes/CarColsFile.cs(144,21): warning CS8602: Dereference of a possibly null reference. [/home/ubuntu/PROGRAMA-BETA/src/FiveMTool.csproj]
/home/ubuntu/PROGRAMA-BETA/src/External/CodeWalker.Core/GameFiles/FileTypes/CarColsFile.cs(149,67): warning CS8604: Possible null reference argument for parameter 'node' in 'CVehicleWindowColor.CVehicleWindowColor(XmlNode node)'. [/home/ubuntu/PROGRAMA-BETA/src/FiveMTool.csproj]
/home/ubuntu/PROGRAMA-BETA/src/External/CodeWalker.Core/GameFiles/FileTypes/CarColsFile.cs(153,21): warning CS8600: Converting null literal or possible null value to non-nullable type. [/home/ubuntu/PROGRAMA-BETA/src/FiveMTool.csproj]
/home/ubuntu/PROGRAMA-BETA/src/External/CodeWalker.Core/GameFiles/FileTypes/CarColsFile.cs(157,21): warning CS8602: Dereference of a possibly null reference. [/home/ubuntu/PROGRAMA-BETA/src/FiveMTool.csproj]
/home/ubuntu/PROGRAMA-BETA/src/External/CodeWalker.Core/GameFiles/FileTypes/CarColsFile.cs(162,62): warning CS8604: Possible null reference argument for parameter 'node' in 'vehicleLightSettings.vehicleLightSettings(XmlNode node)'. [/home/ubuntu/PROGRAMA-BETA/src/FiveMTool.csproj]
/home/ubuntu/PROGRAMA-BETA/src/External/CodeWalker.Core/GameFiles/FileTypes/CarColsFile.cs(166,21): warning CS8600: Converting null literal or possible null value to non-nullable type. [/home/ubuntu/PROGRAMA-BETA/src/FiveMTool.csproj]
/home/ubuntu/PROGRAMA-BETA/src/External/CodeWalker.Core/GameFiles/FileTypes/CarColsFile.cs(170,21): warning CS8602: Dereference of a possibly null reference. [/home/ubuntu/PROGRAMA-BETA/src/FiveMTool.csproj]
/home/ubuntu/PROGRAMA-BETA/src/External/CodeWalker.Core/GameFiles/FileTypes/CarColsFile.cs(175,55): warning CS8604: Possible null reference argument for parameter 'node' in 'sirenSettings.sirenSettings(XmlNode node)'. [/home/ubuntu/PROGRAMA-BETA/src/FiveMTool.csproj]
/home/ubuntu/PROGRAMA-BETA/src/External/CodeWalker.Core/GameFiles/FileTypes/CarColsFile.cs(179,21): warning CS8600: Converting null literal or possible null value to non-nullable type. [/home/ubuntu/PROGRAMA-BETA/src/FiveMTool.csproj]
/home/ubuntu/PROGRAMA-BETA/src/External/CodeWalker.Core/GameFiles/FileTypes/CarColsFile.cs(183,21): warning CS8602: Dereference of a possibly null reference. [/home/ubuntu/PROGRAMA-BETA/src/FiveMTool.csproj]
/home/ubuntu/PROGRAMA-BETA/src/External/CodeWalker.Core/GameFiles/FileTypes/CarColsFile.cs(188,51): warning CS8604: Possible null reference argument for parameter 'node' in 'CVehicleKit.CVehicleKit(XmlNode node)'. [/home/ubuntu/PROGRAMA-BETA/src/FiveMTool.csproj]
/home/ubuntu/PROGRAMA-BETA/src/External/CodeWalker.Core/GameFiles/FileTypes/CarColsFile.cs(192,21): warning CS8600: Converting null literal or possible null value to non-nullable type. [/home/ubuntu/PROGRAMA-BETA/src/FiveMTool.csproj]
/home/ubuntu/PROGRAMA-BETA/src/External/CodeWalker.Core/GameFiles/FileTypes/CarColsFile.cs(196,21): warning CS8602: Dereference of a possibly null reference. [/home/ubuntu/PROGRAMA-BETA/src/FiveMTool.csproj]
/home/ubuntu/PROGRAMA-BETA/src/External/CodeWalker.Core/GameFiles/FileTypes/CarColsFile.cs(202,38): warning CS8602: Dereference of a possibly null reference. [/home/ubuntu/PROGRAMA-BETA/src/FiveMTool.csproj]
/home/ubuntu/PROGRAMA-BETA/src/External/CodeWalker.Core/GameFiles/FileTypes/CarColsFile.cs(203,29): warning CS8602: Dereference of a possibly null reference. [/home/ubuntu/PROGRAMA-BETA/src/FiveMTool.csproj]
/home/ubuntu/PROGRAMA-BETA/src/External/CodeWalker.Core/GameFiles/FileTypes/CarColsFile.cs(208,65): warning CS8604: Possible null reference argument for parameter 'node' in 'CVehicleWheel.CVehicleWheel(XmlNode node)'. [/home/ubuntu/PROGRAMA-BETA/src/FiveMTool.csproj]
/home/ubuntu/PROGRAMA-BETA/src/External/CodeWalker.Core/GameFiles/FileTypes/CarColsFile.cs(215,21): warning CS8600: Converting null literal or possible null value to non-nullable type. [/home/ubuntu/PROGRAMA-BETA/src/FiveMTool.csproj]
/home/ubuntu/PROGRAMA-BETA/src/External/CodeWalker.Core/GameFiles/FileTypes/CarColsFile.cs(220,21): warning CS8600: Converting null literal or possible null value to non-nullable type. [/home/ubuntu/PROGRAMA-BETA/src/FiveMTool.csproj]
/home/ubuntu/PROGRAMA-BETA/src/External/CodeWalker.Core/GameFiles/FileTypes/CarColsFile.cs(224,21): warning CS8602: Dereference of a possibly null reference. [/home/ubuntu/PROGRAMA-BETA/src/FiveMTool.csproj]
/home/ubuntu/PROGRAMA-BETA/src/External/CodeWalker.Core/GameFiles/FileTypes/CarColsFile.cs(229,75): warning CS8604: Possible null reference argument for parameter 'node' in 'CVehicleXenonLightColor.CVehicleXenonLightColor(XmlNode node)'. [/home/ubuntu/PROGRAMA-BETA/src/FiveMTool.csproj]
/home/ubuntu/PROGRAMA-BETA/src/External/CodeWalker.Core/GameFiles/FileTypes/CarColsFile.cs(93,16): warning CS8618: Non-nullable property 'VehiclePlates' must contain a non-null value when exiting constructor. Consider declaring the property as nullable. [/home/ubuntu/PROGRAMA-BETA/src/FiveMTool.csproj]
/home/ubuntu/PROGRAMA-BETA/src/External/CodeWalker.Core/GameFiles/FileTypes/CarColsFile.cs(93,16): warning CS8618: Non-nullable property 'Colors' must contain a non-null value when exiting constructor. Consider declaring the property as nullable. [/home/ubuntu/PROGRAMA-BETA/src/FiveMTool.csproj]
/home/ubuntu/PROGRAMA-BETA/src/External/CodeWalker.Core/GameFiles/FileTypes/CarColsFile.cs(93,16): warning CS8618: Non-nullable property 'MetallicSettings' must contain a non-null value when exiting constructor. Consider declaring the property as nullable. [/home/ubuntu/PROGRAMA-BETA/src/FiveMTool.csproj]
/home/ubuntu/PROGRAMA-BETA/src/External/CodeWalker.Core/GameFiles/FileTypes/CarColsFile.cs(93,16): warning CS8618: Non-nullable property 'WindowColors' must contain a non-null value when exiting constructor. Consider declaring the property as nullable. [/home/ubuntu/PROGRAMA-BETA/src/FiveMTool.csproj]
/home/ubuntu/PROGRAMA-BETA/src/External/CodeWalker.Core/GameFiles/FileTypes/CarColsFile.cs(93,16): warning CS8618: Non-nullable property 'Lights' must contain a non-null value when exiting constructor. Consider declaring the property as nullable. [/home/ubuntu/PROGRAMA-BETA/src/FiveMTool.csproj]
/home/ubuntu/PROGRAMA-BETA/src/External/CodeWalker.Core/GameFiles/FileTypes/CarColsFile.cs(93,16): warning CS8618: Non-nullable property 'Sirens' must contain a non-null value when exiting constructor. Consider declaring the property as nullable. [/home/ubuntu/PROGRAMA-BETA/src/FiveMTool.csproj]
/home/ubuntu/PROGRAMA-BETA/src/External/CodeWalker.Core/GameFiles/FileTypes/CarColsFile.cs(93,16): warning CS8618: Non-nullable property 'Kits' must contain a non-null value when exiting constructor. Consider declaring the property as nullable. [/home/ubuntu/PROGRAMA-BETA/src/FiveMTool.csproj]
/home/ubuntu/PROGRAMA-BETA/src/External/CodeWalker.Core/GameFiles/FileTypes/CarColsFile.cs(93,16): warning CS8618: Non-nullable property 'Wheels' must contain a non-null value when exiting constructor. Consider declaring the property as nullable. [/home/ubuntu/PROGRAMA-BETA/src/FiveMTool.csproj]
/home/ubuntu/PROGRAMA-BETA/src/External/CodeWalker.Core/GameFiles/FileTypes/CarColsFile.cs(93,16): warning CS8618: Non-nullable property 'GlobalVariationData' must contain a non-null value when exiting constructor. Consider declaring the property as nullable. [/home/ubuntu/PROGRAMA-BETA/src/FiveMTool.csproj]
/home/ubuntu/PROGRAMA-BETA/src/External/CodeWalker.Core/GameFiles/FileTypes/CarColsFile.cs(93,16): warning CS8618: Non-nullable property 'XenonLightColors' must contain a non-null value when exiting constructor. Consider declaring the property as nullable. [/home/ubuntu/PROGRAMA-BETA/src/FiveMTool.csproj]
/home/ubuntu/PROGRAMA-BETA/src/External/CodeWalker.Core/GameFiles/FileTypes/CacheDatFile.cs(725,33): error CS0121: The call is ambiguous between the following methods or properties: 'CodeWalker.QuaternionExtension.ToVector4(SharpDX.Quaternion)' and 'CodeWalker.QuaternionExtension.ToVector4(SharpDX.Quaternion)' [/home/ubuntu/PROGRAMA-BETA/src/FiveMTool.csproj]
/home/ubuntu/PROGRAMA-BETA/src/External/CodeWalker.Core/GameFiles/FileTypes/CacheDatFile.cs(739,108): error CS0121: The call is ambiguous between the following methods or properties: 'CodeWalker.QuaternionExtension.ToVector4(SharpDX.Quaternion)' and 'CodeWalker.QuaternionExtension.ToVector4(SharpDX.Quaternion)' [/home/ubuntu/PROGRAMA-BETA/src/FiveMTool.csproj]
/home/ubuntu/PROGRAMA-BETA/src/External/CodeWalker.Core/GameFiles/FileTypes/CacheDatFile.cs(755,75): error CS0121: The call is ambiguous between the following methods or properties: 'CodeWalker.Vectors.ToQuaternion(SharpDX.Vector4)' and 'CodeWalker.Vectors.ToQuaternion(SharpDX.Vector4)' [/home/ubuntu/PROGRAMA-BETA/src/FiveMTool.csproj]
/home/ubuntu/PROGRAMA-BETA/src/External/CodeWalker.Core/GameFiles/FileTypes/CarColsFile.cs(381,21): warning CS8600: Converting null literal or possible null value to non-nullable type. [/home/ubuntu/PROGRAMA-BETA/src/FiveMTool.csproj]
/home/ubuntu/PROGRAMA-BETA/src/External/CodeWalker.Core/GameFiles/FileTypes/CarColsFile.cs(386,21): warning CS8600: Converting null literal or possible null value to non-nullable type. [/home/ubuntu/PROGRAMA-BETA/src/FiveMTool.csproj]
/home/ubuntu/PROGRAMA-BETA/src/External/CodeWalker.Core/GameFiles/FileTypes/CarColsFile.cs(391,21): warning CS8600: Converting null literal or possible null value to non-nullable type. [/home/ubuntu/PROGRAMA-BETA/src/FiveMTool.csproj]
/home/ubuntu/PROGRAMA-BETA/src/External/CodeWalker.Core/GameFiles/FileTypes/CarColsFile.cs(396,21): warning CS8600: Converting null literal or possible null value to non-nullable type. [/home/ubuntu/PROGRAMA-BETA/src/FiveMTool.csproj]
/home/ubuntu/PROGRAMA-BETA/src/External/CodeWalker.Core/GameFiles/FileTypes/CarColsFile.cs(401,21): warning CS8600: Converting null literal or possible null value to non-nullable type. [/home/ubuntu/PROGRAMA-BETA/src/FiveMTool.csproj]
/home/ubuntu/PROGRAMA-BETA/src/External/CodeWalker.Core/GameFiles/FileTypes/CarColsFile.cs(406,21): warning CS8600: Converting null literal or possible null value to non-nullable type. [/home/ubuntu/PROGRAMA-BETA/src/FiveMTool.csproj]
/home/ubuntu/PROGRAMA-BETA/src/External/CodeWalker.Core/GameFiles/FileTypes/CarColsFile.cs(411,21): warning CS8600: Converting null literal or possible null value to non-nullable type. [/home/ubuntu/PROGRAMA-BETA/src/FiveMTool.csproj]
/home/ubuntu/PROGRAMA-BETA/src/External/CodeWalker.Core/GameFiles/FileTypes/CarColsFile.cs(416,21): warning CS8600: Converting null literal or possible null value to non-nullable type. [/home/ubuntu/PROGRAMA-BETA/src/FiveMTool.csproj]
/home/ubuntu/PROGRAMA-BETA/src/External/CodeWalker.Core/GameFiles/FileTypes/CarColsFile.cs(421,21): warning CS8600: Converting null literal or possible null value to non-nullable type. [/home/ubuntu/PROGRAMA-BETA/src/FiveMTool.csproj]
/home/ubuntu/PROGRAMA-BETA/src/External/CodeWalker.Core/GameFiles/FileTypes/CarColsFile.cs(426,21): warning CS8600: Converting null literal or possible null value to non-nullable type. [/home/ubuntu/PROGRAMA-BETA/src/FiveMTool.csproj]
/home/ubuntu/PROGRAMA-BETA/src/External/CodeWalker.Core/GameFiles/FileTypes/CarColsFile.cs(377,16): warning CS8618: Non-nullable property 'indicator' must contain a non-null value when exiting constructor. Consider declaring the property as nullable. [/home/ubuntu/PROGRAMA-BETA/src/FiveMTool.csproj]
/home/ubuntu/PROGRAMA-BETA/src/External/CodeWalker.Core/GameFiles/FileTypes/CarColsFile.cs(377,16): warning CS8618: Non-nullable property 'rearIndicatorCorona' must contain a non-null value when exiting constructor. Consider declaring the property as nullable. [/home/ubuntu/PROGRAMA-BETA/src/FiveMTool.csproj]
/home/ubuntu/PROGRAMA-BETA/src/External/CodeWalker.Core/GameFiles/FileTypes/CarColsFile.cs(377,16): warning CS8618: Non-nullable property 'frontIndicatorCorona' must contain a non-null value when exiting constructor. Consider declaring the property as nullable. [/home/ubuntu/PROGRAMA-BETA/src/FiveMTool.csproj]
/home/ubuntu/PROGRAMA-BETA/src/External/CodeWalker.Core/GameFiles/FileTypes/CarColsFile.cs(377,16): warning CS8618: Non-nullable property 'tailLight' must contain a non-null value when exiting constructor. Consider declaring the property as nullable. [/home/ubuntu/PROGRAMA-BETA/src/FiveMTool.csproj]
/home/ubuntu/PROGRAMA-BETA/src/External/CodeWalker.Core/GameFiles/FileTypes/CarColsFile.cs(377,16): warning CS8618: Non-nullable property 'tailLightCorona' must contain a non-null value when exiting constructor. Consider declaring the property as nullable. [/home/ubuntu/PROGRAMA-BETA/src/FiveMTool.csproj]
/home/ubuntu/PROGRAMA-BETA/src/External/CodeWalker.Core/GameFiles/FileTypes/CarColsFile.cs(377,16): warning CS8618: Non-nullable property 'tailLightMiddleCorona' must contain a non-null value when exiting constructor. Consider declaring the property as nullable. [/home/ubuntu/PROGRAMA-BETA/src/FiveMTool.csproj]
/home/ubuntu/PROGRAMA-BETA/src/External/CodeWalker.Core/GameFiles/FileTypes/CarColsFile.cs(377,16): warning CS8618: Non-nullable property 'headLight' must contain a non-null value when exiting constructor. Consider declaring the property as nullable. [/home/ubuntu/PROGRAMA-BETA/src/FiveMTool.csproj]
/home/ubuntu/PROGRAMA-BETA/src/External/CodeWalker.Core/GameFiles/FileTypes/CarColsFile.cs(377,16): warning CS8618: Non-nullable property 'headLightCorona' must contain a non-null value when exiting constructor. Consider declaring the property as nullable. [/home/ubuntu/PROGRAMA-BETA/src/FiveMTool.csproj]
/home/ubuntu/PROGRAMA-BETA/src/External/CodeWalker.Core/GameFiles/FileTypes/CarColsFile.cs(377,16): warning CS8618: Non-nullable property 'reversingLight' must contain a non-null value when exiting constructor. Consider declaring the property as nullable. [/home/ubuntu/PROGRAMA-BETA/src/FiveMTool.csproj]
/home/ubuntu/PROGRAMA-BETA/src/External/CodeWalker.Core/GameFiles/FileTypes/CarColsFile.cs(377,16): warning CS8618: Non-nullable property 'reversingLightCorona' must contain a non-null value when exiting constructor. Consider declaring the property as nullable. [/home/ubuntu/PROGRAMA-BETA/src/FiveMTool.csproj]
/home/ubuntu/PROGRAMA-BETA/src/External/CodeWalker.Core/GameFiles/FileTypes/CacheDatFile.cs(377,20): warning CS8603: Possible null reference return. [/home/ubuntu/PROGRAMA-BETA/src/FiveMTool.csproj]
/home/ubuntu/PROGRAMA-BETA/src/External/CodeWalker.Core/GameFiles/FileTypes/CacheDatFile.cs(16,29): warning CS8618: Non-nullable property 'FileEntry' must contain a non-null value when exiting constructor. Consider declaring the property as nullable. [/home/ubuntu/PROGRAMA-BETA/src/FiveMTool.csproj]
/home/ubuntu/PROGRAMA-BETA/src/External/CodeWalker.Core/GameFiles/FileTypes/CacheDatFile.cs(18,23): warning CS8618: Non-nullable property 'Version' must contain a non-null value when exiting constructor. Consider declaring the property as nullable. [/home/ubuntu/PROGRAMA-BETA/src/FiveMTool.csproj]
/home/ubuntu/PROGRAMA-BETA/src/External/CodeWalker.Core/GameFiles/FileTypes/CacheDatFile.cs(19,32): warning CS8618: Non-nullable property 'FileDates' must contain a non-null value when exiting constructor. Consider declaring the property as nullable. [/home/ubuntu/PROGRAMA-BETA/src/FiveMTool.csproj]
/home/ubuntu/PROGRAMA-BETA/src/External/CodeWalker.Core/GameFiles/FileTypes/CacheDatFile.cs(21,51): warning CS8618: Non-nullable property 'MapNodeDict' must contain a non-null value when exiting constructor. Consider declaring the property as nullable. [/home/ubuntu/PROGRAMA-BETA/src/FiveMTool.csproj]
/home/ubuntu/PROGRAMA-BETA/src/External/CodeWalker.Core/GameFiles/FileTypes/CacheDatFile.cs(22,35): warning CS8618: Non-nullable property 'RootMapNodes' must contain a non-null value when exiting constructor. Consider declaring the property as nullable. [/home/ubuntu/PROGRAMA-BETA/src/FiveMTool.csproj]
/home/ubuntu/PROGRAMA-BETA/src/External/CodeWalker.Core/GameFiles/FileTypes/CacheDatFile.cs(24,54): warning CS8618: Non-nullable property 'BoundsStoreDict' must contain a non-null value when exiting constructor. Consider declaring the property as nullable. [/home/ubuntu/PROGRAMA-BETA/src/FiveMTool.csproj]
/home/ubuntu/PROGRAMA-BETA/src/External/CodeWalker.Core/GameFiles/FileTypes/CacheDatFile.cs(26,35): warning CS8618: Non-nullable property 'AllMapNodes' must contain a non-null value when exiting constructor. Consider declaring the property as nullable. [/home/ubuntu/PROGRAMA-BETA/src/FiveMTool.csproj]
/home/ubuntu/PROGRAMA-BETA/src/External/CodeWalker.Core/GameFiles/FileTypes/CacheDatFile.cs(27,33): warning CS8618: Non-nullable property 'AllCInteriorProxies' must contain a non-null value when exiting constructor. Consider declaring the property as nullable. [/home/ubuntu/PROGRAMA-BETA/src/FiveMTool.csproj]
/home/ubuntu/PROGRAMA-BETA/src/External/CodeWalker.Core/GameFiles/FileTypes/CacheDatFile.cs(28,34): warning CS8618: Non-nullable property 'AllBoundsStoreItems' must contain a non-null value when exiting constructor. Consider declaring the property as nullable. [/home/ubuntu/PROGRAMA-BETA/src/FiveMTool.csproj]
/home/ubuntu/PROGRAMA-BETA/src/External/CodeWalker.Core/GameFiles/Utils/GTAKeys.cs(756,40): warning SYSLIB0021: 'SHA1CryptoServiceProvider' is obsolete: 'Derived cryptographic types are obsolete. Use the Create method on the base type instead.' [/home/ubuntu/PROGRAMA-BETA/src/FiveMTool.csproj]
/home/ubuntu/PROGRAMA-BETA/src/External/CodeWalker.Core/GameFiles/FileTypes/CarColsFile.cs(605,21): warning CS8600: Converting null literal or possible null value to non-nullable type. [/home/ubuntu/PROGRAMA-BETA/src/FiveMTool.csproj]
/home/ubuntu/PROGRAMA-BETA/src/External/CodeWalker.Core/GameFiles/FileTypes/CarColsFile.cs(610,21): warning CS8600: Converting null literal or possible null value to non-nullable type. [/home/ubuntu/PROGRAMA-BETA/src/FiveMTool.csproj]
/home/ubuntu/PROGRAMA-BETA/src/External/CodeWalker.Core/GameFiles/FileTypes/CarColsFile.cs(615,21): warning CS8600: Converting null literal or possible null value to non-nullable type. [/home/ubuntu/PROGRAMA-BETA/src/FiveMTool.csproj]
/home/ubuntu/PROGRAMA-BETA/src/External/CodeWalker.Core/GameFiles/FileTypes/CarColsFile.cs(602,16): warning CS8618: Non-nullable property 'rotation' must contain a non-null value when exiting constructor. Consider declaring the property as nullable. [/home/ubuntu/PROGRAMA-BETA/src/FiveMTool.csproj]
/home/ubuntu/PROGRAMA-BETA/src/External/CodeWalker.Core/GameFiles/FileTypes/CarColsFile.cs(602,16): warning CS8618: Non-nullable property 'flashiness' must contain a non-null value when exiting constructor. Consider declaring the property as nullable. [/home/ubuntu/PROGRAMA-BETA/src/FiveMTool.csproj]
/home/ubuntu/PROGRAMA-BETA/src/External/CodeWalker.Core/GameFiles/FileTypes/CarColsFile.cs(602,16): warning CS8618: Non-nullable property 'corona' must contain a non-null value when exiting constructor. Consider declaring the property as nullable. [/home/ubuntu/PROGRAMA-BETA/src/FiveMTool.csproj]
/home/ubuntu/PROGRAMA-BETA/src/External/CodeWalker.Core/GameFiles/FileTypes/CarColsFile.cs(532,21): warning CS8600: Converting null literal or possible null value to non-nullable type. [/home/ubuntu/PROGRAMA-BETA/src/FiveMTool.csproj]
/home/ubuntu/PROGRAMA-BETA/src/External/CodeWalker.Core/GameFiles/FileTypes/CarColsFile.cs(537,21): warning CS8600: Converting null literal or possible null value to non-nullable type. [/home/ubuntu/PROGRAMA-BETA/src/FiveMTool.csproj]
/home/ubuntu/PROGRAMA-BETA/src/External/CodeWalker.Core/GameFiles/FileTypes/CarColsFile.cs(542,21): warning CS8600: Converting null literal or possible null value to non-nullable type. [/home/ubuntu/PROGRAMA-BETA/src/FiveMTool.csproj]
/home/ubuntu/PROGRAMA-BETA/src/External/CodeWalker.Core/GameFiles/FileTypes/CarColsFile.cs(547,21): warning CS8600: Converting null literal or possible null value to non-nullable type. [/home/ubuntu/PROGRAMA-BETA/src/FiveMTool.csproj]
/home/ubuntu/PROGRAMA-BETA/src/External/CodeWalker.Core/GameFiles/FileTypes/CarColsFile.cs(557,21): warning CS8600: Converting null literal or possible null value to non-nullable type. [/home/ubuntu/PROGRAMA-BETA/src/FiveMTool.csproj]
/home/ubuntu/PROGRAMA-BETA/src/External/CodeWalker.Core/GameFiles/FileTypes/CarColsFile.cs(561,21): warning CS8602: Dereference of a possibly null reference. [/home/ubuntu/PROGRAMA-BETA/src/FiveMTool.csproj]
/home/ubuntu/PROGRAMA-BETA/src/External/CodeWalker.Core/GameFiles/FileTypes/CarColsFile.cs(566,52): warning CS8604: Possible null reference argument for parameter 'node' in 'sirenLight.sirenLight(XmlNode node)'. [/home/ubuntu/PROGRAMA-BETA/src/FiveMTool.csproj]
/home/ubuntu/PROGRAMA-BETA/src/External/CodeWalker.Core/GameFiles/FileTypes/CarColsFile.cs(519,16): warning CS8618: Non-nullable property 'leftHeadLight' must contain a non-null value when exiting constructor. Consider declaring the property as nullable. [/home/ubuntu/PROGRAMA-BETA/src/FiveMTool.csproj]
/home/ubuntu/PROGRAMA-BETA/src/External/CodeWalker.Core/GameFiles/FileTypes/CarColsFile.cs(519,16): warning CS8618: Non-nullable property 'rightHeadLight' must contain a non-null value when exiting constructor. Consider declaring the property as nullable. [/home/ubuntu/PROGRAMA-BETA/src/FiveMTool.csproj]
/home/ubuntu/PROGRAMA-BETA/src/External/CodeWalker.Core/GameFiles/FileTypes/CarColsFile.cs(519,16): warning CS8618: Non-nullable property 'leftTailLight' must contain a non-null value when exiting constructor. Consider declaring the property as nullable. [/home/ubuntu/PROGRAMA-BETA/src/FiveMTool.csproj]
/home/ubuntu/PROGRAMA-BETA/src/External/CodeWalker.Core/GameFiles/FileTypes/CarColsFile.cs(519,16): warning CS8618: Non-nullable property 'rightTailLight' must contain a non-null value when exiting constructor. Consider declaring the property as nullable. [/home/ubuntu/PROGRAMA-BETA/src/FiveMTool.csproj]
/home/ubuntu/PROGRAMA-BETA/src/External/CodeWalker.Core/GameFiles/FileTypes/CarColsFile.cs(519,16): warning CS8618: Non-nullable property 'sirens' must contain a non-null value when exiting constructor. Consider declaring the property as nullable. [/home/ubuntu/PROGRAMA-BETA/src/FiveMTool.csproj]
/home/ubuntu/PROGRAMA-BETA/src/External/CodeWalker.Core/GameFiles/FileTypes/CarColsFile.cs(800,21): warning CS8600: Converting null literal or possible null value to non-nullable type. [/home/ubuntu/PROGRAMA-BETA/src/FiveMTool.csproj]
/home/ubuntu/PROGRAMA-BETA/src/External/CodeWalker.Core/GameFiles/FileTypes/CarColsFile.cs(804,21): warning CS8602: Dereference of a possibly null reference. [/home/ubuntu/PROGRAMA-BETA/src/FiveMTool.csproj]
/home/ubuntu/PROGRAMA-BETA/src/External/CodeWalker.Core/GameFiles/FileTypes/CarColsFile.cs(809,59): warning CS8602: Dereference of a possibly null reference. [/home/ubuntu/PROGRAMA-BETA/src/FiveMTool.csproj]
/home/ubuntu/PROGRAMA-BETA/src/External/CodeWalker.Core/GameFiles/FileTypes/CarColsFile.cs(813,21): warning CS8600: Converting null literal or possible null value to non-nullable type. [/home/ubuntu/PROGRAMA-BETA/src/FiveMTool.csproj]
/home/ubuntu/PROGRAMA-BETA/src/External/CodeWalker.Core/GameFiles/FileTypes/CarColsFile.cs(817,21): warning CS8602: Dereference of a possibly null reference. [/home/ubuntu/PROGRAMA-BETA/src/FiveMTool.csproj]
/home/ubuntu/PROGRAMA-BETA/src/External/CodeWalker.Core/GameFiles/FileTypes/CarColsFile.cs(822,84): warning CS8602: Dereference of a possibly null reference. [/home/ubuntu/PROGRAMA-BETA/src/FiveMTool.csproj]
/home/ubuntu/PROGRAMA-BETA/src/External/CodeWalker.Core/GameFiles/FileTypes/CarColsFile.cs(795,16): warning CS8618: Non-nullable property 'linkedModels' must contain a non-null value when exiting constructor. Consider declaring the property as nullable. [/home/ubuntu/PROGRAMA-BETA/src/FiveMTool.csproj]
/home/ubuntu/PROGRAMA-BETA/src/External/CodeWalker.Core/GameFiles/FileTypes/CarColsFile.cs(795,16): warning CS8618: Non-nullable property 'turnOffBones' must contain a non-null value when exiting constructor. Consider declaring the property as nullable. [/home/ubuntu/PROGRAMA-BETA/src/FiveMTool.csproj]
/home/ubuntu/PROGRAMA-BETA/src/External/CodeWalker.Core/GameFiles/FileTypes/CarColsFile.cs(687,21): warning CS8600: Converting null literal or possible null value to non-nullable type. [/home/ubuntu/PROGRAMA-BETA/src/FiveMTool.csproj]
/home/ubuntu/PROGRAMA-BETA/src/External/CodeWalker.Core/GameFiles/FileTypes/CarColsFile.cs(691,21): warning CS8602: Dereference of a possibly null reference. [/home/ubuntu/PROGRAMA-BETA/src/FiveMTool.csproj]
/home/ubuntu/PROGRAMA-BETA/src/External/CodeWalker.Core/GameFiles/FileTypes/CarColsFile.cs(696,65): warning CS8604: Possible null reference argument for parameter 'node' in 'CVehicleModVisible.CVehicleModVisible(XmlNode node)'. [/home/ubuntu/PROGRAMA-BETA/src/FiveMTool.csproj]
/home/ubuntu/PROGRAMA-BETA/src/External/CodeWalker.Core/GameFiles/FileTypes/CarColsFile.cs(700,21): warning CS8600: Converting null literal or possible null value to non-nullable type. [/home/ubuntu/PROGRAMA-BETA/src/FiveMTool.csproj]
/home/ubuntu/PROGRAMA-BETA/src/External/CodeWalker.Core/GameFiles/FileTypes/CarColsFile.cs(704,21): warning CS8602: Dereference of a possibly null reference. [/home/ubuntu/PROGRAMA-BETA/src/FiveMTool.csproj]
/home/ubuntu/PROGRAMA-BETA/src/External/CodeWalker.Core/GameFiles/FileTypes/CarColsFile.cs(709,59): warning CS8604: Possible null reference argument for parameter 'node' in 'CVehicleModLink.CVehicleModLink(XmlNode node)'. [/home/ubuntu/PROGRAMA-BETA/src/FiveMTool.csproj]
/home/ubuntu/PROGRAMA-BETA/src/External/CodeWalker.Core/GameFiles/FileTypes/CarColsFile.cs(713,21): warning CS8600: Converting null literal or possible null value to non-nullable type. [/home/ubuntu/PROGRAMA-BETA/src/FiveMTool.csproj]
/home/ubuntu/PROGRAMA-BETA/src/External/CodeWalker.Core/GameFiles/FileTypes/CarColsFile.cs(717,21): warning CS8602: Dereference of a possibly null reference. [/home/ubuntu/PROGRAMA-BETA/src/FiveMTool.csproj]
/home/ubuntu/PROGRAMA-BETA/src/External/CodeWalker.Core/GameFiles/FileTypes/CarColsFile.cs(722,59): warning CS8604: Possible null reference argument for parameter 'node' in 'CVehicleModStat.CVehicleModStat(XmlNode node)'. [/home/ubuntu/PROGRAMA-BETA/src/FiveMTool.csproj]
/home/ubuntu/PROGRAMA-BETA/src/External/CodeWalker.Core/GameFiles/FileTypes/CarColsFile.cs(726,21): warning CS8600: Converting null literal or possible null value to non-nullable type. [/home/ubuntu/PROGRAMA-BETA/src/FiveMTool.csproj]
/home/ubuntu/PROGRAMA-BETA/src/External/CodeWalker.Core/GameFiles/FileTypes/CarColsFile.cs(730,21): warning CS8602: Dereference of a possibly null reference. [/home/ubuntu/PROGRAMA-BETA/src/FiveMTool.csproj]
/home/ubuntu/PROGRAMA-BETA/src/External/CodeWalker.Core/GameFiles/FileTypes/CarColsFile.cs(735,66): warning CS8604: Possible null reference argument for parameter 'node' in 'CVehicleKit_427606548.CVehicleKit_427606548(XmlNode node)'. [/home/ubuntu/PROGRAMA-BETA/src/FiveMTool.csproj]
/home/ubuntu/PROGRAMA-BETA/src/External/CodeWalker.Core/GameFiles/FileTypes/CarColsFile.cs(739,21): warning CS8600: Converting null literal or possible null value to non-nullable type. [/home/ubuntu/PROGRAMA-BETA/src/FiveMTool.csproj]
/home/ubuntu/PROGRAMA-BETA/src/External/CodeWalker.Core/GameFiles/FileTypes/CarColsFile.cs(743,21): warning CS8602: Dereference of a possibly null reference. [/home/ubuntu/PROGRAMA-BETA/src/FiveMTool.csproj]
/home/ubuntu/PROGRAMA-BETA/src/External/CodeWalker.Core/GameFiles/FileTypes/CarColsFile.cs(748,58): warning CS8602: Dereference of a possibly null reference. [/home/ubuntu/PROGRAMA-BETA/src/FiveMTool.csproj]
/home/ubuntu/PROGRAMA-BETA/src/External/CodeWalker.Core/GameFiles/FileTypes/CarColsFile.cs(752,21): warning CS8600: Converting null literal or possible null value to non-nullable type. [/home/ubuntu/PROGRAMA-BETA/src/FiveMTool.csproj]
/home/ubuntu/PROGRAMA-BETA/src/External/CodeWalker.Core/GameFiles/FileTypes/CarColsFile.cs(756,21): warning CS8602: Dereference of a possibly null reference. [/home/ubuntu/PROGRAMA-BETA/src/FiveMTool.csproj]
/home/ubuntu/PROGRAMA-BETA/src/External/CodeWalker.Core/GameFiles/FileTypes/CarColsFile.cs(761,59): warning CS8602: Dereference of a possibly null reference. [/home/ubuntu/PROGRAMA-BETA/src/FiveMTool.csproj]
/home/ubuntu/PROGRAMA-BETA/src/External/CodeWalker.Core/GameFiles/FileTypes/CarColsFile.cs(681,16): warning CS8618: Non-nullable property 'visibleMods' must contain a non-null value when exiting constructor. Consider declaring the property as nullable. [/home/ubuntu/PROGRAMA-BETA/src/FiveMTool.csproj]
/home/ubuntu/PROGRAMA-BETA/src/External/CodeWalker.Core/GameFiles/FileTypes/CarColsFile.cs(681,16): warning CS8618: Non-nullable property 'linkMods' must contain a non-null value when exiting constructor. Consider declaring the property as nullable. [/home/ubuntu/PROGRAMA-BETA/src/FiveMTool.csproj]
/home/ubuntu/PROGRAMA-BETA/src/External/CodeWalker.Core/GameFiles/FileTypes/CarColsFile.cs(681,16): warning CS8618: Non-nullable property 'statMods' must contain a non-null value when exiting constructor. Consider declaring the property as nullable. [/home/ubuntu/PROGRAMA-BETA/src/FiveMTool.csproj]
/home/ubuntu/PROGRAMA-BETA/src/External/CodeWalker.Core/GameFiles/FileTypes/CarColsFile.cs(681,16): warning CS8618: Non-nullable property 'slotNames' must contain a non-null value when exiting constructor. Consider declaring the property as nullable. [/home/ubuntu/PROGRAMA-BETA/src/FiveMTool.csproj]
/home/ubuntu/PROGRAMA-BETA/src/External/CodeWalker.Core/GameFiles/FileTypes/CarColsFile.cs(681,16): warning CS8618: Non-nullable property 'liveryNames' must contain a non-null value when exiting constructor. Consider declaring the property as nullable. [/home/ubuntu/PROGRAMA-BETA/src/FiveMTool.csproj]
/home/ubuntu/PROGRAMA-BETA/src/External/CodeWalker.Core/GameFiles/FileTypes/CarColsFile.cs(681,16): warning CS8618: Non-nullable property 'livery2Names' must contain a non-null value when exiting constructor. Consider declaring the property as nullable. [/home/ubuntu/PROGRAMA-BETA/src/FiveMTool.csproj]
/home/ubuntu/PROGRAMA-BETA/src/External/CodeWalker.Core/GameFiles/FileTypes/CarModColsFile.cs(22,40): warning CS8625: Cannot convert null literal to non-nullable reference type. [/home/ubuntu/PROGRAMA-BETA/src/FiveMTool.csproj]
/home/ubuntu/PROGRAMA-BETA/src/External/CodeWalker.Core/GameFiles/FileTypes/CarModColsFile.cs(22,16): warning CS8618: Non-nullable property 'Pso' must contain a non-null value when exiting constructor. Consider declaring the property as nullable. [/home/ubuntu/PROGRAMA-BETA/src/FiveMTool.csproj]
/home/ubuntu/PROGRAMA-BETA/src/External/CodeWalker.Core/GameFiles/FileTypes/CarModColsFile.cs(22,16): warning CS8618: Non-nullable property 'Xml' must contain a non-null value when exiting constructor. Consider declaring the property as nullable. [/home/ubuntu/PROGRAMA-BETA/src/FiveMTool.csproj]
/home/ubuntu/PROGRAMA-BETA/src/External/CodeWalker.Core/GameFiles/FileTypes/CarModColsFile.cs(22,16): warning CS8618: Non-nullable property 'VehicleModColours' must contain a non-null value when exiting constructor. Consider declaring the property as nullable. [/home/ubuntu/PROGRAMA-BETA/src/FiveMTool.csproj]
/home/ubuntu/PROGRAMA-BETA/src/External/CodeWalker.Core/GameFiles/FileTypes/CarModColsFile.cs(24,16): warning CS8618: Non-nullable property 'Pso' must contain a non-null value when exiting constructor. Consider declaring the property as nullable. [/home/ubuntu/PROGRAMA-BETA/src/FiveMTool.csproj]
/home/ubuntu/PROGRAMA-BETA/src/External/CodeWalker.Core/GameFiles/FileTypes/CarModColsFile.cs(24,16): warning CS8618: Non-nullable property 'Xml' must contain a non-null value when exiting constructor. Consider declaring the property as nullable. [/home/ubuntu/PROGRAMA-BETA/src/FiveMTool.csproj]
/home/ubuntu/PROGRAMA-BETA/src/External/CodeWalker.Core/GameFiles/FileTypes/CarModColsFile.cs(24,16): warning CS8618: Non-nullable property 'VehicleModColours' must contain a non-null value when exiting constructor. Consider declaring the property as nullable. [/home/ubuntu/PROGRAMA-BETA/src/FiveMTool.csproj]
/home/ubuntu/PROGRAMA-BETA/src/External/CodeWalker.Core/GameFiles/FileTypes/CarVariationsFile.cs(23,43): warning CS8625: Cannot convert null literal to non-nullable reference type. [/home/ubuntu/PROGRAMA-BETA/src/FiveMTool.csproj]
/home/ubuntu/PROGRAMA-BETA/src/External/CodeWalker.Core/GameFiles/FileTypes/CarVariationsFile.cs(23,16): warning CS8618: Non-nullable property 'Pso' must contain a non-null value when exiting constructor. Consider declaring the property as nullable. [/home/ubuntu/PROGRAMA-BETA/src/FiveMTool.csproj]
/home/ubuntu/PROGRAMA-BETA/src/External/CodeWalker.Core/GameFiles/FileTypes/CarVariationsFile.cs(23,16): warning CS8618: Non-nullable property 'Xml' must contain a non-null value when exiting constructor. Consider declaring the property as nullable. [/home/ubuntu/PROGRAMA-BETA/src/FiveMTool.csproj]
/home/ubuntu/PROGRAMA-BETA/src/External/CodeWalker.Core/GameFiles/FileTypes/CarVariationsFile.cs(23,16): warning CS8618: Non-nullable property 'VehicleModelInfo' must contain a non-null value when exiting constructor. Consider declaring the property as nullable. [/home/ubuntu/PROGRAMA-BETA/src/FiveMTool.csproj]
/home/ubuntu/PROGRAMA-BETA/src/External/CodeWalker.Core/GameFiles/FileTypes/CarVariationsFile.cs(25,16): warning CS8618: Non-nullable property 'Pso' must contain a non-null value when exiting constructor. Consider declaring the property as nullable. [/home/ubuntu/PROGRAMA-BETA/src/FiveMTool.csproj]
/home/ubuntu/PROGRAMA-BETA/src/External/CodeWalker.Core/GameFiles/FileTypes/CarVariationsFile.cs(25,16): warning CS8618: Non-nullable property 'Xml' must contain a non-null value when exiting constructor. Consider declaring the property as nullable. [/home/ubuntu/PROGRAMA-BETA/src/FiveMTool.csproj]
/home/ubuntu/PROGRAMA-BETA/src/External/CodeWalker.Core/GameFiles/FileTypes/CarVariationsFile.cs(25,16): warning CS8618: Non-nullable property 'VehicleModelInfo' must contain a non-null value when exiting constructor. Consider declaring the property as nullable. [/home/ubuntu/PROGRAMA-BETA/src/FiveMTool.csproj]
/home/ubuntu/PROGRAMA-BETA/src/External/CodeWalker.Core/GameFiles/FileTypes/CarVariationsFile.cs(82,21): warning CS8600: Converting null literal or possible null value to non-nullable type. [/home/ubuntu/PROGRAMA-BETA/src/FiveMTool.csproj]
/home/ubuntu/PROGRAMA-BETA/src/External/CodeWalker.Core/GameFiles/FileTypes/CarVariationsFile.cs(86,21): warning CS8602: Dereference of a possibly null reference. [/home/ubuntu/PROGRAMA-BETA/src/FiveMTool.csproj]
/home/ubuntu/PROGRAMA-BETA/src/External/CodeWalker.Core/GameFiles/FileTypes/CarVariationsFile.cs(91,85): warning CS8604: Possible null reference argument for parameter 'node' in 'CVehicleModelInfoVariation_418053801.CVehicleModelInfoVariation_418053801(XmlNode node)'. [/home/ubuntu/PROGRAMA-BETA/src/FiveMTool.csproj]
/home/ubuntu/PROGRAMA-BETA/src/External/CodeWalker.Core/GameFiles/FileTypes/CarVariationsFile.cs(79,16): warning CS8618: Non-nullable property 'variationData' must contain a non-null value when exiting constructor. Consider declaring the property as nullable. [/home/ubuntu/PROGRAMA-BETA/src/FiveMTool.csproj]
/home/ubuntu/PROGRAMA-BETA/src/External/CodeWalker.Core/GameFiles/FileTypes/CarModColsFile.cs(183,21): warning CS8600: Converting null literal or possible null value to non-nullable type. [/home/ubuntu/PROGRAMA-BETA/src/FiveMTool.csproj]
/home/ubuntu/PROGRAMA-BETA/src/External/CodeWalker.Core/GameFiles/FileTypes/CarModColsFile.cs(187,21): warning CS8602: Dereference of a possibly null reference. [/home/ubuntu/PROGRAMA-BETA/src/FiveMTool.csproj]
/home/ubuntu/PROGRAMA-BETA/src/External/CodeWalker.Core/GameFiles/FileTypes/CarModColsFile.cs(192,60): warning CS8604: Possible null reference argument for parameter 'node' in 'CVehicleModColor.CVehicleModColor(XmlNode node)'. [/home/ubuntu/PROGRAMA-BETA/src/FiveMTool.csproj]
/home/ubuntu/PROGRAMA-BETA/src/External/CodeWalker.Core/GameFiles/FileTypes/CarModColsFile.cs(196,21): warning CS8600: Converting null literal or possible null value to non-nullable type. [/home/ubuntu/PROGRAMA-BETA/src/FiveMTool.csproj]
/home/ubuntu/PROGRAMA-BETA/src/External/CodeWalker.Core/GameFiles/FileTypes/CarModColsFile.cs(200,21): warning CS8602: Dereference of a possibly null reference. [/home/ubuntu/PROGRAMA-BETA/src/FiveMTool.csproj]
/home/ubuntu/PROGRAMA-BETA/src/External/CodeWalker.Core/GameFiles/FileTypes/CarModColsFile.cs(205,60): warning CS8604: Possible null reference argument for parameter 'node' in 'CVehicleModColor.CVehicleModColor(XmlNode node)'. [/home/ubuntu/PROGRAMA-BETA/src/FiveMTool.csproj]
/home/ubuntu/PROGRAMA-BETA/src/External/CodeWalker.Core/GameFiles/FileTypes/CarModColsFile.cs(180,16): warning CS8618: Non-nullable property 'baseCols' must contain a non-null value when exiting constructor. Consider declaring the property as nullable. [/home/ubuntu/PROGRAMA-BETA/src/FiveMTool.csproj]
/home/ubuntu/PROGRAMA-BETA/src/External/CodeWalker.Core/GameFiles/FileTypes/CarModColsFile.cs(180,16): warning CS8618: Non-nullable property 'specCols' must contain a non-null value when exiting constructor. Consider declaring the property as nullable. [/home/ubuntu/PROGRAMA-BETA/src/FiveMTool.csproj]
/home/ubuntu/PROGRAMA-BETA/src/External/CodeWalker.Core/GameFiles/FileTypes/CarModColsFile.cs(85,21): warning CS8600: Converting null literal or possible null value to non-nullable type. [/home/ubuntu/PROGRAMA-BETA/src/FiveMTool.csproj]
/home/ubuntu/PROGRAMA-BETA/src/External/CodeWalker.Core/GameFiles/FileTypes/CarModColsFile.cs(89,21): warning CS8602: Dereference of a possibly null reference. [/home/ubuntu/PROGRAMA-BETA/src/FiveMTool.csproj]
/home/ubuntu/PROGRAMA-BETA/src/External/CodeWalker.Core/GameFiles/FileTypes/CarModColsFile.cs(94,60): warning CS8604: Possible null reference argument for parameter 'node' in 'CVehicleModColor.CVehicleModColor(XmlNode node)'. [/home/ubuntu/PROGRAMA-BETA/src/FiveMTool.csproj]
/home/ubuntu/PROGRAMA-BETA/src/External/CodeWalker.Core/GameFiles/FileTypes/CarModColsFile.cs(98,21): warning CS8600: Converting null literal or possible null value to non-nullable type. [/home/ubuntu/PROGRAMA-BETA/src/FiveMTool.csproj]
/home/ubuntu/PROGRAMA-BETA/src/External/CodeWalker.Core/GameFiles/FileTypes/CarModColsFile.cs(102,21): warning CS8602: Dereference of a possibly null reference. [/home/ubuntu/PROGRAMA-BETA/src/FiveMTool.csproj]
/home/ubuntu/PROGRAMA-BETA/src/External/CodeWalker.Core/GameFiles/FileTypes/CarModColsFile.cs(107,59): warning CS8604: Possible null reference argument for parameter 'node' in 'CVehicleModColor.CVehicleModColor(XmlNode node)'. [/home/ubuntu/PROGRAMA-BETA/src/FiveMTool.csproj]
/home/ubuntu/PROGRAMA-BETA/src/External/CodeWalker.Core/GameFiles/FileTypes/CarModColsFile.cs(111,21): warning CS8600: Converting null literal or possible null value to non-nullable type. [/home/ubuntu/PROGRAMA-BETA/src/FiveMTool.csproj]
/home/ubuntu/PROGRAMA-BETA/src/External/CodeWalker.Core/GameFiles/FileTypes/CarModColsFile.cs(115,21): warning CS8602: Dereference of a possibly null reference. [/home/ubuntu/PROGRAMA-BETA/src/FiveMTool.csproj]
/home/ubuntu/PROGRAMA-BETA/src/External/CodeWalker.Core/GameFiles/FileTypes/CarModColsFile.cs(120,57): warning CS8604: Possible null reference argument for parameter 'node' in 'CVehicleModColor.CVehicleModColor(XmlNode node)'. [/home/ubuntu/PROGRAMA-BETA/src/FiveMTool.csproj]
/home/ubuntu/PROGRAMA-BETA/src/External/CodeWalker.Core/GameFiles/FileTypes/CarModColsFile.cs(124,21): warning CS8600: Converting null literal or possible null value to non-nullable type. [/home/ubuntu/PROGRAMA-BETA/src/FiveMTool.csproj]
/home/ubuntu/PROGRAMA-BETA/src/External/CodeWalker.Core/GameFiles/FileTypes/CarModColsFile.cs(128,21): warning CS8602: Dereference of a possibly null reference. [/home/ubuntu/PROGRAMA-BETA/src/FiveMTool.csproj]
/home/ubuntu/PROGRAMA-BETA/src/External/CodeWalker.Core/GameFiles/FileTypes/CarModColsFile.cs(133,58): warning CS8604: Possible null reference argument for parameter 'node' in 'CVehicleModColor.CVehicleModColor(XmlNode node)'. [/home/ubuntu/PROGRAMA-BETA/src/FiveMTool.csproj]
/home/ubuntu/PROGRAMA-BETA/src/External/CodeWalker.Core/GameFiles/FileTypes/CarModColsFile.cs(137,21): warning CS8600: Converting null literal or possible null value to non-nullable type. [/home/ubuntu/PROGRAMA-BETA/src/FiveMTool.csproj]
/home/ubuntu/PROGRAMA-BETA/src/External/CodeWalker.Core/GameFiles/FileTypes/CarModColsFile.cs(141,21): warning CS8602: Dereference of a possibly null reference. [/home/ubuntu/PROGRAMA-BETA/src/FiveMTool.csproj]
/home/ubuntu/PROGRAMA-BETA/src/External/CodeWalker.Core/GameFiles/FileTypes/CarModColsFile.cs(146,58): warning CS8604: Possible null reference argument for parameter 'node' in 'CVehicleModColor.CVehicleModColor(XmlNode node)'. [/home/ubuntu/PROGRAMA-BETA/src/FiveMTool.csproj]
/home/ubuntu/PROGRAMA-BETA/src/External/CodeWalker.Core/GameFiles/FileTypes/CarModColsFile.cs(150,21): warning CS8600: Converting null literal or possible null value to non-nullable type. [/home/ubuntu/PROGRAMA-BETA/src/FiveMTool.csproj]
/home/ubuntu/PROGRAMA-BETA/src/External/CodeWalker.Core/GameFiles/FileTypes/CarModColsFile.cs(82,16): warning CS8618: Non-nullable property 'metallic' must contain a non-null value when exiting constructor. Consider declaring the property as nullable. [/home/ubuntu/PROGRAMA-BETA/src/FiveMTool.csproj]
/home/ubuntu/PROGRAMA-BETA/src/External/CodeWalker.Core/GameFiles/FileTypes/CarModColsFile.cs(82,16): warning CS8618: Non-nullable property 'classic' must contain a non-null value when exiting constructor. Consider declaring the property as nullable. [/home/ubuntu/PROGRAMA-BETA/src/FiveMTool.csproj]
/home/ubuntu/PROGRAMA-BETA/src/External/CodeWalker.Core/GameFiles/FileTypes/CarModColsFile.cs(82,16): warning CS8618: Non-nullable property 'matte' must contain a non-null value when exiting constructor. Consider declaring the property as nullable. [/home/ubuntu/PROGRAMA-BETA/src/FiveMTool.csproj]
/home/ubuntu/PROGRAMA-BETA/src/External/CodeWalker.Core/GameFiles/FileTypes/CarModColsFile.cs(82,16): warning CS8618: Non-nullable property 'metals' must contain a non-null value when exiting constructor. Consider declaring the property as nullable. [/home/ubuntu/PROGRAMA-BETA/src/FiveMTool.csproj]
/home/ubuntu/PROGRAMA-BETA/src/External/CodeWalker.Core/GameFiles/FileTypes/CarModColsFile.cs(82,16): warning CS8618: Non-nullable property 'chrome' must contain a non-null value when exiting constructor. Consider declaring the property as nullable. [/home/ubuntu/PROGRAMA-BETA/src/FiveMTool.csproj]
/home/ubuntu/PROGRAMA-BETA/src/External/CodeWalker.Core/GameFiles/FileTypes/CarModColsFile.cs(82,16): warning CS8618: Non-nullable property 'pearlescent' must contain a non-null value when exiting constructor. Consider declaring the property as nullable. [/home/ubuntu/PROGRAMA-BETA/src/FiveMTool.csproj]
/home/ubuntu/PROGRAMA-BETA/src/External/CodeWalker.Core/GameFiles/FileTypes/CarVariationsFile.cs(229,21): warning CS8600: Converting null literal or possible null value to non-nullable type. [/home/ubuntu/PROGRAMA-BETA/src/FiveMTool.csproj]
/home/ubuntu/PROGRAMA-BETA/src/External/CodeWalker.Core/GameFiles/FileTypes/CarVariationsFile.cs(233,21): warning CS8602: Dereference of a possibly null reference. [/home/ubuntu/PROGRAMA-BETA/src/FiveMTool.csproj]
/home/ubuntu/PROGRAMA-BETA/src/External/CodeWalker.Core/GameFiles/FileTypes/CarVariationsFile.cs(238,77): warning CS8604: Possible null reference argument for parameter 'node' in 'PlateProbabilities_938618322.PlateProbabilities_938618322(XmlNode node)'. [/home/ubuntu/PROGRAMA-BETA/src/FiveMTool.csproj]
/home/ubuntu/PROGRAMA-BETA/src/External/CodeWalker.Core/GameFiles/FileTypes/CarVariationsFile.cs(226,16): warning CS8618: Non-nullable property 'Probabilities' must contain a non-null value when exiting constructor. Consider declaring the property as nullable. [/home/ubuntu/PROGRAMA-BETA/src/FiveMTool.csproj]
/home/ubuntu/PROGRAMA-BETA/src/External/CodeWalker.Core/GameFiles/FileTypes/CutFile.cs(24,16): warning CS8618: Non-nullable property 'FileEntry' must contain a non-null value when exiting constructor. Consider declaring the property as nullable. [/home/ubuntu/PROGRAMA-BETA/src/FiveMTool.csproj]
/home/ubuntu/PROGRAMA-BETA/src/External/CodeWalker.Core/GameFiles/FileTypes/CutFile.cs(24,16): warning CS8618: Non-nullable property 'Pso' must contain a non-null value when exiting constructor. Consider declaring the property as nullable. [/home/ubuntu/PROGRAMA-BETA/src/FiveMTool.csproj]
/home/ubuntu/PROGRAMA-BETA/src/External/CodeWalker.Core/GameFiles/FileTypes/CutFile.cs(24,16): warning CS8618: Non-nullable property 'CutsceneFile2' must contain a non-null value when exiting constructor. Consider declaring the property as nullable. [/home/ubuntu/PROGRAMA-BETA/src/FiveMTool.csproj]
/home/ubuntu/PROGRAMA-BETA/src/External/CodeWalker.Core/GameFiles/FileTypes/CutFile.cs(26,16): warning CS8618: Non-nullable property 'Pso' must contain a non-null value when exiting constructor. Consider declaring the property as nullable. [/home/ubuntu/PROGRAMA-BETA/src/FiveMTool.csproj]
/home/ubuntu/PROGRAMA-BETA/src/External/CodeWalker.Core/GameFiles/FileTypes/CutFile.cs(26,16): warning CS8618: Non-nullable property 'CutsceneFile2' must contain a non-null value when exiting constructor. Consider declaring the property as nullable. [/home/ubuntu/PROGRAMA-BETA/src/FiveMTool.csproj]
/home/ubuntu/PROGRAMA-BETA/src/External/CodeWalker.Core/GameFiles/FileTypes/CutFile.cs(49,39): warning CS8604: Possible null reference argument for parameter 'node' in 'void CutsceneFile2.ReadXml(XmlNode node)'. [/home/ubuntu/PROGRAMA-BETA/src/FiveMTool.csproj]
/home/ubuntu/PROGRAMA-BETA/src/External/CodeWalker.Core/GameFiles/FileTypes/CarVariationsFile.cs(172,21): warning CS8600: Converting null literal or possible null value to non-nullable type. [/home/ubuntu/PROGRAMA-BETA/src/FiveMTool.csproj]
/home/ubuntu/PROGRAMA-BETA/src/External/CodeWalker.Core/GameFiles/FileTypes/CarVariationsFile.cs(189,21): warning CS8600: Converting null literal or possible null value to non-nullable type. [/home/ubuntu/PROGRAMA-BETA/src/FiveMTool.csproj]
/home/ubuntu/PROGRAMA-BETA/src/External/CodeWalker.Core/GameFiles/FileTypes/CarVariationsFile.cs(193,21): warning CS8602: Dereference of a possibly null reference. [/home/ubuntu/PROGRAMA-BETA/src/FiveMTool.csproj]
/home/ubuntu/PROGRAMA-BETA/src/External/CodeWalker.Core/GameFiles/FileTypes/CarVariationsFile.cs(198,60): warning CS8604: Possible null reference argument for parameter 'node' in 'bool Xml.GetBoolAttribute(XmlNode node, string attribute)'. [/home/ubuntu/PROGRAMA-BETA/src/FiveMTool.csproj]
/home/ubuntu/PROGRAMA-BETA/src/External/CodeWalker.Core/GameFiles/FileTypes/CarVariationsFile.cs(169,16): warning CS8618: Non-nullable property 'indices' must contain a non-null value when exiting constructor. Consider declaring the property as nullable. [/home/ubuntu/PROGRAMA-BETA/src/FiveMTool.csproj]
/home/ubuntu/PROGRAMA-BETA/src/External/CodeWalker.Core/GameFiles/FileTypes/CarVariationsFile.cs(169,16): warning CS8618: Non-nullable property 'liveries' must contain a non-null value when exiting constructor. Consider declaring the property as nullable. [/home/ubuntu/PROGRAMA-BETA/src/FiveMTool.csproj]
/home/ubuntu/PROGRAMA-BETA/src/External/CodeWalker.Core/GameFiles/FileTypes/CarVariationsFile.cs(111,21): warning CS8600: Converting null literal or possible null value to non-nullable type. [/home/ubuntu/PROGRAMA-BETA/src/FiveMTool.csproj]
/home/ubuntu/PROGRAMA-BETA/src/External/CodeWalker.Core/GameFiles/FileTypes/CarVariationsFile.cs(115,21): warning CS8602: Dereference of a possibly null reference. [/home/ubuntu/PROGRAMA-BETA/src/FiveMTool.csproj]
/home/ubuntu/PROGRAMA-BETA/src/External/CodeWalker.Core/GameFiles/FileTypes/CarVariationsFile.cs(120,79): warning CS8604: Possible null reference argument for parameter 'node' in 'CVehicleModelInfoVariation_2575850962.CVehicleModelInfoVariation_2575850962(XmlNode node)'. [/home/ubuntu/PROGRAMA-BETA/src/FiveMTool.csproj]
/home/ubuntu/PROGRAMA-BETA/src/External/CodeWalker.Core/GameFiles/FileTypes/CarVariationsFile.cs(124,21): warning CS8600: Converting null literal or possible null value to non-nullable type. [/home/ubuntu/PROGRAMA-BETA/src/FiveMTool.csproj]
/home/ubuntu/PROGRAMA-BETA/src/External/CodeWalker.Core/GameFiles/FileTypes/CarVariationsFile.cs(128,21): warning CS8602: Dereference of a possibly null reference. [/home/ubuntu/PROGRAMA-BETA/src/FiveMTool.csproj]
/home/ubuntu/PROGRAMA-BETA/src/External/CodeWalker.Core/GameFiles/FileTypes/CarVariationsFile.cs(133,51): warning CS8602: Dereference of a possibly null reference. [/home/ubuntu/PROGRAMA-BETA/src/FiveMTool.csproj]
/home/ubuntu/PROGRAMA-BETA/src/External/CodeWalker.Core/GameFiles/FileTypes/CarVariationsFile.cs(137,21): warning CS8600: Converting null literal or possible null value to non-nullable type. [/home/ubuntu/PROGRAMA-BETA/src/FiveMTool.csproj]
/home/ubuntu/PROGRAMA-BETA/src/External/CodeWalker.Core/GameFiles/FileTypes/CarVariationsFile.cs(141,21): warning CS8602: Dereference of a possibly null reference. [/home/ubuntu/PROGRAMA-BETA/src/FiveMTool.csproj]
/home/ubuntu/PROGRAMA-BETA/src/External/CodeWalker.Core/GameFiles/FileTypes/CarVariationsFile.cs(146,70): warning CS8602: Dereference of a possibly null reference. [/home/ubuntu/PROGRAMA-BETA/src/FiveMTool.csproj]
/home/ubuntu/PROGRAMA-BETA/src/External/CodeWalker.Core/GameFiles/FileTypes/CarVariationsFile.cs(150,21): warning CS8600: Converting null literal or possible null value to non-nullable type. [/home/ubuntu/PROGRAMA-BETA/src/FiveMTool.csproj]
/home/ubuntu/PROGRAMA-BETA/src/External/CodeWalker.Core/GameFiles/FileTypes/CarVariationsFile.cs(107,16): warning CS8618: Non-nullable property 'colors' must contain a non-null value when exiting constructor. Consider declaring the property as nullable. [/home/ubuntu/PROGRAMA-BETA/src/FiveMTool.csproj]
/home/ubuntu/PROGRAMA-BETA/src/External/CodeWalker.Core/GameFiles/FileTypes/CarVariationsFile.cs(107,16): warning CS8618: Non-nullable property 'kits' must contain a non-null value when exiting constructor. Consider declaring the property as nullable. [/home/ubuntu/PROGRAMA-BETA/src/FiveMTool.csproj]
/home/ubuntu/PROGRAMA-BETA/src/External/CodeWalker.Core/GameFiles/FileTypes/CarVariationsFile.cs(107,16): warning CS8618: Non-nullable property 'windowsWithExposedEdges' must contain a non-null value when exiting constructor. Consider declaring the property as nullable. [/home/ubuntu/PROGRAMA-BETA/src/FiveMTool.csproj]
/home/ubuntu/PROGRAMA-BETA/src/External/CodeWalker.Core/GameFiles/FileTypes/CarVariationsFile.cs(107,16): warning CS8618: Non-nullable property 'plateProbabilities' must contain a non-null value when exiting constructor. Consider declaring the property as nullable. [/home/ubuntu/PROGRAMA-BETA/src/FiveMTool.csproj]
/home/ubuntu/PROGRAMA-BETA/src/External/CodeWalker.Core/GameFiles/FileTypes/CutFile.cs(340,25): warning CS8618: Non-nullable property 'Items' must contain a non-null value when exiting constructor. Consider declaring the property as nullable. [/home/ubuntu/PROGRAMA-BETA/src/FiveMTool.csproj]
/home/ubuntu/PROGRAMA-BETA/src/External/CodeWalker.Core/GameFiles/FileTypes/CutFile.cs(390,23): warning CS8618: Non-nullable property 'Value' must contain a non-null value when exiting constructor. Consider declaring the property as nullable. [/home/ubuntu/PROGRAMA-BETA/src/FiveMTool.csproj]
/home/ubuntu/PROGRAMA-BETA/src/External/CodeWalker.Core/GameFiles/FileTypes/CutFile.cs(433,22): warning CS8618: Non-nullable property 'frames' must contain a non-null value when exiting constructor. Consider declaring the property as nullable. [/home/ubuntu/PROGRAMA-BETA/src/FiveMTool.csproj]
/home/ubuntu/PROGRAMA-BETA/src/External/CodeWalker.Core/GameFiles/FileTypes/CutFile.cs(458,50): warning CS8602: Dereference of a possibly null reference. [/home/ubuntu/PROGRAMA-BETA/src/FiveMTool.csproj]
/home/ubuntu/PROGRAMA-BETA/src/External/CodeWalker.Core/GameFiles/FileTypes/CutFile.cs(446,36): warning CS8618: Non-nullable property 'attributeList' must contain a non-null value when exiting constructor. Consider declaring the property as nullable. [/home/ubuntu/PROGRAMA-BETA/src/FiveMTool.csproj]
/home/ubuntu/PROGRAMA-BETA/src/External/CodeWalker.Core/GameFiles/FileTypes/CutFile.cs(447,34): warning CS8618: Non-nullable property 'cutfAttributes' must contain a non-null value when exiting constructor. Consider declaring the property as nullable. [/home/ubuntu/PROGRAMA-BETA/src/FiveMTool.csproj]
/home/ubuntu/PROGRAMA-BETA/src/External/CodeWalker.Core/GameFiles/FileTypes/CutFile.cs(557,26): warning CS8618: Non-nullable property 'vCorners' must contain a non-null value when exiting constructor. Consider declaring the property as nullable. [/home/ubuntu/PROGRAMA-BETA/src/FiveMTool.csproj]
/home/ubuntu/PROGRAMA-BETA/src/External/CodeWalker.Core/GameFiles/FileTypes/CutFile.cs(591,23): warning CS8618: Non-nullable property 'cRenderTargetName' must contain a non-null value when exiting constructor. Consider declaring the property as nullable. [/home/ubuntu/PROGRAMA-BETA/src/FiveMTool.csproj]
/home/ubuntu/PROGRAMA-BETA/src/External/CodeWalker.Core/GameFiles/FileTypes/CutFile.cs(188,49): warning CS8602: Dereference of a possibly null reference. [/home/ubuntu/PROGRAMA-BETA/src/FiveMTool.csproj]
/home/ubuntu/PROGRAMA-BETA/src/External/CodeWalker.Core/GameFiles/FileTypes/CutFile.cs(161,35): warning CS8603: Possible null reference return. [/home/ubuntu/PROGRAMA-BETA/src/FiveMTool.csproj]
/home/ubuntu/PROGRAMA-BETA/src/External/CodeWalker.Core/GameFiles/FileTypes/CutFile.cs(162,65): warning CS8603: Possible null reference return. [/home/ubuntu/PROGRAMA-BETA/src/FiveMTool.csproj]
/home/ubuntu/PROGRAMA-BETA/src/External/CodeWalker.Core/GameFiles/FileTypes/CutFile.cs(163,28): warning CS8602: Dereference of a possibly null reference. [/home/ubuntu/PROGRAMA-BETA/src/FiveMTool.csproj]
/home/ubuntu/PROGRAMA-BETA/src/External/CodeWalker.Core/GameFiles/FileTypes/CutFile.cs(166,24): warning CS8603: Possible null reference return. [/home/ubuntu/PROGRAMA-BETA/src/FiveMTool.csproj]
/home/ubuntu/PROGRAMA-BETA/src/External/CodeWalker.Core/GameFiles/FileTypes/CutFile.cs(170,31): warning CS8600: Converting null literal or possible null value to non-nullable type. [/home/ubuntu/PROGRAMA-BETA/src/FiveMTool.csproj]
/home/ubuntu/PROGRAMA-BETA/src/External/CodeWalker.Core/GameFiles/FileTypes/CutFile.cs(171,48): warning CS8600: Converting null literal or possible null value to non-nullable type. [/home/ubuntu/PROGRAMA-BETA/src/FiveMTool.csproj]
/home/ubuntu/PROGRAMA-BETA/src/External/CodeWalker.Core/GameFiles/FileTypes/CutFile.cs(172,24): warning CS8603: Possible null reference return. [/home/ubuntu/PROGRAMA-BETA/src/FiveMTool.csproj]
/home/ubuntu/PROGRAMA-BETA/src/External/CodeWalker.Core/GameFiles/Utils/GTAKeys.cs(209,25): warning CS8600: Converting null literal or possible null value to non-nullable type. [/home/ubuntu/PROGRAMA-BETA/src/FiveMTool.csproj]
/home/ubuntu/PROGRAMA-BETA/src/External/CodeWalker.Core/GameFiles/FileTypes/CutFile.cs(721,25): warning CS8618: Non-nullable property 'cRemoveBoneNameList' must contain a non-null value when exiting constructor. Consider declaring the property as nullable. [/home/ubuntu/PROGRAMA-BETA/src/FiveMTool.csproj]
/home/ubuntu/PROGRAMA-BETA/src/External/CodeWalker.Core/GameFiles/FileTypes/CutFile.cs(279,33): warning CS8603: Possible null reference return. [/home/ubuntu/PROGRAMA-BETA/src/FiveMTool.csproj]
/home/ubuntu/PROGRAMA-BETA/src/External/CodeWalker.Core/GameFiles/Utils/GTAKeys.cs(255,37): warning CS8625: Cannot convert null literal to non-nullable reference type. [/home/ubuntu/PROGRAMA-BETA/src/FiveMTool.csproj]
/home/ubuntu/PROGRAMA-BETA/src/External/CodeWalker.Core/GameFiles/Utils/GTAKeys.cs(283,24): warning CS8600: Converting null literal or possible null value to non-nullable type. [/home/ubuntu/PROGRAMA-BETA/src/FiveMTool.csproj]
/home/ubuntu/PROGRAMA-BETA/src/External/CodeWalker.Core/GameFiles/FileTypes/CutFile.cs(291,20): warning CS8603: Possible null reference return. [/home/ubuntu/PROGRAMA-BETA/src/FiveMTool.csproj]
/home/ubuntu/PROGRAMA-BETA/src/External/CodeWalker.Core/GameFiles/Utils/GTAKeys.cs(47,30): warning CS8618: Non-nullable field 'PC_AES_KEY' must contain a non-null value when exiting constructor. Consider declaring the field as nullable. [/home/ubuntu/PROGRAMA-BETA/src/FiveMTool.csproj]
/home/ubuntu/PROGRAMA-BETA/src/External/CodeWalker.Core/GameFiles/Utils/GTAKeys.cs(50,32): warning CS8618: Non-nullable field 'PC_NG_KEYS' must contain a non-null value when exiting constructor. Consider declaring the field as nullable. [/home/ubuntu/PROGRAMA-BETA/src/FiveMTool.csproj]
/home/ubuntu/PROGRAMA-BETA/src/External/CodeWalker.Core/GameFiles/Utils/GTAKeys.cs(53,34): warning CS8618: Non-nullable field 'PC_NG_DECRYPT_TABLES' must contain a non-null value when exiting constructor. Consider declaring the field as nullable. [/home/ubuntu/PROGRAMA-BETA/src/FiveMTool.csproj]
/home/ubuntu/PROGRAMA-BETA/src/External/CodeWalker.Core/GameFiles/Utils/GTAKeys.cs(57,34): warning CS8618: Non-nullable field 'PC_NG_ENCRYPT_TABLES' must contain a non-null value when exiting constructor. Consider declaring the field as nullable. [/home/ubuntu/PROGRAMA-BETA/src/FiveMTool.csproj]
/home/ubuntu/PROGRAMA-BETA/src/External/CodeWalker.Core/GameFiles/Utils/GTAKeys.cs(61,37): warning CS8618: Non-nullable field 'PC_NG_ENCRYPT_LUTs' must contain a non-null value when exiting constructor. Consider declaring the field as nullable. [/home/ubuntu/PROGRAMA-BETA/src/FiveMTool.csproj]
/home/ubuntu/PROGRAMA-BETA/src/External/CodeWalker.Core/GameFiles/Utils/GTAKeys.cs(64,30): warning CS8618: Non-nullable field 'PC_LUT' must contain a non-null value when exiting constructor. Consider declaring the field as nullable. [/home/ubuntu/PROGRAMA-BETA/src/FiveMTool.csproj]
/home/ubuntu/PROGRAMA-BETA/src/External/CodeWalker.Core/GameFiles/Utils/GTAKeys.cs(67,30): warning CS8618: Non-nullable field 'PC_AWC_KEY' must contain a non-null value when exiting constructor. Consider declaring the field as nullable. [/home/ubuntu/PROGRAMA-BETA/src/FiveMTool.csproj]
/home/ubuntu/PROGRAMA-BETA/src/External/CodeWalker.Core/GameFiles/FileTypes/CutFile.cs(312,20): warning CS8603: Possible null reference return. [/home/ubuntu/PROGRAMA-BETA/src/FiveMTool.csproj]
/home/ubuntu/PROGRAMA-BETA/src/External/CodeWalker.Core/GameFiles/FileTypes/CutFile.cs(889,29): warning CS8618: Non-nullable property 'EventArgs' must contain a non-null value when exiting constructor. Consider declaring the property as nullable. [/home/ubuntu/PROGRAMA-BETA/src/FiveMTool.csproj]
/home/ubuntu/PROGRAMA-BETA/src/External/CodeWalker.Core/GameFiles/FileTypes/CutFile.cs(73,23): warning CS8618: Non-nullable property 'cFaceDir' must contain a non-null value when exiting constructor. Consider declaring the property as nullable. [/home/ubuntu/PROGRAMA-BETA/src/FiveMTool.csproj]
/home/ubuntu/PROGRAMA-BETA/src/External/CodeWalker.Core/GameFiles/FileTypes/CutFile.cs(74,23): warning CS8618: Non-nullable property 'iCutsceneFlags' must contain a non-null value when exiting constructor. Consider declaring the property as nullable. [/home/ubuntu/PROGRAMA-BETA/src/FiveMTool.csproj]
/home/ubuntu/PROGRAMA-BETA/src/External/CodeWalker.Core/GameFiles/FileTypes/CutFile.cs(78,25): warning CS8618: Non-nullable property 'pCutsceneObjects' must contain a non-null value when exiting constructor. Consider declaring the property as nullable. [/home/ubuntu/PROGRAMA-BETA/src/FiveMTool.csproj]
/home/ubuntu/PROGRAMA-BETA/src/External/CodeWalker.Core/GameFiles/FileTypes/CutFile.cs(79,25): warning CS8618: Non-nullable property 'pCutsceneLoadEventList' must contain a non-null value when exiting constructor. Consider declaring the property as nullable. [/home/ubuntu/PROGRAMA-BETA/src/FiveMTool.csproj]
/home/ubuntu/PROGRAMA-BETA/src/External/CodeWalker.Core/GameFiles/FileTypes/CutFile.cs(80,25): warning CS8618: Non-nullable property 'pCutsceneEventList' must contain a non-null value when exiting constructor. Consider declaring the property as nullable. [/home/ubuntu/PROGRAMA-BETA/src/FiveMTool.csproj]
/home/ubuntu/PROGRAMA-BETA/src/External/CodeWalker.Core/GameFiles/FileTypes/CutFile.cs(81,25): warning CS8618: Non-nullable property 'pCutsceneEventArgsList' must contain a non-null value when exiting constructor. Consider declaring the property as nullable. [/home/ubuntu/PROGRAMA-BETA/src/FiveMTool.csproj]
/home/ubuntu/PROGRAMA-BETA/src/External/CodeWalker.Core/GameFiles/FileTypes/CutFile.cs(82,36): warning CS8618: Non-nullable property 'attributes' must contain a non-null value when exiting constructor. Consider declaring the property as nullable. [/home/ubuntu/PROGRAMA-BETA/src/FiveMTool.csproj]
/home/ubuntu/PROGRAMA-BETA/src/External/CodeWalker.Core/GameFiles/FileTypes/CutFile.cs(83,34): warning CS8618: Non-nullable property 'cutfAttributes' must contain a non-null value when exiting constructor. Consider declaring the property as nullable. [/home/ubuntu/PROGRAMA-BETA/src/FiveMTool.csproj]
/home/ubuntu/PROGRAMA-BETA/src/External/CodeWalker.Core/GameFiles/FileTypes/CutFile.cs(97,24): warning CS8618: Non-nullable property 'cameraCutList' must contain a non-null value when exiting constructor. Consider declaring the property as nullable. [/home/ubuntu/PROGRAMA-BETA/src/FiveMTool.csproj]
/home/ubuntu/PROGRAMA-BETA/src/External/CodeWalker.Core/GameFiles/FileTypes/CutFile.cs(98,24): warning CS8618: Non-nullable property 'sectionSplitList' must contain a non-null value when exiting constructor. Consider declaring the property as nullable. [/home/ubuntu/PROGRAMA-BETA/src/FiveMTool.csproj]
/home/ubuntu/PROGRAMA-BETA/src/External/CodeWalker.Core/GameFiles/FileTypes/CutFile.cs(99,32): warning CS8618: Non-nullable property 'concatDataList' must contain a non-null value when exiting constructor. Consider declaring the property as nullable. [/home/ubuntu/PROGRAMA-BETA/src/FiveMTool.csproj]
/home/ubuntu/PROGRAMA-BETA/src/External/CodeWalker.Core/GameFiles/FileTypes/CutFile.cs(100,35): warning CS8618: Non-nullable property 'discardFrameList' must contain a non-null value when exiting constructor. Consider declaring the property as nullable. [/home/ubuntu/PROGRAMA-BETA/src/FiveMTool.csproj]
/home/ubuntu/PROGRAMA-BETA/src/External/CodeWalker.Core/GameFiles/FileTypes/CutFile.cs(916,26): warning CS8618: Non-nullable property 'Object' must contain a non-null value when exiting constructor. Consider declaring the property as nullable. [/home/ubuntu/PROGRAMA-BETA/src/FiveMTool.csproj]
/home/ubuntu/PROGRAMA-BETA/src/External/CodeWalker.Core/GameFiles/FileTypes/CutFile.cs(927,36): warning CS8618: Non-nullable property 'attributeList' must contain a non-null value when exiting constructor. Consider declaring the property as nullable. [/home/ubuntu/PROGRAMA-BETA/src/FiveMTool.csproj]
/home/ubuntu/PROGRAMA-BETA/src/External/CodeWalker.Core/GameFiles/FileTypes/CutFile.cs(928,34): warning CS8618: Non-nullable property 'cutfAttributes' must contain a non-null value when exiting constructor. Consider declaring the property as nullable. [/home/ubuntu/PROGRAMA-BETA/src/FiveMTool.csproj]
/home/ubuntu/PROGRAMA-BETA/src/External/CodeWalker.Core/GameFiles/FileTypes/CutFile.cs(948,23): warning CS8618: Non-nullable property 'cName' must contain a non-null value when exiting constructor. Consider declaring the property as nullable. [/home/ubuntu/PROGRAMA-BETA/src/FiveMTool.csproj]
/home/ubuntu/PROGRAMA-BETA/src/External/CodeWalker.Core/GameFiles/FileTypes/CutFile.cs(960,26): warning CS8618: Non-nullable property 'Object' must contain a non-null value when exiting constructor. Consider declaring the property as nullable. [/home/ubuntu/PROGRAMA-BETA/src/FiveMTool.csproj]
/home/ubuntu/PROGRAMA-BETA/src/External/CodeWalker.Core/GameFiles/FileTypes/CutFile.cs(970,22): warning CS8618: Non-nullable property 'iObjectIdList' must contain a non-null value when exiting constructor. Consider declaring the property as nullable. [/home/ubuntu/PROGRAMA-BETA/src/FiveMTool.csproj]
/home/ubuntu/PROGRAMA-BETA/src/External/CodeWalker.Core/GameFiles/FileTypes/CutFile.cs(972,28): warning CS8618: Non-nullable property 'ObjectList' must contain a non-null value when exiting constructor. Consider declaring the property as nullable. [/home/ubuntu/PROGRAMA-BETA/src/FiveMTool.csproj]
/home/ubuntu/PROGRAMA-BETA/src/External/CodeWalker.Core/GameFiles/Utils/GTACrypto.cs(49,28): warning SYSLIB0022: 'Rijndael' is obsolete: 'The Rijndael and RijndaelManaged types are obsolete. Use Aes instead.' [/home/ubuntu/PROGRAMA-BETA/src/FiveMTool.csproj]
/home/ubuntu/PROGRAMA-BETA/src/External/CodeWalker.Core/GameFiles/Utils/GTACrypto.cs(71,28): warning SYSLIB0022: 'Rijndael' is obsolete: 'The Rijndael and RijndaelManaged types are obsolete. Use Aes instead.' [/home/ubuntu/PROGRAMA-BETA/src/FiveMTool.csproj]
/home/ubuntu/PROGRAMA-BETA/src/External/CodeWalker.Core/GameFiles/FileTypes/CutFile.cs(1179,22): warning CS8618: Non-nullable property 'pExtraBoneIds' must contain a non-null value when exiting constructor. Consider declaring the property as nullable. [/home/ubuntu/PROGRAMA-BETA/src/FiveMTool.csproj]
/home/ubuntu/PROGRAMA-BETA/src/External/CodeWalker.Core/GameFiles/FileTypes/CutFile.cs(1201,74): error CS0121: The call is ambiguous between the following methods or properties: 'CodeWalker.Vectors.ToQuaternion(SharpDX.Vector4)' and 'CodeWalker.Vectors.ToQuaternion(SharpDX.Vector4)' [/home/ubuntu/PROGRAMA-BETA/src/FiveMTool.csproj]
/home/ubuntu/PROGRAMA-BETA/src/External/CodeWalker.Core/GameFiles/FileTypes/CutFile.cs(1076,94): error CS0121: The call is ambiguous between the following methods or properties: 'CodeWalker.Vectors.ToQuaternion(SharpDX.Vector4)' and 'CodeWalker.Vectors.ToQuaternion(SharpDX.Vector4)' [/home/ubuntu/PROGRAMA-BETA/src/FiveMTool.csproj]
/home/ubuntu/PROGRAMA-BETA/src/External/CodeWalker.Core/GameFiles/FileTypes/CutFile.cs(1069,49): warning CS8618: Non-nullable property 'CharacterLight' must contain a non-null value when exiting constructor. Consider declaring the property as nullable. [/home/ubuntu/PROGRAMA-BETA/src/FiveMTool.csproj]
/home/ubuntu/PROGRAMA-BETA/src/External/CodeWalker.Core/GameFiles/FileTypes/CutFile.cs(1070,51): warning CS8618: Non-nullable property 'TimeOfDayDofModifers' must contain a non-null value when exiting constructor. Consider declaring the property as nullable. [/home/ubuntu/PROGRAMA-BETA/src/FiveMTool.csproj]
/home/ubuntu/PROGRAMA-BETA/src/External/CodeWalker.Core/GameFiles/FileTypes/CutFile.cs(1266,96): error CS0121: The call is ambiguous between the following methods or properties: 'CodeWalker.Vectors.ToQuaternion(SharpDX.Vector4)' and 'CodeWalker.Vectors.ToQuaternion(SharpDX.Vector4)' [/home/ubuntu/PROGRAMA-BETA/src/FiveMTool.csproj]
/home/ubuntu/PROGRAMA-BETA/src/External/CodeWalker.Core/GameFiles/FileTypes/DistantLightsFile.cs(27,43): warning CS8625: Cannot convert null literal to non-nullable reference type. [/home/ubuntu/PROGRAMA-BETA/src/FiveMTool.csproj]
/home/ubuntu/PROGRAMA-BETA/src/External/CodeWalker.Core/GameFiles/FileTypes/DistantLightsFile.cs(27,16): warning CS8618: Non-nullable property 'PathIndices' must contain a non-null value when exiting constructor. Consider declaring the property as nullable. [/home/ubuntu/PROGRAMA-BETA/src/FiveMTool.csproj]
/home/ubuntu/PROGRAMA-BETA/src/External/CodeWalker.Core/GameFiles/FileTypes/DistantLightsFile.cs(27,16): warning CS8618: Non-nullable property 'PathCounts1' must contain a non-null value when exiting constructor. Consider declaring the property as nullable. [/home/ubuntu/PROGRAMA-BETA/src/FiveMTool.csproj]
/home/ubuntu/PROGRAMA-BETA/src/External/CodeWalker.Core/GameFiles/FileTypes/DistantLightsFile.cs(27,16): warning CS8618: Non-nullable property 'PathCounts2' must contain a non-null value when exiting constructor. Consider declaring the property as nullable. [/home/ubuntu/PROGRAMA-BETA/src/FiveMTool.csproj]
/home/ubuntu/PROGRAMA-BETA/src/External/CodeWalker.Core/GameFiles/FileTypes/DistantLightsFile.cs(27,16): warning CS8618: Non-nullable property 'Nodes' must contain a non-null value when exiting constructor. Consider declaring the property as nullable. [/home/ubuntu/PROGRAMA-BETA/src/FiveMTool.csproj]
/home/ubuntu/PROGRAMA-BETA/src/External/CodeWalker.Core/GameFiles/FileTypes/DistantLightsFile.cs(27,16): warning CS8618: Non-nullable property 'Paths' must contain a non-null value when exiting constructor. Consider declaring the property as nullable. [/home/ubuntu/PROGRAMA-BETA/src/FiveMTool.csproj]
/home/ubuntu/PROGRAMA-BETA/src/External/CodeWalker.Core/GameFiles/FileTypes/DistantLightsFile.cs(27,16): warning CS8618: Non-nullable property 'Cells' must contain a non-null value when exiting constructor. Consider declaring the property as nullable. [/home/ubuntu/PROGRAMA-BETA/src/FiveMTool.csproj]
/home/ubuntu/PROGRAMA-BETA/src/External/CodeWalker.Core/GameFiles/FileTypes/DistantLightsFile.cs(30,16): warning CS8618: Non-nullable property 'PathIndices' must contain a non-null value when exiting constructor. Consider declaring the property as nullable. [/home/ubuntu/PROGRAMA-BETA/src/FiveMTool.csproj]
/home/ubuntu/PROGRAMA-BETA/src/External/CodeWalker.Core/GameFiles/FileTypes/DistantLightsFile.cs(30,16): warning CS8618: Non-nullable property 'PathCounts1' must contain a non-null value when exiting constructor. Consider declaring the property as nullable. [/home/ubuntu/PROGRAMA-BETA/src/FiveMTool.csproj]
/home/ubuntu/PROGRAMA-BETA/src/External/CodeWalker.Core/GameFiles/FileTypes/DistantLightsFile.cs(30,16): warning CS8618: Non-nullable property 'PathCounts2' must contain a non-null value when exiting constructor. Consider declaring the property as nullable. [/home/ubuntu/PROGRAMA-BETA/src/FiveMTool.csproj]
/home/ubuntu/PROGRAMA-BETA/src/External/CodeWalker.Core/GameFiles/FileTypes/DistantLightsFile.cs(30,16): warning CS8618: Non-nullable property 'Nodes' must contain a non-null value when exiting constructor. Consider declaring the property as nullable. [/home/ubuntu/PROGRAMA-BETA/src/FiveMTool.csproj]
/home/ubuntu/PROGRAMA-BETA/src/External/CodeWalker.Core/GameFiles/FileTypes/DistantLightsFile.cs(30,16): warning CS8618: Non-nullable property 'Paths' must contain a non-null value when exiting constructor. Consider declaring the property as nullable. [/home/ubuntu/PROGRAMA-BETA/src/FiveMTool.csproj]
/home/ubuntu/PROGRAMA-BETA/src/External/CodeWalker.Core/GameFiles/FileTypes/DistantLightsFile.cs(30,16): warning CS8618: Non-nullable property 'Cells' must contain a non-null value when exiting constructor. Consider declaring the property as nullable. [/home/ubuntu/PROGRAMA-BETA/src/FiveMTool.csproj]
/home/ubuntu/PROGRAMA-BETA/src/External/CodeWalker.Core/GameFiles/FileTypes/DistantLightsFile.cs(244,16): warning CS8618: Non-nullable property 'Nodes' must contain a non-null value when exiting constructor. Consider declaring the property as nullable. [/home/ubuntu/PROGRAMA-BETA/src/FiveMTool.csproj]
/home/ubuntu/PROGRAMA-BETA/src/External/CodeWalker.Core/GameFiles/FileTypes/DistantLightsFile.cs(246,16): warning CS8618: Non-nullable property 'Nodes' must contain a non-null value when exiting constructor. Consider declaring the property as nullable. [/home/ubuntu/PROGRAMA-BETA/src/FiveMTool.csproj]
/home/ubuntu/PROGRAMA-BETA/src/External/CodeWalker.Core/GameFiles/FileTypes/DistantLightsFile.cs(315,36): warning CS8618: Non-nullable property 'Paths1' must contain a non-null value when exiting constructor. Consider declaring the property as nullable. [/home/ubuntu/PROGRAMA-BETA/src/FiveMTool.csproj]
/home/ubuntu/PROGRAMA-BETA/src/External/CodeWalker.Core/GameFiles/FileTypes/DistantLightsFile.cs(316,36): warning CS8618: Non-nullable property 'Paths2' must contain a non-null value when exiting constructor. Consider declaring the property as nullable. [/home/ubuntu/PROGRAMA-BETA/src/FiveMTool.csproj]
/home/ubuntu/PROGRAMA-BETA/src/External/CodeWalker.Core/GameFiles/FileTypes/DlcContentFile.cs(134,16): warning CS8618: Non-nullable property 'filename' must contain a non-null value when exiting constructor. Consider declaring the property as nullable. [/home/ubuntu/PROGRAMA-BETA/src/FiveMTool.csproj]
/home/ubuntu/PROGRAMA-BETA/src/External/CodeWalker.Core/GameFiles/FileTypes/DlcContentFile.cs(134,16): warning CS8618: Non-nullable property 'fileType' must contain a non-null value when exiting constructor. Consider declaring the property as nullable. [/home/ubuntu/PROGRAMA-BETA/src/FiveMTool.csproj]
/home/ubuntu/PROGRAMA-BETA/src/External/CodeWalker.Core/GameFiles/FileTypes/DlcContentFile.cs(134,16): warning CS8618: Non-nullable property 'contents' must contain a non-null value when exiting constructor. Consider declaring the property as nullable. [/home/ubuntu/PROGRAMA-BETA/src/FiveMTool.csproj]
/home/ubuntu/PROGRAMA-BETA/src/External/CodeWalker.Core/GameFiles/FileTypes/DlcContentFile.cs(134,16): warning CS8618: Non-nullable property 'installPartition' must contain a non-null value when exiting constructor. Consider declaring the property as nullable. [/home/ubuntu/PROGRAMA-BETA/src/FiveMTool.csproj]
/home/ubuntu/PROGRAMA-BETA/src/External/CodeWalker.Core/GameFiles/FileTypes/DlcContentFile.cs(205,16): warning CS8618: Non-nullable property 'changeSetName' must contain a non-null value when exiting constructor. Consider declaring the property as nullable. [/home/ubuntu/PROGRAMA-BETA/src/FiveMTool.csproj]
/home/ubuntu/PROGRAMA-BETA/src/External/CodeWalker.Core/GameFiles/FileTypes/DlcContentFile.cs(205,16): warning CS8618: Non-nullable property 'filesToInvalidate' must contain a non-null value when exiting constructor. Consider declaring the property as nullable. [/home/ubuntu/PROGRAMA-BETA/src/FiveMTool.csproj]
/home/ubuntu/PROGRAMA-BETA/src/External/CodeWalker.Core/GameFiles/FileTypes/DlcContentFile.cs(205,16): warning CS8618: Non-nullable property 'filesToDisable' must contain a non-null value when exiting constructor. Consider declaring the property as nullable. [/home/ubuntu/PROGRAMA-BETA/src/FiveMTool.csproj]
/home/ubuntu/PROGRAMA-BETA/src/External/CodeWalker.Core/GameFiles/FileTypes/DlcContentFile.cs(205,16): warning CS8618: Non-nullable property 'filesToEnable' must contain a non-null value when exiting constructor. Consider declaring the property as nullable. [/home/ubuntu/PROGRAMA-BETA/src/FiveMTool.csproj]
/home/ubuntu/PROGRAMA-BETA/src/External/CodeWalker.Core/GameFiles/FileTypes/DlcContentFile.cs(205,16): warning CS8618: Non-nullable property 'txdToLoad' must contain a non-null value when exiting constructor. Consider declaring the property as nullable. [/home/ubuntu/PROGRAMA-BETA/src/FiveMTool.csproj]
/home/ubuntu/PROGRAMA-BETA/src/External/CodeWalker.Core/GameFiles/FileTypes/DlcContentFile.cs(205,16): warning CS8618: Non-nullable property 'txdToUnload' must contain a non-null value when exiting constructor. Consider declaring the property as nullable. [/home/ubuntu/PROGRAMA-BETA/src/FiveMTool.csproj]
/home/ubuntu/PROGRAMA-BETA/src/External/CodeWalker.Core/GameFiles/FileTypes/DlcContentFile.cs(205,16): warning CS8618: Non-nullable property 'residentResources' must contain a non-null value when exiting constructor. Consider declaring the property as nullable. [/home/ubuntu/PROGRAMA-BETA/src/FiveMTool.csproj]
/home/ubuntu/PROGRAMA-BETA/src/External/CodeWalker.Core/GameFiles/FileTypes/DlcContentFile.cs(205,16): warning CS8618: Non-nullable property 'unregisterResources' must contain a non-null value when exiting constructor. Consider declaring the property as nullable. [/home/ubuntu/PROGRAMA-BETA/src/FiveMTool.csproj]
/home/ubuntu/PROGRAMA-BETA/src/External/CodeWalker.Core/GameFiles/FileTypes/DlcContentFile.cs(205,16): warning CS8618: Non-nullable property 'mapChangeSetData' must contain a non-null value when exiting constructor. Consider declaring the property as nullable. [/home/ubuntu/PROGRAMA-BETA/src/FiveMTool.csproj]
/home/ubuntu/PROGRAMA-BETA/src/External/CodeWalker.Core/GameFiles/FileTypes/DlcContentFile.cs(205,16): warning CS8618: Non-nullable property 'associatedMap' must contain a non-null value when exiting constructor. Consider declaring the property as nullable. [/home/ubuntu/PROGRAMA-BETA/src/FiveMTool.csproj]
/home/ubuntu/PROGRAMA-BETA/src/External/CodeWalker.Core/GameFiles/FileTypes/DlcContentFile.cs(205,16): warning CS8618: Non-nullable property 'loadingScreenContext' must contain a non-null value when exiting constructor. Consider declaring the property as nullable. [/home/ubuntu/PROGRAMA-BETA/src/FiveMTool.csproj]
/home/ubuntu/PROGRAMA-BETA/src/External/CodeWalker.Core/GameFiles/FileTypes/DlcContentFile.cs(205,16): warning CS8618: Non-nullable property 'executionConditions' must contain a non-null value when exiting constructor. Consider declaring the property as nullable. [/home/ubuntu/PROGRAMA-BETA/src/FiveMTool.csproj]
/home/ubuntu/PROGRAMA-BETA/src/External/CodeWalker.Core/GameFiles/FileTypes/DlcContentFile.cs(30,38): warning CS8602: Dereference of a possibly null reference. [/home/ubuntu/PROGRAMA-BETA/src/FiveMTool.csproj]
/home/ubuntu/PROGRAMA-BETA/src/External/CodeWalker.Core/GameFiles/FileTypes/DlcContentFile.cs(16,24): warning CS8618: Non-nullable property 'DlcFile' must contain a non-null value when exiting constructor. Consider declaring the property as nullable. [/home/ubuntu/PROGRAMA-BETA/src/FiveMTool.csproj]
/home/ubuntu/PROGRAMA-BETA/src/External/CodeWalker.Core/GameFiles/FileTypes/DlcContentFile.cs(20,40): warning CS8618: Non-nullable property 'ExtraTitleUpdates' must contain a non-null value when exiting constructor. Consider declaring the property as nullable. [/home/ubuntu/PROGRAMA-BETA/src/FiveMTool.csproj]
/home/ubuntu/PROGRAMA-BETA/src/External/CodeWalker.Core/GameFiles/FileTypes/DlcContentFile.cs(283,45): warning CS8603: Possible null reference return. [/home/ubuntu/PROGRAMA-BETA/src/FiveMTool.csproj]
/home/ubuntu/PROGRAMA-BETA/src/External/CodeWalker.Core/GameFiles/FileTypes/DlcContentFile.cs(297,20): warning CS8603: Possible null reference return. [/home/ubuntu/PROGRAMA-BETA/src/FiveMTool.csproj]
/home/ubuntu/PROGRAMA-BETA/src/External/CodeWalker.Core/GameFiles/FileTypes/DlcContentFile.cs(307,16): warning CS8618: Non-nullable property 'activeChangesetConditions' must contain a non-null value when exiting constructor. Consider declaring the property as nullable. [/home/ubuntu/PROGRAMA-BETA/src/FiveMTool.csproj]
/home/ubuntu/PROGRAMA-BETA/src/External/CodeWalker.Core/GameFiles/FileTypes/DlcContentFile.cs(307,16): warning CS8618: Non-nullable property 'genericConditions' must contain a non-null value when exiting constructor. Consider declaring the property as nullable. [/home/ubuntu/PROGRAMA-BETA/src/FiveMTool.csproj]
/home/ubuntu/PROGRAMA-BETA/src/External/CodeWalker.Core/GameFiles/FileTypes/DlcContentFile.cs(393,38): warning CS8600: Converting null literal or possible null value to non-nullable type. [/home/ubuntu/PROGRAMA-BETA/src/FiveMTool.csproj]
/home/ubuntu/PROGRAMA-BETA/src/External/CodeWalker.Core/GameFiles/FileTypes/DlcContentFile.cs(395,33): warning CS8602: Dereference of a possibly null reference. [/home/ubuntu/PROGRAMA-BETA/src/FiveMTool.csproj]
/home/ubuntu/PROGRAMA-BETA/src/External/CodeWalker.Core/GameFiles/FileTypes/DlcContentFile.cs(398,28): warning CS8604: Possible null reference argument for parameter 'node' in 'void DlcExtraTitleUpdateMount.Init(XmlNode node)'. [/home/ubuntu/PROGRAMA-BETA/src/FiveMTool.csproj]
/home/ubuntu/PROGRAMA-BETA/src/External/CodeWalker.Core/GameFiles/FileTypes/DlcContentFile.cs(346,38): warning CS8600: Converting null literal or possible null value to non-nullable type. [/home/ubuntu/PROGRAMA-BETA/src/FiveMTool.csproj]
/home/ubuntu/PROGRAMA-BETA/src/External/CodeWalker.Core/GameFiles/FileTypes/DlcContentFile.cs(348,33): warning CS8602: Dereference of a possibly null reference. [/home/ubuntu/PROGRAMA-BETA/src/FiveMTool.csproj]
/home/ubuntu/PROGRAMA-BETA/src/External/CodeWalker.Core/GameFiles/FileTypes/DlcContentFile.cs(351,28): warning CS8604: Possible null reference argument for parameter 'node' in 'void DlcExtraFolderMount.Init(XmlNode node)'. [/home/ubuntu/PROGRAMA-BETA/src/FiveMTool.csproj]
/home/ubuntu/PROGRAMA-BETA/src/External/CodeWalker.Core/GameFiles/FileTypes/DlcContentFile.cs(365,23): warning CS8618: Non-nullable property 'type' must contain a non-null value when exiting constructor. Consider declaring the property as nullable. [/home/ubuntu/PROGRAMA-BETA/src/FiveMTool.csproj]
/home/ubuntu/PROGRAMA-BETA/src/External/CodeWalker.Core/GameFiles/FileTypes/DlcContentFile.cs(366,23): warning CS8618: Non-nullable property 'platform' must contain a non-null value when exiting constructor. Consider declaring the property as nullable. [/home/ubuntu/PROGRAMA-BETA/src/FiveMTool.csproj]
/home/ubuntu/PROGRAMA-BETA/src/External/CodeWalker.Core/GameFiles/FileTypes/DlcContentFile.cs(367,23): warning CS8618: Non-nullable property 'path' must contain a non-null value when exiting constructor. Consider declaring the property as nullable. [/home/ubuntu/PROGRAMA-BETA/src/FiveMTool.csproj]
/home/ubuntu/PROGRAMA-BETA/src/External/CodeWalker.Core/GameFiles/FileTypes/DlcContentFile.cs(368,23): warning CS8618: Non-nullable property 'mountAs' must contain a non-null value when exiting constructor. Consider declaring the property as nullable. [/home/ubuntu/PROGRAMA-BETA/src/FiveMTool.csproj]
/home/ubuntu/PROGRAMA-BETA/src/External/CodeWalker.Core/GameFiles/FileTypes/DlcContentFile.cs(412,23): warning CS8618: Non-nullable property 'type' must contain a non-null value when exiting constructor. Consider declaring the property as nullable. [/home/ubuntu/PROGRAMA-BETA/src/FiveMTool.csproj]
/home/ubuntu/PROGRAMA-BETA/src/External/CodeWalker.Core/GameFiles/FileTypes/DlcContentFile.cs(413,23): warning CS8618: Non-nullable property 'deviceName' must contain a non-null value when exiting constructor. Consider declaring the property as nullable. [/home/ubuntu/PROGRAMA-BETA/src/FiveMTool.csproj]
/home/ubuntu/PROGRAMA-BETA/src/External/CodeWalker.Core/GameFiles/FileTypes/DlcContentFile.cs(414,23): warning CS8618: Non-nullable property 'path' must contain a non-null value when exiting constructor. Consider declaring the property as nullable. [/home/ubuntu/PROGRAMA-BETA/src/FiveMTool.csproj]
/home/ubuntu/PROGRAMA-BETA/src/External/CodeWalker.Core/GameFiles/FileTypes/DlcSetupFile.cs(72,43): warning CS8602: Dereference of a possibly null reference. [/home/ubuntu/PROGRAMA-BETA/src/FiveMTool.csproj]
/home/ubuntu/PROGRAMA-BETA/src/External/CodeWalker.Core/GameFiles/FileTypes/DlcSetupFile.cs(62,23): warning CS8618: Non-nullable property 'NameHash' must contain a non-null value when exiting constructor. Consider declaring the property as nullable. [/home/ubuntu/PROGRAMA-BETA/src/FiveMTool.csproj]
/home/ubuntu/PROGRAMA-BETA/src/External/CodeWalker.Core/GameFiles/FileTypes/DlcSetupFile.cs(63,29): warning CS8618: Non-nullable property 'ContentChangeSets' must contain a non-null value when exiting constructor. Consider declaring the property as nullable. [/home/ubuntu/PROGRAMA-BETA/src/FiveMTool.csproj]
/home/ubuntu/PROGRAMA-BETA/src/External/CodeWalker.Core/GameFiles/FileTypes/FxcFile.cs(748,23): warning CS8618: Non-nullable property 'Name' must contain a non-null value when exiting constructor. Consider declaring the property as nullable. [/home/ubuntu/PROGRAMA-BETA/src/FiveMTool.csproj]
/home/ubuntu/PROGRAMA-BETA/src/External/CodeWalker.Core/GameFiles/FileTypes/DlcSetupFile.cs(31,48): warning CS8604: Possible null reference argument for parameter 'node' in 'string Xml.GetChildInnerText(XmlNode node, string name)'. [/home/ubuntu/PROGRAMA-BETA/src/FiveMTool.csproj]
/home/ubuntu/PROGRAMA-BETA/src/External/CodeWalker.Core/GameFiles/FileTypes/DlcSetupFile.cs(36,41): warning CS8604: Possible null reference argument for parameter 'node' in 'int Xml.GetIntAttribute(XmlNode node, string attribute)'. [/home/ubuntu/PROGRAMA-BETA/src/FiveMTool.csproj]
/home/ubuntu/PROGRAMA-BETA/src/External/CodeWalker.Core/GameFiles/FileTypes/DlcSetupFile.cs(37,46): warning CS8604: Possible null reference argument for parameter 'node' in 'int Xml.GetIntAttribute(XmlNode node, string attribute)'. [/home/ubuntu/PROGRAMA-BETA/src/FiveMTool.csproj]
/home/ubuntu/PROGRAMA-BETA/src/External/CodeWalker.Core/GameFiles/FileTypes/DlcSetupFile.cs(38,48): warning CS8604: Possible null reference argument for parameter 'node' in 'int Xml.GetIntAttribute(XmlNode node, string attribute)'. [/home/ubuntu/PROGRAMA-BETA/src/FiveMTool.csproj]
/home/ubuntu/PROGRAMA-BETA/src/External/CodeWalker.Core/GameFiles/FileTypes/DlcSetupFile.cs(39,48): warning CS8604: Possible null reference argument for parameter 'node' in 'bool Xml.GetBoolAttribute(XmlNode node, string attribute)'. [/home/ubuntu/PROGRAMA-BETA/src/FiveMTool.csproj]
/home/ubuntu/PROGRAMA-BETA/src/External/CodeWalker.Core/GameFiles/FileTypes/DlcSetupFile.cs(43,38): warning CS8602: Dereference of a possibly null reference. [/home/ubuntu/PROGRAMA-BETA/src/FiveMTool.csproj]
/home/ubuntu/PROGRAMA-BETA/src/External/CodeWalker.Core/GameFiles/FileTypes/DlcSetupFile.cs(12,23): warning CS8618: Non-nullable property 'deviceName' must contain a non-null value when exiting constructor. Consider declaring the property as nullable. [/home/ubuntu/PROGRAMA-BETA/src/FiveMTool.csproj]
/home/ubuntu/PROGRAMA-BETA/src/External/CodeWalker.Core/GameFiles/FileTypes/DlcSetupFile.cs(13,23): warning CS8618: Non-nullable property 'datFile' must contain a non-null value when exiting constructor. Consider declaring the property as nullable. [/home/ubuntu/PROGRAMA-BETA/src/FiveMTool.csproj]
/home/ubuntu/PROGRAMA-BETA/src/External/CodeWalker.Core/GameFiles/FileTypes/DlcSetupFile.cs(14,23): warning CS8618: Non-nullable property 'nameHash' must contain a non-null value when exiting constructor. Consider declaring the property as nullable. [/home/ubuntu/PROGRAMA-BETA/src/FiveMTool.csproj]
/home/ubuntu/PROGRAMA-BETA/src/External/CodeWalker.Core/GameFiles/FileTypes/DlcSetupFile.cs(15,52): warning CS8618: Non-nullable property 'contentChangeSetGroups' must contain a non-null value when exiting constructor. Consider declaring the property as nullable. [/home/ubuntu/PROGRAMA-BETA/src/FiveMTool.csproj]
/home/ubuntu/PROGRAMA-BETA/src/External/CodeWalker.Core/GameFiles/FileTypes/DlcSetupFile.cs(16,23): warning CS8618: Non-nullable property 'type' must contain a non-null value when exiting constructor. Consider declaring the property as nullable. [/home/ubuntu/PROGRAMA-BETA/src/FiveMTool.csproj]
/home/ubuntu/PROGRAMA-BETA/src/External/CodeWalker.Core/GameFiles/FileTypes/DlcSetupFile.cs(17,23): warning CS8618: Non-nullable property 'timeStamp' must contain a non-null value when exiting constructor. Consider declaring the property as nullable. [/home/ubuntu/PROGRAMA-BETA/src/FiveMTool.csproj]
/home/ubuntu/PROGRAMA-BETA/src/External/CodeWalker.Core/GameFiles/FileTypes/DlcSetupFile.cs(23,24): warning CS8618: Non-nullable property 'DlcFile' must contain a non-null value when exiting constructor. Consider declaring the property as nullable. [/home/ubuntu/PROGRAMA-BETA/src/FiveMTool.csproj]
/home/ubuntu/PROGRAMA-BETA/src/External/CodeWalker.Core/GameFiles/FileTypes/DlcSetupFile.cs(24,30): warning CS8618: Non-nullable property 'DlcSubpacks' must contain a non-null value when exiting constructor. Consider declaring the property as nullable. [/home/ubuntu/PROGRAMA-BETA/src/FiveMTool.csproj]
/home/ubuntu/PROGRAMA-BETA/src/External/CodeWalker.Core/GameFiles/FileTypes/DlcSetupFile.cs(25,31): warning CS8618: Non-nullable property 'ContentFile' must contain a non-null value when exiting constructor. Consider declaring the property as nullable. [/home/ubuntu/PROGRAMA-BETA/src/FiveMTool.csproj]
/home/ubuntu/PROGRAMA-BETA/src/External/CodeWalker.Core/GameFiles/FileTypes/FxcFile.cs(844,17): warning CS8602: Dereference of a possibly null reference. [/home/ubuntu/PROGRAMA-BETA/src/FiveMTool.csproj]
/home/ubuntu/PROGRAMA-BETA/src/External/CodeWalker.Core/GameFiles/FileTypes/FxcFile.cs(857,17): warning CS8602: Dereference of a possibly null reference. [/home/ubuntu/PROGRAMA-BETA/src/FiveMTool.csproj]
/home/ubuntu/PROGRAMA-BETA/src/External/CodeWalker.Core/GameFiles/FileTypes/FxcFile.cs(797,23): warning CS8618: Non-nullable property 'Name' must contain a non-null value when exiting constructor. Consider declaring the property as nullable. [/home/ubuntu/PROGRAMA-BETA/src/FiveMTool.csproj]
/home/ubuntu/PROGRAMA-BETA/src/External/CodeWalker.Core/GameFiles/FileTypes/FxcFile.cs(801,28): warning CS8618: Non-nullable property 'Shaders' must contain a non-null value when exiting constructor. Consider declaring the property as nullable. [/home/ubuntu/PROGRAMA-BETA/src/FiveMTool.csproj]
/home/ubuntu/PROGRAMA-BETA/src/External/CodeWalker.Core/GameFiles/FileTypes/FxcFile.cs(1175,62): warning CS8604: Possible null reference argument for parameter 'text' in 'uint JenkHash.GenHash(string text)'. [/home/ubuntu/PROGRAMA-BETA/src/FiveMTool.csproj]
/home/ubuntu/PROGRAMA-BETA/src/External/CodeWalker.Core/GameFiles/FileTypes/FxcFile.cs(1133,23): warning CS8618: Non-nullable property 'Name' must contain a non-null value when exiting constructor. Consider declaring the property as nullable. [/home/ubuntu/PROGRAMA-BETA/src/FiveMTool.csproj]
/home/ubuntu/PROGRAMA-BETA/src/External/CodeWalker.Core/GameFiles/FileTypes/FxcFile.cs(1189,30): warning CS8604: Possible null reference argument for parameter 'str' in 'bool JenkIndex.Ensure(string str)'. [/home/ubuntu/PROGRAMA-BETA/src/FiveMTool.csproj]
/home/ubuntu/PROGRAMA-BETA/src/External/CodeWalker.Core/GameFiles/FileTypes/FxcFile.cs(1004,17): warning CS8602: Dereference of a possibly null reference. [/home/ubuntu/PROGRAMA-BETA/src/FiveMTool.csproj]
/home/ubuntu/PROGRAMA-BETA/src/External/CodeWalker.Core/GameFiles/FileTypes/FxcFile.cs(1016,26): warning CS8604: Possible null reference argument for parameter 'buffer' in 'void BinaryWriter.Write(byte[] buffer)'. [/home/ubuntu/PROGRAMA-BETA/src/FiveMTool.csproj]
/home/ubuntu/PROGRAMA-BETA/src/External/CodeWalker.Core/GameFiles/FileTypes/FxcFile.cs(1242,33): warning CS8625: Cannot convert null literal to non-nullable reference type. [/home/ubuntu/PROGRAMA-BETA/src/FiveMTool.csproj]
/home/ubuntu/PROGRAMA-BETA/src/External/CodeWalker.Core/GameFiles/FileTypes/FxcFile.cs(1548,76): warning CS8604: Possible null reference argument for parameter 'unescaped' in 'string MetaXmlBase.XmlEscape(string unescaped)'. [/home/ubuntu/PROGRAMA-BETA/src/FiveMTool.csproj]
/home/ubuntu/PROGRAMA-BETA/src/External/CodeWalker.Core/GameFiles/FileTypes/FxcFile.cs(1173,23): warning CS8618: Non-nullable property 'Name' must contain a non-null value when exiting constructor. Consider declaring the property as nullable. [/home/ubuntu/PROGRAMA-BETA/src/FiveMTool.csproj]
/home/ubuntu/PROGRAMA-BETA/src/External/CodeWalker.Core/GameFiles/FileTypes/FxcFile.cs(1176,34): warning CS8618: Non-nullable field 'VariablesList' must contain a non-null value when exiting constructor. Consider declaring the field as nullable. [/home/ubuntu/PROGRAMA-BETA/src/FiveMTool.csproj]
/home/ubuntu/PROGRAMA-BETA/src/External/CodeWalker.Core/GameFiles/FileTypes/FxcFile.cs(1177,30): warning CS8618: Non-nullable property 'Variables' must contain a non-null value when exiting constructor. Consider declaring the property as nullable. [/home/ubuntu/PROGRAMA-BETA/src/FiveMTool.csproj]
/home/ubuntu/PROGRAMA-BETA/src/External/CodeWalker.Core/GameFiles/FileTypes/FxcFile.cs(1492,23): warning CS8618: Non-nullable property 'Name' must contain a non-null value when exiting constructor. Consider declaring the property as nullable. [/home/ubuntu/PROGRAMA-BETA/src/FiveMTool.csproj]
/home/ubuntu/PROGRAMA-BETA/src/External/CodeWalker.Core/GameFiles/FileTypes/FxcFile.cs(1494,23): warning CS8618: Non-nullable property 'Value' must contain a non-null value when exiting constructor. Consider declaring the property as nullable. [/home/ubuntu/PROGRAMA-BETA/src/FiveMTool.csproj]
/home/ubuntu/PROGRAMA-BETA/src/External/CodeWalker.Core/GameFiles/FileTypes/FxcFile.cs(1034,67): warning CS8604: Possible null reference argument for parameter 'unescaped' in 'string MetaXmlBase.XmlEscape(string unescaped)'. [/home/ubuntu/PROGRAMA-BETA/src/FiveMTool.csproj]
/home/ubuntu/PROGRAMA-BETA/src/External/CodeWalker.Core/GameFiles/FileTypes/FxcFile.cs(890,23): warning CS8618: Non-nullable property 'Name' must contain a non-null value when exiting constructor. Consider declaring the property as nullable. [/home/ubuntu/PROGRAMA-BETA/src/FiveMTool.csproj]
/home/ubuntu/PROGRAMA-BETA/src/External/CodeWalker.Core/GameFiles/FileTypes/FxcFile.cs(891,25): warning CS8618: Non-nullable property 'Variables' must contain a non-null value when exiting constructor. Consider declaring the property as nullable. [/home/ubuntu/PROGRAMA-BETA/src/FiveMTool.csproj]
/home/ubuntu/PROGRAMA-BETA/src/External/CodeWalker.Core/GameFiles/FileTypes/FxcFile.cs(892,37): warning CS8618: Non-nullable property 'Buffers' must contain a non-null value when exiting constructor. Consider declaring the property as nullable. [/home/ubuntu/PROGRAMA-BETA/src/FiveMTool.csproj]
/home/ubuntu/PROGRAMA-BETA/src/External/CodeWalker.Core/GameFiles/FileTypes/FxcFile.cs(895,23): warning CS8618: Non-nullable property 'VersionString' must contain a non-null value when exiting constructor. Consider declaring the property as nullable. [/home/ubuntu/PROGRAMA-BETA/src/FiveMTool.csproj]
/home/ubuntu/PROGRAMA-BETA/src/External/CodeWalker.Core/GameFiles/FileTypes/FxcFile.cs(896,23): warning CS8618: Non-nullable property 'ByteCode' must contain a non-null value when exiting constructor. Consider declaring the property as nullable. [/home/ubuntu/PROGRAMA-BETA/src/FiveMTool.csproj]
/home/ubuntu/PROGRAMA-BETA/src/External/CodeWalker.Core/GameFiles/FileTypes/FxcFile.cs(899,23): warning CS8618: Non-nullable property 'Disassembly' must contain a non-null value when exiting constructor. Consider declaring the property as nullable. [/home/ubuntu/PROGRAMA-BETA/src/FiveMTool.csproj]
/home/ubuntu/PROGRAMA-BETA/src/External/CodeWalker.Core/GameFiles/FileTypes/FxcFile.cs(900,23): warning CS8618: Non-nullable property 'LastError' must contain a non-null value when exiting constructor. Consider declaring the property as nullable. [/home/ubuntu/PROGRAMA-BETA/src/FiveMTool.csproj]
/home/ubuntu/PROGRAMA-BETA/src/External/CodeWalker.Core/GameFiles/FileTypes/FxcFile.cs(220,17): warning CS8602: Dereference of a possibly null reference. [/home/ubuntu/PROGRAMA-BETA/src/FiveMTool.csproj]
/home/ubuntu/PROGRAMA-BETA/src/External/CodeWalker.Core/GameFiles/FileTypes/FxcFile.cs(242,17): warning CS8602: Dereference of a possibly null reference. [/home/ubuntu/PROGRAMA-BETA/src/FiveMTool.csproj]
/home/ubuntu/PROGRAMA-BETA/src/External/CodeWalker.Core/GameFiles/FileTypes/FxcFile.cs(249,17): warning CS8602: Dereference of a possibly null reference. [/home/ubuntu/PROGRAMA-BETA/src/FiveMTool.csproj]
/home/ubuntu/PROGRAMA-BETA/src/External/CodeWalker.Core/GameFiles/FileTypes/FxcFile.cs(256,17): warning CS8602: Dereference of a possibly null reference. [/home/ubuntu/PROGRAMA-BETA/src/FiveMTool.csproj]
/home/ubuntu/PROGRAMA-BETA/src/External/CodeWalker.Core/GameFiles/FileTypes/FxcFile.cs(263,17): warning CS8602: Dereference of a possibly null reference. [/home/ubuntu/PROGRAMA-BETA/src/FiveMTool.csproj]
/home/ubuntu/PROGRAMA-BETA/src/External/CodeWalker.Core/GameFiles/FileTypes/FxcFile.cs(270,17): warning CS8602: Dereference of a possibly null reference. [/home/ubuntu/PROGRAMA-BETA/src/FiveMTool.csproj]
/home/ubuntu/PROGRAMA-BETA/src/External/CodeWalker.Core/GameFiles/FileTypes/FxcFile.cs(1403,17): warning CS8602: Dereference of a possibly null reference. [/home/ubuntu/PROGRAMA-BETA/src/FiveMTool.csproj]
/home/ubuntu/PROGRAMA-BETA/src/External/CodeWalker.Core/GameFiles/FileTypes/FxcFile.cs(1412,30): warning CS8602: Dereference of a possibly null reference. [/home/ubuntu/PROGRAMA-BETA/src/FiveMTool.csproj]
/home/ubuntu/PROGRAMA-BETA/src/External/CodeWalker.Core/GameFiles/FileTypes/FxcFile.cs(1421,30): warning CS8602: Dereference of a possibly null reference. [/home/ubuntu/PROGRAMA-BETA/src/FiveMTool.csproj]
/home/ubuntu/PROGRAMA-BETA/src/External/CodeWalker.Core/GameFiles/FileTypes/FxcFile.cs(1607,17): warning CS8602: Dereference of a possibly null reference. [/home/ubuntu/PROGRAMA-BETA/src/FiveMTool.csproj]
/home/ubuntu/PROGRAMA-BETA/src/External/CodeWalker.Core/GameFiles/FileTypes/FxcFile.cs(1698,17): warning CS8602: Dereference of a possibly null reference. [/home/ubuntu/PROGRAMA-BETA/src/FiveMTool.csproj]
/home/ubuntu/PROGRAMA-BETA/src/External/CodeWalker.Core/GameFiles/FileTypes/FxcFile.cs(1578,23): warning CS8618: Non-nullable property 'Name' must contain a non-null value when exiting constructor. Consider declaring the property as nullable. [/home/ubuntu/PROGRAMA-BETA/src/FiveMTool.csproj]
/home/ubuntu/PROGRAMA-BETA/src/External/CodeWalker.Core/GameFiles/FileTypes/FxcFile.cs(1580,26): warning CS8618: Non-nullable property 'Passes' must contain a non-null value when exiting constructor. Consider declaring the property as nullable. [/home/ubuntu/PROGRAMA-BETA/src/FiveMTool.csproj]
/home/ubuntu/PROGRAMA-BETA/src/External/CodeWalker.Core/GameFiles/FileTypes/FxcFile.cs(1730,22): warning CS8601: Possible null reference assignment. [/home/ubuntu/PROGRAMA-BETA/src/FiveMTool.csproj]
/home/ubuntu/PROGRAMA-BETA/src/External/CodeWalker.Core/GameFiles/FileTypes/FxcFile.cs(1731,22): warning CS8601: Possible null reference assignment. [/home/ubuntu/PROGRAMA-BETA/src/FiveMTool.csproj]
/home/ubuntu/PROGRAMA-BETA/src/External/CodeWalker.Core/GameFiles/FileTypes/FxcFile.cs(1732,22): warning CS8601: Possible null reference assignment. [/home/ubuntu/PROGRAMA-BETA/src/FiveMTool.csproj]
/home/ubuntu/PROGRAMA-BETA/src/External/CodeWalker.Core/GameFiles/FileTypes/FxcFile.cs(1733,22): warning CS8601: Possible null reference assignment. [/home/ubuntu/PROGRAMA-BETA/src/FiveMTool.csproj]
/home/ubuntu/PROGRAMA-BETA/src/External/CodeWalker.Core/GameFiles/FileTypes/FxcFile.cs(1734,22): warning CS8601: Possible null reference assignment. [/home/ubuntu/PROGRAMA-BETA/src/FiveMTool.csproj]
/home/ubuntu/PROGRAMA-BETA/src/External/CodeWalker.Core/GameFiles/FileTypes/FxcFile.cs(1735,22): warning CS8601: Possible null reference assignment. [/home/ubuntu/PROGRAMA-BETA/src/FiveMTool.csproj]
/home/ubuntu/PROGRAMA-BETA/src/External/CodeWalker.Core/GameFiles/FileTypes/FxcFile.cs(1274,23): warning CS8618: Non-nullable property 'Name1' must contain a non-null value when exiting constructor. Consider declaring the property as nullable. [/home/ubuntu/PROGRAMA-BETA/src/FiveMTool.csproj]
/home/ubuntu/PROGRAMA-BETA/src/External/CodeWalker.Core/GameFiles/FileTypes/FxcFile.cs(1275,23): warning CS8618: Non-nullable property 'Name2' must contain a non-null value when exiting constructor. Consider declaring the property as nullable. [/home/ubuntu/PROGRAMA-BETA/src/FiveMTool.csproj]
/home/ubuntu/PROGRAMA-BETA/src/External/CodeWalker.Core/GameFiles/FileTypes/FxcFile.cs(1282,35): warning CS8618: Non-nullable property 'Params' must contain a non-null value when exiting constructor. Consider declaring the property as nullable. [/home/ubuntu/PROGRAMA-BETA/src/FiveMTool.csproj]
/home/ubuntu/PROGRAMA-BETA/src/External/CodeWalker.Core/GameFiles/FileTypes/FxcFile.cs(1284,24): warning CS8618: Non-nullable property 'ValuesF' must contain a non-null value when exiting constructor. Consider declaring the property as nullable. [/home/ubuntu/PROGRAMA-BETA/src/FiveMTool.csproj]
/home/ubuntu/PROGRAMA-BETA/src/External/CodeWalker.Core/GameFiles/FileTypes/FxcFile.cs(1285,23): warning CS8618: Non-nullable property 'ValuesU' must contain a non-null value when exiting constructor. Consider declaring the property as nullable. [/home/ubuntu/PROGRAMA-BETA/src/FiveMTool.csproj]
/home/ubuntu/PROGRAMA-BETA/src/External/CodeWalker.Core/GameFiles/FileTypes/FxcFile.cs(1655,31): warning CS8618: Non-nullable property 'Params' must contain a non-null value when exiting constructor. Consider declaring the property as nullable. [/home/ubuntu/PROGRAMA-BETA/src/FiveMTool.csproj]
/home/ubuntu/PROGRAMA-BETA/src/External/CodeWalker.Core/GameFiles/FileTypes/FxcFile.cs(1657,23): warning CS8618: Non-nullable property 'VSName' must contain a non-null value when exiting constructor. Consider declaring the property as nullable. [/home/ubuntu/PROGRAMA-BETA/src/FiveMTool.csproj]
/home/ubuntu/PROGRAMA-BETA/src/External/CodeWalker.Core/GameFiles/FileTypes/FxcFile.cs(1658,23): warning CS8618: Non-nullable property 'PSName' must contain a non-null value when exiting constructor. Consider declaring the property as nullable. [/home/ubuntu/PROGRAMA-BETA/src/FiveMTool.csproj]
/home/ubuntu/PROGRAMA-BETA/src/External/CodeWalker.Core/GameFiles/FileTypes/FxcFile.cs(1659,23): warning CS8618: Non-nullable property 'CSName' must contain a non-null value when exiting constructor. Consider declaring the property as nullable. [/home/ubuntu/PROGRAMA-BETA/src/FiveMTool.csproj]
/home/ubuntu/PROGRAMA-BETA/src/External/CodeWalker.Core/GameFiles/FileTypes/FxcFile.cs(1660,23): warning CS8618: Non-nullable property 'DSName' must contain a non-null value when exiting constructor. Consider declaring the property as nullable. [/home/ubuntu/PROGRAMA-BETA/src/FiveMTool.csproj]
/home/ubuntu/PROGRAMA-BETA/src/External/CodeWalker.Core/GameFiles/FileTypes/FxcFile.cs(1661,23): warning CS8618: Non-nullable property 'GSName' must contain a non-null value when exiting constructor. Consider declaring the property as nullable. [/home/ubuntu/PROGRAMA-BETA/src/FiveMTool.csproj]
/home/ubuntu/PROGRAMA-BETA/src/External/CodeWalker.Core/GameFiles/FileTypes/FxcFile.cs(1662,23): warning CS8618: Non-nullable property 'HSName' must contain a non-null value when exiting constructor. Consider declaring the property as nullable. [/home/ubuntu/PROGRAMA-BETA/src/FiveMTool.csproj]
/home/ubuntu/PROGRAMA-BETA/src/External/CodeWalker.Core/GameFiles/FileTypes/FxcFile.cs(1888,25): warning CS8604: Possible null reference argument for parameter 'node' in 'void FxcFile.ReadXml(XmlNode node, string csofolder)'. [/home/ubuntu/PROGRAMA-BETA/src/FiveMTool.csproj]
/home/ubuntu/PROGRAMA-BETA/src/External/CodeWalker.Core/GameFiles/FileTypes/GtxdFile.cs(23,34): warning CS8625: Cannot convert null literal to non-nullable reference type. [/home/ubuntu/PROGRAMA-BETA/src/FiveMTool.csproj]
/home/ubuntu/PROGRAMA-BETA/src/External/CodeWalker.Core/GameFiles/FileTypes/GtxdFile.cs(23,16): warning CS8618: Non-nullable property 'Rbf' must contain a non-null value when exiting constructor. Consider declaring the property as nullable. [/home/ubuntu/PROGRAMA-BETA/src/FiveMTool.csproj]
/home/ubuntu/PROGRAMA-BETA/src/External/CodeWalker.Core/GameFiles/FileTypes/GtxdFile.cs(23,16): warning CS8618: Non-nullable property 'TxdRelationships' must contain a non-null value when exiting constructor. Consider declaring the property as nullable. [/home/ubuntu/PROGRAMA-BETA/src/FiveMTool.csproj]
/home/ubuntu/PROGRAMA-BETA/src/External/CodeWalker.Core/GameFiles/FileTypes/GtxdFile.cs(26,16): warning CS8618: Non-nullable property 'Rbf' must contain a non-null value when exiting constructor. Consider declaring the property as nullable. [/home/ubuntu/PROGRAMA-BETA/src/FiveMTool.csproj]
/home/ubuntu/PROGRAMA-BETA/src/External/CodeWalker.Core/GameFiles/FileTypes/GtxdFile.cs(26,16): warning CS8618: Non-nullable property 'TxdRelationships' must contain a non-null value when exiting constructor. Consider declaring the property as nullable. [/home/ubuntu/PROGRAMA-BETA/src/FiveMTool.csproj]
/home/ubuntu/PROGRAMA-BETA/src/External/CodeWalker.Core/GameFiles/FileTypes/FxcFile.cs(351,47): warning CS8603: Possible null reference return. [/home/ubuntu/PROGRAMA-BETA/src/FiveMTool.csproj]
/home/ubuntu/PROGRAMA-BETA/src/External/CodeWalker.Core/GameFiles/FileTypes/Gxt2File.cs(157,23): warning CS8618: Non-nullable property 'Text' must contain a non-null value when exiting constructor. Consider declaring the property as nullable. [/home/ubuntu/PROGRAMA-BETA/src/FiveMTool.csproj]
/home/ubuntu/PROGRAMA-BETA/src/External/CodeWalker.Core/GameFiles/FileTypes/Gxt2File.cs(24,25): warning CS8601: Possible null reference assignment. [/home/ubuntu/PROGRAMA-BETA/src/FiveMTool.csproj]
/home/ubuntu/PROGRAMA-BETA/src/External/CodeWalker.Core/GameFiles/FileTypes/Gxt2File.cs(221,50): warning CS8600: Converting null literal or possible null value to non-nullable type. [/home/ubuntu/PROGRAMA-BETA/src/FiveMTool.csproj]
/home/ubuntu/PROGRAMA-BETA/src/External/CodeWalker.Core/GameFiles/FileTypes/Gxt2File.cs(233,50): warning CS8600: Converting null literal or possible null value to non-nullable type. [/home/ubuntu/PROGRAMA-BETA/src/FiveMTool.csproj]
/home/ubuntu/PROGRAMA-BETA/src/External/CodeWalker.Core/GameFiles/FileTypes/GtxdFile.cs(141,33): warning CS8600: Converting null literal or possible null value to non-nullable type. [/home/ubuntu/PROGRAMA-BETA/src/FiveMTool.csproj]
/home/ubuntu/PROGRAMA-BETA/src/External/CodeWalker.Core/GameFiles/FileTypes/GtxdFile.cs(144,33): warning CS8602: Dereference of a possibly null reference. [/home/ubuntu/PROGRAMA-BETA/src/FiveMTool.csproj]
/home/ubuntu/PROGRAMA-BETA/src/External/CodeWalker.Core/GameFiles/FileTypes/GtxdFile.cs(146,58): warning CS8604: Possible null reference argument for parameter 'node' in 'string Xml.GetChildInnerText(XmlNode node, string name)'. [/home/ubuntu/PROGRAMA-BETA/src/FiveMTool.csproj]
/home/ubuntu/PROGRAMA-BETA/src/External/CodeWalker.Core/GameFiles/FileTypes/GtxdFile.cs(147,57): warning CS8604: Possible null reference argument for parameter 'node' in 'string Xml.GetChildInnerText(XmlNode node, string name)'. [/home/ubuntu/PROGRAMA-BETA/src/FiveMTool.csproj]
/home/ubuntu/PROGRAMA-BETA/src/External/CodeWalker.Core/GameFiles/FileTypes/HeightmapFile.cs(32,39): warning CS8625: Cannot convert null literal to non-nullable reference type. [/home/ubuntu/PROGRAMA-BETA/src/FiveMTool.csproj]
/home/ubuntu/PROGRAMA-BETA/src/External/CodeWalker.Core/GameFiles/FileTypes/HeightmapFile.cs(32,16): warning CS8618: Non-nullable property 'RawFileData' must contain a non-null value when exiting constructor. Consider declaring the property as nullable. [/home/ubuntu/PROGRAMA-BETA/src/FiveMTool.csproj]
/home/ubuntu/PROGRAMA-BETA/src/External/CodeWalker.Core/GameFiles/FileTypes/HeightmapFile.cs(32,16): warning CS8618: Non-nullable property 'CompHeaders' must contain a non-null value when exiting constructor. Consider declaring the property as nullable. [/home/ubuntu/PROGRAMA-BETA/src/FiveMTool.csproj]
/home/ubuntu/PROGRAMA-BETA/src/External/CodeWalker.Core/GameFiles/FileTypes/HeightmapFile.cs(32,16): warning CS8618: Non-nullable property 'MaxHeights' must contain a non-null value when exiting constructor. Consider declaring the property as nullable. [/home/ubuntu/PROGRAMA-BETA/src/FiveMTool.csproj]
/home/ubuntu/PROGRAMA-BETA/src/External/CodeWalker.Core/GameFiles/FileTypes/HeightmapFile.cs(32,16): warning CS8618: Non-nullable property 'MinHeights' must contain a non-null value when exiting constructor. Consider declaring the property as nullable. [/home/ubuntu/PROGRAMA-BETA/src/FiveMTool.csproj]
/home/ubuntu/PROGRAMA-BETA/src/External/CodeWalker.Core/GameFiles/FileTypes/HeightmapFile.cs(35,16): warning CS8618: Non-nullable property 'RawFileData' must contain a non-null value when exiting constructor. Consider declaring the property as nullable. [/home/ubuntu/PROGRAMA-BETA/src/FiveMTool.csproj]
/home/ubuntu/PROGRAMA-BETA/src/External/CodeWalker.Core/GameFiles/FileTypes/HeightmapFile.cs(35,16): warning CS8618: Non-nullable property 'CompHeaders' must contain a non-null value when exiting constructor. Consider declaring the property as nullable. [/home/ubuntu/PROGRAMA-BETA/src/FiveMTool.csproj]
/home/ubuntu/PROGRAMA-BETA/src/External/CodeWalker.Core/GameFiles/FileTypes/HeightmapFile.cs(35,16): warning CS8618: Non-nullable property 'MaxHeights' must contain a non-null value when exiting constructor. Consider declaring the property as nullable. [/home/ubuntu/PROGRAMA-BETA/src/FiveMTool.csproj]
/home/ubuntu/PROGRAMA-BETA/src/External/CodeWalker.Core/GameFiles/FileTypes/HeightmapFile.cs(35,16): warning CS8618: Non-nullable property 'MinHeights' must contain a non-null value when exiting constructor. Consider declaring the property as nullable. [/home/ubuntu/PROGRAMA-BETA/src/FiveMTool.csproj]
/home/ubuntu/PROGRAMA-BETA/src/External/CodeWalker.Core/GameFiles/FileTypes/HeightmapFile.cs(353,25): warning CS8604: Possible null reference argument for parameter 'node' in 'void HeightmapFile.ReadXml(XmlNode node)'. [/home/ubuntu/PROGRAMA-BETA/src/FiveMTool.csproj]
/home/ubuntu/PROGRAMA-BETA/src/External/CodeWalker.Core/GameFiles/FileTypes/JPsoFile.cs(12,29): warning CS8618: Non-nullable property 'FileEntry' must contain a non-null value when exiting constructor. Consider declaring the property as nullable. [/home/ubuntu/PROGRAMA-BETA/src/FiveMTool.csproj]
/home/ubuntu/PROGRAMA-BETA/src/External/CodeWalker.Core/GameFiles/FileTypes/JPsoFile.cs(13,24): warning CS8618: Non-nullable property 'Pso' must contain a non-null value when exiting constructor. Consider declaring the property as nullable. [/home/ubuntu/PROGRAMA-BETA/src/FiveMTool.csproj]
/home/ubuntu/PROGRAMA-BETA/src/External/CodeWalker.Core/GameFiles/RpfManager.cs(191,55): warning CS8600: Converting null literal or possible null value to non-nullable type. [/home/ubuntu/PROGRAMA-BETA/src/FiveMTool.csproj]
/home/ubuntu/PROGRAMA-BETA/src/External/CodeWalker.Core/GameFiles/FileTypes/MrfFile.cs(38,33): warning CS8625: Cannot convert null literal to non-nullable reference type. [/home/ubuntu/PROGRAMA-BETA/src/FiveMTool.csproj]
/home/ubuntu/PROGRAMA-BETA/src/External/CodeWalker.Core/GameFiles/FileTypes/MrfFile.cs(38,16): warning CS8618: Non-nullable property 'RawFileData' must contain a non-null value when exiting constructor. Consider declaring the property as nullable. [/home/ubuntu/PROGRAMA-BETA/src/FiveMTool.csproj]
/home/ubuntu/PROGRAMA-BETA/src/External/CodeWalker.Core/GameFiles/FileTypes/MrfFile.cs(38,16): warning CS8618: Non-nullable property 'Unk1_Items' must contain a non-null value when exiting constructor. Consider declaring the property as nullable. [/home/ubuntu/PROGRAMA-BETA/src/FiveMTool.csproj]
/home/ubuntu/PROGRAMA-BETA/src/External/CodeWalker.Core/GameFiles/FileTypes/MrfFile.cs(38,16): warning CS8618: Non-nullable property 'MoveNetworkTriggers' must contain a non-null value when exiting constructor. Consider declaring the property as nullable. [/home/ubuntu/PROGRAMA-BETA/src/FiveMTool.csproj]
/home/ubuntu/PROGRAMA-BETA/src/External/CodeWalker.Core/GameFiles/FileTypes/MrfFile.cs(38,16): warning CS8618: Non-nullable property 'MoveNetworkFlags' must contain a non-null value when exiting constructor. Consider declaring the property as nullable. [/home/ubuntu/PROGRAMA-BETA/src/FiveMTool.csproj]
/home/ubuntu/PROGRAMA-BETA/src/External/CodeWalker.Core/GameFiles/FileTypes/MrfFile.cs(38,16): warning CS8618: Non-nullable property 'UnkBytes' must contain a non-null value when exiting constructor. Consider declaring the property as nullable. [/home/ubuntu/PROGRAMA-BETA/src/FiveMTool.csproj]
/home/ubuntu/PROGRAMA-BETA/src/External/CodeWalker.Core/GameFiles/FileTypes/MrfFile.cs(38,16): warning CS8618: Non-nullable property 'AllNodes' must contain a non-null value when exiting constructor. Consider declaring the property as nullable. [/home/ubuntu/PROGRAMA-BETA/src/FiveMTool.csproj]
/home/ubuntu/PROGRAMA-BETA/src/External/CodeWalker.Core/GameFiles/FileTypes/MrfFile.cs(38,16): warning CS8618: Non-nullable property 'RootState' must contain a non-null value when exiting constructor. Consider declaring the property as nullable. [/home/ubuntu/PROGRAMA-BETA/src/FiveMTool.csproj]
/home/ubuntu/PROGRAMA-BETA/src/External/CodeWalker.Core/GameFiles/FileTypes/MrfFile.cs(38,16): warning CS8618: Non-nullable property 'DebugTreeGraph' must contain a non-null value when exiting constructor. Consider declaring the property as nullable. [/home/ubuntu/PROGRAMA-BETA/src/FiveMTool.csproj]
/home/ubuntu/PROGRAMA-BETA/src/External/CodeWalker.Core/GameFiles/FileTypes/MrfFile.cs(38,16): warning CS8618: Non-nullable property 'DebugStateGraph' must contain a non-null value when exiting constructor. Consider declaring the property as nullable. [/home/ubuntu/PROGRAMA-BETA/src/FiveMTool.csproj]
/home/ubuntu/PROGRAMA-BETA/src/External/CodeWalker.Core/GameFiles/FileTypes/MrfFile.cs(42,16): warning CS8618: Non-nullable property 'RawFileData' must contain a non-null value when exiting constructor. Consider declaring the property as nullable. [/home/ubuntu/PROGRAMA-BETA/src/FiveMTool.csproj]
/home/ubuntu/PROGRAMA-BETA/src/External/CodeWalker.Core/GameFiles/FileTypes/MrfFile.cs(42,16): warning CS8618: Non-nullable property 'Unk1_Items' must contain a non-null value when exiting constructor. Consider declaring the property as nullable. [/home/ubuntu/PROGRAMA-BETA/src/FiveMTool.csproj]
/home/ubuntu/PROGRAMA-BETA/src/External/CodeWalker.Core/GameFiles/FileTypes/MrfFile.cs(42,16): warning CS8618: Non-nullable property 'MoveNetworkTriggers' must contain a non-null value when exiting constructor. Consider declaring the property as nullable. [/home/ubuntu/PROGRAMA-BETA/src/FiveMTool.csproj]
/home/ubuntu/PROGRAMA-BETA/src/External/CodeWalker.Core/GameFiles/FileTypes/MrfFile.cs(42,16): warning CS8618: Non-nullable property 'MoveNetworkFlags' must contain a non-null value when exiting constructor. Consider declaring the property as nullable. [/home/ubuntu/PROGRAMA-BETA/src/FiveMTool.csproj]
/home/ubuntu/PROGRAMA-BETA/src/External/CodeWalker.Core/GameFiles/FileTypes/MrfFile.cs(42,16): warning CS8618: Non-nullable property 'UnkBytes' must contain a non-null value when exiting constructor. Consider declaring the property as nullable. [/home/ubuntu/PROGRAMA-BETA/src/FiveMTool.csproj]
/home/ubuntu/PROGRAMA-BETA/src/External/CodeWalker.Core/GameFiles/FileTypes/MrfFile.cs(42,16): warning CS8618: Non-nullable property 'AllNodes' must contain a non-null value when exiting constructor. Consider declaring the property as nullable. [/home/ubuntu/PROGRAMA-BETA/src/FiveMTool.csproj]
/home/ubuntu/PROGRAMA-BETA/src/External/CodeWalker.Core/GameFiles/FileTypes/MrfFile.cs(42,16): warning CS8618: Non-nullable property 'RootState' must contain a non-null value when exiting constructor. Consider declaring the property as nullable. [/home/ubuntu/PROGRAMA-BETA/src/FiveMTool.csproj]
/home/ubuntu/PROGRAMA-BETA/src/External/CodeWalker.Core/GameFiles/FileTypes/MrfFile.cs(42,16): warning CS8618: Non-nullable property 'DebugTreeGraph' must contain a non-null value when exiting constructor. Consider declaring the property as nullable. [/home/ubuntu/PROGRAMA-BETA/src/FiveMTool.csproj]
/home/ubuntu/PROGRAMA-BETA/src/External/CodeWalker.Core/GameFiles/FileTypes/MrfFile.cs(42,16): warning CS8618: Non-nullable property 'DebugStateGraph' must contain a non-null value when exiting constructor. Consider declaring the property as nullable. [/home/ubuntu/PROGRAMA-BETA/src/FiveMTool.csproj]
/home/ubuntu/PROGRAMA-BETA/src/External/CodeWalker.Core/GameFiles/RpfManager.cs(227,28): warning CS8600: Converting null literal or possible null value to non-nullable type. [/home/ubuntu/PROGRAMA-BETA/src/FiveMTool.csproj]
/home/ubuntu/PROGRAMA-BETA/src/External/CodeWalker.Core/GameFiles/RpfManager.cs(229,64): warning CS8600: Converting null literal or possible null value to non-nullable type. [/home/ubuntu/PROGRAMA-BETA/src/FiveMTool.csproj]
/home/ubuntu/PROGRAMA-BETA/src/External/CodeWalker.Core/GameFiles/RpfManager.cs(234,47): warning CS8600: Converting null literal or possible null value to non-nullable type. [/home/ubuntu/PROGRAMA-BETA/src/FiveMTool.csproj]
/home/ubuntu/PROGRAMA-BETA/src/External/CodeWalker.Core/GameFiles/RpfManager.cs(252,20): warning CS8603: Possible null reference return. [/home/ubuntu/PROGRAMA-BETA/src/FiveMTool.csproj]
/home/ubuntu/PROGRAMA-BETA/src/External/CodeWalker.Core/GameFiles/RpfManager.cs(260,67): warning CS8600: Converting null literal or possible null value to non-nullable type. [/home/ubuntu/PROGRAMA-BETA/src/FiveMTool.csproj]
/home/ubuntu/PROGRAMA-BETA/src/External/CodeWalker.Core/GameFiles/RpfManager.cs(264,46): warning CS8600: Converting null literal or possible null value to non-nullable type. [/home/ubuntu/PROGRAMA-BETA/src/FiveMTool.csproj]
/home/ubuntu/PROGRAMA-BETA/src/External/CodeWalker.Core/GameFiles/RpfManager.cs(269,71): warning CS8600: Converting null literal or possible null value to non-nullable type. [/home/ubuntu/PROGRAMA-BETA/src/FiveMTool.csproj]
/home/ubuntu/PROGRAMA-BETA/src/External/CodeWalker.Core/GameFiles/RpfManager.cs(273,50): warning CS8600: Converting null literal or possible null value to non-nullable type. [/home/ubuntu/PROGRAMA-BETA/src/FiveMTool.csproj]
/home/ubuntu/PROGRAMA-BETA/src/External/CodeWalker.Core/GameFiles/RpfManager.cs(275,20): warning CS8603: Possible null reference return. [/home/ubuntu/PROGRAMA-BETA/src/FiveMTool.csproj]
/home/ubuntu/PROGRAMA-BETA/src/External/CodeWalker.Core/GameFiles/RpfManager.cs(279,27): warning CS8600: Converting null literal or possible null value to non-nullable type. [/home/ubuntu/PROGRAMA-BETA/src/FiveMTool.csproj]
/home/ubuntu/PROGRAMA-BETA/src/External/CodeWalker.Core/GameFiles/RpfManager.cs(280,34): warning CS8600: Converting null literal or possible null value to non-nullable type. [/home/ubuntu/PROGRAMA-BETA/src/FiveMTool.csproj]
/home/ubuntu/PROGRAMA-BETA/src/External/CodeWalker.Core/GameFiles/RpfManager.cs(285,20): warning CS8603: Possible null reference return. [/home/ubuntu/PROGRAMA-BETA/src/FiveMTool.csproj]
/home/ubuntu/PROGRAMA-BETA/src/External/CodeWalker.Core/GameFiles/FileTypes/FxcFile.cs(558,24): warning CS8603: Possible null reference return. [/home/ubuntu/PROGRAMA-BETA/src/FiveMTool.csproj]
/home/ubuntu/PROGRAMA-BETA/src/External/CodeWalker.Core/GameFiles/FileTypes/FxcFile.cs(567,24): warning CS8603: Possible null reference return. [/home/ubuntu/PROGRAMA-BETA/src/FiveMTool.csproj]
/home/ubuntu/PROGRAMA-BETA/src/External/CodeWalker.Core/GameFiles/FileTypes/FxcFile.cs(576,24): warning CS8603: Possible null reference return. [/home/ubuntu/PROGRAMA-BETA/src/FiveMTool.csproj]
/home/ubuntu/PROGRAMA-BETA/src/External/CodeWalker.Core/GameFiles/RpfManager.cs(305,22): warning CS8600: Converting null literal or possible null value to non-nullable type. [/home/ubuntu/PROGRAMA-BETA/src/FiveMTool.csproj]
/home/ubuntu/PROGRAMA-BETA/src/External/CodeWalker.Core/GameFiles/RpfManager.cs(306,27): warning CS8600: Converting null literal or possible null value to non-nullable type. [/home/ubuntu/PROGRAMA-BETA/src/FiveMTool.csproj]
/home/ubuntu/PROGRAMA-BETA/src/External/CodeWalker.Core/GameFiles/RpfManager.cs(307,34): warning CS8600: Converting null literal or possible null value to non-nullable type. [/home/ubuntu/PROGRAMA-BETA/src/FiveMTool.csproj]
/home/ubuntu/PROGRAMA-BETA/src/External/CodeWalker.Core/GameFiles/RpfManager.cs(315,33): warning CS8604: Possible null reference argument for parameter 'entry' in 'void PackedFile.Load(byte[] data, RpfFileEntry entry)'. [/home/ubuntu/PROGRAMA-BETA/src/FiveMTool.csproj]
/home/ubuntu/PROGRAMA-BETA/src/External/CodeWalker.Core/GameFiles/RpfManager.cs(317,20): warning CS8603: Possible null reference return. [/home/ubuntu/PROGRAMA-BETA/src/FiveMTool.csproj]
/home/ubuntu/PROGRAMA-BETA/src/External/CodeWalker.Core/GameFiles/FileTypes/FxcFile.cs(585,24): warning CS8603: Possible null reference return. [/home/ubuntu/PROGRAMA-BETA/src/FiveMTool.csproj]
/home/ubuntu/PROGRAMA-BETA/src/External/CodeWalker.Core/GameFiles/RpfManager.cs(321,22): warning CS8600: Converting null literal or possible null value to non-nullable type. [/home/ubuntu/PROGRAMA-BETA/src/FiveMTool.csproj]
/home/ubuntu/PROGRAMA-BETA/src/External/CodeWalker.Core/GameFiles/RpfManager.cs(322,27): warning CS8600: Converting null literal or possible null value to non-nullable type. [/home/ubuntu/PROGRAMA-BETA/src/FiveMTool.csproj]
/home/ubuntu/PROGRAMA-BETA/src/External/CodeWalker.Core/GameFiles/RpfManager.cs(323,34): warning CS8600: Converting null literal or possible null value to non-nullable type. [/home/ubuntu/PROGRAMA-BETA/src/FiveMTool.csproj]
/home/ubuntu/PROGRAMA-BETA/src/External/CodeWalker.Core/GameFiles/RpfManager.cs(331,33): warning CS8604: Possible null reference argument for parameter 'entry' in 'void PackedFile.Load(byte[] data, RpfFileEntry entry)'. [/home/ubuntu/PROGRAMA-BETA/src/FiveMTool.csproj]
/home/ubuntu/PROGRAMA-BETA/src/External/CodeWalker.Core/GameFiles/RpfManager.cs(333,20): warning CS8603: Possible null reference return. [/home/ubuntu/PROGRAMA-BETA/src/FiveMTool.csproj]
/home/ubuntu/PROGRAMA-BETA/src/External/CodeWalker.Core/GameFiles/FileTypes/FxcFile.cs(594,24): warning CS8603: Possible null reference return. [/home/ubuntu/PROGRAMA-BETA/src/FiveMTool.csproj]
/home/ubuntu/PROGRAMA-BETA/src/External/CodeWalker.Core/GameFiles/RpfManager.cs(337,27): warning CS8600: Converting null literal or possible null value to non-nullable type. [/home/ubuntu/PROGRAMA-BETA/src/FiveMTool.csproj]
/home/ubuntu/PROGRAMA-BETA/src/External/CodeWalker.Core/GameFiles/RpfManager.cs(338,34): warning CS8600: Converting null literal or possible null value to non-nullable type. [/home/ubuntu/PROGRAMA-BETA/src/FiveMTool.csproj]
/home/ubuntu/PROGRAMA-BETA/src/External/CodeWalker.Core/GameFiles/RpfManager.cs(345,33): warning CS8604: Possible null reference argument for parameter 'entry' in 'void PackedFile.Load(byte[] data, RpfFileEntry entry)'. [/home/ubuntu/PROGRAMA-BETA/src/FiveMTool.csproj]
/home/ubuntu/PROGRAMA-BETA/src/External/CodeWalker.Core/GameFiles/FileTypes/FxcFile.cs(603,24): warning CS8603: Possible null reference return. [/home/ubuntu/PROGRAMA-BETA/src/FiveMTool.csproj]
/home/ubuntu/PROGRAMA-BETA/src/External/CodeWalker.Core/GameFiles/FileTypes/Gxt2File.cs(14,23): warning CS8618: Non-nullable property 'Name' must contain a non-null value when exiting constructor. Consider declaring the property as nullable. [/home/ubuntu/PROGRAMA-BETA/src/FiveMTool.csproj]
/home/ubuntu/PROGRAMA-BETA/src/External/CodeWalker.Core/GameFiles/FileTypes/Gxt2File.cs(15,29): warning CS8618: Non-nullable property 'FileEntry' must contain a non-null value when exiting constructor. Consider declaring the property as nullable. [/home/ubuntu/PROGRAMA-BETA/src/FiveMTool.csproj]
/home/ubuntu/PROGRAMA-BETA/src/External/CodeWalker.Core/GameFiles/FileTypes/Gxt2File.cs(17,28): warning CS8618: Non-nullable property 'TextEntries' must contain a non-null value when exiting constructor. Consider declaring the property as nullable. [/home/ubuntu/PROGRAMA-BETA/src/FiveMTool.csproj]
/home/ubuntu/PROGRAMA-BETA/src/External/CodeWalker.Core/GameFiles/FileTypes/FxcFile.cs(692,26): warning CS8600: Converting null literal or possible null value to non-nullable type. [/home/ubuntu/PROGRAMA-BETA/src/FiveMTool.csproj]
/home/ubuntu/PROGRAMA-BETA/src/External/CodeWalker.Core/GameFiles/FileTypes/FxcFile.cs(708,20): warning CS8603: Possible null reference return. [/home/ubuntu/PROGRAMA-BETA/src/FiveMTool.csproj]
/home/ubuntu/PROGRAMA-BETA/src/External/CodeWalker.Core/GameFiles/RpfManager.cs(449,60): warning CS8600: Converting null literal or possible null value to non-nullable type. [/home/ubuntu/PROGRAMA-BETA/src/FiveMTool.csproj]
/home/ubuntu/PROGRAMA-BETA/src/External/CodeWalker.Core/GameFiles/RpfManager.cs(506,38): warning CS8604: Possible null reference argument for parameter 'path1' in 'string Path.Combine(string path1, string path2)'. [/home/ubuntu/PROGRAMA-BETA/src/FiveMTool.csproj]
/home/ubuntu/PROGRAMA-BETA/src/External/CodeWalker.Core/GameFiles/FileTypes/FxcFile.cs(733,25): warning CS8602: Dereference of a possibly null reference. [/home/ubuntu/PROGRAMA-BETA/src/FiveMTool.csproj]
/home/ubuntu/PROGRAMA-BETA/src/External/CodeWalker.Core/GameFiles/RpfManager.cs(15,23): warning CS8618: Non-nullable property 'Folder' must contain a non-null value when exiting constructor. Consider declaring the property as nullable. [/home/ubuntu/PROGRAMA-BETA/src/FiveMTool.csproj]
/home/ubuntu/PROGRAMA-BETA/src/External/CodeWalker.Core/GameFiles/RpfManager.cs(16,25): warning CS8618: Non-nullable property 'ExcludePaths' must contain a non-null value when exiting constructor. Consider declaring the property as nullable. [/home/ubuntu/PROGRAMA-BETA/src/FiveMTool.csproj]
/home/ubuntu/PROGRAMA-BETA/src/External/CodeWalker.Core/GameFiles/RpfManager.cs(19,31): warning CS8618: Non-nullable property 'UpdateStatus' must contain a non-null value when exiting constructor. Consider declaring the property as nullable. [/home/ubuntu/PROGRAMA-BETA/src/FiveMTool.csproj]
/home/ubuntu/PROGRAMA-BETA/src/External/CodeWalker.Core/GameFiles/RpfManager.cs(20,31): warning CS8618: Non-nullable property 'ErrorLog' must contain a non-null value when exiting constructor. Consider declaring the property as nullable. [/home/ubuntu/PROGRAMA-BETA/src/FiveMTool.csproj]
/home/ubuntu/PROGRAMA-BETA/src/External/CodeWalker.Core/GameFiles/RpfManager.cs(22,30): warning CS8618: Non-nullable property 'BaseRpfs' must contain a non-null value when exiting constructor. Consider declaring the property as nullable. [/home/ubuntu/PROGRAMA-BETA/src/FiveMTool.csproj]
/home/ubuntu/PROGRAMA-BETA/src/External/CodeWalker.Core/GameFiles/RpfManager.cs(23,30): warning CS8618: Non-nullable property 'ModRpfs' must contain a non-null value when exiting constructor. Consider declaring the property as nullable. [/home/ubuntu/PROGRAMA-BETA/src/FiveMTool.csproj]
/home/ubuntu/PROGRAMA-BETA/src/External/CodeWalker.Core/GameFiles/RpfManager.cs(24,30): warning CS8618: Non-nullable property 'DlcRpfs' must contain a non-null value when exiting constructor. Consider declaring the property as nullable. [/home/ubuntu/PROGRAMA-BETA/src/FiveMTool.csproj]
/home/ubuntu/PROGRAMA-BETA/src/External/CodeWalker.Core/GameFiles/RpfManager.cs(25,30): warning CS8618: Non-nullable property 'AllRpfs' must contain a non-null value when exiting constructor. Consider declaring the property as nullable. [/home/ubuntu/PROGRAMA-BETA/src/FiveMTool.csproj]
/home/ubuntu/PROGRAMA-BETA/src/External/CodeWalker.Core/GameFiles/RpfManager.cs(26,30): warning CS8618: Non-nullable property 'DlcNoModRpfs' must contain a non-null value when exiting constructor. Consider declaring the property as nullable. [/home/ubuntu/PROGRAMA-BETA/src/FiveMTool.csproj]
/home/ubuntu/PROGRAMA-BETA/src/External/CodeWalker.Core/GameFiles/RpfManager.cs(27,30): warning CS8618: Non-nullable property 'AllNoModRpfs' must contain a non-null value when exiting constructor. Consider declaring the property as nullable. [/home/ubuntu/PROGRAMA-BETA/src/FiveMTool.csproj]
/home/ubuntu/PROGRAMA-BETA/src/External/CodeWalker.Core/GameFiles/RpfManager.cs(28,44): warning CS8618: Non-nullable property 'RpfDict' must contain a non-null value when exiting constructor. Consider declaring the property as nullable. [/home/ubuntu/PROGRAMA-BETA/src/FiveMTool.csproj]
/home/ubuntu/PROGRAMA-BETA/src/External/CodeWalker.Core/GameFiles/RpfManager.cs(29,45): warning CS8618: Non-nullable property 'EntryDict' must contain a non-null value when exiting constructor. Consider declaring the property as nullable. [/home/ubuntu/PROGRAMA-BETA/src/FiveMTool.csproj]
/home/ubuntu/PROGRAMA-BETA/src/External/CodeWalker.Core/GameFiles/RpfManager.cs(30,44): warning CS8618: Non-nullable property 'ModRpfDict' must contain a non-null value when exiting constructor. Consider declaring the property as nullable. [/home/ubuntu/PROGRAMA-BETA/src/FiveMTool.csproj]
/home/ubuntu/PROGRAMA-BETA/src/External/CodeWalker.Core/GameFiles/RpfManager.cs(31,45): warning CS8618: Non-nullable property 'ModEntryDict' must contain a non-null value when exiting constructor. Consider declaring the property as nullable. [/home/ubuntu/PROGRAMA-BETA/src/FiveMTool.csproj]
/home/ubuntu/PROGRAMA-BETA/src/External/CodeWalker.Core/GameFiles/FileTypes/FxcFile.cs(19,23): warning CS8618: Non-nullable property 'Name' must contain a non-null value when exiting constructor. Consider declaring the property as nullable. [/home/ubuntu/PROGRAMA-BETA/src/FiveMTool.csproj]
/home/ubuntu/PROGRAMA-BETA/src/External/CodeWalker.Core/GameFiles/FileTypes/FxcFile.cs(20,29): warning CS8618: Non-nullable property 'FileEntry' must contain a non-null value when exiting constructor. Consider declaring the property as nullable. [/home/ubuntu/PROGRAMA-BETA/src/FiveMTool.csproj]
/home/ubuntu/PROGRAMA-BETA/src/External/CodeWalker.Core/GameFiles/FileTypes/FxcFile.cs(24,33): warning CS8618: Non-nullable property 'PresetParams' must contain a non-null value when exiting constructor. Consider declaring the property as nullable. [/home/ubuntu/PROGRAMA-BETA/src/FiveMTool.csproj]
/home/ubuntu/PROGRAMA-BETA/src/External/CodeWalker.Core/GameFiles/FileTypes/FxcFile.cs(25,33): warning CS8618: Non-nullable property 'ShaderGroups' must contain a non-null value when exiting constructor. Consider declaring the property as nullable. [/home/ubuntu/PROGRAMA-BETA/src/FiveMTool.csproj]
/home/ubuntu/PROGRAMA-BETA/src/External/CodeWalker.Core/GameFiles/FileTypes/FxcFile.cs(26,29): warning CS8618: Non-nullable property 'CBuffers1' must contain a non-null value when exiting constructor. Consider declaring the property as nullable. [/home/ubuntu/PROGRAMA-BETA/src/FiveMTool.csproj]
/home/ubuntu/PROGRAMA-BETA/src/External/CodeWalker.Core/GameFiles/FileTypes/FxcFile.cs(27,30): warning CS8618: Non-nullable property 'Variables1' must contain a non-null value when exiting constructor. Consider declaring the property as nullable. [/home/ubuntu/PROGRAMA-BETA/src/FiveMTool.csproj]
/home/ubuntu/PROGRAMA-BETA/src/External/CodeWalker.Core/GameFiles/FileTypes/FxcFile.cs(28,29): warning CS8618: Non-nullable property 'CBuffers2' must contain a non-null value when exiting constructor. Consider declaring the property as nullable. [/home/ubuntu/PROGRAMA-BETA/src/FiveMTool.csproj]
/home/ubuntu/PROGRAMA-BETA/src/External/CodeWalker.Core/GameFiles/FileTypes/FxcFile.cs(29,30): warning CS8618: Non-nullable property 'Variables2' must contain a non-null value when exiting constructor. Consider declaring the property as nullable. [/home/ubuntu/PROGRAMA-BETA/src/FiveMTool.csproj]
/home/ubuntu/PROGRAMA-BETA/src/External/CodeWalker.Core/GameFiles/FileTypes/FxcFile.cs(30,31): warning CS8618: Non-nullable property 'Techniques' must contain a non-null value when exiting constructor. Consider declaring the property as nullable. [/home/ubuntu/PROGRAMA-BETA/src/FiveMTool.csproj]
/home/ubuntu/PROGRAMA-BETA/src/External/CodeWalker.Core/GameFiles/FileTypes/FxcFile.cs(33,28): warning CS8618: Non-nullable property 'Shaders' must contain a non-null value when exiting constructor. Consider declaring the property as nullable. [/home/ubuntu/PROGRAMA-BETA/src/FiveMTool.csproj]
/home/ubuntu/PROGRAMA-BETA/src/External/CodeWalker.Core/GameFiles/FileTypes/FxcFile.cs(34,28): warning CS8618: Non-nullable property 'VertexShaders' must contain a non-null value when exiting constructor. Consider declaring the property as nullable. [/home/ubuntu/PROGRAMA-BETA/src/FiveMTool.csproj]
/home/ubuntu/PROGRAMA-BETA/src/External/CodeWalker.Core/GameFiles/FileTypes/FxcFile.cs(35,28): warning CS8618: Non-nullable property 'PixelShaders' must contain a non-null value when exiting constructor. Consider declaring the property as nullable. [/home/ubuntu/PROGRAMA-BETA/src/FiveMTool.csproj]
/home/ubuntu/PROGRAMA-BETA/src/External/CodeWalker.Core/GameFiles/FileTypes/FxcFile.cs(36,28): warning CS8618: Non-nullable property 'ComputeShaders' must contain a non-null value when exiting constructor. Consider declaring the property as nullable. [/home/ubuntu/PROGRAMA-BETA/src/FiveMTool.csproj]
/home/ubuntu/PROGRAMA-BETA/src/External/CodeWalker.Core/GameFiles/FileTypes/FxcFile.cs(37,28): warning CS8618: Non-nullable property 'DomainShaders' must contain a non-null value when exiting constructor. Consider declaring the property as nullable. [/home/ubuntu/PROGRAMA-BETA/src/FiveMTool.csproj]
/home/ubuntu/PROGRAMA-BETA/src/External/CodeWalker.Core/GameFiles/FileTypes/FxcFile.cs(38,28): warning CS8618: Non-nullable property 'GeometryShaders' must contain a non-null value when exiting constructor. Consider declaring the property as nullable. [/home/ubuntu/PROGRAMA-BETA/src/FiveMTool.csproj]
/home/ubuntu/PROGRAMA-BETA/src/External/CodeWalker.Core/GameFiles/FileTypes/FxcFile.cs(39,28): warning CS8618: Non-nullable property 'HullShaders' must contain a non-null value when exiting constructor. Consider declaring the property as nullable. [/home/ubuntu/PROGRAMA-BETA/src/FiveMTool.csproj]
/home/ubuntu/PROGRAMA-BETA/src/External/CodeWalker.Core/GameFiles/FileTypes/FxcFile.cs(41,45): warning CS8618: Non-nullable property 'CBufferDict' must contain a non-null value when exiting constructor. Consider declaring the property as nullable. [/home/ubuntu/PROGRAMA-BETA/src/FiveMTool.csproj]
/home/ubuntu/PROGRAMA-BETA/src/External/CodeWalker.Core/GameFiles/FileTypes/FxcFile.cs(42,30): warning CS8618: Non-nullable property 'GlobalVariables' must contain a non-null value when exiting constructor. Consider declaring the property as nullable. [/home/ubuntu/PROGRAMA-BETA/src/FiveMTool.csproj]
/home/ubuntu/PROGRAMA-BETA/src/External/CodeWalker.Core/GameFiles/FileTypes/MrfFile.cs(1347,16): warning CS8618: Non-nullable property 'Child0' must contain a non-null value when exiting constructor. Consider declaring the property as nullable. [/home/ubuntu/PROGRAMA-BETA/src/FiveMTool.csproj]
/home/ubuntu/PROGRAMA-BETA/src/External/CodeWalker.Core/GameFiles/FileTypes/MrfFile.cs(1347,16): warning CS8618: Non-nullable property 'Child1' must contain a non-null value when exiting constructor. Consider declaring the property as nullable. [/home/ubuntu/PROGRAMA-BETA/src/FiveMTool.csproj]
/home/ubuntu/PROGRAMA-BETA/src/External/CodeWalker.Core/GameFiles/FileTypes/MrfFile.cs(1151,16): warning CS8618: Non-nullable property 'InitialNode' must contain a non-null value when exiting constructor. Consider declaring the property as nullable. [/home/ubuntu/PROGRAMA-BETA/src/FiveMTool.csproj]
/home/ubuntu/PROGRAMA-BETA/src/External/CodeWalker.Core/GameFiles/FileTypes/MrfFile.cs(1151,16): warning CS8618: Non-nullable property 'Transitions' must contain a non-null value when exiting constructor. Consider declaring the property as nullable. [/home/ubuntu/PROGRAMA-BETA/src/FiveMTool.csproj]
/home/ubuntu/PROGRAMA-BETA/src/External/CodeWalker.Core/GameFiles/FileTypes/MrfFile.cs(1613,16): warning CS8618: Non-nullable property 'Child' must contain a non-null value when exiting constructor. Consider declaring the property as nullable. [/home/ubuntu/PROGRAMA-BETA/src/FiveMTool.csproj]
/home/ubuntu/PROGRAMA-BETA/src/External/CodeWalker.Core/GameFiles/RpfFile.cs(2711,40): warning CS8603: Possible null reference return. [/home/ubuntu/PROGRAMA-BETA/src/FiveMTool.csproj]
/home/ubuntu/PROGRAMA-BETA/src/External/CodeWalker.Core/GameFiles/FileTypes/MrfFile.cs(1393,22): warning CS8601: Possible null reference assignment. [/home/ubuntu/PROGRAMA-BETA/src/FiveMTool.csproj]
/home/ubuntu/PROGRAMA-BETA/src/External/CodeWalker.Core/GameFiles/FileTypes/MrfFile.cs(1394,22): warning CS8601: Possible null reference assignment. [/home/ubuntu/PROGRAMA-BETA/src/FiveMTool.csproj]
/home/ubuntu/PROGRAMA-BETA/src/External/CodeWalker.Core/GameFiles/FileTypes/MrfFile.cs(211,25): warning CS8601: Possible null reference assignment. [/home/ubuntu/PROGRAMA-BETA/src/FiveMTool.csproj]
/home/ubuntu/PROGRAMA-BETA/src/External/CodeWalker.Core/GameFiles/FileTypes/MrfFile.cs(1650,21): warning CS8601: Possible null reference assignment. [/home/ubuntu/PROGRAMA-BETA/src/FiveMTool.csproj]
/home/ubuntu/PROGRAMA-BETA/src/External/CodeWalker.Core/GameFiles/FileTypes/MrfFile.cs(234,24): warning CS8603: Possible null reference return. [/home/ubuntu/PROGRAMA-BETA/src/FiveMTool.csproj]
/home/ubuntu/PROGRAMA-BETA/src/External/CodeWalker.Core/GameFiles/FileTypes/MrfFile.cs(1197,64): warning CS8604: Possible null reference argument for parameter 'text' in 'void MetaXmlBase.StringTag(StringBuilder sb, int indent, string name, string text)'. [/home/ubuntu/PROGRAMA-BETA/src/FiveMTool.csproj]
/home/ubuntu/PROGRAMA-BETA/src/External/CodeWalker.Core/GameFiles/FileTypes/MrfFile.cs(1198,63): warning CS8604: Possible null reference argument for parameter 'text' in 'void MetaXmlBase.StringTag(StringBuilder sb, int indent, string name, string text)'. [/home/ubuntu/PROGRAMA-BETA/src/FiveMTool.csproj]
/home/ubuntu/PROGRAMA-BETA/src/External/CodeWalker.Core/GameFiles/FileTypes/MrfFile.cs(1212,27): warning CS8601: Possible null reference assignment. [/home/ubuntu/PROGRAMA-BETA/src/FiveMTool.csproj]
/home/ubuntu/PROGRAMA-BETA/src/External/CodeWalker.Core/GameFiles/FileTypes/MrfFile.cs(1239,33): warning CS8600: Converting null literal or possible null value to non-nullable type. [/home/ubuntu/PROGRAMA-BETA/src/FiveMTool.csproj]
/home/ubuntu/PROGRAMA-BETA/src/External/CodeWalker.Core/GameFiles/FileTypes/MrfFile.cs(1239,33): warning CS8601: Possible null reference assignment. [/home/ubuntu/PROGRAMA-BETA/src/FiveMTool.csproj]
/home/ubuntu/PROGRAMA-BETA/src/External/CodeWalker.Core/GameFiles/FileTypes/MrfFile.cs(1259,27): warning CS8600: Converting null literal or possible null value to non-nullable type. [/home/ubuntu/PROGRAMA-BETA/src/FiveMTool.csproj]
/home/ubuntu/PROGRAMA-BETA/src/External/CodeWalker.Core/GameFiles/FileTypes/MrfFile.cs(1259,27): warning CS8601: Possible null reference assignment. [/home/ubuntu/PROGRAMA-BETA/src/FiveMTool.csproj]
/home/ubuntu/PROGRAMA-BETA/src/External/CodeWalker.Core/GameFiles/FileTypes/MrfFile.cs(1317,37): warning CS8601: Possible null reference assignment. [/home/ubuntu/PROGRAMA-BETA/src/FiveMTool.csproj]
/home/ubuntu/PROGRAMA-BETA/src/External/CodeWalker.Core/GameFiles/FileTypes/MrfFile.cs(318,39): warning CS8604: Possible null reference argument for parameter 'arr' in 'void MetaXmlBase.WriteItemArray<MrfMoveNetworkBit>(StringBuilder sb, MrfMoveNetworkBit[] arr, int ind, string name)'. [/home/ubuntu/PROGRAMA-BETA/src/FiveMTool.csproj]
/home/ubuntu/PROGRAMA-BETA/src/External/CodeWalker.Core/GameFiles/FileTypes/MrfFile.cs(319,39): warning CS8604: Possible null reference argument for parameter 'arr' in 'void MetaXmlBase.WriteItemArray<MrfMoveNetworkBit>(StringBuilder sb, MrfMoveNetworkBit[] arr, int ind, string name)'. [/home/ubuntu/PROGRAMA-BETA/src/FiveMTool.csproj]
/home/ubuntu/PROGRAMA-BETA/src/External/CodeWalker.Core/GameFiles/FileTypes/MrfFile.cs(354,37): warning CS8601: Possible null reference assignment. [/home/ubuntu/PROGRAMA-BETA/src/FiveMTool.csproj]
/home/ubuntu/PROGRAMA-BETA/src/External/CodeWalker.Core/GameFiles/FileTypes/MrfFile.cs(2111,16): warning CS8618: Non-nullable property 'Bytes' must contain a non-null value when exiting constructor. Consider declaring the property as nullable. [/home/ubuntu/PROGRAMA-BETA/src/FiveMTool.csproj]
/home/ubuntu/PROGRAMA-BETA/src/External/CodeWalker.Core/GameFiles/FileTypes/MrfFile.cs(1803,16): warning CS8618: Non-nullable property 'Unk2' must contain a non-null value when exiting constructor. Consider declaring the property as nullable. [/home/ubuntu/PROGRAMA-BETA/src/FiveMTool.csproj]
/home/ubuntu/PROGRAMA-BETA/src/External/CodeWalker.Core/GameFiles/FileTypes/MrfFile.cs(1803,16): warning CS8618: Non-nullable property 'ChildrenOffsets' must contain a non-null value when exiting constructor. Consider declaring the property as nullable. [/home/ubuntu/PROGRAMA-BETA/src/FiveMTool.csproj]
/home/ubuntu/PROGRAMA-BETA/src/External/CodeWalker.Core/GameFiles/FileTypes/MrfFile.cs(1803,16): warning CS8618: Non-nullable property 'ChildrenFileOffsets' must contain a non-null value when exiting constructor. Consider declaring the property as nullable. [/home/ubuntu/PROGRAMA-BETA/src/FiveMTool.csproj]
/home/ubuntu/PROGRAMA-BETA/src/External/CodeWalker.Core/GameFiles/FileTypes/MrfFile.cs(1803,16): warning CS8618: Non-nullable property 'ChildrenData' must contain a non-null value when exiting constructor. Consider declaring the property as nullable. [/home/ubuntu/PROGRAMA-BETA/src/FiveMTool.csproj]
/home/ubuntu/PROGRAMA-BETA/src/External/CodeWalker.Core/GameFiles/FileTypes/MrfFile.cs(1803,16): warning CS8618: Non-nullable property 'ChildrenFlags' must contain a non-null value when exiting constructor. Consider declaring the property as nullable. [/home/ubuntu/PROGRAMA-BETA/src/FiveMTool.csproj]
/home/ubuntu/PROGRAMA-BETA/src/External/CodeWalker.Core/GameFiles/FileTypes/MrfFile.cs(1803,16): warning CS8618: Non-nullable property 'Children' must contain a non-null value when exiting constructor. Consider declaring the property as nullable. [/home/ubuntu/PROGRAMA-BETA/src/FiveMTool.csproj]
/home/ubuntu/PROGRAMA-BETA/src/External/CodeWalker.Core/GameFiles/FileTypes/MrfFile.cs(372,49): warning CS8600: Converting null literal or possible null value to non-nullable type. [/home/ubuntu/PROGRAMA-BETA/src/FiveMTool.csproj]
/home/ubuntu/PROGRAMA-BETA/src/External/CodeWalker.Core/GameFiles/FileTypes/MrfFile.cs(403,20): warning CS8603: Possible null reference return. [/home/ubuntu/PROGRAMA-BETA/src/FiveMTool.csproj]
/home/ubuntu/PROGRAMA-BETA/src/External/CodeWalker.Core/GameFiles/FileTypes/MrfFile.cs(2275,16): warning CS8618: Non-nullable property 'Conditions' must contain a non-null value when exiting constructor. Consider declaring the property as nullable. [/home/ubuntu/PROGRAMA-BETA/src/FiveMTool.csproj]
/home/ubuntu/PROGRAMA-BETA/src/External/CodeWalker.Core/GameFiles/FileTypes/MrfFile.cs(2275,16): warning CS8618: Non-nullable property 'TargetState' must contain a non-null value when exiting constructor. Consider declaring the property as nullable. [/home/ubuntu/PROGRAMA-BETA/src/FiveMTool.csproj]
/home/ubuntu/PROGRAMA-BETA/src/External/CodeWalker.Core/GameFiles/FileTypes/MrfFile.cs(459,24): warning CS8603: Possible null reference return. [/home/ubuntu/PROGRAMA-BETA/src/FiveMTool.csproj]
/home/ubuntu/PROGRAMA-BETA/src/External/CodeWalker.Core/GameFiles/FileTypes/MrfFile.cs(2279,16): warning CS8618: Non-nullable property 'Conditions' must contain a non-null value when exiting constructor. Consider declaring the property as nullable. [/home/ubuntu/PROGRAMA-BETA/src/FiveMTool.csproj]
/home/ubuntu/PROGRAMA-BETA/src/External/CodeWalker.Core/GameFiles/FileTypes/MrfFile.cs(2279,16): warning CS8618: Non-nullable property 'TargetState' must contain a non-null value when exiting constructor. Consider declaring the property as nullable. [/home/ubuntu/PROGRAMA-BETA/src/FiveMTool.csproj]
/home/ubuntu/PROGRAMA-BETA/src/External/CodeWalker.Core/GameFiles/FileTypes/MrfFile.cs(1974,24): warning CS8625: Cannot convert null literal to non-nullable reference type. [/home/ubuntu/PROGRAMA-BETA/src/FiveMTool.csproj]
/home/ubuntu/PROGRAMA-BETA/src/External/CodeWalker.Core/GameFiles/FileTypes/MrfFile.cs(1975,28): warning CS8625: Cannot convert null literal to non-nullable reference type. [/home/ubuntu/PROGRAMA-BETA/src/FiveMTool.csproj]
/home/ubuntu/PROGRAMA-BETA/src/External/CodeWalker.Core/GameFiles/FileTypes/MrfFile.cs(1976,29): warning CS8625: Cannot convert null literal to non-nullable reference type. [/home/ubuntu/PROGRAMA-BETA/src/FiveMTool.csproj]
/home/ubuntu/PROGRAMA-BETA/src/External/CodeWalker.Core/GameFiles/FileTypes/MrfFile.cs(1977,31): warning CS8625: Cannot convert null literal to non-nullable reference type. [/home/ubuntu/PROGRAMA-BETA/src/FiveMTool.csproj]
/home/ubuntu/PROGRAMA-BETA/src/External/CodeWalker.Core/GameFiles/FileTypes/MrfFile.cs(2015,20): warning CS8625: Cannot convert null literal to non-nullable reference type. [/home/ubuntu/PROGRAMA-BETA/src/FiveMTool.csproj]
/home/ubuntu/PROGRAMA-BETA/src/External/CodeWalker.Core/GameFiles/FileTypes/MrfFile.cs(2055,35): warning CS8601: Possible null reference assignment. [/home/ubuntu/PROGRAMA-BETA/src/FiveMTool.csproj]
/home/ubuntu/PROGRAMA-BETA/src/External/CodeWalker.Core/GameFiles/FileTypes/MrfFile.cs(2398,26): warning CS8625: Cannot convert null literal to non-nullable reference type. [/home/ubuntu/PROGRAMA-BETA/src/FiveMTool.csproj]
/home/ubuntu/PROGRAMA-BETA/src/External/CodeWalker.Core/GameFiles/FileTypes/MrfFile.cs(2423,67): warning CS8604: Possible null reference argument for parameter 'text' in 'void MetaXmlBase.StringTag(StringBuilder sb, int indent, string name, string text)'. [/home/ubuntu/PROGRAMA-BETA/src/FiveMTool.csproj]
/home/ubuntu/PROGRAMA-BETA/src/External/CodeWalker.Core/GameFiles/FileTypes/MrfFile.cs(2424,67): warning CS8604: Possible null reference argument for parameter 'text' in 'void MetaXmlBase.StringTag(StringBuilder sb, int indent, string name, string text)'. [/home/ubuntu/PROGRAMA-BETA/src/FiveMTool.csproj]
/home/ubuntu/PROGRAMA-BETA/src/External/CodeWalker.Core/GameFiles/FileTypes/MrfFile.cs(520,56): warning CS8600: Converting null literal or possible null value to non-nullable type. [/home/ubuntu/PROGRAMA-BETA/src/FiveMTool.csproj]
/home/ubuntu/PROGRAMA-BETA/src/External/CodeWalker.Core/GameFiles/FileTypes/MrfFile.cs(521,39): warning CS8600: Converting null literal or possible null value to non-nullable type. [/home/ubuntu/PROGRAMA-BETA/src/FiveMTool.csproj]
/home/ubuntu/PROGRAMA-BETA/src/External/CodeWalker.Core/GameFiles/FileTypes/MrfFile.cs(594,40): warning CS8625: Cannot convert null literal to non-nullable reference type. [/home/ubuntu/PROGRAMA-BETA/src/FiveMTool.csproj]
/home/ubuntu/PROGRAMA-BETA/src/External/CodeWalker.Core/GameFiles/RpfFile.cs(2158,24): warning CS8618: Non-nullable property 'File' must contain a non-null value when exiting constructor. Consider declaring the property as nullable. [/home/ubuntu/PROGRAMA-BETA/src/FiveMTool.csproj]
/home/ubuntu/PROGRAMA-BETA/src/External/CodeWalker.Core/GameFiles/RpfFile.cs(2159,34): warning CS8618: Non-nullable property 'Parent' must contain a non-null value when exiting constructor. Consider declaring the property as nullable. [/home/ubuntu/PROGRAMA-BETA/src/FiveMTool.csproj]
/home/ubuntu/PROGRAMA-BETA/src/External/CodeWalker.Core/GameFiles/RpfFile.cs(2165,23): warning CS8618: Non-nullable property 'Name' must contain a non-null value when exiting constructor. Consider declaring the property as nullable. [/home/ubuntu/PROGRAMA-BETA/src/FiveMTool.csproj]
/home/ubuntu/PROGRAMA-BETA/src/External/CodeWalker.Core/GameFiles/RpfFile.cs(2166,23): warning CS8618: Non-nullable property 'NameLower' must contain a non-null value when exiting constructor. Consider declaring the property as nullable. [/home/ubuntu/PROGRAMA-BETA/src/FiveMTool.csproj]
/home/ubuntu/PROGRAMA-BETA/src/External/CodeWalker.Core/GameFiles/RpfFile.cs(2167,23): warning CS8618: Non-nullable property 'Path' must contain a non-null value when exiting constructor. Consider declaring the property as nullable. [/home/ubuntu/PROGRAMA-BETA/src/FiveMTool.csproj]
/home/ubuntu/PROGRAMA-BETA/src/External/CodeWalker.Core/GameFiles/FileTypes/MrfFile.cs(3075,16): warning CS8618: Non-nullable property 'State' must contain a non-null value when exiting constructor. Consider declaring the property as nullable. [/home/ubuntu/PROGRAMA-BETA/src/FiveMTool.csproj]
/home/ubuntu/PROGRAMA-BETA/src/External/CodeWalker.Core/GameFiles/FileTypes/MrfFile.cs(3079,16): warning CS8618: Non-nullable property 'State' must contain a non-null value when exiting constructor. Consider declaring the property as nullable. [/home/ubuntu/PROGRAMA-BETA/src/FiveMTool.csproj]
/home/ubuntu/PROGRAMA-BETA/src/External/CodeWalker.Core/GameFiles/FileTypes/MrfFile.cs(673,33): warning CS8625: Cannot convert null literal to non-nullable reference type. [/home/ubuntu/PROGRAMA-BETA/src/FiveMTool.csproj]
/home/ubuntu/PROGRAMA-BETA/src/External/CodeWalker.Core/GameFiles/RpfFile.cs(60,16): warning CS8618: Non-nullable property 'LastError' must contain a non-null value when exiting constructor. Consider declaring the property as nullable. [/home/ubuntu/PROGRAMA-BETA/src/FiveMTool.csproj]
/home/ubuntu/PROGRAMA-BETA/src/External/CodeWalker.Core/GameFiles/RpfFile.cs(60,16): warning CS8618: Non-nullable property 'LastException' must contain a non-null value when exiting constructor. Consider declaring the property as nullable. [/home/ubuntu/PROGRAMA-BETA/src/FiveMTool.csproj]
/home/ubuntu/PROGRAMA-BETA/src/External/CodeWalker.Core/GameFiles/RpfFile.cs(60,16): warning CS8618: Non-nullable property 'Root' must contain a non-null value when exiting constructor. Consider declaring the property as nullable. [/home/ubuntu/PROGRAMA-BETA/src/FiveMTool.csproj]
/home/ubuntu/PROGRAMA-BETA/src/External/CodeWalker.Core/GameFiles/RpfFile.cs(60,16): warning CS8618: Non-nullable property 'AllEntries' must contain a non-null value when exiting constructor. Consider declaring the property as nullable. [/home/ubuntu/PROGRAMA-BETA/src/FiveMTool.csproj]
/home/ubuntu/PROGRAMA-BETA/src/External/CodeWalker.Core/GameFiles/RpfFile.cs(60,16): warning CS8618: Non-nullable property 'Children' must contain a non-null value when exiting constructor. Consider declaring the property as nullable. [/home/ubuntu/PROGRAMA-BETA/src/FiveMTool.csproj]
/home/ubuntu/PROGRAMA-BETA/src/External/CodeWalker.Core/GameFiles/RpfFile.cs(60,16): warning CS8618: Non-nullable property 'Parent' must contain a non-null value when exiting constructor. Consider declaring the property as nullable. [/home/ubuntu/PROGRAMA-BETA/src/FiveMTool.csproj]
/home/ubuntu/PROGRAMA-BETA/src/External/CodeWalker.Core/GameFiles/RpfFile.cs(60,16): warning CS8618: Non-nullable property 'ParentFileEntry' must contain a non-null value when exiting constructor. Consider declaring the property as nullable. [/home/ubuntu/PROGRAMA-BETA/src/FiveMTool.csproj]
/home/ubuntu/PROGRAMA-BETA/src/External/CodeWalker.Core/GameFiles/RpfFile.cs(60,16): warning CS8618: Non-nullable property 'CurrentFileReader' must contain a non-null value when exiting constructor. Consider declaring the property as nullable. [/home/ubuntu/PROGRAMA-BETA/src/FiveMTool.csproj]
/home/ubuntu/PROGRAMA-BETA/src/External/CodeWalker.Core/GameFiles/RpfFile.cs(69,16): warning CS8618: Non-nullable property 'LastError' must contain a non-null value when exiting constructor. Consider declaring the property as nullable. [/home/ubuntu/PROGRAMA-BETA/src/FiveMTool.csproj]
/home/ubuntu/PROGRAMA-BETA/src/External/CodeWalker.Core/GameFiles/RpfFile.cs(69,16): warning CS8618: Non-nullable property 'LastException' must contain a non-null value when exiting constructor. Consider declaring the property as nullable. [/home/ubuntu/PROGRAMA-BETA/src/FiveMTool.csproj]
/home/ubuntu/PROGRAMA-BETA/src/External/CodeWalker.Core/GameFiles/RpfFile.cs(69,16): warning CS8618: Non-nullable property 'Root' must contain a non-null value when exiting constructor. Consider declaring the property as nullable. [/home/ubuntu/PROGRAMA-BETA/src/FiveMTool.csproj]
/home/ubuntu/PROGRAMA-BETA/src/External/CodeWalker.Core/GameFiles/RpfFile.cs(69,16): warning CS8618: Non-nullable property 'AllEntries' must contain a non-null value when exiting constructor. Consider declaring the property as nullable. [/home/ubuntu/PROGRAMA-BETA/src/FiveMTool.csproj]
/home/ubuntu/PROGRAMA-BETA/src/External/CodeWalker.Core/GameFiles/RpfFile.cs(69,16): warning CS8618: Non-nullable property 'Children' must contain a non-null value when exiting constructor. Consider declaring the property as nullable. [/home/ubuntu/PROGRAMA-BETA/src/FiveMTool.csproj]
/home/ubuntu/PROGRAMA-BETA/src/External/CodeWalker.Core/GameFiles/RpfFile.cs(69,16): warning CS8618: Non-nullable property 'Parent' must contain a non-null value when exiting constructor. Consider declaring the property as nullable. [/home/ubuntu/PROGRAMA-BETA/src/FiveMTool.csproj]
/home/ubuntu/PROGRAMA-BETA/src/External/CodeWalker.Core/GameFiles/RpfFile.cs(69,16): warning CS8618: Non-nullable property 'ParentFileEntry' must contain a non-null value when exiting constructor. Consider declaring the property as nullable. [/home/ubuntu/PROGRAMA-BETA/src/FiveMTool.csproj]
/home/ubuntu/PROGRAMA-BETA/src/External/CodeWalker.Core/GameFiles/RpfFile.cs(69,16): warning CS8618: Non-nullable property 'CurrentFileReader' must contain a non-null value when exiting constructor. Consider declaring the property as nullable. [/home/ubuntu/PROGRAMA-BETA/src/FiveMTool.csproj]
/home/ubuntu/PROGRAMA-BETA/src/External/CodeWalker.Core/GameFiles/RpfFile.cs(88,24): warning CS8603: Possible null reference return. [/home/ubuntu/PROGRAMA-BETA/src/FiveMTool.csproj]
/home/ubuntu/PROGRAMA-BETA/src/External/CodeWalker.Core/GameFiles/RpfFile.cs(107,24): warning CS8603: Possible null reference return. [/home/ubuntu/PROGRAMA-BETA/src/FiveMTool.csproj]
/home/ubuntu/PROGRAMA-BETA/src/External/CodeWalker.Core/GameFiles/FileTypes/MrfFile.cs(3384,16): warning CS8618: Non-nullable property 'Operators' must contain a non-null value when exiting constructor. Consider declaring the property as nullable. [/home/ubuntu/PROGRAMA-BETA/src/FiveMTool.csproj]
/home/ubuntu/PROGRAMA-BETA/src/External/CodeWalker.Core/GameFiles/FileTypes/MrfFile.cs(3275,16): warning CS8618: Non-nullable property 'Ranges' must contain a non-null value when exiting constructor. Consider declaring the property as nullable. [/home/ubuntu/PROGRAMA-BETA/src/FiveMTool.csproj]
/home/ubuntu/PROGRAMA-BETA/src/External/CodeWalker.Core/GameFiles/FileTypes/MrfFile.cs(717,34): warning CS8625: Cannot convert null literal to non-nullable reference type. [/home/ubuntu/PROGRAMA-BETA/src/FiveMTool.csproj]
/home/ubuntu/PROGRAMA-BETA/src/External/CodeWalker.Core/GameFiles/FileTypes/MrfFile.cs(3491,16): warning CS8618: Non-nullable property 'States' must contain a non-null value when exiting constructor. Consider declaring the property as nullable. [/home/ubuntu/PROGRAMA-BETA/src/FiveMTool.csproj]
/home/ubuntu/PROGRAMA-BETA/src/External/CodeWalker.Core/GameFiles/FileTypes/MrfFile.cs(3302,34): warning CS8602: Dereference of a possibly null reference. [/home/ubuntu/PROGRAMA-BETA/src/FiveMTool.csproj]
/home/ubuntu/PROGRAMA-BETA/src/External/CodeWalker.Core/GameFiles/FileTypes/MrfFile.cs(3441,25): warning CS8625: Cannot convert null literal to non-nullable reference type. [/home/ubuntu/PROGRAMA-BETA/src/FiveMTool.csproj]
/home/ubuntu/PROGRAMA-BETA/src/External/CodeWalker.Core/GameFiles/FileTypes/MrfFile.cs(797,44): warning CS8625: Cannot convert null literal to non-nullable reference type. [/home/ubuntu/PROGRAMA-BETA/src/FiveMTool.csproj]
/home/ubuntu/PROGRAMA-BETA/src/External/CodeWalker.Core/GameFiles/RpfFile.cs(231,21): warning CS8602: Dereference of a possibly null reference. [/home/ubuntu/PROGRAMA-BETA/src/FiveMTool.csproj]
/home/ubuntu/PROGRAMA-BETA/src/External/CodeWalker.Core/GameFiles/RpfFile.cs(256,49): warning CS8600: Converting null literal or possible null value to non-nullable type. [/home/ubuntu/PROGRAMA-BETA/src/FiveMTool.csproj]
/home/ubuntu/PROGRAMA-BETA/src/External/CodeWalker.Core/GameFiles/RpfFile.cs(257,25): warning CS8602: Dereference of a possibly null reference. [/home/ubuntu/PROGRAMA-BETA/src/FiveMTool.csproj]
/home/ubuntu/PROGRAMA-BETA/src/External/CodeWalker.Core/GameFiles/RpfFile.cs(263,44): warning CS8600: Converting null literal or possible null value to non-nullable type. [/home/ubuntu/PROGRAMA-BETA/src/FiveMTool.csproj]
/home/ubuntu/PROGRAMA-BETA/src/External/CodeWalker.Core/GameFiles/RpfFile.cs(264,25): warning CS8602: Dereference of a possibly null reference. [/home/ubuntu/PROGRAMA-BETA/src/FiveMTool.csproj]
/home/ubuntu/PROGRAMA-BETA/src/External/CodeWalker.Core/GameFiles/RpfFile.cs(272,33): warning CS8625: Cannot convert null literal to non-nullable reference type. [/home/ubuntu/PROGRAMA-BETA/src/FiveMTool.csproj]
/home/ubuntu/PROGRAMA-BETA/src/External/CodeWalker.Core/GameFiles/FileTypes/MrfFile.cs(3537,22): warning CS8625: Cannot convert null literal to non-nullable reference type. [/home/ubuntu/PROGRAMA-BETA/src/FiveMTool.csproj]
/home/ubuntu/PROGRAMA-BETA/src/External/CodeWalker.Core/GameFiles/FileTypes/MrfFile.cs(3558,27): warning CS8601: Possible null reference assignment. [/home/ubuntu/PROGRAMA-BETA/src/FiveMTool.csproj]
/home/ubuntu/PROGRAMA-BETA/src/External/CodeWalker.Core/GameFiles/FileTypes/MrfFile.cs(3562,49): warning CS8604: Possible null reference argument for parameter 'states' in 'void MrfNodeStateBase.ResolveXmlTargetStatesInTransitions(MrfStateRef[] states)'. [/home/ubuntu/PROGRAMA-BETA/src/FiveMTool.csproj]
/home/ubuntu/PROGRAMA-BETA/src/External/CodeWalker.Core/GameFiles/FileTypes/MrfFile.cs(3620,16): warning CS8618: Non-nullable property 'States' must contain a non-null value when exiting constructor. Consider declaring the property as nullable. [/home/ubuntu/PROGRAMA-BETA/src/FiveMTool.csproj]
/home/ubuntu/PROGRAMA-BETA/src/External/CodeWalker.Core/GameFiles/FileTypes/MrfFile.cs(3620,16): warning CS8618: Non-nullable property 'FallbackNode' must contain a non-null value when exiting constructor. Consider declaring the property as nullable. [/home/ubuntu/PROGRAMA-BETA/src/FiveMTool.csproj]
/home/ubuntu/PROGRAMA-BETA/src/External/CodeWalker.Core/GameFiles/FileTypes/MrfFile.cs(3753,16): warning CS8618: Non-nullable property 'AnimationUnkData' must contain a non-null value when exiting constructor. Consider declaring the property as nullable. [/home/ubuntu/PROGRAMA-BETA/src/FiveMTool.csproj]
/home/ubuntu/PROGRAMA-BETA/src/External/CodeWalker.Core/GameFiles/RpfFile.cs(316,55): warning CS8600: Converting null literal or possible null value to non-nullable type. [/home/ubuntu/PROGRAMA-BETA/src/FiveMTool.csproj]
/home/ubuntu/PROGRAMA-BETA/src/External/CodeWalker.Core/GameFiles/RpfFile.cs(318,37): warning CS8602: Dereference of a possibly null reference. [/home/ubuntu/PROGRAMA-BETA/src/FiveMTool.csproj]
/home/ubuntu/PROGRAMA-BETA/src/External/CodeWalker.Core/GameFiles/RpfFile.cs(329,55): warning CS8604: Possible null reference argument for parameter 'updateStatus' in 'void RpfFile.ScanStructure(BinaryReader br, Action<string> updateStatus, Action<string> errorLog)'. [/home/ubuntu/PROGRAMA-BETA/src/FiveMTool.csproj]
/home/ubuntu/PROGRAMA-BETA/src/External/CodeWalker.Core/GameFiles/RpfFile.cs(329,69): warning CS8604: Possible null reference argument for parameter 'errorLog' in 'void RpfFile.ScanStructure(BinaryReader br, Action<string> updateStatus, Action<string> errorLog)'. [/home/ubuntu/PROGRAMA-BETA/src/FiveMTool.csproj]
/home/ubuntu/PROGRAMA-BETA/src/External/CodeWalker.Core/GameFiles/FileTypes/MrfFile.cs(4169,16): warning CS8618: Non-nullable property 'MotionUnkData' must contain a non-null value when exiting constructor. Consider declaring the property as nullable. [/home/ubuntu/PROGRAMA-BETA/src/FiveMTool.csproj]
/home/ubuntu/PROGRAMA-BETA/src/External/CodeWalker.Core/GameFiles/FileTypes/MrfFile.cs(4169,16): warning CS8618: Non-nullable property 'Unk6' must contain a non-null value when exiting constructor. Consider declaring the property as nullable. [/home/ubuntu/PROGRAMA-BETA/src/FiveMTool.csproj]
/home/ubuntu/PROGRAMA-BETA/src/External/CodeWalker.Core/GameFiles/FileTypes/MrfFile.cs(3654,22): warning CS8625: Cannot convert null literal to non-nullable reference type. [/home/ubuntu/PROGRAMA-BETA/src/FiveMTool.csproj]
/home/ubuntu/PROGRAMA-BETA/src/External/CodeWalker.Core/GameFiles/FileTypes/MrfFile.cs(3675,27): warning CS8601: Possible null reference assignment. [/home/ubuntu/PROGRAMA-BETA/src/FiveMTool.csproj]
/home/ubuntu/PROGRAMA-BETA/src/External/CodeWalker.Core/GameFiles/FileTypes/MrfFile.cs(3678,49): warning CS8604: Possible null reference argument for parameter 'states' in 'void MrfNodeStateBase.ResolveXmlTargetStatesInTransitions(MrfStateRef[] states)'. [/home/ubuntu/PROGRAMA-BETA/src/FiveMTool.csproj]
/home/ubuntu/PROGRAMA-BETA/src/External/CodeWalker.Core/GameFiles/FileTypes/MrfFile.cs(3704,28): warning CS8601: Possible null reference assignment. [/home/ubuntu/PROGRAMA-BETA/src/FiveMTool.csproj]
/home/ubuntu/PROGRAMA-BETA/src/External/CodeWalker.Core/GameFiles/FileTypes/MrfFile.cs(3721,53): warning CS8625: Cannot convert null literal to non-nullable reference type. [/home/ubuntu/PROGRAMA-BETA/src/FiveMTool.csproj]
/home/ubuntu/PROGRAMA-BETA/src/External/CodeWalker.Core/GameFiles/RpfFile.cs(395,51): warning CS8600: Converting null literal or possible null value to non-nullable type. [/home/ubuntu/PROGRAMA-BETA/src/FiveMTool.csproj]
/home/ubuntu/PROGRAMA-BETA/src/External/CodeWalker.Core/GameFiles/RpfFile.cs(396,30): warning CS8602: Dereference of a possibly null reference. [/home/ubuntu/PROGRAMA-BETA/src/FiveMTool.csproj]
/home/ubuntu/PROGRAMA-BETA/src/External/CodeWalker.Core/GameFiles/RpfFile.cs(408,66): warning CS8604: Possible null reference argument for parameter 'updateStatus' in 'void RpfFile.ExtractScripts(BinaryReader br, string outputfolder, Action<string> updateStatus)'. [/home/ubuntu/PROGRAMA-BETA/src/FiveMTool.csproj]
/home/ubuntu/PROGRAMA-BETA/src/External/CodeWalker.Core/GameFiles/RpfFile.cs(415,53): warning CS8600: Converting null literal or possible null value to non-nullable type. [/home/ubuntu/PROGRAMA-BETA/src/FiveMTool.csproj]
/home/ubuntu/PROGRAMA-BETA/src/External/CodeWalker.Core/GameFiles/RpfFile.cs(417,36): warning CS8602: Dereference of a possibly null reference. [/home/ubuntu/PROGRAMA-BETA/src/FiveMTool.csproj]
/home/ubuntu/PROGRAMA-BETA/src/External/CodeWalker.Core/GameFiles/RpfFile.cs(510,50): warning CS8604: Possible null reference argument for parameter 'entry' in 'byte[] RpfFile.ExtractFileBinary(RpfBinaryFileEntry entry, BinaryReader br)'. [/home/ubuntu/PROGRAMA-BETA/src/FiveMTool.csproj]
/home/ubuntu/PROGRAMA-BETA/src/External/CodeWalker.Core/GameFiles/RpfFile.cs(514,52): warning CS8604: Possible null reference argument for parameter 'entry' in 'byte[] RpfFile.ExtractFileResource(RpfResourceFileEntry entry, BinaryReader br)'. [/home/ubuntu/PROGRAMA-BETA/src/FiveMTool.csproj]
/home/ubuntu/PROGRAMA-BETA/src/External/CodeWalker.Core/GameFiles/RpfFile.cs(518,32): warning CS8603: Possible null reference return. [/home/ubuntu/PROGRAMA-BETA/src/FiveMTool.csproj]
/home/ubuntu/PROGRAMA-BETA/src/External/CodeWalker.Core/GameFiles/RpfFile.cs(526,24): warning CS8603: Possible null reference return. [/home/ubuntu/PROGRAMA-BETA/src/FiveMTool.csproj]
/home/ubuntu/PROGRAMA-BETA/src/External/CodeWalker.Core/GameFiles/RpfFile.cs(574,20): warning CS8603: Possible null reference return. [/home/ubuntu/PROGRAMA-BETA/src/FiveMTool.csproj]
/home/ubuntu/PROGRAMA-BETA/src/External/CodeWalker.Core/GameFiles/FileTypes/MrfFile.cs(4361,16): warning CS8618: Non-nullable property 'Variables' must contain a non-null value when exiting constructor. Consider declaring the property as nullable. [/home/ubuntu/PROGRAMA-BETA/src/FiveMTool.csproj]
/home/ubuntu/PROGRAMA-BETA/src/External/CodeWalker.Core/GameFiles/RpfFile.cs(616,31): warning CS8600: Converting null literal or possible null value to non-nullable type. [/home/ubuntu/PROGRAMA-BETA/src/FiveMTool.csproj]
/home/ubuntu/PROGRAMA-BETA/src/External/CodeWalker.Core/GameFiles/RpfFile.cs(632,20): warning CS8603: Possible null reference return. [/home/ubuntu/PROGRAMA-BETA/src/FiveMTool.csproj]
/home/ubuntu/PROGRAMA-BETA/src/External/CodeWalker.Core/GameFiles/RpfFile.cs(637,22): warning CS8600: Converting null literal or possible null value to non-nullable type. [/home/ubuntu/PROGRAMA-BETA/src/FiveMTool.csproj]
/home/ubuntu/PROGRAMA-BETA/src/External/CodeWalker.Core/GameFiles/RpfFile.cs(638,27): warning CS8600: Converting null literal or possible null value to non-nullable type. [/home/ubuntu/PROGRAMA-BETA/src/FiveMTool.csproj]
/home/ubuntu/PROGRAMA-BETA/src/External/CodeWalker.Core/GameFiles/RpfFile.cs(639,34): warning CS8600: Converting null literal or possible null value to non-nullable type. [/home/ubuntu/PROGRAMA-BETA/src/FiveMTool.csproj]
/home/ubuntu/PROGRAMA-BETA/src/External/CodeWalker.Core/GameFiles/RpfFile.cs(647,33): warning CS8604: Possible null reference argument for parameter 'entry' in 'void PackedFile.Load(byte[] data, RpfFileEntry entry)'. [/home/ubuntu/PROGRAMA-BETA/src/FiveMTool.csproj]
/home/ubuntu/PROGRAMA-BETA/src/External/CodeWalker.Core/GameFiles/RpfFile.cs(649,20): warning CS8603: Possible null reference return. [/home/ubuntu/PROGRAMA-BETA/src/FiveMTool.csproj]
/home/ubuntu/PROGRAMA-BETA/src/External/CodeWalker.Core/GameFiles/RpfFile.cs(653,22): warning CS8600: Converting null literal or possible null value to non-nullable type. [/home/ubuntu/PROGRAMA-BETA/src/FiveMTool.csproj]
/home/ubuntu/PROGRAMA-BETA/src/External/CodeWalker.Core/GameFiles/RpfFile.cs(654,34): warning CS8600: Converting null literal or possible null value to non-nullable type. [/home/ubuntu/PROGRAMA-BETA/src/FiveMTool.csproj]
/home/ubuntu/PROGRAMA-BETA/src/External/CodeWalker.Core/GameFiles/RpfFile.cs(664,20): warning CS8603: Possible null reference return. [/home/ubuntu/PROGRAMA-BETA/src/FiveMTool.csproj]
/home/ubuntu/PROGRAMA-BETA/src/External/CodeWalker.Core/GameFiles/RpfFile.cs(671,22): warning CS8600: Converting null literal or possible null value to non-nullable type. [/home/ubuntu/PROGRAMA-BETA/src/FiveMTool.csproj]
/home/ubuntu/PROGRAMA-BETA/src/External/CodeWalker.Core/GameFiles/RpfFile.cs(679,20): warning CS8603: Possible null reference return. [/home/ubuntu/PROGRAMA-BETA/src/FiveMTool.csproj]
/home/ubuntu/PROGRAMA-BETA/src/External/CodeWalker.Core/GameFiles/RpfFile.cs(689,34): warning CS8600: Converting null literal or possible null value to non-nullable type. [/home/ubuntu/PROGRAMA-BETA/src/FiveMTool.csproj]
/home/ubuntu/PROGRAMA-BETA/src/External/CodeWalker.Core/GameFiles/RpfFile.cs(691,35): warning CS8602: Dereference of a possibly null reference. [/home/ubuntu/PROGRAMA-BETA/src/FiveMTool.csproj]
/home/ubuntu/PROGRAMA-BETA/src/External/CodeWalker.Core/GameFiles/FileTypes/MrfFile.cs(4471,25): warning CS8625: Cannot convert null literal to non-nullable reference type. [/home/ubuntu/PROGRAMA-BETA/src/FiveMTool.csproj]
/home/ubuntu/PROGRAMA-BETA/src/External/CodeWalker.Core/GameFiles/RpfFile.cs(764,45): warning CS8625: Cannot convert null literal to non-nullable reference type. [/home/ubuntu/PROGRAMA-BETA/src/FiveMTool.csproj]
/home/ubuntu/PROGRAMA-BETA/src/External/CodeWalker.Core/GameFiles/RpfFile.cs(769,67): warning CS8600: Converting null literal or possible null value to non-nullable type. [/home/ubuntu/PROGRAMA-BETA/src/FiveMTool.csproj]
/home/ubuntu/PROGRAMA-BETA/src/External/CodeWalker.Core/GameFiles/RpfFile.cs(770,69): warning CS8604: Possible null reference argument for parameter 'entry' in 'byte[] RpfFile.ExtractFileBinary(RpfBinaryFileEntry entry, BinaryReader br)'. [/home/ubuntu/PROGRAMA-BETA/src/FiveMTool.csproj]
/home/ubuntu/PROGRAMA-BETA/src/External/CodeWalker.Core/GameFiles/RpfFile.cs(796,69): warning CS8600: Converting null literal or possible null value to non-nullable type. [/home/ubuntu/PROGRAMA-BETA/src/FiveMTool.csproj]
/home/ubuntu/PROGRAMA-BETA/src/External/CodeWalker.Core/GameFiles/RpfFile.cs(797,71): warning CS8604: Possible null reference argument for parameter 'entry' in 'byte[] RpfFile.ExtractFileResource(RpfResourceFileEntry entry, BinaryReader br)'. [/home/ubuntu/PROGRAMA-BETA/src/FiveMTool.csproj]
/home/ubuntu/PROGRAMA-BETA/src/External/CodeWalker.Core/GameFiles/RpfFile.cs(839,24): warning CS8603: Possible null reference return. [/home/ubuntu/PROGRAMA-BETA/src/FiveMTool.csproj]
/home/ubuntu/PROGRAMA-BETA/src/External/CodeWalker.Core/GameFiles/FileTypes/MrfFile.cs(4847,16): warning CS8618: Non-nullable property 'InputParameters' must contain a non-null value when exiting constructor. Consider declaring the property as nullable. [/home/ubuntu/PROGRAMA-BETA/src/FiveMTool.csproj]
/home/ubuntu/PROGRAMA-BETA/src/External/CodeWalker.Core/GameFiles/FileTypes/MrfFile.cs(4847,16): warning CS8618: Non-nullable property 'Events' must contain a non-null value when exiting constructor. Consider declaring the property as nullable. [/home/ubuntu/PROGRAMA-BETA/src/FiveMTool.csproj]
/home/ubuntu/PROGRAMA-BETA/src/External/CodeWalker.Core/GameFiles/FileTypes/MrfFile.cs(4847,16): warning CS8618: Non-nullable property 'OutputParameters' must contain a non-null value when exiting constructor. Consider declaring the property as nullable. [/home/ubuntu/PROGRAMA-BETA/src/FiveMTool.csproj]
/home/ubuntu/PROGRAMA-BETA/src/External/CodeWalker.Core/GameFiles/FileTypes/MrfFile.cs(4847,16): warning CS8618: Non-nullable property 'Operations' must contain a non-null value when exiting constructor. Consider declaring the property as nullable. [/home/ubuntu/PROGRAMA-BETA/src/FiveMTool.csproj]
/home/ubuntu/PROGRAMA-BETA/src/External/CodeWalker.Core/GameFiles/RpfFile.cs(883,37): warning CS8603: Possible null reference return. [/home/ubuntu/PROGRAMA-BETA/src/FiveMTool.csproj]
/home/ubuntu/PROGRAMA-BETA/src/External/CodeWalker.Core/GameFiles/RpfFile.cs(884,49): warning CS8603: Possible null reference return. [/home/ubuntu/PROGRAMA-BETA/src/FiveMTool.csproj]
/home/ubuntu/PROGRAMA-BETA/src/External/CodeWalker.Core/GameFiles/RpfFile.cs(893,20): warning CS8603: Possible null reference return. [/home/ubuntu/PROGRAMA-BETA/src/FiveMTool.csproj]
/home/ubuntu/PROGRAMA-BETA/src/External/CodeWalker.Core/GameFiles/FileTypes/MrfFile.cs(5125,16): warning CS8618: Non-nullable property 'InitialParameters' must contain a non-null value when exiting constructor. Consider declaring the property as nullable. [/home/ubuntu/PROGRAMA-BETA/src/FiveMTool.csproj]
/home/ubuntu/PROGRAMA-BETA/src/External/CodeWalker.Core/GameFiles/FileTypes/MrfFile.cs(5125,16): warning CS8618: Non-nullable property 'ImportedParameters' must contain a non-null value when exiting constructor. Consider declaring the property as nullable. [/home/ubuntu/PROGRAMA-BETA/src/FiveMTool.csproj]
/home/ubuntu/PROGRAMA-BETA/src/External/CodeWalker.Core/GameFiles/FileTypes/MrfFile.cs(5125,16): warning CS8618: Non-nullable property 'MoveNetworkFlags' must contain a non-null value when exiting constructor. Consider declaring the property as nullable. [/home/ubuntu/PROGRAMA-BETA/src/FiveMTool.csproj]
/home/ubuntu/PROGRAMA-BETA/src/External/CodeWalker.Core/GameFiles/FileTypes/MrfFile.cs(5125,16): warning CS8618: Non-nullable property 'MoveNetworkTriggers' must contain a non-null value when exiting constructor. Consider declaring the property as nullable. [/home/ubuntu/PROGRAMA-BETA/src/FiveMTool.csproj]
/home/ubuntu/PROGRAMA-BETA/src/External/CodeWalker.Core/GameFiles/RpfFile.cs(926,24): warning CS8603: Possible null reference return. [/home/ubuntu/PROGRAMA-BETA/src/FiveMTool.csproj]
/home/ubuntu/PROGRAMA-BETA/src/External/CodeWalker.Core/GameFiles/RpfFile.cs(965,29): warning CS8625: Cannot convert null literal to non-nullable reference type. [/home/ubuntu/PROGRAMA-BETA/src/FiveMTool.csproj]
/home/ubuntu/PROGRAMA-BETA/src/External/CodeWalker.Core/GameFiles/FileTypes/MrfFile.cs(5467,25): warning CS8604: Possible null reference argument for parameter 'node' in 'void MrfFile.ReadXml(XmlNode node)'. [/home/ubuntu/PROGRAMA-BETA/src/FiveMTool.csproj]
/home/ubuntu/PROGRAMA-BETA/src/External/CodeWalker.Core/GameFiles/FileTypes/PedFile.cs(30,33): warning CS8625: Cannot convert null literal to non-nullable reference type. [/home/ubuntu/PROGRAMA-BETA/src/FiveMTool.csproj]
/home/ubuntu/PROGRAMA-BETA/src/External/CodeWalker.Core/GameFiles/FileTypes/PedFile.cs(30,16): warning CS8618: Non-nullable property 'Meta' must contain a non-null value when exiting constructor. Consider declaring the property as nullable. [/home/ubuntu/PROGRAMA-BETA/src/FiveMTool.csproj]
/home/ubuntu/PROGRAMA-BETA/src/External/CodeWalker.Core/GameFiles/FileTypes/PedFile.cs(30,16): warning CS8618: Non-nullable property 'Pso' must contain a non-null value when exiting constructor. Consider declaring the property as nullable. [/home/ubuntu/PROGRAMA-BETA/src/FiveMTool.csproj]
/home/ubuntu/PROGRAMA-BETA/src/External/CodeWalker.Core/GameFiles/FileTypes/PedFile.cs(30,16): warning CS8618: Non-nullable property 'Rbf' must contain a non-null value when exiting constructor. Consider declaring the property as nullable. [/home/ubuntu/PROGRAMA-BETA/src/FiveMTool.csproj]
/home/ubuntu/PROGRAMA-BETA/src/External/CodeWalker.Core/GameFiles/FileTypes/PedFile.cs(30,16): warning CS8618: Non-nullable property 'Xml' must contain a non-null value when exiting constructor. Consider declaring the property as nullable. [/home/ubuntu/PROGRAMA-BETA/src/FiveMTool.csproj]
/home/ubuntu/PROGRAMA-BETA/src/External/CodeWalker.Core/GameFiles/FileTypes/PedFile.cs(30,16): warning CS8618: Non-nullable property 'VariationInfo' must contain a non-null value when exiting constructor. Consider declaring the property as nullable. [/home/ubuntu/PROGRAMA-BETA/src/FiveMTool.csproj]
/home/ubuntu/PROGRAMA-BETA/src/External/CodeWalker.Core/GameFiles/FileTypes/PedFile.cs(30,16): warning CS8618: Non-nullable property 'Strings' must contain a non-null value when exiting constructor. Consider declaring the property as nullable. [/home/ubuntu/PROGRAMA-BETA/src/FiveMTool.csproj]
/home/ubuntu/PROGRAMA-BETA/src/External/CodeWalker.Core/GameFiles/FileTypes/MrfFile.cs(5210,39): warning CS8602: Dereference of a possibly null reference. [/home/ubuntu/PROGRAMA-BETA/src/FiveMTool.csproj]
/home/ubuntu/PROGRAMA-BETA/src/External/CodeWalker.Core/GameFiles/FileTypes/MrfFile.cs(5219,39): warning CS8602: Dereference of a possibly null reference. [/home/ubuntu/PROGRAMA-BETA/src/FiveMTool.csproj]
/home/ubuntu/PROGRAMA-BETA/src/External/CodeWalker.Core/GameFiles/FileTypes/MrfFile.cs(5228,39): warning CS8602: Dereference of a possibly null reference. [/home/ubuntu/PROGRAMA-BETA/src/FiveMTool.csproj]
/home/ubuntu/PROGRAMA-BETA/src/External/CodeWalker.Core/GameFiles/FileTypes/MrfFile.cs(5238,39): warning CS8602: Dereference of a possibly null reference. [/home/ubuntu/PROGRAMA-BETA/src/FiveMTool.csproj]
/home/ubuntu/PROGRAMA-BETA/src/External/CodeWalker.Core/GameFiles/FileTypes/MrfFile.cs(5473,29): warning CS8604: Possible null reference argument for parameter 'node' in 'MrfNode XmlMrf.ReadNode(XmlNode node)'. [/home/ubuntu/PROGRAMA-BETA/src/FiveMTool.csproj]
/home/ubuntu/PROGRAMA-BETA/src/External/CodeWalker.Core/GameFiles/FileTypes/PedFile.cs(32,16): warning CS8618: Non-nullable property 'Meta' must contain a non-null value when exiting constructor. Consider declaring the property as nullable. [/home/ubuntu/PROGRAMA-BETA/src/FiveMTool.csproj]
/home/ubuntu/PROGRAMA-BETA/src/External/CodeWalker.Core/GameFiles/FileTypes/PedFile.cs(32,16): warning CS8618: Non-nullable property 'Pso' must contain a non-null value when exiting constructor. Consider declaring the property as nullable. [/home/ubuntu/PROGRAMA-BETA/src/FiveMTool.csproj]
/home/ubuntu/PROGRAMA-BETA/src/External/CodeWalker.Core/GameFiles/FileTypes/PedFile.cs(32,16): warning CS8618: Non-nullable property 'Rbf' must contain a non-null value when exiting constructor. Consider declaring the property as nullable. [/home/ubuntu/PROGRAMA-BETA/src/FiveMTool.csproj]
/home/ubuntu/PROGRAMA-BETA/src/External/CodeWalker.Core/GameFiles/FileTypes/PedFile.cs(32,16): warning CS8618: Non-nullable property 'Xml' must contain a non-null value when exiting constructor. Consider declaring the property as nullable. [/home/ubuntu/PROGRAMA-BETA/src/FiveMTool.csproj]
/home/ubuntu/PROGRAMA-BETA/src/External/CodeWalker.Core/GameFiles/FileTypes/PedFile.cs(32,16): warning CS8618: Non-nullable property 'VariationInfo' must contain a non-null value when exiting constructor. Consider declaring the property as nullable. [/home/ubuntu/PROGRAMA-BETA/src/FiveMTool.csproj]
/home/ubuntu/PROGRAMA-BETA/src/External/CodeWalker.Core/GameFiles/FileTypes/PedFile.cs(32,16): warning CS8618: Non-nullable property 'Strings' must contain a non-null value when exiting constructor. Consider declaring the property as nullable. [/home/ubuntu/PROGRAMA-BETA/src/FiveMTool.csproj]
/home/ubuntu/PROGRAMA-BETA/src/External/CodeWalker.Core/GameFiles/FileTypes/MrfFile.cs(5484,20): warning CS8603: Possible null reference return. [/home/ubuntu/PROGRAMA-BETA/src/FiveMTool.csproj]
/home/ubuntu/PROGRAMA-BETA/src/External/CodeWalker.Core/GameFiles/FileTypes/PedFile.cs(42,45): warning CS8600: Converting null literal or possible null value to non-nullable type. [/home/ubuntu/PROGRAMA-BETA/src/FiveMTool.csproj]
/home/ubuntu/PROGRAMA-BETA/src/External/CodeWalker.Core/GameFiles/FileTypes/MrfFile.cs(5488,32): warning CS8604: Possible null reference argument for parameter 'node' in 'MetaHash XmlMrf.ReadNodeRef(XmlNode node)'. [/home/ubuntu/PROGRAMA-BETA/src/FiveMTool.csproj]
/home/ubuntu/PROGRAMA-BETA/src/External/CodeWalker.Core/GameFiles/RpfFile.cs(1057,45): warning CS8600: Converting null literal or possible null value to non-nullable type. [/home/ubuntu/PROGRAMA-BETA/src/FiveMTool.csproj]
/home/ubuntu/PROGRAMA-BETA/src/External/CodeWalker.Core/GameFiles/FileTypes/MrfFile.cs(5504,20): warning CS8603: Possible null reference return. [/home/ubuntu/PROGRAMA-BETA/src/FiveMTool.csproj]
/home/ubuntu/PROGRAMA-BETA/src/External/CodeWalker.Core/GameFiles/FileTypes/MrfFile.cs(5515,20): warning CS8603: Possible null reference return. [/home/ubuntu/PROGRAMA-BETA/src/FiveMTool.csproj]
/home/ubuntu/PROGRAMA-BETA/src/External/CodeWalker.Core/GameFiles/FileTypes/PedsFile.cs(23,34): warning CS8625: Cannot convert null literal to non-nullable reference type. [/home/ubuntu/PROGRAMA-BETA/src/FiveMTool.csproj]
/home/ubuntu/PROGRAMA-BETA/src/External/CodeWalker.Core/GameFiles/FileTypes/PedsFile.cs(23,16): warning CS8618: Non-nullable property 'Pso' must contain a non-null value when exiting constructor. Consider declaring the property as nullable. [/home/ubuntu/PROGRAMA-BETA/src/FiveMTool.csproj]
/home/ubuntu/PROGRAMA-BETA/src/External/CodeWalker.Core/GameFiles/FileTypes/PedsFile.cs(23,16): warning CS8618: Non-nullable property 'Xml' must contain a non-null value when exiting constructor. Consider declaring the property as nullable. [/home/ubuntu/PROGRAMA-BETA/src/FiveMTool.csproj]
/home/ubuntu/PROGRAMA-BETA/src/External/CodeWalker.Core/GameFiles/FileTypes/PedsFile.cs(23,16): warning CS8618: Non-nullable property 'InitDataList' must contain a non-null value when exiting constructor. Consider declaring the property as nullable. [/home/ubuntu/PROGRAMA-BETA/src/FiveMTool.csproj]
/home/ubuntu/PROGRAMA-BETA/src/External/CodeWalker.Core/GameFiles/FileTypes/PedsFile.cs(25,16): warning CS8618: Non-nullable property 'Pso' must contain a non-null value when exiting constructor. Consider declaring the property as nullable. [/home/ubuntu/PROGRAMA-BETA/src/FiveMTool.csproj]
/home/ubuntu/PROGRAMA-BETA/src/External/CodeWalker.Core/GameFiles/FileTypes/PedsFile.cs(25,16): warning CS8618: Non-nullable property 'Xml' must contain a non-null value when exiting constructor. Consider declaring the property as nullable. [/home/ubuntu/PROGRAMA-BETA/src/FiveMTool.csproj]
/home/ubuntu/PROGRAMA-BETA/src/External/CodeWalker.Core/GameFiles/FileTypes/PedsFile.cs(25,16): warning CS8618: Non-nullable property 'InitDataList' must contain a non-null value when exiting constructor. Consider declaring the property as nullable. [/home/ubuntu/PROGRAMA-BETA/src/FiveMTool.csproj]
/home/ubuntu/PROGRAMA-BETA/src/External/CodeWalker.Core/GameFiles/FileTypes/MrfFile.cs(5525,27): warning CS8602: Dereference of a possibly null reference. [/home/ubuntu/PROGRAMA-BETA/src/FiveMTool.csproj]
/home/ubuntu/PROGRAMA-BETA/src/External/CodeWalker.Core/GameFiles/FileTypes/MrfFile.cs(5530,32): warning CS8602: Dereference of a possibly null reference. [/home/ubuntu/PROGRAMA-BETA/src/FiveMTool.csproj]
/home/ubuntu/PROGRAMA-BETA/src/External/CodeWalker.Core/GameFiles/FileTypes/MrfFile.cs(5546,27): warning CS8602: Dereference of a possibly null reference. [/home/ubuntu/PROGRAMA-BETA/src/FiveMTool.csproj]
/home/ubuntu/PROGRAMA-BETA/src/External/CodeWalker.Core/GameFiles/FileTypes/MrfFile.cs(5551,32): warning CS8602: Dereference of a possibly null reference. [/home/ubuntu/PROGRAMA-BETA/src/FiveMTool.csproj]
/home/ubuntu/PROGRAMA-BETA/src/External/CodeWalker.Core/GameFiles/RpfFile.cs(1138,38): warning CS8600: Converting null literal or possible null value to non-nullable type. [/home/ubuntu/PROGRAMA-BETA/src/FiveMTool.csproj]
/home/ubuntu/PROGRAMA-BETA/src/External/CodeWalker.Core/GameFiles/RpfFile.cs(1141,35): warning CS8600: Converting null literal or possible null value to non-nullable type. [/home/ubuntu/PROGRAMA-BETA/src/FiveMTool.csproj]
/home/ubuntu/PROGRAMA-BETA/src/External/CodeWalker.Core/GameFiles/RpfFile.cs(1150,20): warning CS8603: Possible null reference return. [/home/ubuntu/PROGRAMA-BETA/src/FiveMTool.csproj]
/home/ubuntu/PROGRAMA-BETA/src/External/CodeWalker.Core/GameFiles/FileTypes/PedsFile.cs(93,21): warning CS8600: Converting null literal or possible null value to non-nullable type. [/home/ubuntu/PROGRAMA-BETA/src/FiveMTool.csproj]
/home/ubuntu/PROGRAMA-BETA/src/External/CodeWalker.Core/GameFiles/FileTypes/PedsFile.cs(99,40): warning CS8602: Dereference of a possibly null reference. [/home/ubuntu/PROGRAMA-BETA/src/FiveMTool.csproj]
/home/ubuntu/PROGRAMA-BETA/src/External/CodeWalker.Core/GameFiles/FileTypes/PedsFile.cs(102,21): warning CS8600: Converting null literal or possible null value to non-nullable type. [/home/ubuntu/PROGRAMA-BETA/src/FiveMTool.csproj]
/home/ubuntu/PROGRAMA-BETA/src/External/CodeWalker.Core/GameFiles/FileTypes/PedsFile.cs(108,64): warning CS8604: Possible null reference argument for parameter 'node' in 'CPedModelInfo__InitData.CPedModelInfo__InitData(XmlNode node)'. [/home/ubuntu/PROGRAMA-BETA/src/FiveMTool.csproj]
/home/ubuntu/PROGRAMA-BETA/src/External/CodeWalker.Core/GameFiles/FileTypes/PedsFile.cs(111,21): warning CS8600: Converting null literal or possible null value to non-nullable type. [/home/ubuntu/PROGRAMA-BETA/src/FiveMTool.csproj]
/home/ubuntu/PROGRAMA-BETA/src/External/CodeWalker.Core/GameFiles/FileTypes/PedsFile.cs(117,64): warning CS8604: Possible null reference argument for parameter 'node' in 'CTxdRelationship.CTxdRelationship(XmlNode node)'. [/home/ubuntu/PROGRAMA-BETA/src/FiveMTool.csproj]
/home/ubuntu/PROGRAMA-BETA/src/External/CodeWalker.Core/GameFiles/FileTypes/PedsFile.cs(120,21): warning CS8600: Converting null literal or possible null value to non-nullable type. [/home/ubuntu/PROGRAMA-BETA/src/FiveMTool.csproj]
/home/ubuntu/PROGRAMA-BETA/src/External/CodeWalker.Core/GameFiles/FileTypes/PedsFile.cs(126,74): warning CS8604: Possible null reference argument for parameter 'node' in 'CMultiTxdRelationship.CMultiTxdRelationship(XmlNode node)'. [/home/ubuntu/PROGRAMA-BETA/src/FiveMTool.csproj]
/home/ubuntu/PROGRAMA-BETA/src/External/CodeWalker.Core/GameFiles/FileTypes/PedsFile.cs(87,16): warning CS8618: Non-nullable property 'residentAnims' must contain a non-null value when exiting constructor. Consider declaring the property as nullable. [/home/ubuntu/PROGRAMA-BETA/src/FiveMTool.csproj]
/home/ubuntu/PROGRAMA-BETA/src/External/CodeWalker.Core/GameFiles/FileTypes/PedsFile.cs(87,16): warning CS8618: Non-nullable property 'InitDatas' must contain a non-null value when exiting constructor. Consider declaring the property as nullable. [/home/ubuntu/PROGRAMA-BETA/src/FiveMTool.csproj]
/home/ubuntu/PROGRAMA-BETA/src/External/CodeWalker.Core/GameFiles/FileTypes/PedsFile.cs(87,16): warning CS8618: Non-nullable property 'txdRelationships' must contain a non-null value when exiting constructor. Consider declaring the property as nullable. [/home/ubuntu/PROGRAMA-BETA/src/FiveMTool.csproj]
/home/ubuntu/PROGRAMA-BETA/src/External/CodeWalker.Core/GameFiles/FileTypes/PedsFile.cs(87,16): warning CS8618: Non-nullable property 'multiTxdRelationships' must contain a non-null value when exiting constructor. Consider declaring the property as nullable. [/home/ubuntu/PROGRAMA-BETA/src/FiveMTool.csproj]
/home/ubuntu/PROGRAMA-BETA/src/External/CodeWalker.Core/GameFiles/FileTypes/MrfFile.cs(5576,32): warning CS8602: Dereference of a possibly null reference. [/home/ubuntu/PROGRAMA-BETA/src/FiveMTool.csproj]
/home/ubuntu/PROGRAMA-BETA/src/External/CodeWalker.Core/GameFiles/RpfFile.cs(1163,36): warning CS8600: Converting null literal or possible null value to non-nullable type. [/home/ubuntu/PROGRAMA-BETA/src/FiveMTool.csproj]
/home/ubuntu/PROGRAMA-BETA/src/External/CodeWalker.Core/GameFiles/FileTypes/MrfFile.cs(5604,32): warning CS8602: Dereference of a possibly null reference. [/home/ubuntu/PROGRAMA-BETA/src/FiveMTool.csproj]
/home/ubuntu/PROGRAMA-BETA/src/External/CodeWalker.Core/GameFiles/FileTypes/PedsFile.cs(329,35): warning CS8602: Dereference of a possibly null reference. [/home/ubuntu/PROGRAMA-BETA/src/FiveMTool.csproj]
/home/ubuntu/PROGRAMA-BETA/src/External/CodeWalker.Core/GameFiles/FileTypes/PedsFile.cs(320,16): warning CS8618: Non-nullable property 'children' must contain a non-null value when exiting constructor. Consider declaring the property as nullable. [/home/ubuntu/PROGRAMA-BETA/src/FiveMTool.csproj]
/home/ubuntu/PROGRAMA-BETA/src/External/CodeWalker.Core/GameFiles/RpfFile.cs(1208,34): warning CS8600: Converting null literal or possible null value to non-nullable type. [/home/ubuntu/PROGRAMA-BETA/src/FiveMTool.csproj]
/home/ubuntu/PROGRAMA-BETA/src/External/CodeWalker.Core/GameFiles/FileTypes/RelFile.cs(95,44): warning CS8625: Cannot convert null literal to non-nullable reference type. [/home/ubuntu/PROGRAMA-BETA/src/FiveMTool.csproj]
/home/ubuntu/PROGRAMA-BETA/src/External/CodeWalker.Core/GameFiles/FileTypes/RelFile.cs(98,33): warning CS8625: Cannot convert null literal to non-nullable reference type. [/home/ubuntu/PROGRAMA-BETA/src/FiveMTool.csproj]
/home/ubuntu/PROGRAMA-BETA/src/External/CodeWalker.Core/GameFiles/FileTypes/RelFile.cs(98,16): warning CS8618: Non-nullable property 'RawFileData' must contain a non-null value when exiting constructor. Consider declaring the property as nullable. [/home/ubuntu/PROGRAMA-BETA/src/FiveMTool.csproj]
/home/ubuntu/PROGRAMA-BETA/src/External/CodeWalker.Core/GameFiles/FileTypes/RelFile.cs(98,16): warning CS8618: Non-nullable property 'DataBlock' must contain a non-null value when exiting constructor. Consider declaring the property as nullable. [/home/ubuntu/PROGRAMA-BETA/src/FiveMTool.csproj]
/home/ubuntu/PROGRAMA-BETA/src/External/CodeWalker.Core/GameFiles/FileTypes/RelFile.cs(98,16): warning CS8618: Non-nullable property 'NameTableOffsets' must contain a non-null value when exiting constructor. Consider declaring the property as nullable. [/home/ubuntu/PROGRAMA-BETA/src/FiveMTool.csproj]
/home/ubuntu/PROGRAMA-BETA/src/External/CodeWalker.Core/GameFiles/FileTypes/RelFile.cs(98,16): warning CS8618: Non-nullable property 'NameTable' must contain a non-null value when exiting constructor. Consider declaring the property as nullable. [/home/ubuntu/PROGRAMA-BETA/src/FiveMTool.csproj]
/home/ubuntu/PROGRAMA-BETA/src/External/CodeWalker.Core/GameFiles/FileTypes/RelFile.cs(98,16): warning CS8618: Non-nullable property 'IndexHashes' must contain a non-null value when exiting constructor. Consider declaring the property as nullable. [/home/ubuntu/PROGRAMA-BETA/src/FiveMTool.csproj]
/home/ubuntu/PROGRAMA-BETA/src/External/CodeWalker.Core/GameFiles/FileTypes/RelFile.cs(98,16): warning CS8618: Non-nullable property 'IndexStrings' must contain a non-null value when exiting constructor. Consider declaring the property as nullable. [/home/ubuntu/PROGRAMA-BETA/src/FiveMTool.csproj]
/home/ubuntu/PROGRAMA-BETA/src/External/CodeWalker.Core/GameFiles/FileTypes/RelFile.cs(98,16): warning CS8618: Non-nullable property 'HashTableOffsets' must contain a non-null value when exiting constructor. Consider declaring the property as nullable. [/home/ubuntu/PROGRAMA-BETA/src/FiveMTool.csproj]
/home/ubuntu/PROGRAMA-BETA/src/External/CodeWalker.Core/GameFiles/FileTypes/RelFile.cs(98,16): warning CS8618: Non-nullable property 'HashTable' must contain a non-null value when exiting constructor. Consider declaring the property as nullable. [/home/ubuntu/PROGRAMA-BETA/src/FiveMTool.csproj]
/home/ubuntu/PROGRAMA-BETA/src/External/CodeWalker.Core/GameFiles/FileTypes/RelFile.cs(98,16): warning CS8618: Non-nullable property 'PackTableOffsets' must contain a non-null value when exiting constructor. Consider declaring the property as nullable. [/home/ubuntu/PROGRAMA-BETA/src/FiveMTool.csproj]
/home/ubuntu/PROGRAMA-BETA/src/External/CodeWalker.Core/GameFiles/FileTypes/RelFile.cs(98,16): warning CS8618: Non-nullable property 'PackTable' must contain a non-null value when exiting constructor. Consider declaring the property as nullable. [/home/ubuntu/PROGRAMA-BETA/src/FiveMTool.csproj]
/home/ubuntu/PROGRAMA-BETA/src/External/CodeWalker.Core/GameFiles/FileTypes/RelFile.cs(98,16): warning CS8618: Non-nullable property 'RelDatas' must contain a non-null value when exiting constructor. Consider declaring the property as nullable. [/home/ubuntu/PROGRAMA-BETA/src/FiveMTool.csproj]
/home/ubuntu/PROGRAMA-BETA/src/External/CodeWalker.Core/GameFiles/FileTypes/RelFile.cs(98,16): warning CS8618: Non-nullable property 'RelDatasSorted' must contain a non-null value when exiting constructor. Consider declaring the property as nullable. [/home/ubuntu/PROGRAMA-BETA/src/FiveMTool.csproj]
/home/ubuntu/PROGRAMA-BETA/src/External/CodeWalker.Core/GameFiles/FileTypes/RelFile.cs(1678,16): warning CS8618: Non-nullable property 'Name' must contain a non-null value when exiting constructor. Consider declaring the property as nullable. [/home/ubuntu/PROGRAMA-BETA/src/FiveMTool.csproj]
/home/ubuntu/PROGRAMA-BETA/src/External/CodeWalker.Core/GameFiles/FileTypes/RelFile.cs(1678,16): warning CS8618: Non-nullable property 'Data' must contain a non-null value when exiting constructor. Consider declaring the property as nullable. [/home/ubuntu/PROGRAMA-BETA/src/FiveMTool.csproj]
/home/ubuntu/PROGRAMA-BETA/src/External/CodeWalker.Core/GameFiles/FileTypes/RelFile.cs(101,16): warning CS8618: Non-nullable property 'RawFileData' must contain a non-null value when exiting constructor. Consider declaring the property as nullable. [/home/ubuntu/PROGRAMA-BETA/src/FiveMTool.csproj]
/home/ubuntu/PROGRAMA-BETA/src/External/CodeWalker.Core/GameFiles/FileTypes/RelFile.cs(101,16): warning CS8618: Non-nullable property 'DataBlock' must contain a non-null value when exiting constructor. Consider declaring the property as nullable. [/home/ubuntu/PROGRAMA-BETA/src/FiveMTool.csproj]
/home/ubuntu/PROGRAMA-BETA/src/External/CodeWalker.Core/GameFiles/FileTypes/RelFile.cs(101,16): warning CS8618: Non-nullable property 'NameTableOffsets' must contain a non-null value when exiting constructor. Consider declaring the property as nullable. [/home/ubuntu/PROGRAMA-BETA/src/FiveMTool.csproj]
/home/ubuntu/PROGRAMA-BETA/src/External/CodeWalker.Core/GameFiles/FileTypes/RelFile.cs(101,16): warning CS8618: Non-nullable property 'NameTable' must contain a non-null value when exiting constructor. Consider declaring the property as nullable. [/home/ubuntu/PROGRAMA-BETA/src/FiveMTool.csproj]
/home/ubuntu/PROGRAMA-BETA/src/External/CodeWalker.Core/GameFiles/FileTypes/RelFile.cs(101,16): warning CS8618: Non-nullable property 'IndexHashes' must contain a non-null value when exiting constructor. Consider declaring the property as nullable. [/home/ubuntu/PROGRAMA-BETA/src/FiveMTool.csproj]
/home/ubuntu/PROGRAMA-BETA/src/External/CodeWalker.Core/GameFiles/FileTypes/RelFile.cs(101,16): warning CS8618: Non-nullable property 'IndexStrings' must contain a non-null value when exiting constructor. Consider declaring the property as nullable. [/home/ubuntu/PROGRAMA-BETA/src/FiveMTool.csproj]
/home/ubuntu/PROGRAMA-BETA/src/External/CodeWalker.Core/GameFiles/FileTypes/RelFile.cs(101,16): warning CS8618: Non-nullable property 'HashTableOffsets' must contain a non-null value when exiting constructor. Consider declaring the property as nullable. [/home/ubuntu/PROGRAMA-BETA/src/FiveMTool.csproj]
/home/ubuntu/PROGRAMA-BETA/src/External/CodeWalker.Core/GameFiles/FileTypes/RelFile.cs(101,16): warning CS8618: Non-nullable property 'HashTable' must contain a non-null value when exiting constructor. Consider declaring the property as nullable. [/home/ubuntu/PROGRAMA-BETA/src/FiveMTool.csproj]
/home/ubuntu/PROGRAMA-BETA/src/External/CodeWalker.Core/GameFiles/FileTypes/RelFile.cs(101,16): warning CS8618: Non-nullable property 'PackTableOffsets' must contain a non-null value when exiting constructor. Consider declaring the property as nullable. [/home/ubuntu/PROGRAMA-BETA/src/FiveMTool.csproj]
/home/ubuntu/PROGRAMA-BETA/src/External/CodeWalker.Core/GameFiles/FileTypes/RelFile.cs(101,16): warning CS8618: Non-nullable property 'PackTable' must contain a non-null value when exiting constructor. Consider declaring the property as nullable. [/home/ubuntu/PROGRAMA-BETA/src/FiveMTool.csproj]
/home/ubuntu/PROGRAMA-BETA/src/External/CodeWalker.Core/GameFiles/FileTypes/RelFile.cs(101,16): warning CS8618: Non-nullable property 'RelDatas' must contain a non-null value when exiting constructor. Consider declaring the property as nullable. [/home/ubuntu/PROGRAMA-BETA/src/FiveMTool.csproj]
/home/ubuntu/PROGRAMA-BETA/src/External/CodeWalker.Core/GameFiles/FileTypes/RelFile.cs(101,16): warning CS8618: Non-nullable property 'RelDatasSorted' must contain a non-null value when exiting constructor. Consider declaring the property as nullable. [/home/ubuntu/PROGRAMA-BETA/src/FiveMTool.csproj]
/home/ubuntu/PROGRAMA-BETA/src/External/CodeWalker.Core/GameFiles/FileTypes/RelFile.cs(2115,16): warning CS8618: Non-nullable property 'Header' must contain a non-null value when exiting constructor. Consider declaring the property as nullable. [/home/ubuntu/PROGRAMA-BETA/src/FiveMTool.csproj]
/home/ubuntu/PROGRAMA-BETA/src/External/CodeWalker.Core/GameFiles/FileTypes/RelFile.cs(2115,16): warning CS8618: Non-nullable property 'ChildSounds' must contain a non-null value when exiting constructor. Consider declaring the property as nullable. [/home/ubuntu/PROGRAMA-BETA/src/FiveMTool.csproj]
/home/ubuntu/PROGRAMA-BETA/src/External/CodeWalker.Core/GameFiles/FileTypes/RelFile.cs(2115,16): warning CS8618: Non-nullable property 'ChildSoundsHashes' must contain a non-null value when exiting constructor. Consider declaring the property as nullable. [/home/ubuntu/PROGRAMA-BETA/src/FiveMTool.csproj]
/home/ubuntu/PROGRAMA-BETA/src/External/CodeWalker.Core/GameFiles/FileTypes/RelFile.cs(2115,16): warning CS8618: Non-nullable property 'AudioContainers' must contain a non-null value when exiting constructor. Consider declaring the property as nullable. [/home/ubuntu/PROGRAMA-BETA/src/FiveMTool.csproj]
/home/ubuntu/PROGRAMA-BETA/src/External/CodeWalker.Core/GameFiles/FileTypes/RelFile.cs(2118,16): warning CS8618: Non-nullable property 'ChildSounds' must contain a non-null value when exiting constructor. Consider declaring the property as nullable. [/home/ubuntu/PROGRAMA-BETA/src/FiveMTool.csproj]
/home/ubuntu/PROGRAMA-BETA/src/External/CodeWalker.Core/GameFiles/FileTypes/RelFile.cs(2118,16): warning CS8618: Non-nullable property 'ChildSoundsHashes' must contain a non-null value when exiting constructor. Consider declaring the property as nullable. [/home/ubuntu/PROGRAMA-BETA/src/FiveMTool.csproj]
/home/ubuntu/PROGRAMA-BETA/src/External/CodeWalker.Core/GameFiles/FileTypes/RelFile.cs(2118,16): warning CS8618: Non-nullable property 'AudioContainers' must contain a non-null value when exiting constructor. Consider declaring the property as nullable. [/home/ubuntu/PROGRAMA-BETA/src/FiveMTool.csproj]
/home/ubuntu/PROGRAMA-BETA/src/External/CodeWalker.Core/GameFiles/FileTypes/RelFile.cs(1697,20): warning CS8603: Possible null reference return. [/home/ubuntu/PROGRAMA-BETA/src/FiveMTool.csproj]
/home/ubuntu/PROGRAMA-BETA/src/External/CodeWalker.Core/GameFiles/FileTypes/RelFile.cs(1701,20): warning CS8603: Possible null reference return. [/home/ubuntu/PROGRAMA-BETA/src/FiveMTool.csproj]
/home/ubuntu/PROGRAMA-BETA/src/External/CodeWalker.Core/GameFiles/FileTypes/RelFile.cs(1706,20): warning CS8603: Possible null reference return. [/home/ubuntu/PROGRAMA-BETA/src/FiveMTool.csproj]
/home/ubuntu/PROGRAMA-BETA/src/External/CodeWalker.Core/GameFiles/FileTypes/RelFile.cs(1710,20): warning CS8603: Possible null reference return. [/home/ubuntu/PROGRAMA-BETA/src/FiveMTool.csproj]
/home/ubuntu/PROGRAMA-BETA/src/External/CodeWalker.Core/GameFiles/FileTypes/RelFile.cs(1714,20): warning CS8603: Possible null reference return. [/home/ubuntu/PROGRAMA-BETA/src/FiveMTool.csproj]
/home/ubuntu/PROGRAMA-BETA/src/External/CodeWalker.Core/GameFiles/FileTypes/RelFile.cs(1718,20): warning CS8603: Possible null reference return. [/home/ubuntu/PROGRAMA-BETA/src/FiveMTool.csproj]
/home/ubuntu/PROGRAMA-BETA/src/External/CodeWalker.Core/GameFiles/FileTypes/RelFile.cs(1722,20): warning CS8603: Possible null reference return. [/home/ubuntu/PROGRAMA-BETA/src/FiveMTool.csproj]
/home/ubuntu/PROGRAMA-BETA/src/External/CodeWalker.Core/GameFiles/FileTypes/RelFile.cs(1726,20): warning CS8603: Possible null reference return. [/home/ubuntu/PROGRAMA-BETA/src/FiveMTool.csproj]
/home/ubuntu/PROGRAMA-BETA/src/External/CodeWalker.Core/GameFiles/FileTypes/RelFile.cs(1730,20): warning CS8603: Possible null reference return. [/home/ubuntu/PROGRAMA-BETA/src/FiveMTool.csproj]
/home/ubuntu/PROGRAMA-BETA/src/External/CodeWalker.Core/GameFiles/FileTypes/PedsFile.cs(225,43): warning CS8602: Dereference of a possibly null reference. [/home/ubuntu/PROGRAMA-BETA/src/FiveMTool.csproj]
/home/ubuntu/PROGRAMA-BETA/src/External/CodeWalker.Core/GameFiles/FileTypes/PedsFile.cs(208,16): warning CS8618: Non-nullable property 'MovementClipSets' must contain a non-null value when exiting constructor. Consider declaring the property as nullable. [/home/ubuntu/PROGRAMA-BETA/src/FiveMTool.csproj]
/home/ubuntu/PROGRAMA-BETA/src/External/CodeWalker.Core/GameFiles/FileTypes/RelFile.cs(2196,43): warning CS8602: Dereference of a possibly null reference. [/home/ubuntu/PROGRAMA-BETA/src/FiveMTool.csproj]
/home/ubuntu/PROGRAMA-BETA/src/External/CodeWalker.Core/GameFiles/RpfFile.cs(1400,43): warning CS8600: Converting null literal or possible null value to non-nullable type. [/home/ubuntu/PROGRAMA-BETA/src/FiveMTool.csproj]
/home/ubuntu/PROGRAMA-BETA/src/External/CodeWalker.Core/GameFiles/RpfFile.cs(1424,25): warning CS8600: Converting null literal or possible null value to non-nullable type. [/home/ubuntu/PROGRAMA-BETA/src/FiveMTool.csproj]
/home/ubuntu/PROGRAMA-BETA/src/External/CodeWalker.Core/GameFiles/RpfFile.cs(1436,20): warning CS8603: Possible null reference return. [/home/ubuntu/PROGRAMA-BETA/src/FiveMTool.csproj]
/home/ubuntu/PROGRAMA-BETA/src/External/CodeWalker.Core/GameFiles/FileTypes/RelFile.cs(2221,20): warning CS8603: Possible null reference return. [/home/ubuntu/PROGRAMA-BETA/src/FiveMTool.csproj]
/home/ubuntu/PROGRAMA-BETA/src/External/CodeWalker.Core/GameFiles/FileTypes/RelFile.cs(2226,20): warning CS8603: Possible null reference return. [/home/ubuntu/PROGRAMA-BETA/src/FiveMTool.csproj]
/home/ubuntu/PROGRAMA-BETA/src/External/CodeWalker.Core/GameFiles/FileTypes/RelFile.cs(2592,16): warning CS8618: Non-nullable property 'ContextName' must contain a non-null value when exiting constructor. Consider declaring the property as nullable. [/home/ubuntu/PROGRAMA-BETA/src/FiveMTool.csproj]
/home/ubuntu/PROGRAMA-BETA/src/External/CodeWalker.Core/GameFiles/RpfFile.cs(1661,34): warning CS8600: Converting null literal or possible null value to non-nullable type. [/home/ubuntu/PROGRAMA-BETA/src/FiveMTool.csproj]
/home/ubuntu/PROGRAMA-BETA/src/External/CodeWalker.Core/GameFiles/RpfFile.cs(1765,40): warning CS8601: Possible null reference assignment. [/home/ubuntu/PROGRAMA-BETA/src/FiveMTool.csproj]
/home/ubuntu/PROGRAMA-BETA/src/External/CodeWalker.Core/GameFiles/RpfFile.cs(1774,48): warning CS8625: Cannot convert null literal to non-nullable reference type. [/home/ubuntu/PROGRAMA-BETA/src/FiveMTool.csproj]
/home/ubuntu/PROGRAMA-BETA/src/External/CodeWalker.Core/GameFiles/RpfFile.cs(1774,54): warning CS8625: Cannot convert null literal to non-nullable reference type. [/home/ubuntu/PROGRAMA-BETA/src/FiveMTool.csproj]
/home/ubuntu/PROGRAMA-BETA/src/External/CodeWalker.Core/GameFiles/FileTypes/RelFile.cs(343,32): warning CS8600: Converting null literal or possible null value to non-nullable type. [/home/ubuntu/PROGRAMA-BETA/src/FiveMTool.csproj]
/home/ubuntu/PROGRAMA-BETA/src/External/CodeWalker.Core/GameFiles/FileTypes/RelFile.cs(352,47): warning CS8600: Converting null literal or possible null value to non-nullable type. [/home/ubuntu/PROGRAMA-BETA/src/FiveMTool.csproj]
/home/ubuntu/PROGRAMA-BETA/src/External/CodeWalker.Core/GameFiles/FileTypes/RelFile.cs(353,70): warning CS8600: Converting null literal or possible null value to non-nullable type. [/home/ubuntu/PROGRAMA-BETA/src/FiveMTool.csproj]
/home/ubuntu/PROGRAMA-BETA/src/External/CodeWalker.Core/GameFiles/FileTypes/RelFile.cs(392,21): warning CS8602: Dereference of a possibly null reference. [/home/ubuntu/PROGRAMA-BETA/src/FiveMTool.csproj]
/home/ubuntu/PROGRAMA-BETA/src/External/CodeWalker.Core/GameFiles/FileTypes/RelFile.cs(401,49): warning CS8600: Converting null literal or possible null value to non-nullable type. [/home/ubuntu/PROGRAMA-BETA/src/FiveMTool.csproj]
/home/ubuntu/PROGRAMA-BETA/src/External/CodeWalker.Core/GameFiles/FileTypes/RelFile.cs(402,60): warning CS8600: Converting null literal or possible null value to non-nullable type. [/home/ubuntu/PROGRAMA-BETA/src/FiveMTool.csproj]
/home/ubuntu/PROGRAMA-BETA/src/External/CodeWalker.Core/GameFiles/FileTypes/RelFile.cs(417,49): warning CS8600: Converting null literal or possible null value to non-nullable type. [/home/ubuntu/PROGRAMA-BETA/src/FiveMTool.csproj]
/home/ubuntu/PROGRAMA-BETA/src/External/CodeWalker.Core/GameFiles/FileTypes/RelFile.cs(418,60): warning CS8600: Converting null literal or possible null value to non-nullable type. [/home/ubuntu/PROGRAMA-BETA/src/FiveMTool.csproj]
/home/ubuntu/PROGRAMA-BETA/src/External/CodeWalker.Core/GameFiles/FileTypes/RelFile.cs(440,36): warning CS8625: Cannot convert null literal to non-nullable reference type. [/home/ubuntu/PROGRAMA-BETA/src/FiveMTool.csproj]
/home/ubuntu/PROGRAMA-BETA/src/External/CodeWalker.Core/GameFiles/RpfFile.cs(1828,36): warning CS8604: Possible null reference argument for parameter 'dir' in 'void RpfFile.UpdatePaths(RpfDirectoryEntry dir = null)'. [/home/ubuntu/PROGRAMA-BETA/src/FiveMTool.csproj]
/home/ubuntu/PROGRAMA-BETA/src/External/CodeWalker.Core/GameFiles/RpfFile.cs(1847,44): warning CS8600: Converting null literal or possible null value to non-nullable type. [/home/ubuntu/PROGRAMA-BETA/src/FiveMTool.csproj]
/home/ubuntu/PROGRAMA-BETA/src/External/CodeWalker.Core/GameFiles/RpfFile.cs(1848,40): warning CS8600: Converting null literal or possible null value to non-nullable type. [/home/ubuntu/PROGRAMA-BETA/src/FiveMTool.csproj]
/home/ubuntu/PROGRAMA-BETA/src/External/CodeWalker.Core/GameFiles/FileTypes/RelFile.cs(2681,16): warning CS8618: Non-nullable property 'VariableNames' must contain a non-null value when exiting constructor. Consider declaring the property as nullable. [/home/ubuntu/PROGRAMA-BETA/src/FiveMTool.csproj]
/home/ubuntu/PROGRAMA-BETA/src/External/CodeWalker.Core/GameFiles/FileTypes/RelFile.cs(2681,16): warning CS8618: Non-nullable property 'VariableValues' must contain a non-null value when exiting constructor. Consider declaring the property as nullable. [/home/ubuntu/PROGRAMA-BETA/src/FiveMTool.csproj]
/home/ubuntu/PROGRAMA-BETA/src/External/CodeWalker.Core/GameFiles/RpfFile.cs(2011,39): warning CS8602: Dereference of a possibly null reference. [/home/ubuntu/PROGRAMA-BETA/src/FiveMTool.csproj]
/home/ubuntu/PROGRAMA-BETA/src/External/CodeWalker.Core/GameFiles/RpfFile.cs(2015,62): warning CS8604: Possible null reference argument for parameter 'f' in 'RpfFile RpfFile.FindChildArchive(RpfFileEntry f)'. [/home/ubuntu/PROGRAMA-BETA/src/FiveMTool.csproj]
/home/ubuntu/PROGRAMA-BETA/src/External/CodeWalker.Core/GameFiles/RpfFile.cs(2018,50): warning CS8625: Cannot convert null literal to non-nullable reference type. [/home/ubuntu/PROGRAMA-BETA/src/FiveMTool.csproj]
/home/ubuntu/PROGRAMA-BETA/src/External/CodeWalker.Core/GameFiles/FileTypes/RelFile.cs(3175,16): warning CS8618: Non-nullable property 'HistorySpace' must contain a non-null value when exiting constructor. Consider declaring the property as nullable. [/home/ubuntu/PROGRAMA-BETA/src/FiveMTool.csproj]
/home/ubuntu/PROGRAMA-BETA/src/External/CodeWalker.Core/GameFiles/FileTypes/RelFile.cs(3175,16): warning CS8618: Non-nullable property 'VariationsValues' must contain a non-null value when exiting constructor. Consider declaring the property as nullable. [/home/ubuntu/PROGRAMA-BETA/src/FiveMTool.csproj]
/home/ubuntu/PROGRAMA-BETA/src/External/CodeWalker.Core/GameFiles/FileTypes/RelFile.cs(3300,16): warning CS8618: Non-nullable property 'Entities' must contain a non-null value when exiting constructor. Consider declaring the property as nullable. [/home/ubuntu/PROGRAMA-BETA/src/FiveMTool.csproj]
/home/ubuntu/PROGRAMA-BETA/src/External/CodeWalker.Core/GameFiles/FileTypes/RelFile.cs(3393,16): warning CS8618: Non-nullable property 'ExposedVariables' must contain a non-null value when exiting constructor. Consider declaring the property as nullable. [/home/ubuntu/PROGRAMA-BETA/src/FiveMTool.csproj]
/home/ubuntu/PROGRAMA-BETA/src/External/CodeWalker.Core/GameFiles/Resources/WaypointRecord.cs(109,38): warning CS8603: Possible null reference return. [/home/ubuntu/PROGRAMA-BETA/src/FiveMTool.csproj]
/home/ubuntu/PROGRAMA-BETA/src/External/CodeWalker.Core/GameFiles/Resources/WaypointRecord.cs(24,57): warning CS8618: Non-nullable field 'Entries' must contain a non-null value when exiting constructor. Consider declaring the field as nullable. [/home/ubuntu/PROGRAMA-BETA/src/FiveMTool.csproj]
/home/ubuntu/PROGRAMA-BETA/src/External/CodeWalker.Core/GameFiles/FileTypes/RelFile.cs(3536,16): warning CS8618: Non-nullable property 'Channel0' must contain a non-null value when exiting constructor. Consider declaring the property as nullable. [/home/ubuntu/PROGRAMA-BETA/src/FiveMTool.csproj]
/home/ubuntu/PROGRAMA-BETA/src/External/CodeWalker.Core/GameFiles/FileTypes/RelFile.cs(3536,16): warning CS8618: Non-nullable property 'Channel1' must contain a non-null value when exiting constructor. Consider declaring the property as nullable. [/home/ubuntu/PROGRAMA-BETA/src/FiveMTool.csproj]
/home/ubuntu/PROGRAMA-BETA/src/External/CodeWalker.Core/GameFiles/FileTypes/RelFile.cs(3536,16): warning CS8618: Non-nullable property 'Channel2' must contain a non-null value when exiting constructor. Consider declaring the property as nullable. [/home/ubuntu/PROGRAMA-BETA/src/FiveMTool.csproj]
/home/ubuntu/PROGRAMA-BETA/src/External/CodeWalker.Core/GameFiles/FileTypes/RelFile.cs(3536,16): warning CS8618: Non-nullable property 'Channel3' must contain a non-null value when exiting constructor. Consider declaring the property as nullable. [/home/ubuntu/PROGRAMA-BETA/src/FiveMTool.csproj]
/home/ubuntu/PROGRAMA-BETA/src/External/CodeWalker.Core/GameFiles/FileTypes/RelFile.cs(3536,16): warning CS8618: Non-nullable property 'Channel4' must contain a non-null value when exiting constructor. Consider declaring the property as nullable. [/home/ubuntu/PROGRAMA-BETA/src/FiveMTool.csproj]
/home/ubuntu/PROGRAMA-BETA/src/External/CodeWalker.Core/GameFiles/FileTypes/RelFile.cs(3536,16): warning CS8618: Non-nullable property 'Channel5' must contain a non-null value when exiting constructor. Consider declaring the property as nullable. [/home/ubuntu/PROGRAMA-BETA/src/FiveMTool.csproj]
/home/ubuntu/PROGRAMA-BETA/src/External/CodeWalker.Core/GameFiles/FileTypes/RelFile.cs(3536,16): warning CS8618: Non-nullable property 'ChannelSettings0' must contain a non-null value when exiting constructor. Consider declaring the property as nullable. [/home/ubuntu/PROGRAMA-BETA/src/FiveMTool.csproj]
/home/ubuntu/PROGRAMA-BETA/src/External/CodeWalker.Core/GameFiles/FileTypes/RelFile.cs(3536,16): warning CS8618: Non-nullable property 'ChannelSettings1' must contain a non-null value when exiting constructor. Consider declaring the property as nullable. [/home/ubuntu/PROGRAMA-BETA/src/FiveMTool.csproj]
/home/ubuntu/PROGRAMA-BETA/src/External/CodeWalker.Core/GameFiles/FileTypes/RelFile.cs(3536,16): warning CS8618: Non-nullable property 'ChannelSettings2' must contain a non-null value when exiting constructor. Consider declaring the property as nullable. [/home/ubuntu/PROGRAMA-BETA/src/FiveMTool.csproj]
/home/ubuntu/PROGRAMA-BETA/src/External/CodeWalker.Core/GameFiles/FileTypes/RelFile.cs(3536,16): warning CS8618: Non-nullable property 'ChannelSettings3' must contain a non-null value when exiting constructor. Consider declaring the property as nullable. [/home/ubuntu/PROGRAMA-BETA/src/FiveMTool.csproj]
/home/ubuntu/PROGRAMA-BETA/src/External/CodeWalker.Core/GameFiles/FileTypes/RelFile.cs(3536,16): warning CS8618: Non-nullable property 'ChannelSettings4' must contain a non-null value when exiting constructor. Consider declaring the property as nullable. [/home/ubuntu/PROGRAMA-BETA/src/FiveMTool.csproj]
/home/ubuntu/PROGRAMA-BETA/src/External/CodeWalker.Core/GameFiles/FileTypes/RelFile.cs(3536,16): warning CS8618: Non-nullable property 'ChannelSettings5' must contain a non-null value when exiting constructor. Consider declaring the property as nullable. [/home/ubuntu/PROGRAMA-BETA/src/FiveMTool.csproj]
/home/ubuntu/PROGRAMA-BETA/src/External/CodeWalker.Core/GameFiles/FileTypes/RelFile.cs(3536,16): warning CS8618: Non-nullable property 'GranularClock' must contain a non-null value when exiting constructor. Consider declaring the property as nullable. [/home/ubuntu/PROGRAMA-BETA/src/FiveMTool.csproj]
/home/ubuntu/PROGRAMA-BETA/src/External/CodeWalker.Core/GameFiles/FileTypes/RelFile.cs(3611,34): warning CS8629: Nullable value type may be null. [/home/ubuntu/PROGRAMA-BETA/src/FiveMTool.csproj]
/home/ubuntu/PROGRAMA-BETA/src/External/CodeWalker.Core/GameFiles/FileTypes/RelFile.cs(3706,66): warning CS8604: Possible null reference argument for parameter 'node' in 'string Xml.GetChildInnerText(XmlNode node, string name)'. [/home/ubuntu/PROGRAMA-BETA/src/FiveMTool.csproj]
/home/ubuntu/PROGRAMA-BETA/src/External/CodeWalker.Core/GameFiles/FileTypes/RelFile.cs(3752,59): warning CS8604: Possible null reference argument for parameter 'node' in 'int Xml.GetChildIntAttribute(XmlNode node, string name, string attribute = "value")'. [/home/ubuntu/PROGRAMA-BETA/src/FiveMTool.csproj]
/home/ubuntu/PROGRAMA-BETA/src/External/CodeWalker.Core/GameFiles/Resources/VehicleRecord.cs(84,38): warning CS8603: Possible null reference return. [/home/ubuntu/PROGRAMA-BETA/src/FiveMTool.csproj]
/home/ubuntu/PROGRAMA-BETA/src/External/CodeWalker.Core/GameFiles/FileTypes/RelFile.cs(3984,16): warning CS8618: Non-nullable property 'Value' must contain a non-null value when exiting constructor. Consider declaring the property as nullable. [/home/ubuntu/PROGRAMA-BETA/src/FiveMTool.csproj]
/home/ubuntu/PROGRAMA-BETA/src/External/CodeWalker.Core/GameFiles/Resources/Texture.cs(1082,23): warning CS8618: Non-nullable property 'FullData' must contain a non-null value when exiting constructor. Consider declaring the property as nullable. [/home/ubuntu/PROGRAMA-BETA/src/FiveMTool.csproj]
/home/ubuntu/PROGRAMA-BETA/src/External/CodeWalker.Core/GameFiles/FileTypes/RelFile.cs(757,25): warning CS8600: Converting null literal or possible null value to non-nullable type. [/home/ubuntu/PROGRAMA-BETA/src/FiveMTool.csproj]
/home/ubuntu/PROGRAMA-BETA/src/External/CodeWalker.Core/GameFiles/FileTypes/RelFile.cs(799,73): warning CS8602: Dereference of a possibly null reference. [/home/ubuntu/PROGRAMA-BETA/src/FiveMTool.csproj]
/home/ubuntu/PROGRAMA-BETA/src/External/CodeWalker.Core/GameFiles/FileTypes/RelFile.cs(944,26): warning CS8602: Dereference of a possibly null reference. [/home/ubuntu/PROGRAMA-BETA/src/FiveMTool.csproj]
/home/ubuntu/PROGRAMA-BETA/src/External/CodeWalker.Core/GameFiles/FileTypes/RelFile.cs(4018,16): warning CS8618: Non-nullable property 'Variables' must contain a non-null value when exiting constructor. Consider declaring the property as nullable. [/home/ubuntu/PROGRAMA-BETA/src/FiveMTool.csproj]
/home/ubuntu/PROGRAMA-BETA/src/External/CodeWalker.Core/GameFiles/FileTypes/RelFile.cs(1051,30): warning CS8600: Converting null literal or possible null value to non-nullable type. [/home/ubuntu/PROGRAMA-BETA/src/FiveMTool.csproj]
/home/ubuntu/PROGRAMA-BETA/src/External/CodeWalker.Core/GameFiles/FileTypes/RelFile.cs(4169,16): warning CS8618: Non-nullable property 'Operations' must contain a non-null value when exiting constructor. Consider declaring the property as nullable. [/home/ubuntu/PROGRAMA-BETA/src/FiveMTool.csproj]
/home/ubuntu/PROGRAMA-BETA/src/External/CodeWalker.Core/GameFiles/FileTypes/RelFile.cs(1257,36): warning CS8625: Cannot convert null literal to non-nullable reference type. [/home/ubuntu/PROGRAMA-BETA/src/FiveMTool.csproj]
/home/ubuntu/PROGRAMA-BETA/src/External/CodeWalker.Core/GameFiles/FileTypes/RelFile.cs(1305,36): warning CS8625: Cannot convert null literal to non-nullable reference type. [/home/ubuntu/PROGRAMA-BETA/src/FiveMTool.csproj]
/home/ubuntu/PROGRAMA-BETA/src/External/CodeWalker.Core/GameFiles/FileTypes/RelFile.cs(4282,16): warning CS8618: Non-nullable property 'ParameterTransforms' must contain a non-null value when exiting constructor. Consider declaring the property as nullable. [/home/ubuntu/PROGRAMA-BETA/src/FiveMTool.csproj]
/home/ubuntu/PROGRAMA-BETA/src/External/CodeWalker.Core/GameFiles/FileTypes/RelFile.cs(4333,16): warning CS8618: Non-nullable property 'Transforms' must contain a non-null value when exiting constructor. Consider declaring the property as nullable. [/home/ubuntu/PROGRAMA-BETA/src/FiveMTool.csproj]
/home/ubuntu/PROGRAMA-BETA/src/External/CodeWalker.Core/GameFiles/FileTypes/RelFile.cs(4390,16): warning CS8618: Non-nullable property 'Vectors' must contain a non-null value when exiting constructor. Consider declaring the property as nullable. [/home/ubuntu/PROGRAMA-BETA/src/FiveMTool.csproj]
/home/ubuntu/PROGRAMA-BETA/src/External/CodeWalker.Core/GameFiles/FileTypes/RelFile.cs(1445,43): warning CS8600: Converting null literal or possible null value to non-nullable type. [/home/ubuntu/PROGRAMA-BETA/src/FiveMTool.csproj]
/home/ubuntu/PROGRAMA-BETA/src/External/CodeWalker.Core/GameFiles/FileTypes/RelFile.cs(1446,49): warning CS8600: Converting null literal or possible null value to non-nullable type. [/home/ubuntu/PROGRAMA-BETA/src/FiveMTool.csproj]
/home/ubuntu/PROGRAMA-BETA/src/External/CodeWalker.Core/GameFiles/FileTypes/RelFile.cs(4452,16): warning CS8618: Non-nullable property 'Fluctuators' must contain a non-null value when exiting constructor. Consider declaring the property as nullable. [/home/ubuntu/PROGRAMA-BETA/src/FiveMTool.csproj]
/home/ubuntu/PROGRAMA-BETA/src/External/CodeWalker.Core/GameFiles/FileTypes/RelFile.cs(4600,16): warning CS8618: Non-nullable property 'VariableOutputs' must contain a non-null value when exiting constructor. Consider declaring the property as nullable. [/home/ubuntu/PROGRAMA-BETA/src/FiveMTool.csproj]
/home/ubuntu/PROGRAMA-BETA/src/External/CodeWalker.Core/GameFiles/Resources/Texture.cs(652,41): warning CS8604: Possible null reference argument for parameter 'text' in 'uint JenkHash.GenHash(string text)'. [/home/ubuntu/PROGRAMA-BETA/src/FiveMTool.csproj]
/home/ubuntu/PROGRAMA-BETA/src/External/CodeWalker.Core/GameFiles/FileTypes/RelFile.cs(1480,43): warning CS8603: Possible null reference return. [/home/ubuntu/PROGRAMA-BETA/src/FiveMTool.csproj]
/home/ubuntu/PROGRAMA-BETA/src/External/CodeWalker.Core/GameFiles/FileTypes/RelFile.cs(1619,37): warning CS8602: Dereference of a possibly null reference. [/home/ubuntu/PROGRAMA-BETA/src/FiveMTool.csproj]
/home/ubuntu/PROGRAMA-BETA/src/External/CodeWalker.Core/GameFiles/FileTypes/RelFile.cs(1432,28): warning CS8618: Non-nullable property 'Item' must contain a non-null value when exiting constructor. Consider declaring the property as nullable. [/home/ubuntu/PROGRAMA-BETA/src/FiveMTool.csproj]
/home/ubuntu/PROGRAMA-BETA/src/External/CodeWalker.Core/GameFiles/FileTypes/RelFile.cs(4773,16): warning CS8618: Non-nullable property 'SoundSets' must contain a non-null value when exiting constructor. Consider declaring the property as nullable. [/home/ubuntu/PROGRAMA-BETA/src/FiveMTool.csproj]
/home/ubuntu/PROGRAMA-BETA/src/External/CodeWalker.Core/GameFiles/FileTypes/RelFile.cs(4862,16): warning CS8618: Non-nullable property 'Ranges' must contain a non-null value when exiting constructor. Consider declaring the property as nullable. [/home/ubuntu/PROGRAMA-BETA/src/FiveMTool.csproj]
/home/ubuntu/PROGRAMA-BETA/src/External/CodeWalker.Core/GameFiles/Resources/Texture.cs(270,38): warning CS8625: Cannot convert null literal to non-nullable reference type. [/home/ubuntu/PROGRAMA-BETA/src/FiveMTool.csproj]
/home/ubuntu/PROGRAMA-BETA/src/External/CodeWalker.Core/GameFiles/Resources/Texture.cs(267,23): warning CS8618: Non-nullable property 'Name' must contain a non-null value when exiting constructor. Consider declaring the property as nullable. [/home/ubuntu/PROGRAMA-BETA/src/FiveMTool.csproj]
/home/ubuntu/PROGRAMA-BETA/src/External/CodeWalker.Core/GameFiles/Resources/Texture.cs(272,28): warning CS8618: Non-nullable property 'Data' must contain a non-null value when exiting constructor. Consider declaring the property as nullable. [/home/ubuntu/PROGRAMA-BETA/src/FiveMTool.csproj]
/home/ubuntu/PROGRAMA-BETA/src/External/CodeWalker.Core/GameFiles/Resources/Texture.cs(274,37): warning CS8618: Non-nullable property 'G9_SRV' must contain a non-null value when exiting constructor. Consider declaring the property as nullable. [/home/ubuntu/PROGRAMA-BETA/src/FiveMTool.csproj]
/home/ubuntu/PROGRAMA-BETA/src/External/CodeWalker.Core/GameFiles/FileTypes/RelFile.cs(4956,16): warning CS8618: Non-nullable property 'SoundSets' must contain a non-null value when exiting constructor. Consider declaring the property as nullable. [/home/ubuntu/PROGRAMA-BETA/src/FiveMTool.csproj]
/home/ubuntu/PROGRAMA-BETA/src/External/CodeWalker.Core/GameFiles/FileTypes/RelFile.cs(5009,16): warning CS8618: Non-nullable property 'SoundHashes' must contain a non-null value when exiting constructor. Consider declaring the property as nullable. [/home/ubuntu/PROGRAMA-BETA/src/FiveMTool.csproj]
/home/ubuntu/PROGRAMA-BETA/src/External/CodeWalker.Core/GameFiles/Resources/Texture.cs(49,16): warning CS8618: Non-nullable property 'TextureNameHashes' must contain a non-null value when exiting constructor. Consider declaring the property as nullable. [/home/ubuntu/PROGRAMA-BETA/src/FiveMTool.csproj]
/home/ubuntu/PROGRAMA-BETA/src/External/CodeWalker.Core/GameFiles/Resources/Texture.cs(49,16): warning CS8618: Non-nullable property 'Textures' must contain a non-null value when exiting constructor. Consider declaring the property as nullable. [/home/ubuntu/PROGRAMA-BETA/src/FiveMTool.csproj]
/home/ubuntu/PROGRAMA-BETA/src/External/CodeWalker.Core/GameFiles/Resources/Texture.cs(49,16): warning CS8618: Non-nullable property 'Dict' must contain a non-null value when exiting constructor. Consider declaring the property as nullable. [/home/ubuntu/PROGRAMA-BETA/src/FiveMTool.csproj]
/home/ubuntu/PROGRAMA-BETA/src/External/CodeWalker.Core/GameFiles/FileTypes/RelFile.cs(5291,16): warning CS8618: Non-nullable property 'EmitterHashes' must contain a non-null value when exiting constructor. Consider declaring the property as nullable. [/home/ubuntu/PROGRAMA-BETA/src/FiveMTool.csproj]
/home/ubuntu/PROGRAMA-BETA/src/External/CodeWalker.Core/GameFiles/FileTypes/RelFile.cs(5894,16): warning CS8618: Non-nullable property 'ZoneHashes' must contain a non-null value when exiting constructor. Consider declaring the property as nullable. [/home/ubuntu/PROGRAMA-BETA/src/FiveMTool.csproj]
/home/ubuntu/PROGRAMA-BETA/src/External/CodeWalker.Core/GameFiles/Resources/Texture.cs(126,38): warning CS8603: Possible null reference return. [/home/ubuntu/PROGRAMA-BETA/src/FiveMTool.csproj]
/home/ubuntu/PROGRAMA-BETA/src/External/CodeWalker.Core/GameFiles/Resources/Texture.cs(143,27): warning CS8600: Converting null literal or possible null value to non-nullable type. [/home/ubuntu/PROGRAMA-BETA/src/FiveMTool.csproj]
/home/ubuntu/PROGRAMA-BETA/src/External/CodeWalker.Core/GameFiles/Resources/Texture.cs(146,44): warning CS8600: Converting null literal or possible null value to non-nullable type. [/home/ubuntu/PROGRAMA-BETA/src/FiveMTool.csproj]
/home/ubuntu/PROGRAMA-BETA/src/External/CodeWalker.Core/GameFiles/Resources/Texture.cs(148,20): warning CS8603: Possible null reference return. [/home/ubuntu/PROGRAMA-BETA/src/FiveMTool.csproj]
/home/ubuntu/PROGRAMA-BETA/src/External/CodeWalker.Core/GameFiles/FileTypes/RelFile.cs(5739,16): warning CS8618: Non-nullable property 'Conditions' must contain a non-null value when exiting constructor. Consider declaring the property as nullable. [/home/ubuntu/PROGRAMA-BETA/src/FiveMTool.csproj]
/home/ubuntu/PROGRAMA-BETA/src/External/CodeWalker.Core/GameFiles/FileTypes/RelFile.cs(5420,16): warning CS8618: Non-nullable property 'Rules' must contain a non-null value when exiting constructor. Consider declaring the property as nullable. [/home/ubuntu/PROGRAMA-BETA/src/FiveMTool.csproj]
/home/ubuntu/PROGRAMA-BETA/src/External/CodeWalker.Core/GameFiles/FileTypes/RelFile.cs(5420,16): warning CS8618: Non-nullable property 'DirAmbiences' must contain a non-null value when exiting constructor. Consider declaring the property as nullable. [/home/ubuntu/PROGRAMA-BETA/src/FiveMTool.csproj]
/home/ubuntu/PROGRAMA-BETA/src/External/CodeWalker.Core/GameFiles/FileTypes/RelFile.cs(5744,16): warning CS8618: Non-nullable property 'Conditions' must contain a non-null value when exiting constructor. Consider declaring the property as nullable. [/home/ubuntu/PROGRAMA-BETA/src/FiveMTool.csproj]
/home/ubuntu/PROGRAMA-BETA/src/External/CodeWalker.Core/GameFiles/FileTypes/RelFile.cs(6110,16): warning CS8618: Non-nullable property 'Rooms' must contain a non-null value when exiting constructor. Consider declaring the property as nullable. [/home/ubuntu/PROGRAMA-BETA/src/FiveMTool.csproj]
/home/ubuntu/PROGRAMA-BETA/src/External/CodeWalker.Core/GameFiles/Resources/ResourceFile.cs(51,34): warning CS8618: Non-nullable property 'FilePagesInfo' must contain a non-null value when exiting constructor. Consider declaring the property as nullable. [/home/ubuntu/PROGRAMA-BETA/src/FiveMTool.csproj]
/home/ubuntu/PROGRAMA-BETA/src/External/CodeWalker.Core/GameFiles/FileTypes/RelFile.cs(6317,16): warning CS8618: Non-nullable property 'Stations' must contain a non-null value when exiting constructor. Consider declaring the property as nullable. [/home/ubuntu/PROGRAMA-BETA/src/FiveMTool.csproj]
/home/ubuntu/PROGRAMA-BETA/src/External/CodeWalker.Core/GameFiles/FileTypes/RelFile.cs(6380,16): warning CS8618: Non-nullable property 'RadioName' must contain a non-null value when exiting constructor. Consider declaring the property as nullable. [/home/ubuntu/PROGRAMA-BETA/src/FiveMTool.csproj]
/home/ubuntu/PROGRAMA-BETA/src/External/CodeWalker.Core/GameFiles/FileTypes/RelFile.cs(6380,16): warning CS8618: Non-nullable property 'TrackList' must contain a non-null value when exiting constructor. Consider declaring the property as nullable. [/home/ubuntu/PROGRAMA-BETA/src/FiveMTool.csproj]
/home/ubuntu/PROGRAMA-BETA/src/External/CodeWalker.Core/GameFiles/Resources/ResourceData.cs(493,20): warning CS8600: Converting null literal or possible null value to non-nullable type. [/home/ubuntu/PROGRAMA-BETA/src/FiveMTool.csproj]
/home/ubuntu/PROGRAMA-BETA/src/External/CodeWalker.Core/GameFiles/Resources/ResourceData.cs(493,20): warning CS8625: Cannot convert null literal to non-nullable reference type. [/home/ubuntu/PROGRAMA-BETA/src/FiveMTool.csproj]
/home/ubuntu/PROGRAMA-BETA/src/External/CodeWalker.Core/GameFiles/FileTypes/RelFile.cs(6491,16): warning CS8618: Non-nullable property 'Tracks' must contain a non-null value when exiting constructor. Consider declaring the property as nullable. [/home/ubuntu/PROGRAMA-BETA/src/FiveMTool.csproj]
/home/ubuntu/PROGRAMA-BETA/src/External/CodeWalker.Core/GameFiles/FileTypes/RelFile.cs(6420,41): warning CS8604: Possible null reference argument for parameter 's' in 'int Encoding.GetBytes(string s, int charIndex, int charCount, byte[] bytes, int byteIndex)'. [/home/ubuntu/PROGRAMA-BETA/src/FiveMTool.csproj]
/home/ubuntu/PROGRAMA-BETA/src/External/CodeWalker.Core/GameFiles/Resources/ResourceData.cs(82,20): warning CS8600: Converting null literal or possible null value to non-nullable type. [/home/ubuntu/PROGRAMA-BETA/src/FiveMTool.csproj]
/home/ubuntu/PROGRAMA-BETA/src/External/CodeWalker.Core/GameFiles/Resources/ResourceData.cs(82,20): warning CS8625: Cannot convert null literal to non-nullable reference type. [/home/ubuntu/PROGRAMA-BETA/src/FiveMTool.csproj]
/home/ubuntu/PROGRAMA-BETA/src/External/CodeWalker.Core/GameFiles/Resources/ResourceData.cs(81,16): warning CS8618: Non-nullable property 'FileEntry' must contain a non-null value when exiting constructor. Consider declaring the property as nullable. [/home/ubuntu/PROGRAMA-BETA/src/FiveMTool.csproj]
/home/ubuntu/PROGRAMA-BETA/src/External/CodeWalker.Core/GameFiles/Resources/ResourceData.cs(89,20): warning CS8600: Converting null literal or possible null value to non-nullable type. [/home/ubuntu/PROGRAMA-BETA/src/FiveMTool.csproj]
/home/ubuntu/PROGRAMA-BETA/src/External/CodeWalker.Core/GameFiles/Resources/ResourceData.cs(89,20): warning CS8625: Cannot convert null literal to non-nullable reference type. [/home/ubuntu/PROGRAMA-BETA/src/FiveMTool.csproj]
/home/ubuntu/PROGRAMA-BETA/src/External/CodeWalker.Core/GameFiles/FileTypes/RelFile.cs(6590,16): warning CS8618: Non-nullable property 'Tracks' must contain a non-null value when exiting constructor. Consider declaring the property as nullable. [/home/ubuntu/PROGRAMA-BETA/src/FiveMTool.csproj]
/home/ubuntu/PROGRAMA-BETA/src/External/CodeWalker.Core/GameFiles/Resources/ResourceData.cs(114,20): warning CS8600: Converting null literal or possible null value to non-nullable type. [/home/ubuntu/PROGRAMA-BETA/src/FiveMTool.csproj]
/home/ubuntu/PROGRAMA-BETA/src/External/CodeWalker.Core/GameFiles/Resources/ResourceData.cs(114,20): warning CS8625: Cannot convert null literal to non-nullable reference type. [/home/ubuntu/PROGRAMA-BETA/src/FiveMTool.csproj]
/home/ubuntu/PROGRAMA-BETA/src/External/CodeWalker.Core/GameFiles/Resources/ResourceData.cs(113,16): warning CS8618: Non-nullable property 'FileEntry' must contain a non-null value when exiting constructor. Consider declaring the property as nullable. [/home/ubuntu/PROGRAMA-BETA/src/FiveMTool.csproj]
/home/ubuntu/PROGRAMA-BETA/src/External/CodeWalker.Core/GameFiles/FileTypes/RelFile.cs(6649,16): warning CS8618: Non-nullable property 'Weapons' must contain a non-null value when exiting constructor. Consider declaring the property as nullable. [/home/ubuntu/PROGRAMA-BETA/src/FiveMTool.csproj]
/home/ubuntu/PROGRAMA-BETA/src/External/CodeWalker.Core/GameFiles/Resources/ResourceData.cs(205,24): warning CS8603: Possible null reference return. [/home/ubuntu/PROGRAMA-BETA/src/FiveMTool.csproj]
/home/ubuntu/PROGRAMA-BETA/src/External/CodeWalker.Core/GameFiles/FileTypes/RelFile.cs(6781,16): warning CS8618: Non-nullable property 'AltSongs' must contain a non-null value when exiting constructor. Consider declaring the property as nullable. [/home/ubuntu/PROGRAMA-BETA/src/FiveMTool.csproj]
/home/ubuntu/PROGRAMA-BETA/src/External/CodeWalker.Core/GameFiles/Resources/ResourceData.cs(235,24): warning CS8603: Possible null reference return. [/home/ubuntu/PROGRAMA-BETA/src/FiveMTool.csproj]
/home/ubuntu/PROGRAMA-BETA/src/External/CodeWalker.Core/GameFiles/Resources/ResourceData.cs(241,42): warning CS8603: Possible null reference return. [/home/ubuntu/PROGRAMA-BETA/src/FiveMTool.csproj]
/home/ubuntu/PROGRAMA-BETA/src/External/CodeWalker.Core/GameFiles/FileTypes/RelFile.cs(7020,16): warning CS8618: Non-nullable property 'StemMixes' must contain a non-null value when exiting constructor. Consider declaring the property as nullable. [/home/ubuntu/PROGRAMA-BETA/src/FiveMTool.csproj]
/home/ubuntu/PROGRAMA-BETA/src/External/CodeWalker.Core/GameFiles/Resources/ResourceData.cs(255,52): warning CS8603: Possible null reference return. [/home/ubuntu/PROGRAMA-BETA/src/FiveMTool.csproj]
/home/ubuntu/PROGRAMA-BETA/src/External/CodeWalker.Core/GameFiles/Resources/ResourceData.cs(265,57): warning CS8603: Possible null reference return. [/home/ubuntu/PROGRAMA-BETA/src/FiveMTool.csproj]
/home/ubuntu/PROGRAMA-BETA/src/External/CodeWalker.Core/GameFiles/Resources/ResourceData.cs(287,57): warning CS8603: Possible null reference return. [/home/ubuntu/PROGRAMA-BETA/src/FiveMTool.csproj]
/home/ubuntu/PROGRAMA-BETA/src/External/CodeWalker.Core/GameFiles/Resources/ResourceData.cs(299,57): warning CS8603: Possible null reference return. [/home/ubuntu/PROGRAMA-BETA/src/FiveMTool.csproj]
/home/ubuntu/PROGRAMA-BETA/src/External/CodeWalker.Core/GameFiles/Resources/ResourceData.cs(321,57): warning CS8603: Possible null reference return. [/home/ubuntu/PROGRAMA-BETA/src/FiveMTool.csproj]
/home/ubuntu/PROGRAMA-BETA/src/External/CodeWalker.Core/GameFiles/Resources/ResourceData.cs(343,57): warning CS8603: Possible null reference return. [/home/ubuntu/PROGRAMA-BETA/src/FiveMTool.csproj]
/home/ubuntu/PROGRAMA-BETA/src/External/CodeWalker.Core/GameFiles/Resources/ResourceData.cs(365,57): warning CS8603: Possible null reference return. [/home/ubuntu/PROGRAMA-BETA/src/FiveMTool.csproj]
/home/ubuntu/PROGRAMA-BETA/src/External/CodeWalker.Core/GameFiles/FileTypes/RelFile.cs(7264,16): warning CS8618: Non-nullable property 'Actions' must contain a non-null value when exiting constructor. Consider declaring the property as nullable. [/home/ubuntu/PROGRAMA-BETA/src/FiveMTool.csproj]
/home/ubuntu/PROGRAMA-BETA/src/External/CodeWalker.Core/GameFiles/Resources/ResourceData.cs(443,39): warning CS8603: Possible null reference return. [/home/ubuntu/PROGRAMA-BETA/src/FiveMTool.csproj]
/home/ubuntu/PROGRAMA-BETA/src/External/CodeWalker.Core/GameFiles/FileTypes/RelFile.cs(7669,16): warning CS8618: Non-nullable property 'Materials' must contain a non-null value when exiting constructor. Consider declaring the property as nullable. [/home/ubuntu/PROGRAMA-BETA/src/FiveMTool.csproj]
/home/ubuntu/PROGRAMA-BETA/src/External/CodeWalker.Core/GameFiles/FileTypes/RelFile.cs(7669,16): warning CS8618: Non-nullable property 'FragComponentSettings' must contain a non-null value when exiting constructor. Consider declaring the property as nullable. [/home/ubuntu/PROGRAMA-BETA/src/FiveMTool.csproj]
/home/ubuntu/PROGRAMA-BETA/src/External/CodeWalker.Core/GameFiles/FileTypes/RelFile.cs(7674,16): warning CS8618: Non-nullable property 'Materials' must contain a non-null value when exiting constructor. Consider declaring the property as nullable. [/home/ubuntu/PROGRAMA-BETA/src/FiveMTool.csproj]
/home/ubuntu/PROGRAMA-BETA/src/External/CodeWalker.Core/GameFiles/FileTypes/RelFile.cs(7674,16): warning CS8618: Non-nullable property 'FragComponentSettings' must contain a non-null value when exiting constructor. Consider declaring the property as nullable. [/home/ubuntu/PROGRAMA-BETA/src/FiveMTool.csproj]
/home/ubuntu/PROGRAMA-BETA/src/External/CodeWalker.Core/GameFiles/FileTypes/RelFile.cs(8546,16): warning CS8618: Non-nullable property 'MeleeMaterialOverrides' must contain a non-null value when exiting constructor. Consider declaring the property as nullable. [/home/ubuntu/PROGRAMA-BETA/src/FiveMTool.csproj]
/home/ubuntu/PROGRAMA-BETA/src/External/CodeWalker.Core/GameFiles/FileTypes/RelFile.cs(8899,16): warning CS8618: Non-nullable property 'AnimalFootstepSettings' must contain a non-null value when exiting constructor. Consider declaring the property as nullable. [/home/ubuntu/PROGRAMA-BETA/src/FiveMTool.csproj]
/home/ubuntu/PROGRAMA-BETA/src/External/CodeWalker.Core/GameFiles/FileTypes/RelFile.cs(9003,16): warning CS8618: Non-nullable property 'TrackList' must contain a non-null value when exiting constructor. Consider declaring the property as nullable. [/home/ubuntu/PROGRAMA-BETA/src/FiveMTool.csproj]
/home/ubuntu/PROGRAMA-BETA/src/External/CodeWalker.Core/GameFiles/Resources/ResourceBuilder.cs(407,36): warning CS8625: Cannot convert null literal to non-nullable reference type. [/home/ubuntu/PROGRAMA-BETA/src/FiveMTool.csproj]
/home/ubuntu/PROGRAMA-BETA/src/External/CodeWalker.Core/GameFiles/FileTypes/RelFile.cs(9195,16): warning CS8618: Non-nullable property 'Microphones' must contain a non-null value when exiting constructor. Consider declaring the property as nullable. [/home/ubuntu/PROGRAMA-BETA/src/FiveMTool.csproj]
/home/ubuntu/PROGRAMA-BETA/src/External/CodeWalker.Core/GameFiles/Resources/ResourceBuilder.cs(646,38): warning CS8603: Possible null reference return. [/home/ubuntu/PROGRAMA-BETA/src/FiveMTool.csproj]
/home/ubuntu/PROGRAMA-BETA/src/External/CodeWalker.Core/GameFiles/FileTypes/RelFile.cs(9290,16): warning CS8618: Non-nullable property 'Doors' must contain a non-null value when exiting constructor. Consider declaring the property as nullable. [/home/ubuntu/PROGRAMA-BETA/src/FiveMTool.csproj]
/home/ubuntu/PROGRAMA-BETA/src/External/CodeWalker.Core/GameFiles/Resources/ResourceBuilder.cs(32,53): warning CS8625: Cannot convert null literal to non-nullable reference type. [/home/ubuntu/PROGRAMA-BETA/src/FiveMTool.csproj]
/home/ubuntu/PROGRAMA-BETA/src/External/CodeWalker.Core/GameFiles/Resources/ResourceBuilder.cs(67,24): warning CS8603: Possible null reference return. [/home/ubuntu/PROGRAMA-BETA/src/FiveMTool.csproj]
/home/ubuntu/PROGRAMA-BETA/src/External/CodeWalker.Core/GameFiles/Resources/ResourceBuilder.cs(75,54): warning CS8600: Converting null literal or possible null value to non-nullable type. [/home/ubuntu/PROGRAMA-BETA/src/FiveMTool.csproj]
/home/ubuntu/PROGRAMA-BETA/src/External/CodeWalker.Core/GameFiles/Resources/ResourceBuilder.cs(81,24): warning CS8603: Possible null reference return. [/home/ubuntu/PROGRAMA-BETA/src/FiveMTool.csproj]
/home/ubuntu/PROGRAMA-BETA/src/External/CodeWalker.Core/GameFiles/Resources/ResourceBaseTypes.cs(1797,16): warning CS8618: Non-nullable property 'Items' must contain a non-null value when exiting constructor. Consider declaring the property as nullable. [/home/ubuntu/PROGRAMA-BETA/src/FiveMTool.csproj]
/home/ubuntu/PROGRAMA-BETA/src/External/CodeWalker.Core/GameFiles/FileTypes/RelFile.cs(9385,16): warning CS8618: Non-nullable property 'Shoes' must contain a non-null value when exiting constructor. Consider declaring the property as nullable. [/home/ubuntu/PROGRAMA-BETA/src/FiveMTool.csproj]
/home/ubuntu/PROGRAMA-BETA/src/External/CodeWalker.Core/GameFiles/Resources/ResourceBaseTypes.cs(1765,16): warning CS8618: Non-nullable property 'Data' must contain a non-null value when exiting constructor. Consider declaring the property as nullable. [/home/ubuntu/PROGRAMA-BETA/src/FiveMTool.csproj]
/home/ubuntu/PROGRAMA-BETA/src/External/CodeWalker.Core/GameFiles/FileTypes/RelFile.cs(9480,16): warning CS8618: Non-nullable property 'Clothes' must contain a non-null value when exiting constructor. Consider declaring the property as nullable. [/home/ubuntu/PROGRAMA-BETA/src/FiveMTool.csproj]
/home/ubuntu/PROGRAMA-BETA/src/External/CodeWalker.Core/GameFiles/Resources/ResourceBaseTypes.cs(1639,30): warning CS8625: Cannot convert null literal to non-nullable reference type. [/home/ubuntu/PROGRAMA-BETA/src/FiveMTool.csproj]
/home/ubuntu/PROGRAMA-BETA/src/External/CodeWalker.Core/GameFiles/Resources/ResourceBaseTypes.cs(1577,24): warning CS8618: Non-nullable property 'data_pointers' must contain a non-null value when exiting constructor. Consider declaring the property as nullable. [/home/ubuntu/PROGRAMA-BETA/src/FiveMTool.csproj]
/home/ubuntu/PROGRAMA-BETA/src/External/CodeWalker.Core/GameFiles/Resources/ResourceBaseTypes.cs(1578,20): warning CS8618: Non-nullable property 'data_items' must contain a non-null value when exiting constructor. Consider declaring the property as nullable. [/home/ubuntu/PROGRAMA-BETA/src/FiveMTool.csproj]
/home/ubuntu/PROGRAMA-BETA/src/External/CodeWalker.Core/GameFiles/Resources/ResourceBaseTypes.cs(1583,43): warning CS8618: Non-nullable field 'data_block' must contain a non-null value when exiting constructor. Consider declaring the field as nullable. [/home/ubuntu/PROGRAMA-BETA/src/FiveMTool.csproj]
/home/ubuntu/PROGRAMA-BETA/src/External/CodeWalker.Core/GameFiles/FileTypes/RelFile.cs(9575,16): warning CS8618: Non-nullable property 'CarRecordings' must contain a non-null value when exiting constructor. Consider declaring the property as nullable. [/home/ubuntu/PROGRAMA-BETA/src/FiveMTool.csproj]
/home/ubuntu/PROGRAMA-BETA/src/External/CodeWalker.Core/GameFiles/FileTypes/RelFile.cs(9670,16): warning CS8618: Non-nullable property 'WeatherTypes' must contain a non-null value when exiting constructor. Consider declaring the property as nullable. [/home/ubuntu/PROGRAMA-BETA/src/FiveMTool.csproj]
/home/ubuntu/PROGRAMA-BETA/src/External/CodeWalker.Core/GameFiles/Resources/ResourceBaseTypes.cs(1411,16): warning CS8618: Non-nullable property 'data_pointers' must contain a non-null value when exiting constructor. Consider declaring the property as nullable. [/home/ubuntu/PROGRAMA-BETA/src/FiveMTool.csproj]
/home/ubuntu/PROGRAMA-BETA/src/External/CodeWalker.Core/GameFiles/Resources/ResourceBaseTypes.cs(1411,16): warning CS8618: Non-nullable property 'data_items' must contain a non-null value when exiting constructor. Consider declaring the property as nullable. [/home/ubuntu/PROGRAMA-BETA/src/FiveMTool.csproj]
/home/ubuntu/PROGRAMA-BETA/src/External/CodeWalker.Core/GameFiles/FileTypes/RelFile.cs(8787,25): warning CS8603: Possible null reference return. [/home/ubuntu/PROGRAMA-BETA/src/FiveMTool.csproj]
/home/ubuntu/PROGRAMA-BETA/src/External/CodeWalker.Core/GameFiles/FileTypes/RelFile.cs(9779,16): warning CS8618: Non-nullable property 'Points' must contain a non-null value when exiting constructor. Consider declaring the property as nullable. [/home/ubuntu/PROGRAMA-BETA/src/FiveMTool.csproj]
/home/ubuntu/PROGRAMA-BETA/src/External/CodeWalker.Core/GameFiles/Resources/ResourceBaseTypes.cs(1371,30): warning CS8625: Cannot convert null literal to non-nullable reference type. [/home/ubuntu/PROGRAMA-BETA/src/FiveMTool.csproj]
/home/ubuntu/PROGRAMA-BETA/src/External/CodeWalker.Core/GameFiles/FileTypes/RelFile.cs(9883,16): warning CS8618: Non-nullable property 'Points' must contain a non-null value when exiting constructor. Consider declaring the property as nullable. [/home/ubuntu/PROGRAMA-BETA/src/FiveMTool.csproj]
/home/ubuntu/PROGRAMA-BETA/src/External/CodeWalker.Core/GameFiles/FileTypes/RelFile.cs(9961,16): warning CS8618: Non-nullable property 'Points' must contain a non-null value when exiting constructor. Consider declaring the property as nullable. [/home/ubuntu/PROGRAMA-BETA/src/FiveMTool.csproj]
/home/ubuntu/PROGRAMA-BETA/src/External/CodeWalker.Core/GameFiles/Resources/ResourceBaseTypes.cs(1317,24): warning CS8618: Non-nullable property 'data_items' must contain a non-null value when exiting constructor. Consider declaring the property as nullable. [/home/ubuntu/PROGRAMA-BETA/src/FiveMTool.csproj]
/home/ubuntu/PROGRAMA-BETA/src/External/CodeWalker.Core/GameFiles/Resources/ResourceBaseTypes.cs(1319,50): warning CS8618: Non-nullable field 'data_block' must contain a non-null value when exiting constructor. Consider declaring the field as nullable. [/home/ubuntu/PROGRAMA-BETA/src/FiveMTool.csproj]
/home/ubuntu/PROGRAMA-BETA/src/External/CodeWalker.Core/GameFiles/Resources/ResourceBaseTypes.cs(1293,30): warning CS8625: Cannot convert null literal to non-nullable reference type. [/home/ubuntu/PROGRAMA-BETA/src/FiveMTool.csproj]
/home/ubuntu/PROGRAMA-BETA/src/External/CodeWalker.Core/GameFiles/Resources/ResourceBaseTypes.cs(1239,24): warning CS8618: Non-nullable property 'data_items' must contain a non-null value when exiting constructor. Consider declaring the property as nullable. [/home/ubuntu/PROGRAMA-BETA/src/FiveMTool.csproj]
/home/ubuntu/PROGRAMA-BETA/src/External/CodeWalker.Core/GameFiles/Resources/ResourceBaseTypes.cs(1241,50): warning CS8618: Non-nullable field 'data_block' must contain a non-null value when exiting constructor. Consider declaring the field as nullable. [/home/ubuntu/PROGRAMA-BETA/src/FiveMTool.csproj]
/home/ubuntu/PROGRAMA-BETA/src/External/CodeWalker.Core/GameFiles/FileTypes/RelFile.cs(10148,16): warning CS8618: Non-nullable property 'ShoreLines' must contain a non-null value when exiting constructor. Consider declaring the property as nullable. [/home/ubuntu/PROGRAMA-BETA/src/FiveMTool.csproj]
/home/ubuntu/PROGRAMA-BETA/src/External/CodeWalker.Core/GameFiles/FileTypes/RelFile.cs(10050,16): warning CS8618: Non-nullable property 'Points' must contain a non-null value when exiting constructor. Consider declaring the property as nullable. [/home/ubuntu/PROGRAMA-BETA/src/FiveMTool.csproj]
/home/ubuntu/PROGRAMA-BETA/src/External/CodeWalker.Core/GameFiles/Resources/ResourceBaseTypes.cs(1215,30): warning CS8625: Cannot convert null literal to non-nullable reference type. [/home/ubuntu/PROGRAMA-BETA/src/FiveMTool.csproj]
/home/ubuntu/PROGRAMA-BETA/src/External/CodeWalker.Core/GameFiles/Resources/ResourceBaseTypes.cs(1161,23): warning CS8618: Non-nullable property 'data_items' must contain a non-null value when exiting constructor. Consider declaring the property as nullable. [/home/ubuntu/PROGRAMA-BETA/src/FiveMTool.csproj]
/home/ubuntu/PROGRAMA-BETA/src/External/CodeWalker.Core/GameFiles/Resources/ResourceBaseTypes.cs(1163,49): warning CS8618: Non-nullable field 'data_block' must contain a non-null value when exiting constructor. Consider declaring the field as nullable. [/home/ubuntu/PROGRAMA-BETA/src/FiveMTool.csproj]
/home/ubuntu/PROGRAMA-BETA/src/External/CodeWalker.Core/GameFiles/FileTypes/RelFile.cs(10226,16): warning CS8618: Non-nullable property 'Events' must contain a non-null value when exiting constructor. Consider declaring the property as nullable. [/home/ubuntu/PROGRAMA-BETA/src/FiveMTool.csproj]
/home/ubuntu/PROGRAMA-BETA/src/External/CodeWalker.Core/GameFiles/Resources/ResourceBaseTypes.cs(1137,30): warning CS8625: Cannot convert null literal to non-nullable reference type. [/home/ubuntu/PROGRAMA-BETA/src/FiveMTool.csproj]
/home/ubuntu/PROGRAMA-BETA/src/External/CodeWalker.Core/GameFiles/Resources/ResourceBaseTypes.cs(1083,25): warning CS8618: Non-nullable property 'data_items' must contain a non-null value when exiting constructor. Consider declaring the property as nullable. [/home/ubuntu/PROGRAMA-BETA/src/FiveMTool.csproj]
/home/ubuntu/PROGRAMA-BETA/src/External/CodeWalker.Core/GameFiles/Resources/ResourceBaseTypes.cs(1085,51): warning CS8618: Non-nullable field 'data_block' must contain a non-null value when exiting constructor. Consider declaring the field as nullable. [/home/ubuntu/PROGRAMA-BETA/src/FiveMTool.csproj]
/home/ubuntu/PROGRAMA-BETA/src/External/CodeWalker.Core/GameFiles/Resources/ResourceBaseTypes.cs(1059,30): warning CS8625: Cannot convert null literal to non-nullable reference type. [/home/ubuntu/PROGRAMA-BETA/src/FiveMTool.csproj]
/home/ubuntu/PROGRAMA-BETA/src/External/CodeWalker.Core/GameFiles/Resources/ResourceBaseTypes.cs(1005,23): warning CS8618: Non-nullable property 'data_items' must contain a non-null value when exiting constructor. Consider declaring the property as nullable. [/home/ubuntu/PROGRAMA-BETA/src/FiveMTool.csproj]
/home/ubuntu/PROGRAMA-BETA/src/External/CodeWalker.Core/GameFiles/Resources/ResourceBaseTypes.cs(1007,49): warning CS8618: Non-nullable field 'data_block' must contain a non-null value when exiting constructor. Consider declaring the field as nullable. [/home/ubuntu/PROGRAMA-BETA/src/FiveMTool.csproj]
/home/ubuntu/PROGRAMA-BETA/src/External/CodeWalker.Core/GameFiles/Resources/ResourceBaseTypes.cs(981,30): warning CS8625: Cannot convert null literal to non-nullable reference type. [/home/ubuntu/PROGRAMA-BETA/src/FiveMTool.csproj]
/home/ubuntu/PROGRAMA-BETA/src/External/CodeWalker.Core/GameFiles/Resources/ResourceBaseTypes.cs(927,20): warning CS8618: Non-nullable property 'data_items' must contain a non-null value when exiting constructor. Consider declaring the property as nullable. [/home/ubuntu/PROGRAMA-BETA/src/FiveMTool.csproj]
/home/ubuntu/PROGRAMA-BETA/src/External/CodeWalker.Core/GameFiles/Resources/ResourceBaseTypes.cs(929,46): warning CS8618: Non-nullable field 'data_block' must contain a non-null value when exiting constructor. Consider declaring the field as nullable. [/home/ubuntu/PROGRAMA-BETA/src/FiveMTool.csproj]
/home/ubuntu/PROGRAMA-BETA/src/External/CodeWalker.Core/GameFiles/FileTypes/RelFile.cs(11439,16): warning CS8618: Non-nullable field 'Params' must contain a non-null value when exiting constructor. Consider declaring the field as nullable. [/home/ubuntu/PROGRAMA-BETA/src/FiveMTool.csproj]
/home/ubuntu/PROGRAMA-BETA/src/External/CodeWalker.Core/GameFiles/Resources/ResourceBaseTypes.cs(901,30): warning CS8625: Cannot convert null literal to non-nullable reference type. [/home/ubuntu/PROGRAMA-BETA/src/FiveMTool.csproj]
/home/ubuntu/PROGRAMA-BETA/src/External/CodeWalker.Core/GameFiles/Resources/ResourceBaseTypes.cs(844,20): warning CS8618: Non-nullable property 'data_items' must contain a non-null value when exiting constructor. Consider declaring the property as nullable. [/home/ubuntu/PROGRAMA-BETA/src/FiveMTool.csproj]
/home/ubuntu/PROGRAMA-BETA/src/External/CodeWalker.Core/GameFiles/Resources/ResourceBaseTypes.cs(846,46): warning CS8618: Non-nullable field 'data_block' must contain a non-null value when exiting constructor. Consider declaring the field as nullable. [/home/ubuntu/PROGRAMA-BETA/src/FiveMTool.csproj]
/home/ubuntu/PROGRAMA-BETA/src/External/CodeWalker.Core/GameFiles/Resources/ResourceBaseTypes.cs(820,30): warning CS8625: Cannot convert null literal to non-nullable reference type. [/home/ubuntu/PROGRAMA-BETA/src/FiveMTool.csproj]
/home/ubuntu/PROGRAMA-BETA/src/External/CodeWalker.Core/GameFiles/Resources/ResourceBaseTypes.cs(753,20): warning CS8618: Non-nullable property 'data_items' must contain a non-null value when exiting constructor. Consider declaring the property as nullable. [/home/ubuntu/PROGRAMA-BETA/src/FiveMTool.csproj]
/home/ubuntu/PROGRAMA-BETA/src/External/CodeWalker.Core/GameFiles/Resources/ResourceBaseTypes.cs(755,40): warning CS8618: Non-nullable field 'data_block' must contain a non-null value when exiting constructor. Consider declaring the field as nullable. [/home/ubuntu/PROGRAMA-BETA/src/FiveMTool.csproj]
/home/ubuntu/PROGRAMA-BETA/src/External/CodeWalker.Core/GameFiles/Resources/ResourceBaseTypes.cs(419,16): warning CS8618: Non-nullable property 'Data' must contain a non-null value when exiting constructor. Consider declaring the property as nullable. [/home/ubuntu/PROGRAMA-BETA/src/FiveMTool.csproj]
/home/ubuntu/PROGRAMA-BETA/src/External/CodeWalker.Core/GameFiles/Resources/ResourceBaseTypes.cs(487,20): warning CS8603: Possible null reference return. [/home/ubuntu/PROGRAMA-BETA/src/FiveMTool.csproj]
/home/ubuntu/PROGRAMA-BETA/src/External/CodeWalker.Core/GameFiles/Resources/ResourceBaseTypes.cs(497,20): warning CS8603: Possible null reference return. [/home/ubuntu/PROGRAMA-BETA/src/FiveMTool.csproj]
/home/ubuntu/PROGRAMA-BETA/src/External/CodeWalker.Core/GameFiles/Resources/ResourceBaseTypes.cs(507,20): warning CS8603: Possible null reference return. [/home/ubuntu/PROGRAMA-BETA/src/FiveMTool.csproj]
/home/ubuntu/PROGRAMA-BETA/src/External/CodeWalker.Core/GameFiles/Resources/ResourceBaseTypes.cs(512,20): warning CS8603: Possible null reference return. [/home/ubuntu/PROGRAMA-BETA/src/FiveMTool.csproj]
/home/ubuntu/PROGRAMA-BETA/src/External/CodeWalker.Core/GameFiles/Resources/ResourceBaseTypes.cs(517,20): warning CS8603: Possible null reference return. [/home/ubuntu/PROGRAMA-BETA/src/FiveMTool.csproj]
/home/ubuntu/PROGRAMA-BETA/src/External/CodeWalker.Core/GameFiles/Resources/ResourceBaseTypes.cs(555,46): warning CS8625: Cannot convert null literal to non-nullable reference type. [/home/ubuntu/PROGRAMA-BETA/src/FiveMTool.csproj]
/home/ubuntu/PROGRAMA-BETA/src/External/CodeWalker.Core/GameFiles/Resources/ResourceBaseTypes.cs(597,28): warning CS8603: Possible null reference return. [/home/ubuntu/PROGRAMA-BETA/src/FiveMTool.csproj]
/home/ubuntu/PROGRAMA-BETA/src/External/CodeWalker.Core/GameFiles/Resources/ResourceBaseTypes.cs(55,23): warning CS8618: Non-nullable property 'Value' must contain a non-null value when exiting constructor. Consider declaring the property as nullable. [/home/ubuntu/PROGRAMA-BETA/src/FiveMTool.csproj]
/home/ubuntu/PROGRAMA-BETA/src/External/CodeWalker.Core/GameFiles/Resources/ResourceAnalyzer.cs(62,27): warning CS8601: Possible null reference assignment. [/home/ubuntu/PROGRAMA-BETA/src/FiveMTool.csproj]
/home/ubuntu/PROGRAMA-BETA/src/External/CodeWalker.Core/GameFiles/Resources/ResourceAnalyzer.cs(63,29): warning CS8601: Possible null reference assignment. [/home/ubuntu/PROGRAMA-BETA/src/FiveMTool.csproj]
/home/ubuntu/PROGRAMA-BETA/src/External/CodeWalker.Core/GameFiles/Resources/ResourceAnalyzer.cs(72,36): warning CS8601: Possible null reference assignment. [/home/ubuntu/PROGRAMA-BETA/src/FiveMTool.csproj]
/home/ubuntu/PROGRAMA-BETA/src/External/CodeWalker.Core/GameFiles/Resources/ResourceAnalyzer.cs(73,38): warning CS8601: Possible null reference assignment. [/home/ubuntu/PROGRAMA-BETA/src/FiveMTool.csproj]
/home/ubuntu/PROGRAMA-BETA/src/External/CodeWalker.Core/GameFiles/Resources/ResourceAnalyzer.cs(85,30): warning CS8601: Possible null reference assignment. [/home/ubuntu/PROGRAMA-BETA/src/FiveMTool.csproj]
/home/ubuntu/PROGRAMA-BETA/src/External/CodeWalker.Core/GameFiles/Resources/ResourceAnalyzer.cs(89,46): warning CS8604: Possible null reference argument for parameter 't' in 'int Marshal.SizeOf(Type t)'. [/home/ubuntu/PROGRAMA-BETA/src/FiveMTool.csproj]
/home/ubuntu/PROGRAMA-BETA/src/External/CodeWalker.Core/GameFiles/Resources/ResourceAnalyzer.cs(94,35): warning CS8601: Possible null reference assignment. [/home/ubuntu/PROGRAMA-BETA/src/FiveMTool.csproj]
/home/ubuntu/PROGRAMA-BETA/src/External/CodeWalker.Core/GameFiles/Resources/ResourceAnalyzer.cs(59,16): warning CS8618: Non-nullable property 'FileEntry' must contain a non-null value when exiting constructor. Consider declaring the property as nullable. [/home/ubuntu/PROGRAMA-BETA/src/FiveMTool.csproj]
/home/ubuntu/PROGRAMA-BETA/src/External/CodeWalker.Core/GameFiles/Resources/ResourceAnalyzer.cs(59,16): warning CS8618: Non-nullable property 'FilePagesInfo' must contain a non-null value when exiting constructor. Consider declaring the property as nullable. [/home/ubuntu/PROGRAMA-BETA/src/FiveMTool.csproj]
/home/ubuntu/PROGRAMA-BETA/src/External/CodeWalker.Core/GameFiles/Resources/ResourceAnalyzer.cs(59,16): warning CS8618: Non-nullable property 'SystemPages' must contain a non-null value when exiting constructor. Consider declaring the property as nullable. [/home/ubuntu/PROGRAMA-BETA/src/FiveMTool.csproj]
/home/ubuntu/PROGRAMA-BETA/src/External/CodeWalker.Core/GameFiles/Resources/ResourceAnalyzer.cs(59,16): warning CS8618: Non-nullable property 'GraphicsPages' must contain a non-null value when exiting constructor. Consider declaring the property as nullable. [/home/ubuntu/PROGRAMA-BETA/src/FiveMTool.csproj]
/home/ubuntu/PROGRAMA-BETA/src/External/CodeWalker.Core/GameFiles/Resources/ResourceAnalyzer.cs(25,40): warning CS8618: Non-nullable property 'SystemBlock' must contain a non-null value when exiting constructor. Consider declaring the property as nullable. [/home/ubuntu/PROGRAMA-BETA/src/FiveMTool.csproj]
/home/ubuntu/PROGRAMA-BETA/src/External/CodeWalker.Core/GameFiles/Resources/ResourceAnalyzer.cs(26,42): warning CS8618: Non-nullable property 'GraphicsBlock' must contain a non-null value when exiting constructor. Consider declaring the property as nullable. [/home/ubuntu/PROGRAMA-BETA/src/FiveMTool.csproj]
/home/ubuntu/PROGRAMA-BETA/src/External/CodeWalker.Core/GameFiles/Resources/ResourceAnalyzer.cs(27,26): warning CS8618: Non-nullable property 'Array' must contain a non-null value when exiting constructor. Consider declaring the property as nullable. [/home/ubuntu/PROGRAMA-BETA/src/FiveMTool.csproj]
/home/ubuntu/PROGRAMA-BETA/src/External/CodeWalker.Core/GameFiles/Resources/ResourceAnalyzer.cs(28,27): warning CS8618: Non-nullable property 'String' must contain a non-null value when exiting constructor. Consider declaring the property as nullable. [/home/ubuntu/PROGRAMA-BETA/src/FiveMTool.csproj]
/home/ubuntu/PROGRAMA-BETA/src/External/CodeWalker.Core/GameFiles/Resources/Particle.cs(6102,39): warning CS8604: Possible null reference argument for parameter 'arr' in 'void MetaXmlBase.WriteItemArray<ParticleShaderVarKeyframeItem>(StringBuilder sb, ParticleShaderVarKeyframeItem[] arr, int ind, string name)'. [/home/ubuntu/PROGRAMA-BETA/src/FiveMTool.csproj]
/home/ubuntu/PROGRAMA-BETA/src/External/CodeWalker.Core/GameFiles/Resources/Particle.cs(6061,68): warning CS8618: Non-nullable property 'Items' must contain a non-null value when exiting constructor. Consider declaring the property as nullable. [/home/ubuntu/PROGRAMA-BETA/src/FiveMTool.csproj]
/home/ubuntu/PROGRAMA-BETA/src/External/CodeWalker.Core/GameFiles/FileTypes/RelFile.cs(12073,16): warning CS8618: Non-nullable property 'PrimaryVoices' must contain a non-null value when exiting constructor. Consider declaring the property as nullable. [/home/ubuntu/PROGRAMA-BETA/src/FiveMTool.csproj]
/home/ubuntu/PROGRAMA-BETA/src/External/CodeWalker.Core/GameFiles/FileTypes/RelFile.cs(12073,16): warning CS8618: Non-nullable property 'MiniVoices' must contain a non-null value when exiting constructor. Consider declaring the property as nullable. [/home/ubuntu/PROGRAMA-BETA/src/FiveMTool.csproj]
/home/ubuntu/PROGRAMA-BETA/src/External/CodeWalker.Core/GameFiles/FileTypes/RelFile.cs(12073,16): warning CS8618: Non-nullable property 'GangVoices' must contain a non-null value when exiting constructor. Consider declaring the property as nullable. [/home/ubuntu/PROGRAMA-BETA/src/FiveMTool.csproj]
/home/ubuntu/PROGRAMA-BETA/src/External/CodeWalker.Core/GameFiles/FileTypes/RelFile.cs(12073,16): warning CS8618: Non-nullable property 'BackupPVGs' must contain a non-null value when exiting constructor. Consider declaring the property as nullable. [/home/ubuntu/PROGRAMA-BETA/src/FiveMTool.csproj]
/home/ubuntu/PROGRAMA-BETA/src/External/CodeWalker.Core/GameFiles/Resources/Particle.cs(6037,126): warning CS8625: Cannot convert null literal to non-nullable reference type. [/home/ubuntu/PROGRAMA-BETA/src/FiveMTool.csproj]
/home/ubuntu/PROGRAMA-BETA/src/External/CodeWalker.Core/GameFiles/FileTypes/RelFile.cs(12078,16): warning CS8618: Non-nullable property 'PrimaryVoices' must contain a non-null value when exiting constructor. Consider declaring the property as nullable. [/home/ubuntu/PROGRAMA-BETA/src/FiveMTool.csproj]
/home/ubuntu/PROGRAMA-BETA/src/External/CodeWalker.Core/GameFiles/FileTypes/RelFile.cs(12078,16): warning CS8618: Non-nullable property 'MiniVoices' must contain a non-null value when exiting constructor. Consider declaring the property as nullable. [/home/ubuntu/PROGRAMA-BETA/src/FiveMTool.csproj]
/home/ubuntu/PROGRAMA-BETA/src/External/CodeWalker.Core/GameFiles/FileTypes/RelFile.cs(12078,16): warning CS8618: Non-nullable property 'GangVoices' must contain a non-null value when exiting constructor. Consider declaring the property as nullable. [/home/ubuntu/PROGRAMA-BETA/src/FiveMTool.csproj]
/home/ubuntu/PROGRAMA-BETA/src/External/CodeWalker.Core/GameFiles/FileTypes/RelFile.cs(12078,16): warning CS8618: Non-nullable property 'BackupPVGs' must contain a non-null value when exiting constructor. Consider declaring the property as nullable. [/home/ubuntu/PROGRAMA-BETA/src/FiveMTool.csproj]
/home/ubuntu/PROGRAMA-BETA/src/External/CodeWalker.Core/GameFiles/Resources/Particle.cs(5976,24): warning CS8618: Non-nullable property 'Texture' must contain a non-null value when exiting constructor. Consider declaring the property as nullable. [/home/ubuntu/PROGRAMA-BETA/src/FiveMTool.csproj]
/home/ubuntu/PROGRAMA-BETA/src/External/CodeWalker.Core/GameFiles/Resources/Particle.cs(5977,25): warning CS8618: Non-nullable property 'TextureName' must contain a non-null value when exiting constructor. Consider declaring the property as nullable. [/home/ubuntu/PROGRAMA-BETA/src/FiveMTool.csproj]
/home/ubuntu/PROGRAMA-BETA/src/External/CodeWalker.Core/GameFiles/Resources/Particle.cs(5843,24): warning CS8603: Possible null reference return. [/home/ubuntu/PROGRAMA-BETA/src/FiveMTool.csproj]
/home/ubuntu/PROGRAMA-BETA/src/External/CodeWalker.Core/GameFiles/Resources/Particle.cs(5845,20): warning CS8603: Possible null reference return. [/home/ubuntu/PROGRAMA-BETA/src/FiveMTool.csproj]
/home/ubuntu/PROGRAMA-BETA/src/External/CodeWalker.Core/GameFiles/Resources/Particle.cs(5864,33): warning CS8603: Possible null reference return. [/home/ubuntu/PROGRAMA-BETA/src/FiveMTool.csproj]
/home/ubuntu/PROGRAMA-BETA/src/External/CodeWalker.Core/GameFiles/FileTypes/RelFile.cs(14319,16): warning CS8618: Non-nullable property 'ContextName' must contain a non-null value when exiting constructor. Consider declaring the property as nullable. [/home/ubuntu/PROGRAMA-BETA/src/FiveMTool.csproj]
/home/ubuntu/PROGRAMA-BETA/src/External/CodeWalker.Core/GameFiles/FileTypes/RelFile.cs(14340,41): warning CS8604: Possible null reference argument for parameter 's' in 'int Encoding.GetBytes(string s, int charIndex, int charCount, byte[] bytes, int byteIndex)'. [/home/ubuntu/PROGRAMA-BETA/src/FiveMTool.csproj]
/home/ubuntu/PROGRAMA-BETA/src/External/CodeWalker.Core/GameFiles/FileTypes/RelFile.cs(14394,16): warning CS8618: Non-nullable property 'Contexts' must contain a non-null value when exiting constructor. Consider declaring the property as nullable. [/home/ubuntu/PROGRAMA-BETA/src/FiveMTool.csproj]
/home/ubuntu/PROGRAMA-BETA/src/External/CodeWalker.Core/GameFiles/Resources/Particle.cs(5361,37): warning CS8618: Non-nullable property 'RGBTintMinKFP' must contain a non-null value when exiting constructor. Consider declaring the property as nullable. [/home/ubuntu/PROGRAMA-BETA/src/FiveMTool.csproj]
/home/ubuntu/PROGRAMA-BETA/src/External/CodeWalker.Core/GameFiles/Resources/Particle.cs(5362,37): warning CS8618: Non-nullable property 'RGBTintMaxKFP' must contain a non-null value when exiting constructor. Consider declaring the property as nullable. [/home/ubuntu/PROGRAMA-BETA/src/FiveMTool.csproj]
/home/ubuntu/PROGRAMA-BETA/src/External/CodeWalker.Core/GameFiles/Resources/Particle.cs(5363,37): warning CS8618: Non-nullable property 'DensityRangeKFP' must contain a non-null value when exiting constructor. Consider declaring the property as nullable. [/home/ubuntu/PROGRAMA-BETA/src/FiveMTool.csproj]
/home/ubuntu/PROGRAMA-BETA/src/External/CodeWalker.Core/GameFiles/Resources/Particle.cs(5364,37): warning CS8618: Non-nullable property 'ScaleMinKFP' must contain a non-null value when exiting constructor. Consider declaring the property as nullable. [/home/ubuntu/PROGRAMA-BETA/src/FiveMTool.csproj]
/home/ubuntu/PROGRAMA-BETA/src/External/CodeWalker.Core/GameFiles/Resources/Particle.cs(5365,37): warning CS8618: Non-nullable property 'ScaleMaxKFP' must contain a non-null value when exiting constructor. Consider declaring the property as nullable. [/home/ubuntu/PROGRAMA-BETA/src/FiveMTool.csproj]
/home/ubuntu/PROGRAMA-BETA/src/External/CodeWalker.Core/GameFiles/Resources/Particle.cs(5366,37): warning CS8618: Non-nullable property 'RotationMinKFP' must contain a non-null value when exiting constructor. Consider declaring the property as nullable. [/home/ubuntu/PROGRAMA-BETA/src/FiveMTool.csproj]
/home/ubuntu/PROGRAMA-BETA/src/External/CodeWalker.Core/GameFiles/Resources/Particle.cs(5367,37): warning CS8618: Non-nullable property 'RotationMaxKFP' must contain a non-null value when exiting constructor. Consider declaring the property as nullable. [/home/ubuntu/PROGRAMA-BETA/src/FiveMTool.csproj]
/home/ubuntu/PROGRAMA-BETA/src/External/CodeWalker.Core/GameFiles/FileTypes/RelFile.cs(14721,16): warning CS8618: Non-nullable property 'BackupSpeechContexts' must contain a non-null value when exiting constructor. Consider declaring the property as nullable. [/home/ubuntu/PROGRAMA-BETA/src/FiveMTool.csproj]
/home/ubuntu/PROGRAMA-BETA/src/External/CodeWalker.Core/GameFiles/Resources/Particle.cs(5240,37): warning CS8618: Non-nullable property 'TexInfoKFP' must contain a non-null value when exiting constructor. Consider declaring the property as nullable. [/home/ubuntu/PROGRAMA-BETA/src/FiveMTool.csproj]
/home/ubuntu/PROGRAMA-BETA/src/External/CodeWalker.Core/GameFiles/Resources/Particle.cs(5182,37): warning CS8618: Non-nullable property 'StrengthKFP' must contain a non-null value when exiting constructor. Consider declaring the property as nullable. [/home/ubuntu/PROGRAMA-BETA/src/FiveMTool.csproj]
/home/ubuntu/PROGRAMA-BETA/src/External/CodeWalker.Core/GameFiles/FileTypes/RelFile.cs(14952,16): warning CS8618: Non-nullable property 'Items' must contain a non-null value when exiting constructor. Consider declaring the property as nullable. [/home/ubuntu/PROGRAMA-BETA/src/FiveMTool.csproj]
/home/ubuntu/PROGRAMA-BETA/src/External/CodeWalker.Core/GameFiles/Resources/Particle.cs(5056,37): warning CS8618: Non-nullable property 'PosNoiseMinKFP' must contain a non-null value when exiting constructor. Consider declaring the property as nullable. [/home/ubuntu/PROGRAMA-BETA/src/FiveMTool.csproj]
/home/ubuntu/PROGRAMA-BETA/src/External/CodeWalker.Core/GameFiles/Resources/Particle.cs(5057,37): warning CS8618: Non-nullable property 'PosNoiseMaxKFP' must contain a non-null value when exiting constructor. Consider declaring the property as nullable. [/home/ubuntu/PROGRAMA-BETA/src/FiveMTool.csproj]
/home/ubuntu/PROGRAMA-BETA/src/External/CodeWalker.Core/GameFiles/Resources/Particle.cs(5058,37): warning CS8618: Non-nullable property 'VelNoiseMinKFP' must contain a non-null value when exiting constructor. Consider declaring the property as nullable. [/home/ubuntu/PROGRAMA-BETA/src/FiveMTool.csproj]
/home/ubuntu/PROGRAMA-BETA/src/External/CodeWalker.Core/GameFiles/Resources/Particle.cs(5059,37): warning CS8618: Non-nullable property 'VelNoiseMaxKFP' must contain a non-null value when exiting constructor. Consider declaring the property as nullable. [/home/ubuntu/PROGRAMA-BETA/src/FiveMTool.csproj]
/home/ubuntu/PROGRAMA-BETA/src/External/CodeWalker.Core/GameFiles/FileTypes/RelFile.cs(15087,16): warning CS8618: Non-nullable property 'TriggeredSpeechContexts' must contain a non-null value when exiting constructor. Consider declaring the property as nullable. [/home/ubuntu/PROGRAMA-BETA/src/FiveMTool.csproj]
/home/ubuntu/PROGRAMA-BETA/src/External/CodeWalker.Core/GameFiles/Resources/Particle.cs(4964,37): warning CS8618: Non-nullable property 'HeightKFP' must contain a non-null value when exiting constructor. Consider declaring the property as nullable. [/home/ubuntu/PROGRAMA-BETA/src/FiveMTool.csproj]
/home/ubuntu/PROGRAMA-BETA/src/External/CodeWalker.Core/GameFiles/Resources/Particle.cs(4965,37): warning CS8618: Non-nullable property 'FadeDistKFP' must contain a non-null value when exiting constructor. Consider declaring the property as nullable. [/home/ubuntu/PROGRAMA-BETA/src/FiveMTool.csproj]
/home/ubuntu/PROGRAMA-BETA/src/External/CodeWalker.Core/GameFiles/FileTypes/RelFile.cs(15338,16): warning CS8618: Non-nullable property 'Items' must contain a non-null value when exiting constructor. Consider declaring the property as nullable. [/home/ubuntu/PROGRAMA-BETA/src/FiveMTool.csproj]
/home/ubuntu/PROGRAMA-BETA/src/External/CodeWalker.Core/GameFiles/FileTypes/RelFile.cs(15485,16): warning CS8618: Non-nullable property 'Items' must contain a non-null value when exiting constructor. Consider declaring the property as nullable. [/home/ubuntu/PROGRAMA-BETA/src/FiveMTool.csproj]
/home/ubuntu/PROGRAMA-BETA/src/External/CodeWalker.Core/GameFiles/Resources/Particle.cs(4812,37): warning CS8618: Non-nullable property 'DimensionsKFP' must contain a non-null value when exiting constructor. Consider declaring the property as nullable. [/home/ubuntu/PROGRAMA-BETA/src/FiveMTool.csproj]
/home/ubuntu/PROGRAMA-BETA/src/External/CodeWalker.Core/GameFiles/Resources/Particle.cs(4813,37): warning CS8618: Non-nullable property 'AlphaKFP' must contain a non-null value when exiting constructor. Consider declaring the property as nullable. [/home/ubuntu/PROGRAMA-BETA/src/FiveMTool.csproj]
/home/ubuntu/PROGRAMA-BETA/src/External/CodeWalker.Core/GameFiles/FileTypes/RelFile.cs(15604,16): warning CS8618: Non-nullable property 'CrimeSets' must contain a non-null value when exiting constructor. Consider declaring the property as nullable. [/home/ubuntu/PROGRAMA-BETA/src/FiveMTool.csproj]
/home/ubuntu/PROGRAMA-BETA/src/External/CodeWalker.Core/GameFiles/FileTypes/RelFile.cs(15814,16): warning CS8618: Non-nullable property 'Phrase' must contain a non-null value when exiting constructor. Consider declaring the property as nullable. [/home/ubuntu/PROGRAMA-BETA/src/FiveMTool.csproj]
/home/ubuntu/PROGRAMA-BETA/src/External/CodeWalker.Core/GameFiles/FileTypes/RelFile.cs(15685,16): warning CS8618: Non-nullable property 'FriendGroups' must contain a non-null value when exiting constructor. Consider declaring the property as nullable. [/home/ubuntu/PROGRAMA-BETA/src/FiveMTool.csproj]
/home/ubuntu/PROGRAMA-BETA/src/External/CodeWalker.Core/GameFiles/FileTypes/RelFile.cs(15952,16): warning CS8618: Non-nullable property 'Sound' must contain a non-null value when exiting constructor. Consider declaring the property as nullable. [/home/ubuntu/PROGRAMA-BETA/src/FiveMTool.csproj]
/home/ubuntu/PROGRAMA-BETA/src/External/CodeWalker.Core/GameFiles/FileTypes/RelFile.cs(16035,16): warning CS8618: Non-nullable property 'Locations' must contain a non-null value when exiting constructor. Consider declaring the property as nullable. [/home/ubuntu/PROGRAMA-BETA/src/FiveMTool.csproj]
/home/ubuntu/PROGRAMA-BETA/src/External/CodeWalker.Core/GameFiles/FileTypes/RelFile.cs(16119,16): warning CS8618: Non-nullable property 'AmbienceSlots' must contain a non-null value when exiting constructor. Consider declaring the property as nullable. [/home/ubuntu/PROGRAMA-BETA/src/FiveMTool.csproj]
/home/ubuntu/PROGRAMA-BETA/src/External/CodeWalker.Core/GameFiles/FileTypes/RelFile.cs(16160,16): warning CS8618: Non-nullable property 'AmbienceBanks' must contain a non-null value when exiting constructor. Consider declaring the property as nullable. [/home/ubuntu/PROGRAMA-BETA/src/FiveMTool.csproj]
/home/ubuntu/PROGRAMA-BETA/src/External/CodeWalker.Core/GameFiles/Resources/Particle.cs(4516,37): warning CS8618: Non-nullable property 'RGBMinKFP' must contain a non-null value when exiting constructor. Consider declaring the property as nullable. [/home/ubuntu/PROGRAMA-BETA/src/FiveMTool.csproj]
/home/ubuntu/PROGRAMA-BETA/src/External/CodeWalker.Core/GameFiles/Resources/Particle.cs(4517,37): warning CS8618: Non-nullable property 'RGBMaxKFP' must contain a non-null value when exiting constructor. Consider declaring the property as nullable. [/home/ubuntu/PROGRAMA-BETA/src/FiveMTool.csproj]
/home/ubuntu/PROGRAMA-BETA/src/External/CodeWalker.Core/GameFiles/Resources/Particle.cs(4518,37): warning CS8618: Non-nullable property 'IntensityKFP' must contain a non-null value when exiting constructor. Consider declaring the property as nullable. [/home/ubuntu/PROGRAMA-BETA/src/FiveMTool.csproj]
/home/ubuntu/PROGRAMA-BETA/src/External/CodeWalker.Core/GameFiles/Resources/Particle.cs(4519,37): warning CS8618: Non-nullable property 'RangeKFP' must contain a non-null value when exiting constructor. Consider declaring the property as nullable. [/home/ubuntu/PROGRAMA-BETA/src/FiveMTool.csproj]
/home/ubuntu/PROGRAMA-BETA/src/External/CodeWalker.Core/GameFiles/Resources/Particle.cs(4520,37): warning CS8618: Non-nullable property 'CoronaRGBMinKFP' must contain a non-null value when exiting constructor. Consider declaring the property as nullable. [/home/ubuntu/PROGRAMA-BETA/src/FiveMTool.csproj]
/home/ubuntu/PROGRAMA-BETA/src/External/CodeWalker.Core/GameFiles/Resources/Particle.cs(4521,37): warning CS8618: Non-nullable property 'CoronaRGBMaxKFP' must contain a non-null value when exiting constructor. Consider declaring the property as nullable. [/home/ubuntu/PROGRAMA-BETA/src/FiveMTool.csproj]
/home/ubuntu/PROGRAMA-BETA/src/External/CodeWalker.Core/GameFiles/Resources/Particle.cs(4522,37): warning CS8618: Non-nullable property 'CoronaIntensityKFP' must contain a non-null value when exiting constructor. Consider declaring the property as nullable. [/home/ubuntu/PROGRAMA-BETA/src/FiveMTool.csproj]
/home/ubuntu/PROGRAMA-BETA/src/External/CodeWalker.Core/GameFiles/Resources/Particle.cs(4523,37): warning CS8618: Non-nullable property 'CoronaSizeKFP' must contain a non-null value when exiting constructor. Consider declaring the property as nullable. [/home/ubuntu/PROGRAMA-BETA/src/FiveMTool.csproj]
/home/ubuntu/PROGRAMA-BETA/src/External/CodeWalker.Core/GameFiles/Resources/Particle.cs(4524,37): warning CS8618: Non-nullable property 'CoronaFlareKFP' must contain a non-null value when exiting constructor. Consider declaring the property as nullable. [/home/ubuntu/PROGRAMA-BETA/src/FiveMTool.csproj]
/home/ubuntu/PROGRAMA-BETA/src/External/CodeWalker.Core/GameFiles/FileTypes/RelFile.cs(16495,16): warning CS8618: Non-nullable property 'WindSounds' must contain a non-null value when exiting constructor. Consider declaring the property as nullable. [/home/ubuntu/PROGRAMA-BETA/src/FiveMTool.csproj]
/home/ubuntu/PROGRAMA-BETA/src/External/CodeWalker.Core/GameFiles/Resources/Particle.cs(4418,37): warning CS8618: Non-nullable property 'InfluenceKFP' must contain a non-null value when exiting constructor. Consider declaring the property as nullable. [/home/ubuntu/PROGRAMA-BETA/src/FiveMTool.csproj]
/home/ubuntu/PROGRAMA-BETA/src/External/CodeWalker.Core/GameFiles/FileTypes/RelFile.cs(16978,16): warning CS8618: Non-nullable property 'AngryContexts' must contain a non-null value when exiting constructor. Consider declaring the property as nullable. [/home/ubuntu/PROGRAMA-BETA/src/FiveMTool.csproj]
/home/ubuntu/PROGRAMA-BETA/src/External/CodeWalker.Core/GameFiles/FileTypes/RelFile.cs(16978,16): warning CS8618: Non-nullable property 'PlayfulContexts' must contain a non-null value when exiting constructor. Consider declaring the property as nullable. [/home/ubuntu/PROGRAMA-BETA/src/FiveMTool.csproj]
/home/ubuntu/PROGRAMA-BETA/src/External/CodeWalker.Core/GameFiles/FileTypes/RelFile.cs(17056,16): warning CS8618: Non-nullable property 'Items' must contain a non-null value when exiting constructor. Consider declaring the property as nullable. [/home/ubuntu/PROGRAMA-BETA/src/FiveMTool.csproj]
/home/ubuntu/PROGRAMA-BETA/src/External/CodeWalker.Core/GameFiles/FileTypes/RelFile.cs(17573,16): warning CS8618: Non-nullable property 'Microphones' must contain a non-null value when exiting constructor. Consider declaring the property as nullable. [/home/ubuntu/PROGRAMA-BETA/src/FiveMTool.csproj]
/home/ubuntu/PROGRAMA-BETA/src/External/CodeWalker.Core/GameFiles/FileTypes/RelFile.cs(17632,16): warning CS8618: Non-nullable property 'Items' must contain a non-null value when exiting constructor. Consider declaring the property as nullable. [/home/ubuntu/PROGRAMA-BETA/src/FiveMTool.csproj]
/home/ubuntu/PROGRAMA-BETA/src/External/CodeWalker.Core/GameFiles/FileTypes/RelFile.cs(17632,16): warning CS8618: Non-nullable property 'Items2' must contain a non-null value when exiting constructor. Consider declaring the property as nullable. [/home/ubuntu/PROGRAMA-BETA/src/FiveMTool.csproj]
/home/ubuntu/PROGRAMA-BETA/src/External/CodeWalker.Core/GameFiles/FileTypes/RelFile.cs(17637,16): warning CS8618: Non-nullable property 'Items2' must contain a non-null value when exiting constructor. Consider declaring the property as nullable. [/home/ubuntu/PROGRAMA-BETA/src/FiveMTool.csproj]
/home/ubuntu/PROGRAMA-BETA/src/External/CodeWalker.Core/GameFiles/FileTypes/RelFile.cs(17700,26): warning CS8625: Cannot convert null literal to non-nullable reference type. [/home/ubuntu/PROGRAMA-BETA/src/FiveMTool.csproj]
/home/ubuntu/PROGRAMA-BETA/src/External/CodeWalker.Core/GameFiles/Resources/Particle.cs(4188,37): warning CS8618: Non-nullable property 'RGBAMinKFP' must contain a non-null value when exiting constructor. Consider declaring the property as nullable. [/home/ubuntu/PROGRAMA-BETA/src/FiveMTool.csproj]
/home/ubuntu/PROGRAMA-BETA/src/External/CodeWalker.Core/GameFiles/Resources/Particle.cs(4189,37): warning CS8618: Non-nullable property 'RGBAMaxKFP' must contain a non-null value when exiting constructor. Consider declaring the property as nullable. [/home/ubuntu/PROGRAMA-BETA/src/FiveMTool.csproj]
/home/ubuntu/PROGRAMA-BETA/src/External/CodeWalker.Core/GameFiles/Resources/Particle.cs(4190,37): warning CS8618: Non-nullable property 'EmissiveIntensityKFP' must contain a non-null value when exiting constructor. Consider declaring the property as nullable. [/home/ubuntu/PROGRAMA-BETA/src/FiveMTool.csproj]
/home/ubuntu/PROGRAMA-BETA/src/External/CodeWalker.Core/GameFiles/FileTypes/RelFile.cs(18212,16): warning CS8618: Non-nullable property 'Items' must contain a non-null value when exiting constructor. Consider declaring the property as nullable. [/home/ubuntu/PROGRAMA-BETA/src/FiveMTool.csproj]
/home/ubuntu/PROGRAMA-BETA/src/External/CodeWalker.Core/GameFiles/Resources/Particle.cs(4097,37): warning CS8618: Non-nullable property 'AnimRateKFP' must contain a non-null value when exiting constructor. Consider declaring the property as nullable. [/home/ubuntu/PROGRAMA-BETA/src/FiveMTool.csproj]
/home/ubuntu/PROGRAMA-BETA/src/External/CodeWalker.Core/GameFiles/Resources/Particle.cs(3987,37): warning CS8618: Non-nullable property 'BouncinessKFP' must contain a non-null value when exiting constructor. Consider declaring the property as nullable. [/home/ubuntu/PROGRAMA-BETA/src/FiveMTool.csproj]
/home/ubuntu/PROGRAMA-BETA/src/External/CodeWalker.Core/GameFiles/Resources/Particle.cs(3988,37): warning CS8618: Non-nullable property 'BounceDirVarKFP' must contain a non-null value when exiting constructor. Consider declaring the property as nullable. [/home/ubuntu/PROGRAMA-BETA/src/FiveMTool.csproj]
/home/ubuntu/PROGRAMA-BETA/src/External/CodeWalker.Core/GameFiles/Resources/Particle.cs(3920,37): warning CS8618: Non-nullable property 'mtxWeightKFP' must contain a non-null value when exiting constructor. Consider declaring the property as nullable. [/home/ubuntu/PROGRAMA-BETA/src/FiveMTool.csproj]
/home/ubuntu/PROGRAMA-BETA/src/External/CodeWalker.Core/GameFiles/FileTypes/RelFile.cs(18560,16): warning CS8618: Non-nullable property 'Variations' must contain a non-null value when exiting constructor. Consider declaring the property as nullable. [/home/ubuntu/PROGRAMA-BETA/src/FiveMTool.csproj]
/home/ubuntu/PROGRAMA-BETA/src/External/CodeWalker.Core/GameFiles/Resources/Particle.cs(3823,37): warning CS8618: Non-nullable property 'XYZMinKFP' must contain a non-null value when exiting constructor. Consider declaring the property as nullable. [/home/ubuntu/PROGRAMA-BETA/src/FiveMTool.csproj]
/home/ubuntu/PROGRAMA-BETA/src/External/CodeWalker.Core/GameFiles/Resources/Particle.cs(3824,37): warning CS8618: Non-nullable property 'XYZMaxKFP' must contain a non-null value when exiting constructor. Consider declaring the property as nullable. [/home/ubuntu/PROGRAMA-BETA/src/FiveMTool.csproj]
/home/ubuntu/PROGRAMA-BETA/src/External/CodeWalker.Core/GameFiles/FileTypes/RelFile.cs(18926,16): warning CS8618: Non-nullable property 'ContextName' must contain a non-null value when exiting constructor. Consider declaring the property as nullable. [/home/ubuntu/PROGRAMA-BETA/src/FiveMTool.csproj]
/home/ubuntu/PROGRAMA-BETA/src/External/CodeWalker.Core/GameFiles/FileTypes/RelFile.cs(18968,16): warning CS8618: Non-nullable property 'Items' must contain a non-null value when exiting constructor. Consider declaring the property as nullable. [/home/ubuntu/PROGRAMA-BETA/src/FiveMTool.csproj]
/home/ubuntu/PROGRAMA-BETA/src/External/CodeWalker.Core/GameFiles/FileTypes/RelFile.cs(18941,41): warning CS8604: Possible null reference argument for parameter 's' in 'int Encoding.GetBytes(string s, int charIndex, int charCount, byte[] bytes, int byteIndex)'. [/home/ubuntu/PROGRAMA-BETA/src/FiveMTool.csproj]
/home/ubuntu/PROGRAMA-BETA/src/External/CodeWalker.Core/GameFiles/Resources/Particle.cs(3697,37): warning CS8618: Non-nullable property 'WhdMinKFP' must contain a non-null value when exiting constructor. Consider declaring the property as nullable. [/home/ubuntu/PROGRAMA-BETA/src/FiveMTool.csproj]
/home/ubuntu/PROGRAMA-BETA/src/External/CodeWalker.Core/GameFiles/Resources/Particle.cs(3698,37): warning CS8618: Non-nullable property 'WhdMaxKFP' must contain a non-null value when exiting constructor. Consider declaring the property as nullable. [/home/ubuntu/PROGRAMA-BETA/src/FiveMTool.csproj]
/home/ubuntu/PROGRAMA-BETA/src/External/CodeWalker.Core/GameFiles/Resources/Particle.cs(3699,37): warning CS8618: Non-nullable property 'TblrScalarKFP' must contain a non-null value when exiting constructor. Consider declaring the property as nullable. [/home/ubuntu/PROGRAMA-BETA/src/FiveMTool.csproj]
/home/ubuntu/PROGRAMA-BETA/src/External/CodeWalker.Core/GameFiles/Resources/Particle.cs(3700,37): warning CS8618: Non-nullable property 'TblrVelScalarKFP' must contain a non-null value when exiting constructor. Consider declaring the property as nullable. [/home/ubuntu/PROGRAMA-BETA/src/FiveMTool.csproj]
/home/ubuntu/PROGRAMA-BETA/src/External/CodeWalker.Core/GameFiles/FileTypes/RelFile.cs(19406,16): warning CS8618: Non-nullable property 'Items' must contain a non-null value when exiting constructor. Consider declaring the property as nullable. [/home/ubuntu/PROGRAMA-BETA/src/FiveMTool.csproj]
/home/ubuntu/PROGRAMA-BETA/src/External/CodeWalker.Core/GameFiles/Resources/Particle.cs(3557,37): warning CS8618: Non-nullable property 'InitialAngleMinKFP' must contain a non-null value when exiting constructor. Consider declaring the property as nullable. [/home/ubuntu/PROGRAMA-BETA/src/FiveMTool.csproj]
/home/ubuntu/PROGRAMA-BETA/src/External/CodeWalker.Core/GameFiles/Resources/Particle.cs(3558,37): warning CS8618: Non-nullable property 'InitialAngleMaxKFP' must contain a non-null value when exiting constructor. Consider declaring the property as nullable. [/home/ubuntu/PROGRAMA-BETA/src/FiveMTool.csproj]
/home/ubuntu/PROGRAMA-BETA/src/External/CodeWalker.Core/GameFiles/Resources/Particle.cs(3559,37): warning CS8618: Non-nullable property 'AngleMinKFP' must contain a non-null value when exiting constructor. Consider declaring the property as nullable. [/home/ubuntu/PROGRAMA-BETA/src/FiveMTool.csproj]
/home/ubuntu/PROGRAMA-BETA/src/External/CodeWalker.Core/GameFiles/Resources/Particle.cs(3560,37): warning CS8618: Non-nullable property 'AngleMaxKFP' must contain a non-null value when exiting constructor. Consider declaring the property as nullable. [/home/ubuntu/PROGRAMA-BETA/src/FiveMTool.csproj]
/home/ubuntu/PROGRAMA-BETA/src/External/CodeWalker.Core/GameFiles/Resources/Particle.cs(3438,37): warning CS8618: Non-nullable property 'XYZMinKFP' must contain a non-null value when exiting constructor. Consider declaring the property as nullable. [/home/ubuntu/PROGRAMA-BETA/src/FiveMTool.csproj]
/home/ubuntu/PROGRAMA-BETA/src/External/CodeWalker.Core/GameFiles/Resources/Particle.cs(3439,37): warning CS8618: Non-nullable property 'XYZMaxKFP' must contain a non-null value when exiting constructor. Consider declaring the property as nullable. [/home/ubuntu/PROGRAMA-BETA/src/FiveMTool.csproj]
/home/ubuntu/PROGRAMA-BETA/src/External/CodeWalker.Core/GameFiles/FileTypes/RelFile.cs(20097,16): warning CS8618: Non-nullable property 'Items' must contain a non-null value when exiting constructor. Consider declaring the property as nullable. [/home/ubuntu/PROGRAMA-BETA/src/FiveMTool.csproj]
/home/ubuntu/PROGRAMA-BETA/src/External/CodeWalker.Core/GameFiles/Resources/Particle.cs(3332,24): warning CS8603: Possible null reference return. [/home/ubuntu/PROGRAMA-BETA/src/FiveMTool.csproj]
/home/ubuntu/PROGRAMA-BETA/src/External/CodeWalker.Core/GameFiles/Resources/Particle.cs(3334,20): warning CS8603: Possible null reference return. [/home/ubuntu/PROGRAMA-BETA/src/FiveMTool.csproj]
/home/ubuntu/PROGRAMA-BETA/src/External/CodeWalker.Core/GameFiles/FileTypes/RelFile.cs(20183,16): warning CS8618: Non-nullable property 'GameObjectHashes' must contain a non-null value when exiting constructor. Consider declaring the property as nullable. [/home/ubuntu/PROGRAMA-BETA/src/FiveMTool.csproj]
/home/ubuntu/PROGRAMA-BETA/src/External/CodeWalker.Core/GameFiles/FileTypes/RelFile.cs(20401,16): warning CS8618: Non-nullable property 'Value' must contain a non-null value when exiting constructor. Consider declaring the property as nullable. [/home/ubuntu/PROGRAMA-BETA/src/FiveMTool.csproj]
/home/ubuntu/PROGRAMA-BETA/src/External/CodeWalker.Core/GameFiles/FileTypes/RelFile.cs(20419,41): warning CS8604: Possible null reference argument for parameter 's' in 'int Encoding.GetBytes(string s, int charIndex, int charCount, byte[] bytes, int byteIndex)'. [/home/ubuntu/PROGRAMA-BETA/src/FiveMTool.csproj]
/home/ubuntu/PROGRAMA-BETA/src/External/CodeWalker.Core/GameFiles/FileTypes/RelFile.cs(20509,16): warning CS8618: Non-nullable property 'Variables' must contain a non-null value when exiting constructor. Consider declaring the property as nullable. [/home/ubuntu/PROGRAMA-BETA/src/FiveMTool.csproj]
/home/ubuntu/PROGRAMA-BETA/src/External/CodeWalker.Core/GameFiles/Resources/Particle.cs(3373,33): warning CS8603: Possible null reference return. [/home/ubuntu/PROGRAMA-BETA/src/FiveMTool.csproj]
/home/ubuntu/PROGRAMA-BETA/src/External/CodeWalker.Core/GameFiles/Resources/Particle.cs(3390,31): warning CS8625: Cannot convert null literal to non-nullable reference type. [/home/ubuntu/PROGRAMA-BETA/src/FiveMTool.csproj]
/home/ubuntu/PROGRAMA-BETA/src/External/CodeWalker.Core/GameFiles/Resources/Particle.cs(3262,60): warning CS8618: Non-nullable property 'KeyframeProps' must contain a non-null value when exiting constructor. Consider declaring the property as nullable. [/home/ubuntu/PROGRAMA-BETA/src/FiveMTool.csproj]
/home/ubuntu/PROGRAMA-BETA/src/External/CodeWalker.Core/GameFiles/FileTypes/RelFile.cs(20608,16): warning CS8618: Non-nullable property 'WaveSlots' must contain a non-null value when exiting constructor. Consider declaring the property as nullable. [/home/ubuntu/PROGRAMA-BETA/src/FiveMTool.csproj]
/home/ubuntu/PROGRAMA-BETA/src/External/CodeWalker.Core/GameFiles/FileTypes/RelFile.cs(20707,16): warning CS8618: Non-nullable property 'AllPasses' must contain a non-null value when exiting constructor. Consider declaring the property as nullable. [/home/ubuntu/PROGRAMA-BETA/src/FiveMTool.csproj]
/home/ubuntu/PROGRAMA-BETA/src/External/CodeWalker.Core/GameFiles/FileTypes/RelFile.cs(20707,16): warning CS8618: Non-nullable property 'NodeGainMatrix' must contain a non-null value when exiting constructor. Consider declaring the property as nullable. [/home/ubuntu/PROGRAMA-BETA/src/FiveMTool.csproj]
/home/ubuntu/PROGRAMA-BETA/src/External/CodeWalker.Core/GameFiles/FileTypes/RelFile.cs(20707,16): warning CS8618: Non-nullable property 'NodeLPF_1stOrder' must contain a non-null value when exiting constructor. Consider declaring the property as nullable. [/home/ubuntu/PROGRAMA-BETA/src/FiveMTool.csproj]
/home/ubuntu/PROGRAMA-BETA/src/External/CodeWalker.Core/GameFiles/FileTypes/RelFile.cs(20707,16): warning CS8618: Non-nullable property 'NodeLPF_2ndOrder' must contain a non-null value when exiting constructor. Consider declaring the property as nullable. [/home/ubuntu/PROGRAMA-BETA/src/FiveMTool.csproj]
/home/ubuntu/PROGRAMA-BETA/src/External/CodeWalker.Core/GameFiles/FileTypes/RelFile.cs(20707,16): warning CS8618: Non-nullable property 'NodeLPF_3rdOrder' must contain a non-null value when exiting constructor. Consider declaring the property as nullable. [/home/ubuntu/PROGRAMA-BETA/src/FiveMTool.csproj]
/home/ubuntu/PROGRAMA-BETA/src/External/CodeWalker.Core/GameFiles/FileTypes/RelFile.cs(21068,16): warning CS8618: Non-nullable property 'Variables' must contain a non-null value when exiting constructor. Consider declaring the property as nullable. [/home/ubuntu/PROGRAMA-BETA/src/FiveMTool.csproj]
/home/ubuntu/PROGRAMA-BETA/src/External/CodeWalker.Core/GameFiles/FileTypes/RelFile.cs(20946,20): warning CS8603: Possible null reference return. [/home/ubuntu/PROGRAMA-BETA/src/FiveMTool.csproj]
/home/ubuntu/PROGRAMA-BETA/src/External/CodeWalker.Core/GameFiles/FileTypes/RelFile.cs(20955,20): warning CS8603: Possible null reference return. [/home/ubuntu/PROGRAMA-BETA/src/FiveMTool.csproj]
/home/ubuntu/PROGRAMA-BETA/src/External/CodeWalker.Core/GameFiles/FileTypes/RelFile.cs(21161,16): warning CS8618: Non-nullable property 'OutputsIndices' must contain a non-null value when exiting constructor. Consider declaring the property as nullable. [/home/ubuntu/PROGRAMA-BETA/src/FiveMTool.csproj]
/home/ubuntu/PROGRAMA-BETA/src/External/CodeWalker.Core/GameFiles/FileTypes/RelFile.cs(21161,16): warning CS8618: Non-nullable property 'Bytecode' must contain a non-null value when exiting constructor. Consider declaring the property as nullable. [/home/ubuntu/PROGRAMA-BETA/src/FiveMTool.csproj]
/home/ubuntu/PROGRAMA-BETA/src/External/CodeWalker.Core/GameFiles/FileTypes/RelFile.cs(21161,16): warning CS8618: Non-nullable property 'Constants' must contain a non-null value when exiting constructor. Consider declaring the property as nullable. [/home/ubuntu/PROGRAMA-BETA/src/FiveMTool.csproj]
/home/ubuntu/PROGRAMA-BETA/src/External/CodeWalker.Core/GameFiles/FileTypes/RelFile.cs(21161,16): warning CS8618: Non-nullable property 'Variables' must contain a non-null value when exiting constructor. Consider declaring the property as nullable. [/home/ubuntu/PROGRAMA-BETA/src/FiveMTool.csproj]
/home/ubuntu/PROGRAMA-BETA/src/External/CodeWalker.Core/GameFiles/FileTypes/RelFile.cs(22934,16): warning CS8618: Non-nullable property 'MixCategories' must contain a non-null value when exiting constructor. Consider declaring the property as nullable. [/home/ubuntu/PROGRAMA-BETA/src/FiveMTool.csproj]
/home/ubuntu/PROGRAMA-BETA/src/External/CodeWalker.Core/GameFiles/FileTypes/RelFile.cs(23099,16): warning CS8618: Non-nullable property 'Items' must contain a non-null value when exiting constructor. Consider declaring the property as nullable. [/home/ubuntu/PROGRAMA-BETA/src/FiveMTool.csproj]
/home/ubuntu/PROGRAMA-BETA/src/External/CodeWalker.Core/GameFiles/FileTypes/RelFile.cs(23295,16): warning CS8618: Non-nullable property 'Groups' must contain a non-null value when exiting constructor. Consider declaring the property as nullable. [/home/ubuntu/PROGRAMA-BETA/src/FiveMTool.csproj]
/home/ubuntu/PROGRAMA-BETA/src/External/CodeWalker.Core/GameFiles/FileTypes/RelFile.cs(23537,16): warning CS8618: Non-nullable property 'Items' must contain a non-null value when exiting constructor. Consider declaring the property as nullable. [/home/ubuntu/PROGRAMA-BETA/src/FiveMTool.csproj]
/home/ubuntu/PROGRAMA-BETA/src/External/CodeWalker.Core/GameFiles/Resources/Particle.cs(3122,40): warning CS8619: Nullability of reference types in value of type 'ParticleKeyframeProp?[]' doesn't match target type 'ParticleKeyframeProp[]'. [/home/ubuntu/PROGRAMA-BETA/src/FiveMTool.csproj]
/home/ubuntu/PROGRAMA-BETA/src/External/CodeWalker.Core/GameFiles/Resources/Particle.cs(3145,24): warning CS8603: Possible null reference return. [/home/ubuntu/PROGRAMA-BETA/src/FiveMTool.csproj]
/home/ubuntu/PROGRAMA-BETA/src/External/CodeWalker.Core/GameFiles/Resources/Particle.cs(3147,20): warning CS8603: Possible null reference return. [/home/ubuntu/PROGRAMA-BETA/src/FiveMTool.csproj]
/home/ubuntu/PROGRAMA-BETA/src/External/CodeWalker.Core/GameFiles/FileTypes/RelFile.cs(23155,16): warning CS8618: Non-nullable property 'PatchGroups' must contain a non-null value when exiting constructor. Consider declaring the property as nullable. [/home/ubuntu/PROGRAMA-BETA/src/FiveMTool.csproj]
/home/ubuntu/PROGRAMA-BETA/src/External/CodeWalker.Core/GameFiles/FileTypes/RelFile.cs(23849,16): warning CS8618: Non-nullable property 'Points' must contain a non-null value when exiting constructor. Consider declaring the property as nullable. [/home/ubuntu/PROGRAMA-BETA/src/FiveMTool.csproj]
/home/ubuntu/PROGRAMA-BETA/src/External/CodeWalker.Core/GameFiles/FileTypes/RelFile.cs(23945,16): warning CS8618: Non-nullable property 'Values' must contain a non-null value when exiting constructor. Consider declaring the property as nullable. [/home/ubuntu/PROGRAMA-BETA/src/FiveMTool.csproj]
/home/ubuntu/PROGRAMA-BETA/src/External/CodeWalker.Core/GameFiles/FileTypes/RelFile.cs(24270,16): warning CS8618: Non-nullable property 'Values' must contain a non-null value when exiting constructor. Consider declaring the property as nullable. [/home/ubuntu/PROGRAMA-BETA/src/FiveMTool.csproj]
/home/ubuntu/PROGRAMA-BETA/src/External/CodeWalker.Core/GameFiles/FileTypes/RelFile.cs(24389,16): warning CS8618: Non-nullable property 'SubCategories' must contain a non-null value when exiting constructor. Consider declaring the property as nullable. [/home/ubuntu/PROGRAMA-BETA/src/FiveMTool.csproj]
/home/ubuntu/PROGRAMA-BETA/src/External/CodeWalker.Core/GameFiles/FileTypes/RelFile.cs(21225,28): warning CS8600: Converting null literal or possible null value to non-nullable type. [/home/ubuntu/PROGRAMA-BETA/src/FiveMTool.csproj]
/home/ubuntu/PROGRAMA-BETA/src/External/CodeWalker.Core/GameFiles/FileTypes/VehicleLayoutsFile.cs(15,44): warning CS8625: Cannot convert null literal to non-nullable reference type. [/home/ubuntu/PROGRAMA-BETA/src/FiveMTool.csproj]
/home/ubuntu/PROGRAMA-BETA/src/External/CodeWalker.Core/GameFiles/FileTypes/VehicleLayoutsFile.cs(15,16): warning CS8618: Non-nullable property 'Xml' must contain a non-null value when exiting constructor. Consider declaring the property as nullable. [/home/ubuntu/PROGRAMA-BETA/src/FiveMTool.csproj]
/home/ubuntu/PROGRAMA-BETA/src/External/CodeWalker.Core/GameFiles/FileTypes/VehicleLayoutsFile.cs(17,16): warning CS8618: Non-nullable property 'Xml' must contain a non-null value when exiting constructor. Consider declaring the property as nullable. [/home/ubuntu/PROGRAMA-BETA/src/FiveMTool.csproj]
/home/ubuntu/PROGRAMA-BETA/src/External/CodeWalker.Core/GameFiles/Resources/Particle.cs(3181,33): warning CS8603: Possible null reference return. [/home/ubuntu/PROGRAMA-BETA/src/FiveMTool.csproj]
/home/ubuntu/PROGRAMA-BETA/src/External/CodeWalker.Core/GameFiles/Resources/Particle.cs(2992,37): warning CS8618: Non-nullable property 'PositionKFP' must contain a non-null value when exiting constructor. Consider declaring the property as nullable. [/home/ubuntu/PROGRAMA-BETA/src/FiveMTool.csproj]
/home/ubuntu/PROGRAMA-BETA/src/External/CodeWalker.Core/GameFiles/Resources/Particle.cs(2993,37): warning CS8618: Non-nullable property 'RotationKFP' must contain a non-null value when exiting constructor. Consider declaring the property as nullable. [/home/ubuntu/PROGRAMA-BETA/src/FiveMTool.csproj]
/home/ubuntu/PROGRAMA-BETA/src/External/CodeWalker.Core/GameFiles/Resources/Particle.cs(2994,37): warning CS8618: Non-nullable property 'SizeOuterKFP' must contain a non-null value when exiting constructor. Consider declaring the property as nullable. [/home/ubuntu/PROGRAMA-BETA/src/FiveMTool.csproj]
/home/ubuntu/PROGRAMA-BETA/src/External/CodeWalker.Core/GameFiles/Resources/Particle.cs(2995,37): warning CS8618: Non-nullable property 'SizeInnerKFP' must contain a non-null value when exiting constructor. Consider declaring the property as nullable. [/home/ubuntu/PROGRAMA-BETA/src/FiveMTool.csproj]
/home/ubuntu/PROGRAMA-BETA/src/External/CodeWalker.Core/GameFiles/Resources/Particle.cs(2998,60): warning CS8618: Non-nullable property 'KeyframeProps' must contain a non-null value when exiting constructor. Consider declaring the property as nullable. [/home/ubuntu/PROGRAMA-BETA/src/FiveMTool.csproj]
/home/ubuntu/PROGRAMA-BETA/src/External/CodeWalker.Core/GameFiles/FileTypes/VehiclesFile.cs(22,38): warning CS8625: Cannot convert null literal to non-nullable reference type. [/home/ubuntu/PROGRAMA-BETA/src/FiveMTool.csproj]
/home/ubuntu/PROGRAMA-BETA/src/External/CodeWalker.Core/GameFiles/FileTypes/VehiclesFile.cs(22,16): warning CS8618: Non-nullable property 'ResidentTxd' must contain a non-null value when exiting constructor. Consider declaring the property as nullable. [/home/ubuntu/PROGRAMA-BETA/src/FiveMTool.csproj]
/home/ubuntu/PROGRAMA-BETA/src/External/CodeWalker.Core/GameFiles/FileTypes/VehiclesFile.cs(22,16): warning CS8618: Non-nullable property 'InitDatas' must contain a non-null value when exiting constructor. Consider declaring the property as nullable. [/home/ubuntu/PROGRAMA-BETA/src/FiveMTool.csproj]
/home/ubuntu/PROGRAMA-BETA/src/External/CodeWalker.Core/GameFiles/FileTypes/VehiclesFile.cs(22,16): warning CS8618: Non-nullable property 'TxdRelationships' must contain a non-null value when exiting constructor. Consider declaring the property as nullable. [/home/ubuntu/PROGRAMA-BETA/src/FiveMTool.csproj]
/home/ubuntu/PROGRAMA-BETA/src/External/CodeWalker.Core/GameFiles/FileTypes/VehiclesFile.cs(25,16): warning CS8618: Non-nullable property 'ResidentTxd' must contain a non-null value when exiting constructor. Consider declaring the property as nullable. [/home/ubuntu/PROGRAMA-BETA/src/FiveMTool.csproj]
/home/ubuntu/PROGRAMA-BETA/src/External/CodeWalker.Core/GameFiles/FileTypes/VehiclesFile.cs(25,16): warning CS8618: Non-nullable property 'InitDatas' must contain a non-null value when exiting constructor. Consider declaring the property as nullable. [/home/ubuntu/PROGRAMA-BETA/src/FiveMTool.csproj]
/home/ubuntu/PROGRAMA-BETA/src/External/CodeWalker.Core/GameFiles/FileTypes/VehiclesFile.cs(25,16): warning CS8618: Non-nullable property 'TxdRelationships' must contain a non-null value when exiting constructor. Consider declaring the property as nullable. [/home/ubuntu/PROGRAMA-BETA/src/FiveMTool.csproj]
/home/ubuntu/PROGRAMA-BETA/src/External/CodeWalker.Core/GameFiles/FileTypes/VehiclesFile.cs(46,53): warning CS8604: Possible null reference argument for parameter 'node' in 'string Xml.GetChildInnerText(XmlNode node, string name)'. [/home/ubuntu/PROGRAMA-BETA/src/FiveMTool.csproj]
/home/ubuntu/PROGRAMA-BETA/src/External/CodeWalker.Core/GameFiles/FileTypes/VehiclesFile.cs(59,33): warning CS8600: Converting null literal or possible null value to non-nullable type. [/home/ubuntu/PROGRAMA-BETA/src/FiveMTool.csproj]
/home/ubuntu/PROGRAMA-BETA/src/External/CodeWalker.Core/GameFiles/FileTypes/VehiclesFile.cs(62,33): warning CS8602: Dereference of a possibly null reference. [/home/ubuntu/PROGRAMA-BETA/src/FiveMTool.csproj]
/home/ubuntu/PROGRAMA-BETA/src/External/CodeWalker.Core/GameFiles/FileTypes/VehiclesFile.cs(66,24): warning CS8604: Possible null reference argument for parameter 'node' in 'void VehicleInitData.Load(XmlNode node)'. [/home/ubuntu/PROGRAMA-BETA/src/FiveMTool.csproj]
/home/ubuntu/PROGRAMA-BETA/src/External/CodeWalker.Core/GameFiles/FileTypes/VehiclesFile.cs(73,33): warning CS8600: Converting null literal or possible null value to non-nullable type. [/home/ubuntu/PROGRAMA-BETA/src/FiveMTool.csproj]
/home/ubuntu/PROGRAMA-BETA/src/External/CodeWalker.Core/GameFiles/FileTypes/VehiclesFile.cs(76,33): warning CS8602: Dereference of a possibly null reference. [/home/ubuntu/PROGRAMA-BETA/src/FiveMTool.csproj]
/home/ubuntu/PROGRAMA-BETA/src/External/CodeWalker.Core/GameFiles/FileTypes/VehiclesFile.cs(78,58): warning CS8604: Possible null reference argument for parameter 'node' in 'string Xml.GetChildInnerText(XmlNode node, string name)'. [/home/ubuntu/PROGRAMA-BETA/src/FiveMTool.csproj]
/home/ubuntu/PROGRAMA-BETA/src/External/CodeWalker.Core/GameFiles/FileTypes/VehiclesFile.cs(79,57): warning CS8604: Possible null reference argument for parameter 'node' in 'string Xml.GetChildInnerText(XmlNode node, string name)'. [/home/ubuntu/PROGRAMA-BETA/src/FiveMTool.csproj]
/home/ubuntu/PROGRAMA-BETA/src/External/CodeWalker.Core/GameFiles/FileTypes/VehiclesFile.cs(392,23): warning CS8618: Non-nullable property 'driverName' must contain a non-null value when exiting constructor. Consider declaring the property as nullable. [/home/ubuntu/PROGRAMA-BETA/src/FiveMTool.csproj]
/home/ubuntu/PROGRAMA-BETA/src/External/CodeWalker.Core/GameFiles/FileTypes/VehiclesFile.cs(393,23): warning CS8618: Non-nullable property 'npcName' must contain a non-null value when exiting constructor. Consider declaring the property as nullable. [/home/ubuntu/PROGRAMA-BETA/src/FiveMTool.csproj]
/home/ubuntu/PROGRAMA-BETA/src/External/CodeWalker.Core/GameFiles/FileTypes/Stats.cs(60,50): warning CS8600: Converting null literal or possible null value to non-nullable type. [/home/ubuntu/PROGRAMA-BETA/src/FiveMTool.csproj]
/home/ubuntu/PROGRAMA-BETA/src/External/CodeWalker.Core/GameFiles/FileTypes/YbnFile.cs(26,33): warning CS8625: Cannot convert null literal to non-nullable reference type. [/home/ubuntu/PROGRAMA-BETA/src/FiveMTool.csproj]
/home/ubuntu/PROGRAMA-BETA/src/External/CodeWalker.Core/GameFiles/FileTypes/YbnFile.cs(26,16): warning CS8618: Non-nullable property 'Bounds' must contain a non-null value when exiting constructor. Consider declaring the property as nullable. [/home/ubuntu/PROGRAMA-BETA/src/FiveMTool.csproj]
/home/ubuntu/PROGRAMA-BETA/src/External/CodeWalker.Core/GameFiles/FileTypes/Stats.cs(72,50): warning CS8600: Converting null literal or possible null value to non-nullable type. [/home/ubuntu/PROGRAMA-BETA/src/FiveMTool.csproj]
/home/ubuntu/PROGRAMA-BETA/src/External/CodeWalker.Core/GameFiles/FileTypes/YbnFile.cs(29,16): warning CS8618: Non-nullable property 'Bounds' must contain a non-null value when exiting constructor. Consider declaring the property as nullable. [/home/ubuntu/PROGRAMA-BETA/src/FiveMTool.csproj]
/home/ubuntu/PROGRAMA-BETA/src/External/CodeWalker.Core/GameFiles/FileTypes/YbnFile.cs(48,45): warning CS8600: Converting null literal or possible null value to non-nullable type. [/home/ubuntu/PROGRAMA-BETA/src/FiveMTool.csproj]
/home/ubuntu/PROGRAMA-BETA/src/External/CodeWalker.Core/GameFiles/FileTypes/YbnFile.cs(83,26): warning CS8625: Cannot convert null literal to non-nullable reference type. [/home/ubuntu/PROGRAMA-BETA/src/FiveMTool.csproj]
/home/ubuntu/PROGRAMA-BETA/src/External/CodeWalker.Core/GameFiles/FileTypes/WatermapFile.cs(54,38): warning CS8625: Cannot convert null literal to non-nullable reference type. [/home/ubuntu/PROGRAMA-BETA/src/FiveMTool.csproj]
/home/ubuntu/PROGRAMA-BETA/src/External/CodeWalker.Core/GameFiles/FileTypes/WatermapFile.cs(54,16): warning CS8618: Non-nullable property 'RawFileData' must contain a non-null value when exiting constructor. Consider declaring the property as nullable. [/home/ubuntu/PROGRAMA-BETA/src/FiveMTool.csproj]
/home/ubuntu/PROGRAMA-BETA/src/External/CodeWalker.Core/GameFiles/FileTypes/WatermapFile.cs(54,16): warning CS8618: Non-nullable property 'Unks1' must contain a non-null value when exiting constructor. Consider declaring the property as nullable. [/home/ubuntu/PROGRAMA-BETA/src/FiveMTool.csproj]
/home/ubuntu/PROGRAMA-BETA/src/External/CodeWalker.Core/GameFiles/FileTypes/WatermapFile.cs(54,16): warning CS8618: Non-nullable property 'CompHeaders' must contain a non-null value when exiting constructor. Consider declaring the property as nullable. [/home/ubuntu/PROGRAMA-BETA/src/FiveMTool.csproj]
/home/ubuntu/PROGRAMA-BETA/src/External/CodeWalker.Core/GameFiles/FileTypes/WatermapFile.cs(54,16): warning CS8618: Non-nullable property 'CompWatermapInds' must contain a non-null value when exiting constructor. Consider declaring the property as nullable. [/home/ubuntu/PROGRAMA-BETA/src/FiveMTool.csproj]
/home/ubuntu/PROGRAMA-BETA/src/External/CodeWalker.Core/GameFiles/FileTypes/WatermapFile.cs(54,16): warning CS8618: Non-nullable property 'CompWatermapRefs' must contain a non-null value when exiting constructor. Consider declaring the property as nullable. [/home/ubuntu/PROGRAMA-BETA/src/FiveMTool.csproj]
/home/ubuntu/PROGRAMA-BETA/src/External/CodeWalker.Core/GameFiles/FileTypes/WatermapFile.cs(54,16): warning CS8618: Non-nullable property 'Zeros1' must contain a non-null value when exiting constructor. Consider declaring the property as nullable. [/home/ubuntu/PROGRAMA-BETA/src/FiveMTool.csproj]
/home/ubuntu/PROGRAMA-BETA/src/External/CodeWalker.Core/GameFiles/FileTypes/WatermapFile.cs(54,16): warning CS8618: Non-nullable property 'RiverVecs' must contain a non-null value when exiting constructor. Consider declaring the property as nullable. [/home/ubuntu/PROGRAMA-BETA/src/FiveMTool.csproj]
/home/ubuntu/PROGRAMA-BETA/src/External/CodeWalker.Core/GameFiles/FileTypes/WatermapFile.cs(54,16): warning CS8618: Non-nullable property 'Rivers' must contain a non-null value when exiting constructor. Consider declaring the property as nullable. [/home/ubuntu/PROGRAMA-BETA/src/FiveMTool.csproj]
/home/ubuntu/PROGRAMA-BETA/src/External/CodeWalker.Core/GameFiles/FileTypes/WatermapFile.cs(54,16): warning CS8618: Non-nullable property 'LakeVecs' must contain a non-null value when exiting constructor. Consider declaring the property as nullable. [/home/ubuntu/PROGRAMA-BETA/src/FiveMTool.csproj]
/home/ubuntu/PROGRAMA-BETA/src/External/CodeWalker.Core/GameFiles/FileTypes/WatermapFile.cs(54,16): warning CS8618: Non-nullable property 'Lakes' must contain a non-null value when exiting constructor. Consider declaring the property as nullable. [/home/ubuntu/PROGRAMA-BETA/src/FiveMTool.csproj]
/home/ubuntu/PROGRAMA-BETA/src/External/CodeWalker.Core/GameFiles/FileTypes/WatermapFile.cs(54,16): warning CS8618: Non-nullable property 'Pools' must contain a non-null value when exiting constructor. Consider declaring the property as nullable. [/home/ubuntu/PROGRAMA-BETA/src/FiveMTool.csproj]
/home/ubuntu/PROGRAMA-BETA/src/External/CodeWalker.Core/GameFiles/FileTypes/WatermapFile.cs(54,16): warning CS8618: Non-nullable property 'Colours' must contain a non-null value when exiting constructor. Consider declaring the property as nullable. [/home/ubuntu/PROGRAMA-BETA/src/FiveMTool.csproj]
/home/ubuntu/PROGRAMA-BETA/src/External/CodeWalker.Core/GameFiles/FileTypes/WatermapFile.cs(54,16): warning CS8618: Non-nullable property 'GridWatermapInds' must contain a non-null value when exiting constructor. Consider declaring the property as nullable. [/home/ubuntu/PROGRAMA-BETA/src/FiveMTool.csproj]
/home/ubuntu/PROGRAMA-BETA/src/External/CodeWalker.Core/GameFiles/FileTypes/WatermapFile.cs(54,16): warning CS8618: Non-nullable property 'GridWatermapRefs' must contain a non-null value when exiting constructor. Consider declaring the property as nullable. [/home/ubuntu/PROGRAMA-BETA/src/FiveMTool.csproj]
/home/ubuntu/PROGRAMA-BETA/src/External/CodeWalker.Core/GameFiles/FileTypes/YbnFile.cs(94,32): warning CS8601: Possible null reference assignment. [/home/ubuntu/PROGRAMA-BETA/src/FiveMTool.csproj]
/home/ubuntu/PROGRAMA-BETA/src/External/CodeWalker.Core/GameFiles/FileTypes/WatermapFile.cs(57,16): warning CS8618: Non-nullable property 'RawFileData' must contain a non-null value when exiting constructor. Consider declaring the property as nullable. [/home/ubuntu/PROGRAMA-BETA/src/FiveMTool.csproj]
/home/ubuntu/PROGRAMA-BETA/src/External/CodeWalker.Core/GameFiles/FileTypes/WatermapFile.cs(57,16): warning CS8618: Non-nullable property 'Unks1' must contain a non-null value when exiting constructor. Consider declaring the property as nullable. [/home/ubuntu/PROGRAMA-BETA/src/FiveMTool.csproj]
/home/ubuntu/PROGRAMA-BETA/src/External/CodeWalker.Core/GameFiles/FileTypes/WatermapFile.cs(57,16): warning CS8618: Non-nullable property 'CompHeaders' must contain a non-null value when exiting constructor. Consider declaring the property as nullable. [/home/ubuntu/PROGRAMA-BETA/src/FiveMTool.csproj]
/home/ubuntu/PROGRAMA-BETA/src/External/CodeWalker.Core/GameFiles/FileTypes/WatermapFile.cs(57,16): warning CS8618: Non-nullable property 'CompWatermapInds' must contain a non-null value when exiting constructor. Consider declaring the property as nullable. [/home/ubuntu/PROGRAMA-BETA/src/FiveMTool.csproj]
/home/ubuntu/PROGRAMA-BETA/src/External/CodeWalker.Core/GameFiles/FileTypes/WatermapFile.cs(57,16): warning CS8618: Non-nullable property 'CompWatermapRefs' must contain a non-null value when exiting constructor. Consider declaring the property as nullable. [/home/ubuntu/PROGRAMA-BETA/src/FiveMTool.csproj]
/home/ubuntu/PROGRAMA-BETA/src/External/CodeWalker.Core/GameFiles/FileTypes/WatermapFile.cs(57,16): warning CS8618: Non-nullable property 'Zeros1' must contain a non-null value when exiting constructor. Consider declaring the property as nullable. [/home/ubuntu/PROGRAMA-BETA/src/FiveMTool.csproj]
/home/ubuntu/PROGRAMA-BETA/src/External/CodeWalker.Core/GameFiles/FileTypes/WatermapFile.cs(57,16): warning CS8618: Non-nullable property 'RiverVecs' must contain a non-null value when exiting constructor. Consider declaring the property as nullable. [/home/ubuntu/PROGRAMA-BETA/src/FiveMTool.csproj]
/home/ubuntu/PROGRAMA-BETA/src/External/CodeWalker.Core/GameFiles/FileTypes/WatermapFile.cs(57,16): warning CS8618: Non-nullable property 'Rivers' must contain a non-null value when exiting constructor. Consider declaring the property as nullable. [/home/ubuntu/PROGRAMA-BETA/src/FiveMTool.csproj]
/home/ubuntu/PROGRAMA-BETA/src/External/CodeWalker.Core/GameFiles/FileTypes/WatermapFile.cs(57,16): warning CS8618: Non-nullable property 'LakeVecs' must contain a non-null value when exiting constructor. Consider declaring the property as nullable. [/home/ubuntu/PROGRAMA-BETA/src/FiveMTool.csproj]
/home/ubuntu/PROGRAMA-BETA/src/External/CodeWalker.Core/GameFiles/FileTypes/WatermapFile.cs(57,16): warning CS8618: Non-nullable property 'Lakes' must contain a non-null value when exiting constructor. Consider declaring the property as nullable. [/home/ubuntu/PROGRAMA-BETA/src/FiveMTool.csproj]
/home/ubuntu/PROGRAMA-BETA/src/External/CodeWalker.Core/GameFiles/FileTypes/WatermapFile.cs(57,16): warning CS8618: Non-nullable property 'Pools' must contain a non-null value when exiting constructor. Consider declaring the property as nullable. [/home/ubuntu/PROGRAMA-BETA/src/FiveMTool.csproj]
/home/ubuntu/PROGRAMA-BETA/src/External/CodeWalker.Core/GameFiles/FileTypes/WatermapFile.cs(57,16): warning CS8618: Non-nullable property 'Colours' must contain a non-null value when exiting constructor. Consider declaring the property as nullable. [/home/ubuntu/PROGRAMA-BETA/src/FiveMTool.csproj]
/home/ubuntu/PROGRAMA-BETA/src/External/CodeWalker.Core/GameFiles/FileTypes/WatermapFile.cs(57,16): warning CS8618: Non-nullable property 'GridWatermapInds' must contain a non-null value when exiting constructor. Consider declaring the property as nullable. [/home/ubuntu/PROGRAMA-BETA/src/FiveMTool.csproj]
/home/ubuntu/PROGRAMA-BETA/src/External/CodeWalker.Core/GameFiles/FileTypes/WatermapFile.cs(57,16): warning CS8618: Non-nullable property 'GridWatermapRefs' must contain a non-null value when exiting constructor. Consider declaring the property as nullable. [/home/ubuntu/PROGRAMA-BETA/src/FiveMTool.csproj]
/home/ubuntu/PROGRAMA-BETA/src/External/CodeWalker.Core/GameFiles/FileTypes/YcdFile.cs(347,40): warning CS8604: Possible null reference argument for parameter 'node' in 'void ClipDictionary.ReadXml(XmlNode node)'. [/home/ubuntu/PROGRAMA-BETA/src/FiveMTool.csproj]
/home/ubuntu/PROGRAMA-BETA/src/External/CodeWalker.Core/GameFiles/FileTypes/YcdFile.cs(26,33): warning CS8625: Cannot convert null literal to non-nullable reference type. [/home/ubuntu/PROGRAMA-BETA/src/FiveMTool.csproj]
/home/ubuntu/PROGRAMA-BETA/src/External/CodeWalker.Core/GameFiles/FileTypes/YcdFile.cs(26,16): warning CS8618: Non-nullable property 'ClipDictionary' must contain a non-null value when exiting constructor. Consider declaring the property as nullable. [/home/ubuntu/PROGRAMA-BETA/src/FiveMTool.csproj]
/home/ubuntu/PROGRAMA-BETA/src/External/CodeWalker.Core/GameFiles/FileTypes/YcdFile.cs(26,16): warning CS8618: Non-nullable property 'ClipMap' must contain a non-null value when exiting constructor. Consider declaring the property as nullable. [/home/ubuntu/PROGRAMA-BETA/src/FiveMTool.csproj]
/home/ubuntu/PROGRAMA-BETA/src/External/CodeWalker.Core/GameFiles/FileTypes/YcdFile.cs(26,16): warning CS8618: Non-nullable property 'AnimMap' must contain a non-null value when exiting constructor. Consider declaring the property as nullable. [/home/ubuntu/PROGRAMA-BETA/src/FiveMTool.csproj]
/home/ubuntu/PROGRAMA-BETA/src/External/CodeWalker.Core/GameFiles/FileTypes/YcdFile.cs(26,16): warning CS8618: Non-nullable property 'CutsceneMap' must contain a non-null value when exiting constructor. Consider declaring the property as nullable. [/home/ubuntu/PROGRAMA-BETA/src/FiveMTool.csproj]
/home/ubuntu/PROGRAMA-BETA/src/External/CodeWalker.Core/GameFiles/FileTypes/YcdFile.cs(26,16): warning CS8618: Non-nullable property 'ClipMapEntries' must contain a non-null value when exiting constructor. Consider declaring the property as nullable. [/home/ubuntu/PROGRAMA-BETA/src/FiveMTool.csproj]
/home/ubuntu/PROGRAMA-BETA/src/External/CodeWalker.Core/GameFiles/FileTypes/YcdFile.cs(26,16): warning CS8618: Non-nullable property 'AnimMapEntries' must contain a non-null value when exiting constructor. Consider declaring the property as nullable. [/home/ubuntu/PROGRAMA-BETA/src/FiveMTool.csproj]
/home/ubuntu/PROGRAMA-BETA/src/External/CodeWalker.Core/GameFiles/FileTypes/YcdFile.cs(26,16): warning CS8618: Non-nullable property 'LoadException' must contain a non-null value when exiting constructor. Consider declaring the property as nullable. [/home/ubuntu/PROGRAMA-BETA/src/FiveMTool.csproj]
/home/ubuntu/PROGRAMA-BETA/src/External/CodeWalker.Core/GameFiles/FileTypes/WatermapFile.cs(544,25): warning CS8604: Possible null reference argument for parameter 'node' in 'void WatermapFile.ReadXml(XmlNode node)'. [/home/ubuntu/PROGRAMA-BETA/src/FiveMTool.csproj]
/home/ubuntu/PROGRAMA-BETA/src/External/CodeWalker.Core/GameFiles/FileTypes/YddFile.cs(19,33): warning CS8625: Cannot convert null literal to non-nullable reference type. [/home/ubuntu/PROGRAMA-BETA/src/FiveMTool.csproj]
/home/ubuntu/PROGRAMA-BETA/src/External/CodeWalker.Core/GameFiles/FileTypes/YddFile.cs(19,16): warning CS8618: Non-nullable property 'DrawableDict' must contain a non-null value when exiting constructor. Consider declaring the property as nullable. [/home/ubuntu/PROGRAMA-BETA/src/FiveMTool.csproj]
/home/ubuntu/PROGRAMA-BETA/src/External/CodeWalker.Core/GameFiles/FileTypes/YddFile.cs(19,16): warning CS8618: Non-nullable property 'Dict' must contain a non-null value when exiting constructor. Consider declaring the property as nullable. [/home/ubuntu/PROGRAMA-BETA/src/FiveMTool.csproj]
/home/ubuntu/PROGRAMA-BETA/src/External/CodeWalker.Core/GameFiles/FileTypes/YddFile.cs(19,16): warning CS8618: Non-nullable property 'Drawables' must contain a non-null value when exiting constructor. Consider declaring the property as nullable. [/home/ubuntu/PROGRAMA-BETA/src/FiveMTool.csproj]
/home/ubuntu/PROGRAMA-BETA/src/External/CodeWalker.Core/GameFiles/FileTypes/YddFile.cs(22,16): warning CS8618: Non-nullable property 'DrawableDict' must contain a non-null value when exiting constructor. Consider declaring the property as nullable. [/home/ubuntu/PROGRAMA-BETA/src/FiveMTool.csproj]
/home/ubuntu/PROGRAMA-BETA/src/External/CodeWalker.Core/GameFiles/FileTypes/YddFile.cs(22,16): warning CS8618: Non-nullable property 'Dict' must contain a non-null value when exiting constructor. Consider declaring the property as nullable. [/home/ubuntu/PROGRAMA-BETA/src/FiveMTool.csproj]
/home/ubuntu/PROGRAMA-BETA/src/External/CodeWalker.Core/GameFiles/FileTypes/YddFile.cs(22,16): warning CS8618: Non-nullable property 'Drawables' must contain a non-null value when exiting constructor. Consider declaring the property as nullable. [/home/ubuntu/PROGRAMA-BETA/src/FiveMTool.csproj]
/home/ubuntu/PROGRAMA-BETA/src/External/CodeWalker.Core/GameFiles/FileTypes/YbnFile.cs(160,38): warning CS8603: Possible null reference return. [/home/ubuntu/PROGRAMA-BETA/src/FiveMTool.csproj]
/home/ubuntu/PROGRAMA-BETA/src/External/CodeWalker.Core/GameFiles/FileTypes/YbnFile.cs(197,20): warning CS8603: Possible null reference return. [/home/ubuntu/PROGRAMA-BETA/src/FiveMTool.csproj]
/home/ubuntu/PROGRAMA-BETA/src/External/CodeWalker.Core/GameFiles/FileTypes/RelFile.cs(21266,48): warning CS8604: Possible null reference argument for parameter 'variables' in 'AssembleResult Dat10Synth.Assemble(string assembly, Dat10SynthVariable[] variables, Action<string, int> onError = null)'. [/home/ubuntu/PROGRAMA-BETA/src/FiveMTool.csproj]
/home/ubuntu/PROGRAMA-BETA/src/External/CodeWalker.Core/GameFiles/FileTypes/YbnFile.cs(202,51): warning CS8604: Possible null reference argument for parameter 'node' in 'BoundMaterialColour[] XmlYbn.GetRawBoundMaterialColourArray(XmlNode node)'. [/home/ubuntu/PROGRAMA-BETA/src/FiveMTool.csproj]
/home/ubuntu/PROGRAMA-BETA/src/External/CodeWalker.Core/GameFiles/FileTypes/YedFile.cs(24,33): warning CS8625: Cannot convert null literal to non-nullable reference type. [/home/ubuntu/PROGRAMA-BETA/src/FiveMTool.csproj]
/home/ubuntu/PROGRAMA-BETA/src/External/CodeWalker.Core/GameFiles/FileTypes/YedFile.cs(24,16): warning CS8618: Non-nullable property 'ExpressionDictionary' must contain a non-null value when exiting constructor. Consider declaring the property as nullable. [/home/ubuntu/PROGRAMA-BETA/src/FiveMTool.csproj]
/home/ubuntu/PROGRAMA-BETA/src/External/CodeWalker.Core/GameFiles/FileTypes/YedFile.cs(24,16): warning CS8618: Non-nullable property 'LoadException' must contain a non-null value when exiting constructor. Consider declaring the property as nullable. [/home/ubuntu/PROGRAMA-BETA/src/FiveMTool.csproj]
/home/ubuntu/PROGRAMA-BETA/src/External/CodeWalker.Core/GameFiles/FileTypes/YedFile.cs(24,16): warning CS8618: Non-nullable property 'ExprMap' must contain a non-null value when exiting constructor. Consider declaring the property as nullable. [/home/ubuntu/PROGRAMA-BETA/src/FiveMTool.csproj]
/home/ubuntu/PROGRAMA-BETA/src/External/CodeWalker.Core/GameFiles/FileTypes/YedFile.cs(27,16): warning CS8618: Non-nullable property 'ExpressionDictionary' must contain a non-null value when exiting constructor. Consider declaring the property as nullable. [/home/ubuntu/PROGRAMA-BETA/src/FiveMTool.csproj]
/home/ubuntu/PROGRAMA-BETA/src/External/CodeWalker.Core/GameFiles/FileTypes/YedFile.cs(27,16): warning CS8618: Non-nullable property 'LoadException' must contain a non-null value when exiting constructor. Consider declaring the property as nullable. [/home/ubuntu/PROGRAMA-BETA/src/FiveMTool.csproj]
/home/ubuntu/PROGRAMA-BETA/src/External/CodeWalker.Core/GameFiles/FileTypes/YedFile.cs(27,16): warning CS8618: Non-nullable property 'ExprMap' must contain a non-null value when exiting constructor. Consider declaring the property as nullable. [/home/ubuntu/PROGRAMA-BETA/src/FiveMTool.csproj]
/home/ubuntu/PROGRAMA-BETA/src/External/CodeWalker.Core/GameFiles/FileTypes/YfdFile.cs(19,33): warning CS8625: Cannot convert null literal to non-nullable reference type. [/home/ubuntu/PROGRAMA-BETA/src/FiveMTool.csproj]
/home/ubuntu/PROGRAMA-BETA/src/External/CodeWalker.Core/GameFiles/FileTypes/YfdFile.cs(19,16): warning CS8618: Non-nullable property 'FrameFilterDictionary' must contain a non-null value when exiting constructor. Consider declaring the property as nullable. [/home/ubuntu/PROGRAMA-BETA/src/FiveMTool.csproj]
/home/ubuntu/PROGRAMA-BETA/src/External/CodeWalker.Core/GameFiles/FileTypes/YfdFile.cs(19,16): warning CS8618: Non-nullable property 'LoadException' must contain a non-null value when exiting constructor. Consider declaring the property as nullable. [/home/ubuntu/PROGRAMA-BETA/src/FiveMTool.csproj]
/home/ubuntu/PROGRAMA-BETA/src/External/CodeWalker.Core/GameFiles/FileTypes/YfdFile.cs(22,16): warning CS8618: Non-nullable property 'FrameFilterDictionary' must contain a non-null value when exiting constructor. Consider declaring the property as nullable. [/home/ubuntu/PROGRAMA-BETA/src/FiveMTool.csproj]
/home/ubuntu/PROGRAMA-BETA/src/External/CodeWalker.Core/GameFiles/FileTypes/YfdFile.cs(22,16): warning CS8618: Non-nullable property 'LoadException' must contain a non-null value when exiting constructor. Consider declaring the property as nullable. [/home/ubuntu/PROGRAMA-BETA/src/FiveMTool.csproj]
/home/ubuntu/PROGRAMA-BETA/src/External/CodeWalker.Core/GameFiles/FileTypes/YedFile.cs(38,45): warning CS8600: Converting null literal or possible null value to non-nullable type. [/home/ubuntu/PROGRAMA-BETA/src/FiveMTool.csproj]
/home/ubuntu/PROGRAMA-BETA/src/External/CodeWalker.Core/GameFiles/FileTypes/YedFile.cs(44,37): warning CS8600: Converting null literal or possible null value to non-nullable type. [/home/ubuntu/PROGRAMA-BETA/src/FiveMTool.csproj]
/home/ubuntu/PROGRAMA-BETA/src/External/CodeWalker.Core/GameFiles/FileTypes/YedFile.cs(55,36): warning CS8601: Possible null reference assignment. [/home/ubuntu/PROGRAMA-BETA/src/FiveMTool.csproj]
/home/ubuntu/PROGRAMA-BETA/src/External/CodeWalker.Core/GameFiles/FileTypes/YddFile.cs(40,45): warning CS8600: Converting null literal or possible null value to non-nullable type. [/home/ubuntu/PROGRAMA-BETA/src/FiveMTool.csproj]
/home/ubuntu/PROGRAMA-BETA/src/External/CodeWalker.Core/GameFiles/FileTypes/YfdFile.cs(33,45): warning CS8600: Converting null literal or possible null value to non-nullable type. [/home/ubuntu/PROGRAMA-BETA/src/FiveMTool.csproj]
/home/ubuntu/PROGRAMA-BETA/src/External/CodeWalker.Core/GameFiles/FileTypes/YfdFile.cs(39,37): warning CS8600: Converting null literal or possible null value to non-nullable type. [/home/ubuntu/PROGRAMA-BETA/src/FiveMTool.csproj]
/home/ubuntu/PROGRAMA-BETA/src/External/CodeWalker.Core/GameFiles/FileTypes/YfdFile.cs(50,37): warning CS8601: Possible null reference assignment. [/home/ubuntu/PROGRAMA-BETA/src/FiveMTool.csproj]
/home/ubuntu/PROGRAMA-BETA/src/External/CodeWalker.Core/GameFiles/FileTypes/YftFile.cs(17,33): warning CS8625: Cannot convert null literal to non-nullable reference type. [/home/ubuntu/PROGRAMA-BETA/src/FiveMTool.csproj]
/home/ubuntu/PROGRAMA-BETA/src/External/CodeWalker.Core/GameFiles/FileTypes/YftFile.cs(17,16): warning CS8618: Non-nullable property 'Fragment' must contain a non-null value when exiting constructor. Consider declaring the property as nullable. [/home/ubuntu/PROGRAMA-BETA/src/FiveMTool.csproj]
/home/ubuntu/PROGRAMA-BETA/src/External/CodeWalker.Core/GameFiles/FileTypes/YftFile.cs(20,16): warning CS8618: Non-nullable property 'Fragment' must contain a non-null value when exiting constructor. Consider declaring the property as nullable. [/home/ubuntu/PROGRAMA-BETA/src/FiveMTool.csproj]
/home/ubuntu/PROGRAMA-BETA/src/External/CodeWalker.Core/GameFiles/FileTypes/YddFile.cs(118,49): warning CS8604: Possible null reference argument for parameter 'fileBase' in 'byte[] ResourceBuilder.Build(ResourceFileBase fileBase, int version, bool compress = true, bool gen9 = false)'. [/home/ubuntu/PROGRAMA-BETA/src/FiveMTool.csproj]
/home/ubuntu/PROGRAMA-BETA/src/External/CodeWalker.Core/GameFiles/FileTypes/YldFile.cs(23,33): warning CS8625: Cannot convert null literal to non-nullable reference type. [/home/ubuntu/PROGRAMA-BETA/src/FiveMTool.csproj]
/home/ubuntu/PROGRAMA-BETA/src/External/CodeWalker.Core/GameFiles/FileTypes/YldFile.cs(23,16): warning CS8618: Non-nullable property 'ClothDictionary' must contain a non-null value when exiting constructor. Consider declaring the property as nullable. [/home/ubuntu/PROGRAMA-BETA/src/FiveMTool.csproj]
/home/ubuntu/PROGRAMA-BETA/src/External/CodeWalker.Core/GameFiles/FileTypes/YldFile.cs(23,16): warning CS8618: Non-nullable property 'Dict' must contain a non-null value when exiting constructor. Consider declaring the property as nullable. [/home/ubuntu/PROGRAMA-BETA/src/FiveMTool.csproj]
/home/ubuntu/PROGRAMA-BETA/src/External/CodeWalker.Core/GameFiles/FileTypes/YldFile.cs(23,16): warning CS8618: Non-nullable property 'LoadException' must contain a non-null value when exiting constructor. Consider declaring the property as nullable. [/home/ubuntu/PROGRAMA-BETA/src/FiveMTool.csproj]
/home/ubuntu/PROGRAMA-BETA/src/External/CodeWalker.Core/GameFiles/FileTypes/YldFile.cs(26,16): warning CS8618: Non-nullable property 'ClothDictionary' must contain a non-null value when exiting constructor. Consider declaring the property as nullable. [/home/ubuntu/PROGRAMA-BETA/src/FiveMTool.csproj]
/home/ubuntu/PROGRAMA-BETA/src/External/CodeWalker.Core/GameFiles/FileTypes/YldFile.cs(26,16): warning CS8618: Non-nullable property 'Dict' must contain a non-null value when exiting constructor. Consider declaring the property as nullable. [/home/ubuntu/PROGRAMA-BETA/src/FiveMTool.csproj]
/home/ubuntu/PROGRAMA-BETA/src/External/CodeWalker.Core/GameFiles/FileTypes/YldFile.cs(26,16): warning CS8618: Non-nullable property 'LoadException' must contain a non-null value when exiting constructor. Consider declaring the property as nullable. [/home/ubuntu/PROGRAMA-BETA/src/FiveMTool.csproj]
/home/ubuntu/PROGRAMA-BETA/src/External/CodeWalker.Core/GameFiles/FileTypes/YftFile.cs(37,45): warning CS8600: Converting null literal or possible null value to non-nullable type. [/home/ubuntu/PROGRAMA-BETA/src/FiveMTool.csproj]
/home/ubuntu/PROGRAMA-BETA/src/External/CodeWalker.Core/GameFiles/FileTypes/YftFile.cs(87,49): warning CS8604: Possible null reference argument for parameter 'fileBase' in 'byte[] ResourceBuilder.Build(ResourceFileBase fileBase, int version, bool compress = true, bool gen9 = false)'. [/home/ubuntu/PROGRAMA-BETA/src/FiveMTool.csproj]
/home/ubuntu/PROGRAMA-BETA/src/External/CodeWalker.Core/GameFiles/FileTypes/YmapFile.cs(2857,25): warning CS8618: Non-nullable property 'Ymap' must contain a non-null value when exiting constructor. Consider declaring the property as nullable. [/home/ubuntu/PROGRAMA-BETA/src/FiveMTool.csproj]
/home/ubuntu/PROGRAMA-BETA/src/External/CodeWalker.Core/GameFiles/FileTypes/YfdFile.cs(93,47): warning CS8604: Possible null reference argument for parameter 'node' in 'void FrameFilterDictionary.ReadXml(XmlNode node)'. [/home/ubuntu/PROGRAMA-BETA/src/FiveMTool.csproj]
/home/ubuntu/PROGRAMA-BETA/src/External/CodeWalker.Core/GameFiles/FileTypes/YcdFile.cs(29,16): warning CS8618: Non-nullable property 'ClipDictionary' must contain a non-null value when exiting constructor. Consider declaring the property as nullable. [/home/ubuntu/PROGRAMA-BETA/src/FiveMTool.csproj]
/home/ubuntu/PROGRAMA-BETA/src/External/CodeWalker.Core/GameFiles/FileTypes/YcdFile.cs(29,16): warning CS8618: Non-nullable property 'ClipMap' must contain a non-null value when exiting constructor. Consider declaring the property as nullable. [/home/ubuntu/PROGRAMA-BETA/src/FiveMTool.csproj]
/home/ubuntu/PROGRAMA-BETA/src/External/CodeWalker.Core/GameFiles/FileTypes/YcdFile.cs(29,16): warning CS8618: Non-nullable property 'AnimMap' must contain a non-null value when exiting constructor. Consider declaring the property as nullable. [/home/ubuntu/PROGRAMA-BETA/src/FiveMTool.csproj]
/home/ubuntu/PROGRAMA-BETA/src/External/CodeWalker.Core/GameFiles/FileTypes/YcdFile.cs(29,16): warning CS8618: Non-nullable property 'CutsceneMap' must contain a non-null value when exiting constructor. Consider declaring the property as nullable. [/home/ubuntu/PROGRAMA-BETA/src/FiveMTool.csproj]
/home/ubuntu/PROGRAMA-BETA/src/External/CodeWalker.Core/GameFiles/FileTypes/YcdFile.cs(29,16): warning CS8618: Non-nullable property 'ClipMapEntries' must contain a non-null value when exiting constructor. Consider declaring the property as nullable. [/home/ubuntu/PROGRAMA-BETA/src/FiveMTool.csproj]
/home/ubuntu/PROGRAMA-BETA/src/External/CodeWalker.Core/GameFiles/FileTypes/YcdFile.cs(29,16): warning CS8618: Non-nullable property 'AnimMapEntries' must contain a non-null value when exiting constructor. Consider declaring the property as nullable. [/home/ubuntu/PROGRAMA-BETA/src/FiveMTool.csproj]
/home/ubuntu/PROGRAMA-BETA/src/External/CodeWalker.Core/GameFiles/FileTypes/YcdFile.cs(29,16): warning CS8618: Non-nullable property 'LoadException' must contain a non-null value when exiting constructor. Consider declaring the property as nullable. [/home/ubuntu/PROGRAMA-BETA/src/FiveMTool.csproj]
/home/ubuntu/PROGRAMA-BETA/src/External/CodeWalker.Core/GameFiles/FileTypes/YdrFile.cs(15,33): warning CS8625: Cannot convert null literal to non-nullable reference type. [/home/ubuntu/PROGRAMA-BETA/src/FiveMTool.csproj]
/home/ubuntu/PROGRAMA-BETA/src/External/CodeWalker.Core/GameFiles/FileTypes/YdrFile.cs(15,16): warning CS8618: Non-nullable property 'Drawable' must contain a non-null value when exiting constructor. Consider declaring the property as nullable. [/home/ubuntu/PROGRAMA-BETA/src/FiveMTool.csproj]
/home/ubuntu/PROGRAMA-BETA/src/External/CodeWalker.Core/GameFiles/FileTypes/YdrFile.cs(18,16): warning CS8618: Non-nullable property 'Drawable' must contain a non-null value when exiting constructor. Consider declaring the property as nullable. [/home/ubuntu/PROGRAMA-BETA/src/FiveMTool.csproj]
/home/ubuntu/PROGRAMA-BETA/src/External/CodeWalker.Core/GameFiles/FileTypes/YmapFile.cs(1715,63): warning CS8625: Cannot convert null literal to non-nullable reference type. [/home/ubuntu/PROGRAMA-BETA/src/FiveMTool.csproj]
/home/ubuntu/PROGRAMA-BETA/src/External/CodeWalker.Core/GameFiles/FileTypes/YmapFile.cs(1716,46): warning CS8625: Cannot convert null literal to non-nullable reference type. [/home/ubuntu/PROGRAMA-BETA/src/FiveMTool.csproj]
/home/ubuntu/PROGRAMA-BETA/src/External/CodeWalker.Core/GameFiles/FileTypes/YmapFile.cs(1734,16): warning CS8618: Non-nullable property 'Archetype' must contain a non-null value when exiting constructor. Consider declaring the property as nullable. [/home/ubuntu/PROGRAMA-BETA/src/FiveMTool.csproj]
/home/ubuntu/PROGRAMA-BETA/src/External/CodeWalker.Core/GameFiles/FileTypes/YmapFile.cs(1734,16): warning CS8618: Non-nullable property 'ChildList' must contain a non-null value when exiting constructor. Consider declaring the property as nullable. [/home/ubuntu/PROGRAMA-BETA/src/FiveMTool.csproj]
/home/ubuntu/PROGRAMA-BETA/src/External/CodeWalker.Core/GameFiles/FileTypes/YmapFile.cs(1734,16): warning CS8618: Non-nullable property 'Children' must contain a non-null value when exiting constructor. Consider declaring the property as nullable. [/home/ubuntu/PROGRAMA-BETA/src/FiveMTool.csproj]
/home/ubuntu/PROGRAMA-BETA/src/External/CodeWalker.Core/GameFiles/FileTypes/YmapFile.cs(1734,16): warning CS8618: Non-nullable field 'ChildrenMerged' must contain a non-null value when exiting constructor. Consider declaring the field as nullable. [/home/ubuntu/PROGRAMA-BETA/src/FiveMTool.csproj]
/home/ubuntu/PROGRAMA-BETA/src/External/CodeWalker.Core/GameFiles/FileTypes/YmapFile.cs(1734,16): warning CS8618: Non-nullable property 'MloInstance' must contain a non-null value when exiting constructor. Consider declaring the property as nullable. [/home/ubuntu/PROGRAMA-BETA/src/FiveMTool.csproj]
/home/ubuntu/PROGRAMA-BETA/src/External/CodeWalker.Core/GameFiles/FileTypes/YmapFile.cs(1734,16): warning CS8618: Non-nullable property 'MloParent' must contain a non-null value when exiting constructor. Consider declaring the property as nullable. [/home/ubuntu/PROGRAMA-BETA/src/FiveMTool.csproj]
/home/ubuntu/PROGRAMA-BETA/src/External/CodeWalker.Core/GameFiles/FileTypes/YmapFile.cs(1734,16): warning CS8618: Non-nullable property 'MloEntitySet' must contain a non-null value when exiting constructor. Consider declaring the property as nullable. [/home/ubuntu/PROGRAMA-BETA/src/FiveMTool.csproj]
/home/ubuntu/PROGRAMA-BETA/src/External/CodeWalker.Core/GameFiles/FileTypes/YmapFile.cs(1734,16): warning CS8618: Non-nullable property 'Extensions' must contain a non-null value when exiting constructor. Consider declaring the property as nullable. [/home/ubuntu/PROGRAMA-BETA/src/FiveMTool.csproj]
/home/ubuntu/PROGRAMA-BETA/src/External/CodeWalker.Core/GameFiles/FileTypes/YmapFile.cs(1734,16): warning CS8618: Non-nullable property 'Parent' must contain a non-null value when exiting constructor. Consider declaring the property as nullable. [/home/ubuntu/PROGRAMA-BETA/src/FiveMTool.csproj]
/home/ubuntu/PROGRAMA-BETA/src/External/CodeWalker.Core/GameFiles/FileTypes/YmapFile.cs(1734,16): warning CS8618: Non-nullable property 'Ymap' must contain a non-null value when exiting constructor. Consider declaring the property as nullable. [/home/ubuntu/PROGRAMA-BETA/src/FiveMTool.csproj]
/home/ubuntu/PROGRAMA-BETA/src/External/CodeWalker.Core/GameFiles/FileTypes/YmapFile.cs(1734,16): warning CS8618: Non-nullable property 'Lights' must contain a non-null value when exiting constructor. Consider declaring the property as nullable. [/home/ubuntu/PROGRAMA-BETA/src/FiveMTool.csproj]
/home/ubuntu/PROGRAMA-BETA/src/External/CodeWalker.Core/GameFiles/FileTypes/YmapFile.cs(3069,45): warning CS8603: Possible null reference return. [/home/ubuntu/PROGRAMA-BETA/src/FiveMTool.csproj]
/home/ubuntu/PROGRAMA-BETA/src/External/CodeWalker.Core/GameFiles/FileTypes/YmapFile.cs(1740,16): warning CS8618: Non-nullable property 'Archetype' must contain a non-null value when exiting constructor. Consider declaring the property as nullable. [/home/ubuntu/PROGRAMA-BETA/src/FiveMTool.csproj]
/home/ubuntu/PROGRAMA-BETA/src/External/CodeWalker.Core/GameFiles/FileTypes/YmapFile.cs(1740,16): warning CS8618: Non-nullable property 'ChildList' must contain a non-null value when exiting constructor. Consider declaring the property as nullable. [/home/ubuntu/PROGRAMA-BETA/src/FiveMTool.csproj]
/home/ubuntu/PROGRAMA-BETA/src/External/CodeWalker.Core/GameFiles/FileTypes/YmapFile.cs(1740,16): warning CS8618: Non-nullable property 'Children' must contain a non-null value when exiting constructor. Consider declaring the property as nullable. [/home/ubuntu/PROGRAMA-BETA/src/FiveMTool.csproj]
/home/ubuntu/PROGRAMA-BETA/src/External/CodeWalker.Core/GameFiles/FileTypes/YmapFile.cs(1740,16): warning CS8618: Non-nullable field 'ChildrenMerged' must contain a non-null value when exiting constructor. Consider declaring the field as nullable. [/home/ubuntu/PROGRAMA-BETA/src/FiveMTool.csproj]
/home/ubuntu/PROGRAMA-BETA/src/External/CodeWalker.Core/GameFiles/FileTypes/YmapFile.cs(1740,16): warning CS8618: Non-nullable property 'MloInstance' must contain a non-null value when exiting constructor. Consider declaring the property as nullable. [/home/ubuntu/PROGRAMA-BETA/src/FiveMTool.csproj]
/home/ubuntu/PROGRAMA-BETA/src/External/CodeWalker.Core/GameFiles/FileTypes/YmapFile.cs(1740,16): warning CS8618: Non-nullable property 'MloParent' must contain a non-null value when exiting constructor. Consider declaring the property as nullable. [/home/ubuntu/PROGRAMA-BETA/src/FiveMTool.csproj]
/home/ubuntu/PROGRAMA-BETA/src/External/CodeWalker.Core/GameFiles/FileTypes/YmapFile.cs(1740,16): warning CS8618: Non-nullable property 'MloEntitySet' must contain a non-null value when exiting constructor. Consider declaring the property as nullable. [/home/ubuntu/PROGRAMA-BETA/src/FiveMTool.csproj]
/home/ubuntu/PROGRAMA-BETA/src/External/CodeWalker.Core/GameFiles/FileTypes/YmapFile.cs(1740,16): warning CS8618: Non-nullable property 'Extensions' must contain a non-null value when exiting constructor. Consider declaring the property as nullable. [/home/ubuntu/PROGRAMA-BETA/src/FiveMTool.csproj]
/home/ubuntu/PROGRAMA-BETA/src/External/CodeWalker.Core/GameFiles/FileTypes/YmapFile.cs(1740,16): warning CS8618: Non-nullable property 'Parent' must contain a non-null value when exiting constructor. Consider declaring the property as nullable. [/home/ubuntu/PROGRAMA-BETA/src/FiveMTool.csproj]
/home/ubuntu/PROGRAMA-BETA/src/External/CodeWalker.Core/GameFiles/FileTypes/YmapFile.cs(1740,16): warning CS8618: Non-nullable property 'Lights' must contain a non-null value when exiting constructor. Consider declaring the property as nullable. [/home/ubuntu/PROGRAMA-BETA/src/FiveMTool.csproj]
/home/ubuntu/PROGRAMA-BETA/src/External/CodeWalker.Core/GameFiles/FileTypes/YmapFile.cs(1773,53): warning CS8625: Cannot convert null literal to non-nullable reference type. [/home/ubuntu/PROGRAMA-BETA/src/FiveMTool.csproj]
/home/ubuntu/PROGRAMA-BETA/src/External/CodeWalker.Core/GameFiles/FileTypes/YmapFile.cs(1759,16): warning CS8618: Non-nullable property 'Archetype' must contain a non-null value when exiting constructor. Consider declaring the property as nullable. [/home/ubuntu/PROGRAMA-BETA/src/FiveMTool.csproj]
/home/ubuntu/PROGRAMA-BETA/src/External/CodeWalker.Core/GameFiles/FileTypes/YmapFile.cs(1759,16): warning CS8618: Non-nullable property 'ChildList' must contain a non-null value when exiting constructor. Consider declaring the property as nullable. [/home/ubuntu/PROGRAMA-BETA/src/FiveMTool.csproj]
/home/ubuntu/PROGRAMA-BETA/src/External/CodeWalker.Core/GameFiles/FileTypes/YmapFile.cs(1759,16): warning CS8618: Non-nullable property 'Children' must contain a non-null value when exiting constructor. Consider declaring the property as nullable. [/home/ubuntu/PROGRAMA-BETA/src/FiveMTool.csproj]
/home/ubuntu/PROGRAMA-BETA/src/External/CodeWalker.Core/GameFiles/FileTypes/YmapFile.cs(1759,16): warning CS8618: Non-nullable field 'ChildrenMerged' must contain a non-null value when exiting constructor. Consider declaring the field as nullable. [/home/ubuntu/PROGRAMA-BETA/src/FiveMTool.csproj]
/home/ubuntu/PROGRAMA-BETA/src/External/CodeWalker.Core/GameFiles/FileTypes/YmapFile.cs(1759,16): warning CS8618: Non-nullable property 'MloParent' must contain a non-null value when exiting constructor. Consider declaring the property as nullable. [/home/ubuntu/PROGRAMA-BETA/src/FiveMTool.csproj]
/home/ubuntu/PROGRAMA-BETA/src/External/CodeWalker.Core/GameFiles/FileTypes/YmapFile.cs(1759,16): warning CS8618: Non-nullable property 'MloEntitySet' must contain a non-null value when exiting constructor. Consider declaring the property as nullable. [/home/ubuntu/PROGRAMA-BETA/src/FiveMTool.csproj]
/home/ubuntu/PROGRAMA-BETA/src/External/CodeWalker.Core/GameFiles/FileTypes/YmapFile.cs(1759,16): warning CS8618: Non-nullable property 'Extensions' must contain a non-null value when exiting constructor. Consider declaring the property as nullable. [/home/ubuntu/PROGRAMA-BETA/src/FiveMTool.csproj]
/home/ubuntu/PROGRAMA-BETA/src/External/CodeWalker.Core/GameFiles/FileTypes/YmapFile.cs(1759,16): warning CS8618: Non-nullable property 'Parent' must contain a non-null value when exiting constructor. Consider declaring the property as nullable. [/home/ubuntu/PROGRAMA-BETA/src/FiveMTool.csproj]
/home/ubuntu/PROGRAMA-BETA/src/External/CodeWalker.Core/GameFiles/FileTypes/YmapFile.cs(1759,16): warning CS8618: Non-nullable property 'Lights' must contain a non-null value when exiting constructor. Consider declaring the property as nullable. [/home/ubuntu/PROGRAMA-BETA/src/FiveMTool.csproj]
/home/ubuntu/PROGRAMA-BETA/src/External/CodeWalker.Core/GameFiles/FileTypes/YdrFile.cs(36,45): warning CS8600: Converting null literal or possible null value to non-nullable type. [/home/ubuntu/PROGRAMA-BETA/src/FiveMTool.csproj]
/home/ubuntu/PROGRAMA-BETA/src/External/CodeWalker.Core/GameFiles/FileTypes/YdrFile.cs(88,49): warning CS8604: Possible null reference argument for parameter 'fileBase' in 'byte[] ResourceBuilder.Build(ResourceFileBase fileBase, int version, bool compress = true, bool gen9 = false)'. [/home/ubuntu/PROGRAMA-BETA/src/FiveMTool.csproj]
/home/ubuntu/PROGRAMA-BETA/src/External/CodeWalker.Core/GameFiles/FileTypes/YmapFile.cs(1797,67): error CS0121: The call is ambiguous between the following methods or properties: 'CodeWalker.QuaternionExtension.Multiply(SharpDX.Quaternion, SharpDX.Vector3)' and 'CodeWalker.QuaternionExtension.Multiply(SharpDX.Quaternion, SharpDX.Vector3)' [/home/ubuntu/PROGRAMA-BETA/src/FiveMTool.csproj]
/home/ubuntu/PROGRAMA-BETA/src/External/CodeWalker.Core/GameFiles/FileTypes/YmapFile.cs(1783,20): warning CS8625: Cannot convert null literal to non-nullable reference type. [/home/ubuntu/PROGRAMA-BETA/src/FiveMTool.csproj]
/home/ubuntu/PROGRAMA-BETA/src/External/CodeWalker.Core/GameFiles/FileTypes/YmapFile.cs(1781,16): warning CS8618: Non-nullable property 'Archetype' must contain a non-null value when exiting constructor. Consider declaring the property as nullable. [/home/ubuntu/PROGRAMA-BETA/src/FiveMTool.csproj]
/home/ubuntu/PROGRAMA-BETA/src/External/CodeWalker.Core/GameFiles/FileTypes/YmapFile.cs(1781,16): warning CS8618: Non-nullable property 'ChildList' must contain a non-null value when exiting constructor. Consider declaring the property as nullable. [/home/ubuntu/PROGRAMA-BETA/src/FiveMTool.csproj]
/home/ubuntu/PROGRAMA-BETA/src/External/CodeWalker.Core/GameFiles/FileTypes/YmapFile.cs(1781,16): warning CS8618: Non-nullable property 'Children' must contain a non-null value when exiting constructor. Consider declaring the property as nullable. [/home/ubuntu/PROGRAMA-BETA/src/FiveMTool.csproj]
/home/ubuntu/PROGRAMA-BETA/src/External/CodeWalker.Core/GameFiles/FileTypes/YmapFile.cs(1781,16): warning CS8618: Non-nullable field 'ChildrenMerged' must contain a non-null value when exiting constructor. Consider declaring the field as nullable. [/home/ubuntu/PROGRAMA-BETA/src/FiveMTool.csproj]
/home/ubuntu/PROGRAMA-BETA/src/External/CodeWalker.Core/GameFiles/FileTypes/YmapFile.cs(1781,16): warning CS8618: Non-nullable property 'MloInstance' must contain a non-null value when exiting constructor. Consider declaring the property as nullable. [/home/ubuntu/PROGRAMA-BETA/src/FiveMTool.csproj]
/home/ubuntu/PROGRAMA-BETA/src/External/CodeWalker.Core/GameFiles/FileTypes/YmapFile.cs(1781,16): warning CS8618: Non-nullable property 'MloEntitySet' must contain a non-null value when exiting constructor. Consider declaring the property as nullable. [/home/ubuntu/PROGRAMA-BETA/src/FiveMTool.csproj]
/home/ubuntu/PROGRAMA-BETA/src/External/CodeWalker.Core/GameFiles/FileTypes/YmapFile.cs(1781,16): warning CS8618: Non-nullable property 'Parent' must contain a non-null value when exiting constructor. Consider declaring the property as nullable. [/home/ubuntu/PROGRAMA-BETA/src/FiveMTool.csproj]
/home/ubuntu/PROGRAMA-BETA/src/External/CodeWalker.Core/GameFiles/FileTypes/YmapFile.cs(1781,16): warning CS8618: Non-nullable property 'Ymap' must contain a non-null value when exiting constructor. Consider declaring the property as nullable. [/home/ubuntu/PROGRAMA-BETA/src/FiveMTool.csproj]
/home/ubuntu/PROGRAMA-BETA/src/External/CodeWalker.Core/GameFiles/FileTypes/YmapFile.cs(1781,16): warning CS8618: Non-nullable property 'Lights' must contain a non-null value when exiting constructor. Consider declaring the property as nullable. [/home/ubuntu/PROGRAMA-BETA/src/FiveMTool.csproj]
/home/ubuntu/PROGRAMA-BETA/src/External/CodeWalker.Core/GameFiles/FileTypes/YmapFile.cs(3273,35): warning CS8618: Non-nullable property 'TimeCycleModData' must contain a non-null value when exiting constructor. Consider declaring the property as nullable. [/home/ubuntu/PROGRAMA-BETA/src/FiveMTool.csproj]
/home/ubuntu/PROGRAMA-BETA/src/External/CodeWalker.Core/GameFiles/FileTypes/YmapFile.cs(3278,25): warning CS8618: Non-nullable property 'Ymap' must contain a non-null value when exiting constructor. Consider declaring the property as nullable. [/home/ubuntu/PROGRAMA-BETA/src/FiveMTool.csproj]
/home/ubuntu/PROGRAMA-BETA/src/External/CodeWalker.Core/GameFiles/FileTypes/YmapFile.cs(3394,16): warning CS8618: Non-nullable property 'Data' must contain a non-null value when exiting constructor. Consider declaring the property as nullable. [/home/ubuntu/PROGRAMA-BETA/src/FiveMTool.csproj]
/home/ubuntu/PROGRAMA-BETA/src/External/CodeWalker.Core/GameFiles/FileTypes/YmapFile.cs(3394,16): warning CS8618: Non-nullable property 'Vertices' must contain a non-null value when exiting constructor. Consider declaring the property as nullable. [/home/ubuntu/PROGRAMA-BETA/src/FiveMTool.csproj]
/home/ubuntu/PROGRAMA-BETA/src/External/CodeWalker.Core/GameFiles/FileTypes/YmapFile.cs(3394,16): warning CS8618: Non-nullable property 'Indices' must contain a non-null value when exiting constructor. Consider declaring the property as nullable. [/home/ubuntu/PROGRAMA-BETA/src/FiveMTool.csproj]
/home/ubuntu/PROGRAMA-BETA/src/External/CodeWalker.Core/GameFiles/FileTypes/YmapFile.cs(3394,16): warning CS8618: Non-nullable property 'Triangles' must contain a non-null value when exiting constructor. Consider declaring the property as nullable. [/home/ubuntu/PROGRAMA-BETA/src/FiveMTool.csproj]
/home/ubuntu/PROGRAMA-BETA/src/External/CodeWalker.Core/GameFiles/FileTypes/YmapFile.cs(3394,16): warning CS8618: Non-nullable property 'BVH' must contain a non-null value when exiting constructor. Consider declaring the property as nullable. [/home/ubuntu/PROGRAMA-BETA/src/FiveMTool.csproj]
/home/ubuntu/PROGRAMA-BETA/src/External/CodeWalker.Core/GameFiles/FileTypes/YmapFile.cs(1819,61): warning CS8604: Possible null reference argument for parameter 'mloa' in 'MloInstanceData.MloInstanceData(YmapEntityDef owner, MloArchetype mloa)'. [/home/ubuntu/PROGRAMA-BETA/src/FiveMTool.csproj]
/home/ubuntu/PROGRAMA-BETA/src/External/CodeWalker.Core/GameFiles/FileTypes/YmapFile.cs(1853,35): warning CS8625: Cannot convert null literal to non-nullable reference type. [/home/ubuntu/PROGRAMA-BETA/src/FiveMTool.csproj]
/home/ubuntu/PROGRAMA-BETA/src/External/CodeWalker.Core/GameFiles/FileTypes/YmapFile.cs(1872,103): error CS0121: The call is ambiguous between the following methods or properties: 'CodeWalker.QuaternionExtension.Multiply(SharpDX.Quaternion, SharpDX.Vector3)' and 'CodeWalker.QuaternionExtension.Multiply(SharpDX.Quaternion, SharpDX.Vector3)' [/home/ubuntu/PROGRAMA-BETA/src/FiveMTool.csproj]
/home/ubuntu/PROGRAMA-BETA/src/External/CodeWalker.Core/GameFiles/FileTypes/YmapFile.cs(1904,71): error CS0121: The call is ambiguous between the following methods or properties: 'CodeWalker.QuaternionExtension.Multiply(SharpDX.Quaternion, SharpDX.Vector3)' and 'CodeWalker.QuaternionExtension.Multiply(SharpDX.Quaternion, SharpDX.Vector3)' [/home/ubuntu/PROGRAMA-BETA/src/FiveMTool.csproj]
/home/ubuntu/PROGRAMA-BETA/src/External/CodeWalker.Core/GameFiles/FileTypes/YmapFile.cs(2902,26): warning CS8602: Dereference of a possibly null reference. [/home/ubuntu/PROGRAMA-BETA/src/FiveMTool.csproj]
/home/ubuntu/PROGRAMA-BETA/src/External/CodeWalker.Core/GameFiles/FileTypes/YmapFile.cs(2925,20): warning CS8603: Possible null reference return. [/home/ubuntu/PROGRAMA-BETA/src/FiveMTool.csproj]
/home/ubuntu/PROGRAMA-BETA/src/External/CodeWalker.Core/GameFiles/FileTypes/YmapFile.cs(2865,23): warning CS8618: Non-nullable property 'colours' must contain a non-null value when exiting constructor. Consider declaring the property as nullable. [/home/ubuntu/PROGRAMA-BETA/src/FiveMTool.csproj]
/home/ubuntu/PROGRAMA-BETA/src/External/CodeWalker.Core/GameFiles/FileTypes/YmapFile.cs(2866,30): warning CS8618: Non-nullable property 'positions' must contain a non-null value when exiting constructor. Consider declaring the property as nullable. [/home/ubuntu/PROGRAMA-BETA/src/FiveMTool.csproj]
/home/ubuntu/PROGRAMA-BETA/src/External/CodeWalker.Core/GameFiles/FileTypes/YmapFile.cs(2870,25): warning CS8618: Non-nullable property 'Ymap' must contain a non-null value when exiting constructor. Consider declaring the property as nullable. [/home/ubuntu/PROGRAMA-BETA/src/FiveMTool.csproj]
/home/ubuntu/PROGRAMA-BETA/src/External/CodeWalker.Core/GameFiles/FileTypes/YmapFile.cs(3325,29): error CS0121: The call is ambiguous between the following methods or properties: 'CodeWalker.QuaternionExtension.Multiply(SharpDX.Quaternion, SharpDX.Vector3)' and 'CodeWalker.QuaternionExtension.Multiply(SharpDX.Quaternion, SharpDX.Vector3)' [/home/ubuntu/PROGRAMA-BETA/src/FiveMTool.csproj]
/home/ubuntu/PROGRAMA-BETA/src/External/CodeWalker.Core/GameFiles/FileTypes/YmapFile.cs(3555,45): warning CS8603: Possible null reference return. [/home/ubuntu/PROGRAMA-BETA/src/FiveMTool.csproj]
/home/ubuntu/PROGRAMA-BETA/src/External/CodeWalker.Core/GameFiles/FileTypes/YmapFile.cs(1928,40): error CS0121: The call is ambiguous between the following methods or properties: 'CodeWalker.QuaternionExtension.Multiply(SharpDX.Quaternion, SharpDX.Vector3)' and 'CodeWalker.QuaternionExtension.Multiply(SharpDX.Quaternion, SharpDX.Vector3)' [/home/ubuntu/PROGRAMA-BETA/src/FiveMTool.csproj]
/home/ubuntu/PROGRAMA-BETA/src/External/CodeWalker.Core/GameFiles/FileTypes/YmapFile.cs(1941,50): error CS0121: The call is ambiguous between the following methods or properties: 'CodeWalker.Vectors.Abs(SharpDX.Vector4)' and 'CodeWalker.Vectors.Abs(SharpDX.Vector4)' [/home/ubuntu/PROGRAMA-BETA/src/FiveMTool.csproj]
/home/ubuntu/PROGRAMA-BETA/src/External/CodeWalker.Core/GameFiles/FileTypes/YmapFile.cs(1942,50): error CS0121: The call is ambiguous between the following methods or properties: 'CodeWalker.Vectors.Abs(SharpDX.Vector4)' and 'CodeWalker.Vectors.Abs(SharpDX.Vector4)' [/home/ubuntu/PROGRAMA-BETA/src/FiveMTool.csproj]
/home/ubuntu/PROGRAMA-BETA/src/External/CodeWalker.Core/GameFiles/FileTypes/YmapFile.cs(1943,50): error CS0121: The call is ambiguous between the following methods or properties: 'CodeWalker.Vectors.Abs(SharpDX.Vector4)' and 'CodeWalker.Vectors.Abs(SharpDX.Vector4)' [/home/ubuntu/PROGRAMA-BETA/src/FiveMTool.csproj]
/home/ubuntu/PROGRAMA-BETA/src/External/CodeWalker.Core/GameFiles/FileTypes/YmapFile.cs(1944,50): error CS0121: The call is ambiguous between the following methods or properties: 'CodeWalker.Vectors.Abs(SharpDX.Vector4)' and 'CodeWalker.Vectors.Abs(SharpDX.Vector4)' [/home/ubuntu/PROGRAMA-BETA/src/FiveMTool.csproj]
/home/ubuntu/PROGRAMA-BETA/src/External/CodeWalker.Core/GameFiles/FileTypes/YmapFile.cs(1948,77): error CS0121: The call is ambiguous between the following methods or properties: 'CodeWalker.Vectors.Abs(SharpDX.Vector3)' and 'CodeWalker.Vectors.Abs(SharpDX.Vector3)' [/home/ubuntu/PROGRAMA-BETA/src/FiveMTool.csproj]
/home/ubuntu/PROGRAMA-BETA/src/External/CodeWalker.Core/GameFiles/FileTypes/YmfFile.cs(30,45): warning CS8600: Converting null literal or possible null value to non-nullable type. [/home/ubuntu/PROGRAMA-BETA/src/FiveMTool.csproj]
/home/ubuntu/PROGRAMA-BETA/src/External/CodeWalker.Core/GameFiles/FileTypes/YmfFile.cs(116,27): warning CS8618: Non-nullable property 'Bounds' must contain a non-null value when exiting constructor. Consider declaring the property as nullable. [/home/ubuntu/PROGRAMA-BETA/src/FiveMTool.csproj]
/home/ubuntu/PROGRAMA-BETA/src/External/CodeWalker.Core/GameFiles/FileTypes/YmfFile.cs(117,27): warning CS8618: Non-nullable property 'WeatherTypes' must contain a non-null value when exiting constructor. Consider declaring the property as nullable. [/home/ubuntu/PROGRAMA-BETA/src/FiveMTool.csproj]
/home/ubuntu/PROGRAMA-BETA/src/External/CodeWalker.Core/GameFiles/FileTypes/YmapFile.cs(1983,44): error CS0121: The call is ambiguous between the following methods or properties: 'CodeWalker.QuaternionExtension.ToVector4(SharpDX.Quaternion)' and 'CodeWalker.QuaternionExtension.ToVector4(SharpDX.Quaternion)' [/home/ubuntu/PROGRAMA-BETA/src/FiveMTool.csproj]
/home/ubuntu/PROGRAMA-BETA/src/External/CodeWalker.Core/GameFiles/FileTypes/YmapFile.cs(1990,56): error CS0121: The call is ambiguous between the following methods or properties: 'CodeWalker.QuaternionExtension.ToVector4(SharpDX.Quaternion)' and 'CodeWalker.QuaternionExtension.ToVector4(SharpDX.Quaternion)' [/home/ubuntu/PROGRAMA-BETA/src/FiveMTool.csproj]
/home/ubuntu/PROGRAMA-BETA/src/External/CodeWalker.Core/GameFiles/FileTypes/YmapFile.cs(1995,48): error CS0121: The call is ambiguous between the following methods or properties: 'CodeWalker.QuaternionExtension.ToVector4(SharpDX.Quaternion)' and 'CodeWalker.QuaternionExtension.ToVector4(SharpDX.Quaternion)' [/home/ubuntu/PROGRAMA-BETA/src/FiveMTool.csproj]
/home/ubuntu/PROGRAMA-BETA/src/External/CodeWalker.Core/GameFiles/FileTypes/YmapFile.cs(2015,40): error CS0121: The call is ambiguous between the following methods or properties: 'CodeWalker.QuaternionExtension.ToVector4(SharpDX.Quaternion)' and 'CodeWalker.QuaternionExtension.ToVector4(SharpDX.Quaternion)' [/home/ubuntu/PROGRAMA-BETA/src/FiveMTool.csproj]
/home/ubuntu/PROGRAMA-BETA/src/External/CodeWalker.Core/GameFiles/FileTypes/YmapFile.cs(2055,43): warning CS8600: Converting null literal or possible null value to non-nullable type. [/home/ubuntu/PROGRAMA-BETA/src/FiveMTool.csproj]
/home/ubuntu/PROGRAMA-BETA/src/External/CodeWalker.Core/GameFiles/FileTypes/YmapFile.cs(3173,60): error CS0121: The call is ambiguous between the following methods or properties: 'CodeWalker.Vectors.GetPerpVec(SharpDX.Vector3)' and 'CodeWalker.Vectors.GetPerpVec(SharpDX.Vector3)' [/home/ubuntu/PROGRAMA-BETA/src/FiveMTool.csproj]
/home/ubuntu/PROGRAMA-BETA/src/External/CodeWalker.Core/GameFiles/FileTypes/YmapFile.cs(3177,61): error CS0121: The call is ambiguous between the following methods or properties: 'CodeWalker.Vectors.GetPerpVec(SharpDX.Vector3)' and 'CodeWalker.Vectors.GetPerpVec(SharpDX.Vector3)' [/home/ubuntu/PROGRAMA-BETA/src/FiveMTool.csproj]
/home/ubuntu/PROGRAMA-BETA/src/External/CodeWalker.Core/GameFiles/FileTypes/RelFile.cs(24682,30): warning CS8602: Dereference of a possibly null reference. [/home/ubuntu/PROGRAMA-BETA/src/FiveMTool.csproj]
/home/ubuntu/PROGRAMA-BETA/src/External/CodeWalker.Core/GameFiles/FileTypes/RelFile.cs(24706,44): warning CS8602: Dereference of a possibly null reference. [/home/ubuntu/PROGRAMA-BETA/src/FiveMTool.csproj]
/home/ubuntu/PROGRAMA-BETA/src/External/CodeWalker.Core/GameFiles/FileTypes/RelFile.cs(24719,42): warning CS8602: Dereference of a possibly null reference. [/home/ubuntu/PROGRAMA-BETA/src/FiveMTool.csproj]
/home/ubuntu/PROGRAMA-BETA/src/External/CodeWalker.Core/GameFiles/FileTypes/YmapFile.cs(2078,34): warning CS8600: Converting null literal or possible null value to non-nullable type. [/home/ubuntu/PROGRAMA-BETA/src/FiveMTool.csproj]
/home/ubuntu/PROGRAMA-BETA/src/External/CodeWalker.Core/GameFiles/FileTypes/YmapFile.cs(44,40): warning CS8625: Cannot convert null literal to non-nullable reference type. [/home/ubuntu/PROGRAMA-BETA/src/FiveMTool.csproj]
/home/ubuntu/PROGRAMA-BETA/src/External/CodeWalker.Core/GameFiles/FileTypes/YmapFile.cs(66,44): warning CS8625: Cannot convert null literal to non-nullable reference type. [/home/ubuntu/PROGRAMA-BETA/src/FiveMTool.csproj]
/home/ubuntu/PROGRAMA-BETA/src/External/CodeWalker.Core/GameFiles/FileTypes/YmapFile.cs(68,56): warning CS8625: Cannot convert null literal to non-nullable reference type. [/home/ubuntu/PROGRAMA-BETA/src/FiveMTool.csproj]
/home/ubuntu/PROGRAMA-BETA/src/External/CodeWalker.Core/GameFiles/FileTypes/YmapFile.cs(71,34): warning CS8625: Cannot convert null literal to non-nullable reference type. [/home/ubuntu/PROGRAMA-BETA/src/FiveMTool.csproj]
/home/ubuntu/PROGRAMA-BETA/src/External/CodeWalker.Core/GameFiles/FileTypes/YmapFile.cs(71,16): warning CS8618: Non-nullable property 'Meta' must contain a non-null value when exiting constructor. Consider declaring the property as nullable. [/home/ubuntu/PROGRAMA-BETA/src/FiveMTool.csproj]
/home/ubuntu/PROGRAMA-BETA/src/External/CodeWalker.Core/GameFiles/FileTypes/YmapFile.cs(71,16): warning CS8618: Non-nullable property 'Pso' must contain a non-null value when exiting constructor. Consider declaring the property as nullable. [/home/ubuntu/PROGRAMA-BETA/src/FiveMTool.csproj]
/home/ubuntu/PROGRAMA-BETA/src/External/CodeWalker.Core/GameFiles/FileTypes/YmapFile.cs(71,16): warning CS8618: Non-nullable property 'Rbf' must contain a non-null value when exiting constructor. Consider declaring the property as nullable. [/home/ubuntu/PROGRAMA-BETA/src/FiveMTool.csproj]
/home/ubuntu/PROGRAMA-BETA/src/External/CodeWalker.Core/GameFiles/FileTypes/YmapFile.cs(71,16): warning CS8618: Non-nullable property 'CEntityDefs' must contain a non-null value when exiting constructor. Consider declaring the property as nullable. [/home/ubuntu/PROGRAMA-BETA/src/FiveMTool.csproj]
/home/ubuntu/PROGRAMA-BETA/src/External/CodeWalker.Core/GameFiles/FileTypes/YmapFile.cs(71,16): warning CS8618: Non-nullable property 'CMloInstanceDefs' must contain a non-null value when exiting constructor. Consider declaring the property as nullable. [/home/ubuntu/PROGRAMA-BETA/src/FiveMTool.csproj]
/home/ubuntu/PROGRAMA-BETA/src/External/CodeWalker.Core/GameFiles/FileTypes/YmapFile.cs(71,16): warning CS8618: Non-nullable property 'CCarGens' must contain a non-null value when exiting constructor. Consider declaring the property as nullable. [/home/ubuntu/PROGRAMA-BETA/src/FiveMTool.csproj]
/home/ubuntu/PROGRAMA-BETA/src/External/CodeWalker.Core/GameFiles/FileTypes/YmapFile.cs(71,16): warning CS8618: Non-nullable property 'CTimeCycleModifiers' must contain a non-null value when exiting constructor. Consider declaring the property as nullable. [/home/ubuntu/PROGRAMA-BETA/src/FiveMTool.csproj]
/home/ubuntu/PROGRAMA-BETA/src/External/CodeWalker.Core/GameFiles/FileTypes/YmapFile.cs(71,16): warning CS8618: Non-nullable property 'physicsDictionaries' must contain a non-null value when exiting constructor. Consider declaring the property as nullable. [/home/ubuntu/PROGRAMA-BETA/src/FiveMTool.csproj]
/home/ubuntu/PROGRAMA-BETA/src/External/CodeWalker.Core/GameFiles/FileTypes/YmapFile.cs(71,16): warning CS8618: Non-nullable property 'CBoxOccluders' must contain a non-null value when exiting constructor. Consider declaring the property as nullable. [/home/ubuntu/PROGRAMA-BETA/src/FiveMTool.csproj]
/home/ubuntu/PROGRAMA-BETA/src/External/CodeWalker.Core/GameFiles/FileTypes/YmapFile.cs(71,16): warning CS8618: Non-nullable property 'COccludeModels' must contain a non-null value when exiting constructor. Consider declaring the property as nullable. [/home/ubuntu/PROGRAMA-BETA/src/FiveMTool.csproj]
/home/ubuntu/PROGRAMA-BETA/src/External/CodeWalker.Core/GameFiles/FileTypes/YmapFile.cs(71,16): warning CS8618: Non-nullable property 'Strings' must contain a non-null value when exiting constructor. Consider declaring the property as nullable. [/home/ubuntu/PROGRAMA-BETA/src/FiveMTool.csproj]
/home/ubuntu/PROGRAMA-BETA/src/External/CodeWalker.Core/GameFiles/FileTypes/YmapFile.cs(71,16): warning CS8618: Non-nullable field 'AllEntities' must contain a non-null value when exiting constructor. Consider declaring the field as nullable. [/home/ubuntu/PROGRAMA-BETA/src/FiveMTool.csproj]
/home/ubuntu/PROGRAMA-BETA/src/External/CodeWalker.Core/GameFiles/FileTypes/YmapFile.cs(71,16): warning CS8618: Non-nullable field 'RootEntities' must contain a non-null value when exiting constructor. Consider declaring the field as nullable. [/home/ubuntu/PROGRAMA-BETA/src/FiveMTool.csproj]
/home/ubuntu/PROGRAMA-BETA/src/External/CodeWalker.Core/GameFiles/FileTypes/YmapFile.cs(71,16): warning CS8618: Non-nullable field 'MloEntities' must contain a non-null value when exiting constructor. Consider declaring the field as nullable. [/home/ubuntu/PROGRAMA-BETA/src/FiveMTool.csproj]
/home/ubuntu/PROGRAMA-BETA/src/External/CodeWalker.Core/GameFiles/FileTypes/YmapFile.cs(71,16): warning CS8618: Non-nullable property 'Parent' must contain a non-null value when exiting constructor. Consider declaring the property as nullable. [/home/ubuntu/PROGRAMA-BETA/src/FiveMTool.csproj]
/home/ubuntu/PROGRAMA-BETA/src/External/CodeWalker.Core/GameFiles/FileTypes/YmapFile.cs(71,16): warning CS8618: Non-nullable property 'GrassInstanceBatches' must contain a non-null value when exiting constructor. Consider declaring the property as nullable. [/home/ubuntu/PROGRAMA-BETA/src/FiveMTool.csproj]
/home/ubuntu/PROGRAMA-BETA/src/External/CodeWalker.Core/GameFiles/FileTypes/YmapFile.cs(71,16): warning CS8618: Non-nullable property 'PropInstanceBatches' must contain a non-null value when exiting constructor. Consider declaring the property as nullable. [/home/ubuntu/PROGRAMA-BETA/src/FiveMTool.csproj]
/home/ubuntu/PROGRAMA-BETA/src/External/CodeWalker.Core/GameFiles/FileTypes/YmapFile.cs(71,16): warning CS8618: Non-nullable property 'DistantLODLights' must contain a non-null value when exiting constructor. Consider declaring the property as nullable. [/home/ubuntu/PROGRAMA-BETA/src/FiveMTool.csproj]
/home/ubuntu/PROGRAMA-BETA/src/External/CodeWalker.Core/GameFiles/FileTypes/YmapFile.cs(71,16): warning CS8618: Non-nullable property 'LODLights' must contain a non-null value when exiting constructor. Consider declaring the property as nullable. [/home/ubuntu/PROGRAMA-BETA/src/FiveMTool.csproj]
/home/ubuntu/PROGRAMA-BETA/src/External/CodeWalker.Core/GameFiles/FileTypes/YmapFile.cs(71,16): warning CS8618: Non-nullable property 'TimeCycleModifiers' must contain a non-null value when exiting constructor. Consider declaring the property as nullable. [/home/ubuntu/PROGRAMA-BETA/src/FiveMTool.csproj]
/home/ubuntu/PROGRAMA-BETA/src/External/CodeWalker.Core/GameFiles/FileTypes/YmapFile.cs(71,16): warning CS8618: Non-nullable property 'CarGenerators' must contain a non-null value when exiting constructor. Consider declaring the property as nullable. [/home/ubuntu/PROGRAMA-BETA/src/FiveMTool.csproj]
/home/ubuntu/PROGRAMA-BETA/src/External/CodeWalker.Core/GameFiles/FileTypes/YmapFile.cs(71,16): warning CS8618: Non-nullable property 'BoxOccluders' must contain a non-null value when exiting constructor. Consider declaring the property as nullable. [/home/ubuntu/PROGRAMA-BETA/src/FiveMTool.csproj]
/home/ubuntu/PROGRAMA-BETA/src/External/CodeWalker.Core/GameFiles/FileTypes/YmapFile.cs(71,16): warning CS8618: Non-nullable property 'OccludeModels' must contain a non-null value when exiting constructor. Consider declaring the property as nullable. [/home/ubuntu/PROGRAMA-BETA/src/FiveMTool.csproj]
/home/ubuntu/PROGRAMA-BETA/src/External/CodeWalker.Core/GameFiles/FileTypes/YmapFile.cs(74,16): warning CS8618: Non-nullable property 'Meta' must contain a non-null value when exiting constructor. Consider declaring the property as nullable. [/home/ubuntu/PROGRAMA-BETA/src/FiveMTool.csproj]
/home/ubuntu/PROGRAMA-BETA/src/External/CodeWalker.Core/GameFiles/FileTypes/YmapFile.cs(74,16): warning CS8618: Non-nullable property 'Pso' must contain a non-null value when exiting constructor. Consider declaring the property as nullable. [/home/ubuntu/PROGRAMA-BETA/src/FiveMTool.csproj]
/home/ubuntu/PROGRAMA-BETA/src/External/CodeWalker.Core/GameFiles/FileTypes/YmapFile.cs(74,16): warning CS8618: Non-nullable property 'Rbf' must contain a non-null value when exiting constructor. Consider declaring the property as nullable. [/home/ubuntu/PROGRAMA-BETA/src/FiveMTool.csproj]
/home/ubuntu/PROGRAMA-BETA/src/External/CodeWalker.Core/GameFiles/FileTypes/YmapFile.cs(74,16): warning CS8618: Non-nullable property 'CEntityDefs' must contain a non-null value when exiting constructor. Consider declaring the property as nullable. [/home/ubuntu/PROGRAMA-BETA/src/FiveMTool.csproj]
/home/ubuntu/PROGRAMA-BETA/src/External/CodeWalker.Core/GameFiles/FileTypes/YmapFile.cs(74,16): warning CS8618: Non-nullable property 'CMloInstanceDefs' must contain a non-null value when exiting constructor. Consider declaring the property as nullable. [/home/ubuntu/PROGRAMA-BETA/src/FiveMTool.csproj]
/home/ubuntu/PROGRAMA-BETA/src/External/CodeWalker.Core/GameFiles/FileTypes/YmapFile.cs(74,16): warning CS8618: Non-nullable property 'CCarGens' must contain a non-null value when exiting constructor. Consider declaring the property as nullable. [/home/ubuntu/PROGRAMA-BETA/src/FiveMTool.csproj]
/home/ubuntu/PROGRAMA-BETA/src/External/CodeWalker.Core/GameFiles/FileTypes/YmapFile.cs(74,16): warning CS8618: Non-nullable property 'CTimeCycleModifiers' must contain a non-null value when exiting constructor. Consider declaring the property as nullable. [/home/ubuntu/PROGRAMA-BETA/src/FiveMTool.csproj]
/home/ubuntu/PROGRAMA-BETA/src/External/CodeWalker.Core/GameFiles/FileTypes/YmapFile.cs(74,16): warning CS8618: Non-nullable property 'physicsDictionaries' must contain a non-null value when exiting constructor. Consider declaring the property as nullable. [/home/ubuntu/PROGRAMA-BETA/src/FiveMTool.csproj]
/home/ubuntu/PROGRAMA-BETA/src/External/CodeWalker.Core/GameFiles/FileTypes/YmapFile.cs(74,16): warning CS8618: Non-nullable property 'CBoxOccluders' must contain a non-null value when exiting constructor. Consider declaring the property as nullable. [/home/ubuntu/PROGRAMA-BETA/src/FiveMTool.csproj]
/home/ubuntu/PROGRAMA-BETA/src/External/CodeWalker.Core/GameFiles/FileTypes/YmapFile.cs(74,16): warning CS8618: Non-nullable property 'COccludeModels' must contain a non-null value when exiting constructor. Consider declaring the property as nullable. [/home/ubuntu/PROGRAMA-BETA/src/FiveMTool.csproj]
/home/ubuntu/PROGRAMA-BETA/src/External/CodeWalker.Core/GameFiles/FileTypes/YmapFile.cs(74,16): warning CS8618: Non-nullable property 'Strings' must contain a non-null value when exiting constructor. Consider declaring the property as nullable. [/home/ubuntu/PROGRAMA-BETA/src/FiveMTool.csproj]
/home/ubuntu/PROGRAMA-BETA/src/External/CodeWalker.Core/GameFiles/FileTypes/YmapFile.cs(74,16): warning CS8618: Non-nullable field 'AllEntities' must contain a non-null value when exiting constructor. Consider declaring the field as nullable. [/home/ubuntu/PROGRAMA-BETA/src/FiveMTool.csproj]
/home/ubuntu/PROGRAMA-BETA/src/External/CodeWalker.Core/GameFiles/FileTypes/YmapFile.cs(74,16): warning CS8618: Non-nullable field 'RootEntities' must contain a non-null value when exiting constructor. Consider declaring the field as nullable. [/home/ubuntu/PROGRAMA-BETA/src/FiveMTool.csproj]
/home/ubuntu/PROGRAMA-BETA/src/External/CodeWalker.Core/GameFiles/FileTypes/YmapFile.cs(74,16): warning CS8618: Non-nullable field 'MloEntities' must contain a non-null value when exiting constructor. Consider declaring the field as nullable. [/home/ubuntu/PROGRAMA-BETA/src/FiveMTool.csproj]
/home/ubuntu/PROGRAMA-BETA/src/External/CodeWalker.Core/GameFiles/FileTypes/YmapFile.cs(74,16): warning CS8618: Non-nullable property 'Parent' must contain a non-null value when exiting constructor. Consider declaring the property as nullable. [/home/ubuntu/PROGRAMA-BETA/src/FiveMTool.csproj]
/home/ubuntu/PROGRAMA-BETA/src/External/CodeWalker.Core/GameFiles/FileTypes/YmapFile.cs(74,16): warning CS8618: Non-nullable property 'GrassInstanceBatches' must contain a non-null value when exiting constructor. Consider declaring the property as nullable. [/home/ubuntu/PROGRAMA-BETA/src/FiveMTool.csproj]
/home/ubuntu/PROGRAMA-BETA/src/External/CodeWalker.Core/GameFiles/FileTypes/YmapFile.cs(74,16): warning CS8618: Non-nullable property 'PropInstanceBatches' must contain a non-null value when exiting constructor. Consider declaring the property as nullable. [/home/ubuntu/PROGRAMA-BETA/src/FiveMTool.csproj]
/home/ubuntu/PROGRAMA-BETA/src/External/CodeWalker.Core/GameFiles/FileTypes/YmapFile.cs(74,16): warning CS8618: Non-nullable property 'DistantLODLights' must contain a non-null value when exiting constructor. Consider declaring the property as nullable. [/home/ubuntu/PROGRAMA-BETA/src/FiveMTool.csproj]
/home/ubuntu/PROGRAMA-BETA/src/External/CodeWalker.Core/GameFiles/FileTypes/YmapFile.cs(74,16): warning CS8618: Non-nullable property 'LODLights' must contain a non-null value when exiting constructor. Consider declaring the property as nullable. [/home/ubuntu/PROGRAMA-BETA/src/FiveMTool.csproj]
/home/ubuntu/PROGRAMA-BETA/src/External/CodeWalker.Core/GameFiles/FileTypes/YmapFile.cs(74,16): warning CS8618: Non-nullable property 'TimeCycleModifiers' must contain a non-null value when exiting constructor. Consider declaring the property as nullable. [/home/ubuntu/PROGRAMA-BETA/src/FiveMTool.csproj]
/home/ubuntu/PROGRAMA-BETA/src/External/CodeWalker.Core/GameFiles/FileTypes/YmapFile.cs(74,16): warning CS8618: Non-nullable property 'CarGenerators' must contain a non-null value when exiting constructor. Consider declaring the property as nullable. [/home/ubuntu/PROGRAMA-BETA/src/FiveMTool.csproj]
/home/ubuntu/PROGRAMA-BETA/src/External/CodeWalker.Core/GameFiles/FileTypes/YmapFile.cs(74,16): warning CS8618: Non-nullable property 'BoxOccluders' must contain a non-null value when exiting constructor. Consider declaring the property as nullable. [/home/ubuntu/PROGRAMA-BETA/src/FiveMTool.csproj]
/home/ubuntu/PROGRAMA-BETA/src/External/CodeWalker.Core/GameFiles/FileTypes/YmapFile.cs(74,16): warning CS8618: Non-nullable property 'OccludeModels' must contain a non-null value when exiting constructor. Consider declaring the property as nullable. [/home/ubuntu/PROGRAMA-BETA/src/FiveMTool.csproj]
/home/ubuntu/PROGRAMA-BETA/src/External/CodeWalker.Core/GameFiles/FileTypes/YmapFile.cs(2113,43): error CS0121: The call is ambiguous between the following methods or properties: 'CodeWalker.QuaternionExtension.Multiply(SharpDX.Quaternion, SharpDX.Vector3)' and 'CodeWalker.QuaternionExtension.Multiply(SharpDX.Quaternion, SharpDX.Vector3)' [/home/ubuntu/PROGRAMA-BETA/src/FiveMTool.csproj]
/home/ubuntu/PROGRAMA-BETA/src/External/CodeWalker.Core/GameFiles/FileTypes/YmapFile.cs(3420,29): warning CS8625: Cannot convert null literal to non-nullable reference type. [/home/ubuntu/PROGRAMA-BETA/src/FiveMTool.csproj]
/home/ubuntu/PROGRAMA-BETA/src/External/CodeWalker.Core/GameFiles/FileTypes/YmapFile.cs(2118,50): error CS0121: The call is ambiguous between the following methods or properties: 'CodeWalker.QuaternionExtension.Multiply(SharpDX.Quaternion, SharpDX.Vector3)' and 'CodeWalker.QuaternionExtension.Multiply(SharpDX.Quaternion, SharpDX.Vector3)' [/home/ubuntu/PROGRAMA-BETA/src/FiveMTool.csproj]
/home/ubuntu/PROGRAMA-BETA/src/External/CodeWalker.Core/GameFiles/FileTypes/YmapFile.cs(3220,48): error CS0121: The call is ambiguous between the following methods or properties: 'CodeWalker.QuaternionExtension.Multiply(SharpDX.Quaternion, SharpDX.Vector3)' and 'CodeWalker.QuaternionExtension.Multiply(SharpDX.Quaternion, SharpDX.Vector3)' [/home/ubuntu/PROGRAMA-BETA/src/FiveMTool.csproj]
/home/ubuntu/PROGRAMA-BETA/src/External/CodeWalker.Core/GameFiles/FileTypes/YmapFile.cs(3221,48): error CS0121: The call is ambiguous between the following methods or properties: 'CodeWalker.QuaternionExtension.Multiply(SharpDX.Quaternion, SharpDX.Vector3)' and 'CodeWalker.QuaternionExtension.Multiply(SharpDX.Quaternion, SharpDX.Vector3)' [/home/ubuntu/PROGRAMA-BETA/src/FiveMTool.csproj]
/home/ubuntu/PROGRAMA-BETA/src/External/CodeWalker.Core/GameFiles/FileTypes/YmapFile.cs(3222,49): error CS0121: The call is ambiguous between the following methods or properties: 'CodeWalker.QuaternionExtension.Multiply(SharpDX.Quaternion, SharpDX.Vector3)' and 'CodeWalker.QuaternionExtension.Multiply(SharpDX.Quaternion, SharpDX.Vector3)' [/home/ubuntu/PROGRAMA-BETA/src/FiveMTool.csproj]
/home/ubuntu/PROGRAMA-BETA/src/External/CodeWalker.Core/GameFiles/FileTypes/YmapFile.cs(3435,23): warning CS8625: Cannot convert null literal to non-nullable reference type. [/home/ubuntu/PROGRAMA-BETA/src/FiveMTool.csproj]
/home/ubuntu/PROGRAMA-BETA/src/External/CodeWalker.Core/GameFiles/FileTypes/YmapFile.cs(2125,36): error CS0121: The call is ambiguous between the following methods or properties: 'CodeWalker.QuaternionExtension.Multiply(SharpDX.Quaternion, SharpDX.Vector3)' and 'CodeWalker.QuaternionExtension.Multiply(SharpDX.Quaternion, SharpDX.Vector3)' [/home/ubuntu/PROGRAMA-BETA/src/FiveMTool.csproj]
/home/ubuntu/PROGRAMA-BETA/src/External/CodeWalker.Core/GameFiles/FileTypes/YmapFile.cs(2136,53): error CS0121: The call is ambiguous between the following methods or properties: 'CodeWalker.QuaternionExtension.Multiply(SharpDX.Quaternion, SharpDX.Vector3)' and 'CodeWalker.QuaternionExtension.Multiply(SharpDX.Quaternion, SharpDX.Vector3)' [/home/ubuntu/PROGRAMA-BETA/src/FiveMTool.csproj]
/home/ubuntu/PROGRAMA-BETA/src/External/CodeWalker.Core/GameFiles/FileTypes/YmapFile.cs(2424,17): warning CS8602: Dereference of a possibly null reference. [/home/ubuntu/PROGRAMA-BETA/src/FiveMTool.csproj]
/home/ubuntu/PROGRAMA-BETA/src/External/CodeWalker.Core/GameFiles/FileTypes/YmapFile.cs(2172,25): warning CS8625: Cannot convert null literal to non-nullable reference type. [/home/ubuntu/PROGRAMA-BETA/src/FiveMTool.csproj]
/home/ubuntu/PROGRAMA-BETA/src/External/CodeWalker.Core/GameFiles/FileTypes/YmfFile.cs(13,29): warning CS8618: Non-nullable property 'FileEntry' must contain a non-null value when exiting constructor. Consider declaring the property as nullable. [/home/ubuntu/PROGRAMA-BETA/src/FiveMTool.csproj]
/home/ubuntu/PROGRAMA-BETA/src/External/CodeWalker.Core/GameFiles/FileTypes/YmfFile.cs(15,21): warning CS8618: Non-nullable property 'Meta' must contain a non-null value when exiting constructor. Consider declaring the property as nullable. [/home/ubuntu/PROGRAMA-BETA/src/FiveMTool.csproj]
/home/ubuntu/PROGRAMA-BETA/src/External/CodeWalker.Core/GameFiles/FileTypes/YmfFile.cs(16,24): warning CS8618: Non-nullable property 'Pso' must contain a non-null value when exiting constructor. Consider declaring the property as nullable. [/home/ubuntu/PROGRAMA-BETA/src/FiveMTool.csproj]
/home/ubuntu/PROGRAMA-BETA/src/External/CodeWalker.Core/GameFiles/FileTypes/YmfFile.cs(17,24): warning CS8618: Non-nullable property 'Rbf' must contain a non-null value when exiting constructor. Consider declaring the property as nullable. [/home/ubuntu/PROGRAMA-BETA/src/FiveMTool.csproj]
/home/ubuntu/PROGRAMA-BETA/src/External/CodeWalker.Core/GameFiles/FileTypes/YmfFile.cs(19,34): warning CS8618: Non-nullable property 'MapDataGroups' must contain a non-null value when exiting constructor. Consider declaring the property as nullable. [/home/ubuntu/PROGRAMA-BETA/src/FiveMTool.csproj]
/home/ubuntu/PROGRAMA-BETA/src/External/CodeWalker.Core/GameFiles/FileTypes/YmfFile.cs(20,34): warning CS8618: Non-nullable property 'imapDependencies' must contain a non-null value when exiting constructor. Consider declaring the property as nullable. [/home/ubuntu/PROGRAMA-BETA/src/FiveMTool.csproj]
/home/ubuntu/PROGRAMA-BETA/src/External/CodeWalker.Core/GameFiles/FileTypes/YmfFile.cs(21,37): warning CS8618: Non-nullable property 'imapDependencies2' must contain a non-null value when exiting constructor. Consider declaring the property as nullable. [/home/ubuntu/PROGRAMA-BETA/src/FiveMTool.csproj]
/home/ubuntu/PROGRAMA-BETA/src/External/CodeWalker.Core/GameFiles/FileTypes/YmfFile.cs(22,37): warning CS8618: Non-nullable property 'itypDependencies2' must contain a non-null value when exiting constructor. Consider declaring the property as nullable. [/home/ubuntu/PROGRAMA-BETA/src/FiveMTool.csproj]
/home/ubuntu/PROGRAMA-BETA/src/External/CodeWalker.Core/GameFiles/FileTypes/YmfFile.cs(23,37): warning CS8618: Non-nullable property 'HDTxdAssetBindings' must contain a non-null value when exiting constructor. Consider declaring the property as nullable. [/home/ubuntu/PROGRAMA-BETA/src/FiveMTool.csproj]
/home/ubuntu/PROGRAMA-BETA/src/External/CodeWalker.Core/GameFiles/FileTypes/YmfFile.cs(24,30): warning CS8618: Non-nullable property 'Interiors' must contain a non-null value when exiting constructor. Consider declaring the property as nullable. [/home/ubuntu/PROGRAMA-BETA/src/FiveMTool.csproj]
/home/ubuntu/PROGRAMA-BETA/src/External/CodeWalker.Core/GameFiles/FileTypes/YmapFile.cs(3070,30): warning CS8618: Non-nullable property 'LodLights' must contain a non-null value when exiting constructor. Consider declaring the property as nullable. [/home/ubuntu/PROGRAMA-BETA/src/FiveMTool.csproj]
/home/ubuntu/PROGRAMA-BETA/src/External/CodeWalker.Core/GameFiles/FileTypes/YmapFile.cs(3071,37): warning CS8618: Non-nullable property 'DistLodLights' must contain a non-null value when exiting constructor. Consider declaring the property as nullable. [/home/ubuntu/PROGRAMA-BETA/src/FiveMTool.csproj]
/home/ubuntu/PROGRAMA-BETA/src/External/CodeWalker.Core/GameFiles/FileTypes/RelFile.cs(24888,20): warning CS8603: Possible null reference return. [/home/ubuntu/PROGRAMA-BETA/src/FiveMTool.csproj]
/home/ubuntu/PROGRAMA-BETA/src/External/CodeWalker.Core/GameFiles/FileTypes/YmapFile.cs(2189,25): warning CS8625: Cannot convert null literal to non-nullable reference type. [/home/ubuntu/PROGRAMA-BETA/src/FiveMTool.csproj]
/home/ubuntu/PROGRAMA-BETA/src/External/CodeWalker.Core/GameFiles/FileTypes/YmfFile.cs(175,27): warning CS8618: Non-nullable property 'Bounds' must contain a non-null value when exiting constructor. Consider declaring the property as nullable. [/home/ubuntu/PROGRAMA-BETA/src/FiveMTool.csproj]
/home/ubuntu/PROGRAMA-BETA/src/External/CodeWalker.Core/GameFiles/FileTypes/YmfFile.cs(141,27): warning CS8618: Non-nullable property 'itypDepArray' must contain a non-null value when exiting constructor. Consider declaring the property as nullable. [/home/ubuntu/PROGRAMA-BETA/src/FiveMTool.csproj]
/home/ubuntu/PROGRAMA-BETA/src/External/CodeWalker.Core/GameFiles/FileTypes/RelFile.cs(24906,20): warning CS8603: Possible null reference return. [/home/ubuntu/PROGRAMA-BETA/src/FiveMTool.csproj]
/home/ubuntu/PROGRAMA-BETA/src/External/CodeWalker.Core/GameFiles/FileTypes/YndFile.cs(52,44): warning CS8625: Cannot convert null literal to non-nullable reference type. [/home/ubuntu/PROGRAMA-BETA/src/FiveMTool.csproj]
/home/ubuntu/PROGRAMA-BETA/src/External/CodeWalker.Core/GameFiles/FileTypes/YndFile.cs(57,33): warning CS8625: Cannot convert null literal to non-nullable reference type. [/home/ubuntu/PROGRAMA-BETA/src/FiveMTool.csproj]
/home/ubuntu/PROGRAMA-BETA/src/External/CodeWalker.Core/GameFiles/FileTypes/YndFile.cs(57,16): warning CS8618: Non-nullable property 'NodeDictionary' must contain a non-null value when exiting constructor. Consider declaring the property as nullable. [/home/ubuntu/PROGRAMA-BETA/src/FiveMTool.csproj]
/home/ubuntu/PROGRAMA-BETA/src/External/CodeWalker.Core/GameFiles/FileTypes/YndFile.cs(57,16): warning CS8618: Non-nullable property 'Nodes' must contain a non-null value when exiting constructor. Consider declaring the property as nullable. [/home/ubuntu/PROGRAMA-BETA/src/FiveMTool.csproj]
/home/ubuntu/PROGRAMA-BETA/src/External/CodeWalker.Core/GameFiles/FileTypes/YndFile.cs(57,16): warning CS8618: Non-nullable property 'Links' must contain a non-null value when exiting constructor. Consider declaring the property as nullable. [/home/ubuntu/PROGRAMA-BETA/src/FiveMTool.csproj]
/home/ubuntu/PROGRAMA-BETA/src/External/CodeWalker.Core/GameFiles/FileTypes/YndFile.cs(57,16): warning CS8618: Non-nullable property 'Junctions' must contain a non-null value when exiting constructor. Consider declaring the property as nullable. [/home/ubuntu/PROGRAMA-BETA/src/FiveMTool.csproj]
/home/ubuntu/PROGRAMA-BETA/src/External/CodeWalker.Core/GameFiles/FileTypes/YndFile.cs(57,16): warning CS8618: Non-nullable property 'LinkedVerts' must contain a non-null value when exiting constructor. Consider declaring the property as nullable. [/home/ubuntu/PROGRAMA-BETA/src/FiveMTool.csproj]
/home/ubuntu/PROGRAMA-BETA/src/External/CodeWalker.Core/GameFiles/FileTypes/YndFile.cs(57,16): warning CS8618: Non-nullable property 'TriangleVerts' must contain a non-null value when exiting constructor. Consider declaring the property as nullable. [/home/ubuntu/PROGRAMA-BETA/src/FiveMTool.csproj]
/home/ubuntu/PROGRAMA-BETA/src/External/CodeWalker.Core/GameFiles/FileTypes/YndFile.cs(57,16): warning CS8618: Non-nullable property 'NodePositions' must contain a non-null value when exiting constructor. Consider declaring the property as nullable. [/home/ubuntu/PROGRAMA-BETA/src/FiveMTool.csproj]
/home/ubuntu/PROGRAMA-BETA/src/External/CodeWalker.Core/GameFiles/FileTypes/YndFile.cs(57,16): warning CS8618: Non-nullable property 'BVH' must contain a non-null value when exiting constructor. Consider declaring the property as nullable. [/home/ubuntu/PROGRAMA-BETA/src/FiveMTool.csproj]
/home/ubuntu/PROGRAMA-BETA/src/External/CodeWalker.Core/GameFiles/FileTypes/YndFile.cs(60,16): warning CS8618: Non-nullable property 'NodeDictionary' must contain a non-null value when exiting constructor. Consider declaring the property as nullable. [/home/ubuntu/PROGRAMA-BETA/src/FiveMTool.csproj]
/home/ubuntu/PROGRAMA-BETA/src/External/CodeWalker.Core/GameFiles/FileTypes/YndFile.cs(60,16): warning CS8618: Non-nullable property 'Nodes' must contain a non-null value when exiting constructor. Consider declaring the property as nullable. [/home/ubuntu/PROGRAMA-BETA/src/FiveMTool.csproj]
/home/ubuntu/PROGRAMA-BETA/src/External/CodeWalker.Core/GameFiles/FileTypes/YndFile.cs(60,16): warning CS8618: Non-nullable property 'Links' must contain a non-null value when exiting constructor. Consider declaring the property as nullable. [/home/ubuntu/PROGRAMA-BETA/src/FiveMTool.csproj]
/home/ubuntu/PROGRAMA-BETA/src/External/CodeWalker.Core/GameFiles/FileTypes/YndFile.cs(60,16): warning CS8618: Non-nullable property 'Junctions' must contain a non-null value when exiting constructor. Consider declaring the property as nullable. [/home/ubuntu/PROGRAMA-BETA/src/FiveMTool.csproj]
/home/ubuntu/PROGRAMA-BETA/src/External/CodeWalker.Core/GameFiles/FileTypes/YndFile.cs(60,16): warning CS8618: Non-nullable property 'LinkedVerts' must contain a non-null value when exiting constructor. Consider declaring the property as nullable. [/home/ubuntu/PROGRAMA-BETA/src/FiveMTool.csproj]
/home/ubuntu/PROGRAMA-BETA/src/External/CodeWalker.Core/GameFiles/FileTypes/YndFile.cs(60,16): warning CS8618: Non-nullable property 'TriangleVerts' must contain a non-null value when exiting constructor. Consider declaring the property as nullable. [/home/ubuntu/PROGRAMA-BETA/src/FiveMTool.csproj]
/home/ubuntu/PROGRAMA-BETA/src/External/CodeWalker.Core/GameFiles/FileTypes/YndFile.cs(60,16): warning CS8618: Non-nullable property 'NodePositions' must contain a non-null value when exiting constructor. Consider declaring the property as nullable. [/home/ubuntu/PROGRAMA-BETA/src/FiveMTool.csproj]
/home/ubuntu/PROGRAMA-BETA/src/External/CodeWalker.Core/GameFiles/FileTypes/YndFile.cs(60,16): warning CS8618: Non-nullable property 'BVH' must contain a non-null value when exiting constructor. Consider declaring the property as nullable. [/home/ubuntu/PROGRAMA-BETA/src/FiveMTool.csproj]
/home/ubuntu/PROGRAMA-BETA/src/External/CodeWalker.Core/GameFiles/FileTypes/YmapFile.cs(3447,28): warning CS8625: Cannot convert null literal to non-nullable reference type. [/home/ubuntu/PROGRAMA-BETA/src/FiveMTool.csproj]
/home/ubuntu/PROGRAMA-BETA/src/External/CodeWalker.Core/GameFiles/FileTypes/YmapFile.cs(3448,27): warning CS8625: Cannot convert null literal to non-nullable reference type. [/home/ubuntu/PROGRAMA-BETA/src/FiveMTool.csproj]
/home/ubuntu/PROGRAMA-BETA/src/External/CodeWalker.Core/GameFiles/FileTypes/YldFile.cs(37,45): warning CS8600: Converting null literal or possible null value to non-nullable type. [/home/ubuntu/PROGRAMA-BETA/src/FiveMTool.csproj]
/home/ubuntu/PROGRAMA-BETA/src/External/CodeWalker.Core/GameFiles/FileTypes/YldFile.cs(43,37): warning CS8600: Converting null literal or possible null value to non-nullable type. [/home/ubuntu/PROGRAMA-BETA/src/FiveMTool.csproj]
/home/ubuntu/PROGRAMA-BETA/src/External/CodeWalker.Core/GameFiles/FileTypes/YldFile.cs(54,31): warning CS8601: Possible null reference assignment. [/home/ubuntu/PROGRAMA-BETA/src/FiveMTool.csproj]
/home/ubuntu/PROGRAMA-BETA/src/External/CodeWalker.Core/GameFiles/FileTypes/YldFile.cs(65,32): warning CS8602: Dereference of a possibly null reference. [/home/ubuntu/PROGRAMA-BETA/src/FiveMTool.csproj]
/home/ubuntu/PROGRAMA-BETA/src/External/CodeWalker.Core/GameFiles/FileTypes/YldFile.cs(66,33): warning CS8602: Dereference of a possibly null reference. [/home/ubuntu/PROGRAMA-BETA/src/FiveMTool.csproj]
/home/ubuntu/PROGRAMA-BETA/src/External/CodeWalker.Core/GameFiles/FileTypes/YmapFile.cs(2246,52): error CS0121: The call is ambiguous between the following methods or properties: 'CodeWalker.BoundingBoxMath.Transform(SharpDX.BoundingBox, SharpDX.Vector3, SharpDX.Quaternion, SharpDX.Vector3)' and 'CodeWalker.BoundingBoxMath.Transform(SharpDX.BoundingBox, SharpDX.Vector3, SharpDX.Quaternion, SharpDX.Vector3)' [/home/ubuntu/PROGRAMA-BETA/src/FiveMTool.csproj]
/home/ubuntu/PROGRAMA-BETA/src/External/CodeWalker.Core/GameFiles/FileTypes/YmapFile.cs(2274,58): error CS0121: The call is ambiguous between the following methods or properties: 'CodeWalker.MatrixExtensions.Multiply(SharpDX.Matrix, SharpDX.Vector3)' and 'CodeWalker.MatrixExtensions.Multiply(SharpDX.Matrix, SharpDX.Vector3)' [/home/ubuntu/PROGRAMA-BETA/src/FiveMTool.csproj]
/home/ubuntu/PROGRAMA-BETA/src/External/CodeWalker.Core/GameFiles/FileTypes/YmapFile.cs(2275,59): error CS0121: The call is ambiguous between the following methods or properties: 'CodeWalker.MatrixExtensions.MultiplyRot(SharpDX.Matrix, SharpDX.Vector3)' and 'CodeWalker.MatrixExtensions.MultiplyRot(SharpDX.Matrix, SharpDX.Vector3)' [/home/ubuntu/PROGRAMA-BETA/src/FiveMTool.csproj]
/home/ubuntu/PROGRAMA-BETA/src/External/CodeWalker.Core/GameFiles/FileTypes/YmapFile.cs(2223,44): warning CS8600: Converting null literal or possible null value to non-nullable type. [/home/ubuntu/PROGRAMA-BETA/src/FiveMTool.csproj]
/home/ubuntu/PROGRAMA-BETA/src/External/CodeWalker.Core/GameFiles/FileTypes/YmapFile.cs(2224,24): warning CS8600: Converting null literal or possible null value to non-nullable type. [/home/ubuntu/PROGRAMA-BETA/src/FiveMTool.csproj]
/home/ubuntu/PROGRAMA-BETA/src/External/CodeWalker.Core/GameFiles/FileTypes/YmapFile.cs(2227,30): warning CS8600: Converting null literal or possible null value to non-nullable type. [/home/ubuntu/PROGRAMA-BETA/src/FiveMTool.csproj]
/home/ubuntu/PROGRAMA-BETA/src/External/CodeWalker.Core/GameFiles/FileTypes/YmapFile.cs(2234,30): warning CS8600: Converting null literal or possible null value to non-nullable type. [/home/ubuntu/PROGRAMA-BETA/src/FiveMTool.csproj]
/home/ubuntu/PROGRAMA-BETA/src/External/CodeWalker.Core/GameFiles/FileTypes/YmapFile.cs(2235,21): warning CS8600: Converting null literal or possible null value to non-nullable type. [/home/ubuntu/PROGRAMA-BETA/src/FiveMTool.csproj]
/home/ubuntu/PROGRAMA-BETA/src/External/CodeWalker.Core/GameFiles/FileTypes/YmapFile.cs(2266,74): warning CS8600: Converting null literal or possible null value to non-nullable type. [/home/ubuntu/PROGRAMA-BETA/src/FiveMTool.csproj]
/home/ubuntu/PROGRAMA-BETA/src/External/CodeWalker.Core/GameFiles/FileTypes/YcdFile.cs(41,45): warning CS8600: Converting null literal or possible null value to non-nullable type. [/home/ubuntu/PROGRAMA-BETA/src/FiveMTool.csproj]
/home/ubuntu/PROGRAMA-BETA/src/External/CodeWalker.Core/GameFiles/FileTypes/YcdFile.cs(47,37): warning CS8600: Converting null literal or possible null value to non-nullable type. [/home/ubuntu/PROGRAMA-BETA/src/FiveMTool.csproj]
/home/ubuntu/PROGRAMA-BETA/src/External/CodeWalker.Core/GameFiles/FileTypes/YcdFile.cs(58,30): warning CS8601: Possible null reference assignment. [/home/ubuntu/PROGRAMA-BETA/src/FiveMTool.csproj]
/home/ubuntu/PROGRAMA-BETA/src/External/CodeWalker.Core/GameFiles/FileTypes/YmapFile.cs(3519,37): warning CS8603: Possible null reference return. [/home/ubuntu/PROGRAMA-BETA/src/FiveMTool.csproj]
/home/ubuntu/PROGRAMA-BETA/src/External/CodeWalker.Core/GameFiles/FileTypes/YmapFile.cs(3520,20): warning CS8603: Possible null reference return. [/home/ubuntu/PROGRAMA-BETA/src/FiveMTool.csproj]
/home/ubuntu/PROGRAMA-BETA/src/External/CodeWalker.Core/GameFiles/FileTypes/YmapFile.cs(2351,36): warning CS8618: Non-nullable property 'Attributes' must contain a non-null value when exiting constructor. Consider declaring the property as nullable. [/home/ubuntu/PROGRAMA-BETA/src/FiveMTool.csproj]
/home/ubuntu/PROGRAMA-BETA/src/External/CodeWalker.Core/GameFiles/FileTypes/YmapFile.cs(3019,29): warning CS8625: Cannot convert null literal to non-nullable reference type. [/home/ubuntu/PROGRAMA-BETA/src/FiveMTool.csproj]
/home/ubuntu/PROGRAMA-BETA/src/External/CodeWalker.Core/GameFiles/FileTypes/YmapFile.cs(3020,27): warning CS8625: Cannot convert null literal to non-nullable reference type. [/home/ubuntu/PROGRAMA-BETA/src/FiveMTool.csproj]
/home/ubuntu/PROGRAMA-BETA/src/External/CodeWalker.Core/GameFiles/FileTypes/YmapFile.cs(3021,35): warning CS8625: Cannot convert null literal to non-nullable reference type. [/home/ubuntu/PROGRAMA-BETA/src/FiveMTool.csproj]
/home/ubuntu/PROGRAMA-BETA/src/External/CodeWalker.Core/GameFiles/FileTypes/YmapFile.cs(3022,37): warning CS8625: Cannot convert null literal to non-nullable reference type. [/home/ubuntu/PROGRAMA-BETA/src/FiveMTool.csproj]
/home/ubuntu/PROGRAMA-BETA/src/External/CodeWalker.Core/GameFiles/FileTypes/YmapFile.cs(3023,24): warning CS8625: Cannot convert null literal to non-nullable reference type. [/home/ubuntu/PROGRAMA-BETA/src/FiveMTool.csproj]
/home/ubuntu/PROGRAMA-BETA/src/External/CodeWalker.Core/GameFiles/FileTypes/YmapFile.cs(3024,34): warning CS8625: Cannot convert null literal to non-nullable reference type. [/home/ubuntu/PROGRAMA-BETA/src/FiveMTool.csproj]
/home/ubuntu/PROGRAMA-BETA/src/External/CodeWalker.Core/GameFiles/FileTypes/YmapFile.cs(3025,42): warning CS8625: Cannot convert null literal to non-nullable reference type. [/home/ubuntu/PROGRAMA-BETA/src/FiveMTool.csproj]
/home/ubuntu/PROGRAMA-BETA/src/External/CodeWalker.Core/GameFiles/FileTypes/YmapFile.cs(3026,35): warning CS8625: Cannot convert null literal to non-nullable reference type. [/home/ubuntu/PROGRAMA-BETA/src/FiveMTool.csproj]
/home/ubuntu/PROGRAMA-BETA/src/External/CodeWalker.Core/GameFiles/FileTypes/YmapFile.cs(3041,30): warning CS8602: Dereference of a possibly null reference. [/home/ubuntu/PROGRAMA-BETA/src/FiveMTool.csproj]
/home/ubuntu/PROGRAMA-BETA/src/External/CodeWalker.Core/GameFiles/FileTypes/YmtFile.cs(308,42): warning CS8618: Non-nullable property 'RegionDefs' must contain a non-null value when exiting constructor. Consider declaring the property as nullable. [/home/ubuntu/PROGRAMA-BETA/src/FiveMTool.csproj]
/home/ubuntu/PROGRAMA-BETA/src/External/CodeWalker.Core/GameFiles/FileTypes/YmtFile.cs(309,38): warning CS8618: Non-nullable property 'Groups' must contain a non-null value when exiting constructor. Consider declaring the property as nullable. [/home/ubuntu/PROGRAMA-BETA/src/FiveMTool.csproj]
/home/ubuntu/PROGRAMA-BETA/src/External/CodeWalker.Core/GameFiles/FileTypes/YmtFile.cs(310,27): warning CS8618: Non-nullable property 'InteriorNames' must contain a non-null value when exiting constructor. Consider declaring the property as nullable. [/home/ubuntu/PROGRAMA-BETA/src/FiveMTool.csproj]
/home/ubuntu/PROGRAMA-BETA/src/External/CodeWalker.Core/GameFiles/FileTypes/RelFile.cs(21383,27): warning CS8618: Non-nullable property 'Disassembly' must contain a non-null value when exiting constructor. Consider declaring the property as nullable. [/home/ubuntu/PROGRAMA-BETA/src/FiveMTool.csproj]
/home/ubuntu/PROGRAMA-BETA/src/External/CodeWalker.Core/GameFiles/FileTypes/YndFile.cs(81,45): warning CS8600: Converting null literal or possible null value to non-nullable type. [/home/ubuntu/PROGRAMA-BETA/src/FiveMTool.csproj]
/home/ubuntu/PROGRAMA-BETA/src/External/CodeWalker.Core/GameFiles/FileTypes/YndFile.cs(1520,24): warning CS8618: Non-nullable property 'Ynd' must contain a non-null value when exiting constructor. Consider declaring the property as nullable. [/home/ubuntu/PROGRAMA-BETA/src/FiveMTool.csproj]
/home/ubuntu/PROGRAMA-BETA/src/External/CodeWalker.Core/GameFiles/FileTypes/YndFile.cs(1524,37): warning CS8618: Non-nullable property 'Heightmap' must contain a non-null value when exiting constructor. Consider declaring the property as nullable. [/home/ubuntu/PROGRAMA-BETA/src/FiveMTool.csproj]
/home/ubuntu/PROGRAMA-BETA/src/External/CodeWalker.Core/GameFiles/FileTypes/YmapFile.cs(2436,31): error CS0121: The call is ambiguous between the following methods or properties: 'CodeWalker.Vectors.XYZ(SharpDX.Vector4)' and 'CodeWalker.Vectors.XYZ(SharpDX.Vector4)' [/home/ubuntu/PROGRAMA-BETA/src/FiveMTool.csproj]
/home/ubuntu/PROGRAMA-BETA/src/External/CodeWalker.Core/GameFiles/FileTypes/YmapFile.cs(2437,31): error CS0121: The call is ambiguous between the following methods or properties: 'CodeWalker.Vectors.XYZ(SharpDX.Vector4)' and 'CodeWalker.Vectors.XYZ(SharpDX.Vector4)' [/home/ubuntu/PROGRAMA-BETA/src/FiveMTool.csproj]
/home/ubuntu/PROGRAMA-BETA/src/External/CodeWalker.Core/GameFiles/FileTypes/YnvFile.cs(56,53): warning CS8603: Possible null reference return. [/home/ubuntu/PROGRAMA-BETA/src/FiveMTool.csproj]
/home/ubuntu/PROGRAMA-BETA/src/External/CodeWalker.Core/GameFiles/FileTypes/YmapFile.cs(3525,65): warning CS8603: Possible null reference return. [/home/ubuntu/PROGRAMA-BETA/src/FiveMTool.csproj]
/home/ubuntu/PROGRAMA-BETA/src/External/CodeWalker.Core/GameFiles/FileTypes/YnvFile.cs(57,51): warning CS8603: Possible null reference return. [/home/ubuntu/PROGRAMA-BETA/src/FiveMTool.csproj]
/home/ubuntu/PROGRAMA-BETA/src/External/CodeWalker.Core/GameFiles/FileTypes/YmapFile.cs(3538,20): warning CS8603: Possible null reference return. [/home/ubuntu/PROGRAMA-BETA/src/FiveMTool.csproj]
/home/ubuntu/PROGRAMA-BETA/src/External/CodeWalker.Core/GameFiles/FileTypes/YnvFile.cs(58,50): warning CS8603: Possible null reference return. [/home/ubuntu/PROGRAMA-BETA/src/FiveMTool.csproj]
/home/ubuntu/PROGRAMA-BETA/src/External/CodeWalker.Core/GameFiles/FileTypes/YmapFile.cs(3542,20): warning CS8603: Possible null reference return. [/home/ubuntu/PROGRAMA-BETA/src/FiveMTool.csproj]
/home/ubuntu/PROGRAMA-BETA/src/External/CodeWalker.Core/GameFiles/FileTypes/YnvFile.cs(59,50): warning CS8603: Possible null reference return. [/home/ubuntu/PROGRAMA-BETA/src/FiveMTool.csproj]
/home/ubuntu/PROGRAMA-BETA/src/External/CodeWalker.Core/GameFiles/FileTypes/YmapFile.cs(3062,20): warning CS8603: Possible null reference return. [/home/ubuntu/PROGRAMA-BETA/src/FiveMTool.csproj]
/home/ubuntu/PROGRAMA-BETA/src/External/CodeWalker.Core/GameFiles/FileTypes/YmapFile.cs(2933,30): warning CS8618: Non-nullable property 'direction' must contain a non-null value when exiting constructor. Consider declaring the property as nullable. [/home/ubuntu/PROGRAMA-BETA/src/FiveMTool.csproj]
/home/ubuntu/PROGRAMA-BETA/src/External/CodeWalker.Core/GameFiles/FileTypes/YmapFile.cs(2934,24): warning CS8618: Non-nullable property 'falloff' must contain a non-null value when exiting constructor. Consider declaring the property as nullable. [/home/ubuntu/PROGRAMA-BETA/src/FiveMTool.csproj]
/home/ubuntu/PROGRAMA-BETA/src/External/CodeWalker.Core/GameFiles/FileTypes/YmapFile.cs(2935,24): warning CS8618: Non-nullable property 'falloffExponent' must contain a non-null value when exiting constructor. Consider declaring the property as nullable. [/home/ubuntu/PROGRAMA-BETA/src/FiveMTool.csproj]
/home/ubuntu/PROGRAMA-BETA/src/External/CodeWalker.Core/GameFiles/FileTypes/YmapFile.cs(2936,23): warning CS8618: Non-nullable property 'timeAndStateFlags' must contain a non-null value when exiting constructor. Consider declaring the property as nullable. [/home/ubuntu/PROGRAMA-BETA/src/FiveMTool.csproj]
/home/ubuntu/PROGRAMA-BETA/src/External/CodeWalker.Core/GameFiles/FileTypes/YmapFile.cs(2937,23): warning CS8618: Non-nullable property 'hash' must contain a non-null value when exiting constructor. Consider declaring the property as nullable. [/home/ubuntu/PROGRAMA-BETA/src/FiveMTool.csproj]
/home/ubuntu/PROGRAMA-BETA/src/External/CodeWalker.Core/GameFiles/FileTypes/YmapFile.cs(2938,23): warning CS8618: Non-nullable property 'coneInnerAngle' must contain a non-null value when exiting constructor. Consider declaring the property as nullable. [/home/ubuntu/PROGRAMA-BETA/src/FiveMTool.csproj]
/home/ubuntu/PROGRAMA-BETA/src/External/CodeWalker.Core/GameFiles/FileTypes/YmapFile.cs(2939,23): warning CS8618: Non-nullable property 'coneOuterAngleOrCapExt' must contain a non-null value when exiting constructor. Consider declaring the property as nullable. [/home/ubuntu/PROGRAMA-BETA/src/FiveMTool.csproj]
/home/ubuntu/PROGRAMA-BETA/src/External/CodeWalker.Core/GameFiles/FileTypes/YmapFile.cs(2940,23): warning CS8618: Non-nullable property 'coronaIntensity' must contain a non-null value when exiting constructor. Consider declaring the property as nullable. [/home/ubuntu/PROGRAMA-BETA/src/FiveMTool.csproj]
/home/ubuntu/PROGRAMA-BETA/src/External/CodeWalker.Core/GameFiles/FileTypes/YmapFile.cs(2944,25): warning CS8618: Non-nullable property 'Ymap' must contain a non-null value when exiting constructor. Consider declaring the property as nullable. [/home/ubuntu/PROGRAMA-BETA/src/FiveMTool.csproj]
/home/ubuntu/PROGRAMA-BETA/src/External/CodeWalker.Core/GameFiles/FileTypes/YmapFile.cs(2946,31): warning CS8618: Non-nullable property 'LodLights' must contain a non-null value when exiting constructor. Consider declaring the property as nullable. [/home/ubuntu/PROGRAMA-BETA/src/FiveMTool.csproj]
/home/ubuntu/PROGRAMA-BETA/src/External/CodeWalker.Core/GameFiles/FileTypes/YmapFile.cs(2948,24): warning CS8618: Non-nullable property 'BVH' must contain a non-null value when exiting constructor. Consider declaring the property as nullable. [/home/ubuntu/PROGRAMA-BETA/src/FiveMTool.csproj]
/home/ubuntu/PROGRAMA-BETA/src/External/CodeWalker.Core/GameFiles/FileTypes/YnvFile.cs(60,54): warning CS8603: Possible null reference return. [/home/ubuntu/PROGRAMA-BETA/src/FiveMTool.csproj]
/home/ubuntu/PROGRAMA-BETA/src/External/CodeWalker.Core/GameFiles/FileTypes/YnvFile.cs(61,52): warning CS8603: Possible null reference return. [/home/ubuntu/PROGRAMA-BETA/src/FiveMTool.csproj]
/home/ubuntu/PROGRAMA-BETA/src/External/CodeWalker.Core/GameFiles/FileTypes/YnvFile.cs(31,44): warning CS8625: Cannot convert null literal to non-nullable reference type. [/home/ubuntu/PROGRAMA-BETA/src/FiveMTool.csproj]
/home/ubuntu/PROGRAMA-BETA/src/External/CodeWalker.Core/GameFiles/FileTypes/YnvFile.cs(66,33): warning CS8625: Cannot convert null literal to non-nullable reference type. [/home/ubuntu/PROGRAMA-BETA/src/FiveMTool.csproj]
/home/ubuntu/PROGRAMA-BETA/src/External/CodeWalker.Core/GameFiles/FileTypes/YnvFile.cs(66,16): warning CS8618: Non-nullable property 'Nav' must contain a non-null value when exiting constructor. Consider declaring the property as nullable. [/home/ubuntu/PROGRAMA-BETA/src/FiveMTool.csproj]
/home/ubuntu/PROGRAMA-BETA/src/External/CodeWalker.Core/GameFiles/FileTypes/YnvFile.cs(66,16): warning CS8618: Non-nullable property 'Vertices' must contain a non-null value when exiting constructor. Consider declaring the property as nullable. [/home/ubuntu/PROGRAMA-BETA/src/FiveMTool.csproj]
/home/ubuntu/PROGRAMA-BETA/src/External/CodeWalker.Core/GameFiles/FileTypes/YnvFile.cs(66,16): warning CS8618: Non-nullable property 'Indices' must contain a non-null value when exiting constructor. Consider declaring the property as nullable. [/home/ubuntu/PROGRAMA-BETA/src/FiveMTool.csproj]
/home/ubuntu/PROGRAMA-BETA/src/External/CodeWalker.Core/GameFiles/FileTypes/YnvFile.cs(66,16): warning CS8618: Non-nullable property 'Edges' must contain a non-null value when exiting constructor. Consider declaring the property as nullable. [/home/ubuntu/PROGRAMA-BETA/src/FiveMTool.csproj]
/home/ubuntu/PROGRAMA-BETA/src/External/CodeWalker.Core/GameFiles/FileTypes/YnvFile.cs(66,16): warning CS8618: Non-nullable property 'Polys' must contain a non-null value when exiting constructor. Consider declaring the property as nullable. [/home/ubuntu/PROGRAMA-BETA/src/FiveMTool.csproj]
/home/ubuntu/PROGRAMA-BETA/src/External/CodeWalker.Core/GameFiles/FileTypes/YnvFile.cs(66,16): warning CS8618: Non-nullable property 'Portals' must contain a non-null value when exiting constructor. Consider declaring the property as nullable. [/home/ubuntu/PROGRAMA-BETA/src/FiveMTool.csproj]
/home/ubuntu/PROGRAMA-BETA/src/External/CodeWalker.Core/GameFiles/FileTypes/YnvFile.cs(66,16): warning CS8618: Non-nullable property 'Points' must contain a non-null value when exiting constructor. Consider declaring the property as nullable. [/home/ubuntu/PROGRAMA-BETA/src/FiveMTool.csproj]
/home/ubuntu/PROGRAMA-BETA/src/External/CodeWalker.Core/GameFiles/FileTypes/YnvFile.cs(66,16): warning CS8618: Non-nullable property 'PathVertices' must contain a non-null value when exiting constructor. Consider declaring the property as nullable. [/home/ubuntu/PROGRAMA-BETA/src/FiveMTool.csproj]
/home/ubuntu/PROGRAMA-BETA/src/External/CodeWalker.Core/GameFiles/FileTypes/YnvFile.cs(66,16): warning CS8618: Non-nullable property 'TriangleVerts' must contain a non-null value when exiting constructor. Consider declaring the property as nullable. [/home/ubuntu/PROGRAMA-BETA/src/FiveMTool.csproj]
/home/ubuntu/PROGRAMA-BETA/src/External/CodeWalker.Core/GameFiles/FileTypes/YnvFile.cs(66,16): warning CS8618: Non-nullable property 'NodePositions' must contain a non-null value when exiting constructor. Consider declaring the property as nullable. [/home/ubuntu/PROGRAMA-BETA/src/FiveMTool.csproj]
/home/ubuntu/PROGRAMA-BETA/src/External/CodeWalker.Core/GameFiles/FileTypes/YnvFile.cs(66,16): warning CS8618: Non-nullable property 'BVH' must contain a non-null value when exiting constructor. Consider declaring the property as nullable. [/home/ubuntu/PROGRAMA-BETA/src/FiveMTool.csproj]
/home/ubuntu/PROGRAMA-BETA/src/External/CodeWalker.Core/GameFiles/FileTypes/YmtFile.cs(35,44): warning CS8625: Cannot convert null literal to non-nullable reference type. [/home/ubuntu/PROGRAMA-BETA/src/FiveMTool.csproj]
/home/ubuntu/PROGRAMA-BETA/src/External/CodeWalker.Core/GameFiles/FileTypes/YmtFile.cs(37,33): warning CS8625: Cannot convert null literal to non-nullable reference type. [/home/ubuntu/PROGRAMA-BETA/src/FiveMTool.csproj]
/home/ubuntu/PROGRAMA-BETA/src/External/CodeWalker.Core/GameFiles/FileTypes/YmtFile.cs(37,16): warning CS8618: Non-nullable property 'Meta' must contain a non-null value when exiting constructor. Consider declaring the property as nullable. [/home/ubuntu/PROGRAMA-BETA/src/FiveMTool.csproj]
/home/ubuntu/PROGRAMA-BETA/src/External/CodeWalker.Core/GameFiles/FileTypes/YmtFile.cs(37,16): warning CS8618: Non-nullable property 'Pso' must contain a non-null value when exiting constructor. Consider declaring the property as nullable. [/home/ubuntu/PROGRAMA-BETA/src/FiveMTool.csproj]
/home/ubuntu/PROGRAMA-BETA/src/External/CodeWalker.Core/GameFiles/FileTypes/YmtFile.cs(37,16): warning CS8618: Non-nullable property 'Rbf' must contain a non-null value when exiting constructor. Consider declaring the property as nullable. [/home/ubuntu/PROGRAMA-BETA/src/FiveMTool.csproj]
/home/ubuntu/PROGRAMA-BETA/src/External/CodeWalker.Core/GameFiles/FileTypes/YmtFile.cs(37,16): warning CS8618: Non-nullable property 'CMapParentTxds' must contain a non-null value when exiting constructor. Consider declaring the property as nullable. [/home/ubuntu/PROGRAMA-BETA/src/FiveMTool.csproj]
/home/ubuntu/PROGRAMA-BETA/src/External/CodeWalker.Core/GameFiles/FileTypes/YmtFile.cs(37,16): warning CS8618: Non-nullable property 'CScenarioPointManifest' must contain a non-null value when exiting constructor. Consider declaring the property as nullable. [/home/ubuntu/PROGRAMA-BETA/src/FiveMTool.csproj]
/home/ubuntu/PROGRAMA-BETA/src/External/CodeWalker.Core/GameFiles/FileTypes/YmtFile.cs(37,16): warning CS8618: Non-nullable property 'CScenarioPointRegion' must contain a non-null value when exiting constructor. Consider declaring the property as nullable. [/home/ubuntu/PROGRAMA-BETA/src/FiveMTool.csproj]
/home/ubuntu/PROGRAMA-BETA/src/External/CodeWalker.Core/GameFiles/FileTypes/YmtFile.cs(37,16): warning CS8618: Non-nullable property 'ScenarioRegion' must contain a non-null value when exiting constructor. Consider declaring the property as nullable. [/home/ubuntu/PROGRAMA-BETA/src/FiveMTool.csproj]
/home/ubuntu/PROGRAMA-BETA/src/External/CodeWalker.Core/GameFiles/FileTypes/YnvFile.cs(69,16): warning CS8618: Non-nullable property 'Nav' must contain a non-null value when exiting constructor. Consider declaring the property as nullable. [/home/ubuntu/PROGRAMA-BETA/src/FiveMTool.csproj]
/home/ubuntu/PROGRAMA-BETA/src/External/CodeWalker.Core/GameFiles/FileTypes/YnvFile.cs(69,16): warning CS8618: Non-nullable property 'Vertices' must contain a non-null value when exiting constructor. Consider declaring the property as nullable. [/home/ubuntu/PROGRAMA-BETA/src/FiveMTool.csproj]
/home/ubuntu/PROGRAMA-BETA/src/External/CodeWalker.Core/GameFiles/FileTypes/YnvFile.cs(69,16): warning CS8618: Non-nullable property 'Indices' must contain a non-null value when exiting constructor. Consider declaring the property as nullable. [/home/ubuntu/PROGRAMA-BETA/src/FiveMTool.csproj]
/home/ubuntu/PROGRAMA-BETA/src/External/CodeWalker.Core/GameFiles/FileTypes/YnvFile.cs(69,16): warning CS8618: Non-nullable property 'Edges' must contain a non-null value when exiting constructor. Consider declaring the property as nullable. [/home/ubuntu/PROGRAMA-BETA/src/FiveMTool.csproj]
/home/ubuntu/PROGRAMA-BETA/src/External/CodeWalker.Core/GameFiles/FileTypes/YnvFile.cs(69,16): warning CS8618: Non-nullable property 'Polys' must contain a non-null value when exiting constructor. Consider declaring the property as nullable. [/home/ubuntu/PROGRAMA-BETA/src/FiveMTool.csproj]
/home/ubuntu/PROGRAMA-BETA/src/External/CodeWalker.Core/GameFiles/FileTypes/YnvFile.cs(69,16): warning CS8618: Non-nullable property 'Portals' must contain a non-null value when exiting constructor. Consider declaring the property as nullable. [/home/ubuntu/PROGRAMA-BETA/src/FiveMTool.csproj]
/home/ubuntu/PROGRAMA-BETA/src/External/CodeWalker.Core/GameFiles/FileTypes/YnvFile.cs(69,16): warning CS8618: Non-nullable property 'Points' must contain a non-null value when exiting constructor. Consider declaring the property as nullable. [/home/ubuntu/PROGRAMA-BETA/src/FiveMTool.csproj]
/home/ubuntu/PROGRAMA-BETA/src/External/CodeWalker.Core/GameFiles/FileTypes/YnvFile.cs(69,16): warning CS8618: Non-nullable property 'PathVertices' must contain a non-null value when exiting constructor. Consider declaring the property as nullable. [/home/ubuntu/PROGRAMA-BETA/src/FiveMTool.csproj]
/home/ubuntu/PROGRAMA-BETA/src/External/CodeWalker.Core/GameFiles/FileTypes/YnvFile.cs(69,16): warning CS8618: Non-nullable property 'TriangleVerts' must contain a non-null value when exiting constructor. Consider declaring the property as nullable. [/home/ubuntu/PROGRAMA-BETA/src/FiveMTool.csproj]
/home/ubuntu/PROGRAMA-BETA/src/External/CodeWalker.Core/GameFiles/FileTypes/YnvFile.cs(69,16): warning CS8618: Non-nullable property 'NodePositions' must contain a non-null value when exiting constructor. Consider declaring the property as nullable. [/home/ubuntu/PROGRAMA-BETA/src/FiveMTool.csproj]
/home/ubuntu/PROGRAMA-BETA/src/External/CodeWalker.Core/GameFiles/FileTypes/YnvFile.cs(69,16): warning CS8618: Non-nullable property 'BVH' must contain a non-null value when exiting constructor. Consider declaring the property as nullable. [/home/ubuntu/PROGRAMA-BETA/src/FiveMTool.csproj]
/home/ubuntu/PROGRAMA-BETA/src/External/CodeWalker.Core/GameFiles/FileTypes/YmtFile.cs(40,16): warning CS8618: Non-nullable property 'Meta' must contain a non-null value when exiting constructor. Consider declaring the property as nullable. [/home/ubuntu/PROGRAMA-BETA/src/FiveMTool.csproj]
/home/ubuntu/PROGRAMA-BETA/src/External/CodeWalker.Core/GameFiles/FileTypes/YmtFile.cs(40,16): warning CS8618: Non-nullable property 'Pso' must contain a non-null value when exiting constructor. Consider declaring the property as nullable. [/home/ubuntu/PROGRAMA-BETA/src/FiveMTool.csproj]
/home/ubuntu/PROGRAMA-BETA/src/External/CodeWalker.Core/GameFiles/FileTypes/YmtFile.cs(40,16): warning CS8618: Non-nullable property 'Rbf' must contain a non-null value when exiting constructor. Consider declaring the property as nullable. [/home/ubuntu/PROGRAMA-BETA/src/FiveMTool.csproj]
/home/ubuntu/PROGRAMA-BETA/src/External/CodeWalker.Core/GameFiles/FileTypes/YmtFile.cs(40,16): warning CS8618: Non-nullable property 'CMapParentTxds' must contain a non-null value when exiting constructor. Consider declaring the property as nullable. [/home/ubuntu/PROGRAMA-BETA/src/FiveMTool.csproj]
/home/ubuntu/PROGRAMA-BETA/src/External/CodeWalker.Core/GameFiles/FileTypes/YmtFile.cs(40,16): warning CS8618: Non-nullable property 'CScenarioPointManifest' must contain a non-null value when exiting constructor. Consider declaring the property as nullable. [/home/ubuntu/PROGRAMA-BETA/src/FiveMTool.csproj]
/home/ubuntu/PROGRAMA-BETA/src/External/CodeWalker.Core/GameFiles/FileTypes/YmtFile.cs(40,16): warning CS8618: Non-nullable property 'CScenarioPointRegion' must contain a non-null value when exiting constructor. Consider declaring the property as nullable. [/home/ubuntu/PROGRAMA-BETA/src/FiveMTool.csproj]
/home/ubuntu/PROGRAMA-BETA/src/External/CodeWalker.Core/GameFiles/FileTypes/YmtFile.cs(40,16): warning CS8618: Non-nullable property 'ScenarioRegion' must contain a non-null value when exiting constructor. Consider declaring the property as nullable. [/home/ubuntu/PROGRAMA-BETA/src/FiveMTool.csproj]
/home/ubuntu/PROGRAMA-BETA/src/External/CodeWalker.Core/GameFiles/FileTypes/YnvFile.cs(87,45): warning CS8600: Converting null literal or possible null value to non-nullable type. [/home/ubuntu/PROGRAMA-BETA/src/FiveMTool.csproj]
/home/ubuntu/PROGRAMA-BETA/src/External/CodeWalker.Core/GameFiles/FileTypes/YnvFile.cs(1375,25): warning CS8604: Possible null reference argument for parameter 'node' in 'void YnvFile.ReadXml(XmlNode node)'. [/home/ubuntu/PROGRAMA-BETA/src/FiveMTool.csproj]
/home/ubuntu/PROGRAMA-BETA/src/External/CodeWalker.Core/GameFiles/FileTypes/YnvFile.cs(1401,20): warning CS8603: Possible null reference return. [/home/ubuntu/PROGRAMA-BETA/src/FiveMTool.csproj]
/home/ubuntu/PROGRAMA-BETA/src/External/CodeWalker.Core/GameFiles/FileTypes/YmapFile.cs(93,45): warning CS8600: Converting null literal or possible null value to non-nullable type. [/home/ubuntu/PROGRAMA-BETA/src/FiveMTool.csproj]
/home/ubuntu/PROGRAMA-BETA/src/External/CodeWalker.Core/GameFiles/FileTypes/YcdFile.cs(101,34): warning CS8601: Possible null reference assignment. [/home/ubuntu/PROGRAMA-BETA/src/FiveMTool.csproj]
/home/ubuntu/PROGRAMA-BETA/src/External/CodeWalker.Core/GameFiles/FileTypes/YmapFile.cs(3613,35): error CS0121: The call is ambiguous between the following methods or properties: 'CodeWalker.QuaternionExtension.Multiply(SharpDX.Quaternion, SharpDX.Vector3)' and 'CodeWalker.QuaternionExtension.Multiply(SharpDX.Quaternion, SharpDX.Vector3)' [/home/ubuntu/PROGRAMA-BETA/src/FiveMTool.csproj]
/home/ubuntu/PROGRAMA-BETA/src/External/CodeWalker.Core/GameFiles/FileTypes/YmtFile.cs(62,45): warning CS8600: Converting null literal or possible null value to non-nullable type. [/home/ubuntu/PROGRAMA-BETA/src/FiveMTool.csproj]
/home/ubuntu/PROGRAMA-BETA/src/External/CodeWalker.Core/GameFiles/FileTypes/YndFile.cs(205,40): warning CS8625: Cannot convert null literal to non-nullable reference type. [/home/ubuntu/PROGRAMA-BETA/src/FiveMTool.csproj]
/home/ubuntu/PROGRAMA-BETA/src/External/CodeWalker.Core/GameFiles/FileTypes/YndFile.cs(207,40): warning CS8625: Cannot convert null literal to non-nullable reference type. [/home/ubuntu/PROGRAMA-BETA/src/FiveMTool.csproj]
/home/ubuntu/PROGRAMA-BETA/src/External/CodeWalker.Core/GameFiles/FileTypes/YndFile.cs(209,44): warning CS8625: Cannot convert null literal to non-nullable reference type. [/home/ubuntu/PROGRAMA-BETA/src/FiveMTool.csproj]
/home/ubuntu/PROGRAMA-BETA/src/External/CodeWalker.Core/GameFiles/FileTypes/YndFile.cs(211,47): warning CS8625: Cannot convert null literal to non-nullable reference type. [/home/ubuntu/PROGRAMA-BETA/src/FiveMTool.csproj]
/home/ubuntu/PROGRAMA-BETA/src/External/CodeWalker.Core/GameFiles/FileTypes/YndFile.cs(214,57): warning CS8625: Cannot convert null literal to non-nullable reference type. [/home/ubuntu/PROGRAMA-BETA/src/FiveMTool.csproj]
/home/ubuntu/PROGRAMA-BETA/src/External/CodeWalker.Core/GameFiles/FileTypes/YndFile.cs(1567,16): warning CS8618: Non-nullable property 'Rows' must contain a non-null value when exiting constructor. Consider declaring the property as nullable. [/home/ubuntu/PROGRAMA-BETA/src/FiveMTool.csproj]
/home/ubuntu/PROGRAMA-BETA/src/External/CodeWalker.Core/GameFiles/FileTypes/WatermapFile.cs(199,45): warning CS8600: Converting null literal or possible null value to non-nullable type. [/home/ubuntu/PROGRAMA-BETA/src/FiveMTool.csproj]
/home/ubuntu/PROGRAMA-BETA/src/External/CodeWalker.Core/GameFiles/FileTypes/WatermapFile.cs(216,43): warning CS8601: Possible null reference assignment. [/home/ubuntu/PROGRAMA-BETA/src/FiveMTool.csproj]
/home/ubuntu/PROGRAMA-BETA/src/External/CodeWalker.Core/GameFiles/FileTypes/YmfFile.cs(158,27): warning CS8618: Non-nullable property 'itypDepArray' must contain a non-null value when exiting constructor. Consider declaring the property as nullable. [/home/ubuntu/PROGRAMA-BETA/src/FiveMTool.csproj]
/home/ubuntu/PROGRAMA-BETA/src/External/CodeWalker.Core/GameFiles/FileTypes/YnvFile.cs(1226,37): error CS0121: The call is ambiguous between the following methods or properties: 'CodeWalker.QuaternionExtension.Multiply(SharpDX.Quaternion, SharpDX.Vector3)' and 'CodeWalker.QuaternionExtension.Multiply(SharpDX.Quaternion, SharpDX.Vector3)' [/home/ubuntu/PROGRAMA-BETA/src/FiveMTool.csproj]
/home/ubuntu/PROGRAMA-BETA/src/External/CodeWalker.Core/GameFiles/FileTypes/YpdbFile.cs(246,16): warning CS8618: Non-nullable property 'Points' must contain a non-null value when exiting constructor. Consider declaring the property as nullable. [/home/ubuntu/PROGRAMA-BETA/src/FiveMTool.csproj]
/home/ubuntu/PROGRAMA-BETA/src/External/CodeWalker.Core/GameFiles/FileTypes/YpdbFile.cs(246,16): warning CS8618: Non-nullable property 'Weights' must contain a non-null value when exiting constructor. Consider declaring the property as nullable. [/home/ubuntu/PROGRAMA-BETA/src/FiveMTool.csproj]
/home/ubuntu/PROGRAMA-BETA/src/External/CodeWalker.Core/GameFiles/FileTypes/YnvFile.cs(1205,24): warning CS8618: Non-nullable property 'Ynv' must contain a non-null value when exiting constructor. Consider declaring the property as nullable. [/home/ubuntu/PROGRAMA-BETA/src/FiveMTool.csproj]
/home/ubuntu/PROGRAMA-BETA/src/External/CodeWalker.Core/GameFiles/FileTypes/YpdbFile.cs(330,16): warning CS8618: Non-nullable property 'Weights' must contain a non-null value when exiting constructor. Consider declaring the property as nullable. [/home/ubuntu/PROGRAMA-BETA/src/FiveMTool.csproj]
/home/ubuntu/PROGRAMA-BETA/src/External/CodeWalker.Core/GameFiles/FileTypes/YpdbFile.cs(341,16): warning CS8618: Non-nullable property 'Weights' must contain a non-null value when exiting constructor. Consider declaring the property as nullable. [/home/ubuntu/PROGRAMA-BETA/src/FiveMTool.csproj]
/home/ubuntu/PROGRAMA-BETA/src/External/CodeWalker.Core/GameFiles/FileTypes/YnvFile.cs(1291,16): warning CS8618: Non-nullable property 'Ynv' must contain a non-null value when exiting constructor. Consider declaring the property as nullable. [/home/ubuntu/PROGRAMA-BETA/src/FiveMTool.csproj]
/home/ubuntu/PROGRAMA-BETA/src/External/CodeWalker.Core/GameFiles/FileTypes/YnvFile.cs(1291,16): warning CS8618: Non-nullable property 'Poly1' must contain a non-null value when exiting constructor. Consider declaring the property as nullable. [/home/ubuntu/PROGRAMA-BETA/src/FiveMTool.csproj]
/home/ubuntu/PROGRAMA-BETA/src/External/CodeWalker.Core/GameFiles/FileTypes/YnvFile.cs(1291,16): warning CS8618: Non-nullable property 'Poly2' must contain a non-null value when exiting constructor. Consider declaring the property as nullable. [/home/ubuntu/PROGRAMA-BETA/src/FiveMTool.csproj]
/home/ubuntu/PROGRAMA-BETA/src/External/CodeWalker.Core/GameFiles/FileTypes/YnvFile.cs(1292,16): warning CS8618: Non-nullable property 'Ynv' must contain a non-null value when exiting constructor. Consider declaring the property as nullable. [/home/ubuntu/PROGRAMA-BETA/src/FiveMTool.csproj]
/home/ubuntu/PROGRAMA-BETA/src/External/CodeWalker.Core/GameFiles/FileTypes/YndFile.cs(1878,40): warning CS8604: Possible null reference argument for parameter 'node' in 'void NodeDictionary.ReadXml(XmlNode node)'. [/home/ubuntu/PROGRAMA-BETA/src/FiveMTool.csproj]
/home/ubuntu/PROGRAMA-BETA/src/External/CodeWalker.Core/GameFiles/FileTypes/YmtFile.cs(238,20): warning CS8603: Possible null reference return. [/home/ubuntu/PROGRAMA-BETA/src/FiveMTool.csproj]
/home/ubuntu/PROGRAMA-BETA/src/External/CodeWalker.Core/GameFiles/FileTypes/YmtFile.cs(244,20): warning CS8603: Possible null reference return. [/home/ubuntu/PROGRAMA-BETA/src/FiveMTool.csproj]
/home/ubuntu/PROGRAMA-BETA/src/External/CodeWalker.Core/GameFiles/FileTypes/YmtFile.cs(249,20): warning CS8603: Possible null reference return. [/home/ubuntu/PROGRAMA-BETA/src/FiveMTool.csproj]
/home/ubuntu/PROGRAMA-BETA/src/External/CodeWalker.Core/GameFiles/FileTypes/VehiclesFile.cs(268,21): warning CS8602: Dereference of a possibly null reference. [/home/ubuntu/PROGRAMA-BETA/src/FiveMTool.csproj]
/home/ubuntu/PROGRAMA-BETA/src/External/CodeWalker.Core/GameFiles/FileTypes/VehiclesFile.cs(275,67): warning CS8604: Possible null reference argument for parameter 'node' in 'string Xml.GetChildInnerText(XmlNode node, string name)'. [/home/ubuntu/PROGRAMA-BETA/src/FiveMTool.csproj]
/home/ubuntu/PROGRAMA-BETA/src/External/CodeWalker.Core/GameFiles/FileTypes/VehiclesFile.cs(295,29): warning CS8602: Dereference of a possibly null reference. [/home/ubuntu/PROGRAMA-BETA/src/FiveMTool.csproj]
/home/ubuntu/PROGRAMA-BETA/src/External/CodeWalker.Core/GameFiles/FileTypes/YndFile.cs(272,29): warning CS8602: Dereference of a possibly null reference. [/home/ubuntu/PROGRAMA-BETA/src/FiveMTool.csproj]
/home/ubuntu/PROGRAMA-BETA/src/External/CodeWalker.Core/GameFiles/FileTypes/YmtFile.cs(258,20): warning CS8603: Possible null reference return. [/home/ubuntu/PROGRAMA-BETA/src/FiveMTool.csproj]
/home/ubuntu/PROGRAMA-BETA/src/External/CodeWalker.Core/GameFiles/FileTypes/YptFile.cs(28,33): warning CS8625: Cannot convert null literal to non-nullable reference type. [/home/ubuntu/PROGRAMA-BETA/src/FiveMTool.csproj]
/home/ubuntu/PROGRAMA-BETA/src/External/CodeWalker.Core/GameFiles/FileTypes/YptFile.cs(28,16): warning CS8618: Non-nullable property 'PtfxList' must contain a non-null value when exiting constructor. Consider declaring the property as nullable. [/home/ubuntu/PROGRAMA-BETA/src/FiveMTool.csproj]
/home/ubuntu/PROGRAMA-BETA/src/External/CodeWalker.Core/GameFiles/FileTypes/YptFile.cs(28,16): warning CS8618: Non-nullable property 'DrawableDict' must contain a non-null value when exiting constructor. Consider declaring the property as nullable. [/home/ubuntu/PROGRAMA-BETA/src/FiveMTool.csproj]
/home/ubuntu/PROGRAMA-BETA/src/External/CodeWalker.Core/GameFiles/FileTypes/YptFile.cs(28,16): warning CS8618: Non-nullable property 'EffectDict' must contain a non-null value when exiting constructor. Consider declaring the property as nullable. [/home/ubuntu/PROGRAMA-BETA/src/FiveMTool.csproj]
/home/ubuntu/PROGRAMA-BETA/src/External/CodeWalker.Core/GameFiles/FileTypes/YptFile.cs(28,16): warning CS8618: Non-nullable property 'AllEffects' must contain a non-null value when exiting constructor. Consider declaring the property as nullable. [/home/ubuntu/PROGRAMA-BETA/src/FiveMTool.csproj]
/home/ubuntu/PROGRAMA-BETA/src/External/CodeWalker.Core/GameFiles/FileTypes/YptFile.cs(28,16): warning CS8618: Non-nullable property 'ErrorMessage' must contain a non-null value when exiting constructor. Consider declaring the property as nullable. [/home/ubuntu/PROGRAMA-BETA/src/FiveMTool.csproj]
/home/ubuntu/PROGRAMA-BETA/src/External/CodeWalker.Core/GameFiles/FileTypes/YptFile.cs(31,16): warning CS8618: Non-nullable property 'PtfxList' must contain a non-null value when exiting constructor. Consider declaring the property as nullable. [/home/ubuntu/PROGRAMA-BETA/src/FiveMTool.csproj]
/home/ubuntu/PROGRAMA-BETA/src/External/CodeWalker.Core/GameFiles/FileTypes/YptFile.cs(31,16): warning CS8618: Non-nullable property 'DrawableDict' must contain a non-null value when exiting constructor. Consider declaring the property as nullable. [/home/ubuntu/PROGRAMA-BETA/src/FiveMTool.csproj]
/home/ubuntu/PROGRAMA-BETA/src/External/CodeWalker.Core/GameFiles/FileTypes/YptFile.cs(31,16): warning CS8618: Non-nullable property 'EffectDict' must contain a non-null value when exiting constructor. Consider declaring the property as nullable. [/home/ubuntu/PROGRAMA-BETA/src/FiveMTool.csproj]
/home/ubuntu/PROGRAMA-BETA/src/External/CodeWalker.Core/GameFiles/FileTypes/YptFile.cs(31,16): warning CS8618: Non-nullable property 'AllEffects' must contain a non-null value when exiting constructor. Consider declaring the property as nullable. [/home/ubuntu/PROGRAMA-BETA/src/FiveMTool.csproj]
/home/ubuntu/PROGRAMA-BETA/src/External/CodeWalker.Core/GameFiles/FileTypes/YptFile.cs(31,16): warning CS8618: Non-nullable property 'ErrorMessage' must contain a non-null value when exiting constructor. Consider declaring the property as nullable. [/home/ubuntu/PROGRAMA-BETA/src/FiveMTool.csproj]
/home/ubuntu/PROGRAMA-BETA/src/External/CodeWalker.Core/GameFiles/FileTypes/VehiclesFile.cs(315,39): warning CS8603: Possible null reference return. [/home/ubuntu/PROGRAMA-BETA/src/FiveMTool.csproj]
/home/ubuntu/PROGRAMA-BETA/src/External/CodeWalker.Core/GameFiles/FileTypes/VehiclesFile.cs(317,39): warning CS8603: Possible null reference return. [/home/ubuntu/PROGRAMA-BETA/src/FiveMTool.csproj]
/home/ubuntu/PROGRAMA-BETA/src/External/CodeWalker.Core/GameFiles/FileTypes/VehiclesFile.cs(327,55): warning CS8603: Possible null reference return. [/home/ubuntu/PROGRAMA-BETA/src/FiveMTool.csproj]
/home/ubuntu/PROGRAMA-BETA/src/External/CodeWalker.Core/GameFiles/FileTypes/YpdbFile.cs(178,16): warning CS8618: Non-nullable property 'PointCloud' must contain a non-null value when exiting constructor. Consider declaring the property as nullable. [/home/ubuntu/PROGRAMA-BETA/src/FiveMTool.csproj]
/home/ubuntu/PROGRAMA-BETA/src/External/CodeWalker.Core/GameFiles/FileTypes/VehiclesFile.cs(334,39): warning CS8603: Possible null reference return. [/home/ubuntu/PROGRAMA-BETA/src/FiveMTool.csproj]
/home/ubuntu/PROGRAMA-BETA/src/External/CodeWalker.Core/GameFiles/FileTypes/VehiclesFile.cs(344,55): warning CS8603: Possible null reference return. [/home/ubuntu/PROGRAMA-BETA/src/FiveMTool.csproj]
/home/ubuntu/PROGRAMA-BETA/src/External/CodeWalker.Core/GameFiles/FileTypes/YndFile.cs(294,29): warning CS8602: Dereference of a possibly null reference. [/home/ubuntu/PROGRAMA-BETA/src/FiveMTool.csproj]
/home/ubuntu/PROGRAMA-BETA/src/External/CodeWalker.Core/GameFiles/FileTypes/YndFile.cs(1698,35): warning CS8618: Non-nullable field 'Nodes' must contain a non-null value when exiting constructor. Consider declaring the field as nullable. [/home/ubuntu/PROGRAMA-BETA/src/FiveMTool.csproj]
/home/ubuntu/PROGRAMA-BETA/src/External/CodeWalker.Core/GameFiles/FileTypes/YndFile.cs(1701,28): warning CS8618: Non-nullable field 'Node1' must contain a non-null value when exiting constructor. Consider declaring the field as nullable. [/home/ubuntu/PROGRAMA-BETA/src/FiveMTool.csproj]
/home/ubuntu/PROGRAMA-BETA/src/External/CodeWalker.Core/GameFiles/FileTypes/YndFile.cs(1702,28): warning CS8618: Non-nullable field 'Node2' must contain a non-null value when exiting constructor. Consider declaring the field as nullable. [/home/ubuntu/PROGRAMA-BETA/src/FiveMTool.csproj]
/home/ubuntu/PROGRAMA-BETA/src/External/CodeWalker.Core/GameFiles/FileTypes/YpdbFile.cs(404,26): warning CS8604: Possible null reference argument for parameter 'node' in 'void YpdbFile.ReadXml(XmlNode node)'. [/home/ubuntu/PROGRAMA-BETA/src/FiveMTool.csproj]
/home/ubuntu/PROGRAMA-BETA/src/External/CodeWalker.Core/GameFiles/FileTypes/WatermapFile.cs(383,20): warning CS8618: Non-nullable property 'Vectors' must contain a non-null value when exiting constructor. Consider declaring the property as nullable. [/home/ubuntu/PROGRAMA-BETA/src/FiveMTool.csproj]
/home/ubuntu/PROGRAMA-BETA/src/External/CodeWalker.Core/GameFiles/FileTypes/YpdbFile.cs(23,34): warning CS8625: Cannot convert null literal to non-nullable reference type. [/home/ubuntu/PROGRAMA-BETA/src/FiveMTool.csproj]
/home/ubuntu/PROGRAMA-BETA/src/External/CodeWalker.Core/GameFiles/FileTypes/YpdbFile.cs(23,16): warning CS8618: Non-nullable property 'Samples' must contain a non-null value when exiting constructor. Consider declaring the property as nullable. [/home/ubuntu/PROGRAMA-BETA/src/FiveMTool.csproj]
/home/ubuntu/PROGRAMA-BETA/src/External/CodeWalker.Core/GameFiles/FileTypes/YpdbFile.cs(23,16): warning CS8618: Non-nullable property 'BoneTags' must contain a non-null value when exiting constructor. Consider declaring the property as nullable. [/home/ubuntu/PROGRAMA-BETA/src/FiveMTool.csproj]
/home/ubuntu/PROGRAMA-BETA/src/External/CodeWalker.Core/GameFiles/FileTypes/YpdbFile.cs(23,16): warning CS8618: Non-nullable property 'WeightSet' must contain a non-null value when exiting constructor. Consider declaring the property as nullable. [/home/ubuntu/PROGRAMA-BETA/src/FiveMTool.csproj]
/home/ubuntu/PROGRAMA-BETA/src/External/CodeWalker.Core/GameFiles/FileTypes/YpdbFile.cs(26,16): warning CS8618: Non-nullable property 'Samples' must contain a non-null value when exiting constructor. Consider declaring the property as nullable. [/home/ubuntu/PROGRAMA-BETA/src/FiveMTool.csproj]
/home/ubuntu/PROGRAMA-BETA/src/External/CodeWalker.Core/GameFiles/FileTypes/YpdbFile.cs(26,16): warning CS8618: Non-nullable property 'BoneTags' must contain a non-null value when exiting constructor. Consider declaring the property as nullable. [/home/ubuntu/PROGRAMA-BETA/src/FiveMTool.csproj]
/home/ubuntu/PROGRAMA-BETA/src/External/CodeWalker.Core/GameFiles/FileTypes/YpdbFile.cs(26,16): warning CS8618: Non-nullable property 'WeightSet' must contain a non-null value when exiting constructor. Consider declaring the property as nullable. [/home/ubuntu/PROGRAMA-BETA/src/FiveMTool.csproj]
/home/ubuntu/PROGRAMA-BETA/src/External/CodeWalker.Core/GameFiles/FileTypes/YptFile.cs(49,45): warning CS8600: Converting null literal or possible null value to non-nullable type. [/home/ubuntu/PROGRAMA-BETA/src/FiveMTool.csproj]
/home/ubuntu/PROGRAMA-BETA/src/External/CodeWalker.Core/GameFiles/FileTypes/YtdFile.cs(18,33): warning CS8625: Cannot convert null literal to non-nullable reference type. [/home/ubuntu/PROGRAMA-BETA/src/FiveMTool.csproj]
/home/ubuntu/PROGRAMA-BETA/src/External/CodeWalker.Core/GameFiles/FileTypes/YtdFile.cs(18,16): warning CS8618: Non-nullable property 'TextureDict' must contain a non-null value when exiting constructor. Consider declaring the property as nullable. [/home/ubuntu/PROGRAMA-BETA/src/FiveMTool.csproj]
/home/ubuntu/PROGRAMA-BETA/src/External/CodeWalker.Core/GameFiles/FileTypes/YtdFile.cs(21,16): warning CS8618: Non-nullable property 'TextureDict' must contain a non-null value when exiting constructor. Consider declaring the property as nullable. [/home/ubuntu/PROGRAMA-BETA/src/FiveMTool.csproj]
/home/ubuntu/PROGRAMA-BETA/src/External/CodeWalker.Core/GameFiles/FileTypes/YptFile.cs(113,49): warning CS8604: Possible null reference argument for parameter 'fileBase' in 'byte[] ResourceBuilder.Build(ResourceFileBase fileBase, int version, bool compress = true, bool gen9 = false)'. [/home/ubuntu/PROGRAMA-BETA/src/FiveMTool.csproj]
/home/ubuntu/PROGRAMA-BETA/src/External/CodeWalker.Core/GameFiles/FileTypes/YpdbFile.cs(259,16): warning CS8618: Non-nullable property 'Points' must contain a non-null value when exiting constructor. Consider declaring the property as nullable. [/home/ubuntu/PROGRAMA-BETA/src/FiveMTool.csproj]
/home/ubuntu/PROGRAMA-BETA/src/External/CodeWalker.Core/GameFiles/FileTypes/YpdbFile.cs(259,16): warning CS8618: Non-nullable property 'Weights' must contain a non-null value when exiting constructor. Consider declaring the property as nullable. [/home/ubuntu/PROGRAMA-BETA/src/FiveMTool.csproj]
/home/ubuntu/PROGRAMA-BETA/src/External/CodeWalker.Core/GameFiles/FileTypes/YnvFile.cs(1140,37): error CS0121: The call is ambiguous between the following methods or properties: 'CodeWalker.QuaternionExtension.Multiply(SharpDX.Quaternion, SharpDX.Vector3)' and 'CodeWalker.QuaternionExtension.Multiply(SharpDX.Quaternion, SharpDX.Vector3)' [/home/ubuntu/PROGRAMA-BETA/src/FiveMTool.csproj]
/home/ubuntu/PROGRAMA-BETA/src/External/CodeWalker.Core/GameFiles/FileTypes/YmapFile.cs(2504,67): error CS0121: The call is ambiguous between the following methods or properties: 'CodeWalker.Vectors.XYZ(SharpDX.Vector4)' and 'CodeWalker.Vectors.XYZ(SharpDX.Vector4)' [/home/ubuntu/PROGRAMA-BETA/src/FiveMTool.csproj]
/home/ubuntu/PROGRAMA-BETA/src/External/CodeWalker.Core/GameFiles/FileTypes/YmapFile.cs(2504,88): error CS0121: The call is ambiguous between the following methods or properties: 'CodeWalker.Vectors.XYZ(SharpDX.Vector4)' and 'CodeWalker.Vectors.XYZ(SharpDX.Vector4)' [/home/ubuntu/PROGRAMA-BETA/src/FiveMTool.csproj]
/home/ubuntu/PROGRAMA-BETA/src/External/CodeWalker.Core/GameFiles/FileTypes/YmapFile.cs(2516,37): error CS0121: The call is ambiguous between the following methods or properties: 'CodeWalker.Core.Utils.BoundingBoxExtensions.Encapsulate(SharpDX.BoundingBox, SharpDX.BoundingBox)' and 'CodeWalker.Core.Utils.BoundingBoxExtensions.Encapsulate(SharpDX.BoundingBox, SharpDX.BoundingBox)' [/home/ubuntu/PROGRAMA-BETA/src/FiveMTool.csproj]
/home/ubuntu/PROGRAMA-BETA/src/External/CodeWalker.Core/GameFiles/FileTypes/VehiclesFile.cs(351,39): warning CS8603: Possible null reference return. [/home/ubuntu/PROGRAMA-BETA/src/FiveMTool.csproj]
/home/ubuntu/PROGRAMA-BETA/src/External/CodeWalker.Core/GameFiles/FileTypes/VehiclesFile.cs(365,54): warning CS8603: Possible null reference return. [/home/ubuntu/PROGRAMA-BETA/src/FiveMTool.csproj]
/home/ubuntu/PROGRAMA-BETA/src/External/CodeWalker.Core/GameFiles/FileTypes/YtdFile.cs(40,45): warning CS8600: Converting null literal or possible null value to non-nullable type. [/home/ubuntu/PROGRAMA-BETA/src/FiveMTool.csproj]
/home/ubuntu/PROGRAMA-BETA/src/External/CodeWalker.Core/GameFiles/FileTypes/YtdFile.cs(84,49): warning CS8604: Possible null reference argument for parameter 'fileBase' in 'byte[] ResourceBuilder.Build(ResourceFileBase fileBase, int version, bool compress = true, bool gen9 = false)'. [/home/ubuntu/PROGRAMA-BETA/src/FiveMTool.csproj]
/home/ubuntu/PROGRAMA-BETA/src/External/CodeWalker.Core/GameFiles/FileTypes/YvrFile.cs(15,33): warning CS8625: Cannot convert null literal to non-nullable reference type. [/home/ubuntu/PROGRAMA-BETA/src/FiveMTool.csproj]
/home/ubuntu/PROGRAMA-BETA/src/External/CodeWalker.Core/GameFiles/FileTypes/YvrFile.cs(15,16): warning CS8618: Non-nullable property 'Records' must contain a non-null value when exiting constructor. Consider declaring the property as nullable. [/home/ubuntu/PROGRAMA-BETA/src/FiveMTool.csproj]
/home/ubuntu/PROGRAMA-BETA/src/External/CodeWalker.Core/GameFiles/FileTypes/YtypFile.cs(36,44): warning CS8625: Cannot convert null literal to non-nullable reference type. [/home/ubuntu/PROGRAMA-BETA/src/FiveMTool.csproj]
/home/ubuntu/PROGRAMA-BETA/src/External/CodeWalker.Core/GameFiles/FileTypes/YtypFile.cs(40,34): warning CS8625: Cannot convert null literal to non-nullable reference type. [/home/ubuntu/PROGRAMA-BETA/src/FiveMTool.csproj]
/home/ubuntu/PROGRAMA-BETA/src/External/CodeWalker.Core/GameFiles/FileTypes/YtypFile.cs(40,16): warning CS8618: Non-nullable property 'Meta' must contain a non-null value when exiting constructor. Consider declaring the property as nullable. [/home/ubuntu/PROGRAMA-BETA/src/FiveMTool.csproj]
/home/ubuntu/PROGRAMA-BETA/src/External/CodeWalker.Core/GameFiles/FileTypes/YtypFile.cs(40,16): warning CS8618: Non-nullable property 'Pso' must contain a non-null value when exiting constructor. Consider declaring the property as nullable. [/home/ubuntu/PROGRAMA-BETA/src/FiveMTool.csproj]
/home/ubuntu/PROGRAMA-BETA/src/External/CodeWalker.Core/GameFiles/FileTypes/YtypFile.cs(40,16): warning CS8618: Non-nullable property 'Rbf' must contain a non-null value when exiting constructor. Consider declaring the property as nullable. [/home/ubuntu/PROGRAMA-BETA/src/FiveMTool.csproj]
/home/ubuntu/PROGRAMA-BETA/src/External/CodeWalker.Core/GameFiles/FileTypes/YtypFile.cs(40,16): warning CS8618: Non-nullable property 'Strings' must contain a non-null value when exiting constructor. Consider declaring the property as nullable. [/home/ubuntu/PROGRAMA-BETA/src/FiveMTool.csproj]
/home/ubuntu/PROGRAMA-BETA/src/External/CodeWalker.Core/GameFiles/FileTypes/YtypFile.cs(40,16): warning CS8618: Non-nullable property 'AllArchetypes' must contain a non-null value when exiting constructor. Consider declaring the property as nullable. [/home/ubuntu/PROGRAMA-BETA/src/FiveMTool.csproj]
/home/ubuntu/PROGRAMA-BETA/src/External/CodeWalker.Core/GameFiles/FileTypes/YtypFile.cs(40,16): warning CS8618: Non-nullable property 'Extensions' must contain a non-null value when exiting constructor. Consider declaring the property as nullable. [/home/ubuntu/PROGRAMA-BETA/src/FiveMTool.csproj]
/home/ubuntu/PROGRAMA-BETA/src/External/CodeWalker.Core/GameFiles/FileTypes/YtypFile.cs(40,16): warning CS8618: Non-nullable property 'CompositeEntityTypes' must contain a non-null value when exiting constructor. Consider declaring the property as nullable. [/home/ubuntu/PROGRAMA-BETA/src/FiveMTool.csproj]
/home/ubuntu/PROGRAMA-BETA/src/External/CodeWalker.Core/GameFiles/FileTypes/VehiclesFile.cs(100,23): warning CS8618: Non-nullable property 'modelName' must contain a non-null value when exiting constructor. Consider declaring the property as nullable. [/home/ubuntu/PROGRAMA-BETA/src/FiveMTool.csproj]
/home/ubuntu/PROGRAMA-BETA/src/External/CodeWalker.Core/GameFiles/FileTypes/VehiclesFile.cs(101,23): warning CS8618: Non-nullable property 'txdName' must contain a non-null value when exiting constructor. Consider declaring the property as nullable. [/home/ubuntu/PROGRAMA-BETA/src/FiveMTool.csproj]
/home/ubuntu/PROGRAMA-BETA/src/External/CodeWalker.Core/GameFiles/FileTypes/VehiclesFile.cs(102,23): warning CS8618: Non-nullable property 'handlingId' must contain a non-null value when exiting constructor. Consider declaring the property as nullable. [/home/ubuntu/PROGRAMA-BETA/src/FiveMTool.csproj]
/home/ubuntu/PROGRAMA-BETA/src/External/CodeWalker.Core/GameFiles/FileTypes/VehiclesFile.cs(103,23): warning CS8618: Non-nullable property 'gameName' must contain a non-null value when exiting constructor. Consider declaring the property as nullable. [/home/ubuntu/PROGRAMA-BETA/src/FiveMTool.csproj]
/home/ubuntu/PROGRAMA-BETA/src/External/CodeWalker.Core/GameFiles/FileTypes/VehiclesFile.cs(104,23): warning CS8618: Non-nullable property 'vehicleMakeName' must contain a non-null value when exiting constructor. Consider declaring the property as nullable. [/home/ubuntu/PROGRAMA-BETA/src/FiveMTool.csproj]
/home/ubuntu/PROGRAMA-BETA/src/External/CodeWalker.Core/GameFiles/FileTypes/VehiclesFile.cs(105,23): warning CS8618: Non-nullable property 'expressionDictName' must contain a non-null value when exiting constructor. Consider declaring the property as nullable. [/home/ubuntu/PROGRAMA-BETA/src/FiveMTool.csproj]
/home/ubuntu/PROGRAMA-BETA/src/External/CodeWalker.Core/GameFiles/FileTypes/VehiclesFile.cs(106,23): warning CS8618: Non-nullable property 'expressionName' must contain a non-null value when exiting constructor. Consider declaring the property as nullable. [/home/ubuntu/PROGRAMA-BETA/src/FiveMTool.csproj]
/home/ubuntu/PROGRAMA-BETA/src/External/CodeWalker.Core/GameFiles/FileTypes/VehiclesFile.cs(107,23): warning CS8618: Non-nullable property 'animConvRoofDictName' must contain a non-null value when exiting constructor. Consider declaring the property as nullable. [/home/ubuntu/PROGRAMA-BETA/src/FiveMTool.csproj]
/home/ubuntu/PROGRAMA-BETA/src/External/CodeWalker.Core/GameFiles/FileTypes/VehiclesFile.cs(108,23): warning CS8618: Non-nullable property 'animConvRoofName' must contain a non-null value when exiting constructor. Consider declaring the property as nullable. [/home/ubuntu/PROGRAMA-BETA/src/FiveMTool.csproj]
/home/ubuntu/PROGRAMA-BETA/src/External/CodeWalker.Core/GameFiles/FileTypes/VehiclesFile.cs(109,23): warning CS8618: Non-nullable property 'animConvRoofWindowsAffected' must contain a non-null value when exiting constructor. Consider declaring the property as nullable. [/home/ubuntu/PROGRAMA-BETA/src/FiveMTool.csproj]
/home/ubuntu/PROGRAMA-BETA/src/External/CodeWalker.Core/GameFiles/FileTypes/VehiclesFile.cs(110,23): warning CS8618: Non-nullable property 'ptfxAssetName' must contain a non-null value when exiting constructor. Consider declaring the property as nullable. [/home/ubuntu/PROGRAMA-BETA/src/FiveMTool.csproj]
/home/ubuntu/PROGRAMA-BETA/src/External/CodeWalker.Core/GameFiles/FileTypes/VehiclesFile.cs(111,23): warning CS8618: Non-nullable property 'audioNameHash' must contain a non-null value when exiting constructor. Consider declaring the property as nullable. [/home/ubuntu/PROGRAMA-BETA/src/FiveMTool.csproj]
/home/ubuntu/PROGRAMA-BETA/src/External/CodeWalker.Core/GameFiles/FileTypes/VehiclesFile.cs(112,23): warning CS8618: Non-nullable property 'layout' must contain a non-null value when exiting constructor. Consider declaring the property as nullable. [/home/ubuntu/PROGRAMA-BETA/src/FiveMTool.csproj]
/home/ubuntu/PROGRAMA-BETA/src/External/CodeWalker.Core/GameFiles/FileTypes/VehiclesFile.cs(113,23): warning CS8618: Non-nullable property 'coverBoundOffsets' must contain a non-null value when exiting constructor. Consider declaring the property as nullable. [/home/ubuntu/PROGRAMA-BETA/src/FiveMTool.csproj]
/home/ubuntu/PROGRAMA-BETA/src/External/CodeWalker.Core/GameFiles/FileTypes/VehiclesFile.cs(114,23): warning CS8618: Non-nullable property 'explosionInfo' must contain a non-null value when exiting constructor. Consider declaring the property as nullable. [/home/ubuntu/PROGRAMA-BETA/src/FiveMTool.csproj]
/home/ubuntu/PROGRAMA-BETA/src/External/CodeWalker.Core/GameFiles/FileTypes/VehiclesFile.cs(115,23): warning CS8618: Non-nullable property 'scenarioLayout' must contain a non-null value when exiting constructor. Consider declaring the property as nullable. [/home/ubuntu/PROGRAMA-BETA/src/FiveMTool.csproj]
/home/ubuntu/PROGRAMA-BETA/src/External/CodeWalker.Core/GameFiles/FileTypes/VehiclesFile.cs(116,23): warning CS8618: Non-nullable property 'cameraName' must contain a non-null value when exiting constructor. Consider declaring the property as nullable. [/home/ubuntu/PROGRAMA-BETA/src/FiveMTool.csproj]
/home/ubuntu/PROGRAMA-BETA/src/External/CodeWalker.Core/GameFiles/FileTypes/VehiclesFile.cs(117,23): warning CS8618: Non-nullable property 'aimCameraName' must contain a non-null value when exiting constructor. Consider declaring the property as nullable. [/home/ubuntu/PROGRAMA-BETA/src/FiveMTool.csproj]
/home/ubuntu/PROGRAMA-BETA/src/External/CodeWalker.Core/GameFiles/FileTypes/VehiclesFile.cs(118,23): warning CS8618: Non-nullable property 'bonnetCameraName' must contain a non-null value when exiting constructor. Consider declaring the property as nullable. [/home/ubuntu/PROGRAMA-BETA/src/FiveMTool.csproj]
/home/ubuntu/PROGRAMA-BETA/src/External/CodeWalker.Core/GameFiles/FileTypes/VehiclesFile.cs(119,23): warning CS8618: Non-nullable property 'povCameraName' must contain a non-null value when exiting constructor. Consider declaring the property as nullable. [/home/ubuntu/PROGRAMA-BETA/src/FiveMTool.csproj]
/home/ubuntu/PROGRAMA-BETA/src/External/CodeWalker.Core/GameFiles/FileTypes/VehiclesFile.cs(132,23): warning CS8618: Non-nullable property 'vfxInfoName' must contain a non-null value when exiting constructor. Consider declaring the property as nullable. [/home/ubuntu/PROGRAMA-BETA/src/FiveMTool.csproj]
/home/ubuntu/PROGRAMA-BETA/src/External/CodeWalker.Core/GameFiles/FileTypes/VehiclesFile.cs(153,24): warning CS8618: Non-nullable property 'lodDistances' must contain a non-null value when exiting constructor. Consider declaring the property as nullable. [/home/ubuntu/PROGRAMA-BETA/src/FiveMTool.csproj]
/home/ubuntu/PROGRAMA-BETA/src/External/CodeWalker.Core/GameFiles/FileTypes/VehiclesFile.cs(163,23): warning CS8618: Non-nullable property 'swankness' must contain a non-null value when exiting constructor. Consider declaring the property as nullable. [/home/ubuntu/PROGRAMA-BETA/src/FiveMTool.csproj]
/home/ubuntu/PROGRAMA-BETA/src/External/CodeWalker.Core/GameFiles/FileTypes/VehiclesFile.cs(165,25): warning CS8618: Non-nullable property 'flags' must contain a non-null value when exiting constructor. Consider declaring the property as nullable. [/home/ubuntu/PROGRAMA-BETA/src/FiveMTool.csproj]
/home/ubuntu/PROGRAMA-BETA/src/External/CodeWalker.Core/GameFiles/FileTypes/VehiclesFile.cs(166,23): warning CS8618: Non-nullable property 'type' must contain a non-null value when exiting constructor. Consider declaring the property as nullable. [/home/ubuntu/PROGRAMA-BETA/src/FiveMTool.csproj]
/home/ubuntu/PROGRAMA-BETA/src/External/CodeWalker.Core/GameFiles/FileTypes/VehiclesFile.cs(167,23): warning CS8618: Non-nullable property 'plateType' must contain a non-null value when exiting constructor. Consider declaring the property as nullable. [/home/ubuntu/PROGRAMA-BETA/src/FiveMTool.csproj]
/home/ubuntu/PROGRAMA-BETA/src/External/CodeWalker.Core/GameFiles/FileTypes/VehiclesFile.cs(168,23): warning CS8618: Non-nullable property 'dashboardType' must contain a non-null value when exiting constructor. Consider declaring the property as nullable. [/home/ubuntu/PROGRAMA-BETA/src/FiveMTool.csproj]
/home/ubuntu/PROGRAMA-BETA/src/External/CodeWalker.Core/GameFiles/FileTypes/VehiclesFile.cs(169,23): warning CS8618: Non-nullable property 'vehicleClass' must contain a non-null value when exiting constructor. Consider declaring the property as nullable. [/home/ubuntu/PROGRAMA-BETA/src/FiveMTool.csproj]
/home/ubuntu/PROGRAMA-BETA/src/External/CodeWalker.Core/GameFiles/FileTypes/VehiclesFile.cs(170,23): warning CS8618: Non-nullable property 'wheelType' must contain a non-null value when exiting constructor. Consider declaring the property as nullable. [/home/ubuntu/PROGRAMA-BETA/src/FiveMTool.csproj]
/home/ubuntu/PROGRAMA-BETA/src/External/CodeWalker.Core/GameFiles/FileTypes/VehiclesFile.cs(171,25): warning CS8618: Non-nullable property 'trailers' must contain a non-null value when exiting constructor. Consider declaring the property as nullable. [/home/ubuntu/PROGRAMA-BETA/src/FiveMTool.csproj]
/home/ubuntu/PROGRAMA-BETA/src/External/CodeWalker.Core/GameFiles/FileTypes/VehiclesFile.cs(172,25): warning CS8618: Non-nullable property 'additionalTrailers' must contain a non-null value when exiting constructor. Consider declaring the property as nullable. [/home/ubuntu/PROGRAMA-BETA/src/FiveMTool.csproj]
/home/ubuntu/PROGRAMA-BETA/src/External/CodeWalker.Core/GameFiles/FileTypes/VehiclesFile.cs(173,32): warning CS8618: Non-nullable property 'drivers' must contain a non-null value when exiting constructor. Consider declaring the property as nullable. [/home/ubuntu/PROGRAMA-BETA/src/FiveMTool.csproj]
/home/ubuntu/PROGRAMA-BETA/src/External/CodeWalker.Core/GameFiles/FileTypes/VehiclesFile.cs(174,25): warning CS8618: Non-nullable property 'extraIncludes' must contain a non-null value when exiting constructor. Consider declaring the property as nullable. [/home/ubuntu/PROGRAMA-BETA/src/FiveMTool.csproj]
/home/ubuntu/PROGRAMA-BETA/src/External/CodeWalker.Core/GameFiles/FileTypes/VehiclesFile.cs(175,25): warning CS8618: Non-nullable property 'doorsWithCollisionWhenClosed' must contain a non-null value when exiting constructor. Consider declaring the property as nullable. [/home/ubuntu/PROGRAMA-BETA/src/FiveMTool.csproj]
/home/ubuntu/PROGRAMA-BETA/src/External/CodeWalker.Core/GameFiles/FileTypes/VehiclesFile.cs(176,25): warning CS8618: Non-nullable property 'driveableDoors' must contain a non-null value when exiting constructor. Consider declaring the property as nullable. [/home/ubuntu/PROGRAMA-BETA/src/FiveMTool.csproj]
/home/ubuntu/PROGRAMA-BETA/src/External/CodeWalker.Core/GameFiles/FileTypes/VehiclesFile.cs(179,25): warning CS8618: Non-nullable property 'requiredExtras' must contain a non-null value when exiting constructor. Consider declaring the property as nullable. [/home/ubuntu/PROGRAMA-BETA/src/FiveMTool.csproj]
/home/ubuntu/PROGRAMA-BETA/src/External/CodeWalker.Core/GameFiles/FileTypes/VehiclesFile.cs(180,25): warning CS8618: Non-nullable property 'rewards' must contain a non-null value when exiting constructor. Consider declaring the property as nullable. [/home/ubuntu/PROGRAMA-BETA/src/FiveMTool.csproj]
/home/ubuntu/PROGRAMA-BETA/src/External/CodeWalker.Core/GameFiles/FileTypes/VehiclesFile.cs(181,25): warning CS8618: Non-nullable property 'cinematicPartCamera' must contain a non-null value when exiting constructor. Consider declaring the property as nullable. [/home/ubuntu/PROGRAMA-BETA/src/FiveMTool.csproj]
/home/ubuntu/PROGRAMA-BETA/src/External/CodeWalker.Core/GameFiles/FileTypes/VehiclesFile.cs(182,23): warning CS8618: Non-nullable property 'NmBraceOverrideSet' must contain a non-null value when exiting constructor. Consider declaring the property as nullable. [/home/ubuntu/PROGRAMA-BETA/src/FiveMTool.csproj]
/home/ubuntu/PROGRAMA-BETA/src/External/CodeWalker.Core/GameFiles/FileTypes/VehiclesFile.cs(185,48): warning CS8618: Non-nullable property 'pOverrideRagdollThreshold' must contain a non-null value when exiting constructor. Consider declaring the property as nullable. [/home/ubuntu/PROGRAMA-BETA/src/FiveMTool.csproj]
/home/ubuntu/PROGRAMA-BETA/src/External/CodeWalker.Core/GameFiles/FileTypes/VehiclesFile.cs(186,25): warning CS8618: Non-nullable property 'firstPersonDrivebyData' must contain a non-null value when exiting constructor. Consider declaring the property as nullable. [/home/ubuntu/PROGRAMA-BETA/src/FiveMTool.csproj]
/home/ubuntu/PROGRAMA-BETA/src/External/CodeWalker.Core/GameFiles/FileTypes/YwrFile.cs(15,33): warning CS8625: Cannot convert null literal to non-nullable reference type. [/home/ubuntu/PROGRAMA-BETA/src/FiveMTool.csproj]
/home/ubuntu/PROGRAMA-BETA/src/External/CodeWalker.Core/GameFiles/FileTypes/YwrFile.cs(15,16): warning CS8618: Non-nullable property 'Waypoints' must contain a non-null value when exiting constructor. Consider declaring the property as nullable. [/home/ubuntu/PROGRAMA-BETA/src/FiveMTool.csproj]
/home/ubuntu/PROGRAMA-BETA/src/External/CodeWalker.Core/GameFiles/FileTypes/YmapFile.cs(2545,79): error CS0121: The call is ambiguous between the following methods or properties: 'CodeWalker.Vectors.XYZ(SharpDX.Vector4)' and 'CodeWalker.Vectors.XYZ(SharpDX.Vector4)' [/home/ubuntu/PROGRAMA-BETA/src/FiveMTool.csproj]
/home/ubuntu/PROGRAMA-BETA/src/External/CodeWalker.Core/GameFiles/FileTypes/YmapFile.cs(2545,112): error CS0121: The call is ambiguous between the following methods or properties: 'CodeWalker.Vectors.XYZ(SharpDX.Vector4)' and 'CodeWalker.Vectors.XYZ(SharpDX.Vector4)' [/home/ubuntu/PROGRAMA-BETA/src/FiveMTool.csproj]
/home/ubuntu/PROGRAMA-BETA/src/External/CodeWalker.Core/GameFiles/FileTypes/YmapFile.cs(2547,35): error CS0121: The call is ambiguous between the following methods or properties: 'CodeWalker.Core.Utils.BoundingBoxExtensions.Radius(SharpDX.BoundingBox)' and 'CodeWalker.Core.Utils.BoundingBoxExtensions.Radius(SharpDX.BoundingBox)' [/home/ubuntu/PROGRAMA-BETA/src/FiveMTool.csproj]
/home/ubuntu/PROGRAMA-BETA/src/External/CodeWalker.Core/GameFiles/FileTypes/YwrFile.cs(18,16): warning CS8618: Non-nullable property 'Waypoints' must contain a non-null value when exiting constructor. Consider declaring the property as nullable. [/home/ubuntu/PROGRAMA-BETA/src/FiveMTool.csproj]
/home/ubuntu/PROGRAMA-BETA/src/External/CodeWalker.Core/GameFiles/FileTypes/YwrFile.cs(28,45): warning CS8600: Converting null literal or possible null value to non-nullable type. [/home/ubuntu/PROGRAMA-BETA/src/FiveMTool.csproj]
/home/ubuntu/PROGRAMA-BETA/src/External/CodeWalker.Core/GameFiles/FileTypes/YmapFile.cs(2601,67): error CS0121: The call is ambiguous between the following methods or properties: 'CodeWalker.Core.Utils.BoundingBoxExtensions.Radius(SharpDX.BoundingBox)' and 'CodeWalker.Core.Utils.BoundingBoxExtensions.Radius(SharpDX.BoundingBox)' [/home/ubuntu/PROGRAMA-BETA/src/FiveMTool.csproj]
/home/ubuntu/PROGRAMA-BETA/src/External/CodeWalker.Core/GameFiles/FileTypes/YmapFile.cs(3631,36): error CS0121: The call is ambiguous between the following methods or properties: 'CodeWalker.QuaternionExtension.Multiply(SharpDX.Quaternion, SharpDX.Vector3)' and 'CodeWalker.QuaternionExtension.Multiply(SharpDX.Quaternion, SharpDX.Vector3)' [/home/ubuntu/PROGRAMA-BETA/src/FiveMTool.csproj]
/home/ubuntu/PROGRAMA-BETA/src/External/CodeWalker.Core/GameFiles/FileTypes/YvrFile.cs(18,16): warning CS8618: Non-nullable property 'Records' must contain a non-null value when exiting constructor. Consider declaring the property as nullable. [/home/ubuntu/PROGRAMA-BETA/src/FiveMTool.csproj]
/home/ubuntu/PROGRAMA-BETA/src/External/CodeWalker.Core/GameFiles/FileTypes/YmapFile.cs(3655,20): warning CS8603: Possible null reference return. [/home/ubuntu/PROGRAMA-BETA/src/FiveMTool.csproj]
/home/ubuntu/PROGRAMA-BETA/src/External/CodeWalker.Core/GameFiles/FileTypes/YtypFile.cs(43,16): warning CS8618: Non-nullable property 'Meta' must contain a non-null value when exiting constructor. Consider declaring the property as nullable. [/home/ubuntu/PROGRAMA-BETA/src/FiveMTool.csproj]
/home/ubuntu/PROGRAMA-BETA/src/External/CodeWalker.Core/GameFiles/FileTypes/YtypFile.cs(43,16): warning CS8618: Non-nullable property 'Pso' must contain a non-null value when exiting constructor. Consider declaring the property as nullable. [/home/ubuntu/PROGRAMA-BETA/src/FiveMTool.csproj]
/home/ubuntu/PROGRAMA-BETA/src/External/CodeWalker.Core/GameFiles/FileTypes/YtypFile.cs(43,16): warning CS8618: Non-nullable property 'Rbf' must contain a non-null value when exiting constructor. Consider declaring the property as nullable. [/home/ubuntu/PROGRAMA-BETA/src/FiveMTool.csproj]
/home/ubuntu/PROGRAMA-BETA/src/External/CodeWalker.Core/GameFiles/FileTypes/YtypFile.cs(43,16): warning CS8618: Non-nullable property 'Strings' must contain a non-null value when exiting constructor. Consider declaring the property as nullable. [/home/ubuntu/PROGRAMA-BETA/src/FiveMTool.csproj]
/home/ubuntu/PROGRAMA-BETA/src/External/CodeWalker.Core/GameFiles/FileTypes/YtypFile.cs(43,16): warning CS8618: Non-nullable property 'AllArchetypes' must contain a non-null value when exiting constructor. Consider declaring the property as nullable. [/home/ubuntu/PROGRAMA-BETA/src/FiveMTool.csproj]
/home/ubuntu/PROGRAMA-BETA/src/External/CodeWalker.Core/GameFiles/FileTypes/YtypFile.cs(43,16): warning CS8618: Non-nullable property 'Extensions' must contain a non-null value when exiting constructor. Consider declaring the property as nullable. [/home/ubuntu/PROGRAMA-BETA/src/FiveMTool.csproj]
/home/ubuntu/PROGRAMA-BETA/src/External/CodeWalker.Core/GameFiles/FileTypes/YtypFile.cs(43,16): warning CS8618: Non-nullable property 'CompositeEntityTypes' must contain a non-null value when exiting constructor. Consider declaring the property as nullable. [/home/ubuntu/PROGRAMA-BETA/src/FiveMTool.csproj]
/home/ubuntu/PROGRAMA-BETA/src/External/CodeWalker.Core/GameFiles/FileTypes/YnvFile.cs(1116,24): warning CS8618: Non-nullable property 'Ynv' must contain a non-null value when exiting constructor. Consider declaring the property as nullable. [/home/ubuntu/PROGRAMA-BETA/src/FiveMTool.csproj]
/home/ubuntu/PROGRAMA-BETA/src/External/CodeWalker.Core/GameFiles/FileTypes/YvrFile.cs(28,45): warning CS8600: Converting null literal or possible null value to non-nullable type. [/home/ubuntu/PROGRAMA-BETA/src/FiveMTool.csproj]
/home/ubuntu/PROGRAMA-BETA/src/External/CodeWalker.Core/GameFiles/FileTypes/YmapFile.cs(3659,20): warning CS8603: Possible null reference return. [/home/ubuntu/PROGRAMA-BETA/src/FiveMTool.csproj]
/home/ubuntu/PROGRAMA-BETA/src/External/CodeWalker.Core/GameFiles/FileTypes/YnvFile.cs(116,57): error CS0121: The call is ambiguous between the following methods or properties: 'CodeWalker.Vectors.XYZ(SharpDX.Vector4)' and 'CodeWalker.Vectors.XYZ(SharpDX.Vector4)' [/home/ubuntu/PROGRAMA-BETA/src/FiveMTool.csproj]
/home/ubuntu/PROGRAMA-BETA/src/External/CodeWalker.Core/GameFiles/FileTypes/WatermapFile.cs(355,76): warning CS8625: Cannot convert null literal to non-nullable reference type. [/home/ubuntu/PROGRAMA-BETA/src/FiveMTool.csproj]
/home/ubuntu/PROGRAMA-BETA/src/External/CodeWalker.Core/GameFiles/FileTypes/WatermapFile.cs(355,20): warning CS8618: Non-nullable property 'Item' must contain a non-null value when exiting constructor. Consider declaring the property as nullable. [/home/ubuntu/PROGRAMA-BETA/src/FiveMTool.csproj]
/home/ubuntu/PROGRAMA-BETA/src/External/CodeWalker.Core/GameFiles/MetaTypes/Archetype.cs(608,16): warning CS8618: Non-nullable property 'defaultEntitySets' must contain a non-null value when exiting constructor. Consider declaring the property as nullable. [/home/ubuntu/PROGRAMA-BETA/src/FiveMTool.csproj]
/home/ubuntu/PROGRAMA-BETA/src/External/CodeWalker.Core/GameFiles/MetaTypes/Archetype.cs(608,16): warning CS8618: Non-nullable property 'Entities' must contain a non-null value when exiting constructor. Consider declaring the property as nullable. [/home/ubuntu/PROGRAMA-BETA/src/FiveMTool.csproj]
/home/ubuntu/PROGRAMA-BETA/src/External/CodeWalker.Core/GameFiles/MetaTypes/Archetype.cs(608,16): warning CS8618: Non-nullable property 'EntitySets' must contain a non-null value when exiting constructor. Consider declaring the property as nullable. [/home/ubuntu/PROGRAMA-BETA/src/FiveMTool.csproj]
/home/ubuntu/PROGRAMA-BETA/src/External/CodeWalker.Core/GameFiles/FileTypes/YmapFile.cs(287,47): warning CS8600: Converting null literal or possible null value to non-nullable type. [/home/ubuntu/PROGRAMA-BETA/src/FiveMTool.csproj]
/home/ubuntu/PROGRAMA-BETA/src/External/CodeWalker.Core/GameFiles/FileTypes/YmapFile.cs(331,33): warning CS8600: Converting null literal or possible null value to non-nullable type. [/home/ubuntu/PROGRAMA-BETA/src/FiveMTool.csproj]
/home/ubuntu/PROGRAMA-BETA/src/External/CodeWalker.Core/GameFiles/GameFile.cs(28,30): warning CS8602: Dereference of a possibly null reference. [/home/ubuntu/PROGRAMA-BETA/src/FiveMTool.csproj]
/home/ubuntu/PROGRAMA-BETA/src/External/CodeWalker.Core/GameFiles/GameFile.cs(34,30): warning CS8602: Dereference of a possibly null reference. [/home/ubuntu/PROGRAMA-BETA/src/FiveMTool.csproj]
/home/ubuntu/PROGRAMA-BETA/src/External/CodeWalker.Core/GameFiles/GameFile.cs(20,16): warning CS8618: Non-nullable property 'Name' must contain a non-null value when exiting constructor. Consider declaring the property as nullable. [/home/ubuntu/PROGRAMA-BETA/src/FiveMTool.csproj]
/home/ubuntu/PROGRAMA-BETA/src/External/CodeWalker.Core/GameFiles/GameFile.cs(20,16): warning CS8618: Non-nullable property 'FilePath' must contain a non-null value when exiting constructor. Consider declaring the property as nullable. [/home/ubuntu/PROGRAMA-BETA/src/FiveMTool.csproj]
/home/ubuntu/PROGRAMA-BETA/src/External/CodeWalker.Core/GameFiles/FileTypes/RelFile.cs(21659,32): warning CS8600: Converting null literal or possible null value to non-nullable type. [/home/ubuntu/PROGRAMA-BETA/src/FiveMTool.csproj]
/home/ubuntu/PROGRAMA-BETA/src/External/CodeWalker.Core/GameFiles/FileTypes/YmapFile.cs(2694,59): error CS0121: The call is ambiguous between the following methods or properties: 'CodeWalker.Core.Utils.BoundingBoxExtensions.Expand(SharpDX.BoundingBox, float)' and 'CodeWalker.Core.Utils.BoundingBoxExtensions.Expand(SharpDX.BoundingBox, float)' [/home/ubuntu/PROGRAMA-BETA/src/FiveMTool.csproj]
/home/ubuntu/PROGRAMA-BETA/src/External/CodeWalker.Core/GameFiles/MetaTypes/Archetype.cs(20,25): warning CS8618: Non-nullable property 'Ytyp' must contain a non-null value when exiting constructor. Consider declaring the property as nullable. [/home/ubuntu/PROGRAMA-BETA/src/FiveMTool.csproj]
/home/ubuntu/PROGRAMA-BETA/src/External/CodeWalker.Core/GameFiles/MetaTypes/Archetype.cs(29,30): warning CS8618: Non-nullable property 'Extensions' must contain a non-null value when exiting constructor. Consider declaring the property as nullable. [/home/ubuntu/PROGRAMA-BETA/src/FiveMTool.csproj]
/home/ubuntu/PROGRAMA-BETA/src/External/CodeWalker.Core/GameFiles/FileTypes/YndFile.cs(1297,24): warning CS8618: Non-nullable property 'Ynd' must contain a non-null value when exiting constructor. Consider declaring the property as nullable. [/home/ubuntu/PROGRAMA-BETA/src/FiveMTool.csproj]
/home/ubuntu/PROGRAMA-BETA/src/External/CodeWalker.Core/GameFiles/FileTypes/YndFile.cs(1298,24): warning CS8618: Non-nullable property 'Node1' must contain a non-null value when exiting constructor. Consider declaring the property as nullable. [/home/ubuntu/PROGRAMA-BETA/src/FiveMTool.csproj]
/home/ubuntu/PROGRAMA-BETA/src/External/CodeWalker.Core/GameFiles/FileTypes/YndFile.cs(1300,25): warning CS8618: Non-nullable field '_node2' must contain a non-null value when exiting constructor. Consider declaring the field as nullable. [/home/ubuntu/PROGRAMA-BETA/src/FiveMTool.csproj]
/home/ubuntu/PROGRAMA-BETA/src/External/CodeWalker.Core/GameFiles/MetaTypes/Archetype.cs(90,23): warning CS8618: Non-nullable property 'ActiveHours' must contain a non-null value when exiting constructor. Consider declaring the property as nullable. [/home/ubuntu/PROGRAMA-BETA/src/FiveMTool.csproj]
/home/ubuntu/PROGRAMA-BETA/src/External/CodeWalker.Core/GameFiles/MetaTypes/Archetype.cs(91,25): warning CS8618: Non-nullable property 'ActiveHoursText' must contain a non-null value when exiting constructor. Consider declaring the property as nullable. [/home/ubuntu/PROGRAMA-BETA/src/FiveMTool.csproj]
/home/ubuntu/PROGRAMA-BETA/src/External/CodeWalker.Core/GameFiles/MetaTypes/Meta.cs(438,79): warning CS8625: Cannot convert null literal to non-nullable reference type. [/home/ubuntu/PROGRAMA-BETA/src/FiveMTool.csproj]
/home/ubuntu/PROGRAMA-BETA/src/External/CodeWalker.Core/GameFiles/MetaTypes/Meta.cs(441,16): warning CS8618: Non-nullable property 'Entries' must contain a non-null value when exiting constructor. Consider declaring the property as nullable. [/home/ubuntu/PROGRAMA-BETA/src/FiveMTool.csproj]
/home/ubuntu/PROGRAMA-BETA/src/External/CodeWalker.Core/GameFiles/MetaTypes/Meta.cs(611,23): warning CS8618: Non-nullable property 'EncryptedData' must contain a non-null value when exiting constructor. Consider declaring the property as nullable. [/home/ubuntu/PROGRAMA-BETA/src/FiveMTool.csproj]
/home/ubuntu/PROGRAMA-BETA/src/External/CodeWalker.Core/GameFiles/MetaTypes/Meta.cs(251,84): warning CS8625: Cannot convert null literal to non-nullable reference type. [/home/ubuntu/PROGRAMA-BETA/src/FiveMTool.csproj]
/home/ubuntu/PROGRAMA-BETA/src/External/CodeWalker.Core/GameFiles/MetaTypes/Meta.cs(254,16): warning CS8618: Non-nullable property 'Entries' must contain a non-null value when exiting constructor. Consider declaring the property as nullable. [/home/ubuntu/PROGRAMA-BETA/src/FiveMTool.csproj]
/home/ubuntu/PROGRAMA-BETA/src/External/CodeWalker.Core/GameFiles/MetaTypes/Meta.cs(545,53): warning CS8625: Cannot convert null literal to non-nullable reference type. [/home/ubuntu/PROGRAMA-BETA/src/FiveMTool.csproj]
/home/ubuntu/PROGRAMA-BETA/src/External/CodeWalker.Core/GameFiles/MetaTypes/Meta.cs(544,23): warning CS8618: Non-nullable property 'Data' must contain a non-null value when exiting constructor. Consider declaring the property as nullable. [/home/ubuntu/PROGRAMA-BETA/src/FiveMTool.csproj]
/home/ubuntu/PROGRAMA-BETA/src/External/CodeWalker.Core/GameFiles/MetaTypes/Archetype.cs(1026,26): warning CS8603: Possible null reference return. [/home/ubuntu/PROGRAMA-BETA/src/FiveMTool.csproj]
/home/ubuntu/PROGRAMA-BETA/src/External/CodeWalker.Core/GameFiles/GameFileCache.cs(147,16): warning CS8618: Non-nullable field 'RpfMan' must contain a non-null value when exiting constructor. Consider declaring the field as nullable. [/home/ubuntu/PROGRAMA-BETA/src/FiveMTool.csproj]
/home/ubuntu/PROGRAMA-BETA/src/External/CodeWalker.Core/GameFiles/GameFileCache.cs(147,16): warning CS8618: Non-nullable field 'UpdateStatus' must contain a non-null value when exiting constructor. Consider declaring the field as nullable. [/home/ubuntu/PROGRAMA-BETA/src/FiveMTool.csproj]
/home/ubuntu/PROGRAMA-BETA/src/External/CodeWalker.Core/GameFiles/GameFileCache.cs(147,16): warning CS8618: Non-nullable field 'ErrorLog' must contain a non-null value when exiting constructor. Consider declaring the field as nullable. [/home/ubuntu/PROGRAMA-BETA/src/FiveMTool.csproj]
/home/ubuntu/PROGRAMA-BETA/src/External/CodeWalker.Core/GameFiles/GameFileCache.cs(147,16): warning CS8618: Non-nullable field 'textureParents' must contain a non-null value when exiting constructor. Consider declaring the field as nullable. [/home/ubuntu/PROGRAMA-BETA/src/FiveMTool.csproj]
/home/ubuntu/PROGRAMA-BETA/src/External/CodeWalker.Core/GameFiles/GameFileCache.cs(147,16): warning CS8618: Non-nullable field 'hdtexturelookup' must contain a non-null value when exiting constructor. Consider declaring the field as nullable. [/home/ubuntu/PROGRAMA-BETA/src/FiveMTool.csproj]
/home/ubuntu/PROGRAMA-BETA/src/External/CodeWalker.Core/GameFiles/GameFileCache.cs(147,16): warning CS8618: Non-nullable property 'YdrDict' must contain a non-null value when exiting constructor. Consider declaring the property as nullable. [/home/ubuntu/PROGRAMA-BETA/src/FiveMTool.csproj]
/home/ubuntu/PROGRAMA-BETA/src/External/CodeWalker.Core/GameFiles/GameFileCache.cs(147,16): warning CS8618: Non-nullable property 'YddDict' must contain a non-null value when exiting constructor. Consider declaring the property as nullable. [/home/ubuntu/PROGRAMA-BETA/src/FiveMTool.csproj]
/home/ubuntu/PROGRAMA-BETA/src/External/CodeWalker.Core/GameFiles/GameFileCache.cs(147,16): warning CS8618: Non-nullable property 'YtdDict' must contain a non-null value when exiting constructor. Consider declaring the property as nullable. [/home/ubuntu/PROGRAMA-BETA/src/FiveMTool.csproj]
/home/ubuntu/PROGRAMA-BETA/src/External/CodeWalker.Core/GameFiles/GameFileCache.cs(147,16): warning CS8618: Non-nullable property 'YmapDict' must contain a non-null value when exiting constructor. Consider declaring the property as nullable. [/home/ubuntu/PROGRAMA-BETA/src/FiveMTool.csproj]
/home/ubuntu/PROGRAMA-BETA/src/External/CodeWalker.Core/GameFiles/GameFileCache.cs(147,16): warning CS8618: Non-nullable property 'YftDict' must contain a non-null value when exiting constructor. Consider declaring the property as nullable. [/home/ubuntu/PROGRAMA-BETA/src/FiveMTool.csproj]
/home/ubuntu/PROGRAMA-BETA/src/External/CodeWalker.Core/GameFiles/GameFileCache.cs(147,16): warning CS8618: Non-nullable property 'YbnDict' must contain a non-null value when exiting constructor. Consider declaring the property as nullable. [/home/ubuntu/PROGRAMA-BETA/src/FiveMTool.csproj]
/home/ubuntu/PROGRAMA-BETA/src/External/CodeWalker.Core/GameFiles/GameFileCache.cs(147,16): warning CS8618: Non-nullable property 'YcdDict' must contain a non-null value when exiting constructor. Consider declaring the property as nullable. [/home/ubuntu/PROGRAMA-BETA/src/FiveMTool.csproj]
/home/ubuntu/PROGRAMA-BETA/src/External/CodeWalker.Core/GameFiles/GameFileCache.cs(147,16): warning CS8618: Non-nullable property 'YedDict' must contain a non-null value when exiting constructor. Consider declaring the property as nullable. [/home/ubuntu/PROGRAMA-BETA/src/FiveMTool.csproj]
/home/ubuntu/PROGRAMA-BETA/src/External/CodeWalker.Core/GameFiles/GameFileCache.cs(147,16): warning CS8618: Non-nullable property 'YnvDict' must contain a non-null value when exiting constructor. Consider declaring the property as nullable. [/home/ubuntu/PROGRAMA-BETA/src/FiveMTool.csproj]
/home/ubuntu/PROGRAMA-BETA/src/External/CodeWalker.Core/GameFiles/GameFileCache.cs(147,16): warning CS8618: Non-nullable property 'Gxt2Dict' must contain a non-null value when exiting constructor. Consider declaring the property as nullable. [/home/ubuntu/PROGRAMA-BETA/src/FiveMTool.csproj]
/home/ubuntu/PROGRAMA-BETA/src/External/CodeWalker.Core/GameFiles/GameFileCache.cs(147,16): warning CS8618: Non-nullable property 'AllYmapsDict' must contain a non-null value when exiting constructor. Consider declaring the property as nullable. [/home/ubuntu/PROGRAMA-BETA/src/FiveMTool.csproj]
/home/ubuntu/PROGRAMA-BETA/src/External/CodeWalker.Core/GameFiles/GameFileCache.cs(147,16): warning CS8618: Non-nullable property 'YtypDict' must contain a non-null value when exiting constructor. Consider declaring the property as nullable. [/home/ubuntu/PROGRAMA-BETA/src/FiveMTool.csproj]
/home/ubuntu/PROGRAMA-BETA/src/External/CodeWalker.Core/GameFiles/GameFileCache.cs(147,16): warning CS8618: Non-nullable property 'AllCacheFiles' must contain a non-null value when exiting constructor. Consider declaring the property as nullable. [/home/ubuntu/PROGRAMA-BETA/src/FiveMTool.csproj]
/home/ubuntu/PROGRAMA-BETA/src/External/CodeWalker.Core/GameFiles/GameFileCache.cs(147,16): warning CS8618: Non-nullable property 'YmapHierarchyDict' must contain a non-null value when exiting constructor. Consider declaring the property as nullable. [/home/ubuntu/PROGRAMA-BETA/src/FiveMTool.csproj]
/home/ubuntu/PROGRAMA-BETA/src/External/CodeWalker.Core/GameFiles/GameFileCache.cs(147,16): warning CS8618: Non-nullable property 'AllManifests' must contain a non-null value when exiting constructor. Consider declaring the property as nullable. [/home/ubuntu/PROGRAMA-BETA/src/FiveMTool.csproj]
/home/ubuntu/PROGRAMA-BETA/src/External/CodeWalker.Core/GameFiles/GameFileCache.cs(147,16): warning CS8618: Non-nullable property 'VehiclesInitDict' must contain a non-null value when exiting constructor. Consider declaring the property as nullable. [/home/ubuntu/PROGRAMA-BETA/src/FiveMTool.csproj]
/home/ubuntu/PROGRAMA-BETA/src/External/CodeWalker.Core/GameFiles/GameFileCache.cs(147,16): warning CS8618: Non-nullable property 'PedsInitDict' must contain a non-null value when exiting constructor. Consider declaring the property as nullable. [/home/ubuntu/PROGRAMA-BETA/src/FiveMTool.csproj]
/home/ubuntu/PROGRAMA-BETA/src/External/CodeWalker.Core/GameFiles/GameFileCache.cs(147,16): warning CS8618: Non-nullable property 'PedVariationsDict' must contain a non-null value when exiting constructor. Consider declaring the property as nullable. [/home/ubuntu/PROGRAMA-BETA/src/FiveMTool.csproj]
/home/ubuntu/PROGRAMA-BETA/src/External/CodeWalker.Core/GameFiles/GameFileCache.cs(147,16): warning CS8618: Non-nullable property 'PedDrawableDicts' must contain a non-null value when exiting constructor. Consider declaring the property as nullable. [/home/ubuntu/PROGRAMA-BETA/src/FiveMTool.csproj]
/home/ubuntu/PROGRAMA-BETA/src/External/CodeWalker.Core/GameFiles/GameFileCache.cs(147,16): warning CS8618: Non-nullable property 'PedTextureDicts' must contain a non-null value when exiting constructor. Consider declaring the property as nullable. [/home/ubuntu/PROGRAMA-BETA/src/FiveMTool.csproj]
/home/ubuntu/PROGRAMA-BETA/src/External/CodeWalker.Core/GameFiles/GameFileCache.cs(147,16): warning CS8618: Non-nullable property 'PedClothDicts' must contain a non-null value when exiting constructor. Consider declaring the property as nullable. [/home/ubuntu/PROGRAMA-BETA/src/FiveMTool.csproj]
/home/ubuntu/PROGRAMA-BETA/src/External/CodeWalker.Core/GameFiles/GameFileCache.cs(147,16): warning CS8618: Non-nullable property 'BaseRpfs' must contain a non-null value when exiting constructor. Consider declaring the property as nullable. [/home/ubuntu/PROGRAMA-BETA/src/FiveMTool.csproj]
/home/ubuntu/PROGRAMA-BETA/src/External/CodeWalker.Core/GameFiles/GameFileCache.cs(147,16): warning CS8618: Non-nullable property 'AllRpfs' must contain a non-null value when exiting constructor. Consider declaring the property as nullable. [/home/ubuntu/PROGRAMA-BETA/src/FiveMTool.csproj]
/home/ubuntu/PROGRAMA-BETA/src/External/CodeWalker.Core/GameFiles/GameFileCache.cs(147,16): warning CS8618: Non-nullable property 'DlcRpfs' must contain a non-null value when exiting constructor. Consider declaring the property as nullable. [/home/ubuntu/PROGRAMA-BETA/src/FiveMTool.csproj]
/home/ubuntu/PROGRAMA-BETA/src/External/CodeWalker.Core/GameFiles/GameFileCache.cs(168,48): warning CS8600: Converting null literal or possible null value to non-nullable type. [/home/ubuntu/PROGRAMA-BETA/src/FiveMTool.csproj]
/home/ubuntu/PROGRAMA-BETA/src/External/CodeWalker.Core/GameFiles/FileTypes/YndFile.cs(428,33): warning CS8625: Cannot convert null literal to non-nullable reference type. [/home/ubuntu/PROGRAMA-BETA/src/FiveMTool.csproj]
/home/ubuntu/PROGRAMA-BETA/src/External/CodeWalker.Core/GameFiles/FileTypes/YndFile.cs(434,37): warning CS8602: Dereference of a possibly null reference. [/home/ubuntu/PROGRAMA-BETA/src/FiveMTool.csproj]
/home/ubuntu/PROGRAMA-BETA/src/External/CodeWalker.Core/GameFiles/FileTypes/YmapFile.cs(380,60): error CS0121: The call is ambiguous between the following methods or properties: 'CodeWalker.Vectors.XYZ(SharpDX.Vector4)' and 'CodeWalker.Vectors.XYZ(SharpDX.Vector4)' [/home/ubuntu/PROGRAMA-BETA/src/FiveMTool.csproj]
/home/ubuntu/PROGRAMA-BETA/src/External/CodeWalker.Core/GameFiles/FileTypes/YmapFile.cs(380,88): error CS0121: The call is ambiguous between the following methods or properties: 'CodeWalker.Vectors.XYZ(SharpDX.Vector4)' and 'CodeWalker.Vectors.XYZ(SharpDX.Vector4)' [/home/ubuntu/PROGRAMA-BETA/src/FiveMTool.csproj]
/home/ubuntu/PROGRAMA-BETA/src/External/CodeWalker.Core/GameFiles/FileTypes/YmapFile.cs(381,58): error CS0121: The call is ambiguous between the following methods or properties: 'CodeWalker.Vectors.XYZ(SharpDX.Vector4)' and 'CodeWalker.Vectors.XYZ(SharpDX.Vector4)' [/home/ubuntu/PROGRAMA-BETA/src/FiveMTool.csproj]
/home/ubuntu/PROGRAMA-BETA/src/External/CodeWalker.Core/GameFiles/FileTypes/YmapFile.cs(382,59): error CS0121: The call is ambiguous between the following methods or properties: 'CodeWalker.Vectors.XYZ(SharpDX.Vector4)' and 'CodeWalker.Vectors.XYZ(SharpDX.Vector4)' [/home/ubuntu/PROGRAMA-BETA/src/FiveMTool.csproj]
/home/ubuntu/PROGRAMA-BETA/src/External/CodeWalker.Core/GameFiles/FileTypes/YmapFile.cs(383,59): error CS0121: The call is ambiguous between the following methods or properties: 'CodeWalker.Vectors.XYZ(SharpDX.Vector4)' and 'CodeWalker.Vectors.XYZ(SharpDX.Vector4)' [/home/ubuntu/PROGRAMA-BETA/src/FiveMTool.csproj]
/home/ubuntu/PROGRAMA-BETA/src/External/CodeWalker.Core/GameFiles/MetaTypes/Archetype.cs(197,40): warning CS8602: Dereference of a possibly null reference. [/home/ubuntu/PROGRAMA-BETA/src/FiveMTool.csproj]
/home/ubuntu/PROGRAMA-BETA/src/External/CodeWalker.Core/GameFiles/MetaTypes/Archetype.cs(203,40): warning CS8602: Dereference of a possibly null reference. [/home/ubuntu/PROGRAMA-BETA/src/FiveMTool.csproj]
/home/ubuntu/PROGRAMA-BETA/src/External/CodeWalker.Core/GameFiles/MetaTypes/Archetype.cs(210,30): warning CS8602: Dereference of a possibly null reference. [/home/ubuntu/PROGRAMA-BETA/src/FiveMTool.csproj]
/home/ubuntu/PROGRAMA-BETA/src/External/CodeWalker.Core/GameFiles/MetaTypes/MetaBuilder.cs(433,40): warning CS8603: Possible null reference return. [/home/ubuntu/PROGRAMA-BETA/src/FiveMTool.csproj]
/home/ubuntu/PROGRAMA-BETA/src/External/CodeWalker.Core/GameFiles/MetaTypes/MetaNames.cs(21,19): warning CS8625: Cannot convert null literal to non-nullable reference type. [/home/ubuntu/PROGRAMA-BETA/src/FiveMTool.csproj]
/home/ubuntu/PROGRAMA-BETA/src/External/CodeWalker.Core/GameFiles/MetaTypes/MetaTypes.cs(2087,51): warning CS8603: Possible null reference return. [/home/ubuntu/PROGRAMA-BETA/src/FiveMTool.csproj]
/home/ubuntu/PROGRAMA-BETA/src/External/CodeWalker.Core/GameFiles/MetaTypes/Meta.cs(196,44): warning CS8603: Possible null reference return. [/home/ubuntu/PROGRAMA-BETA/src/FiveMTool.csproj]
/home/ubuntu/PROGRAMA-BETA/src/External/CodeWalker.Core/GameFiles/MetaTypes/Meta.cs(204,20): warning CS8603: Possible null reference return. [/home/ubuntu/PROGRAMA-BETA/src/FiveMTool.csproj]
/home/ubuntu/PROGRAMA-BETA/src/External/CodeWalker.Core/GameFiles/MetaTypes/Meta.cs(210,35): warning CS8600: Converting null literal or possible null value to non-nullable type. [/home/ubuntu/PROGRAMA-BETA/src/FiveMTool.csproj]
/home/ubuntu/PROGRAMA-BETA/src/External/CodeWalker.Core/GameFiles/MetaTypes/Meta.cs(216,20): warning CS8603: Possible null reference return. [/home/ubuntu/PROGRAMA-BETA/src/FiveMTool.csproj]
/home/ubuntu/PROGRAMA-BETA/src/External/CodeWalker.Core/GameFiles/MetaTypes/Meta.cs(220,35): warning CS8600: Converting null literal or possible null value to non-nullable type. [/home/ubuntu/PROGRAMA-BETA/src/FiveMTool.csproj]
/home/ubuntu/PROGRAMA-BETA/src/External/CodeWalker.Core/GameFiles/MetaTypes/Meta.cs(226,20): warning CS8603: Possible null reference return. [/home/ubuntu/PROGRAMA-BETA/src/FiveMTool.csproj]
/home/ubuntu/PROGRAMA-BETA/src/External/CodeWalker.Core/GameFiles/MetaTypes/MetaTypes.cs(2554,37): error CS0121: The call is ambiguous between the following methods or properties: 'CodeWalker.Vectors.XYZ(SharpDX.Vector4)' and 'CodeWalker.Vectors.XYZ(SharpDX.Vector4)' [/home/ubuntu/PROGRAMA-BETA/src/FiveMTool.csproj]
/home/ubuntu/PROGRAMA-BETA/src/External/CodeWalker.Core/GameFiles/MetaTypes/MetaTypes.cs(2564,16): warning CS8618: Non-nullable property 'Corners' must contain a non-null value when exiting constructor. Consider declaring the property as nullable. [/home/ubuntu/PROGRAMA-BETA/src/FiveMTool.csproj]
/home/ubuntu/PROGRAMA-BETA/src/External/CodeWalker.Core/GameFiles/MetaTypes/MetaTypes.cs(2564,16): warning CS8618: Non-nullable property 'AttachedObjects' must contain a non-null value when exiting constructor. Consider declaring the property as nullable. [/home/ubuntu/PROGRAMA-BETA/src/FiveMTool.csproj]
/home/ubuntu/PROGRAMA-BETA/src/External/CodeWalker.Core/GameFiles/MetaTypes/MetaTypes.cs(2564,16): warning CS8618: Non-nullable property 'OwnerMlo' must contain a non-null value when exiting constructor. Consider declaring the property as nullable. [/home/ubuntu/PROGRAMA-BETA/src/FiveMTool.csproj]
/home/ubuntu/PROGRAMA-BETA/src/External/CodeWalker.Core/GameFiles/MetaTypes/MetaTypes.cs(2638,16): warning CS8618: Non-nullable property 'Locations' must contain a non-null value when exiting constructor. Consider declaring the property as nullable. [/home/ubuntu/PROGRAMA-BETA/src/FiveMTool.csproj]
/home/ubuntu/PROGRAMA-BETA/src/External/CodeWalker.Core/GameFiles/MetaTypes/MetaTypes.cs(2638,16): warning CS8618: Non-nullable property 'Entities' must contain a non-null value when exiting constructor. Consider declaring the property as nullable. [/home/ubuntu/PROGRAMA-BETA/src/FiveMTool.csproj]
/home/ubuntu/PROGRAMA-BETA/src/External/CodeWalker.Core/GameFiles/MetaTypes/MetaTypes.cs(2638,16): warning CS8618: Non-nullable property 'OwnerMlo' must contain a non-null value when exiting constructor. Consider declaring the property as nullable. [/home/ubuntu/PROGRAMA-BETA/src/FiveMTool.csproj]
/home/ubuntu/PROGRAMA-BETA/src/External/CodeWalker.Core/GameFiles/MetaTypes/MetaTypes.cs(2565,16): warning CS8618: Non-nullable property 'OwnerMlo' must contain a non-null value when exiting constructor. Consider declaring the property as nullable. [/home/ubuntu/PROGRAMA-BETA/src/FiveMTool.csproj]
/home/ubuntu/PROGRAMA-BETA/src/External/CodeWalker.Core/GameFiles/FileTypes/YmapFile.cs(2746,48): error CS0121: The call is ambiguous between the following methods or properties: 'CodeWalker.Core.Utils.BoundingBoxExtensions.Center(SharpDX.BoundingBox)' and 'CodeWalker.Core.Utils.BoundingBoxExtensions.Center(SharpDX.BoundingBox)' [/home/ubuntu/PROGRAMA-BETA/src/FiveMTool.csproj]
/home/ubuntu/PROGRAMA-BETA/src/External/CodeWalker.Core/GameFiles/FileTypes/YmapFile.cs(2747,46): error CS0121: The call is ambiguous between the following methods or properties: 'CodeWalker.Core.Utils.BoundingBoxExtensions.Radius(SharpDX.BoundingBox)' and 'CodeWalker.Core.Utils.BoundingBoxExtensions.Radius(SharpDX.BoundingBox)' [/home/ubuntu/PROGRAMA-BETA/src/FiveMTool.csproj]
/home/ubuntu/PROGRAMA-BETA/src/External/CodeWalker.Core/GameFiles/FileTypes/YtypFile.cs(186,45): warning CS8600: Converting null literal or possible null value to non-nullable type. [/home/ubuntu/PROGRAMA-BETA/src/FiveMTool.csproj]
/home/ubuntu/PROGRAMA-BETA/src/External/CodeWalker.Core/GameFiles/FileTypes/YtypFile.cs(234,35): warning CS8600: Converting null literal or possible null value to non-nullable type. [/home/ubuntu/PROGRAMA-BETA/src/FiveMTool.csproj]
/home/ubuntu/PROGRAMA-BETA/src/External/CodeWalker.Core/GameFiles/MetaTypes/MetaTypes.cs(2809,16): warning CS8618: Non-nullable property 'Extensions' must contain a non-null value when exiting constructor. Consider declaring the property as nullable. [/home/ubuntu/PROGRAMA-BETA/src/FiveMTool.csproj]
/home/ubuntu/PROGRAMA-BETA/src/External/CodeWalker.Core/GameFiles/MetaTypes/MetaTypes.cs(2809,16): warning CS8618: Non-nullable property 'OwnerMlo' must contain a non-null value when exiting constructor. Consider declaring the property as nullable. [/home/ubuntu/PROGRAMA-BETA/src/FiveMTool.csproj]
/home/ubuntu/PROGRAMA-BETA/src/External/CodeWalker.Core/GameFiles/MetaTypes/MetaTypes.cs(2813,16): warning CS8618: Non-nullable property 'OwnerMlo' must contain a non-null value when exiting constructor. Consider declaring the property as nullable. [/home/ubuntu/PROGRAMA-BETA/src/FiveMTool.csproj]
/home/ubuntu/PROGRAMA-BETA/src/External/CodeWalker.Core/GameFiles/MetaTypes/MetaTypes.cs(2818,16): warning CS8618: Non-nullable property 'Extensions' must contain a non-null value when exiting constructor. Consider declaring the property as nullable. [/home/ubuntu/PROGRAMA-BETA/src/FiveMTool.csproj]
/home/ubuntu/PROGRAMA-BETA/src/External/CodeWalker.Core/GameFiles/MetaTypes/MetaTypes.cs(2473,16): warning CS8618: Non-nullable property 'RoomName' must contain a non-null value when exiting constructor. Consider declaring the property as nullable. [/home/ubuntu/PROGRAMA-BETA/src/FiveMTool.csproj]
/home/ubuntu/PROGRAMA-BETA/src/External/CodeWalker.Core/GameFiles/MetaTypes/MetaTypes.cs(2473,16): warning CS8618: Non-nullable property 'AttachedObjects' must contain a non-null value when exiting constructor. Consider declaring the property as nullable. [/home/ubuntu/PROGRAMA-BETA/src/FiveMTool.csproj]
/home/ubuntu/PROGRAMA-BETA/src/External/CodeWalker.Core/GameFiles/MetaTypes/MetaTypes.cs(2473,16): warning CS8618: Non-nullable property 'OwnerMlo' must contain a non-null value when exiting constructor. Consider declaring the property as nullable. [/home/ubuntu/PROGRAMA-BETA/src/FiveMTool.csproj]
/home/ubuntu/PROGRAMA-BETA/src/External/CodeWalker.Core/GameFiles/MetaTypes/MetaTypes.cs(2474,16): warning CS8618: Non-nullable property 'OwnerMlo' must contain a non-null value when exiting constructor. Consider declaring the property as nullable. [/home/ubuntu/PROGRAMA-BETA/src/FiveMTool.csproj]
/home/ubuntu/PROGRAMA-BETA/src/External/CodeWalker.Core/GameFiles/MetaTypes/Meta.cs(58,38): warning CS8625: Cannot convert null literal to non-nullable reference type. [/home/ubuntu/PROGRAMA-BETA/src/FiveMTool.csproj]
/home/ubuntu/PROGRAMA-BETA/src/External/CodeWalker.Core/GameFiles/MetaTypes/Meta.cs(51,55): warning CS8618: Non-nullable property 'StructureInfos' must contain a non-null value when exiting constructor. Consider declaring the property as nullable. [/home/ubuntu/PROGRAMA-BETA/src/FiveMTool.csproj]
/home/ubuntu/PROGRAMA-BETA/src/External/CodeWalker.Core/GameFiles/MetaTypes/Meta.cs(52,50): warning CS8618: Non-nullable property 'EnumInfos' must contain a non-null value when exiting constructor. Consider declaring the property as nullable. [/home/ubuntu/PROGRAMA-BETA/src/FiveMTool.csproj]
/home/ubuntu/PROGRAMA-BETA/src/External/CodeWalker.Core/GameFiles/MetaTypes/Meta.cs(53,51): warning CS8618: Non-nullable property 'DataBlocks' must contain a non-null value when exiting constructor. Consider declaring the property as nullable. [/home/ubuntu/PROGRAMA-BETA/src/FiveMTool.csproj]
/home/ubuntu/PROGRAMA-BETA/src/External/CodeWalker.Core/GameFiles/MetaTypes/Meta.cs(54,23): warning CS8618: Non-nullable property 'Name' must contain a non-null value when exiting constructor. Consider declaring the property as nullable. [/home/ubuntu/PROGRAMA-BETA/src/FiveMTool.csproj]
/home/ubuntu/PROGRAMA-BETA/src/External/CodeWalker.Core/GameFiles/MetaTypes/Meta.cs(56,42): warning CS8618: Non-nullable property 'EncryptedStrings' must contain a non-null value when exiting constructor. Consider declaring the property as nullable. [/home/ubuntu/PROGRAMA-BETA/src/FiveMTool.csproj]
/home/ubuntu/PROGRAMA-BETA/src/External/CodeWalker.Core/GameFiles/MetaTypes/Archetype.cs(741,76): error CS0121: The call is ambiguous between the following methods or properties: 'CodeWalker.Vectors.ToQuaternion(SharpDX.Vector4)' and 'CodeWalker.Vectors.ToQuaternion(SharpDX.Vector4)' [/home/ubuntu/PROGRAMA-BETA/src/FiveMTool.csproj]
/home/ubuntu/PROGRAMA-BETA/src/External/CodeWalker.Core/GameFiles/MetaTypes/Archetype.cs(755,60): error CS0121: The call is ambiguous between the following methods or properties: 'CodeWalker.QuaternionExtension.Multiply(SharpDX.Quaternion, SharpDX.Vector3)' and 'CodeWalker.QuaternionExtension.Multiply(SharpDX.Quaternion, SharpDX.Vector3)' [/home/ubuntu/PROGRAMA-BETA/src/FiveMTool.csproj]
/home/ubuntu/PROGRAMA-BETA/src/External/CodeWalker.Core/GameFiles/FileTypes/YmapFile.cs(509,27): warning CS8625: Cannot convert null literal to non-nullable reference type. [/home/ubuntu/PROGRAMA-BETA/src/FiveMTool.csproj]
/home/ubuntu/PROGRAMA-BETA/src/External/CodeWalker.Core/GameFiles/FileTypes/YmapFile.cs(510,32): warning CS8625: Cannot convert null literal to non-nullable reference type. [/home/ubuntu/PROGRAMA-BETA/src/FiveMTool.csproj]
/home/ubuntu/PROGRAMA-BETA/src/External/CodeWalker.Core/GameFiles/FileTypes/YmapFile.cs(547,28): warning CS8625: Cannot convert null literal to non-nullable reference type. [/home/ubuntu/PROGRAMA-BETA/src/FiveMTool.csproj]
/home/ubuntu/PROGRAMA-BETA/src/External/CodeWalker.Core/GameFiles/FileTypes/YndFile.cs(528,33): warning CS8625: Cannot convert null literal to non-nullable reference type. [/home/ubuntu/PROGRAMA-BETA/src/FiveMTool.csproj]
/home/ubuntu/PROGRAMA-BETA/src/External/CodeWalker.Core/GameFiles/MetaTypes/MetaTypes.cs(2639,16): warning CS8618: Non-nullable property 'Locations' must contain a non-null value when exiting constructor. Consider declaring the property as nullable. [/home/ubuntu/PROGRAMA-BETA/src/FiveMTool.csproj]
/home/ubuntu/PROGRAMA-BETA/src/External/CodeWalker.Core/GameFiles/MetaTypes/MetaTypes.cs(2639,16): warning CS8618: Non-nullable property 'Entities' must contain a non-null value when exiting constructor. Consider declaring the property as nullable. [/home/ubuntu/PROGRAMA-BETA/src/FiveMTool.csproj]
/home/ubuntu/PROGRAMA-BETA/src/External/CodeWalker.Core/GameFiles/MetaTypes/Archetype.cs(775,44): warning CS8603: Possible null reference return. [/home/ubuntu/PROGRAMA-BETA/src/FiveMTool.csproj]
/home/ubuntu/PROGRAMA-BETA/src/External/CodeWalker.Core/GameFiles/MetaTypes/Archetype.cs(776,50): warning CS8603: Possible null reference return. [/home/ubuntu/PROGRAMA-BETA/src/FiveMTool.csproj]
/home/ubuntu/PROGRAMA-BETA/src/External/CodeWalker.Core/GameFiles/MetaTypes/Archetype.cs(777,65): warning CS8603: Possible null reference return. [/home/ubuntu/PROGRAMA-BETA/src/FiveMTool.csproj]
/home/ubuntu/PROGRAMA-BETA/src/External/CodeWalker.Core/GameFiles/MetaTypes/Archetype.cs(802,20): warning CS8603: Possible null reference return. [/home/ubuntu/PROGRAMA-BETA/src/FiveMTool.csproj]
/home/ubuntu/PROGRAMA-BETA/src/External/CodeWalker.Core/GameFiles/MetaTypes/MetaTypes.cs(3069,23): warning CS8618: Non-nullable property 'fxName' must contain a non-null value when exiting constructor. Consider declaring the property as nullable. [/home/ubuntu/PROGRAMA-BETA/src/FiveMTool.csproj]
/home/ubuntu/PROGRAMA-BETA/src/External/CodeWalker.Core/GameFiles/FileTypes/YndFile.cs(1053,29): warning CS8602: Dereference of a possibly null reference. [/home/ubuntu/PROGRAMA-BETA/src/FiveMTool.csproj]
/home/ubuntu/PROGRAMA-BETA/src/External/CodeWalker.Core/GameFiles/FileTypes/YmapFile.cs(2824,33): error CS0121: The call is ambiguous between the following methods or properties: 'CodeWalker.Core.Utils.BoundingBoxExtensions.Encapsulate(SharpDX.BoundingBox, SharpDX.BoundingBox)' and 'CodeWalker.Core.Utils.BoundingBoxExtensions.Encapsulate(SharpDX.BoundingBox, SharpDX.BoundingBox)' [/home/ubuntu/PROGRAMA-BETA/src/FiveMTool.csproj]
/home/ubuntu/PROGRAMA-BETA/src/External/CodeWalker.Core/GameFiles/FileTypes/YmapFile.cs(2832,34): error CS0121: The call is ambiguous between the following methods or properties: 'CodeWalker.Core.Utils.BoundingBoxExtensions.Size(SharpDX.BoundingBox)' and 'CodeWalker.Core.Utils.BoundingBoxExtensions.Size(SharpDX.BoundingBox)' [/home/ubuntu/PROGRAMA-BETA/src/FiveMTool.csproj]
/home/ubuntu/PROGRAMA-BETA/src/External/CodeWalker.Core/GameFiles/FileTypes/YmapFile.cs(2850,50): error CS0121: The call is ambiguous between the following methods or properties: 'CodeWalker.Core.Utils.BoundingBoxExtensions.Size(SharpDX.BoundingBox)' and 'CodeWalker.Core.Utils.BoundingBoxExtensions.Size(SharpDX.BoundingBox)' [/home/ubuntu/PROGRAMA-BETA/src/FiveMTool.csproj]
/home/ubuntu/PROGRAMA-BETA/src/External/CodeWalker.Core/GameFiles/FileTypes/YmapFile.cs(2369,26): warning CS8618: Non-nullable property 'Archetype' must contain a non-null value when exiting constructor. Consider declaring the property as nullable. [/home/ubuntu/PROGRAMA-BETA/src/FiveMTool.csproj]
/home/ubuntu/PROGRAMA-BETA/src/External/CodeWalker.Core/GameFiles/FileTypes/YmapFile.cs(2371,61): warning CS8618: Non-nullable property 'Instances' must contain a non-null value when exiting constructor. Consider declaring the property as nullable. [/home/ubuntu/PROGRAMA-BETA/src/FiveMTool.csproj]
/home/ubuntu/PROGRAMA-BETA/src/External/CodeWalker.Core/GameFiles/FileTypes/YmapFile.cs(2378,25): warning CS8618: Non-nullable property 'Ymap' must contain a non-null value when exiting constructor. Consider declaring the property as nullable. [/home/ubuntu/PROGRAMA-BETA/src/FiveMTool.csproj]
/home/ubuntu/PROGRAMA-BETA/src/External/CodeWalker.Core/GameFiles/FileTypes/YmapFile.cs(2380,35): warning CS8618: Non-nullable field 'grassBounds' must contain a non-null value when exiting constructor. Consider declaring the field as nullable. [/home/ubuntu/PROGRAMA-BETA/src/FiveMTool.csproj]
/home/ubuntu/PROGRAMA-BETA/src/External/CodeWalker.Core/GameFiles/MetaTypes/MetaTypes.cs(3122,32): warning CS8618: Non-nullable property 'instances' must contain a non-null value when exiting constructor. Consider declaring the property as nullable. [/home/ubuntu/PROGRAMA-BETA/src/FiveMTool.csproj]
/home/ubuntu/PROGRAMA-BETA/src/External/CodeWalker.Core/GameFiles/MetaTypes/Archetype.cs(807,42): warning CS8603: Possible null reference return. [/home/ubuntu/PROGRAMA-BETA/src/FiveMTool.csproj]
/home/ubuntu/PROGRAMA-BETA/src/External/CodeWalker.Core/GameFiles/MetaTypes/Archetype.cs(808,50): warning CS8603: Possible null reference return. [/home/ubuntu/PROGRAMA-BETA/src/FiveMTool.csproj]
/home/ubuntu/PROGRAMA-BETA/src/External/CodeWalker.Core/GameFiles/MetaTypes/Archetype.cs(809,65): warning CS8603: Possible null reference return. [/home/ubuntu/PROGRAMA-BETA/src/FiveMTool.csproj]
/home/ubuntu/PROGRAMA-BETA/src/External/CodeWalker.Core/GameFiles/MetaTypes/Archetype.cs(834,20): warning CS8603: Possible null reference return. [/home/ubuntu/PROGRAMA-BETA/src/FiveMTool.csproj]
/home/ubuntu/PROGRAMA-BETA/src/External/CodeWalker.Core/GameFiles/FileTypes/YndFile.cs(1081,20): warning CS8625: Cannot convert null literal to non-nullable reference type. [/home/ubuntu/PROGRAMA-BETA/src/FiveMTool.csproj]
/home/ubuntu/PROGRAMA-BETA/src/External/CodeWalker.Core/GameFiles/FileTypes/YndFile.cs(1092,26): warning CS8602: Dereference of a possibly null reference. [/home/ubuntu/PROGRAMA-BETA/src/FiveMTool.csproj]
/home/ubuntu/PROGRAMA-BETA/src/External/CodeWalker.Core/GameFiles/MetaTypes/MetaTypes.cs(3320,23): warning CS8618: Non-nullable property 'explosionName' must contain a non-null value when exiting constructor. Consider declaring the property as nullable. [/home/ubuntu/PROGRAMA-BETA/src/FiveMTool.csproj]
/home/ubuntu/PROGRAMA-BETA/src/External/CodeWalker.Core/GameFiles/MetaTypes/Archetype.cs(882,61): error CS0121: The call is ambiguous between the following methods or properties: 'CodeWalker.QuaternionExtension.Multiply(SharpDX.Quaternion, SharpDX.Vector3)' and 'CodeWalker.QuaternionExtension.Multiply(SharpDX.Quaternion, SharpDX.Vector3)' [/home/ubuntu/PROGRAMA-BETA/src/FiveMTool.csproj]
/home/ubuntu/PROGRAMA-BETA/src/External/CodeWalker.Core/GameFiles/FileTypes/YnvFile.cs(975,24): warning CS8629: Nullable value type may be null. [/home/ubuntu/PROGRAMA-BETA/src/FiveMTool.csproj]
/home/ubuntu/PROGRAMA-BETA/src/External/CodeWalker.Core/GameFiles/MetaTypes/Archetype.cs(524,39): warning CS8603: Possible null reference return. [/home/ubuntu/PROGRAMA-BETA/src/FiveMTool.csproj]
/home/ubuntu/PROGRAMA-BETA/src/External/CodeWalker.Core/GameFiles/MetaTypes/Archetype.cs(527,41): warning CS8603: Possible null reference return. [/home/ubuntu/PROGRAMA-BETA/src/FiveMTool.csproj]
/home/ubuntu/PROGRAMA-BETA/src/External/CodeWalker.Core/GameFiles/MetaTypes/Archetype.cs(545,20): warning CS8603: Possible null reference return. [/home/ubuntu/PROGRAMA-BETA/src/FiveMTool.csproj]
/home/ubuntu/PROGRAMA-BETA/src/External/CodeWalker.Core/GameFiles/MetaTypes/Archetype.cs(549,41): warning CS8603: Possible null reference return. [/home/ubuntu/PROGRAMA-BETA/src/FiveMTool.csproj]
/home/ubuntu/PROGRAMA-BETA/src/External/CodeWalker.Core/GameFiles/MetaTypes/Archetype.cs(552,41): warning CS8603: Possible null reference return. [/home/ubuntu/PROGRAMA-BETA/src/FiveMTool.csproj]
/home/ubuntu/PROGRAMA-BETA/src/External/CodeWalker.Core/GameFiles/MetaTypes/Archetype.cs(570,20): warning CS8603: Possible null reference return. [/home/ubuntu/PROGRAMA-BETA/src/FiveMTool.csproj]
/home/ubuntu/PROGRAMA-BETA/src/External/CodeWalker.Core/GameFiles/FileTypes/YnvFile.cs(227,57): error CS0121: The call is ambiguous between the following methods or properties: 'CodeWalker.Vectors.XYZ(SharpDX.Vector4)' and 'CodeWalker.Vectors.XYZ(SharpDX.Vector4)' [/home/ubuntu/PROGRAMA-BETA/src/FiveMTool.csproj]
/home/ubuntu/PROGRAMA-BETA/src/External/CodeWalker.Core/GameFiles/FileTypes/YnvFile.cs(411,40): error CS0121: The call is ambiguous between the following methods or properties: 'CodeWalker.Vectors.XYZ(SharpDX.Vector4)' and 'CodeWalker.Vectors.XYZ(SharpDX.Vector4)' [/home/ubuntu/PROGRAMA-BETA/src/FiveMTool.csproj]
/home/ubuntu/PROGRAMA-BETA/src/External/CodeWalker.Core/GameFiles/FileTypes/YnvFile.cs(411,60): error CS0121: The call is ambiguous between the following methods or properties: 'CodeWalker.Vectors.XYZ(SharpDX.Vector4)' and 'CodeWalker.Vectors.XYZ(SharpDX.Vector4)' [/home/ubuntu/PROGRAMA-BETA/src/FiveMTool.csproj]
/home/ubuntu/PROGRAMA-BETA/src/External/CodeWalker.Core/GameFiles/FileTypes/YnvFile.cs(261,37): warning CS8602: Dereference of a possibly null reference. [/home/ubuntu/PROGRAMA-BETA/src/FiveMTool.csproj]
/home/ubuntu/PROGRAMA-BETA/src/External/CodeWalker.Core/GameFiles/FileTypes/YnvFile.cs(262,37): warning CS8600: Converting null literal or possible null value to non-nullable type. [/home/ubuntu/PROGRAMA-BETA/src/FiveMTool.csproj]
/home/ubuntu/PROGRAMA-BETA/src/External/CodeWalker.Core/GameFiles/FileTypes/YnvFile.cs(380,27): warning CS8601: Possible null reference assignment. [/home/ubuntu/PROGRAMA-BETA/src/FiveMTool.csproj]
/home/ubuntu/PROGRAMA-BETA/src/External/CodeWalker.Core/GameFiles/FileTypes/YnvFile.cs(382,31): warning CS8601: Possible null reference assignment. [/home/ubuntu/PROGRAMA-BETA/src/FiveMTool.csproj]
/home/ubuntu/PROGRAMA-BETA/src/External/CodeWalker.Core/GameFiles/FileTypes/YnvFile.cs(409,34): warning CS8600: Converting null literal or possible null value to non-nullable type. [/home/ubuntu/PROGRAMA-BETA/src/FiveMTool.csproj]
/home/ubuntu/PROGRAMA-BETA/src/External/CodeWalker.Core/GameFiles/FileTypes/YnvFile.cs(411,27): warning CS8602: Dereference of a possibly null reference. [/home/ubuntu/PROGRAMA-BETA/src/FiveMTool.csproj]
/home/ubuntu/PROGRAMA-BETA/src/External/CodeWalker.Core/GameFiles/GameFileCache.cs(408,59): warning CS8600: Converting null literal or possible null value to non-nullable type. [/home/ubuntu/PROGRAMA-BETA/src/FiveMTool.csproj]
/home/ubuntu/PROGRAMA-BETA/src/External/CodeWalker.Core/GameFiles/GameFileCache.cs(441,51): warning CS8600: Converting null literal or possible null value to non-nullable type. [/home/ubuntu/PROGRAMA-BETA/src/FiveMTool.csproj]
/home/ubuntu/PROGRAMA-BETA/src/External/CodeWalker.Core/GameFiles/MetaTypes/Archetype.cs(574,44): warning CS8603: Possible null reference return. [/home/ubuntu/PROGRAMA-BETA/src/FiveMTool.csproj]
/home/ubuntu/PROGRAMA-BETA/src/External/CodeWalker.Core/GameFiles/MetaTypes/Archetype.cs(591,20): warning CS8603: Possible null reference return. [/home/ubuntu/PROGRAMA-BETA/src/FiveMTool.csproj]
/home/ubuntu/PROGRAMA-BETA/src/External/CodeWalker.Core/GameFiles/MetaTypes/Archetype.cs(153,30): warning CS8618: Non-nullable property 'entities' must contain a non-null value when exiting constructor. Consider declaring the property as nullable. [/home/ubuntu/PROGRAMA-BETA/src/FiveMTool.csproj]
/home/ubuntu/PROGRAMA-BETA/src/External/CodeWalker.Core/GameFiles/MetaTypes/Archetype.cs(154,31): warning CS8618: Non-nullable property 'rooms' must contain a non-null value when exiting constructor. Consider declaring the property as nullable. [/home/ubuntu/PROGRAMA-BETA/src/FiveMTool.csproj]
/home/ubuntu/PROGRAMA-BETA/src/External/CodeWalker.Core/GameFiles/MetaTypes/Archetype.cs(155,33): warning CS8618: Non-nullable property 'portals' must contain a non-null value when exiting constructor. Consider declaring the property as nullable. [/home/ubuntu/PROGRAMA-BETA/src/FiveMTool.csproj]
/home/ubuntu/PROGRAMA-BETA/src/External/CodeWalker.Core/GameFiles/MetaTypes/Archetype.cs(156,33): warning CS8618: Non-nullable property 'entitySets' must contain a non-null value when exiting constructor. Consider declaring the property as nullable. [/home/ubuntu/PROGRAMA-BETA/src/FiveMTool.csproj]
/home/ubuntu/PROGRAMA-BETA/src/External/CodeWalker.Core/GameFiles/MetaTypes/Archetype.cs(157,40): warning CS8618: Non-nullable property 'timeCycleModifiers' must contain a non-null value when exiting constructor. Consider declaring the property as nullable. [/home/ubuntu/PROGRAMA-BETA/src/FiveMTool.csproj]
/home/ubuntu/PROGRAMA-BETA/src/External/CodeWalker.Core/GameFiles/FileTypes/RelFile.cs(21763,82): warning CS8604: Possible null reference argument for parameter 'str' in 'ushort Dat10Synth.ParseBuffer(string str, AssembleResult result, Action<string> onError)'. [/home/ubuntu/PROGRAMA-BETA/src/FiveMTool.csproj]
/home/ubuntu/PROGRAMA-BETA/src/External/CodeWalker.Core/GameFiles/FileTypes/RelFile.cs(21764,86): warning CS8604: Possible null reference argument for parameter 'str' in 'ushort Dat10Synth.ParseRegister(string str, AssembleResult result, Action<string> onError)'. [/home/ubuntu/PROGRAMA-BETA/src/FiveMTool.csproj]
/home/ubuntu/PROGRAMA-BETA/src/External/CodeWalker.Core/GameFiles/FileTypes/RelFile.cs(21766,42): warning CS8602: Dereference of a possibly null reference. [/home/ubuntu/PROGRAMA-BETA/src/FiveMTool.csproj]
/home/ubuntu/PROGRAMA-BETA/src/External/CodeWalker.Core/GameFiles/FileTypes/RelFile.cs(21770,86): warning CS8604: Possible null reference argument for parameter 'str' in 'ushort Dat10Synth.ParseVariable(string str, Dat10SynthVariable[] variables, AssembleResult result, Action<string> onError)'. [/home/ubuntu/PROGRAMA-BETA/src/FiveMTool.csproj]
/home/ubuntu/PROGRAMA-BETA/src/External/CodeWalker.Core/GameFiles/FileTypes/RelFile.cs(21771,83): warning CS8604: Possible null reference argument for parameter 'str' in 'ushort Dat10Synth.ParseBuffer(string str, AssembleResult result, Action<string> onError)'. [/home/ubuntu/PROGRAMA-BETA/src/FiveMTool.csproj]
/home/ubuntu/PROGRAMA-BETA/src/External/CodeWalker.Core/GameFiles/FileTypes/RelFile.cs(21772,87): warning CS8604: Possible null reference argument for parameter 'str' in 'ushort Dat10Synth.ParseRegister(string str, AssembleResult result, Action<string> onError)'. [/home/ubuntu/PROGRAMA-BETA/src/FiveMTool.csproj]
/home/ubuntu/PROGRAMA-BETA/src/External/CodeWalker.Core/GameFiles/FileTypes/RelFile.cs(21779,54): warning CS8604: Possible null reference argument for parameter 'str' in 'ushort Dat10Synth.ParseBuffer(string str, AssembleResult result, Action<string> onError)'. [/home/ubuntu/PROGRAMA-BETA/src/FiveMTool.csproj]
/home/ubuntu/PROGRAMA-BETA/src/External/CodeWalker.Core/GameFiles/FileTypes/YndFile.cs(1197,44): warning CS8604: Possible null reference argument for parameter 'item' in 'void List<YndFile>.Add(YndFile item)'. [/home/ubuntu/PROGRAMA-BETA/src/FiveMTool.csproj]
/home/ubuntu/PROGRAMA-BETA/src/External/CodeWalker.Core/GameFiles/FileTypes/YnvFile.cs(437,40): error CS0121: The call is ambiguous between the following methods or properties: 'CodeWalker.Vectors.XYZ(SharpDX.Vector4)' and 'CodeWalker.Vectors.XYZ(SharpDX.Vector4)' [/home/ubuntu/PROGRAMA-BETA/src/FiveMTool.csproj]
/home/ubuntu/PROGRAMA-BETA/src/External/CodeWalker.Core/GameFiles/FileTypes/YnvFile.cs(438,40): error CS0121: The call is ambiguous between the following methods or properties: 'CodeWalker.Vectors.XYZ(SharpDX.Vector4)' and 'CodeWalker.Vectors.XYZ(SharpDX.Vector4)' [/home/ubuntu/PROGRAMA-BETA/src/FiveMTool.csproj]
/home/ubuntu/PROGRAMA-BETA/src/External/CodeWalker.Core/GameFiles/MetaTypes/MetaBuilder.cs(372,36): warning CS8625: Cannot convert null literal to non-nullable reference type. [/home/ubuntu/PROGRAMA-BETA/src/FiveMTool.csproj]
/home/ubuntu/PROGRAMA-BETA/src/External/CodeWalker.Core/GameFiles/MetaTypes/MetaBuilder.cs(387,31): warning CS8625: Cannot convert null literal to non-nullable reference type. [/home/ubuntu/PROGRAMA-BETA/src/FiveMTool.csproj]
/home/ubuntu/PROGRAMA-BETA/src/External/CodeWalker.Core/GameFiles/FileTypes/YnvFile.cs(761,24): warning CS8618: Non-nullable property 'Ynv' must contain a non-null value when exiting constructor. Consider declaring the property as nullable. [/home/ubuntu/PROGRAMA-BETA/src/FiveMTool.csproj]
/home/ubuntu/PROGRAMA-BETA/src/External/CodeWalker.Core/GameFiles/FileTypes/YnvFile.cs(812,25): warning CS8618: Non-nullable property 'Indices' must contain a non-null value when exiting constructor. Consider declaring the property as nullable. [/home/ubuntu/PROGRAMA-BETA/src/FiveMTool.csproj]
/home/ubuntu/PROGRAMA-BETA/src/External/CodeWalker.Core/GameFiles/FileTypes/YnvFile.cs(813,26): warning CS8618: Non-nullable property 'Vertices' must contain a non-null value when exiting constructor. Consider declaring the property as nullable. [/home/ubuntu/PROGRAMA-BETA/src/FiveMTool.csproj]
/home/ubuntu/PROGRAMA-BETA/src/External/CodeWalker.Core/GameFiles/FileTypes/YnvFile.cs(814,26): warning CS8618: Non-nullable property 'Edges' must contain a non-null value when exiting constructor. Consider declaring the property as nullable. [/home/ubuntu/PROGRAMA-BETA/src/FiveMTool.csproj]
/home/ubuntu/PROGRAMA-BETA/src/External/CodeWalker.Core/GameFiles/FileTypes/YnvFile.cs(815,25): warning CS8618: Non-nullable property 'PortalLinks' must contain a non-null value when exiting constructor. Consider declaring the property as nullable. [/home/ubuntu/PROGRAMA-BETA/src/FiveMTool.csproj]
/home/ubuntu/PROGRAMA-BETA/src/External/CodeWalker.Core/GameFiles/GameFileCache.cs(663,82): warning CS8600: Converting null literal or possible null value to non-nullable type. [/home/ubuntu/PROGRAMA-BETA/src/FiveMTool.csproj]
/home/ubuntu/PROGRAMA-BETA/src/External/CodeWalker.Core/GameFiles/GameFileCache.cs(674,88): warning CS8600: Converting null literal or possible null value to non-nullable type. [/home/ubuntu/PROGRAMA-BETA/src/FiveMTool.csproj]
/home/ubuntu/PROGRAMA-BETA/src/External/CodeWalker.Core/GameFiles/GameFileCache.cs(769,50): warning CS8600: Converting null literal or possible null value to non-nullable type. [/home/ubuntu/PROGRAMA-BETA/src/FiveMTool.csproj]
/home/ubuntu/PROGRAMA-BETA/src/External/CodeWalker.Core/GameFiles/GameFileCache.cs(779,49): warning CS8600: Converting null literal or possible null value to non-nullable type. [/home/ubuntu/PROGRAMA-BETA/src/FiveMTool.csproj]
/home/ubuntu/PROGRAMA-BETA/src/External/CodeWalker.Core/GameFiles/FileTypes/YndFile.cs(733,24): warning CS8618: Non-nullable property 'Ynd' must contain a non-null value when exiting constructor. Consider declaring the property as nullable. [/home/ubuntu/PROGRAMA-BETA/src/FiveMTool.csproj]
/home/ubuntu/PROGRAMA-BETA/src/External/CodeWalker.Core/GameFiles/FileTypes/YndFile.cs(738,26): warning CS8618: Non-nullable property 'Links' must contain a non-null value when exiting constructor. Consider declaring the property as nullable. [/home/ubuntu/PROGRAMA-BETA/src/FiveMTool.csproj]
/home/ubuntu/PROGRAMA-BETA/src/External/CodeWalker.Core/GameFiles/FileTypes/YndFile.cs(752,28): warning CS8618: Non-nullable property 'Junction' must contain a non-null value when exiting constructor. Consider declaring the property as nullable. [/home/ubuntu/PROGRAMA-BETA/src/FiveMTool.csproj]
/home/ubuntu/PROGRAMA-BETA/src/External/CodeWalker.Core/GameFiles/FileTypes/YnvFile.cs(628,56): error CS0121: The call is ambiguous between the following methods or properties: 'CodeWalker.Vectors.XYZ(SharpDX.Vector4)' and 'CodeWalker.Vectors.XYZ(SharpDX.Vector4)' [/home/ubuntu/PROGRAMA-BETA/src/FiveMTool.csproj]
/home/ubuntu/PROGRAMA-BETA/src/External/CodeWalker.Core/GameFiles/FileTypes/YnvFile.cs(643,34): warning CS8602: Dereference of a possibly null reference. [/home/ubuntu/PROGRAMA-BETA/src/FiveMTool.csproj]
/home/ubuntu/PROGRAMA-BETA/src/External/CodeWalker.Core/GameFiles/FileTypes/YnvFile.cs(657,33): warning CS8602: Dereference of a possibly null reference. [/home/ubuntu/PROGRAMA-BETA/src/FiveMTool.csproj]
/home/ubuntu/PROGRAMA-BETA/src/External/CodeWalker.Core/GameFiles/FileTypes/YnvFile.cs(663,29): warning CS8601: Possible null reference assignment. [/home/ubuntu/PROGRAMA-BETA/src/FiveMTool.csproj]
/home/ubuntu/PROGRAMA-BETA/src/External/CodeWalker.Core/GameFiles/FileTypes/YnvFile.cs(664,28): warning CS8601: Possible null reference assignment. [/home/ubuntu/PROGRAMA-BETA/src/FiveMTool.csproj]
/home/ubuntu/PROGRAMA-BETA/src/External/CodeWalker.Core/GameFiles/GameFileCache.cs(913,55): warning CS8600: Converting null literal or possible null value to non-nullable type. [/home/ubuntu/PROGRAMA-BETA/src/FiveMTool.csproj]
/home/ubuntu/PROGRAMA-BETA/src/External/CodeWalker.Core/GameFiles/GameFileCache.cs(939,70): warning CS8600: Converting null literal or possible null value to non-nullable type. [/home/ubuntu/PROGRAMA-BETA/src/FiveMTool.csproj]
/home/ubuntu/PROGRAMA-BETA/src/External/CodeWalker.Core/GameFiles/FileTypes/YmapFile.cs(957,43): warning CS8600: Converting null literal or possible null value to non-nullable type. [/home/ubuntu/PROGRAMA-BETA/src/FiveMTool.csproj]
/home/ubuntu/PROGRAMA-BETA/src/External/CodeWalker.Core/GameFiles/GameFileCache.cs(979,47): warning CS8600: Converting null literal or possible null value to non-nullable type. [/home/ubuntu/PROGRAMA-BETA/src/FiveMTool.csproj]
/home/ubuntu/PROGRAMA-BETA/src/External/CodeWalker.Core/GameFiles/GameFileCache.cs(982,60): warning CS8601: Possible null reference assignment. [/home/ubuntu/PROGRAMA-BETA/src/FiveMTool.csproj]
/home/ubuntu/PROGRAMA-BETA/src/External/CodeWalker.Core/GameFiles/GameFileCache.cs(986,60): warning CS8601: Possible null reference assignment. [/home/ubuntu/PROGRAMA-BETA/src/FiveMTool.csproj]
/home/ubuntu/PROGRAMA-BETA/src/External/CodeWalker.Core/GameFiles/GameFileCache.cs(990,60): warning CS8601: Possible null reference assignment. [/home/ubuntu/PROGRAMA-BETA/src/FiveMTool.csproj]
/home/ubuntu/PROGRAMA-BETA/src/External/CodeWalker.Core/GameFiles/GameFileCache.cs(994,60): warning CS8601: Possible null reference assignment. [/home/ubuntu/PROGRAMA-BETA/src/FiveMTool.csproj]
/home/ubuntu/PROGRAMA-BETA/src/External/CodeWalker.Core/GameFiles/GameFileCache.cs(998,60): warning CS8601: Possible null reference assignment. [/home/ubuntu/PROGRAMA-BETA/src/FiveMTool.csproj]
/home/ubuntu/PROGRAMA-BETA/src/External/CodeWalker.Core/GameFiles/GameFileCache.cs(1002,60): warning CS8601: Possible null reference assignment. [/home/ubuntu/PROGRAMA-BETA/src/FiveMTool.csproj]
/home/ubuntu/PROGRAMA-BETA/src/External/CodeWalker.Core/GameFiles/FileTypes/YmapFile.cs(1107,34): warning CS8601: Possible null reference assignment. [/home/ubuntu/PROGRAMA-BETA/src/FiveMTool.csproj]
/home/ubuntu/PROGRAMA-BETA/src/External/CodeWalker.Core/GameFiles/FileTypes/YmapFile.cs(1110,13): warning CS8602: Dereference of a possibly null reference. [/home/ubuntu/PROGRAMA-BETA/src/FiveMTool.csproj]
/home/ubuntu/PROGRAMA-BETA/src/External/CodeWalker.Core/GameFiles/GameFileCache.cs(1022,47): warning CS8600: Converting null literal or possible null value to non-nullable type. [/home/ubuntu/PROGRAMA-BETA/src/FiveMTool.csproj]
/home/ubuntu/PROGRAMA-BETA/src/External/CodeWalker.Core/GameFiles/GameFileCache.cs(1026,61): warning CS8601: Possible null reference assignment. [/home/ubuntu/PROGRAMA-BETA/src/FiveMTool.csproj]
/home/ubuntu/PROGRAMA-BETA/src/External/CodeWalker.Core/GameFiles/GameFileCache.cs(1031,60): warning CS8601: Possible null reference assignment. [/home/ubuntu/PROGRAMA-BETA/src/FiveMTool.csproj]
/home/ubuntu/PROGRAMA-BETA/src/External/CodeWalker.Core/GameFiles/GameFileCache.cs(1035,60): warning CS8601: Possible null reference assignment. [/home/ubuntu/PROGRAMA-BETA/src/FiveMTool.csproj]
/home/ubuntu/PROGRAMA-BETA/src/External/CodeWalker.Core/GameFiles/GameFileCache.cs(1049,47): warning CS8600: Converting null literal or possible null value to non-nullable type. [/home/ubuntu/PROGRAMA-BETA/src/FiveMTool.csproj]
/home/ubuntu/PROGRAMA-BETA/src/External/CodeWalker.Core/GameFiles/GameFileCache.cs(1052,65): warning CS8601: Possible null reference assignment. [/home/ubuntu/PROGRAMA-BETA/src/FiveMTool.csproj]
/home/ubuntu/PROGRAMA-BETA/src/External/CodeWalker.Core/GameFiles/FileTypes/YmapFile.cs(1149,13): warning CS8602: Dereference of a possibly null reference. [/home/ubuntu/PROGRAMA-BETA/src/FiveMTool.csproj]
/home/ubuntu/PROGRAMA-BETA/src/External/CodeWalker.Core/GameFiles/FileTypes/RelFile.cs(22626,33): warning CS8625: Cannot convert null literal to non-nullable reference type. [/home/ubuntu/PROGRAMA-BETA/src/FiveMTool.csproj]
/home/ubuntu/PROGRAMA-BETA/src/External/CodeWalker.Core/GameFiles/FileTypes/RelFile.cs(22626,39): warning CS8625: Cannot convert null literal to non-nullable reference type. [/home/ubuntu/PROGRAMA-BETA/src/FiveMTool.csproj]
/home/ubuntu/PROGRAMA-BETA/src/External/CodeWalker.Core/GameFiles/GameFileCache.cs(1248,38): warning CS8600: Converting null literal or possible null value to non-nullable type. [/home/ubuntu/PROGRAMA-BETA/src/FiveMTool.csproj]
/home/ubuntu/PROGRAMA-BETA/src/External/CodeWalker.Core/GameFiles/GameFileCache.cs(1238,28): warning CS8603: Possible null reference return. [/home/ubuntu/PROGRAMA-BETA/src/FiveMTool.csproj]
/home/ubuntu/PROGRAMA-BETA/src/External/CodeWalker.Core/GameFiles/GameFileCache.cs(1244,24): warning CS8603: Possible null reference return. [/home/ubuntu/PROGRAMA-BETA/src/FiveMTool.csproj]
/home/ubuntu/PROGRAMA-BETA/src/External/CodeWalker.Core/GameFiles/Resources/Particle.cs(2911,48): warning CS8600: Converting null literal or possible null value to non-nullable type. [/home/ubuntu/PROGRAMA-BETA/src/FiveMTool.csproj]
/home/ubuntu/PROGRAMA-BETA/src/External/CodeWalker.Core/GameFiles/Resources/Particle.cs(2736,64): warning CS8618: Non-nullable property 'Values' must contain a non-null value when exiting constructor. Consider declaring the property as nullable. [/home/ubuntu/PROGRAMA-BETA/src/FiveMTool.csproj]
/home/ubuntu/PROGRAMA-BETA/src/External/CodeWalker.Core/GameFiles/Resources/Particle.cs(2917,49): warning CS8618: Non-nullable field 'NameDict' must contain a non-null value when exiting constructor. Consider declaring the field as nullable. [/home/ubuntu/PROGRAMA-BETA/src/FiveMTool.csproj]
/home/ubuntu/PROGRAMA-BETA/src/External/CodeWalker.Core/GameFiles/Resources/Particle.cs(2600,98): warning CS8625: Cannot convert null literal to non-nullable reference type. [/home/ubuntu/PROGRAMA-BETA/src/FiveMTool.csproj]
/home/ubuntu/PROGRAMA-BETA/src/External/CodeWalker.Core/GameFiles/Resources/Particle.cs(2604,60): warning CS8604: Possible null reference argument for parameter 'node' in 'ParticleDomain ParticleDomain.ReadXmlNode(XmlNode node)'. [/home/ubuntu/PROGRAMA-BETA/src/FiveMTool.csproj]
/home/ubuntu/PROGRAMA-BETA/src/External/CodeWalker.Core/GameFiles/Resources/Particle.cs(2605,58): warning CS8604: Possible null reference argument for parameter 'node' in 'ParticleDomain ParticleDomain.ReadXmlNode(XmlNode node)'. [/home/ubuntu/PROGRAMA-BETA/src/FiveMTool.csproj]
/home/ubuntu/PROGRAMA-BETA/src/External/CodeWalker.Core/GameFiles/Resources/Particle.cs(2606,61): warning CS8604: Possible null reference argument for parameter 'node' in 'ParticleDomain ParticleDomain.ReadXmlNode(XmlNode node)'. [/home/ubuntu/PROGRAMA-BETA/src/FiveMTool.csproj]
/home/ubuntu/PROGRAMA-BETA/src/External/CodeWalker.Core/GameFiles/Resources/Particle.cs(2653,20): warning CS8603: Possible null reference return. [/home/ubuntu/PROGRAMA-BETA/src/FiveMTool.csproj]
/home/ubuntu/PROGRAMA-BETA/src/External/CodeWalker.Core/GameFiles/Resources/Particle.cs(2489,25): warning CS8618: Non-nullable property 'Name' must contain a non-null value when exiting constructor. Consider declaring the property as nullable. [/home/ubuntu/PROGRAMA-BETA/src/FiveMTool.csproj]
/home/ubuntu/PROGRAMA-BETA/src/External/CodeWalker.Core/GameFiles/Resources/Particle.cs(2491,31): warning CS8618: Non-nullable property 'CreationDomainObj' must contain a non-null value when exiting constructor. Consider declaring the property as nullable. [/home/ubuntu/PROGRAMA-BETA/src/FiveMTool.csproj]
/home/ubuntu/PROGRAMA-BETA/src/External/CodeWalker.Core/GameFiles/Resources/Particle.cs(2492,31): warning CS8618: Non-nullable property 'TargetDomainObj' must contain a non-null value when exiting constructor. Consider declaring the property as nullable. [/home/ubuntu/PROGRAMA-BETA/src/FiveMTool.csproj]
/home/ubuntu/PROGRAMA-BETA/src/External/CodeWalker.Core/GameFiles/Resources/Particle.cs(2493,31): warning CS8618: Non-nullable property 'AttractorDomainObj' must contain a non-null value when exiting constructor. Consider declaring the property as nullable. [/home/ubuntu/PROGRAMA-BETA/src/FiveMTool.csproj]
/home/ubuntu/PROGRAMA-BETA/src/External/CodeWalker.Core/GameFiles/Resources/Particle.cs(2494,61): warning CS8618: Non-nullable property 'KeyframePropList' must contain a non-null value when exiting constructor. Consider declaring the property as nullable. [/home/ubuntu/PROGRAMA-BETA/src/FiveMTool.csproj]
/home/ubuntu/PROGRAMA-BETA/src/External/CodeWalker.Core/GameFiles/MetaTypes/MetaTypes.cs(1240,28): warning CS8603: Possible null reference return. [/home/ubuntu/PROGRAMA-BETA/src/FiveMTool.csproj]
/home/ubuntu/PROGRAMA-BETA/src/External/CodeWalker.Core/GameFiles/Resources/Particle.cs(2386,64): warning CS8618: Non-nullable property 'Keyframe' must contain a non-null value when exiting constructor. Consider declaring the property as nullable. [/home/ubuntu/PROGRAMA-BETA/src/FiveMTool.csproj]
/home/ubuntu/PROGRAMA-BETA/src/External/CodeWalker.Core/GameFiles/FileTypes/RelFile.cs(22596,33): warning CS8625: Cannot convert null literal to non-nullable reference type. [/home/ubuntu/PROGRAMA-BETA/src/FiveMTool.csproj]
/home/ubuntu/PROGRAMA-BETA/src/External/CodeWalker.Core/GameFiles/FileTypes/RelFile.cs(22596,39): warning CS8625: Cannot convert null literal to non-nullable reference type. [/home/ubuntu/PROGRAMA-BETA/src/FiveMTool.csproj]
/home/ubuntu/PROGRAMA-BETA/src/External/CodeWalker.Core/GameFiles/Resources/Particle.cs(2331,63): warning CS8618: Non-nullable property 'EvolvedKeyframes' must contain a non-null value when exiting constructor. Consider declaring the property as nullable. [/home/ubuntu/PROGRAMA-BETA/src/FiveMTool.csproj]
/home/ubuntu/PROGRAMA-BETA/src/External/CodeWalker.Core/GameFiles/FileTypes/RelFile.cs(22601,85): warning CS8629: Nullable value type may be null. [/home/ubuntu/PROGRAMA-BETA/src/FiveMTool.csproj]
/home/ubuntu/PROGRAMA-BETA/src/External/CodeWalker.Core/GameFiles/GameFileCache.cs(1456,54): warning CS8602: Dereference of a possibly null reference. [/home/ubuntu/PROGRAMA-BETA/src/FiveMTool.csproj]
/home/ubuntu/PROGRAMA-BETA/src/External/CodeWalker.Core/GameFiles/Resources/Particle.cs(2294,45): warning CS8618: Non-nullable property 'Item' must contain a non-null value when exiting constructor. Consider declaring the property as nullable. [/home/ubuntu/PROGRAMA-BETA/src/FiveMTool.csproj]
/home/ubuntu/PROGRAMA-BETA/src/External/CodeWalker.Core/GameFiles/FileTypes/YmapFile.cs(1497,48): error CS0121: The call is ambiguous between the following methods or properties: 'CodeWalker.QuaternionExtension.Multiply(SharpDX.Quaternion, SharpDX.Vector3)' and 'CodeWalker.QuaternionExtension.Multiply(SharpDX.Quaternion, SharpDX.Vector3)' [/home/ubuntu/PROGRAMA-BETA/src/FiveMTool.csproj]
/home/ubuntu/PROGRAMA-BETA/src/External/CodeWalker.Core/GameFiles/FileTypes/YmapFile.cs(1501,40): error CS0121: The call is ambiguous between the following methods or properties: 'CodeWalker.QuaternionExtension.Multiply(SharpDX.Quaternion, SharpDX.Vector3)' and 'CodeWalker.QuaternionExtension.Multiply(SharpDX.Quaternion, SharpDX.Vector3)' [/home/ubuntu/PROGRAMA-BETA/src/FiveMTool.csproj]
/home/ubuntu/PROGRAMA-BETA/src/External/CodeWalker.Core/GameFiles/Resources/Particle.cs(2279,20): warning CS8603: Possible null reference return. [/home/ubuntu/PROGRAMA-BETA/src/FiveMTool.csproj]
/home/ubuntu/PROGRAMA-BETA/src/External/CodeWalker.Core/GameFiles/Resources/Particle.cs(2247,25): warning CS8618: Non-nullable property 'Name' must contain a non-null value when exiting constructor. Consider declaring the property as nullable. [/home/ubuntu/PROGRAMA-BETA/src/FiveMTool.csproj]
/home/ubuntu/PROGRAMA-BETA/src/External/CodeWalker.Core/GameFiles/MetaTypes/MetaTypes.cs(1412,28): warning CS8603: Possible null reference return. [/home/ubuntu/PROGRAMA-BETA/src/FiveMTool.csproj]
/home/ubuntu/PROGRAMA-BETA/src/External/CodeWalker.Core/GameFiles/MetaTypes/MetaTypes.cs(1451,39): warning CS8603: Possible null reference return. [/home/ubuntu/PROGRAMA-BETA/src/FiveMTool.csproj]
/home/ubuntu/PROGRAMA-BETA/src/External/CodeWalker.Core/GameFiles/FileTypes/YmapFile.cs(1652,97): warning CS8600: Converting null literal or possible null value to non-nullable type. [/home/ubuntu/PROGRAMA-BETA/src/FiveMTool.csproj]
/home/ubuntu/PROGRAMA-BETA/src/External/CodeWalker.Core/GameFiles/Resources/Particle.cs(2192,43): warning CS8602: Dereference of a possibly null reference. [/home/ubuntu/PROGRAMA-BETA/src/FiveMTool.csproj]
/home/ubuntu/PROGRAMA-BETA/src/External/CodeWalker.Core/GameFiles/Resources/Particle.cs(2232,20): warning CS8603: Possible null reference return. [/home/ubuntu/PROGRAMA-BETA/src/FiveMTool.csproj]
/home/ubuntu/PROGRAMA-BETA/src/External/CodeWalker.Core/GameFiles/Resources/Particle.cs(2137,57): warning CS8618: Non-nullable property 'Evolutions' must contain a non-null value when exiting constructor. Consider declaring the property as nullable. [/home/ubuntu/PROGRAMA-BETA/src/FiveMTool.csproj]
/home/ubuntu/PROGRAMA-BETA/src/External/CodeWalker.Core/GameFiles/Resources/Particle.cs(2138,67): warning CS8618: Non-nullable property 'EvolvedKeyframeProps' must contain a non-null value when exiting constructor. Consider declaring the property as nullable. [/home/ubuntu/PROGRAMA-BETA/src/FiveMTool.csproj]
/home/ubuntu/PROGRAMA-BETA/src/External/CodeWalker.Core/GameFiles/Resources/Particle.cs(2140,69): warning CS8618: Non-nullable property 'EvolvedKeyframePropMap' must contain a non-null value when exiting constructor. Consider declaring the property as nullable. [/home/ubuntu/PROGRAMA-BETA/src/FiveMTool.csproj]
/home/ubuntu/PROGRAMA-BETA/src/External/CodeWalker.Core/GameFiles/MetaTypes/MetaTypes.cs(1516,36): warning CS8603: Possible null reference return. [/home/ubuntu/PROGRAMA-BETA/src/FiveMTool.csproj]
/home/ubuntu/PROGRAMA-BETA/src/External/CodeWalker.Core/GameFiles/MetaTypes/MetaTypes.cs(1518,38): warning CS8603: Possible null reference return. [/home/ubuntu/PROGRAMA-BETA/src/FiveMTool.csproj]
/home/ubuntu/PROGRAMA-BETA/src/External/CodeWalker.Core/GameFiles/MetaTypes/MetaTypes.cs(1520,22): warning CS8603: Possible null reference return. [/home/ubuntu/PROGRAMA-BETA/src/FiveMTool.csproj]
/home/ubuntu/PROGRAMA-BETA/src/External/CodeWalker.Core/GameFiles/MetaTypes/MetaTypes.cs(1540,26): warning CS8603: Possible null reference return. [/home/ubuntu/PROGRAMA-BETA/src/FiveMTool.csproj]
/home/ubuntu/PROGRAMA-BETA/src/External/CodeWalker.Core/GameFiles/MetaTypes/MetaTypes.cs(1554,36): warning CS8603: Possible null reference return. [/home/ubuntu/PROGRAMA-BETA/src/FiveMTool.csproj]
/home/ubuntu/PROGRAMA-BETA/src/External/CodeWalker.Core/GameFiles/MetaTypes/MetaTypes.cs(1564,22): warning CS8603: Possible null reference return. [/home/ubuntu/PROGRAMA-BETA/src/FiveMTool.csproj]
/home/ubuntu/PROGRAMA-BETA/src/External/CodeWalker.Core/GameFiles/MetaTypes/MetaTypes.cs(1595,20): warning CS8603: Possible null reference return. [/home/ubuntu/PROGRAMA-BETA/src/FiveMTool.csproj]
/home/ubuntu/PROGRAMA-BETA/src/External/CodeWalker.Core/GameFiles/MetaTypes/MetaTypes.cs(1687,36): warning CS8603: Possible null reference return. [/home/ubuntu/PROGRAMA-BETA/src/FiveMTool.csproj]
/home/ubuntu/PROGRAMA-BETA/src/External/CodeWalker.Core/GameFiles/MetaTypes/MetaTypes.cs(1694,22): warning CS8603: Possible null reference return. [/home/ubuntu/PROGRAMA-BETA/src/FiveMTool.csproj]
/home/ubuntu/PROGRAMA-BETA/src/External/CodeWalker.Core/GameFiles/MetaTypes/MetaTypes.cs(1737,22): warning CS8603: Possible null reference return. [/home/ubuntu/PROGRAMA-BETA/src/FiveMTool.csproj]
/home/ubuntu/PROGRAMA-BETA/src/External/CodeWalker.Core/GameFiles/MetaTypes/MetaTypes.cs(1740,22): warning CS8603: Possible null reference return. [/home/ubuntu/PROGRAMA-BETA/src/FiveMTool.csproj]
/home/ubuntu/PROGRAMA-BETA/src/External/CodeWalker.Core/GameFiles/MetaTypes/MetaTypes.cs(1752,22): warning CS8603: Possible null reference return. [/home/ubuntu/PROGRAMA-BETA/src/FiveMTool.csproj]
/home/ubuntu/PROGRAMA-BETA/src/External/CodeWalker.Core/GameFiles/MetaTypes/MetaTypes.cs(1755,22): warning CS8603: Possible null reference return. [/home/ubuntu/PROGRAMA-BETA/src/FiveMTool.csproj]
/home/ubuntu/PROGRAMA-BETA/src/External/CodeWalker.Core/GameFiles/GameFileCache.cs(1643,59): warning CS8600: Converting null literal or possible null value to non-nullable type. [/home/ubuntu/PROGRAMA-BETA/src/FiveMTool.csproj]
/home/ubuntu/PROGRAMA-BETA/src/External/CodeWalker.Core/GameFiles/GameFileCache.cs(1633,49): warning CS8600: Converting null literal or possible null value to non-nullable type. [/home/ubuntu/PROGRAMA-BETA/src/FiveMTool.csproj]
/home/ubuntu/PROGRAMA-BETA/src/External/CodeWalker.Core/GameFiles/MetaTypes/MetaTypes.cs(1768,37): warning CS8603: Possible null reference return. [/home/ubuntu/PROGRAMA-BETA/src/FiveMTool.csproj]
/home/ubuntu/PROGRAMA-BETA/src/External/CodeWalker.Core/GameFiles/MetaTypes/MetaTypes.cs(1770,44): warning CS8603: Possible null reference return. [/home/ubuntu/PROGRAMA-BETA/src/FiveMTool.csproj]
/home/ubuntu/PROGRAMA-BETA/src/External/CodeWalker.Core/GameFiles/MetaTypes/MetaTypes.cs(1789,41): warning CS8603: Possible null reference return. [/home/ubuntu/PROGRAMA-BETA/src/FiveMTool.csproj]
/home/ubuntu/PROGRAMA-BETA/src/External/CodeWalker.Core/GameFiles/MetaTypes/MetaTypes.cs(1807,69): warning CS8603: Possible null reference return. [/home/ubuntu/PROGRAMA-BETA/src/FiveMTool.csproj]
/home/ubuntu/PROGRAMA-BETA/src/External/CodeWalker.Core/GameFiles/MetaTypes/MetaTypes.cs(1811,40): warning CS8600: Converting null literal or possible null value to non-nullable type. [/home/ubuntu/PROGRAMA-BETA/src/FiveMTool.csproj]
/home/ubuntu/PROGRAMA-BETA/src/External/CodeWalker.Core/GameFiles/MetaTypes/MetaTypes.cs(1825,24): warning CS8603: Possible null reference return. [/home/ubuntu/PROGRAMA-BETA/src/FiveMTool.csproj]
/home/ubuntu/PROGRAMA-BETA/src/External/CodeWalker.Core/GameFiles/MetaTypes/MetaTypes.cs(1874,24): warning CS8603: Possible null reference return. [/home/ubuntu/PROGRAMA-BETA/src/FiveMTool.csproj]
/home/ubuntu/PROGRAMA-BETA/src/External/CodeWalker.Core/GameFiles/MetaTypes/MetaTypes.cs(1883,22): warning CS8603: Possible null reference return. [/home/ubuntu/PROGRAMA-BETA/src/FiveMTool.csproj]
/home/ubuntu/PROGRAMA-BETA/src/External/CodeWalker.Core/GameFiles/MetaTypes/MetaTypes.cs(1886,22): warning CS8603: Possible null reference return. [/home/ubuntu/PROGRAMA-BETA/src/FiveMTool.csproj]
/home/ubuntu/PROGRAMA-BETA/src/External/CodeWalker.Core/GameFiles/MetaTypes/MetaTypes.cs(1891,22): warning CS8603: Possible null reference return. [/home/ubuntu/PROGRAMA-BETA/src/FiveMTool.csproj]
/home/ubuntu/PROGRAMA-BETA/src/External/CodeWalker.Core/GameFiles/GameFileCache.cs(1807,47): warning CS8600: Converting null literal or possible null value to non-nullable type. [/home/ubuntu/PROGRAMA-BETA/src/FiveMTool.csproj]
/home/ubuntu/PROGRAMA-BETA/src/External/CodeWalker.Core/GameFiles/GameFileCache.cs(1810,61): warning CS8601: Possible null reference assignment. [/home/ubuntu/PROGRAMA-BETA/src/FiveMTool.csproj]
/home/ubuntu/PROGRAMA-BETA/src/External/CodeWalker.Core/GameFiles/MetaTypes/MetaTypes.cs(1904,41): warning CS8603: Possible null reference return. [/home/ubuntu/PROGRAMA-BETA/src/FiveMTool.csproj]
/home/ubuntu/PROGRAMA-BETA/src/External/CodeWalker.Core/GameFiles/MetaTypes/MetaTypes.cs(1912,39): warning CS8600: Converting null literal or possible null value to non-nullable type. [/home/ubuntu/PROGRAMA-BETA/src/FiveMTool.csproj]
/home/ubuntu/PROGRAMA-BETA/src/External/CodeWalker.Core/GameFiles/MetaTypes/MetaTypes.cs(1978,37): warning CS8601: Possible null reference assignment. [/home/ubuntu/PROGRAMA-BETA/src/FiveMTool.csproj]
/home/ubuntu/PROGRAMA-BETA/src/External/CodeWalker.Core/GameFiles/GameFileCache.cs(2028,35): warning CS8602: Dereference of a possibly null reference. [/home/ubuntu/PROGRAMA-BETA/src/FiveMTool.csproj]
/home/ubuntu/PROGRAMA-BETA/src/External/CodeWalker.Core/GameFiles/GameFileCache.cs(2034,31): warning CS8600: Converting null literal or possible null value to non-nullable type. [/home/ubuntu/PROGRAMA-BETA/src/FiveMTool.csproj]
/home/ubuntu/PROGRAMA-BETA/src/External/CodeWalker.Core/GameFiles/GameFileCache.cs(2037,47): warning CS8602: Dereference of a possibly null reference. [/home/ubuntu/PROGRAMA-BETA/src/FiveMTool.csproj]
/home/ubuntu/PROGRAMA-BETA/src/External/CodeWalker.Core/GameFiles/GameFileCache.cs(2037,59): warning CS8600: Converting null literal or possible null value to non-nullable type. [/home/ubuntu/PROGRAMA-BETA/src/FiveMTool.csproj]
/home/ubuntu/PROGRAMA-BETA/src/External/CodeWalker.Core/GameFiles/Resources/Particle.cs(2094,138): warning CS8625: Cannot convert null literal to non-nullable reference type. [/home/ubuntu/PROGRAMA-BETA/src/FiveMTool.csproj]
/home/ubuntu/PROGRAMA-BETA/src/External/CodeWalker.Core/GameFiles/Resources/Particle.cs(2095,142): warning CS8625: Cannot convert null literal to non-nullable reference type. [/home/ubuntu/PROGRAMA-BETA/src/FiveMTool.csproj]
/home/ubuntu/PROGRAMA-BETA/src/External/CodeWalker.Core/GameFiles/GameFileCache.cs(2064,43): warning CS8603: Possible null reference return. [/home/ubuntu/PROGRAMA-BETA/src/FiveMTool.csproj]
/home/ubuntu/PROGRAMA-BETA/src/External/CodeWalker.Core/GameFiles/GameFileCache.cs(2065,30): warning CS8600: Converting null literal or possible null value to non-nullable type. [/home/ubuntu/PROGRAMA-BETA/src/FiveMTool.csproj]
/home/ubuntu/PROGRAMA-BETA/src/External/CodeWalker.Core/GameFiles/GameFileCache.cs(2066,53): warning CS8600: Converting null literal or possible null value to non-nullable type. [/home/ubuntu/PROGRAMA-BETA/src/FiveMTool.csproj]
/home/ubuntu/PROGRAMA-BETA/src/External/CodeWalker.Core/GameFiles/GameFileCache.cs(2068,49): warning CS8600: Converting null literal or possible null value to non-nullable type. [/home/ubuntu/PROGRAMA-BETA/src/FiveMTool.csproj]
/home/ubuntu/PROGRAMA-BETA/src/External/CodeWalker.Core/GameFiles/GameFileCache.cs(2069,20): warning CS8603: Possible null reference return. [/home/ubuntu/PROGRAMA-BETA/src/FiveMTool.csproj]
/home/ubuntu/PROGRAMA-BETA/src/External/CodeWalker.Core/GameFiles/GameFileCache.cs(2073,35): warning CS8603: Possible null reference return. [/home/ubuntu/PROGRAMA-BETA/src/FiveMTool.csproj]
/home/ubuntu/PROGRAMA-BETA/src/External/CodeWalker.Core/GameFiles/GameFileCache.cs(2074,37): warning CS8600: Converting null literal or possible null value to non-nullable type. [/home/ubuntu/PROGRAMA-BETA/src/FiveMTool.csproj]
/home/ubuntu/PROGRAMA-BETA/src/External/CodeWalker.Core/GameFiles/GameFileCache.cs(2075,53): warning CS8600: Converting null literal or possible null value to non-nullable type. [/home/ubuntu/PROGRAMA-BETA/src/FiveMTool.csproj]
/home/ubuntu/PROGRAMA-BETA/src/External/CodeWalker.Core/GameFiles/GameFileCache.cs(2076,20): warning CS8603: Possible null reference return. [/home/ubuntu/PROGRAMA-BETA/src/FiveMTool.csproj]
/home/ubuntu/PROGRAMA-BETA/src/External/CodeWalker.Core/GameFiles/Resources/Particle.cs(2126,20): warning CS8603: Possible null reference return. [/home/ubuntu/PROGRAMA-BETA/src/FiveMTool.csproj]
/home/ubuntu/PROGRAMA-BETA/src/External/CodeWalker.Core/GameFiles/Resources/Particle.cs(1993,38): warning CS8618: Non-nullable property 'EvolutionList' must contain a non-null value when exiting constructor. Consider declaring the property as nullable. [/home/ubuntu/PROGRAMA-BETA/src/FiveMTool.csproj]
/home/ubuntu/PROGRAMA-BETA/src/External/CodeWalker.Core/GameFiles/Resources/Particle.cs(1994,25): warning CS8618: Non-nullable property 'EmitterRuleName' must contain a non-null value when exiting constructor. Consider declaring the property as nullable. [/home/ubuntu/PROGRAMA-BETA/src/FiveMTool.csproj]
/home/ubuntu/PROGRAMA-BETA/src/External/CodeWalker.Core/GameFiles/Resources/Particle.cs(1995,25): warning CS8618: Non-nullable property 'ParticleRuleName' must contain a non-null value when exiting constructor. Consider declaring the property as nullable. [/home/ubuntu/PROGRAMA-BETA/src/FiveMTool.csproj]
/home/ubuntu/PROGRAMA-BETA/src/External/CodeWalker.Core/GameFiles/Resources/Particle.cs(1996,36): warning CS8618: Non-nullable property 'EmitterRule' must contain a non-null value when exiting constructor. Consider declaring the property as nullable. [/home/ubuntu/PROGRAMA-BETA/src/FiveMTool.csproj]
/home/ubuntu/PROGRAMA-BETA/src/External/CodeWalker.Core/GameFiles/Resources/Particle.cs(1997,29): warning CS8618: Non-nullable property 'ParticleRule' must contain a non-null value when exiting constructor. Consider declaring the property as nullable. [/home/ubuntu/PROGRAMA-BETA/src/FiveMTool.csproj]
/home/ubuntu/PROGRAMA-BETA/src/External/CodeWalker.Core/GameFiles/GameFileCache.cs(2081,35): warning CS8603: Possible null reference return. [/home/ubuntu/PROGRAMA-BETA/src/FiveMTool.csproj]
/home/ubuntu/PROGRAMA-BETA/src/External/CodeWalker.Core/GameFiles/GameFileCache.cs(2085,55): warning CS8600: Converting null literal or possible null value to non-nullable type. [/home/ubuntu/PROGRAMA-BETA/src/FiveMTool.csproj]
/home/ubuntu/PROGRAMA-BETA/src/External/CodeWalker.Core/GameFiles/GameFileCache.cs(2087,28): warning CS8603: Possible null reference return. [/home/ubuntu/PROGRAMA-BETA/src/FiveMTool.csproj]
/home/ubuntu/PROGRAMA-BETA/src/External/CodeWalker.Core/GameFiles/GameFileCache.cs(2089,31): warning CS8600: Converting null literal or possible null value to non-nullable type. [/home/ubuntu/PROGRAMA-BETA/src/FiveMTool.csproj]
/home/ubuntu/PROGRAMA-BETA/src/External/CodeWalker.Core/GameFiles/GameFileCache.cs(2115,24): warning CS8603: Possible null reference return. [/home/ubuntu/PROGRAMA-BETA/src/FiveMTool.csproj]
/home/ubuntu/PROGRAMA-BETA/src/External/CodeWalker.Core/GameFiles/GameFileCache.cs(2120,35): warning CS8603: Possible null reference return. [/home/ubuntu/PROGRAMA-BETA/src/FiveMTool.csproj]
/home/ubuntu/PROGRAMA-BETA/src/External/CodeWalker.Core/GameFiles/GameFileCache.cs(2124,55): warning CS8600: Converting null literal or possible null value to non-nullable type. [/home/ubuntu/PROGRAMA-BETA/src/FiveMTool.csproj]
/home/ubuntu/PROGRAMA-BETA/src/External/CodeWalker.Core/GameFiles/GameFileCache.cs(2126,28): warning CS8603: Possible null reference return. [/home/ubuntu/PROGRAMA-BETA/src/FiveMTool.csproj]
/home/ubuntu/PROGRAMA-BETA/src/External/CodeWalker.Core/GameFiles/GameFileCache.cs(2128,31): warning CS8600: Converting null literal or possible null value to non-nullable type. [/home/ubuntu/PROGRAMA-BETA/src/FiveMTool.csproj]
/home/ubuntu/PROGRAMA-BETA/src/External/CodeWalker.Core/GameFiles/GameFileCache.cs(2154,24): warning CS8603: Possible null reference return. [/home/ubuntu/PROGRAMA-BETA/src/FiveMTool.csproj]
/home/ubuntu/PROGRAMA-BETA/src/External/CodeWalker.Core/GameFiles/GameFileCache.cs(2159,35): warning CS8603: Possible null reference return. [/home/ubuntu/PROGRAMA-BETA/src/FiveMTool.csproj]
/home/ubuntu/PROGRAMA-BETA/src/External/CodeWalker.Core/GameFiles/GameFileCache.cs(2163,55): warning CS8600: Converting null literal or possible null value to non-nullable type. [/home/ubuntu/PROGRAMA-BETA/src/FiveMTool.csproj]
/home/ubuntu/PROGRAMA-BETA/src/External/CodeWalker.Core/GameFiles/GameFileCache.cs(2165,28): warning CS8603: Possible null reference return. [/home/ubuntu/PROGRAMA-BETA/src/FiveMTool.csproj]
/home/ubuntu/PROGRAMA-BETA/src/External/CodeWalker.Core/GameFiles/GameFileCache.cs(2167,31): warning CS8600: Converting null literal or possible null value to non-nullable type. [/home/ubuntu/PROGRAMA-BETA/src/FiveMTool.csproj]
/home/ubuntu/PROGRAMA-BETA/src/External/CodeWalker.Core/GameFiles/GameFileCache.cs(2193,24): warning CS8603: Possible null reference return. [/home/ubuntu/PROGRAMA-BETA/src/FiveMTool.csproj]
/home/ubuntu/PROGRAMA-BETA/src/External/CodeWalker.Core/GameFiles/Resources/Particle.cs(1855,98): warning CS8625: Cannot convert null literal to non-nullable reference type. [/home/ubuntu/PROGRAMA-BETA/src/FiveMTool.csproj]
/home/ubuntu/PROGRAMA-BETA/src/External/CodeWalker.Core/GameFiles/Resources/Particle.cs(1898,64): warning CS8625: Cannot convert null literal to non-nullable reference type. [/home/ubuntu/PROGRAMA-BETA/src/FiveMTool.csproj]
/home/ubuntu/PROGRAMA-BETA/src/External/CodeWalker.Core/GameFiles/Resources/Particle.cs(1903,21): warning CS8602: Dereference of a possibly null reference. [/home/ubuntu/PROGRAMA-BETA/src/FiveMTool.csproj]
/home/ubuntu/PROGRAMA-BETA/src/External/CodeWalker.Core/GameFiles/Resources/Particle.cs(1916,64): warning CS8625: Cannot convert null literal to non-nullable reference type. [/home/ubuntu/PROGRAMA-BETA/src/FiveMTool.csproj]
/home/ubuntu/PROGRAMA-BETA/src/External/CodeWalker.Core/GameFiles/GameFileCache.cs(2198,35): warning CS8603: Possible null reference return. [/home/ubuntu/PROGRAMA-BETA/src/FiveMTool.csproj]
/home/ubuntu/PROGRAMA-BETA/src/External/CodeWalker.Core/GameFiles/GameFileCache.cs(2202,33): warning CS8600: Converting null literal or possible null value to non-nullable type. [/home/ubuntu/PROGRAMA-BETA/src/FiveMTool.csproj]
/home/ubuntu/PROGRAMA-BETA/src/External/CodeWalker.Core/GameFiles/GameFileCache.cs(2228,24): warning CS8603: Possible null reference return. [/home/ubuntu/PROGRAMA-BETA/src/FiveMTool.csproj]
/home/ubuntu/PROGRAMA-BETA/src/External/CodeWalker.Core/GameFiles/Resources/Particle.cs(1505,98): warning CS8625: Cannot convert null literal to non-nullable reference type. [/home/ubuntu/PROGRAMA-BETA/src/FiveMTool.csproj]
/home/ubuntu/PROGRAMA-BETA/src/External/CodeWalker.Core/GameFiles/GameFileCache.cs(2233,35): warning CS8603: Possible null reference return. [/home/ubuntu/PROGRAMA-BETA/src/FiveMTool.csproj]
/home/ubuntu/PROGRAMA-BETA/src/External/CodeWalker.Core/GameFiles/GameFileCache.cs(2237,31): warning CS8600: Converting null literal or possible null value to non-nullable type. [/home/ubuntu/PROGRAMA-BETA/src/FiveMTool.csproj]
/home/ubuntu/PROGRAMA-BETA/src/External/CodeWalker.Core/GameFiles/GameFileCache.cs(2238,55): warning CS8600: Converting null literal or possible null value to non-nullable type. [/home/ubuntu/PROGRAMA-BETA/src/FiveMTool.csproj]
/home/ubuntu/PROGRAMA-BETA/src/External/CodeWalker.Core/GameFiles/GameFileCache.cs(2240,28): warning CS8603: Possible null reference return. [/home/ubuntu/PROGRAMA-BETA/src/FiveMTool.csproj]
/home/ubuntu/PROGRAMA-BETA/src/External/CodeWalker.Core/GameFiles/GameFileCache.cs(2267,24): warning CS8603: Possible null reference return. [/home/ubuntu/PROGRAMA-BETA/src/FiveMTool.csproj]
/home/ubuntu/PROGRAMA-BETA/src/External/CodeWalker.Core/GameFiles/Resources/Particle.cs(1959,20): warning CS8603: Possible null reference return. [/home/ubuntu/PROGRAMA-BETA/src/FiveMTool.csproj]
/home/ubuntu/PROGRAMA-BETA/src/External/CodeWalker.Core/GameFiles/Resources/Particle.cs(1600,37): warning CS8618: Non-nullable property 'ColourTintMinKFP' must contain a non-null value when exiting constructor. Consider declaring the property as nullable. [/home/ubuntu/PROGRAMA-BETA/src/FiveMTool.csproj]
/home/ubuntu/PROGRAMA-BETA/src/External/CodeWalker.Core/GameFiles/Resources/Particle.cs(1601,37): warning CS8618: Non-nullable property 'ColourTintMaxKFP' must contain a non-null value when exiting constructor. Consider declaring the property as nullable. [/home/ubuntu/PROGRAMA-BETA/src/FiveMTool.csproj]
/home/ubuntu/PROGRAMA-BETA/src/External/CodeWalker.Core/GameFiles/Resources/Particle.cs(1602,37): warning CS8618: Non-nullable property 'ZoomScalarKFP' must contain a non-null value when exiting constructor. Consider declaring the property as nullable. [/home/ubuntu/PROGRAMA-BETA/src/FiveMTool.csproj]
/home/ubuntu/PROGRAMA-BETA/src/External/CodeWalker.Core/GameFiles/Resources/Particle.cs(1603,37): warning CS8618: Non-nullable property 'DataSphereKFP' must contain a non-null value when exiting constructor. Consider declaring the property as nullable. [/home/ubuntu/PROGRAMA-BETA/src/FiveMTool.csproj]
/home/ubuntu/PROGRAMA-BETA/src/External/CodeWalker.Core/GameFiles/Resources/Particle.cs(1604,37): warning CS8618: Non-nullable property 'DataCapsuleKFP' must contain a non-null value when exiting constructor. Consider declaring the property as nullable. [/home/ubuntu/PROGRAMA-BETA/src/FiveMTool.csproj]
/home/ubuntu/PROGRAMA-BETA/src/External/CodeWalker.Core/GameFiles/Resources/Particle.cs(1620,25): warning CS8618: Non-nullable property 'Name' must contain a non-null value when exiting constructor. Consider declaring the property as nullable. [/home/ubuntu/PROGRAMA-BETA/src/FiveMTool.csproj]
/home/ubuntu/PROGRAMA-BETA/src/External/CodeWalker.Core/GameFiles/Resources/Particle.cs(1622,61): warning CS8618: Non-nullable property 'EventEmitters' must contain a non-null value when exiting constructor. Consider declaring the property as nullable. [/home/ubuntu/PROGRAMA-BETA/src/FiveMTool.csproj]
/home/ubuntu/PROGRAMA-BETA/src/External/CodeWalker.Core/GameFiles/Resources/Particle.cs(1623,38): warning CS8618: Non-nullable property 'EvolutionList' must contain a non-null value when exiting constructor. Consider declaring the property as nullable. [/home/ubuntu/PROGRAMA-BETA/src/FiveMTool.csproj]
/home/ubuntu/PROGRAMA-BETA/src/External/CodeWalker.Core/GameFiles/Resources/Particle.cs(1624,61): warning CS8618: Non-nullable property 'KeyframeProps' must contain a non-null value when exiting constructor. Consider declaring the property as nullable. [/home/ubuntu/PROGRAMA-BETA/src/FiveMTool.csproj]
/home/ubuntu/PROGRAMA-BETA/src/External/CodeWalker.Core/GameFiles/GameFileCache.cs(2272,35): warning CS8603: Possible null reference return. [/home/ubuntu/PROGRAMA-BETA/src/FiveMTool.csproj]
/home/ubuntu/PROGRAMA-BETA/src/External/CodeWalker.Core/GameFiles/GameFileCache.cs(2276,31): warning CS8600: Converting null literal or possible null value to non-nullable type. [/home/ubuntu/PROGRAMA-BETA/src/FiveMTool.csproj]
/home/ubuntu/PROGRAMA-BETA/src/External/CodeWalker.Core/GameFiles/GameFileCache.cs(2302,24): warning CS8603: Possible null reference return. [/home/ubuntu/PROGRAMA-BETA/src/FiveMTool.csproj]
/home/ubuntu/PROGRAMA-BETA/src/External/CodeWalker.Core/GameFiles/Resources/Particle.cs(1525,20): warning CS8603: Possible null reference return. [/home/ubuntu/PROGRAMA-BETA/src/FiveMTool.csproj]
/home/ubuntu/PROGRAMA-BETA/src/External/CodeWalker.Core/GameFiles/Resources/Particle.cs(1450,25): warning CS8618: Non-nullable property 'Name' must contain a non-null value when exiting constructor. Consider declaring the property as nullable. [/home/ubuntu/PROGRAMA-BETA/src/FiveMTool.csproj]
/home/ubuntu/PROGRAMA-BETA/src/External/CodeWalker.Core/GameFiles/Resources/Particle.cs(1451,29): warning CS8618: Non-nullable property 'Drawable' must contain a non-null value when exiting constructor. Consider declaring the property as nullable. [/home/ubuntu/PROGRAMA-BETA/src/FiveMTool.csproj]
/home/ubuntu/PROGRAMA-BETA/src/External/CodeWalker.Core/GameFiles/GameFileCache.cs(2307,35): warning CS8603: Possible null reference return. [/home/ubuntu/PROGRAMA-BETA/src/FiveMTool.csproj]
/home/ubuntu/PROGRAMA-BETA/src/External/CodeWalker.Core/GameFiles/GameFileCache.cs(2311,31): warning CS8600: Converting null literal or possible null value to non-nullable type. [/home/ubuntu/PROGRAMA-BETA/src/FiveMTool.csproj]
/home/ubuntu/PROGRAMA-BETA/src/External/CodeWalker.Core/GameFiles/GameFileCache.cs(2337,24): warning CS8603: Possible null reference return. [/home/ubuntu/PROGRAMA-BETA/src/FiveMTool.csproj]
/home/ubuntu/PROGRAMA-BETA/src/External/CodeWalker.Core/GameFiles/GameFileCache.cs(2342,35): warning CS8603: Possible null reference return. [/home/ubuntu/PROGRAMA-BETA/src/FiveMTool.csproj]
/home/ubuntu/PROGRAMA-BETA/src/External/CodeWalker.Core/GameFiles/GameFileCache.cs(2346,31): warning CS8600: Converting null literal or possible null value to non-nullable type. [/home/ubuntu/PROGRAMA-BETA/src/FiveMTool.csproj]
/home/ubuntu/PROGRAMA-BETA/src/External/CodeWalker.Core/GameFiles/GameFileCache.cs(2372,24): warning CS8603: Possible null reference return. [/home/ubuntu/PROGRAMA-BETA/src/FiveMTool.csproj]
/home/ubuntu/PROGRAMA-BETA/src/External/CodeWalker.Core/GameFiles/Resources/Particle.cs(1244,43): warning CS8604: Possible null reference argument for parameter 'arr' in 'void MetaXmlBase.WriteHashItemArray(StringBuilder sb, MetaHash[] arr, int ind, string name)'. [/home/ubuntu/PROGRAMA-BETA/src/FiveMTool.csproj]
/home/ubuntu/PROGRAMA-BETA/src/External/CodeWalker.Core/GameFiles/GameFileCache.cs(2377,35): warning CS8603: Possible null reference return. [/home/ubuntu/PROGRAMA-BETA/src/FiveMTool.csproj]
/home/ubuntu/PROGRAMA-BETA/src/External/CodeWalker.Core/GameFiles/GameFileCache.cs(2381,31): warning CS8600: Converting null literal or possible null value to non-nullable type. [/home/ubuntu/PROGRAMA-BETA/src/FiveMTool.csproj]
/home/ubuntu/PROGRAMA-BETA/src/External/CodeWalker.Core/GameFiles/GameFileCache.cs(2407,24): warning CS8603: Possible null reference return. [/home/ubuntu/PROGRAMA-BETA/src/FiveMTool.csproj]
/home/ubuntu/PROGRAMA-BETA/src/External/CodeWalker.Core/GameFiles/GameFileCache.cs(2415,43): warning CS8600: Converting null literal or possible null value to non-nullable type. [/home/ubuntu/PROGRAMA-BETA/src/FiveMTool.csproj]
/home/ubuntu/PROGRAMA-BETA/src/External/CodeWalker.Core/GameFiles/GameFileCache.cs(2416,20): warning CS8603: Possible null reference return. [/home/ubuntu/PROGRAMA-BETA/src/FiveMTool.csproj]
/home/ubuntu/PROGRAMA-BETA/src/External/CodeWalker.Core/GameFiles/GameFileCache.cs(2421,43): warning CS8600: Converting null literal or possible null value to non-nullable type. [/home/ubuntu/PROGRAMA-BETA/src/FiveMTool.csproj]
/home/ubuntu/PROGRAMA-BETA/src/External/CodeWalker.Core/GameFiles/GameFileCache.cs(2422,20): warning CS8603: Possible null reference return. [/home/ubuntu/PROGRAMA-BETA/src/FiveMTool.csproj]
/home/ubuntu/PROGRAMA-BETA/src/External/CodeWalker.Core/GameFiles/GameFileCache.cs(2427,43): warning CS8600: Converting null literal or possible null value to non-nullable type. [/home/ubuntu/PROGRAMA-BETA/src/FiveMTool.csproj]
/home/ubuntu/PROGRAMA-BETA/src/External/CodeWalker.Core/GameFiles/GameFileCache.cs(2428,20): warning CS8603: Possible null reference return. [/home/ubuntu/PROGRAMA-BETA/src/FiveMTool.csproj]
/home/ubuntu/PROGRAMA-BETA/src/External/CodeWalker.Core/GameFiles/Resources/Particle.cs(1264,20): warning CS8603: Possible null reference return. [/home/ubuntu/PROGRAMA-BETA/src/FiveMTool.csproj]
/home/ubuntu/PROGRAMA-BETA/src/External/CodeWalker.Core/GameFiles/Resources/Particle.cs(1206,49): warning CS8618: Non-nullable property 'KeyframePropIDs' must contain a non-null value when exiting constructor. Consider declaring the property as nullable. [/home/ubuntu/PROGRAMA-BETA/src/FiveMTool.csproj]
/home/ubuntu/PROGRAMA-BETA/src/External/CodeWalker.Core/GameFiles/GameFileCache.cs(2433,49): warning CS8600: Converting null literal or possible null value to non-nullable type. [/home/ubuntu/PROGRAMA-BETA/src/FiveMTool.csproj]
/home/ubuntu/PROGRAMA-BETA/src/External/CodeWalker.Core/GameFiles/GameFileCache.cs(2435,52): warning CS8600: Converting null literal or possible null value to non-nullable type. [/home/ubuntu/PROGRAMA-BETA/src/FiveMTool.csproj]
/home/ubuntu/PROGRAMA-BETA/src/External/CodeWalker.Core/GameFiles/GameFileCache.cs(2437,20): warning CS8603: Possible null reference return. [/home/ubuntu/PROGRAMA-BETA/src/FiveMTool.csproj]
/home/ubuntu/PROGRAMA-BETA/src/External/CodeWalker.Core/GameFiles/GameFileCache.cs(2442,43): warning CS8600: Converting null literal or possible null value to non-nullable type. [/home/ubuntu/PROGRAMA-BETA/src/FiveMTool.csproj]
/home/ubuntu/PROGRAMA-BETA/src/External/CodeWalker.Core/GameFiles/GameFileCache.cs(2443,20): warning CS8603: Possible null reference return. [/home/ubuntu/PROGRAMA-BETA/src/FiveMTool.csproj]
/home/ubuntu/PROGRAMA-BETA/src/External/CodeWalker.Core/GameFiles/GameFileCache.cs(2448,43): warning CS8600: Converting null literal or possible null value to non-nullable type. [/home/ubuntu/PROGRAMA-BETA/src/FiveMTool.csproj]
/home/ubuntu/PROGRAMA-BETA/src/External/CodeWalker.Core/GameFiles/GameFileCache.cs(2449,20): warning CS8603: Possible null reference return. [/home/ubuntu/PROGRAMA-BETA/src/FiveMTool.csproj]
/home/ubuntu/PROGRAMA-BETA/src/External/CodeWalker.Core/GameFiles/GameFileCache.cs(2454,43): warning CS8600: Converting null literal or possible null value to non-nullable type. [/home/ubuntu/PROGRAMA-BETA/src/FiveMTool.csproj]
/home/ubuntu/PROGRAMA-BETA/src/External/CodeWalker.Core/GameFiles/GameFileCache.cs(2455,20): warning CS8603: Possible null reference return. [/home/ubuntu/PROGRAMA-BETA/src/FiveMTool.csproj]
/home/ubuntu/PROGRAMA-BETA/src/External/CodeWalker.Core/GameFiles/GameFileCache.cs(2460,43): warning CS8600: Converting null literal or possible null value to non-nullable type. [/home/ubuntu/PROGRAMA-BETA/src/FiveMTool.csproj]
/home/ubuntu/PROGRAMA-BETA/src/External/CodeWalker.Core/GameFiles/GameFileCache.cs(2461,20): warning CS8603: Possible null reference return. [/home/ubuntu/PROGRAMA-BETA/src/FiveMTool.csproj]
/home/ubuntu/PROGRAMA-BETA/src/External/CodeWalker.Core/GameFiles/GameFileCache.cs(2466,43): warning CS8600: Converting null literal or possible null value to non-nullable type. [/home/ubuntu/PROGRAMA-BETA/src/FiveMTool.csproj]
/home/ubuntu/PROGRAMA-BETA/src/External/CodeWalker.Core/GameFiles/GameFileCache.cs(2467,20): warning CS8603: Possible null reference return. [/home/ubuntu/PROGRAMA-BETA/src/FiveMTool.csproj]
/home/ubuntu/PROGRAMA-BETA/src/External/CodeWalker.Core/GameFiles/Resources/Particle.cs(578,49): warning CS8618: Non-nullable property 'EmitterRuleNameHashes' must contain a non-null value when exiting constructor. Consider declaring the property as nullable. [/home/ubuntu/PROGRAMA-BETA/src/FiveMTool.csproj]
/home/ubuntu/PROGRAMA-BETA/src/External/CodeWalker.Core/GameFiles/Resources/Particle.cs(579,59): warning CS8618: Non-nullable property 'EmitterRules' must contain a non-null value when exiting constructor. Consider declaring the property as nullable. [/home/ubuntu/PROGRAMA-BETA/src/FiveMTool.csproj]
/home/ubuntu/PROGRAMA-BETA/src/External/CodeWalker.Core/GameFiles/GameFileCache.cs(2511,48): warning CS8600: Converting null literal or possible null value to non-nullable type. [/home/ubuntu/PROGRAMA-BETA/src/FiveMTool.csproj]
/home/ubuntu/PROGRAMA-BETA/src/External/CodeWalker.Core/GameFiles/GameFileCache.cs(2534,38): warning CS8631: The type 'CodeWalker.GameFiles.YdrFile?' cannot be used as type parameter 'T' in the generic type or method 'GameFileCache.LoadFile<T>(T)'. Nullability of type argument 'CodeWalker.GameFiles.YdrFile?' doesn't match constraint type 'CodeWalker.GameFiles.GameFile'. [/home/ubuntu/PROGRAMA-BETA/src/FiveMTool.csproj]
/home/ubuntu/PROGRAMA-BETA/src/External/CodeWalker.Core/GameFiles/GameFileCache.cs(2534,38): warning CS8631: The type 'CodeWalker.GameFiles.YdrFile?' cannot be used as type parameter 'T' in the generic type or method 'GameFileCache.LoadFile<T>(T)'. Nullability of type argument 'CodeWalker.GameFiles.YdrFile?' doesn't match constraint type 'CodeWalker.GameFiles.PackedFile'. [/home/ubuntu/PROGRAMA-BETA/src/FiveMTool.csproj]
/home/ubuntu/PROGRAMA-BETA/src/External/CodeWalker.Core/GameFiles/GameFileCache.cs(2537,38): warning CS8631: The type 'CodeWalker.GameFiles.YddFile?' cannot be used as type parameter 'T' in the generic type or method 'GameFileCache.LoadFile<T>(T)'. Nullability of type argument 'CodeWalker.GameFiles.YddFile?' doesn't match constraint type 'CodeWalker.GameFiles.GameFile'. [/home/ubuntu/PROGRAMA-BETA/src/FiveMTool.csproj]
/home/ubuntu/PROGRAMA-BETA/src/External/CodeWalker.Core/GameFiles/GameFileCache.cs(2537,38): warning CS8631: The type 'CodeWalker.GameFiles.YddFile?' cannot be used as type parameter 'T' in the generic type or method 'GameFileCache.LoadFile<T>(T)'. Nullability of type argument 'CodeWalker.GameFiles.YddFile?' doesn't match constraint type 'CodeWalker.GameFiles.PackedFile'. [/home/ubuntu/PROGRAMA-BETA/src/FiveMTool.csproj]
/home/ubuntu/PROGRAMA-BETA/src/External/CodeWalker.Core/GameFiles/GameFileCache.cs(2540,38): warning CS8631: The type 'CodeWalker.GameFiles.YtdFile?' cannot be used as type parameter 'T' in the generic type or method 'GameFileCache.LoadFile<T>(T)'. Nullability of type argument 'CodeWalker.GameFiles.YtdFile?' doesn't match constraint type 'CodeWalker.GameFiles.GameFile'. [/home/ubuntu/PROGRAMA-BETA/src/FiveMTool.csproj]
/home/ubuntu/PROGRAMA-BETA/src/External/CodeWalker.Core/GameFiles/GameFileCache.cs(2540,38): warning CS8631: The type 'CodeWalker.GameFiles.YtdFile?' cannot be used as type parameter 'T' in the generic type or method 'GameFileCache.LoadFile<T>(T)'. Nullability of type argument 'CodeWalker.GameFiles.YtdFile?' doesn't match constraint type 'CodeWalker.GameFiles.PackedFile'. [/home/ubuntu/PROGRAMA-BETA/src/FiveMTool.csproj]
/home/ubuntu/PROGRAMA-BETA/src/External/CodeWalker.Core/GameFiles/GameFileCache.cs(2544,38): warning CS8600: Converting null literal or possible null value to non-nullable type. [/home/ubuntu/PROGRAMA-BETA/src/FiveMTool.csproj]
/home/ubuntu/PROGRAMA-BETA/src/External/CodeWalker.Core/GameFiles/GameFileCache.cs(2545,38): warning CS8631: The type 'CodeWalker.GameFiles.YmapFile?' cannot be used as type parameter 'T' in the generic type or method 'GameFileCache.LoadFile<T>(T)'. Nullability of type argument 'CodeWalker.GameFiles.YmapFile?' doesn't match constraint type 'CodeWalker.GameFiles.GameFile'. [/home/ubuntu/PROGRAMA-BETA/src/FiveMTool.csproj]
/home/ubuntu/PROGRAMA-BETA/src/External/CodeWalker.Core/GameFiles/GameFileCache.cs(2545,38): warning CS8631: The type 'CodeWalker.GameFiles.YmapFile?' cannot be used as type parameter 'T' in the generic type or method 'GameFileCache.LoadFile<T>(T)'. Nullability of type argument 'CodeWalker.GameFiles.YmapFile?' doesn't match constraint type 'CodeWalker.GameFiles.PackedFile'. [/home/ubuntu/PROGRAMA-BETA/src/FiveMTool.csproj]
/home/ubuntu/PROGRAMA-BETA/src/External/CodeWalker.Core/GameFiles/GameFileCache.cs(2546,41): warning CS8602: Dereference of a possibly null reference. [/home/ubuntu/PROGRAMA-BETA/src/FiveMTool.csproj]
/home/ubuntu/PROGRAMA-BETA/src/External/CodeWalker.Core/GameFiles/GameFileCache.cs(2549,38): warning CS8631: The type 'CodeWalker.GameFiles.YftFile?' cannot be used as type parameter 'T' in the generic type or method 'GameFileCache.LoadFile<T>(T)'. Nullability of type argument 'CodeWalker.GameFiles.YftFile?' doesn't match constraint type 'CodeWalker.GameFiles.GameFile'. [/home/ubuntu/PROGRAMA-BETA/src/FiveMTool.csproj]
/home/ubuntu/PROGRAMA-BETA/src/External/CodeWalker.Core/GameFiles/GameFileCache.cs(2549,38): warning CS8631: The type 'CodeWalker.GameFiles.YftFile?' cannot be used as type parameter 'T' in the generic type or method 'GameFileCache.LoadFile<T>(T)'. Nullability of type argument 'CodeWalker.GameFiles.YftFile?' doesn't match constraint type 'CodeWalker.GameFiles.PackedFile'. [/home/ubuntu/PROGRAMA-BETA/src/FiveMTool.csproj]
/home/ubuntu/PROGRAMA-BETA/src/External/CodeWalker.Core/GameFiles/GameFileCache.cs(2552,38): warning CS8631: The type 'CodeWalker.GameFiles.YbnFile?' cannot be used as type parameter 'T' in the generic type or method 'GameFileCache.LoadFile<T>(T)'. Nullability of type argument 'CodeWalker.GameFiles.YbnFile?' doesn't match constraint type 'CodeWalker.GameFiles.GameFile'. [/home/ubuntu/PROGRAMA-BETA/src/FiveMTool.csproj]
/home/ubuntu/PROGRAMA-BETA/src/External/CodeWalker.Core/GameFiles/GameFileCache.cs(2552,38): warning CS8631: The type 'CodeWalker.GameFiles.YbnFile?' cannot be used as type parameter 'T' in the generic type or method 'GameFileCache.LoadFile<T>(T)'. Nullability of type argument 'CodeWalker.GameFiles.YbnFile?' doesn't match constraint type 'CodeWalker.GameFiles.PackedFile'. [/home/ubuntu/PROGRAMA-BETA/src/FiveMTool.csproj]
/home/ubuntu/PROGRAMA-BETA/src/External/CodeWalker.Core/GameFiles/GameFileCache.cs(2555,38): warning CS8631: The type 'CodeWalker.GameFiles.YcdFile?' cannot be used as type parameter 'T' in the generic type or method 'GameFileCache.LoadFile<T>(T)'. Nullability of type argument 'CodeWalker.GameFiles.YcdFile?' doesn't match constraint type 'CodeWalker.GameFiles.GameFile'. [/home/ubuntu/PROGRAMA-BETA/src/FiveMTool.csproj]
/home/ubuntu/PROGRAMA-BETA/src/External/CodeWalker.Core/GameFiles/GameFileCache.cs(2555,38): warning CS8631: The type 'CodeWalker.GameFiles.YcdFile?' cannot be used as type parameter 'T' in the generic type or method 'GameFileCache.LoadFile<T>(T)'. Nullability of type argument 'CodeWalker.GameFiles.YcdFile?' doesn't match constraint type 'CodeWalker.GameFiles.PackedFile'. [/home/ubuntu/PROGRAMA-BETA/src/FiveMTool.csproj]
/home/ubuntu/PROGRAMA-BETA/src/External/CodeWalker.Core/GameFiles/GameFileCache.cs(2558,38): warning CS8631: The type 'CodeWalker.GameFiles.YedFile?' cannot be used as type parameter 'T' in the generic type or method 'GameFileCache.LoadFile<T>(T)'. Nullability of type argument 'CodeWalker.GameFiles.YedFile?' doesn't match constraint type 'CodeWalker.GameFiles.GameFile'. [/home/ubuntu/PROGRAMA-BETA/src/FiveMTool.csproj]
/home/ubuntu/PROGRAMA-BETA/src/External/CodeWalker.Core/GameFiles/GameFileCache.cs(2558,38): warning CS8631: The type 'CodeWalker.GameFiles.YedFile?' cannot be used as type parameter 'T' in the generic type or method 'GameFileCache.LoadFile<T>(T)'. Nullability of type argument 'CodeWalker.GameFiles.YedFile?' doesn't match constraint type 'CodeWalker.GameFiles.PackedFile'. [/home/ubuntu/PROGRAMA-BETA/src/FiveMTool.csproj]
/home/ubuntu/PROGRAMA-BETA/src/External/CodeWalker.Core/GameFiles/GameFileCache.cs(2561,38): warning CS8631: The type 'CodeWalker.GameFiles.YnvFile?' cannot be used as type parameter 'T' in the generic type or method 'GameFileCache.LoadFile<T>(T)'. Nullability of type argument 'CodeWalker.GameFiles.YnvFile?' doesn't match constraint type 'CodeWalker.GameFiles.GameFile'. [/home/ubuntu/PROGRAMA-BETA/src/FiveMTool.csproj]
/home/ubuntu/PROGRAMA-BETA/src/External/CodeWalker.Core/GameFiles/GameFileCache.cs(2561,38): warning CS8631: The type 'CodeWalker.GameFiles.YnvFile?' cannot be used as type parameter 'T' in the generic type or method 'GameFileCache.LoadFile<T>(T)'. Nullability of type argument 'CodeWalker.GameFiles.YnvFile?' doesn't match constraint type 'CodeWalker.GameFiles.PackedFile'. [/home/ubuntu/PROGRAMA-BETA/src/FiveMTool.csproj]
/home/ubuntu/PROGRAMA-BETA/src/External/CodeWalker.Core/GameFiles/GameFileCache.cs(2564,38): warning CS8631: The type 'CodeWalker.GameFiles.YldFile?' cannot be used as type parameter 'T' in the generic type or method 'GameFileCache.LoadFile<T>(T)'. Nullability of type argument 'CodeWalker.GameFiles.YldFile?' doesn't match constraint type 'CodeWalker.GameFiles.GameFile'. [/home/ubuntu/PROGRAMA-BETA/src/FiveMTool.csproj]
/home/ubuntu/PROGRAMA-BETA/src/External/CodeWalker.Core/GameFiles/GameFileCache.cs(2564,38): warning CS8631: The type 'CodeWalker.GameFiles.YldFile?' cannot be used as type parameter 'T' in the generic type or method 'GameFileCache.LoadFile<T>(T)'. Nullability of type argument 'CodeWalker.GameFiles.YldFile?' doesn't match constraint type 'CodeWalker.GameFiles.PackedFile'. [/home/ubuntu/PROGRAMA-BETA/src/FiveMTool.csproj]
/home/ubuntu/PROGRAMA-BETA/src/External/CodeWalker.Core/GameFiles/GameFileCache.cs(2621,57): warning CS8600: Converting null literal or possible null value to non-nullable type. [/home/ubuntu/PROGRAMA-BETA/src/FiveMTool.csproj]
/home/ubuntu/PROGRAMA-BETA/src/External/CodeWalker.Core/GameFiles/GameFileCache.cs(2627,20): warning CS8603: Possible null reference return. [/home/ubuntu/PROGRAMA-BETA/src/FiveMTool.csproj]
/home/ubuntu/PROGRAMA-BETA/src/External/CodeWalker.Core/GameFiles/GameFileCache.cs(2636,20): warning CS8603: Possible null reference return. [/home/ubuntu/PROGRAMA-BETA/src/FiveMTool.csproj]
/home/ubuntu/PROGRAMA-BETA/src/External/CodeWalker.Core/GameFiles/GameFileCache.cs(2656,27): warning CS8600: Converting null literal or possible null value to non-nullable type. [/home/ubuntu/PROGRAMA-BETA/src/FiveMTool.csproj]
/home/ubuntu/PROGRAMA-BETA/src/External/CodeWalker.Core/GameFiles/GameFileCache.cs(2671,20): warning CS8603: Possible null reference return. [/home/ubuntu/PROGRAMA-BETA/src/FiveMTool.csproj]
/home/ubuntu/PROGRAMA-BETA/src/External/CodeWalker.Core/GameFiles/GameFileCache.cs(2683,39): warning CS8603: Possible null reference return. [/home/ubuntu/PROGRAMA-BETA/src/FiveMTool.csproj]
/home/ubuntu/PROGRAMA-BETA/src/External/CodeWalker.Core/GameFiles/GameFileCache.cs(2685,37): warning CS8600: Converting null literal or possible null value to non-nullable type. [/home/ubuntu/PROGRAMA-BETA/src/FiveMTool.csproj]
/home/ubuntu/PROGRAMA-BETA/src/External/CodeWalker.Core/GameFiles/GameFileCache.cs(2695,60): warning CS8600: Converting null literal or possible null value to non-nullable type. [/home/ubuntu/PROGRAMA-BETA/src/FiveMTool.csproj]
/home/ubuntu/PROGRAMA-BETA/src/External/CodeWalker.Core/GameFiles/GameFileCache.cs(2696,36): warning CS8600: Converting null literal or possible null value to non-nullable type. [/home/ubuntu/PROGRAMA-BETA/src/FiveMTool.csproj]
/home/ubuntu/PROGRAMA-BETA/src/External/CodeWalker.Core/GameFiles/GameFileCache.cs(2699,36): warning CS8603: Possible null reference return. [/home/ubuntu/PROGRAMA-BETA/src/FiveMTool.csproj]
/home/ubuntu/PROGRAMA-BETA/src/External/CodeWalker.Core/GameFiles/GameFileCache.cs(2704,32): warning CS8603: Possible null reference return. [/home/ubuntu/PROGRAMA-BETA/src/FiveMTool.csproj]
/home/ubuntu/PROGRAMA-BETA/src/External/CodeWalker.Core/GameFiles/GameFileCache.cs(2739,20): warning CS8603: Possible null reference return. [/home/ubuntu/PROGRAMA-BETA/src/FiveMTool.csproj]
/home/ubuntu/PROGRAMA-BETA/src/External/CodeWalker.Core/GameFiles/Resources/Particle.cs(480,49): warning CS8618: Non-nullable property 'EffectRuleNameHashes' must contain a non-null value when exiting constructor. Consider declaring the property as nullable. [/home/ubuntu/PROGRAMA-BETA/src/FiveMTool.csproj]
/home/ubuntu/PROGRAMA-BETA/src/External/CodeWalker.Core/GameFiles/Resources/Particle.cs(481,58): warning CS8618: Non-nullable property 'EffectRules' must contain a non-null value when exiting constructor. Consider declaring the property as nullable. [/home/ubuntu/PROGRAMA-BETA/src/FiveMTool.csproj]
/home/ubuntu/PROGRAMA-BETA/src/External/CodeWalker.Core/GameFiles/Resources/Particle.cs(380,49): warning CS8618: Non-nullable property 'ParticleRuleNameHashes' must contain a non-null value when exiting constructor. Consider declaring the property as nullable. [/home/ubuntu/PROGRAMA-BETA/src/FiveMTool.csproj]
/home/ubuntu/PROGRAMA-BETA/src/External/CodeWalker.Core/GameFiles/Resources/Particle.cs(381,52): warning CS8618: Non-nullable property 'ParticleRules' must contain a non-null value when exiting constructor. Consider declaring the property as nullable. [/home/ubuntu/PROGRAMA-BETA/src/FiveMTool.csproj]
/home/ubuntu/PROGRAMA-BETA/src/External/CodeWalker.Core/GameFiles/Resources/Particle.cs(1429,20): warning CS8603: Possible null reference return. [/home/ubuntu/PROGRAMA-BETA/src/FiveMTool.csproj]
/home/ubuntu/PROGRAMA-BETA/src/External/CodeWalker.Core/GameFiles/Resources/Particle.cs(1308,35): warning CS8618: Non-nullable property 'EffectRule' must contain a non-null value when exiting constructor. Consider declaring the property as nullable. [/home/ubuntu/PROGRAMA-BETA/src/FiveMTool.csproj]
/home/ubuntu/PROGRAMA-BETA/src/External/CodeWalker.Core/GameFiles/Resources/Particle.cs(1309,25): warning CS8618: Non-nullable property 'EffectRuleName' must contain a non-null value when exiting constructor. Consider declaring the property as nullable. [/home/ubuntu/PROGRAMA-BETA/src/FiveMTool.csproj]
/home/ubuntu/PROGRAMA-BETA/src/External/CodeWalker.Core/GameFiles/Resources/Particle.cs(1004,98): warning CS8625: Cannot convert null literal to non-nullable reference type. [/home/ubuntu/PROGRAMA-BETA/src/FiveMTool.csproj]
/home/ubuntu/PROGRAMA-BETA/src/External/CodeWalker.Core/GameFiles/Resources/Particle.cs(1007,122): warning CS8625: Cannot convert null literal to non-nullable reference type. [/home/ubuntu/PROGRAMA-BETA/src/FiveMTool.csproj]
/home/ubuntu/PROGRAMA-BETA/src/External/CodeWalker.Core/GameFiles/Resources/Particle.cs(1008,142): warning CS8625: Cannot convert null literal to non-nullable reference type. [/home/ubuntu/PROGRAMA-BETA/src/FiveMTool.csproj]
/home/ubuntu/PROGRAMA-BETA/src/External/CodeWalker.Core/GameFiles/Resources/Particle.cs(1030,42): warning CS8604: Possible null reference argument for parameter 'node' in 'void ParticleEffectSpawner.ReadXml(XmlNode node)'. [/home/ubuntu/PROGRAMA-BETA/src/FiveMTool.csproj]
/home/ubuntu/PROGRAMA-BETA/src/External/CodeWalker.Core/GameFiles/Resources/Particle.cs(1032,46): warning CS8604: Possible null reference argument for parameter 'node' in 'void ParticleEffectSpawner.ReadXml(XmlNode node)'. [/home/ubuntu/PROGRAMA-BETA/src/FiveMTool.csproj]
/home/ubuntu/PROGRAMA-BETA/src/External/CodeWalker.Core/GameFiles/Resources/Node.cs(506,29): warning CS8600: Converting null literal or possible null value to non-nullable type. [/home/ubuntu/PROGRAMA-BETA/src/FiveMTool.csproj]
/home/ubuntu/PROGRAMA-BETA/src/External/CodeWalker.Core/GameFiles/Resources/Node.cs(513,38): warning CS8604: Possible null reference argument for parameter 'arr' in 'void MetaXmlBase.WriteRawArray<byte>(StringBuilder sb, byte[] arr, int ind, string name, string typeName, Func<byte, string> formatter = null, int arrRowSize = 10)'. [/home/ubuntu/PROGRAMA-BETA/src/FiveMTool.csproj]
/home/ubuntu/PROGRAMA-BETA/src/External/CodeWalker.Core/GameFiles/Resources/Particle.cs(203,38): warning CS8603: Possible null reference return. [/home/ubuntu/PROGRAMA-BETA/src/FiveMTool.csproj]
/home/ubuntu/PROGRAMA-BETA/src/External/CodeWalker.Core/GameFiles/Resources/Node.cs(397,32): warning CS8600: Converting null literal or possible null value to non-nullable type. [/home/ubuntu/PROGRAMA-BETA/src/FiveMTool.csproj]
/home/ubuntu/PROGRAMA-BETA/src/External/CodeWalker.Core/GameFiles/Resources/Node.cs(406,39): warning CS8604: Possible null reference argument for parameter 'arr' in 'void MetaXmlBase.WriteItemArray<NodeLink>(StringBuilder sb, NodeLink[] arr, int ind, string name)'. [/home/ubuntu/PROGRAMA-BETA/src/FiveMTool.csproj]
/home/ubuntu/PROGRAMA-BETA/src/External/CodeWalker.Core/GameFiles/Resources/Particle.cs(1188,20): warning CS8603: Possible null reference return. [/home/ubuntu/PROGRAMA-BETA/src/FiveMTool.csproj]
/home/ubuntu/PROGRAMA-BETA/src/External/CodeWalker.Core/GameFiles/Resources/Particle.cs(687,38): warning CS8618: Non-nullable property 'EffectSpawnerAtRatio' must contain a non-null value when exiting constructor. Consider declaring the property as nullable. [/home/ubuntu/PROGRAMA-BETA/src/FiveMTool.csproj]
/home/ubuntu/PROGRAMA-BETA/src/External/CodeWalker.Core/GameFiles/Resources/Particle.cs(688,38): warning CS8618: Non-nullable property 'EffectSpawnerOnCollision' must contain a non-null value when exiting constructor. Consider declaring the property as nullable. [/home/ubuntu/PROGRAMA-BETA/src/FiveMTool.csproj]
/home/ubuntu/PROGRAMA-BETA/src/External/CodeWalker.Core/GameFiles/Resources/Particle.cs(705,57): warning CS8618: Non-nullable property 'AllBehaviours' must contain a non-null value when exiting constructor. Consider declaring the property as nullable. [/home/ubuntu/PROGRAMA-BETA/src/FiveMTool.csproj]
/home/ubuntu/PROGRAMA-BETA/src/External/CodeWalker.Core/GameFiles/Resources/Particle.cs(706,57): warning CS8618: Non-nullable property 'InitBehaviours' must contain a non-null value when exiting constructor. Consider declaring the property as nullable. [/home/ubuntu/PROGRAMA-BETA/src/FiveMTool.csproj]
/home/ubuntu/PROGRAMA-BETA/src/External/CodeWalker.Core/GameFiles/Resources/Particle.cs(707,57): warning CS8618: Non-nullable property 'UpdateBehaviours' must contain a non-null value when exiting constructor. Consider declaring the property as nullable. [/home/ubuntu/PROGRAMA-BETA/src/FiveMTool.csproj]
/home/ubuntu/PROGRAMA-BETA/src/External/CodeWalker.Core/GameFiles/Resources/Particle.cs(708,57): warning CS8618: Non-nullable property 'UpdateFinalizeBehaviours' must contain a non-null value when exiting constructor. Consider declaring the property as nullable. [/home/ubuntu/PROGRAMA-BETA/src/FiveMTool.csproj]
/home/ubuntu/PROGRAMA-BETA/src/External/CodeWalker.Core/GameFiles/Resources/Particle.cs(709,57): warning CS8618: Non-nullable property 'DrawBehaviours' must contain a non-null value when exiting constructor. Consider declaring the property as nullable. [/home/ubuntu/PROGRAMA-BETA/src/FiveMTool.csproj]
/home/ubuntu/PROGRAMA-BETA/src/External/CodeWalker.Core/GameFiles/Resources/Particle.cs(712,59): warning CS8618: Non-nullable property 'BiasLinks' must contain a non-null value when exiting constructor. Consider declaring the property as nullable. [/home/ubuntu/PROGRAMA-BETA/src/FiveMTool.csproj]
/home/ubuntu/PROGRAMA-BETA/src/External/CodeWalker.Core/GameFiles/Resources/Particle.cs(740,57): warning CS8618: Non-nullable property 'ShaderVars' must contain a non-null value when exiting constructor. Consider declaring the property as nullable. [/home/ubuntu/PROGRAMA-BETA/src/FiveMTool.csproj]
/home/ubuntu/PROGRAMA-BETA/src/External/CodeWalker.Core/GameFiles/Resources/Particle.cs(749,55): warning CS8618: Non-nullable property 'Drawables' must contain a non-null value when exiting constructor. Consider declaring the property as nullable. [/home/ubuntu/PROGRAMA-BETA/src/FiveMTool.csproj]
/home/ubuntu/PROGRAMA-BETA/src/External/CodeWalker.Core/GameFiles/Resources/Particle.cs(760,25): warning CS8618: Non-nullable property 'Name' must contain a non-null value when exiting constructor. Consider declaring the property as nullable. [/home/ubuntu/PROGRAMA-BETA/src/FiveMTool.csproj]
/home/ubuntu/PROGRAMA-BETA/src/External/CodeWalker.Core/GameFiles/Resources/Particle.cs(762,25): warning CS8618: Non-nullable property 'ShaderFile' must contain a non-null value when exiting constructor. Consider declaring the property as nullable. [/home/ubuntu/PROGRAMA-BETA/src/FiveMTool.csproj]
/home/ubuntu/PROGRAMA-BETA/src/External/CodeWalker.Core/GameFiles/Resources/Particle.cs(763,25): warning CS8618: Non-nullable property 'ShaderTechnique' must contain a non-null value when exiting constructor. Consider declaring the property as nullable. [/home/ubuntu/PROGRAMA-BETA/src/FiveMTool.csproj]
/home/ubuntu/PROGRAMA-BETA/src/External/CodeWalker.Core/GameFiles/GameFileCache.cs(2745,39): warning CS8619: Nullability of reference types in value of type '(DrawableBase?, bool)' doesn't match target type '(DrawableBase drawable, bool waitingForLoad)'. [/home/ubuntu/PROGRAMA-BETA/src/FiveMTool.csproj]
/home/ubuntu/PROGRAMA-BETA/src/External/CodeWalker.Core/GameFiles/GameFileCache.cs(2748,37): warning CS8600: Converting null literal or possible null value to non-nullable type. [/home/ubuntu/PROGRAMA-BETA/src/FiveMTool.csproj]
/home/ubuntu/PROGRAMA-BETA/src/External/CodeWalker.Core/GameFiles/GameFileCache.cs(2751,85): warning CS8601: Possible null reference assignment. [/home/ubuntu/PROGRAMA-BETA/src/FiveMTool.csproj]
/home/ubuntu/PROGRAMA-BETA/src/External/CodeWalker.Core/GameFiles/GameFileCache.cs(2752,78): warning CS8601: Possible null reference assignment. [/home/ubuntu/PROGRAMA-BETA/src/FiveMTool.csproj]
/home/ubuntu/PROGRAMA-BETA/src/External/CodeWalker.Core/GameFiles/GameFileCache.cs(2753,78): warning CS8601: Possible null reference assignment. [/home/ubuntu/PROGRAMA-BETA/src/FiveMTool.csproj]
/home/ubuntu/PROGRAMA-BETA/src/External/CodeWalker.Core/GameFiles/GameFileCache.cs(2765,24): warning CS8619: Nullability of reference types in value of type '(DrawableBase?, bool)' doesn't match target type '(DrawableBase drawable, bool waitingForLoad)'. [/home/ubuntu/PROGRAMA-BETA/src/FiveMTool.csproj]
/home/ubuntu/PROGRAMA-BETA/src/External/CodeWalker.Core/GameFiles/GameFileCache.cs(2768,20): warning CS8619: Nullability of reference types in value of type '(DrawableBase? drawable, bool waitingForLoad)' doesn't match target type '(DrawableBase drawable, bool waitingForLoad)'. [/home/ubuntu/PROGRAMA-BETA/src/FiveMTool.csproj]
/home/ubuntu/PROGRAMA-BETA/src/External/CodeWalker.Core/GameFiles/Resources/Node.cs(431,46): warning CS8602: Dereference of a possibly null reference. [/home/ubuntu/PROGRAMA-BETA/src/FiveMTool.csproj]
/home/ubuntu/PROGRAMA-BETA/src/External/CodeWalker.Core/GameFiles/GameFileCache.cs(2778,105): warning CS8600: Converting null literal or possible null value to non-nullable type. [/home/ubuntu/PROGRAMA-BETA/src/FiveMTool.csproj]
/home/ubuntu/PROGRAMA-BETA/src/External/CodeWalker.Core/GameFiles/GameFileCache.cs(2804,32): warning CS8601: Possible null reference assignment. [/home/ubuntu/PROGRAMA-BETA/src/FiveMTool.csproj]
/home/ubuntu/PROGRAMA-BETA/src/External/CodeWalker.Core/GameFiles/GameFileCache.cs(2830,29): warning CS8600: Converting null literal or possible null value to non-nullable type. [/home/ubuntu/PROGRAMA-BETA/src/FiveMTool.csproj]
/home/ubuntu/PROGRAMA-BETA/src/External/CodeWalker.Core/GameFiles/GameFileCache.cs(2832,20): warning CS8603: Possible null reference return. [/home/ubuntu/PROGRAMA-BETA/src/FiveMTool.csproj]
/home/ubuntu/PROGRAMA-BETA/src/External/CodeWalker.Core/GameFiles/Resources/Particle.cs(230,29): warning CS8602: Dereference of a possibly null reference. [/home/ubuntu/PROGRAMA-BETA/src/FiveMTool.csproj]
/home/ubuntu/PROGRAMA-BETA/src/External/CodeWalker.Core/GameFiles/Resources/Particle.cs(275,66): warning CS8600: Converting null literal or possible null value to non-nullable type. [/home/ubuntu/PROGRAMA-BETA/src/FiveMTool.csproj]
/home/ubuntu/PROGRAMA-BETA/src/External/CodeWalker.Core/GameFiles/Resources/Particle.cs(283,66): warning CS8600: Converting null literal or possible null value to non-nullable type. [/home/ubuntu/PROGRAMA-BETA/src/FiveMTool.csproj]
/home/ubuntu/PROGRAMA-BETA/src/External/CodeWalker.Core/GameFiles/Resources/Particle.cs(302,62): warning CS8600: Converting null literal or possible null value to non-nullable type. [/home/ubuntu/PROGRAMA-BETA/src/FiveMTool.csproj]
/home/ubuntu/PROGRAMA-BETA/src/External/CodeWalker.Core/GameFiles/Resources/Particle.cs(312,62): warning CS8600: Converting null literal or possible null value to non-nullable type. [/home/ubuntu/PROGRAMA-BETA/src/FiveMTool.csproj]
/home/ubuntu/PROGRAMA-BETA/src/External/CodeWalker.Core/GameFiles/Resources/Particle.cs(323,72): warning CS8600: Converting null literal or possible null value to non-nullable type. [/home/ubuntu/PROGRAMA-BETA/src/FiveMTool.csproj]
/home/ubuntu/PROGRAMA-BETA/src/External/CodeWalker.Core/GameFiles/Resources/Particle.cs(337,85): warning CS8600: Converting null literal or possible null value to non-nullable type. [/home/ubuntu/PROGRAMA-BETA/src/FiveMTool.csproj]
/home/ubuntu/PROGRAMA-BETA/src/External/CodeWalker.Core/GameFiles/Resources/Particle.cs(62,25): warning CS8618: Non-nullable property 'Name' must contain a non-null value when exiting constructor. Consider declaring the property as nullable. [/home/ubuntu/PROGRAMA-BETA/src/FiveMTool.csproj]
/home/ubuntu/PROGRAMA-BETA/src/External/CodeWalker.Core/GameFiles/Resources/Particle.cs(63,34): warning CS8618: Non-nullable property 'TextureDictionary' must contain a non-null value when exiting constructor. Consider declaring the property as nullable. [/home/ubuntu/PROGRAMA-BETA/src/FiveMTool.csproj]
/home/ubuntu/PROGRAMA-BETA/src/External/CodeWalker.Core/GameFiles/Resources/Particle.cs(64,39): warning CS8618: Non-nullable property 'DrawableDictionary' must contain a non-null value when exiting constructor. Consider declaring the property as nullable. [/home/ubuntu/PROGRAMA-BETA/src/FiveMTool.csproj]
/home/ubuntu/PROGRAMA-BETA/src/External/CodeWalker.Core/GameFiles/Resources/Particle.cs(65,39): warning CS8618: Non-nullable property 'ParticleRuleDictionary' must contain a non-null value when exiting constructor. Consider declaring the property as nullable. [/home/ubuntu/PROGRAMA-BETA/src/FiveMTool.csproj]
/home/ubuntu/PROGRAMA-BETA/src/External/CodeWalker.Core/GameFiles/Resources/Particle.cs(66,45): warning CS8618: Non-nullable property 'EffectRuleDictionary' must contain a non-null value when exiting constructor. Consider declaring the property as nullable. [/home/ubuntu/PROGRAMA-BETA/src/FiveMTool.csproj]
/home/ubuntu/PROGRAMA-BETA/src/External/CodeWalker.Core/GameFiles/Resources/Particle.cs(67,46): warning CS8618: Non-nullable property 'EmitterRuleDictionary' must contain a non-null value when exiting constructor. Consider declaring the property as nullable. [/home/ubuntu/PROGRAMA-BETA/src/FiveMTool.csproj]
/home/ubuntu/PROGRAMA-BETA/src/External/CodeWalker.Core/GameFiles/Resources/Nav.cs(1008,65): warning CS8625: Cannot convert null literal to non-nullable reference type. [/home/ubuntu/PROGRAMA-BETA/src/FiveMTool.csproj]
/home/ubuntu/PROGRAMA-BETA/src/External/CodeWalker.Core/GameFiles/Resources/Nav.cs(1009,70): warning CS8625: Cannot convert null literal to non-nullable reference type. [/home/ubuntu/PROGRAMA-BETA/src/FiveMTool.csproj]
/home/ubuntu/PROGRAMA-BETA/src/External/CodeWalker.Core/GameFiles/Resources/Nav.cs(1005,25): warning CS8618: Non-nullable property 'PolyIDs' must contain a non-null value when exiting constructor. Consider declaring the property as nullable. [/home/ubuntu/PROGRAMA-BETA/src/FiveMTool.csproj]
/home/ubuntu/PROGRAMA-BETA/src/External/CodeWalker.Core/GameFiles/Resources/Nav.cs(1006,31): warning CS8618: Non-nullable property 'Points' must contain a non-null value when exiting constructor. Consider declaring the property as nullable. [/home/ubuntu/PROGRAMA-BETA/src/FiveMTool.csproj]
/home/ubuntu/PROGRAMA-BETA/src/External/CodeWalker.Core/GameFiles/Resources/Node.cs(198,38): warning CS8600: Converting null literal or possible null value to non-nullable type. [/home/ubuntu/PROGRAMA-BETA/src/FiveMTool.csproj]
/home/ubuntu/PROGRAMA-BETA/src/External/CodeWalker.Core/GameFiles/Resources/Node.cs(205,51): warning CS8602: Dereference of a possibly null reference. [/home/ubuntu/PROGRAMA-BETA/src/FiveMTool.csproj]
/home/ubuntu/PROGRAMA-BETA/src/External/CodeWalker.Core/GameFiles/Resources/Node.cs(208,39): warning CS8604: Possible null reference argument for parameter 'arr' in 'void MetaXmlBase.WriteItemArray<XmlNodeWrapper>(StringBuilder sb, XmlNodeWrapper[] arr, int ind, string name)'. [/home/ubuntu/PROGRAMA-BETA/src/FiveMTool.csproj]
/home/ubuntu/PROGRAMA-BETA/src/External/CodeWalker.Core/GameFiles/Resources/Node.cs(211,42): warning CS8600: Converting null literal or possible null value to non-nullable type. [/home/ubuntu/PROGRAMA-BETA/src/FiveMTool.csproj]
/home/ubuntu/PROGRAMA-BETA/src/External/CodeWalker.Core/GameFiles/Resources/Node.cs(218,55): warning CS8602: Dereference of a possibly null reference. [/home/ubuntu/PROGRAMA-BETA/src/FiveMTool.csproj]
/home/ubuntu/PROGRAMA-BETA/src/External/CodeWalker.Core/GameFiles/Resources/Node.cs(221,39): warning CS8604: Possible null reference argument for parameter 'arr' in 'void MetaXmlBase.WriteItemArray<XmlJunctionWrapper>(StringBuilder sb, XmlJunctionWrapper[] arr, int ind, string name)'. [/home/ubuntu/PROGRAMA-BETA/src/FiveMTool.csproj]
/home/ubuntu/PROGRAMA-BETA/src/External/CodeWalker.Core/GameFiles/GameFileCache.cs(2947,51): warning CS8602: Dereference of a possibly null reference. [/home/ubuntu/PROGRAMA-BETA/src/FiveMTool.csproj]
/home/ubuntu/PROGRAMA-BETA/src/External/CodeWalker.Core/GameFiles/Resources/Nav.cs(893,34): warning CS8618: Non-nullable property 'Data' must contain a non-null value when exiting constructor. Consider declaring the property as nullable. [/home/ubuntu/PROGRAMA-BETA/src/FiveMTool.csproj]
/home/ubuntu/PROGRAMA-BETA/src/External/CodeWalker.Core/GameFiles/Resources/Nav.cs(894,30): warning CS8618: Non-nullable property 'SubTree1' must contain a non-null value when exiting constructor. Consider declaring the property as nullable. [/home/ubuntu/PROGRAMA-BETA/src/FiveMTool.csproj]
/home/ubuntu/PROGRAMA-BETA/src/External/CodeWalker.Core/GameFiles/Resources/Nav.cs(895,30): warning CS8618: Non-nullable property 'SubTree2' must contain a non-null value when exiting constructor. Consider declaring the property as nullable. [/home/ubuntu/PROGRAMA-BETA/src/FiveMTool.csproj]
/home/ubuntu/PROGRAMA-BETA/src/External/CodeWalker.Core/GameFiles/Resources/Nav.cs(896,30): warning CS8618: Non-nullable property 'SubTree3' must contain a non-null value when exiting constructor. Consider declaring the property as nullable. [/home/ubuntu/PROGRAMA-BETA/src/FiveMTool.csproj]
/home/ubuntu/PROGRAMA-BETA/src/External/CodeWalker.Core/GameFiles/Resources/Nav.cs(897,30): warning CS8618: Non-nullable property 'SubTree4' must contain a non-null value when exiting constructor. Consider declaring the property as nullable. [/home/ubuntu/PROGRAMA-BETA/src/FiveMTool.csproj]
/home/ubuntu/PROGRAMA-BETA/src/External/CodeWalker.Core/GameFiles/Resources/Node.cs(241,46): warning CS8602: Dereference of a possibly null reference. [/home/ubuntu/PROGRAMA-BETA/src/FiveMTool.csproj]
/home/ubuntu/PROGRAMA-BETA/src/External/CodeWalker.Core/GameFiles/Resources/Node.cs(253,46): warning CS8602: Dereference of a possibly null reference. [/home/ubuntu/PROGRAMA-BETA/src/FiveMTool.csproj]
/home/ubuntu/PROGRAMA-BETA/src/External/CodeWalker.Core/GameFiles/Resources/Node.cs(265,46): warning CS8602: Dereference of a possibly null reference. [/home/ubuntu/PROGRAMA-BETA/src/FiveMTool.csproj]
/home/ubuntu/PROGRAMA-BETA/src/External/CodeWalker.Core/GameFiles/Resources/Node.cs(72,62): warning CS8625: Cannot convert null literal to non-nullable reference type. [/home/ubuntu/PROGRAMA-BETA/src/FiveMTool.csproj]
/home/ubuntu/PROGRAMA-BETA/src/External/CodeWalker.Core/GameFiles/Resources/Node.cs(73,66): warning CS8625: Cannot convert null literal to non-nullable reference type. [/home/ubuntu/PROGRAMA-BETA/src/FiveMTool.csproj]
/home/ubuntu/PROGRAMA-BETA/src/External/CodeWalker.Core/GameFiles/Resources/Node.cs(74,74): warning CS8625: Cannot convert null literal to non-nullable reference type. [/home/ubuntu/PROGRAMA-BETA/src/FiveMTool.csproj]
/home/ubuntu/PROGRAMA-BETA/src/External/CodeWalker.Core/GameFiles/Resources/Node.cs(75,79): warning CS8625: Cannot convert null literal to non-nullable reference type. [/home/ubuntu/PROGRAMA-BETA/src/FiveMTool.csproj]
/home/ubuntu/PROGRAMA-BETA/src/External/CodeWalker.Core/GameFiles/Resources/Node.cs(76,80): warning CS8625: Cannot convert null literal to non-nullable reference type. [/home/ubuntu/PROGRAMA-BETA/src/FiveMTool.csproj]
/home/ubuntu/PROGRAMA-BETA/src/External/CodeWalker.Core/GameFiles/Resources/Node.cs(65,23): warning CS8618: Non-nullable property 'Nodes' must contain a non-null value when exiting constructor. Consider declaring the property as nullable. [/home/ubuntu/PROGRAMA-BETA/src/FiveMTool.csproj]
/home/ubuntu/PROGRAMA-BETA/src/External/CodeWalker.Core/GameFiles/Resources/Node.cs(66,27): warning CS8618: Non-nullable property 'Links' must contain a non-null value when exiting constructor. Consider declaring the property as nullable. [/home/ubuntu/PROGRAMA-BETA/src/FiveMTool.csproj]
/home/ubuntu/PROGRAMA-BETA/src/External/CodeWalker.Core/GameFiles/Resources/Node.cs(67,31): warning CS8618: Non-nullable property 'Junctions' must contain a non-null value when exiting constructor. Consider declaring the property as nullable. [/home/ubuntu/PROGRAMA-BETA/src/FiveMTool.csproj]
/home/ubuntu/PROGRAMA-BETA/src/External/CodeWalker.Core/GameFiles/Resources/Node.cs(68,23): warning CS8618: Non-nullable property 'JunctionHeightmapBytes' must contain a non-null value when exiting constructor. Consider declaring the property as nullable. [/home/ubuntu/PROGRAMA-BETA/src/FiveMTool.csproj]
/home/ubuntu/PROGRAMA-BETA/src/External/CodeWalker.Core/GameFiles/Resources/Node.cs(69,34): warning CS8618: Non-nullable property 'JunctionRefs' must contain a non-null value when exiting constructor. Consider declaring the property as nullable. [/home/ubuntu/PROGRAMA-BETA/src/FiveMTool.csproj]
/home/ubuntu/PROGRAMA-BETA/src/External/CodeWalker.Core/GameFiles/Resources/Node.cs(319,20): warning CS8618: Non-nullable field 'AllHeightmapDataList' must contain a non-null value when exiting constructor. Consider declaring the field as nullable. [/home/ubuntu/PROGRAMA-BETA/src/FiveMTool.csproj]
/home/ubuntu/PROGRAMA-BETA/src/External/CodeWalker.Core/GameFiles/Resources/Node.cs(324,20): warning CS8618: Non-nullable field 'AllHeightmapData' must contain a non-null value when exiting constructor. Consider declaring the field as nullable. [/home/ubuntu/PROGRAMA-BETA/src/FiveMTool.csproj]
/home/ubuntu/PROGRAMA-BETA/src/External/CodeWalker.Core/GameFiles/Resources/Node.cs(294,20): warning CS8618: Non-nullable field 'AllLinksList' must contain a non-null value when exiting constructor. Consider declaring the field as nullable. [/home/ubuntu/PROGRAMA-BETA/src/FiveMTool.csproj]
/home/ubuntu/PROGRAMA-BETA/src/External/CodeWalker.Core/GameFiles/Resources/Node.cs(299,20): warning CS8618: Non-nullable field 'AllLinks' must contain a non-null value when exiting constructor. Consider declaring the field as nullable. [/home/ubuntu/PROGRAMA-BETA/src/FiveMTool.csproj]
/home/ubuntu/PROGRAMA-BETA/src/External/CodeWalker.Core/GameFiles/GameFileCache.cs(3212,59): warning CS8604: Possible null reference argument for parameter 'entry' in 'byte[] RpfFile.ExtractFile(RpfFileEntry entry)'. [/home/ubuntu/PROGRAMA-BETA/src/FiveMTool.csproj]
/home/ubuntu/PROGRAMA-BETA/src/External/CodeWalker.Core/GameFiles/Resources/Nav.cs(666,59): warning CS8625: Cannot convert null literal to non-nullable reference type. [/home/ubuntu/PROGRAMA-BETA/src/FiveMTool.csproj]
/home/ubuntu/PROGRAMA-BETA/src/External/CodeWalker.Core/GameFiles/Resources/Nav.cs(664,20): warning CS8618: Non-nullable property 'Items' must contain a non-null value when exiting constructor. Consider declaring the property as nullable. [/home/ubuntu/PROGRAMA-BETA/src/FiveMTool.csproj]
/home/ubuntu/PROGRAMA-BETA/src/External/CodeWalker.Core/GameFiles/Resources/Nav.cs(100,67): error CS0121: The call is ambiguous between the following methods or properties: 'CodeWalker.Vectors.XYZ(SharpDX.Vector4)' and 'CodeWalker.Vectors.XYZ(SharpDX.Vector4)' [/home/ubuntu/PROGRAMA-BETA/src/FiveMTool.csproj]
/home/ubuntu/PROGRAMA-BETA/src/External/CodeWalker.Core/GameFiles/GameFileCache.cs(3303,55): warning CS8604: Possible null reference argument for parameter 'entry' in 'byte[] RpfFile.ExtractFile(RpfFileEntry entry)'. [/home/ubuntu/PROGRAMA-BETA/src/FiveMTool.csproj]
/home/ubuntu/PROGRAMA-BETA/src/External/CodeWalker.Core/GameFiles/Resources/Nav.cs(115,67): error CS0121: The call is ambiguous between the following methods or properties: 'CodeWalker.Vectors.XYZ(SharpDX.Vector4)' and 'CodeWalker.Vectors.XYZ(SharpDX.Vector4)' [/home/ubuntu/PROGRAMA-BETA/src/FiveMTool.csproj]
/home/ubuntu/PROGRAMA-BETA/src/External/CodeWalker.Core/GameFiles/Resources/Nav.cs(528,68): warning CS8625: Cannot convert null literal to non-nullable reference type. [/home/ubuntu/PROGRAMA-BETA/src/FiveMTool.csproj]
/home/ubuntu/PROGRAMA-BETA/src/External/CodeWalker.Core/GameFiles/Resources/Nav.cs(525,56): warning CS8618: Non-nullable property 'ListParts' must contain a non-null value when exiting constructor. Consider declaring the property as nullable. [/home/ubuntu/PROGRAMA-BETA/src/FiveMTool.csproj]
/home/ubuntu/PROGRAMA-BETA/src/External/CodeWalker.Core/GameFiles/Resources/Nav.cs(526,23): warning CS8618: Non-nullable property 'ListOffsets' must contain a non-null value when exiting constructor. Consider declaring the property as nullable. [/home/ubuntu/PROGRAMA-BETA/src/FiveMTool.csproj]
/home/ubuntu/PROGRAMA-BETA/src/External/CodeWalker.Core/GameFiles/Resources/Frag.cs(4325,22): warning CS8601: Possible null reference assignment. [/home/ubuntu/PROGRAMA-BETA/src/FiveMTool.csproj]
/home/ubuntu/PROGRAMA-BETA/src/External/CodeWalker.Core/GameFiles/Resources/Frag.cs(4311,24): warning CS8618: Non-nullable property 'data_pointers' must contain a non-null value when exiting constructor. Consider declaring the property as nullable. [/home/ubuntu/PROGRAMA-BETA/src/FiveMTool.csproj]
/home/ubuntu/PROGRAMA-BETA/src/External/CodeWalker.Core/GameFiles/Resources/Frag.cs(4312,39): warning CS8618: Non-nullable property 'data_items' must contain a non-null value when exiting constructor. Consider declaring the property as nullable. [/home/ubuntu/PROGRAMA-BETA/src/FiveMTool.csproj]
/home/ubuntu/PROGRAMA-BETA/src/External/CodeWalker.Core/GameFiles/Resources/Frag.cs(4318,36): warning CS8618: Non-nullable field 'Groups' must contain a non-null value when exiting constructor. Consider declaring the field as nullable. [/home/ubuntu/PROGRAMA-BETA/src/FiveMTool.csproj]
/home/ubuntu/PROGRAMA-BETA/src/External/CodeWalker.Core/GameFiles/Resources/Frag.cs(3724,48): warning CS8603: Possible null reference return. [/home/ubuntu/PROGRAMA-BETA/src/FiveMTool.csproj]
/home/ubuntu/PROGRAMA-BETA/src/External/CodeWalker.Core/GameFiles/Resources/Nav.cs(92,73): warning CS8625: Cannot convert null literal to non-nullable reference type. [/home/ubuntu/PROGRAMA-BETA/src/FiveMTool.csproj]
/home/ubuntu/PROGRAMA-BETA/src/External/CodeWalker.Core/GameFiles/Resources/Nav.cs(93,70): warning CS8625: Cannot convert null literal to non-nullable reference type. [/home/ubuntu/PROGRAMA-BETA/src/FiveMTool.csproj]
/home/ubuntu/PROGRAMA-BETA/src/External/CodeWalker.Core/GameFiles/Resources/Nav.cs(81,43): warning CS8618: Non-nullable property 'Vertices' must contain a non-null value when exiting constructor. Consider declaring the property as nullable. [/home/ubuntu/PROGRAMA-BETA/src/FiveMTool.csproj]
/home/ubuntu/PROGRAMA-BETA/src/External/CodeWalker.Core/GameFiles/Resources/Nav.cs(82,36): warning CS8618: Non-nullable property 'Indices' must contain a non-null value when exiting constructor. Consider declaring the property as nullable. [/home/ubuntu/PROGRAMA-BETA/src/FiveMTool.csproj]
/home/ubuntu/PROGRAMA-BETA/src/External/CodeWalker.Core/GameFiles/Resources/Nav.cs(83,41): warning CS8618: Non-nullable property 'Edges' must contain a non-null value when exiting constructor. Consider declaring the property as nullable. [/home/ubuntu/PROGRAMA-BETA/src/FiveMTool.csproj]
/home/ubuntu/PROGRAMA-BETA/src/External/CodeWalker.Core/GameFiles/Resources/Nav.cs(84,41): warning CS8618: Non-nullable property 'Polys' must contain a non-null value when exiting constructor. Consider declaring the property as nullable. [/home/ubuntu/PROGRAMA-BETA/src/FiveMTool.csproj]
/home/ubuntu/PROGRAMA-BETA/src/External/CodeWalker.Core/GameFiles/Resources/Nav.cs(85,30): warning CS8618: Non-nullable property 'SectorTree' must contain a non-null value when exiting constructor. Consider declaring the property as nullable. [/home/ubuntu/PROGRAMA-BETA/src/FiveMTool.csproj]
/home/ubuntu/PROGRAMA-BETA/src/External/CodeWalker.Core/GameFiles/Resources/Nav.cs(86,32): warning CS8618: Non-nullable property 'Portals' must contain a non-null value when exiting constructor. Consider declaring the property as nullable. [/home/ubuntu/PROGRAMA-BETA/src/FiveMTool.csproj]
/home/ubuntu/PROGRAMA-BETA/src/External/CodeWalker.Core/GameFiles/Resources/Nav.cs(87,25): warning CS8618: Non-nullable property 'PortalLinks' must contain a non-null value when exiting constructor. Consider declaring the property as nullable. [/home/ubuntu/PROGRAMA-BETA/src/FiveMTool.csproj]
/home/ubuntu/PROGRAMA-BETA/src/External/CodeWalker.Core/GameFiles/Resources/Frag.cs(3363,33): warning CS8604: Possible null reference argument for parameter 'val' in 'void ResourceDataWriter.WriteStructs<Matrix>(Matrix[] val)'. [/home/ubuntu/PROGRAMA-BETA/src/FiveMTool.csproj]
/home/ubuntu/PROGRAMA-BETA/src/External/CodeWalker.Core/GameFiles/Resources/Frag.cs(3382,39): warning CS8602: Dereference of a possibly null reference. [/home/ubuntu/PROGRAMA-BETA/src/FiveMTool.csproj]
/home/ubuntu/PROGRAMA-BETA/src/External/CodeWalker.Core/GameFiles/Resources/Frag.cs(3387,24): warning CS8601: Possible null reference assignment. [/home/ubuntu/PROGRAMA-BETA/src/FiveMTool.csproj]
/home/ubuntu/PROGRAMA-BETA/src/External/CodeWalker.Core/GameFiles/Resources/Frag.cs(3330,25): warning CS8618: Non-nullable property 'Matrices' must contain a non-null value when exiting constructor. Consider declaring the property as nullable. [/home/ubuntu/PROGRAMA-BETA/src/FiveMTool.csproj]
/home/ubuntu/PROGRAMA-BETA/src/External/CodeWalker.Core/GameFiles/GameFileCache.cs(3507,33): warning CS8602: Dereference of a possibly null reference. [/home/ubuntu/PROGRAMA-BETA/src/FiveMTool.csproj]
/home/ubuntu/PROGRAMA-BETA/src/External/CodeWalker.Core/GameFiles/GameFileCache.cs(3609,65): warning CS8602: Dereference of a possibly null reference. [/home/ubuntu/PROGRAMA-BETA/src/FiveMTool.csproj]
/home/ubuntu/PROGRAMA-BETA/src/External/CodeWalker.Core/GameFiles/GameFileCache.cs(3609,79): warning CS8602: Dereference of a possibly null reference. [/home/ubuntu/PROGRAMA-BETA/src/FiveMTool.csproj]
/home/ubuntu/PROGRAMA-BETA/src/External/CodeWalker.Core/GameFiles/GameFileCache.cs(3619,65): warning CS8602: Dereference of a possibly null reference. [/home/ubuntu/PROGRAMA-BETA/src/FiveMTool.csproj]
/home/ubuntu/PROGRAMA-BETA/src/External/CodeWalker.Core/GameFiles/GameFileCache.cs(3619,79): warning CS8602: Dereference of a possibly null reference. [/home/ubuntu/PROGRAMA-BETA/src/FiveMTool.csproj]
/home/ubuntu/PROGRAMA-BETA/src/External/CodeWalker.Core/GameFiles/GameFileCache.cs(3629,74): warning CS8602: Dereference of a possibly null reference. [/home/ubuntu/PROGRAMA-BETA/src/FiveMTool.csproj]
/home/ubuntu/PROGRAMA-BETA/src/External/CodeWalker.Core/GameFiles/GameFileCache.cs(3629,88): warning CS8602: Dereference of a possibly null reference. [/home/ubuntu/PROGRAMA-BETA/src/FiveMTool.csproj]
/home/ubuntu/PROGRAMA-BETA/src/External/CodeWalker.Core/GameFiles/GameFileCache.cs(3638,73): warning CS8602: Dereference of a possibly null reference. [/home/ubuntu/PROGRAMA-BETA/src/FiveMTool.csproj]
/home/ubuntu/PROGRAMA-BETA/src/External/CodeWalker.Core/GameFiles/GameFileCache.cs(3641,66): warning CS8602: Dereference of a possibly null reference. [/home/ubuntu/PROGRAMA-BETA/src/FiveMTool.csproj]
/home/ubuntu/PROGRAMA-BETA/src/External/CodeWalker.Core/GameFiles/GameFileCache.cs(3652,57): warning CS8602: Dereference of a possibly null reference. [/home/ubuntu/PROGRAMA-BETA/src/FiveMTool.csproj]
/home/ubuntu/PROGRAMA-BETA/src/External/CodeWalker.Core/GameFiles/GameFileCache.cs(3652,76): warning CS8602: Dereference of a possibly null reference. [/home/ubuntu/PROGRAMA-BETA/src/FiveMTool.csproj]
/home/ubuntu/PROGRAMA-BETA/src/External/CodeWalker.Core/GameFiles/GameFileCache.cs(3672,57): warning CS8602: Dereference of a possibly null reference. [/home/ubuntu/PROGRAMA-BETA/src/FiveMTool.csproj]
/home/ubuntu/PROGRAMA-BETA/src/External/CodeWalker.Core/GameFiles/GameFileCache.cs(3672,77): warning CS8602: Dereference of a possibly null reference. [/home/ubuntu/PROGRAMA-BETA/src/FiveMTool.csproj]
/home/ubuntu/PROGRAMA-BETA/src/External/CodeWalker.Core/GameFiles/GameFileCache.cs(3699,57): warning CS8602: Dereference of a possibly null reference. [/home/ubuntu/PROGRAMA-BETA/src/FiveMTool.csproj]
/home/ubuntu/PROGRAMA-BETA/src/External/CodeWalker.Core/GameFiles/GameFileCache.cs(3699,76): warning CS8602: Dereference of a possibly null reference. [/home/ubuntu/PROGRAMA-BETA/src/FiveMTool.csproj]
/home/ubuntu/PROGRAMA-BETA/src/External/CodeWalker.Core/GameFiles/Resources/Frag.cs(3439,38): warning CS8625: Cannot convert null literal to non-nullable reference type. [/home/ubuntu/PROGRAMA-BETA/src/FiveMTool.csproj]
/home/ubuntu/PROGRAMA-BETA/src/External/CodeWalker.Core/GameFiles/Resources/Frag.cs(3435,23): warning CS8618: Non-nullable property 'Name' must contain a non-null value when exiting constructor. Consider declaring the property as nullable. [/home/ubuntu/PROGRAMA-BETA/src/FiveMTool.csproj]
/home/ubuntu/PROGRAMA-BETA/src/External/CodeWalker.Core/GameFiles/Resources/Frag.cs(3436,23): warning CS8618: Non-nullable property 'Bound' must contain a non-null value when exiting constructor. Consider declaring the property as nullable. [/home/ubuntu/PROGRAMA-BETA/src/FiveMTool.csproj]
/home/ubuntu/PROGRAMA-BETA/src/External/CodeWalker.Core/GameFiles/Resources/Frag.cs(3441,31): warning CS8618: Non-nullable property 'Owner' must contain a non-null value when exiting constructor. Consider declaring the property as nullable. [/home/ubuntu/PROGRAMA-BETA/src/FiveMTool.csproj]
/home/ubuntu/PROGRAMA-BETA/src/External/CodeWalker.Core/GameFiles/Resources/Frag.cs(3712,29): warning CS8618: Non-nullable property 'Drawable1' must contain a non-null value when exiting constructor. Consider declaring the property as nullable. [/home/ubuntu/PROGRAMA-BETA/src/FiveMTool.csproj]
/home/ubuntu/PROGRAMA-BETA/src/External/CodeWalker.Core/GameFiles/Resources/Frag.cs(3713,29): warning CS8618: Non-nullable property 'Drawable2' must contain a non-null value when exiting constructor. Consider declaring the property as nullable. [/home/ubuntu/PROGRAMA-BETA/src/FiveMTool.csproj]
/home/ubuntu/PROGRAMA-BETA/src/External/CodeWalker.Core/GameFiles/Resources/Frag.cs(3714,31): warning CS8618: Non-nullable property 'EvtSet' must contain a non-null value when exiting constructor. Consider declaring the property as nullable. [/home/ubuntu/PROGRAMA-BETA/src/FiveMTool.csproj]
/home/ubuntu/PROGRAMA-BETA/src/External/CodeWalker.Core/GameFiles/Resources/Frag.cs(3721,31): warning CS8618: Non-nullable property 'OwnerFragPhysLod' must contain a non-null value when exiting constructor. Consider declaring the property as nullable. [/home/ubuntu/PROGRAMA-BETA/src/FiveMTool.csproj]
/home/ubuntu/PROGRAMA-BETA/src/External/CodeWalker.Core/GameFiles/Resources/Frag.cs(3723,34): warning CS8618: Non-nullable property 'Group' must contain a non-null value when exiting constructor. Consider declaring the property as nullable. [/home/ubuntu/PROGRAMA-BETA/src/FiveMTool.csproj]
/home/ubuntu/PROGRAMA-BETA/src/External/CodeWalker.Core/GameFiles/Resources/Frag.cs(3080,33): warning CS8603: Possible null reference return. [/home/ubuntu/PROGRAMA-BETA/src/FiveMTool.csproj]
/home/ubuntu/PROGRAMA-BETA/src/External/CodeWalker.Core/GameFiles/GameFileCache.cs(3765,47): warning CS8600: Converting null literal or possible null value to non-nullable type. [/home/ubuntu/PROGRAMA-BETA/src/FiveMTool.csproj]
/home/ubuntu/PROGRAMA-BETA/src/External/CodeWalker.Core/GameFiles/GameFileCache.cs(3816,53): warning CS8602: Dereference of a possibly null reference. [/home/ubuntu/PROGRAMA-BETA/src/FiveMTool.csproj]
/home/ubuntu/PROGRAMA-BETA/src/External/CodeWalker.Core/GameFiles/GameFileCache.cs(3819,47): warning CS8602: Dereference of a possibly null reference. [/home/ubuntu/PROGRAMA-BETA/src/FiveMTool.csproj]
/home/ubuntu/PROGRAMA-BETA/src/External/CodeWalker.Core/GameFiles/Resources/Frag.cs(2926,82): warning CS8625: Cannot convert null literal to non-nullable reference type. [/home/ubuntu/PROGRAMA-BETA/src/FiveMTool.csproj]
/home/ubuntu/PROGRAMA-BETA/src/External/CodeWalker.Core/GameFiles/Resources/Frag.cs(2930,78): warning CS8625: Cannot convert null literal to non-nullable reference type. [/home/ubuntu/PROGRAMA-BETA/src/FiveMTool.csproj]
/home/ubuntu/PROGRAMA-BETA/src/External/CodeWalker.Core/GameFiles/Resources/Frag.cs(2081,31): warning CS8618: Non-nullable property 'PhysicsLOD1' must contain a non-null value when exiting constructor. Consider declaring the property as nullable. [/home/ubuntu/PROGRAMA-BETA/src/FiveMTool.csproj]
/home/ubuntu/PROGRAMA-BETA/src/External/CodeWalker.Core/GameFiles/Resources/Frag.cs(2082,31): warning CS8618: Non-nullable property 'PhysicsLOD2' must contain a non-null value when exiting constructor. Consider declaring the property as nullable. [/home/ubuntu/PROGRAMA-BETA/src/FiveMTool.csproj]
/home/ubuntu/PROGRAMA-BETA/src/External/CodeWalker.Core/GameFiles/Resources/Frag.cs(2083,31): warning CS8618: Non-nullable property 'PhysicsLOD3' must contain a non-null value when exiting constructor. Consider declaring the property as nullable. [/home/ubuntu/PROGRAMA-BETA/src/FiveMTool.csproj]
/home/ubuntu/PROGRAMA-BETA/src/External/CodeWalker.Core/GameFiles/Resources/Frag.cs(2964,27): warning CS8601: Possible null reference assignment. [/home/ubuntu/PROGRAMA-BETA/src/FiveMTool.csproj]
/home/ubuntu/PROGRAMA-BETA/src/External/CodeWalker.Core/GameFiles/Resources/Frag.cs(2965,25): warning CS8601: Possible null reference assignment. [/home/ubuntu/PROGRAMA-BETA/src/FiveMTool.csproj]
/home/ubuntu/PROGRAMA-BETA/src/External/CodeWalker.Core/GameFiles/Resources/Frag.cs(2966,30): warning CS8601: Possible null reference assignment. [/home/ubuntu/PROGRAMA-BETA/src/FiveMTool.csproj]
/home/ubuntu/PROGRAMA-BETA/src/External/CodeWalker.Core/GameFiles/Resources/Frag.cs(2972,43): warning CS8602: Dereference of a possibly null reference. [/home/ubuntu/PROGRAMA-BETA/src/FiveMTool.csproj]
/home/ubuntu/PROGRAMA-BETA/src/External/CodeWalker.Core/GameFiles/Resources/Frag.cs(2978,31): warning CS8604: Possible null reference argument for parameter 'item' in 'void List<FragPhysJointType>.Add(FragPhysJointType item)'. [/home/ubuntu/PROGRAMA-BETA/src/FiveMTool.csproj]
/home/ubuntu/PROGRAMA-BETA/src/External/CodeWalker.Core/GameFiles/Resources/Frag.cs(2855,74): warning CS8625: Cannot convert null literal to non-nullable reference type. [/home/ubuntu/PROGRAMA-BETA/src/FiveMTool.csproj]
/home/ubuntu/PROGRAMA-BETA/src/External/CodeWalker.Core/GameFiles/Resources/Frag.cs(2839,23): warning CS8618: Non-nullable property 'ItemIndices' must contain a non-null value when exiting constructor. Consider declaring the property as nullable. [/home/ubuntu/PROGRAMA-BETA/src/FiveMTool.csproj]
/home/ubuntu/PROGRAMA-BETA/src/External/CodeWalker.Core/GameFiles/Resources/Frag.cs(2847,23): warning CS8618: Non-nullable property 'ItemFlags' must contain a non-null value when exiting constructor. Consider declaring the property as nullable. [/home/ubuntu/PROGRAMA-BETA/src/FiveMTool.csproj]
/home/ubuntu/PROGRAMA-BETA/src/External/CodeWalker.Core/GameFiles/Resources/Frag.cs(2852,58): warning CS8618: Non-nullable property 'Joints' must contain a non-null value when exiting constructor. Consider declaring the property as nullable. [/home/ubuntu/PROGRAMA-BETA/src/FiveMTool.csproj]
/home/ubuntu/PROGRAMA-BETA/src/External/CodeWalker.Core/GameFiles/Resources/Frag.cs(2853,26): warning CS8618: Non-nullable property 'UnknownVectors' must contain a non-null value when exiting constructor. Consider declaring the property as nullable. [/home/ubuntu/PROGRAMA-BETA/src/FiveMTool.csproj]
/home/ubuntu/PROGRAMA-BETA/src/External/CodeWalker.Core/GameFiles/Resources/Frag.cs(1901,31): warning CS8618: Non-nullable property 'WindowOffsets' must contain a non-null value when exiting constructor. Consider declaring the property as nullable. [/home/ubuntu/PROGRAMA-BETA/src/FiveMTool.csproj]
/home/ubuntu/PROGRAMA-BETA/src/External/CodeWalker.Core/GameFiles/Resources/Frag.cs(1903,25): warning CS8618: Non-nullable property 'Windows' must contain a non-null value when exiting constructor. Consider declaring the property as nullable. [/home/ubuntu/PROGRAMA-BETA/src/FiveMTool.csproj]
/home/ubuntu/PROGRAMA-BETA/src/External/CodeWalker.Core/GameFiles/GameFileCache.cs(3860,43): warning CS8600: Converting null literal or possible null value to non-nullable type. [/home/ubuntu/PROGRAMA-BETA/src/FiveMTool.csproj]
/home/ubuntu/PROGRAMA-BETA/src/External/CodeWalker.Core/GameFiles/GameFileCache.cs(3934,49): warning CS8602: Dereference of a possibly null reference. [/home/ubuntu/PROGRAMA-BETA/src/FiveMTool.csproj]
/home/ubuntu/PROGRAMA-BETA/src/External/CodeWalker.Core/GameFiles/GameFileCache.cs(3936,65): warning CS8602: Dereference of a possibly null reference. [/home/ubuntu/PROGRAMA-BETA/src/FiveMTool.csproj]
/home/ubuntu/PROGRAMA-BETA/src/External/CodeWalker.Core/GameFiles/GameFileCache.cs(3939,58): warning CS8602: Dereference of a possibly null reference. [/home/ubuntu/PROGRAMA-BETA/src/FiveMTool.csproj]
/home/ubuntu/PROGRAMA-BETA/src/External/CodeWalker.Core/GameFiles/GameFileCache.cs(3951,49): warning CS8602: Dereference of a possibly null reference. [/home/ubuntu/PROGRAMA-BETA/src/FiveMTool.csproj]
/home/ubuntu/PROGRAMA-BETA/src/External/CodeWalker.Core/GameFiles/GameFileCache.cs(3955,65): warning CS8602: Dereference of a possibly null reference. [/home/ubuntu/PROGRAMA-BETA/src/FiveMTool.csproj]
/home/ubuntu/PROGRAMA-BETA/src/External/CodeWalker.Core/GameFiles/GameFileCache.cs(3958,58): warning CS8602: Dereference of a possibly null reference. [/home/ubuntu/PROGRAMA-BETA/src/FiveMTool.csproj]
/home/ubuntu/PROGRAMA-BETA/src/External/CodeWalker.Core/GameFiles/GameFileCache.cs(3970,49): warning CS8602: Dereference of a possibly null reference. [/home/ubuntu/PROGRAMA-BETA/src/FiveMTool.csproj]
/home/ubuntu/PROGRAMA-BETA/src/External/CodeWalker.Core/GameFiles/Resources/Frag.cs(1167,25): warning CS8601: Possible null reference assignment. [/home/ubuntu/PROGRAMA-BETA/src/FiveMTool.csproj]
/home/ubuntu/PROGRAMA-BETA/src/External/CodeWalker.Core/GameFiles/Resources/Frag.cs(1094,28): warning CS8618: Non-nullable property 'Items' must contain a non-null value when exiting constructor. Consider declaring the property as nullable. [/home/ubuntu/PROGRAMA-BETA/src/FiveMTool.csproj]
/home/ubuntu/PROGRAMA-BETA/src/External/CodeWalker.Core/GameFiles/GameFileCache.cs(4030,43): warning CS8600: Converting null literal or possible null value to non-nullable type. [/home/ubuntu/PROGRAMA-BETA/src/FiveMTool.csproj]
/home/ubuntu/PROGRAMA-BETA/src/External/CodeWalker.Core/GameFiles/Resources/Frag.cs(1307,46): warning CS8602: Dereference of a possibly null reference. [/home/ubuntu/PROGRAMA-BETA/src/FiveMTool.csproj]
/home/ubuntu/PROGRAMA-BETA/src/External/CodeWalker.Core/GameFiles/Resources/Frag.cs(1320,39): warning CS8604: Possible null reference argument for parameter 'node' in 'void VertexDeclaration.ReadXml(XmlNode node)'. [/home/ubuntu/PROGRAMA-BETA/src/FiveMTool.csproj]
/home/ubuntu/PROGRAMA-BETA/src/External/CodeWalker.Core/GameFiles/Resources/Frag.cs(1759,109): warning CS8625: Cannot convert null literal to non-nullable reference type. [/home/ubuntu/PROGRAMA-BETA/src/FiveMTool.csproj]
/home/ubuntu/PROGRAMA-BETA/src/External/CodeWalker.Core/GameFiles/Resources/Frag.cs(1760,109): warning CS8625: Cannot convert null literal to non-nullable reference type. [/home/ubuntu/PROGRAMA-BETA/src/FiveMTool.csproj]
/home/ubuntu/PROGRAMA-BETA/src/External/CodeWalker.Core/GameFiles/Resources/Frag.cs(1191,34): warning CS8618: Non-nullable property 'VertexDeclaration' must contain a non-null value when exiting constructor. Consider declaring the property as nullable. [/home/ubuntu/PROGRAMA-BETA/src/FiveMTool.csproj]
/home/ubuntu/PROGRAMA-BETA/src/External/CodeWalker.Core/GameFiles/Resources/Frag.cs(1192,36): warning CS8618: Non-nullable property 'VertexDeclarationG9' must contain a non-null value when exiting constructor. Consider declaring the property as nullable. [/home/ubuntu/PROGRAMA-BETA/src/FiveMTool.csproj]
/home/ubuntu/PROGRAMA-BETA/src/External/CodeWalker.Core/GameFiles/Resources/Frag.cs(1203,34): warning CS8618: Non-nullable property 'Group' must contain a non-null value when exiting constructor. Consider declaring the property as nullable. [/home/ubuntu/PROGRAMA-BETA/src/FiveMTool.csproj]
/home/ubuntu/PROGRAMA-BETA/src/External/CodeWalker.Core/GameFiles/Resources/Frag.cs(1204,31): warning CS8618: Non-nullable property 'GroupLOD' must contain a non-null value when exiting constructor. Consider declaring the property as nullable. [/home/ubuntu/PROGRAMA-BETA/src/FiveMTool.csproj]
/home/ubuntu/PROGRAMA-BETA/src/External/CodeWalker.Core/GameFiles/Resources/Frag.cs(2313,117): warning CS8604: Possible null reference argument for parameter 'parameters' in 'FragPhysGroupNamesBlock ResourceDataReader.ReadBlockAt<FragPhysGroupNamesBlock>(ulong position, params object[] parameters)'. [/home/ubuntu/PROGRAMA-BETA/src/FiveMTool.csproj]
/home/ubuntu/PROGRAMA-BETA/src/External/CodeWalker.Core/GameFiles/GameFileCache.cs(4087,43): warning CS8600: Converting null literal or possible null value to non-nullable type. [/home/ubuntu/PROGRAMA-BETA/src/FiveMTool.csproj]
/home/ubuntu/PROGRAMA-BETA/src/External/CodeWalker.Core/GameFiles/Resources/Frag.cs(1866,25): warning CS8601: Possible null reference assignment. [/home/ubuntu/PROGRAMA-BETA/src/FiveMTool.csproj]
/home/ubuntu/PROGRAMA-BETA/src/External/CodeWalker.Core/GameFiles/Resources/Frag.cs(1867,25): warning CS8601: Possible null reference assignment. [/home/ubuntu/PROGRAMA-BETA/src/FiveMTool.csproj]
/home/ubuntu/PROGRAMA-BETA/src/External/CodeWalker.Core/GameFiles/Resources/Frag.cs(988,28): warning CS8625: Cannot convert null literal to non-nullable reference type. [/home/ubuntu/PROGRAMA-BETA/src/FiveMTool.csproj]
/home/ubuntu/PROGRAMA-BETA/src/External/CodeWalker.Core/GameFiles/Resources/Frag.cs(989,25): warning CS8625: Cannot convert null literal to non-nullable reference type. [/home/ubuntu/PROGRAMA-BETA/src/FiveMTool.csproj]
/home/ubuntu/PROGRAMA-BETA/src/External/CodeWalker.Core/GameFiles/Resources/Frag.cs(1667,27): warning CS8618: Non-nullable property 'Data1' must contain a non-null value when exiting constructor. Consider declaring the property as nullable. [/home/ubuntu/PROGRAMA-BETA/src/FiveMTool.csproj]
/home/ubuntu/PROGRAMA-BETA/src/External/CodeWalker.Core/GameFiles/Resources/Frag.cs(1670,27): warning CS8618: Non-nullable property 'Data2' must contain a non-null value when exiting constructor. Consider declaring the property as nullable. [/home/ubuntu/PROGRAMA-BETA/src/FiveMTool.csproj]
/home/ubuntu/PROGRAMA-BETA/src/External/CodeWalker.Core/GameFiles/Resources/Frag.cs(1004,96): warning CS8625: Cannot convert null literal to non-nullable reference type. [/home/ubuntu/PROGRAMA-BETA/src/FiveMTool.csproj]
/home/ubuntu/PROGRAMA-BETA/src/External/CodeWalker.Core/GameFiles/Resources/Frag.cs(1014,43): warning CS8602: Dereference of a possibly null reference. [/home/ubuntu/PROGRAMA-BETA/src/FiveMTool.csproj]
/home/ubuntu/PROGRAMA-BETA/src/External/CodeWalker.Core/GameFiles/GameFileCache.cs(4156,43): warning CS8600: Converting null literal or possible null value to non-nullable type. [/home/ubuntu/PROGRAMA-BETA/src/FiveMTool.csproj]
/home/ubuntu/PROGRAMA-BETA/src/External/CodeWalker.Core/GameFiles/Resources/Frag.cs(1050,38): warning CS8603: Possible null reference return. [/home/ubuntu/PROGRAMA-BETA/src/FiveMTool.csproj]
/home/ubuntu/PROGRAMA-BETA/src/External/CodeWalker.Core/GameFiles/Resources/Frag.cs(828,74): warning CS8625: Cannot convert null literal to non-nullable reference type. [/home/ubuntu/PROGRAMA-BETA/src/FiveMTool.csproj]
/home/ubuntu/PROGRAMA-BETA/src/External/CodeWalker.Core/GameFiles/Resources/Frag.cs(829,75): warning CS8625: Cannot convert null literal to non-nullable reference type. [/home/ubuntu/PROGRAMA-BETA/src/FiveMTool.csproj]
/home/ubuntu/PROGRAMA-BETA/src/External/CodeWalker.Core/GameFiles/Resources/Frag.cs(830,38): warning CS8625: Cannot convert null literal to non-nullable reference type. [/home/ubuntu/PROGRAMA-BETA/src/FiveMTool.csproj]
/home/ubuntu/PROGRAMA-BETA/src/External/CodeWalker.Core/GameFiles/Resources/Frag.cs(818,23): warning CS8618: Non-nullable property 'Bound' must contain a non-null value when exiting constructor. Consider declaring the property as nullable. [/home/ubuntu/PROGRAMA-BETA/src/FiveMTool.csproj]
/home/ubuntu/PROGRAMA-BETA/src/External/CodeWalker.Core/GameFiles/Resources/Frag.cs(819,24): warning CS8618: Non-nullable property 'FragMatricesInds' must contain a non-null value when exiting constructor. Consider declaring the property as nullable. [/home/ubuntu/PROGRAMA-BETA/src/FiveMTool.csproj]
/home/ubuntu/PROGRAMA-BETA/src/External/CodeWalker.Core/GameFiles/Resources/Frag.cs(820,29): warning CS8618: Non-nullable property 'FragMatrices' must contain a non-null value when exiting constructor. Consider declaring the property as nullable. [/home/ubuntu/PROGRAMA-BETA/src/FiveMTool.csproj]
/home/ubuntu/PROGRAMA-BETA/src/External/CodeWalker.Core/GameFiles/Resources/Frag.cs(821,23): warning CS8618: Non-nullable property 'Name' must contain a non-null value when exiting constructor. Consider declaring the property as nullable. [/home/ubuntu/PROGRAMA-BETA/src/FiveMTool.csproj]
/home/ubuntu/PROGRAMA-BETA/src/External/CodeWalker.Core/GameFiles/Resources/Frag.cs(823,25): warning CS8618: Non-nullable property 'OwnerFragment' must contain a non-null value when exiting constructor. Consider declaring the property as nullable. [/home/ubuntu/PROGRAMA-BETA/src/FiveMTool.csproj]
/home/ubuntu/PROGRAMA-BETA/src/External/CodeWalker.Core/GameFiles/Resources/Frag.cs(824,33): warning CS8618: Non-nullable property 'OwnerCloth' must contain a non-null value when exiting constructor. Consider declaring the property as nullable. [/home/ubuntu/PROGRAMA-BETA/src/FiveMTool.csproj]
/home/ubuntu/PROGRAMA-BETA/src/External/CodeWalker.Core/GameFiles/Resources/Frag.cs(825,34): warning CS8618: Non-nullable property 'OwnerFragmentPhys' must contain a non-null value when exiting constructor. Consider declaring the property as nullable. [/home/ubuntu/PROGRAMA-BETA/src/FiveMTool.csproj]
/home/ubuntu/PROGRAMA-BETA/src/External/CodeWalker.Core/GameFiles/Resources/Frag.cs(826,29): warning CS8618: Non-nullable property 'OwnerDrawable' must contain a non-null value when exiting constructor. Consider declaring the property as nullable. [/home/ubuntu/PROGRAMA-BETA/src/FiveMTool.csproj]
/home/ubuntu/PROGRAMA-BETA/src/External/CodeWalker.Core/GameFiles/GameFileCache.cs(4239,43): warning CS8600: Converting null literal or possible null value to non-nullable type. [/home/ubuntu/PROGRAMA-BETA/src/FiveMTool.csproj]
/home/ubuntu/PROGRAMA-BETA/src/External/CodeWalker.Core/GameFiles/Resources/Filter.cs(338,16): warning CS8618: Non-nullable property 'Entries' must contain a non-null value when exiting constructor. Consider declaring the property as nullable. [/home/ubuntu/PROGRAMA-BETA/src/FiveMTool.csproj]
/home/ubuntu/PROGRAMA-BETA/src/External/CodeWalker.Core/GameFiles/Resources/Filter.cs(338,16): warning CS8618: Non-nullable property 'Weights' must contain a non-null value when exiting constructor. Consider declaring the property as nullable. [/home/ubuntu/PROGRAMA-BETA/src/FiveMTool.csproj]
/home/ubuntu/PROGRAMA-BETA/src/External/CodeWalker.Core/GameFiles/Resources/Filter.cs(378,39): warning CS8604: Possible null reference argument for parameter 'arr' in 'void MetaXmlBase.WriteItemArray<TrackIdIndex>(StringBuilder sb, TrackIdIndex[] arr, int ind, string name)'. [/home/ubuntu/PROGRAMA-BETA/src/FiveMTool.csproj]
/home/ubuntu/PROGRAMA-BETA/src/External/CodeWalker.Core/GameFiles/Resources/Filter.cs(379,38): warning CS8604: Possible null reference argument for parameter 'arr' in 'void MetaXmlBase.WriteRawArray<float>(StringBuilder sb, float[] arr, int ind, string name, string typeName, Func<float, string> formatter = null, int arrRowSize = 10)'. [/home/ubuntu/PROGRAMA-BETA/src/FiveMTool.csproj]
/home/ubuntu/PROGRAMA-BETA/src/External/CodeWalker.Core/GameFiles/Resources/Frag.cs(2563,39): warning CS8602: Dereference of a possibly null reference. [/home/ubuntu/PROGRAMA-BETA/src/FiveMTool.csproj]
/home/ubuntu/PROGRAMA-BETA/src/External/CodeWalker.Core/GameFiles/GameFileCache.cs(4295,43): warning CS8600: Converting null literal or possible null value to non-nullable type. [/home/ubuntu/PROGRAMA-BETA/src/FiveMTool.csproj]
/home/ubuntu/PROGRAMA-BETA/src/External/CodeWalker.Core/GameFiles/GameFileCache.cs(4310,58): warning CS8604: Possible null reference argument for parameter 'xml' in 'YnvFile XmlYnv.GetYnv(string xml)'. [/home/ubuntu/PROGRAMA-BETA/src/FiveMTool.csproj]
/home/ubuntu/PROGRAMA-BETA/src/External/CodeWalker.Core/GameFiles/GameFileCache.cs(4313,45): warning CS8602: Dereference of a possibly null reference. [/home/ubuntu/PROGRAMA-BETA/src/FiveMTool.csproj]
/home/ubuntu/PROGRAMA-BETA/src/External/CodeWalker.Core/GameFiles/GameFileCache.cs(4317,64): warning CS8604: Possible null reference argument for parameter 'data' in 'void RpfFile.LoadResourceFile<YnvFile>(YnvFile file, byte[] data, uint ver)'. [/home/ubuntu/PROGRAMA-BETA/src/FiveMTool.csproj]
/home/ubuntu/PROGRAMA-BETA/src/External/CodeWalker.Core/GameFiles/Resources/Frag.cs(2635,37): warning CS8601: Possible null reference assignment. [/home/ubuntu/PROGRAMA-BETA/src/FiveMTool.csproj]
/home/ubuntu/PROGRAMA-BETA/src/External/CodeWalker.Core/GameFiles/Resources/Frag.cs(2644,47): warning CS8602: Dereference of a possibly null reference. [/home/ubuntu/PROGRAMA-BETA/src/FiveMTool.csproj]
/home/ubuntu/PROGRAMA-BETA/src/External/CodeWalker.Core/GameFiles/Resources/Frag.cs(2654,39): warning CS8625: Cannot convert null literal to non-nullable reference type. [/home/ubuntu/PROGRAMA-BETA/src/FiveMTool.csproj]
/home/ubuntu/PROGRAMA-BETA/src/External/CodeWalker.Core/GameFiles/Resources/Frag.cs(2668,28): warning CS8601: Possible null reference assignment. [/home/ubuntu/PROGRAMA-BETA/src/FiveMTool.csproj]
/home/ubuntu/PROGRAMA-BETA/src/External/CodeWalker.Core/GameFiles/Resources/Frag.cs(2669,28): warning CS8601: Possible null reference assignment. [/home/ubuntu/PROGRAMA-BETA/src/FiveMTool.csproj]
/home/ubuntu/PROGRAMA-BETA/src/External/CodeWalker.Core/GameFiles/Resources/Frag.cs(397,37): warning CS8602: Dereference of a possibly null reference. [/home/ubuntu/PROGRAMA-BETA/src/FiveMTool.csproj]
/home/ubuntu/PROGRAMA-BETA/src/External/CodeWalker.Core/GameFiles/Resources/Frag.cs(400,63): warning CS8602: Dereference of a possibly null reference. [/home/ubuntu/PROGRAMA-BETA/src/FiveMTool.csproj]
/home/ubuntu/PROGRAMA-BETA/src/External/CodeWalker.Core/GameFiles/Resources/Frag.cs(401,35): warning CS8602: Dereference of a possibly null reference. [/home/ubuntu/PROGRAMA-BETA/src/FiveMTool.csproj]
/home/ubuntu/PROGRAMA-BETA/src/External/CodeWalker.Core/GameFiles/Resources/Frag.cs(438,37): warning CS8602: Dereference of a possibly null reference. [/home/ubuntu/PROGRAMA-BETA/src/FiveMTool.csproj]
/home/ubuntu/PROGRAMA-BETA/src/External/CodeWalker.Core/GameFiles/Resources/Frag.cs(1370,29): warning CS8618: Non-nullable property 'ShatterMapRowOffsets' must contain a non-null value when exiting constructor. Consider declaring the property as nullable. [/home/ubuntu/PROGRAMA-BETA/src/FiveMTool.csproj]
/home/ubuntu/PROGRAMA-BETA/src/External/CodeWalker.Core/GameFiles/Resources/Frag.cs(1371,42): warning CS8618: Non-nullable property 'ShatterMap' must contain a non-null value when exiting constructor. Consider declaring the property as nullable. [/home/ubuntu/PROGRAMA-BETA/src/FiveMTool.csproj]
/home/ubuntu/PROGRAMA-BETA/src/External/CodeWalker.Core/GameFiles/Resources/Frag.cs(1373,27): warning CS8618: Non-nullable property 'Padding' must contain a non-null value when exiting constructor. Consider declaring the property as nullable. [/home/ubuntu/PROGRAMA-BETA/src/FiveMTool.csproj]
/home/ubuntu/PROGRAMA-BETA/src/External/CodeWalker.Core/GameFiles/Resources/Filter.cs(237,33): warning CS8603: Possible null reference return. [/home/ubuntu/PROGRAMA-BETA/src/FiveMTool.csproj]
/home/ubuntu/PROGRAMA-BETA/src/External/CodeWalker.Core/GameFiles/GameFileCache.cs(4483,68): warning CS8604: Possible null reference argument for parameter 'entry' in 'byte[] RpfFile.ExtractFile(RpfFileEntry entry)'. [/home/ubuntu/PROGRAMA-BETA/src/FiveMTool.csproj]
/home/ubuntu/PROGRAMA-BETA/src/External/CodeWalker.Core/GameFiles/Resources/Frag.cs(2741,37): warning CS8602: Dereference of a possibly null reference. [/home/ubuntu/PROGRAMA-BETA/src/FiveMTool.csproj]
/home/ubuntu/PROGRAMA-BETA/src/External/CodeWalker.Core/GameFiles/Resources/Frag.cs(2775,37): warning CS8601: Possible null reference assignment. [/home/ubuntu/PROGRAMA-BETA/src/FiveMTool.csproj]
/home/ubuntu/PROGRAMA-BETA/src/External/CodeWalker.Core/GameFiles/Resources/Frag.cs(2779,30): warning CS8625: Cannot convert null literal to non-nullable reference type. [/home/ubuntu/PROGRAMA-BETA/src/FiveMTool.csproj]
/home/ubuntu/PROGRAMA-BETA/src/External/CodeWalker.Core/GameFiles/Resources/Frag.cs(478,40): warning CS8602: Dereference of a possibly null reference. [/home/ubuntu/PROGRAMA-BETA/src/FiveMTool.csproj]
/home/ubuntu/PROGRAMA-BETA/src/External/CodeWalker.Core/GameFiles/Resources/Frag.cs(482,41): warning CS8604: Possible null reference argument for parameter 'value' in 'string_r.explicit operator string_r(string value)'. [/home/ubuntu/PROGRAMA-BETA/src/FiveMTool.csproj]
/home/ubuntu/PROGRAMA-BETA/src/External/CodeWalker.Core/GameFiles/Resources/Frag.cs(511,43): warning CS8601: Possible null reference assignment. [/home/ubuntu/PROGRAMA-BETA/src/FiveMTool.csproj]
/home/ubuntu/PROGRAMA-BETA/src/External/CodeWalker.Core/GameFiles/Resources/Frag.cs(539,40): warning CS8601: Possible null reference assignment. [/home/ubuntu/PROGRAMA-BETA/src/FiveMTool.csproj]
/home/ubuntu/PROGRAMA-BETA/src/External/CodeWalker.Core/GameFiles/Resources/Frag.cs(543,45): warning CS8601: Possible null reference assignment. [/home/ubuntu/PROGRAMA-BETA/src/FiveMTool.csproj]
/home/ubuntu/PROGRAMA-BETA/src/External/CodeWalker.Core/GameFiles/Resources/Frag.cs(2250,75): warning CS8625: Cannot convert null literal to non-nullable reference type. [/home/ubuntu/PROGRAMA-BETA/src/FiveMTool.csproj]
/home/ubuntu/PROGRAMA-BETA/src/External/CodeWalker.Core/GameFiles/Resources/Frag.cs(2251,82): warning CS8625: Cannot convert null literal to non-nullable reference type. [/home/ubuntu/PROGRAMA-BETA/src/FiveMTool.csproj]
/home/ubuntu/PROGRAMA-BETA/src/External/CodeWalker.Core/GameFiles/Resources/Frag.cs(2252,75): warning CS8625: Cannot convert null literal to non-nullable reference type. [/home/ubuntu/PROGRAMA-BETA/src/FiveMTool.csproj]
/home/ubuntu/PROGRAMA-BETA/src/External/CodeWalker.Core/GameFiles/Resources/Frag.cs(2253,69): warning CS8625: Cannot convert null literal to non-nullable reference type. [/home/ubuntu/PROGRAMA-BETA/src/FiveMTool.csproj]
/home/ubuntu/PROGRAMA-BETA/src/External/CodeWalker.Core/GameFiles/Resources/Frag.cs(2254,69): warning CS8625: Cannot convert null literal to non-nullable reference type. [/home/ubuntu/PROGRAMA-BETA/src/FiveMTool.csproj]
/home/ubuntu/PROGRAMA-BETA/src/External/CodeWalker.Core/GameFiles/Resources/Frag.cs(2235,44): warning CS8618: Non-nullable property 'ArticulatedBodyType' must contain a non-null value when exiting constructor. Consider declaring the property as nullable. [/home/ubuntu/PROGRAMA-BETA/src/FiveMTool.csproj]
/home/ubuntu/PROGRAMA-BETA/src/External/CodeWalker.Core/GameFiles/Resources/Frag.cs(2236,24): warning CS8618: Non-nullable property 'ChildrenUnkFloats' must contain a non-null value when exiting constructor. Consider declaring the property as nullable. [/home/ubuntu/PROGRAMA-BETA/src/FiveMTool.csproj]
/home/ubuntu/PROGRAMA-BETA/src/External/CodeWalker.Core/GameFiles/Resources/Frag.cs(2237,40): warning CS8618: Non-nullable property 'GroupNames' must contain a non-null value when exiting constructor. Consider declaring the property as nullable. [/home/ubuntu/PROGRAMA-BETA/src/FiveMTool.csproj]
/home/ubuntu/PROGRAMA-BETA/src/External/CodeWalker.Core/GameFiles/Resources/Frag.cs(2238,58): warning CS8618: Non-nullable property 'Groups' must contain a non-null value when exiting constructor. Consider declaring the property as nullable. [/home/ubuntu/PROGRAMA-BETA/src/FiveMTool.csproj]
/home/ubuntu/PROGRAMA-BETA/src/External/CodeWalker.Core/GameFiles/Resources/Frag.cs(2239,58): warning CS8618: Non-nullable property 'Children' must contain a non-null value when exiting constructor. Consider declaring the property as nullable. [/home/ubuntu/PROGRAMA-BETA/src/FiveMTool.csproj]
/home/ubuntu/PROGRAMA-BETA/src/External/CodeWalker.Core/GameFiles/Resources/Frag.cs(2240,34): warning CS8618: Non-nullable property 'Archetype1' must contain a non-null value when exiting constructor. Consider declaring the property as nullable. [/home/ubuntu/PROGRAMA-BETA/src/FiveMTool.csproj]
/home/ubuntu/PROGRAMA-BETA/src/External/CodeWalker.Core/GameFiles/Resources/Frag.cs(2241,34): warning CS8618: Non-nullable property 'Archetype2' must contain a non-null value when exiting constructor. Consider declaring the property as nullable. [/home/ubuntu/PROGRAMA-BETA/src/FiveMTool.csproj]
/home/ubuntu/PROGRAMA-BETA/src/External/CodeWalker.Core/GameFiles/Resources/Frag.cs(2242,23): warning CS8618: Non-nullable property 'Bound' must contain a non-null value when exiting constructor. Consider declaring the property as nullable. [/home/ubuntu/PROGRAMA-BETA/src/FiveMTool.csproj]
/home/ubuntu/PROGRAMA-BETA/src/External/CodeWalker.Core/GameFiles/Resources/Frag.cs(2243,26): warning CS8618: Non-nullable property 'ChildrenInertiaTensors' must contain a non-null value when exiting constructor. Consider declaring the property as nullable. [/home/ubuntu/PROGRAMA-BETA/src/FiveMTool.csproj]
/home/ubuntu/PROGRAMA-BETA/src/External/CodeWalker.Core/GameFiles/Resources/Frag.cs(2244,26): warning CS8618: Non-nullable property 'ChildrenUnkVecs' must contain a non-null value when exiting constructor. Consider declaring the property as nullable. [/home/ubuntu/PROGRAMA-BETA/src/FiveMTool.csproj]
/home/ubuntu/PROGRAMA-BETA/src/External/CodeWalker.Core/GameFiles/Resources/Frag.cs(2245,35): warning CS8618: Non-nullable property 'FragTransforms' must contain a non-null value when exiting constructor. Consider declaring the property as nullable. [/home/ubuntu/PROGRAMA-BETA/src/FiveMTool.csproj]
/home/ubuntu/PROGRAMA-BETA/src/External/CodeWalker.Core/GameFiles/Resources/Frag.cs(2246,23): warning CS8618: Non-nullable property 'UnknownData1' must contain a non-null value when exiting constructor. Consider declaring the property as nullable. [/home/ubuntu/PROGRAMA-BETA/src/FiveMTool.csproj]
/home/ubuntu/PROGRAMA-BETA/src/External/CodeWalker.Core/GameFiles/Resources/Frag.cs(2247,23): warning CS8618: Non-nullable property 'UnknownData2' must contain a non-null value when exiting constructor. Consider declaring the property as nullable. [/home/ubuntu/PROGRAMA-BETA/src/FiveMTool.csproj]
/home/ubuntu/PROGRAMA-BETA/src/External/CodeWalker.Core/GameFiles/Resources/Frag.cs(564,38): warning CS8603: Possible null reference return. [/home/ubuntu/PROGRAMA-BETA/src/FiveMTool.csproj]
/home/ubuntu/PROGRAMA-BETA/src/External/CodeWalker.Core/GameFiles/Resources/Expression.cs(1368,20): warning CS8603: Possible null reference return. [/home/ubuntu/PROGRAMA-BETA/src/FiveMTool.csproj]
/home/ubuntu/PROGRAMA-BETA/src/External/CodeWalker.Core/GameFiles/Resources/Expression.cs(1353,44): warning CS8618: Non-nullable property 'Spring' must contain a non-null value when exiting constructor. Consider declaring the property as nullable. [/home/ubuntu/PROGRAMA-BETA/src/FiveMTool.csproj]
/home/ubuntu/PROGRAMA-BETA/src/External/CodeWalker.Core/GameFiles/Resources/Filter.cs(46,49): warning CS8618: Non-nullable property 'FilterNameHashes' must contain a non-null value when exiting constructor. Consider declaring the property as nullable. [/home/ubuntu/PROGRAMA-BETA/src/FiveMTool.csproj]
/home/ubuntu/PROGRAMA-BETA/src/External/CodeWalker.Core/GameFiles/Resources/Filter.cs(47,55): warning CS8618: Non-nullable property 'Filters' must contain a non-null value when exiting constructor. Consider declaring the property as nullable. [/home/ubuntu/PROGRAMA-BETA/src/FiveMTool.csproj]
/home/ubuntu/PROGRAMA-BETA/src/External/CodeWalker.Core/GameFiles/Resources/Frag.cs(634,36): warning CS8625: Cannot convert null literal to non-nullable reference type. [/home/ubuntu/PROGRAMA-BETA/src/FiveMTool.csproj]
/home/ubuntu/PROGRAMA-BETA/src/External/CodeWalker.Core/GameFiles/Resources/Frag.cs(619,30): warning CS8604: Possible null reference argument for parameter 'dr' in 'void assigndr(FragDrawable dr, BoundComposite pbcmp, int i)'. [/home/ubuntu/PROGRAMA-BETA/src/FiveMTool.csproj]
/home/ubuntu/PROGRAMA-BETA/src/External/CodeWalker.Core/GameFiles/Resources/Frag.cs(619,48): warning CS8604: Possible null reference argument for parameter 'pbcmp' in 'void assigndr(FragDrawable dr, BoundComposite pbcmp, int i)'. [/home/ubuntu/PROGRAMA-BETA/src/FiveMTool.csproj]
/home/ubuntu/PROGRAMA-BETA/src/External/CodeWalker.Core/GameFiles/Resources/Frag.cs(620,30): warning CS8604: Possible null reference argument for parameter 'dr' in 'void assigndr(FragDrawable dr, BoundComposite pbcmp, int i)'. [/home/ubuntu/PROGRAMA-BETA/src/FiveMTool.csproj]
/home/ubuntu/PROGRAMA-BETA/src/External/CodeWalker.Core/GameFiles/Resources/Frag.cs(620,48): warning CS8604: Possible null reference argument for parameter 'pbcmp' in 'void assigndr(FragDrawable dr, BoundComposite pbcmp, int i)'. [/home/ubuntu/PROGRAMA-BETA/src/FiveMTool.csproj]
/home/ubuntu/PROGRAMA-BETA/src/External/CodeWalker.Core/GameFiles/Resources/Expression.cs(1214,44): warning CS8618: Non-nullable property 'SpringDescription' must contain a non-null value when exiting constructor. Consider declaring the property as nullable. [/home/ubuntu/PROGRAMA-BETA/src/FiveMTool.csproj]
/home/ubuntu/PROGRAMA-BETA/src/External/CodeWalker.Core/GameFiles/GameFileCache.cs(4575,68): warning CS8604: Possible null reference argument for parameter 'entry' in 'byte[] RpfFile.ExtractFile(RpfFileEntry entry)'. [/home/ubuntu/PROGRAMA-BETA/src/FiveMTool.csproj]
/home/ubuntu/PROGRAMA-BETA/src/External/CodeWalker.Core/GameFiles/Resources/Frag.cs(653,31): warning CS8601: Possible null reference assignment. [/home/ubuntu/PROGRAMA-BETA/src/FiveMTool.csproj]
/home/ubuntu/PROGRAMA-BETA/src/External/CodeWalker.Core/GameFiles/Resources/Frag.cs(654,28): warning CS8601: Possible null reference assignment. [/home/ubuntu/PROGRAMA-BETA/src/FiveMTool.csproj]
/home/ubuntu/PROGRAMA-BETA/src/External/CodeWalker.Core/GameFiles/Resources/Frag.cs(659,29): warning CS8601: Possible null reference assignment. [/home/ubuntu/PROGRAMA-BETA/src/FiveMTool.csproj]
/home/ubuntu/PROGRAMA-BETA/src/External/CodeWalker.Core/GameFiles/Resources/Frag.cs(667,31): warning CS8604: Possible null reference argument for parameter 'dr' in 'void assignskb(FragDrawable dr, BoundComposite pbcmp, int i)'. [/home/ubuntu/PROGRAMA-BETA/src/FiveMTool.csproj]
/home/ubuntu/PROGRAMA-BETA/src/External/CodeWalker.Core/GameFiles/Resources/Frag.cs(667,49): warning CS8604: Possible null reference argument for parameter 'pbcmp' in 'void assignskb(FragDrawable dr, BoundComposite pbcmp, int i)'. [/home/ubuntu/PROGRAMA-BETA/src/FiveMTool.csproj]
/home/ubuntu/PROGRAMA-BETA/src/External/CodeWalker.Core/GameFiles/Resources/Frag.cs(668,31): warning CS8604: Possible null reference argument for parameter 'dr' in 'void assignskb(FragDrawable dr, BoundComposite pbcmp, int i)'. [/home/ubuntu/PROGRAMA-BETA/src/FiveMTool.csproj]
/home/ubuntu/PROGRAMA-BETA/src/External/CodeWalker.Core/GameFiles/Resources/Frag.cs(668,49): warning CS8604: Possible null reference argument for parameter 'pbcmp' in 'void assignskb(FragDrawable dr, BoundComposite pbcmp, int i)'. [/home/ubuntu/PROGRAMA-BETA/src/FiveMTool.csproj]
/home/ubuntu/PROGRAMA-BETA/src/External/CodeWalker.Core/GameFiles/Resources/Frag.cs(702,20): warning CS8604: Possible null reference argument for parameter 'lod' in 'void assign(FragPhysicsLOD lod)'. [/home/ubuntu/PROGRAMA-BETA/src/FiveMTool.csproj]
/home/ubuntu/PROGRAMA-BETA/src/External/CodeWalker.Core/GameFiles/Resources/Frag.cs(703,20): warning CS8604: Possible null reference argument for parameter 'lod' in 'void assign(FragPhysicsLOD lod)'. [/home/ubuntu/PROGRAMA-BETA/src/FiveMTool.csproj]
/home/ubuntu/PROGRAMA-BETA/src/External/CodeWalker.Core/GameFiles/Resources/Frag.cs(704,20): warning CS8604: Possible null reference argument for parameter 'lod' in 'void assign(FragPhysicsLOD lod)'. [/home/ubuntu/PROGRAMA-BETA/src/FiveMTool.csproj]
/home/ubuntu/PROGRAMA-BETA/src/External/CodeWalker.Core/GameFiles/GameFileCache.cs(4743,68): warning CS8604: Possible null reference argument for parameter 'entry' in 'byte[] RpfFile.ExtractFile(RpfFileEntry entry)'. [/home/ubuntu/PROGRAMA-BETA/src/FiveMTool.csproj]
/home/ubuntu/PROGRAMA-BETA/src/External/CodeWalker.Core/GameFiles/Resources/Frag.cs(755,20): warning CS8604: Possible null reference argument for parameter 'lod' in 'void ensure(FragPhysicsLOD lod)'. [/home/ubuntu/PROGRAMA-BETA/src/FiveMTool.csproj]
/home/ubuntu/PROGRAMA-BETA/src/External/CodeWalker.Core/GameFiles/Resources/Frag.cs(756,20): warning CS8604: Possible null reference argument for parameter 'lod' in 'void ensure(FragPhysicsLOD lod)'. [/home/ubuntu/PROGRAMA-BETA/src/FiveMTool.csproj]
/home/ubuntu/PROGRAMA-BETA/src/External/CodeWalker.Core/GameFiles/Resources/Frag.cs(757,20): warning CS8604: Possible null reference argument for parameter 'lod' in 'void ensure(FragPhysicsLOD lod)'. [/home/ubuntu/PROGRAMA-BETA/src/FiveMTool.csproj]
/home/ubuntu/PROGRAMA-BETA/src/External/CodeWalker.Core/GameFiles/Resources/Frag.cs(105,38): warning CS8625: Cannot convert null literal to non-nullable reference type. [/home/ubuntu/PROGRAMA-BETA/src/FiveMTool.csproj]
/home/ubuntu/PROGRAMA-BETA/src/External/CodeWalker.Core/GameFiles/Resources/Frag.cs(60,56): warning CS8618: Non-nullable property 'Cloths' must contain a non-null value when exiting constructor. Consider declaring the property as nullable. [/home/ubuntu/PROGRAMA-BETA/src/FiveMTool.csproj]
/home/ubuntu/PROGRAMA-BETA/src/External/CodeWalker.Core/GameFiles/Resources/Frag.cs(89,54): warning CS8618: Non-nullable property 'LightAttributes' must contain a non-null value when exiting constructor. Consider declaring the property as nullable. [/home/ubuntu/PROGRAMA-BETA/src/FiveMTool.csproj]
/home/ubuntu/PROGRAMA-BETA/src/External/CodeWalker.Core/GameFiles/Resources/Frag.cs(94,29): warning CS8618: Non-nullable property 'Drawable' must contain a non-null value when exiting constructor. Consider declaring the property as nullable. [/home/ubuntu/PROGRAMA-BETA/src/FiveMTool.csproj]
/home/ubuntu/PROGRAMA-BETA/src/External/CodeWalker.Core/GameFiles/Resources/Frag.cs(95,53): warning CS8618: Non-nullable property 'DrawableArray' must contain a non-null value when exiting constructor. Consider declaring the property as nullable. [/home/ubuntu/PROGRAMA-BETA/src/FiveMTool.csproj]
/home/ubuntu/PROGRAMA-BETA/src/External/CodeWalker.Core/GameFiles/Resources/Frag.cs(96,49): warning CS8618: Non-nullable property 'DrawableArrayNames' must contain a non-null value when exiting constructor. Consider declaring the property as nullable. [/home/ubuntu/PROGRAMA-BETA/src/FiveMTool.csproj]
/home/ubuntu/PROGRAMA-BETA/src/External/CodeWalker.Core/GameFiles/Resources/Frag.cs(97,23): warning CS8618: Non-nullable property 'Name' must contain a non-null value when exiting constructor. Consider declaring the property as nullable. [/home/ubuntu/PROGRAMA-BETA/src/FiveMTool.csproj]
/home/ubuntu/PROGRAMA-BETA/src/External/CodeWalker.Core/GameFiles/Resources/Frag.cs(98,35): warning CS8618: Non-nullable property 'BoneTransforms' must contain a non-null value when exiting constructor. Consider declaring the property as nullable. [/home/ubuntu/PROGRAMA-BETA/src/FiveMTool.csproj]
/home/ubuntu/PROGRAMA-BETA/src/External/CodeWalker.Core/GameFiles/Resources/Frag.cs(99,56): warning CS8618: Non-nullable property 'GlassWindows' must contain a non-null value when exiting constructor. Consider declaring the property as nullable. [/home/ubuntu/PROGRAMA-BETA/src/FiveMTool.csproj]
/home/ubuntu/PROGRAMA-BETA/src/External/CodeWalker.Core/GameFiles/Resources/Frag.cs(100,36): warning CS8618: Non-nullable property 'PhysicsLODGroup' must contain a non-null value when exiting constructor. Consider declaring the property as nullable. [/home/ubuntu/PROGRAMA-BETA/src/FiveMTool.csproj]
/home/ubuntu/PROGRAMA-BETA/src/External/CodeWalker.Core/GameFiles/Resources/Frag.cs(101,29): warning CS8618: Non-nullable property 'DrawableCloth' must contain a non-null value when exiting constructor. Consider declaring the property as nullable. [/home/ubuntu/PROGRAMA-BETA/src/FiveMTool.csproj]
/home/ubuntu/PROGRAMA-BETA/src/External/CodeWalker.Core/GameFiles/Resources/Frag.cs(102,40): warning CS8618: Non-nullable property 'VehicleGlassWindows' must contain a non-null value when exiting constructor. Consider declaring the property as nullable. [/home/ubuntu/PROGRAMA-BETA/src/FiveMTool.csproj]
/home/ubuntu/PROGRAMA-BETA/src/External/CodeWalker.Core/GameFiles/Resources/Frag.cs(107,24): warning CS8618: Non-nullable property 'Yft' must contain a non-null value when exiting constructor. Consider declaring the property as nullable. [/home/ubuntu/PROGRAMA-BETA/src/FiveMTool.csproj]
/home/ubuntu/PROGRAMA-BETA/src/External/CodeWalker.Core/GameFiles/Resources/Expression.cs(1006,26): warning CS8602: Dereference of a possibly null reference. [/home/ubuntu/PROGRAMA-BETA/src/FiveMTool.csproj]
/home/ubuntu/PROGRAMA-BETA/src/External/CodeWalker.Core/GameFiles/Resources/Expression.cs(1037,25): warning CS8602: Dereference of a possibly null reference. [/home/ubuntu/PROGRAMA-BETA/src/FiveMTool.csproj]
/home/ubuntu/PROGRAMA-BETA/src/External/CodeWalker.Core/GameFiles/Resources/Expression.cs(964,29): warning CS8618: Non-nullable property 'SourceInfos' must contain a non-null value when exiting constructor. Consider declaring the property as nullable. [/home/ubuntu/PROGRAMA-BETA/src/FiveMTool.csproj]
/home/ubuntu/PROGRAMA-BETA/src/External/CodeWalker.Core/GameFiles/Resources/Expression.cs(965,26): warning CS8618: Non-nullable property 'Values' must contain a non-null value when exiting constructor. Consider declaring the property as nullable. [/home/ubuntu/PROGRAMA-BETA/src/FiveMTool.csproj]
/home/ubuntu/PROGRAMA-BETA/src/External/CodeWalker.Core/GameFiles/Resources/Expression.cs(853,20): warning CS8618: Non-nullable property 'X' must contain a non-null value when exiting constructor. Consider declaring the property as nullable. [/home/ubuntu/PROGRAMA-BETA/src/FiveMTool.csproj]
/home/ubuntu/PROGRAMA-BETA/src/External/CodeWalker.Core/GameFiles/Resources/Expression.cs(853,20): warning CS8618: Non-nullable property 'Y' must contain a non-null value when exiting constructor. Consider declaring the property as nullable. [/home/ubuntu/PROGRAMA-BETA/src/FiveMTool.csproj]
/home/ubuntu/PROGRAMA-BETA/src/External/CodeWalker.Core/GameFiles/Resources/Expression.cs(853,20): warning CS8618: Non-nullable property 'Z' must contain a non-null value when exiting constructor. Consider declaring the property as nullable. [/home/ubuntu/PROGRAMA-BETA/src/FiveMTool.csproj]
/home/ubuntu/PROGRAMA-BETA/src/External/CodeWalker.Core/GameFiles/Resources/Expression.cs(132,38): warning CS8603: Possible null reference return. [/home/ubuntu/PROGRAMA-BETA/src/FiveMTool.csproj]
/home/ubuntu/PROGRAMA-BETA/src/External/CodeWalker.Core/GameFiles/Resources/Expression.cs(294,43): warning CS8602: Dereference of a possibly null reference. [/home/ubuntu/PROGRAMA-BETA/src/FiveMTool.csproj]
/home/ubuntu/PROGRAMA-BETA/src/External/CodeWalker.Core/GameFiles/Resources/Expression.cs(299,43): warning CS8602: Dereference of a possibly null reference. [/home/ubuntu/PROGRAMA-BETA/src/FiveMTool.csproj]
/home/ubuntu/PROGRAMA-BETA/src/External/CodeWalker.Core/GameFiles/GameFileCache.cs(5156,68): warning CS8604: Possible null reference argument for parameter 'entry' in 'byte[] RpfFile.ExtractFile(RpfFileEntry entry)'. [/home/ubuntu/PROGRAMA-BETA/src/FiveMTool.csproj]
/home/ubuntu/PROGRAMA-BETA/src/External/CodeWalker.Core/GameFiles/Resources/Expression.cs(908,27): warning CS8604: Possible null reference argument for parameter 'node' in 'void SourceComponent.ReadXml(XmlNode node)'. [/home/ubuntu/PROGRAMA-BETA/src/FiveMTool.csproj]
/home/ubuntu/PROGRAMA-BETA/src/External/CodeWalker.Core/GameFiles/Resources/Expression.cs(910,27): warning CS8604: Possible null reference argument for parameter 'node' in 'void SourceComponent.ReadXml(XmlNode node)'. [/home/ubuntu/PROGRAMA-BETA/src/FiveMTool.csproj]
/home/ubuntu/PROGRAMA-BETA/src/External/CodeWalker.Core/GameFiles/Resources/Expression.cs(912,27): warning CS8604: Possible null reference argument for parameter 'node' in 'void SourceComponent.ReadXml(XmlNode node)'. [/home/ubuntu/PROGRAMA-BETA/src/FiveMTool.csproj]
/home/ubuntu/PROGRAMA-BETA/src/External/CodeWalker.Core/GameFiles/Resources/Expression.cs(166,21): warning CS8602: Dereference of a possibly null reference. [/home/ubuntu/PROGRAMA-BETA/src/FiveMTool.csproj]
/home/ubuntu/PROGRAMA-BETA/src/External/CodeWalker.Core/GameFiles/Resources/Expression.cs(47,49): warning CS8618: Non-nullable property 'ExpressionNameHashes' must contain a non-null value when exiting constructor. Consider declaring the property as nullable. [/home/ubuntu/PROGRAMA-BETA/src/FiveMTool.csproj]
/home/ubuntu/PROGRAMA-BETA/src/External/CodeWalker.Core/GameFiles/Resources/Expression.cs(48,50): warning CS8618: Non-nullable property 'Expressions' must contain a non-null value when exiting constructor. Consider declaring the property as nullable. [/home/ubuntu/PROGRAMA-BETA/src/FiveMTool.csproj]
/home/ubuntu/PROGRAMA-BETA/src/External/CodeWalker.Core/GameFiles/Resources/Expression.cs(50,49): warning CS8618: Non-nullable property 'ExprMap' must contain a non-null value when exiting constructor. Consider declaring the property as nullable. [/home/ubuntu/PROGRAMA-BETA/src/FiveMTool.csproj]
/home/ubuntu/PROGRAMA-BETA/src/External/CodeWalker.Core/GameFiles/GameFileCache.cs(5195,45): warning CS8600: Converting null literal or possible null value to non-nullable type. [/home/ubuntu/PROGRAMA-BETA/src/FiveMTool.csproj]
/home/ubuntu/PROGRAMA-BETA/src/External/CodeWalker.Core/GameFiles/GameFileCache.cs(5230,44): warning CS8600: Converting null literal or possible null value to non-nullable type. [/home/ubuntu/PROGRAMA-BETA/src/FiveMTool.csproj]
/home/ubuntu/PROGRAMA-BETA/src/External/CodeWalker.Core/GameFiles/Resources/Expression.cs(483,23): warning CS8618: Non-nullable property 'Data1' must contain a non-null value when exiting constructor. Consider declaring the property as nullable. [/home/ubuntu/PROGRAMA-BETA/src/FiveMTool.csproj]
/home/ubuntu/PROGRAMA-BETA/src/External/CodeWalker.Core/GameFiles/Resources/Expression.cs(484,23): warning CS8618: Non-nullable property 'Data2' must contain a non-null value when exiting constructor. Consider declaring the property as nullable. [/home/ubuntu/PROGRAMA-BETA/src/FiveMTool.csproj]
/home/ubuntu/PROGRAMA-BETA/src/External/CodeWalker.Core/GameFiles/Resources/Expression.cs(485,23): warning CS8618: Non-nullable property 'Data3' must contain a non-null value when exiting constructor. Consider declaring the property as nullable. [/home/ubuntu/PROGRAMA-BETA/src/FiveMTool.csproj]
/home/ubuntu/PROGRAMA-BETA/src/External/CodeWalker.Core/GameFiles/Resources/Expression.cs(488,38): warning CS8618: Non-nullable property 'Instructions' must contain a non-null value when exiting constructor. Consider declaring the property as nullable. [/home/ubuntu/PROGRAMA-BETA/src/FiveMTool.csproj]
/home/ubuntu/PROGRAMA-BETA/src/External/CodeWalker.Core/GameFiles/Resources/Expression.cs(932,36): warning CS8602: Dereference of a possibly null reference. [/home/ubuntu/PROGRAMA-BETA/src/FiveMTool.csproj]
/home/ubuntu/PROGRAMA-BETA/src/External/CodeWalker.Core/GameFiles/Resources/Expression.cs(933,36): warning CS8602: Dereference of a possibly null reference. [/home/ubuntu/PROGRAMA-BETA/src/FiveMTool.csproj]
/home/ubuntu/PROGRAMA-BETA/src/External/CodeWalker.Core/GameFiles/Resources/Expression.cs(934,36): warning CS8602: Dereference of a possibly null reference. [/home/ubuntu/PROGRAMA-BETA/src/FiveMTool.csproj]
/home/ubuntu/PROGRAMA-BETA/src/External/CodeWalker.Core/GameFiles/Resources/Expression.cs(935,36): warning CS8602: Dereference of a possibly null reference. [/home/ubuntu/PROGRAMA-BETA/src/FiveMTool.csproj]
/home/ubuntu/PROGRAMA-BETA/src/External/CodeWalker.Core/GameFiles/Resources/Expression.cs(936,36): warning CS8602: Dereference of a possibly null reference. [/home/ubuntu/PROGRAMA-BETA/src/FiveMTool.csproj]
/home/ubuntu/PROGRAMA-BETA/src/External/CodeWalker.Core/GameFiles/Resources/Expression.cs(937,36): warning CS8602: Dereference of a possibly null reference. [/home/ubuntu/PROGRAMA-BETA/src/FiveMTool.csproj]
/home/ubuntu/PROGRAMA-BETA/src/External/CodeWalker.Core/GameFiles/Resources/Expression.cs(942,40): warning CS8602: Dereference of a possibly null reference. [/home/ubuntu/PROGRAMA-BETA/src/FiveMTool.csproj]
/home/ubuntu/PROGRAMA-BETA/src/External/CodeWalker.Core/GameFiles/Resources/Expression.cs(943,40): warning CS8602: Dereference of a possibly null reference. [/home/ubuntu/PROGRAMA-BETA/src/FiveMTool.csproj]
/home/ubuntu/PROGRAMA-BETA/src/External/CodeWalker.Core/GameFiles/Resources/Expression.cs(944,40): warning CS8602: Dereference of a possibly null reference. [/home/ubuntu/PROGRAMA-BETA/src/FiveMTool.csproj]
/home/ubuntu/PROGRAMA-BETA/src/External/CodeWalker.Core/GameFiles/Resources/Expression.cs(824,20): warning CS8618: Non-nullable property 'Weights' must contain a non-null value when exiting constructor. Consider declaring the property as nullable. [/home/ubuntu/PROGRAMA-BETA/src/FiveMTool.csproj]
/home/ubuntu/PROGRAMA-BETA/src/External/CodeWalker.Core/GameFiles/Resources/Expression.cs(824,20): warning CS8618: Non-nullable property 'Offsets' must contain a non-null value when exiting constructor. Consider declaring the property as nullable. [/home/ubuntu/PROGRAMA-BETA/src/FiveMTool.csproj]
/home/ubuntu/PROGRAMA-BETA/src/External/CodeWalker.Core/GameFiles/Resources/Expression.cs(824,20): warning CS8618: Non-nullable property 'Thresholds' must contain a non-null value when exiting constructor. Consider declaring the property as nullable. [/home/ubuntu/PROGRAMA-BETA/src/FiveMTool.csproj]
/home/ubuntu/PROGRAMA-BETA/src/External/CodeWalker.Core/GameFiles/Resources/Drawable.cs(6969,70): warning CS8602: Dereference of a possibly null reference. [/home/ubuntu/PROGRAMA-BETA/src/FiveMTool.csproj]
/home/ubuntu/PROGRAMA-BETA/src/External/CodeWalker.Core/GameFiles/Resources/Drawable.cs(7172,38): warning CS8603: Possible null reference return. [/home/ubuntu/PROGRAMA-BETA/src/FiveMTool.csproj]
/home/ubuntu/PROGRAMA-BETA/src/External/CodeWalker.Core/GameFiles/Resources/Drawable.cs(7054,63): warning CS8625: Cannot convert null literal to non-nullable reference type. [/home/ubuntu/PROGRAMA-BETA/src/FiveMTool.csproj]
/home/ubuntu/PROGRAMA-BETA/src/External/CodeWalker.Core/GameFiles/Resources/Drawable.cs(7050,23): warning CS8618: Non-nullable property 'Hashes' must contain a non-null value when exiting constructor. Consider declaring the property as nullable. [/home/ubuntu/PROGRAMA-BETA/src/FiveMTool.csproj]
/home/ubuntu/PROGRAMA-BETA/src/External/CodeWalker.Core/GameFiles/Resources/Drawable.cs(7051,49): warning CS8618: Non-nullable property 'Drawables' must contain a non-null value when exiting constructor. Consider declaring the property as nullable. [/home/ubuntu/PROGRAMA-BETA/src/FiveMTool.csproj]
/home/ubuntu/PROGRAMA-BETA/src/External/CodeWalker.Core/GameFiles/Resources/Drawable.cs(6873,38): warning CS8603: Possible null reference return. [/home/ubuntu/PROGRAMA-BETA/src/FiveMTool.csproj]
/home/ubuntu/PROGRAMA-BETA/src/External/CodeWalker.Core/GameFiles/Resources/Drawable.cs(7010,38): warning CS8603: Possible null reference return. [/home/ubuntu/PROGRAMA-BETA/src/FiveMTool.csproj]
/home/ubuntu/PROGRAMA-BETA/src/External/CodeWalker.Core/GameFiles/Resources/Drawable.cs(6906,63): warning CS8625: Cannot convert null literal to non-nullable reference type. [/home/ubuntu/PROGRAMA-BETA/src/FiveMTool.csproj]
/home/ubuntu/PROGRAMA-BETA/src/External/CodeWalker.Core/GameFiles/Resources/Drawable.cs(6902,23): warning CS8618: Non-nullable property 'Hashes' must contain a non-null value when exiting constructor. Consider declaring the property as nullable. [/home/ubuntu/PROGRAMA-BETA/src/FiveMTool.csproj]
/home/ubuntu/PROGRAMA-BETA/src/External/CodeWalker.Core/GameFiles/Resources/Drawable.cs(6903,53): warning CS8618: Non-nullable property 'Drawables' must contain a non-null value when exiting constructor. Consider declaring the property as nullable. [/home/ubuntu/PROGRAMA-BETA/src/FiveMTool.csproj]
/home/ubuntu/PROGRAMA-BETA/src/External/CodeWalker.Core/GameFiles/Resources/Expression.cs(469,20): warning CS8603: Possible null reference return. [/home/ubuntu/PROGRAMA-BETA/src/FiveMTool.csproj]
/home/ubuntu/PROGRAMA-BETA/src/External/CodeWalker.Core/GameFiles/Resources/Expression.cs(189,56): warning CS8618: Non-nullable property 'Streams' must contain a non-null value when exiting constructor. Consider declaring the property as nullable. [/home/ubuntu/PROGRAMA-BETA/src/FiveMTool.csproj]
/home/ubuntu/PROGRAMA-BETA/src/External/CodeWalker.Core/GameFiles/Resources/Expression.cs(190,56): warning CS8618: Non-nullable property 'Tracks' must contain a non-null value when exiting constructor. Consider declaring the property as nullable. [/home/ubuntu/PROGRAMA-BETA/src/FiveMTool.csproj]
/home/ubuntu/PROGRAMA-BETA/src/External/CodeWalker.Core/GameFiles/Resources/Expression.cs(191,71): warning CS8618: Non-nullable property 'Springs' must contain a non-null value when exiting constructor. Consider declaring the property as nullable. [/home/ubuntu/PROGRAMA-BETA/src/FiveMTool.csproj]
/home/ubuntu/PROGRAMA-BETA/src/External/CodeWalker.Core/GameFiles/Resources/Expression.cs(192,49): warning CS8618: Non-nullable property 'Variables' must contain a non-null value when exiting constructor. Consider declaring the property as nullable. [/home/ubuntu/PROGRAMA-BETA/src/FiveMTool.csproj]
/home/ubuntu/PROGRAMA-BETA/src/External/CodeWalker.Core/GameFiles/Resources/Expression.cs(206,25): warning CS8618: Non-nullable property 'Name' must contain a non-null value when exiting constructor. Consider declaring the property as nullable. [/home/ubuntu/PROGRAMA-BETA/src/FiveMTool.csproj]
/home/ubuntu/PROGRAMA-BETA/src/External/CodeWalker.Core/GameFiles/Resources/Expression.cs(209,61): warning CS8618: Non-nullable property 'BoneTracksDict' must contain a non-null value when exiting constructor. Consider declaring the property as nullable. [/home/ubuntu/PROGRAMA-BETA/src/FiveMTool.csproj]
/home/ubuntu/PROGRAMA-BETA/src/External/CodeWalker.Core/GameFiles/Resources/Drawable.cs(6796,38): warning CS8603: Possible null reference return. [/home/ubuntu/PROGRAMA-BETA/src/FiveMTool.csproj]
/home/ubuntu/PROGRAMA-BETA/src/External/CodeWalker.Core/GameFiles/Resources/Drawable.cs(5763,53): error CS0121: The call is ambiguous between the following methods or properties: 'CodeWalker.QuaternionExtension.Multiply(SharpDX.Quaternion, SharpDX.Vector3)' and 'CodeWalker.QuaternionExtension.Multiply(SharpDX.Quaternion, SharpDX.Vector3)' [/home/ubuntu/PROGRAMA-BETA/src/FiveMTool.csproj]
/home/ubuntu/PROGRAMA-BETA/src/External/CodeWalker.Core/GameFiles/Resources/Drawable.cs(5764,51): error CS0121: The call is ambiguous between the following methods or properties: 'CodeWalker.QuaternionExtension.Multiply(SharpDX.Quaternion, SharpDX.Vector3)' and 'CodeWalker.QuaternionExtension.Multiply(SharpDX.Quaternion, SharpDX.Vector3)' [/home/ubuntu/PROGRAMA-BETA/src/FiveMTool.csproj]
/home/ubuntu/PROGRAMA-BETA/src/External/CodeWalker.Core/GameFiles/Resources/Drawable.cs(6702,38): warning CS8625: Cannot convert null literal to non-nullable reference type. [/home/ubuntu/PROGRAMA-BETA/src/FiveMTool.csproj]
/home/ubuntu/PROGRAMA-BETA/src/External/CodeWalker.Core/GameFiles/Resources/Drawable.cs(6691,54): warning CS8618: Non-nullable property 'LightAttributes' must contain a non-null value when exiting constructor. Consider declaring the property as nullable. [/home/ubuntu/PROGRAMA-BETA/src/FiveMTool.csproj]
/home/ubuntu/PROGRAMA-BETA/src/External/CodeWalker.Core/GameFiles/Resources/Drawable.cs(6696,23): warning CS8618: Non-nullable property 'Name' must contain a non-null value when exiting constructor. Consider declaring the property as nullable. [/home/ubuntu/PROGRAMA-BETA/src/FiveMTool.csproj]
/home/ubuntu/PROGRAMA-BETA/src/External/CodeWalker.Core/GameFiles/Resources/Drawable.cs(6697,23): warning CS8618: Non-nullable property 'Bound' must contain a non-null value when exiting constructor. Consider declaring the property as nullable. [/home/ubuntu/PROGRAMA-BETA/src/FiveMTool.csproj]
/home/ubuntu/PROGRAMA-BETA/src/External/CodeWalker.Core/GameFiles/Resources/Drawable.cs(6699,23): warning CS8618: Non-nullable property 'ErrorMessage' must contain a non-null value when exiting constructor. Consider declaring the property as nullable. [/home/ubuntu/PROGRAMA-BETA/src/FiveMTool.csproj]
/home/ubuntu/PROGRAMA-BETA/src/External/CodeWalker.Core/GameFiles/GameFileCache.cs(5405,41): warning CS8602: Dereference of a possibly null reference. [/home/ubuntu/PROGRAMA-BETA/src/FiveMTool.csproj]
/home/ubuntu/PROGRAMA-BETA/src/External/CodeWalker.Core/GameFiles/GameFileCache.cs(5274,54): warning CS8600: Converting null literal or possible null value to non-nullable type. [/home/ubuntu/PROGRAMA-BETA/src/FiveMTool.csproj]
/home/ubuntu/PROGRAMA-BETA/src/External/CodeWalker.Core/GameFiles/GameFileCache.cs(5275,59): warning CS8600: Converting null literal or possible null value to non-nullable type. [/home/ubuntu/PROGRAMA-BETA/src/FiveMTool.csproj]
/home/ubuntu/PROGRAMA-BETA/src/External/CodeWalker.Core/GameFiles/GameFileCache.cs(5281,44): warning CS8604: Possible null reference argument for parameter 'g' in 'void ShaderXmlDataCollection.AddShaderUse(ShaderFX s, DrawableGeometry g)'. [/home/ubuntu/PROGRAMA-BETA/src/FiveMTool.csproj]
/home/ubuntu/PROGRAMA-BETA/src/External/CodeWalker.Core/GameFiles/Resources/Drawable.cs(5627,71): warning CS8625: Cannot convert null literal to non-nullable reference type. [/home/ubuntu/PROGRAMA-BETA/src/FiveMTool.csproj]
/home/ubuntu/PROGRAMA-BETA/src/External/CodeWalker.Core/GameFiles/Resources/Drawable.cs(5115,43): warning CS8603: Possible null reference return. [/home/ubuntu/PROGRAMA-BETA/src/FiveMTool.csproj]
/home/ubuntu/PROGRAMA-BETA/src/External/CodeWalker.Core/GameFiles/Resources/Drawable.cs(5484,66): warning CS8625: Cannot convert null literal to non-nullable reference type. [/home/ubuntu/PROGRAMA-BETA/src/FiveMTool.csproj]
/home/ubuntu/PROGRAMA-BETA/src/External/CodeWalker.Core/GameFiles/Resources/Drawable.cs(5475,37): warning CS8618: Non-nullable property 'G9_SRV' must contain a non-null value when exiting constructor. Consider declaring the property as nullable. [/home/ubuntu/PROGRAMA-BETA/src/FiveMTool.csproj]
/home/ubuntu/PROGRAMA-BETA/src/External/CodeWalker.Core/GameFiles/Resources/Drawable.cs(5481,25): warning CS8618: Non-nullable property 'Indices' must contain a non-null value when exiting constructor. Consider declaring the property as nullable. [/home/ubuntu/PROGRAMA-BETA/src/FiveMTool.csproj]
/home/ubuntu/PROGRAMA-BETA/src/External/CodeWalker.Core/GameFiles/Resources/Drawable.cs(5074,23): warning CS8618: Non-nullable property 'Offsets' must contain a non-null value when exiting constructor. Consider declaring the property as nullable. [/home/ubuntu/PROGRAMA-BETA/src/FiveMTool.csproj]
/home/ubuntu/PROGRAMA-BETA/src/External/CodeWalker.Core/GameFiles/Resources/Drawable.cs(5075,23): warning CS8618: Non-nullable property 'Sizes' must contain a non-null value when exiting constructor. Consider declaring the property as nullable. [/home/ubuntu/PROGRAMA-BETA/src/FiveMTool.csproj]
/home/ubuntu/PROGRAMA-BETA/src/External/CodeWalker.Core/GameFiles/Resources/Drawable.cs(5076,23): warning CS8618: Non-nullable property 'Types' must contain a non-null value when exiting constructor. Consider declaring the property as nullable. [/home/ubuntu/PROGRAMA-BETA/src/FiveMTool.csproj]
/home/ubuntu/PROGRAMA-BETA/src/External/CodeWalker.Core/GameFiles/Resources/Drawable.cs(6419,34): warning CS8625: Cannot convert null literal to non-nullable reference type. [/home/ubuntu/PROGRAMA-BETA/src/FiveMTool.csproj]
/home/ubuntu/PROGRAMA-BETA/src/External/CodeWalker.Core/GameFiles/Resources/Drawable.cs(6460,39): warning CS8601: Possible null reference assignment. [/home/ubuntu/PROGRAMA-BETA/src/FiveMTool.csproj]
/home/ubuntu/PROGRAMA-BETA/src/External/CodeWalker.Core/GameFiles/Resources/Drawable.cs(6513,41): warning CS8604: Possible null reference argument for parameter 'models' in 'byte DrawableBase.BuildRenderMask(DrawableModel[] models)'. [/home/ubuntu/PROGRAMA-BETA/src/FiveMTool.csproj]
/home/ubuntu/PROGRAMA-BETA/src/External/CodeWalker.Core/GameFiles/Resources/Drawable.cs(6514,41): warning CS8604: Possible null reference argument for parameter 'models' in 'byte DrawableBase.BuildRenderMask(DrawableModel[] models)'. [/home/ubuntu/PROGRAMA-BETA/src/FiveMTool.csproj]
/home/ubuntu/PROGRAMA-BETA/src/External/CodeWalker.Core/GameFiles/Resources/Drawable.cs(6515,41): warning CS8604: Possible null reference argument for parameter 'models' in 'byte DrawableBase.BuildRenderMask(DrawableModel[] models)'. [/home/ubuntu/PROGRAMA-BETA/src/FiveMTool.csproj]
/home/ubuntu/PROGRAMA-BETA/src/External/CodeWalker.Core/GameFiles/Resources/Drawable.cs(6516,41): warning CS8604: Possible null reference argument for parameter 'models' in 'byte DrawableBase.BuildRenderMask(DrawableModel[] models)'. [/home/ubuntu/PROGRAMA-BETA/src/FiveMTool.csproj]
/home/ubuntu/PROGRAMA-BETA/src/External/CodeWalker.Core/GameFiles/Resources/Drawable.cs(6550,30): warning CS8600: Converting null literal or possible null value to non-nullable type. [/home/ubuntu/PROGRAMA-BETA/src/FiveMTool.csproj]
/home/ubuntu/PROGRAMA-BETA/src/External/CodeWalker.Core/GameFiles/Resources/Drawable.cs(6591,30): warning CS8601: Possible null reference assignment. [/home/ubuntu/PROGRAMA-BETA/src/FiveMTool.csproj]
/home/ubuntu/PROGRAMA-BETA/src/External/CodeWalker.Core/GameFiles/Resources/Drawable.cs(6593,41): warning CS8601: Possible null reference assignment. [/home/ubuntu/PROGRAMA-BETA/src/FiveMTool.csproj]
/home/ubuntu/PROGRAMA-BETA/src/External/CodeWalker.Core/GameFiles/Resources/Drawable.cs(6594,40): warning CS8601: Possible null reference assignment. [/home/ubuntu/PROGRAMA-BETA/src/FiveMTool.csproj]
/home/ubuntu/PROGRAMA-BETA/src/External/CodeWalker.Core/GameFiles/Resources/Drawable.cs(6595,40): warning CS8601: Possible null reference assignment. [/home/ubuntu/PROGRAMA-BETA/src/FiveMTool.csproj]
/home/ubuntu/PROGRAMA-BETA/src/External/CodeWalker.Core/GameFiles/Resources/Drawable.cs(6596,41): warning CS8601: Possible null reference assignment. [/home/ubuntu/PROGRAMA-BETA/src/FiveMTool.csproj]
/home/ubuntu/PROGRAMA-BETA/src/External/CodeWalker.Core/GameFiles/Resources/Drawable.cs(6597,42): warning CS8601: Possible null reference assignment. [/home/ubuntu/PROGRAMA-BETA/src/FiveMTool.csproj]
/home/ubuntu/PROGRAMA-BETA/src/External/CodeWalker.Core/GameFiles/Resources/Drawable.cs(6603,20): warning CS8603: Possible null reference return. [/home/ubuntu/PROGRAMA-BETA/src/FiveMTool.csproj]
/home/ubuntu/PROGRAMA-BETA/src/External/CodeWalker.Core/GameFiles/Resources/Drawable.cs(6032,28): warning CS8618: Non-nullable property 'ShaderGroup' must contain a non-null value when exiting constructor. Consider declaring the property as nullable. [/home/ubuntu/PROGRAMA-BETA/src/FiveMTool.csproj]
/home/ubuntu/PROGRAMA-BETA/src/External/CodeWalker.Core/GameFiles/Resources/Drawable.cs(6033,25): warning CS8618: Non-nullable property 'Skeleton' must contain a non-null value when exiting constructor. Consider declaring the property as nullable. [/home/ubuntu/PROGRAMA-BETA/src/FiveMTool.csproj]
/home/ubuntu/PROGRAMA-BETA/src/External/CodeWalker.Core/GameFiles/Resources/Drawable.cs(6034,23): warning CS8618: Non-nullable property 'Joints' must contain a non-null value when exiting constructor. Consider declaring the property as nullable. [/home/ubuntu/PROGRAMA-BETA/src/FiveMTool.csproj]
/home/ubuntu/PROGRAMA-BETA/src/External/CodeWalker.Core/GameFiles/Resources/Drawable.cs(6035,36): warning CS8618: Non-nullable property 'DrawableModels' must contain a non-null value when exiting constructor. Consider declaring the property as nullable. [/home/ubuntu/PROGRAMA-BETA/src/FiveMTool.csproj]
/home/ubuntu/PROGRAMA-BETA/src/External/CodeWalker.Core/GameFiles/Resources/Drawable.cs(6038,32): warning CS8618: Non-nullable property 'AllModels' must contain a non-null value when exiting constructor. Consider declaring the property as nullable. [/home/ubuntu/PROGRAMA-BETA/src/FiveMTool.csproj]
/home/ubuntu/PROGRAMA-BETA/src/External/CodeWalker.Core/GameFiles/Resources/Drawable.cs(6039,53): warning CS8618: Non-nullable property 'VertexDecls' must contain a non-null value when exiting constructor. Consider declaring the property as nullable. [/home/ubuntu/PROGRAMA-BETA/src/FiveMTool.csproj]
/home/ubuntu/PROGRAMA-BETA/src/External/CodeWalker.Core/GameFiles/Resources/Drawable.cs(6041,23): warning CS8618: Non-nullable property 'Owner' must contain a non-null value when exiting constructor. Consider declaring the property as nullable. [/home/ubuntu/PROGRAMA-BETA/src/FiveMTool.csproj]
/home/ubuntu/PROGRAMA-BETA/src/External/CodeWalker.Core/GameFiles/Resources/Drawable.cs(3941,27): warning CS8601: Possible null reference assignment. [/home/ubuntu/PROGRAMA-BETA/src/FiveMTool.csproj]
/home/ubuntu/PROGRAMA-BETA/src/External/CodeWalker.Core/GameFiles/Resources/Drawable.cs(3711,29): warning CS8618: Non-nullable property 'VertexBuffer' must contain a non-null value when exiting constructor. Consider declaring the property as nullable. [/home/ubuntu/PROGRAMA-BETA/src/FiveMTool.csproj]
/home/ubuntu/PROGRAMA-BETA/src/External/CodeWalker.Core/GameFiles/Resources/Drawable.cs(3712,28): warning CS8618: Non-nullable property 'IndexBuffer' must contain a non-null value when exiting constructor. Consider declaring the property as nullable. [/home/ubuntu/PROGRAMA-BETA/src/FiveMTool.csproj]
/home/ubuntu/PROGRAMA-BETA/src/External/CodeWalker.Core/GameFiles/Resources/Drawable.cs(3713,27): warning CS8618: Non-nullable property 'VertexData' must contain a non-null value when exiting constructor. Consider declaring the property as nullable. [/home/ubuntu/PROGRAMA-BETA/src/FiveMTool.csproj]
/home/ubuntu/PROGRAMA-BETA/src/External/CodeWalker.Core/GameFiles/Resources/Drawable.cs(3714,25): warning CS8618: Non-nullable property 'BoneIds' must contain a non-null value when exiting constructor. Consider declaring the property as nullable. [/home/ubuntu/PROGRAMA-BETA/src/FiveMTool.csproj]
/home/ubuntu/PROGRAMA-BETA/src/External/CodeWalker.Core/GameFiles/Resources/Drawable.cs(3715,25): warning CS8618: Non-nullable property 'Shader' must contain a non-null value when exiting constructor. Consider declaring the property as nullable. [/home/ubuntu/PROGRAMA-BETA/src/FiveMTool.csproj]
/home/ubuntu/PROGRAMA-BETA/src/External/CodeWalker.Core/GameFiles/Resources/Drawable.cs(4295,38): warning CS8603: Possible null reference return. [/home/ubuntu/PROGRAMA-BETA/src/FiveMTool.csproj]
/home/ubuntu/PROGRAMA-BETA/src/External/CodeWalker.Core/GameFiles/Resources/Drawable.cs(4296,52): warning CS8603: Possible null reference return. [/home/ubuntu/PROGRAMA-BETA/src/FiveMTool.csproj]
/home/ubuntu/PROGRAMA-BETA/src/External/CodeWalker.Core/GameFiles/Resources/Drawable.cs(4365,21): warning CS8601: Possible null reference assignment. [/home/ubuntu/PROGRAMA-BETA/src/FiveMTool.csproj]
/home/ubuntu/PROGRAMA-BETA/src/External/CodeWalker.Core/GameFiles/GameFileCache.cs(5658,40): warning CS8602: Dereference of a possibly null reference. [/home/ubuntu/PROGRAMA-BETA/src/FiveMTool.csproj]
/home/ubuntu/PROGRAMA-BETA/src/External/CodeWalker.Core/GameFiles/GameFileCache.cs(5661,58): warning CS8604: Possible null reference argument for parameter 'text' in 'uint JenkHash.GenHash(string text)'. [/home/ubuntu/PROGRAMA-BETA/src/FiveMTool.csproj]
/home/ubuntu/PROGRAMA-BETA/src/External/CodeWalker.Core/GameFiles/GameFileCache.cs(5685,39): warning CS8602: Dereference of a possibly null reference. [/home/ubuntu/PROGRAMA-BETA/src/FiveMTool.csproj]
/home/ubuntu/PROGRAMA-BETA/src/External/CodeWalker.Core/GameFiles/GameFileCache.cs(5689,63): warning CS8604: Possible null reference argument for parameter 'text' in 'uint JenkHash.GenHash(string text)'. [/home/ubuntu/PROGRAMA-BETA/src/FiveMTool.csproj]
/home/ubuntu/PROGRAMA-BETA/src/External/CodeWalker.Core/GameFiles/Resources/Drawable.cs(4006,37): warning CS8618: Non-nullable property 'G9_SRV' must contain a non-null value when exiting constructor. Consider declaring the property as nullable. [/home/ubuntu/PROGRAMA-BETA/src/FiveMTool.csproj]
/home/ubuntu/PROGRAMA-BETA/src/External/CodeWalker.Core/GameFiles/Resources/Drawable.cs(4007,36): warning CS8618: Non-nullable property 'G9_Info' must contain a non-null value when exiting constructor. Consider declaring the property as nullable. [/home/ubuntu/PROGRAMA-BETA/src/FiveMTool.csproj]
/home/ubuntu/PROGRAMA-BETA/src/External/CodeWalker.Core/GameFiles/Resources/Drawable.cs(4011,27): warning CS8618: Non-nullable property 'Data1' must contain a non-null value when exiting constructor. Consider declaring the property as nullable. [/home/ubuntu/PROGRAMA-BETA/src/FiveMTool.csproj]
/home/ubuntu/PROGRAMA-BETA/src/External/CodeWalker.Core/GameFiles/Resources/Drawable.cs(4012,27): warning CS8618: Non-nullable property 'Data2' must contain a non-null value when exiting constructor. Consider declaring the property as nullable. [/home/ubuntu/PROGRAMA-BETA/src/FiveMTool.csproj]
/home/ubuntu/PROGRAMA-BETA/src/External/CodeWalker.Core/GameFiles/Resources/Drawable.cs(4013,34): warning CS8618: Non-nullable property 'Info' must contain a non-null value when exiting constructor. Consider declaring the property as nullable. [/home/ubuntu/PROGRAMA-BETA/src/FiveMTool.csproj]
/home/ubuntu/PROGRAMA-BETA/src/External/CodeWalker.Core/GameFiles/Resources/Drawable.cs(3103,21): warning CS8601: Possible null reference assignment. [/home/ubuntu/PROGRAMA-BETA/src/FiveMTool.csproj]
/home/ubuntu/PROGRAMA-BETA/src/External/CodeWalker.Core/GameFiles/GameFileCache.cs(5739,33): warning CS8602: Dereference of a possibly null reference. [/home/ubuntu/PROGRAMA-BETA/src/FiveMTool.csproj]
/home/ubuntu/PROGRAMA-BETA/src/External/CodeWalker.Core/GameFiles/GameFileCache.cs(5770,38): warning CS8604: Possible null reference argument for parameter 'path1' in 'string Path.Combine(string path1, string path2)'. [/home/ubuntu/PROGRAMA-BETA/src/FiveMTool.csproj]
/home/ubuntu/PROGRAMA-BETA/src/External/CodeWalker.Core/GameFiles/GameFileCache.cs(5779,40): warning CS8602: Dereference of a possibly null reference. [/home/ubuntu/PROGRAMA-BETA/src/FiveMTool.csproj]
/home/ubuntu/PROGRAMA-BETA/src/External/CodeWalker.Core/GameFiles/GameFileCache.cs(5785,58): warning CS8604: Possible null reference argument for parameter 'text' in 'uint JenkHash.GenHash(string text)'. [/home/ubuntu/PROGRAMA-BETA/src/FiveMTool.csproj]
/home/ubuntu/PROGRAMA-BETA/src/External/CodeWalker.Core/GameFiles/GameFileCache.cs(5793,39): warning CS8602: Dereference of a possibly null reference. [/home/ubuntu/PROGRAMA-BETA/src/FiveMTool.csproj]
/home/ubuntu/PROGRAMA-BETA/src/External/CodeWalker.Core/GameFiles/GameFileCache.cs(5798,50): warning CS8604: Possible null reference argument for parameter 'text' in 'uint JenkHash.GenHash(string text)'. [/home/ubuntu/PROGRAMA-BETA/src/FiveMTool.csproj]
/home/ubuntu/PROGRAMA-BETA/src/External/CodeWalker.Core/GameFiles/GameFileCache.cs(5799,53): warning CS8604: Possible null reference argument for parameter 'text' in 'uint JenkHash.GenHash(string text)'. [/home/ubuntu/PROGRAMA-BETA/src/FiveMTool.csproj]
/home/ubuntu/PROGRAMA-BETA/src/External/CodeWalker.Core/GameFiles/GameFileCache.cs(5763,73): warning CS8618: Non-nullable field 'ShadersGen9ConversionData' must contain a non-null value when exiting constructor. Consider declaring the field as nullable. [/home/ubuntu/PROGRAMA-BETA/src/FiveMTool.csproj]
/home/ubuntu/PROGRAMA-BETA/src/External/CodeWalker.Core/GameFiles/Resources/Drawable.cs(3080,29): warning CS8618: Non-nullable field 'Owner' must contain a non-null value when exiting constructor. Consider declaring the field as nullable. [/home/ubuntu/PROGRAMA-BETA/src/FiveMTool.csproj]
/home/ubuntu/PROGRAMA-BETA/src/External/CodeWalker.Core/GameFiles/Resources/Drawable.cs(3082,32): warning CS8618: Non-nullable property 'High' must contain a non-null value when exiting constructor. Consider declaring the property as nullable. [/home/ubuntu/PROGRAMA-BETA/src/FiveMTool.csproj]
/home/ubuntu/PROGRAMA-BETA/src/External/CodeWalker.Core/GameFiles/Resources/Drawable.cs(3083,32): warning CS8618: Non-nullable property 'Med' must contain a non-null value when exiting constructor. Consider declaring the property as nullable. [/home/ubuntu/PROGRAMA-BETA/src/FiveMTool.csproj]
/home/ubuntu/PROGRAMA-BETA/src/External/CodeWalker.Core/GameFiles/Resources/Drawable.cs(3084,32): warning CS8618: Non-nullable property 'Low' must contain a non-null value when exiting constructor. Consider declaring the property as nullable. [/home/ubuntu/PROGRAMA-BETA/src/FiveMTool.csproj]
/home/ubuntu/PROGRAMA-BETA/src/External/CodeWalker.Core/GameFiles/Resources/Drawable.cs(3085,32): warning CS8618: Non-nullable property 'VLow' must contain a non-null value when exiting constructor. Consider declaring the property as nullable. [/home/ubuntu/PROGRAMA-BETA/src/FiveMTool.csproj]
/home/ubuntu/PROGRAMA-BETA/src/External/CodeWalker.Core/GameFiles/Resources/Drawable.cs(3086,32): warning CS8618: Non-nullable property 'Extra' must contain a non-null value when exiting constructor. Consider declaring the property as nullable. [/home/ubuntu/PROGRAMA-BETA/src/FiveMTool.csproj]
/home/ubuntu/PROGRAMA-BETA/src/External/CodeWalker.Core/GameFiles/Resources/Drawable.cs(3094,24): warning CS8618: Non-nullable property 'HighPointers' must contain a non-null value when exiting constructor. Consider declaring the property as nullable. [/home/ubuntu/PROGRAMA-BETA/src/FiveMTool.csproj]
/home/ubuntu/PROGRAMA-BETA/src/External/CodeWalker.Core/GameFiles/Resources/Drawable.cs(3095,24): warning CS8618: Non-nullable property 'MedPointers' must contain a non-null value when exiting constructor. Consider declaring the property as nullable. [/home/ubuntu/PROGRAMA-BETA/src/FiveMTool.csproj]
/home/ubuntu/PROGRAMA-BETA/src/External/CodeWalker.Core/GameFiles/Resources/Drawable.cs(3096,24): warning CS8618: Non-nullable property 'LowPointers' must contain a non-null value when exiting constructor. Consider declaring the property as nullable. [/home/ubuntu/PROGRAMA-BETA/src/FiveMTool.csproj]
/home/ubuntu/PROGRAMA-BETA/src/External/CodeWalker.Core/GameFiles/Resources/Drawable.cs(3097,24): warning CS8618: Non-nullable property 'VLowPointers' must contain a non-null value when exiting constructor. Consider declaring the property as nullable. [/home/ubuntu/PROGRAMA-BETA/src/FiveMTool.csproj]
/home/ubuntu/PROGRAMA-BETA/src/External/CodeWalker.Core/GameFiles/Resources/Drawable.cs(3098,24): warning CS8618: Non-nullable property 'ExtraPointers' must contain a non-null value when exiting constructor. Consider declaring the property as nullable. [/home/ubuntu/PROGRAMA-BETA/src/FiveMTool.csproj]
/home/ubuntu/PROGRAMA-BETA/src/External/CodeWalker.Core/GameFiles/Resources/Drawable.cs(2662,40): error CS0121: The call is ambiguous between the following methods or properties: 'CodeWalker.QuaternionExtension.ToVector4(SharpDX.Quaternion)' and 'CodeWalker.QuaternionExtension.ToVector4(SharpDX.Quaternion)' [/home/ubuntu/PROGRAMA-BETA/src/FiveMTool.csproj]
/home/ubuntu/PROGRAMA-BETA/src/External/CodeWalker.Core/GameFiles/Resources/Drawable.cs(2817,87): warning CS8625: Cannot convert null literal to non-nullable reference type. [/home/ubuntu/PROGRAMA-BETA/src/FiveMTool.csproj]
/home/ubuntu/PROGRAMA-BETA/src/External/CodeWalker.Core/GameFiles/Resources/Drawable.cs(2818,93): warning CS8625: Cannot convert null literal to non-nullable reference type. [/home/ubuntu/PROGRAMA-BETA/src/FiveMTool.csproj]
/home/ubuntu/PROGRAMA-BETA/src/External/CodeWalker.Core/GameFiles/Resources/Drawable.cs(2814,39): warning CS8618: Non-nullable property 'RotationLimits' must contain a non-null value when exiting constructor. Consider declaring the property as nullable. [/home/ubuntu/PROGRAMA-BETA/src/FiveMTool.csproj]
/home/ubuntu/PROGRAMA-BETA/src/External/CodeWalker.Core/GameFiles/Resources/Drawable.cs(2815,42): warning CS8618: Non-nullable property 'TranslationLimits' must contain a non-null value when exiting constructor. Consider declaring the property as nullable. [/home/ubuntu/PROGRAMA-BETA/src/FiveMTool.csproj]
/home/ubuntu/PROGRAMA-BETA/src/External/CodeWalker.Core/GameFiles/Resources/Drawable.cs(2686,100): error CS0121: The call is ambiguous between the following methods or properties: 'CodeWalker.QuaternionExtension.ToVector4(SharpDX.Quaternion)' and 'CodeWalker.QuaternionExtension.ToVector4(SharpDX.Quaternion)' [/home/ubuntu/PROGRAMA-BETA/src/FiveMTool.csproj]
/home/ubuntu/PROGRAMA-BETA/src/External/CodeWalker.Core/GameFiles/GameFileCache.cs(5956,23): warning CS8600: Converting null literal or possible null value to non-nullable type. [/home/ubuntu/PROGRAMA-BETA/src/FiveMTool.csproj]
/home/ubuntu/PROGRAMA-BETA/src/External/CodeWalker.Core/GameFiles/GameFileCache.cs(5957,43): warning CS8600: Converting null literal or possible null value to non-nullable type. [/home/ubuntu/PROGRAMA-BETA/src/FiveMTool.csproj]
/home/ubuntu/PROGRAMA-BETA/src/External/CodeWalker.Core/GameFiles/Resources/Drawable.cs(2700,72): error CS0121: The call is ambiguous between the following methods or properties: 'CodeWalker.Vectors.ToQuaternion(SharpDX.Vector4)' and 'CodeWalker.Vectors.ToQuaternion(SharpDX.Vector4)' [/home/ubuntu/PROGRAMA-BETA/src/FiveMTool.csproj]
/home/ubuntu/PROGRAMA-BETA/src/External/CodeWalker.Core/GameFiles/Resources/Drawable.cs(2153,32): warning CS8618: Non-nullable property 'Next' must contain a non-null value when exiting constructor. Consider declaring the property as nullable. [/home/ubuntu/PROGRAMA-BETA/src/FiveMTool.csproj]
/home/ubuntu/PROGRAMA-BETA/src/External/CodeWalker.Core/GameFiles/GameFileCache.cs(5859,26): warning CS8618: Non-nullable field 'BufferSizes' must contain a non-null value when exiting constructor. Consider declaring the field as nullable. [/home/ubuntu/PROGRAMA-BETA/src/FiveMTool.csproj]
/home/ubuntu/PROGRAMA-BETA/src/External/CodeWalker.Core/GameFiles/GameFileCache.cs(5860,27): warning CS8618: Non-nullable field 'SamplerValues' must contain a non-null value when exiting constructor. Consider declaring the field as nullable. [/home/ubuntu/PROGRAMA-BETA/src/FiveMTool.csproj]
/home/ubuntu/PROGRAMA-BETA/src/External/CodeWalker.Core/GameFiles/GameFileCache.cs(5861,40): warning CS8618: Non-nullable field 'ParamInfos' must contain a non-null value when exiting constructor. Consider declaring the field as nullable. [/home/ubuntu/PROGRAMA-BETA/src/FiveMTool.csproj]
/home/ubuntu/PROGRAMA-BETA/src/External/CodeWalker.Core/GameFiles/GameFileCache.cs(5862,51): warning CS8618: Non-nullable field 'ParamsMapGen9ToLegacy' must contain a non-null value when exiting constructor. Consider declaring the field as nullable. [/home/ubuntu/PROGRAMA-BETA/src/FiveMTool.csproj]
/home/ubuntu/PROGRAMA-BETA/src/External/CodeWalker.Core/GameFiles/GameFileCache.cs(5863,51): warning CS8618: Non-nullable field 'ParamsMapLegacyToGen9' must contain a non-null value when exiting constructor. Consider declaring the field as nullable. [/home/ubuntu/PROGRAMA-BETA/src/FiveMTool.csproj]
/home/ubuntu/PROGRAMA-BETA/src/External/CodeWalker.Core/GameFiles/Resources/Drawable.cs(4410,34): warning CS8618: Non-nullable property 'Info' must contain a non-null value when exiting constructor. Consider declaring the property as nullable. [/home/ubuntu/PROGRAMA-BETA/src/FiveMTool.csproj]
/home/ubuntu/PROGRAMA-BETA/src/External/CodeWalker.Core/GameFiles/Resources/Drawable.cs(4413,23): warning CS8618: Non-nullable property 'VertexBytes' must contain a non-null value when exiting constructor. Consider declaring the property as nullable. [/home/ubuntu/PROGRAMA-BETA/src/FiveMTool.csproj]
/home/ubuntu/PROGRAMA-BETA/src/External/CodeWalker.Core/GameFiles/Resources/Drawable.cs(4414,23): warning CS8618: Non-nullable property 'G9_VertexBytes' must contain a non-null value when exiting constructor. Consider declaring the property as nullable. [/home/ubuntu/PROGRAMA-BETA/src/FiveMTool.csproj]
/home/ubuntu/PROGRAMA-BETA/src/External/CodeWalker.Core/GameFiles/Resources/Drawable.cs(2118,31): warning CS8602: Dereference of a possibly null reference. [/home/ubuntu/PROGRAMA-BETA/src/FiveMTool.csproj]
/home/ubuntu/PROGRAMA-BETA/src/External/CodeWalker.Core/GameFiles/Resources/Drawable.cs(2604,38): warning CS8625: Cannot convert null literal to non-nullable reference type. [/home/ubuntu/PROGRAMA-BETA/src/FiveMTool.csproj]
/home/ubuntu/PROGRAMA-BETA/src/External/CodeWalker.Core/GameFiles/Resources/Drawable.cs(2600,23): warning CS8618: Non-nullable property 'Name' must contain a non-null value when exiting constructor. Consider declaring the property as nullable. [/home/ubuntu/PROGRAMA-BETA/src/FiveMTool.csproj]
/home/ubuntu/PROGRAMA-BETA/src/External/CodeWalker.Core/GameFiles/Resources/Drawable.cs(2602,21): warning CS8618: Non-nullable property 'Parent' must contain a non-null value when exiting constructor. Consider declaring the property as nullable. [/home/ubuntu/PROGRAMA-BETA/src/FiveMTool.csproj]
/home/ubuntu/PROGRAMA-BETA/src/External/CodeWalker.Core/GameFiles/Resources/Drawable.cs(2079,23): warning CS8618: Non-nullable property 'Items' must contain a non-null value when exiting constructor. Consider declaring the property as nullable. [/home/ubuntu/PROGRAMA-BETA/src/FiveMTool.csproj]
/home/ubuntu/PROGRAMA-BETA/src/External/CodeWalker.Core/GameFiles/Resources/Drawable.cs(1292,36): warning CS8618: Non-nullable property 'Params' must contain a non-null value when exiting constructor. Consider declaring the property as nullable. [/home/ubuntu/PROGRAMA-BETA/src/FiveMTool.csproj]
/home/ubuntu/PROGRAMA-BETA/src/External/CodeWalker.Core/GameFiles/Resources/Drawable.cs(608,35): warning CS8602: Dereference of a possibly null reference. [/home/ubuntu/PROGRAMA-BETA/src/FiveMTool.csproj]
/home/ubuntu/PROGRAMA-BETA/src/External/CodeWalker.Core/GameFiles/Resources/Drawable.cs(568,20): warning CS8603: Possible null reference return. [/home/ubuntu/PROGRAMA-BETA/src/FiveMTool.csproj]
/home/ubuntu/PROGRAMA-BETA/src/External/CodeWalker.Core/GameFiles/Resources/Drawable.cs(547,23): warning CS8618: Non-nullable property 'Data' must contain a non-null value when exiting constructor. Consider declaring the property as nullable. [/home/ubuntu/PROGRAMA-BETA/src/FiveMTool.csproj]
/home/ubuntu/PROGRAMA-BETA/src/External/CodeWalker.Core/GameFiles/Resources/Drawable.cs(3629,26): warning CS8601: Possible null reference assignment. [/home/ubuntu/PROGRAMA-BETA/src/FiveMTool.csproj]
/home/ubuntu/PROGRAMA-BETA/src/External/CodeWalker.Core/GameFiles/Resources/Drawable.cs(3630,29): warning CS8601: Possible null reference assignment. [/home/ubuntu/PROGRAMA-BETA/src/FiveMTool.csproj]
/home/ubuntu/PROGRAMA-BETA/src/External/CodeWalker.Core/GameFiles/Resources/Drawable.cs(322,45): warning CS8602: Dereference of a possibly null reference. [/home/ubuntu/PROGRAMA-BETA/src/FiveMTool.csproj]
/home/ubuntu/PROGRAMA-BETA/src/External/CodeWalker.Core/GameFiles/Resources/Drawable.cs(325,89): warning CS8602: Dereference of a possibly null reference. [/home/ubuntu/PROGRAMA-BETA/src/FiveMTool.csproj]
/home/ubuntu/PROGRAMA-BETA/src/External/CodeWalker.Core/GameFiles/Resources/Drawable.cs(326,91): warning CS8602: Dereference of a possibly null reference. [/home/ubuntu/PROGRAMA-BETA/src/FiveMTool.csproj]
/home/ubuntu/PROGRAMA-BETA/src/External/CodeWalker.Core/GameFiles/Resources/Drawable.cs(1612,92): warning CS8602: Dereference of a possibly null reference. [/home/ubuntu/PROGRAMA-BETA/src/FiveMTool.csproj]
/home/ubuntu/PROGRAMA-BETA/src/External/CodeWalker.Core/GameFiles/Resources/Drawable.cs(1615,80): warning CS8602: Dereference of a possibly null reference. [/home/ubuntu/PROGRAMA-BETA/src/FiveMTool.csproj]
/home/ubuntu/PROGRAMA-BETA/src/External/CodeWalker.Core/GameFiles/Resources/Drawable.cs(3330,25): warning CS8618: Non-nullable property 'ShaderMapping' must contain a non-null value when exiting constructor. Consider declaring the property as nullable. [/home/ubuntu/PROGRAMA-BETA/src/FiveMTool.csproj]
/home/ubuntu/PROGRAMA-BETA/src/External/CodeWalker.Core/GameFiles/Resources/Drawable.cs(3331,24): warning CS8618: Non-nullable property 'GeometryPointers' must contain a non-null value when exiting constructor. Consider declaring the property as nullable. [/home/ubuntu/PROGRAMA-BETA/src/FiveMTool.csproj]
/home/ubuntu/PROGRAMA-BETA/src/External/CodeWalker.Core/GameFiles/Resources/Drawable.cs(3332,25): warning CS8618: Non-nullable property 'BoundsData' must contain a non-null value when exiting constructor. Consider declaring the property as nullable. [/home/ubuntu/PROGRAMA-BETA/src/FiveMTool.csproj]
/home/ubuntu/PROGRAMA-BETA/src/External/CodeWalker.Core/GameFiles/Resources/Drawable.cs(3333,35): warning CS8618: Non-nullable property 'Geometries' must contain a non-null value when exiting constructor. Consider declaring the property as nullable. [/home/ubuntu/PROGRAMA-BETA/src/FiveMTool.csproj]
/home/ubuntu/PROGRAMA-BETA/src/External/CodeWalker.Core/GameFiles/Resources/Drawable.cs(663,21): warning CS8601: Possible null reference assignment. [/home/ubuntu/PROGRAMA-BETA/src/FiveMTool.csproj]
/home/ubuntu/PROGRAMA-BETA/src/External/CodeWalker.Core/GameFiles/Resources/Drawable.cs(668,69): warning CS8602: Dereference of a possibly null reference. [/home/ubuntu/PROGRAMA-BETA/src/FiveMTool.csproj]
/home/ubuntu/PROGRAMA-BETA/src/External/CodeWalker.Core/GameFiles/Resources/Drawable.cs(445,29): warning CS8601: Possible null reference assignment. [/home/ubuntu/PROGRAMA-BETA/src/FiveMTool.csproj]
/home/ubuntu/PROGRAMA-BETA/src/External/CodeWalker.Core/GameFiles/Resources/Drawable.cs(477,42): warning CS8601: Possible null reference assignment. [/home/ubuntu/PROGRAMA-BETA/src/FiveMTool.csproj]
/home/ubuntu/PROGRAMA-BETA/src/External/CodeWalker.Core/GameFiles/Resources/Drawable.cs(203,38): warning CS8618: Non-nullable property 'ParametersList' must contain a non-null value when exiting constructor. Consider declaring the property as nullable. [/home/ubuntu/PROGRAMA-BETA/src/FiveMTool.csproj]
/home/ubuntu/PROGRAMA-BETA/src/External/CodeWalker.Core/GameFiles/Resources/Drawable.cs(213,35): warning CS8618: Non-nullable property 'G9_ParamInfos' must contain a non-null value when exiting constructor. Consider declaring the property as nullable. [/home/ubuntu/PROGRAMA-BETA/src/FiveMTool.csproj]
/home/ubuntu/PROGRAMA-BETA/src/External/CodeWalker.Core/GameFiles/Resources/Drawable.cs(1681,37): warning CS8600: Converting null literal or possible null value to non-nullable type. [/home/ubuntu/PROGRAMA-BETA/src/FiveMTool.csproj]
/home/ubuntu/PROGRAMA-BETA/src/External/CodeWalker.Core/GameFiles/Resources/Drawable.cs(1644,41): warning CS8602: Dereference of a possibly null reference. [/home/ubuntu/PROGRAMA-BETA/src/FiveMTool.csproj]
/home/ubuntu/PROGRAMA-BETA/src/External/CodeWalker.Core/GameFiles/Resources/Drawable.cs(1753,29): warning CS8601: Possible null reference assignment. [/home/ubuntu/PROGRAMA-BETA/src/FiveMTool.csproj]
/home/ubuntu/PROGRAMA-BETA/src/External/CodeWalker.Core/GameFiles/Resources/Drawable.cs(1754,28): warning CS8601: Possible null reference assignment. [/home/ubuntu/PROGRAMA-BETA/src/FiveMTool.csproj]
/home/ubuntu/PROGRAMA-BETA/src/External/CodeWalker.Core/GameFiles/Resources/Clothes.cs(2507,18): warning CS8604: Possible null reference argument for parameter 'cc' in 'void ClothInstance.Init(ClothController cc)'. [/home/ubuntu/PROGRAMA-BETA/src/FiveMTool.csproj]
/home/ubuntu/PROGRAMA-BETA/src/External/CodeWalker.Core/GameFiles/Resources/Clothes.cs(2529,27): warning CS8602: Dereference of a possibly null reference. [/home/ubuntu/PROGRAMA-BETA/src/FiveMTool.csproj]
/home/ubuntu/PROGRAMA-BETA/src/External/CodeWalker.Core/GameFiles/Resources/Clothes.cs(2536,33): warning CS8600: Converting null literal or possible null value to non-nullable type. [/home/ubuntu/PROGRAMA-BETA/src/FiveMTool.csproj]
/home/ubuntu/PROGRAMA-BETA/src/External/CodeWalker.Core/GameFiles/Resources/Clothes.cs(2537,63): warning CS8600: Converting null literal or possible null value to non-nullable type. [/home/ubuntu/PROGRAMA-BETA/src/FiveMTool.csproj]
/home/ubuntu/PROGRAMA-BETA/src/External/CodeWalker.Core/GameFiles/Resources/Clothes.cs(2538,32): warning CS8601: Possible null reference assignment. [/home/ubuntu/PROGRAMA-BETA/src/FiveMTool.csproj]
/home/ubuntu/PROGRAMA-BETA/src/External/CodeWalker.Core/GameFiles/Resources/Clothes.cs(2549,18): warning CS8604: Possible null reference argument for parameter 'cc' in 'void ClothInstance.Init(ClothController cc)'. [/home/ubuntu/PROGRAMA-BETA/src/FiveMTool.csproj]
/home/ubuntu/PROGRAMA-BETA/src/External/CodeWalker.Core/GameFiles/Resources/Drawable.cs(1777,28): warning CS8625: Cannot convert null literal to non-nullable reference type. [/home/ubuntu/PROGRAMA-BETA/src/FiveMTool.csproj]
/home/ubuntu/PROGRAMA-BETA/src/External/CodeWalker.Core/GameFiles/Resources/Drawable.cs(1799,55): warning CS8625: Cannot convert null literal to non-nullable reference type. [/home/ubuntu/PROGRAMA-BETA/src/FiveMTool.csproj]
/home/ubuntu/PROGRAMA-BETA/src/External/CodeWalker.Core/GameFiles/Resources/Drawable.cs(1802,21): warning CS8602: Dereference of a possibly null reference. [/home/ubuntu/PROGRAMA-BETA/src/FiveMTool.csproj]
/home/ubuntu/PROGRAMA-BETA/src/External/CodeWalker.Core/GameFiles/Resources/Drawable.cs(1808,34): warning CS8625: Cannot convert null literal to non-nullable reference type. [/home/ubuntu/PROGRAMA-BETA/src/FiveMTool.csproj]
/home/ubuntu/PROGRAMA-BETA/src/External/CodeWalker.Core/GameFiles/Resources/Drawable.cs(130,39): warning CS8604: Possible null reference argument for parameter 'arr' in 'void MetaXmlBase.WriteItemArray<ShaderFX>(StringBuilder sb, ShaderFX[] arr, int ind, string name)'. [/home/ubuntu/PROGRAMA-BETA/src/FiveMTool.csproj]
/home/ubuntu/PROGRAMA-BETA/src/External/CodeWalker.Core/GameFiles/Resources/Drawable.cs(1865,46): error CS0121: The call is ambiguous between the following methods or properties: 'CodeWalker.QuaternionExtension.Multiply(SharpDX.Quaternion, SharpDX.Vector3)' and 'CodeWalker.QuaternionExtension.Multiply(SharpDX.Quaternion, SharpDX.Vector3)' [/home/ubuntu/PROGRAMA-BETA/src/FiveMTool.csproj]
/home/ubuntu/PROGRAMA-BETA/src/External/CodeWalker.Core/GameFiles/Resources/Drawable.cs(1908,31): warning CS8601: Possible null reference assignment. [/home/ubuntu/PROGRAMA-BETA/src/FiveMTool.csproj]
/home/ubuntu/PROGRAMA-BETA/src/External/CodeWalker.Core/GameFiles/Resources/Drawable.cs(1909,39): warning CS8601: Possible null reference assignment. [/home/ubuntu/PROGRAMA-BETA/src/FiveMTool.csproj]
/home/ubuntu/PROGRAMA-BETA/src/External/CodeWalker.Core/GameFiles/Resources/Clothes.cs(2616,32): error CS0121: The call is ambiguous between the following methods or properties: 'CodeWalker.Vectors.XYZ(SharpDX.Vector4)' and 'CodeWalker.Vectors.XYZ(SharpDX.Vector4)' [/home/ubuntu/PROGRAMA-BETA/src/FiveMTool.csproj]
/home/ubuntu/PROGRAMA-BETA/src/External/CodeWalker.Core/GameFiles/Resources/Clothes.cs(2626,64): error CS0121: The call is ambiguous between the following methods or properties: 'CodeWalker.MatrixExtensions.MultiplyW(SharpDX.Matrix, SharpDX.Vector3)' and 'CodeWalker.MatrixExtensions.MultiplyW(SharpDX.Matrix, SharpDX.Vector3)' [/home/ubuntu/PROGRAMA-BETA/src/FiveMTool.csproj]
/home/ubuntu/PROGRAMA-BETA/src/External/CodeWalker.Core/GameFiles/Resources/Clothes.cs(2627,64): error CS0121: The call is ambiguous between the following methods or properties: 'CodeWalker.MatrixExtensions.MultiplyW(SharpDX.Matrix, SharpDX.Vector3)' and 'CodeWalker.MatrixExtensions.MultiplyW(SharpDX.Matrix, SharpDX.Vector3)' [/home/ubuntu/PROGRAMA-BETA/src/FiveMTool.csproj]
/home/ubuntu/PROGRAMA-BETA/src/External/CodeWalker.Core/GameFiles/Resources/Clothes.cs(2628,64): error CS0121: The call is ambiguous between the following methods or properties: 'CodeWalker.MatrixExtensions.MultiplyW(SharpDX.Matrix, SharpDX.Vector3)' and 'CodeWalker.MatrixExtensions.MultiplyW(SharpDX.Matrix, SharpDX.Vector3)' [/home/ubuntu/PROGRAMA-BETA/src/FiveMTool.csproj]
/home/ubuntu/PROGRAMA-BETA/src/External/CodeWalker.Core/GameFiles/Resources/Clothes.cs(2629,64): error CS0121: The call is ambiguous between the following methods or properties: 'CodeWalker.MatrixExtensions.MultiplyW(SharpDX.Matrix, SharpDX.Vector3)' and 'CodeWalker.MatrixExtensions.MultiplyW(SharpDX.Matrix, SharpDX.Vector3)' [/home/ubuntu/PROGRAMA-BETA/src/FiveMTool.csproj]
/home/ubuntu/PROGRAMA-BETA/src/External/CodeWalker.Core/GameFiles/Resources/Clothes.cs(2600,23): warning CS8602: Dereference of a possibly null reference. [/home/ubuntu/PROGRAMA-BETA/src/FiveMTool.csproj]
/home/ubuntu/PROGRAMA-BETA/src/External/CodeWalker.Core/GameFiles/Resources/Clothes.cs(2616,26): warning CS8602: Dereference of a possibly null reference. [/home/ubuntu/PROGRAMA-BETA/src/FiveMTool.csproj]
/home/ubuntu/PROGRAMA-BETA/src/External/CodeWalker.Core/GameFiles/Resources/Clothes.cs(2490,31): warning CS8618: Non-nullable property 'CharCloth' must contain a non-null value when exiting constructor. Consider declaring the property as nullable. [/home/ubuntu/PROGRAMA-BETA/src/FiveMTool.csproj]
/home/ubuntu/PROGRAMA-BETA/src/External/CodeWalker.Core/GameFiles/Resources/Clothes.cs(2491,33): warning CS8618: Non-nullable property 'EnvCloth' must contain a non-null value when exiting constructor. Consider declaring the property as nullable. [/home/ubuntu/PROGRAMA-BETA/src/FiveMTool.csproj]
/home/ubuntu/PROGRAMA-BETA/src/External/CodeWalker.Core/GameFiles/Resources/Clothes.cs(2492,32): warning CS8618: Non-nullable property 'Controller' must contain a non-null value when exiting constructor. Consider declaring the property as nullable. [/home/ubuntu/PROGRAMA-BETA/src/FiveMTool.csproj]
/home/ubuntu/PROGRAMA-BETA/src/External/CodeWalker.Core/GameFiles/Resources/Clothes.cs(2494,23): warning CS8618: Non-nullable property 'Bones' must contain a non-null value when exiting constructor. Consider declaring the property as nullable. [/home/ubuntu/PROGRAMA-BETA/src/FiveMTool.csproj]
/home/ubuntu/PROGRAMA-BETA/src/External/CodeWalker.Core/GameFiles/Resources/Clothes.cs(2496,26): warning CS8618: Non-nullable property 'Vertices' must contain a non-null value when exiting constructor. Consider declaring the property as nullable. [/home/ubuntu/PROGRAMA-BETA/src/FiveMTool.csproj]
/home/ubuntu/PROGRAMA-BETA/src/External/CodeWalker.Core/GameFiles/Resources/Clothes.cs(2498,25): warning CS8618: Non-nullable property 'Skeleton' must contain a non-null value when exiting constructor. Consider declaring the property as nullable. [/home/ubuntu/PROGRAMA-BETA/src/FiveMTool.csproj]
/home/ubuntu/PROGRAMA-BETA/src/External/CodeWalker.Core/GameFiles/Resources/Drawable.cs(38,34): warning CS8618: Non-nullable property 'TextureDictionary' must contain a non-null value when exiting constructor. Consider declaring the property as nullable. [/home/ubuntu/PROGRAMA-BETA/src/FiveMTool.csproj]
/home/ubuntu/PROGRAMA-BETA/src/External/CodeWalker.Core/GameFiles/Resources/Drawable.cs(39,49): warning CS8618: Non-nullable property 'Shaders' must contain a non-null value when exiting constructor. Consider declaring the property as nullable. [/home/ubuntu/PROGRAMA-BETA/src/FiveMTool.csproj]
/home/ubuntu/PROGRAMA-BETA/src/External/CodeWalker.Core/GameFiles/Resources/Drawable.cs(917,33): warning CS8602: Dereference of a possibly null reference. [/home/ubuntu/PROGRAMA-BETA/src/FiveMTool.csproj]
/home/ubuntu/PROGRAMA-BETA/src/External/CodeWalker.Core/GameFiles/Resources/Drawable.cs(921,37): warning CS8602: Dereference of a possibly null reference. [/home/ubuntu/PROGRAMA-BETA/src/FiveMTool.csproj]
/home/ubuntu/PROGRAMA-BETA/src/External/CodeWalker.Core/GameFiles/Resources/Drawable.cs(942,44): warning CS8602: Dereference of a possibly null reference. [/home/ubuntu/PROGRAMA-BETA/src/FiveMTool.csproj]
/home/ubuntu/PROGRAMA-BETA/src/External/CodeWalker.Core/GameFiles/Resources/Drawable.cs(1000,55): warning CS8604: Possible null reference argument for parameter 'val' in 'void writeStructs<Vector4>(int o, Vector4[] val)'. [/home/ubuntu/PROGRAMA-BETA/src/FiveMTool.csproj]
/home/ubuntu/PROGRAMA-BETA/src/External/CodeWalker.Core/GameFiles/Resources/Drawable.cs(1014,34): warning CS8601: Possible null reference assignment. [/home/ubuntu/PROGRAMA-BETA/src/FiveMTool.csproj]
/home/ubuntu/PROGRAMA-BETA/src/External/CodeWalker.Core/GameFiles/Resources/Drawable.cs(1022,34): warning CS8601: Possible null reference assignment. [/home/ubuntu/PROGRAMA-BETA/src/FiveMTool.csproj]
/home/ubuntu/PROGRAMA-BETA/src/External/CodeWalker.Core/GameFiles/Resources/Drawable.cs(2042,44): warning CS8600: Converting null literal or possible null value to non-nullable type. [/home/ubuntu/PROGRAMA-BETA/src/FiveMTool.csproj]
/home/ubuntu/PROGRAMA-BETA/src/External/CodeWalker.Core/GameFiles/Resources/Drawable.cs(2042,44): warning CS8601: Possible null reference assignment. [/home/ubuntu/PROGRAMA-BETA/src/FiveMTool.csproj]
/home/ubuntu/PROGRAMA-BETA/src/External/CodeWalker.Core/GameFiles/Resources/Drawable.cs(2043,36): warning CS8600: Converting null literal or possible null value to non-nullable type. [/home/ubuntu/PROGRAMA-BETA/src/FiveMTool.csproj]
/home/ubuntu/PROGRAMA-BETA/src/External/CodeWalker.Core/GameFiles/Resources/Drawable.cs(2043,36): warning CS8601: Possible null reference assignment. [/home/ubuntu/PROGRAMA-BETA/src/FiveMTool.csproj]
/home/ubuntu/PROGRAMA-BETA/src/External/CodeWalker.Core/GameFiles/Resources/Drawable.cs(2044,34): warning CS8600: Converting null literal or possible null value to non-nullable type. [/home/ubuntu/PROGRAMA-BETA/src/FiveMTool.csproj]
/home/ubuntu/PROGRAMA-BETA/src/External/CodeWalker.Core/GameFiles/Resources/Drawable.cs(2044,34): warning CS8601: Possible null reference assignment. [/home/ubuntu/PROGRAMA-BETA/src/FiveMTool.csproj]
/home/ubuntu/PROGRAMA-BETA/src/External/CodeWalker.Core/GameFiles/Resources/Drawable.cs(2045,33): warning CS8600: Converting null literal or possible null value to non-nullable type. [/home/ubuntu/PROGRAMA-BETA/src/FiveMTool.csproj]
/home/ubuntu/PROGRAMA-BETA/src/External/CodeWalker.Core/GameFiles/Resources/Drawable.cs(2045,33): warning CS8601: Possible null reference assignment. [/home/ubuntu/PROGRAMA-BETA/src/FiveMTool.csproj]
/home/ubuntu/PROGRAMA-BETA/src/External/CodeWalker.Core/GameFiles/Resources/Drawable.cs(1395,82): warning CS8625: Cannot convert null literal to non-nullable reference type. [/home/ubuntu/PROGRAMA-BETA/src/FiveMTool.csproj]
/home/ubuntu/PROGRAMA-BETA/src/External/CodeWalker.Core/GameFiles/Resources/Drawable.cs(1396,74): warning CS8625: Cannot convert null literal to non-nullable reference type. [/home/ubuntu/PROGRAMA-BETA/src/FiveMTool.csproj]
/home/ubuntu/PROGRAMA-BETA/src/External/CodeWalker.Core/GameFiles/Resources/Drawable.cs(1397,71): warning CS8625: Cannot convert null literal to non-nullable reference type. [/home/ubuntu/PROGRAMA-BETA/src/FiveMTool.csproj]
/home/ubuntu/PROGRAMA-BETA/src/External/CodeWalker.Core/GameFiles/Resources/Drawable.cs(1398,70): warning CS8625: Cannot convert null literal to non-nullable reference type. [/home/ubuntu/PROGRAMA-BETA/src/FiveMTool.csproj]
/home/ubuntu/PROGRAMA-BETA/src/External/CodeWalker.Core/GameFiles/Resources/Drawable.cs(1387,56): warning CS8618: Non-nullable property 'BoneTags' must contain a non-null value when exiting constructor. Consider declaring the property as nullable. [/home/ubuntu/PROGRAMA-BETA/src/FiveMTool.csproj]
/home/ubuntu/PROGRAMA-BETA/src/External/CodeWalker.Core/GameFiles/Resources/Drawable.cs(1388,35): warning CS8618: Non-nullable property 'Bones' must contain a non-null value when exiting constructor. Consider declaring the property as nullable. [/home/ubuntu/PROGRAMA-BETA/src/FiveMTool.csproj]
/home/ubuntu/PROGRAMA-BETA/src/External/CodeWalker.Core/GameFiles/Resources/Drawable.cs(1390,25): warning CS8618: Non-nullable property 'TransformationsInverted' must contain a non-null value when exiting constructor. Consider declaring the property as nullable. [/home/ubuntu/PROGRAMA-BETA/src/FiveMTool.csproj]
/home/ubuntu/PROGRAMA-BETA/src/External/CodeWalker.Core/GameFiles/Resources/Drawable.cs(1391,25): warning CS8618: Non-nullable property 'Transformations' must contain a non-null value when exiting constructor. Consider declaring the property as nullable. [/home/ubuntu/PROGRAMA-BETA/src/FiveMTool.csproj]
/home/ubuntu/PROGRAMA-BETA/src/External/CodeWalker.Core/GameFiles/Resources/Drawable.cs(1392,24): warning CS8618: Non-nullable property 'ParentIndices' must contain a non-null value when exiting constructor. Consider declaring the property as nullable. [/home/ubuntu/PROGRAMA-BETA/src/FiveMTool.csproj]
/home/ubuntu/PROGRAMA-BETA/src/External/CodeWalker.Core/GameFiles/Resources/Drawable.cs(1393,24): warning CS8618: Non-nullable property 'ChildIndices' must contain a non-null value when exiting constructor. Consider declaring the property as nullable. [/home/ubuntu/PROGRAMA-BETA/src/FiveMTool.csproj]
/home/ubuntu/PROGRAMA-BETA/src/External/CodeWalker.Core/GameFiles/Resources/Drawable.cs(1401,41): warning CS8618: Non-nullable property 'BonesMap' must contain a non-null value when exiting constructor. Consider declaring the property as nullable. [/home/ubuntu/PROGRAMA-BETA/src/FiveMTool.csproj]
/home/ubuntu/PROGRAMA-BETA/src/External/CodeWalker.Core/GameFiles/Resources/Drawable.cs(1402,23): warning CS8618: Non-nullable property 'BonesSorted' must contain a non-null value when exiting constructor. Consider declaring the property as nullable. [/home/ubuntu/PROGRAMA-BETA/src/FiveMTool.csproj]
/home/ubuntu/PROGRAMA-BETA/src/External/CodeWalker.Core/GameFiles/Resources/Drawable.cs(1405,28): warning CS8618: Non-nullable field 'BoneTransforms' must contain a non-null value when exiting constructor. Consider declaring the field as nullable. [/home/ubuntu/PROGRAMA-BETA/src/FiveMTool.csproj]
/home/ubuntu/PROGRAMA-BETA/src/External/CodeWalker.Core/GameFiles/Resources/Clothes.cs(1957,30): warning CS8618: Non-nullable property 'Unknown_18h_Data' must contain a non-null value when exiting constructor. Consider declaring the property as nullable. [/home/ubuntu/PROGRAMA-BETA/src/FiveMTool.csproj]
/home/ubuntu/PROGRAMA-BETA/src/External/CodeWalker.Core/GameFiles/Resources/Clothes.cs(1958,30): warning CS8618: Non-nullable property 'Unknown_20h_Data' must contain a non-null value when exiting constructor. Consider declaring the property as nullable. [/home/ubuntu/PROGRAMA-BETA/src/FiveMTool.csproj]
/home/ubuntu/PROGRAMA-BETA/src/External/CodeWalker.Core/GameFiles/Resources/Clothes.cs(1959,30): warning CS8618: Non-nullable property 'Unknown_28h_Data' must contain a non-null value when exiting constructor. Consider declaring the property as nullable. [/home/ubuntu/PROGRAMA-BETA/src/FiveMTool.csproj]
/home/ubuntu/PROGRAMA-BETA/src/External/CodeWalker.Core/GameFiles/Resources/Drawable.cs(1157,39): warning CS8602: Dereference of a possibly null reference. [/home/ubuntu/PROGRAMA-BETA/src/FiveMTool.csproj]
/home/ubuntu/PROGRAMA-BETA/src/External/CodeWalker.Core/GameFiles/Resources/Drawable.cs(1160,57): warning CS8604: Possible null reference argument for parameter 'str' in 'MetaHash XmlMeta.GetHash(string str)'. [/home/ubuntu/PROGRAMA-BETA/src/FiveMTool.csproj]
/home/ubuntu/PROGRAMA-BETA/src/External/CodeWalker.Core/GameFiles/Resources/Drawable.cs(1168,44): warning CS8625: Cannot convert null literal to non-nullable reference type. [/home/ubuntu/PROGRAMA-BETA/src/FiveMTool.csproj]
/home/ubuntu/PROGRAMA-BETA/src/External/CodeWalker.Core/GameFiles/Resources/Drawable.cs(1186,47): warning CS8602: Dereference of a possibly null reference. [/home/ubuntu/PROGRAMA-BETA/src/FiveMTool.csproj]
/home/ubuntu/PROGRAMA-BETA/src/External/CodeWalker.Core/GameFiles/Resources/Drawable.cs(1238,30): warning CS8604: Possible null reference argument for parameter 'item' in 'void List<IResourceBlock>.Add(IResourceBlock item)'. [/home/ubuntu/PROGRAMA-BETA/src/FiveMTool.csproj]
/home/ubuntu/PROGRAMA-BETA/src/External/CodeWalker.Core/GameFiles/Resources/Clothes.cs(1814,44): warning CS8618: Non-nullable property 'Indices' must contain a non-null value when exiting constructor. Consider declaring the property as nullable. [/home/ubuntu/PROGRAMA-BETA/src/FiveMTool.csproj]
/home/ubuntu/PROGRAMA-BETA/src/External/CodeWalker.Core/GameFiles/Resources/Clothes.cs(1815,48): warning CS8618: Non-nullable property 'Vertices' must contain a non-null value when exiting constructor. Consider declaring the property as nullable. [/home/ubuntu/PROGRAMA-BETA/src/FiveMTool.csproj]
/home/ubuntu/PROGRAMA-BETA/src/External/CodeWalker.Core/GameFiles/Resources/Clothes.cs(1819,42): warning CS8618: Non-nullable property 'Unknown_B0h' must contain a non-null value when exiting constructor. Consider declaring the property as nullable. [/home/ubuntu/PROGRAMA-BETA/src/FiveMTool.csproj]
/home/ubuntu/PROGRAMA-BETA/src/External/CodeWalker.Core/GameFiles/Resources/Clothes.cs(1820,65): warning CS8618: Non-nullable property 'BoneWeightsInds' must contain a non-null value when exiting constructor. Consider declaring the property as nullable. [/home/ubuntu/PROGRAMA-BETA/src/FiveMTool.csproj]
/home/ubuntu/PROGRAMA-BETA/src/External/CodeWalker.Core/GameFiles/Resources/Clothes.cs(1824,42): warning CS8618: Non-nullable property 'BoneIds' must contain a non-null value when exiting constructor. Consider declaring the property as nullable. [/home/ubuntu/PROGRAMA-BETA/src/FiveMTool.csproj]
/home/ubuntu/PROGRAMA-BETA/src/External/CodeWalker.Core/GameFiles/Resources/Drawable.cs(1264,72): warning CS8604: Possible null reference argument for parameter 'items' in 'ResourceSystemStructBlock<Vector4>.ResourceSystemStructBlock(Vector4[] items)'. [/home/ubuntu/PROGRAMA-BETA/src/FiveMTool.csproj]
/home/ubuntu/PROGRAMA-BETA/src/External/CodeWalker.Core/GameFiles/Resources/Drawable.cs(1270,31): warning CS8625: Cannot convert null literal to non-nullable reference type. [/home/ubuntu/PROGRAMA-BETA/src/FiveMTool.csproj]
/home/ubuntu/PROGRAMA-BETA/src/External/CodeWalker.Core/GameFiles/Resources/Drawable.cs(644,76): warning CS8625: Cannot convert null literal to non-nullable reference type. [/home/ubuntu/PROGRAMA-BETA/src/FiveMTool.csproj]
/home/ubuntu/PROGRAMA-BETA/src/External/CodeWalker.Core/GameFiles/Resources/Drawable.cs(638,34): warning CS8618: Non-nullable property 'Parameters' must contain a non-null value when exiting constructor. Consider declaring the property as nullable. [/home/ubuntu/PROGRAMA-BETA/src/FiveMTool.csproj]
/home/ubuntu/PROGRAMA-BETA/src/External/CodeWalker.Core/GameFiles/Resources/Drawable.cs(639,27): warning CS8618: Non-nullable property 'Hashes' must contain a non-null value when exiting constructor. Consider declaring the property as nullable. [/home/ubuntu/PROGRAMA-BETA/src/FiveMTool.csproj]
/home/ubuntu/PROGRAMA-BETA/src/External/CodeWalker.Core/GameFiles/Resources/Drawable.cs(642,25): warning CS8618: Non-nullable property 'Owner' must contain a non-null value when exiting constructor. Consider declaring the property as nullable. [/home/ubuntu/PROGRAMA-BETA/src/FiveMTool.csproj]
/home/ubuntu/PROGRAMA-BETA/src/External/CodeWalker.Core/GameFiles/Resources/Drawable.cs(649,35): warning CS8618: Non-nullable property 'G9_ParamInfos' must contain a non-null value when exiting constructor. Consider declaring the property as nullable. [/home/ubuntu/PROGRAMA-BETA/src/FiveMTool.csproj]
/home/ubuntu/PROGRAMA-BETA/src/External/CodeWalker.Core/GameFiles/Resources/Drawable.cs(650,24): warning CS8618: Non-nullable property 'G9_BufferPtrs' must contain a non-null value when exiting constructor. Consider declaring the property as nullable. [/home/ubuntu/PROGRAMA-BETA/src/FiveMTool.csproj]
/home/ubuntu/PROGRAMA-BETA/src/External/CodeWalker.Core/GameFiles/Resources/Drawable.cs(651,23): warning CS8618: Non-nullable property 'G9_BufferSizes' must contain a non-null value when exiting constructor. Consider declaring the property as nullable. [/home/ubuntu/PROGRAMA-BETA/src/FiveMTool.csproj]
/home/ubuntu/PROGRAMA-BETA/src/External/CodeWalker.Core/GameFiles/Resources/Drawable.cs(655,24): warning CS8618: Non-nullable property 'G9_TexturePtrs' must contain a non-null value when exiting constructor. Consider declaring the property as nullable. [/home/ubuntu/PROGRAMA-BETA/src/FiveMTool.csproj]
/home/ubuntu/PROGRAMA-BETA/src/External/CodeWalker.Core/GameFiles/Resources/Drawable.cs(656,24): warning CS8618: Non-nullable property 'G9_UnknownData' must contain a non-null value when exiting constructor. Consider declaring the property as nullable. [/home/ubuntu/PROGRAMA-BETA/src/FiveMTool.csproj]
/home/ubuntu/PROGRAMA-BETA/src/External/CodeWalker.Core/GameFiles/Resources/Drawable.cs(657,23): warning CS8618: Non-nullable property 'G9_Samplers' must contain a non-null value when exiting constructor. Consider declaring the property as nullable. [/home/ubuntu/PROGRAMA-BETA/src/FiveMTool.csproj]
/home/ubuntu/PROGRAMA-BETA/src/External/CodeWalker.Core/GameFiles/Resources/Clothes.cs(1639,48): warning CS8618: Non-nullable property 'Unknown_10h' must contain a non-null value when exiting constructor. Consider declaring the property as nullable. [/home/ubuntu/PROGRAMA-BETA/src/FiveMTool.csproj]
/home/ubuntu/PROGRAMA-BETA/src/External/CodeWalker.Core/GameFiles/Resources/Clothes.cs(1642,42): warning CS8618: Non-nullable property 'Unknown_30h' must contain a non-null value when exiting constructor. Consider declaring the property as nullable. [/home/ubuntu/PROGRAMA-BETA/src/FiveMTool.csproj]
/home/ubuntu/PROGRAMA-BETA/src/External/CodeWalker.Core/GameFiles/Resources/Clothes.cs(1646,42): warning CS8618: Non-nullable property 'Unknown_90h' must contain a non-null value when exiting constructor. Consider declaring the property as nullable. [/home/ubuntu/PROGRAMA-BETA/src/FiveMTool.csproj]
/home/ubuntu/PROGRAMA-BETA/src/External/CodeWalker.Core/GameFiles/Resources/Clothes.cs(1655,41): warning CS8618: Non-nullable property 'Controller' must contain a non-null value when exiting constructor. Consider declaring the property as nullable. [/home/ubuntu/PROGRAMA-BETA/src/FiveMTool.csproj]
/home/ubuntu/PROGRAMA-BETA/src/External/CodeWalker.Core/GameFiles/Resources/Clothes.cs(1656,23): warning CS8618: Non-nullable property 'Bound' must contain a non-null value when exiting constructor. Consider declaring the property as nullable. [/home/ubuntu/PROGRAMA-BETA/src/FiveMTool.csproj]
/home/ubuntu/PROGRAMA-BETA/src/External/CodeWalker.Core/GameFiles/Resources/Clothes.cs(1456,68): warning CS8625: Cannot convert null literal to non-nullable reference type. [/home/ubuntu/PROGRAMA-BETA/src/FiveMTool.csproj]
/home/ubuntu/PROGRAMA-BETA/src/External/CodeWalker.Core/GameFiles/Resources/Clothes.cs(1451,36): warning CS8618: Non-nullable property 'InstanceTuning' must contain a non-null value when exiting constructor. Consider declaring the property as nullable. [/home/ubuntu/PROGRAMA-BETA/src/FiveMTool.csproj]
/home/ubuntu/PROGRAMA-BETA/src/External/CodeWalker.Core/GameFiles/Resources/Clothes.cs(1452,29): warning CS8618: Non-nullable property 'Drawable' must contain a non-null value when exiting constructor. Consider declaring the property as nullable. [/home/ubuntu/PROGRAMA-BETA/src/FiveMTool.csproj]
/home/ubuntu/PROGRAMA-BETA/src/External/CodeWalker.Core/GameFiles/Resources/Clothes.cs(1453,32): warning CS8618: Non-nullable property 'Controller' must contain a non-null value when exiting constructor. Consider declaring the property as nullable. [/home/ubuntu/PROGRAMA-BETA/src/FiveMTool.csproj]
/home/ubuntu/PROGRAMA-BETA/src/External/CodeWalker.Core/GameFiles/Resources/Clothes.cs(1454,23): warning CS8618: Non-nullable property 'UnknownData' must contain a non-null value when exiting constructor. Consider declaring the property as nullable. [/home/ubuntu/PROGRAMA-BETA/src/FiveMTool.csproj]
/home/ubuntu/PROGRAMA-BETA/src/External/CodeWalker.Core/GameFiles/Resources/Clothes.cs(2144,48): warning CS8618: Non-nullable property 'Unknown_50h' must contain a non-null value when exiting constructor. Consider declaring the property as nullable. [/home/ubuntu/PROGRAMA-BETA/src/FiveMTool.csproj]
/home/ubuntu/PROGRAMA-BETA/src/External/CodeWalker.Core/GameFiles/Resources/Clothes.cs(2145,44): warning CS8618: Non-nullable property 'Unknown_60h' must contain a non-null value when exiting constructor. Consider declaring the property as nullable. [/home/ubuntu/PROGRAMA-BETA/src/FiveMTool.csproj]
/home/ubuntu/PROGRAMA-BETA/src/External/CodeWalker.Core/GameFiles/Resources/Clothes.cs(2146,44): warning CS8618: Non-nullable property 'Unknown_70h' must contain a non-null value when exiting constructor. Consider declaring the property as nullable. [/home/ubuntu/PROGRAMA-BETA/src/FiveMTool.csproj]
/home/ubuntu/PROGRAMA-BETA/src/External/CodeWalker.Core/GameFiles/Resources/Clothes.cs(2147,44): warning CS8618: Non-nullable property 'Unknown_80h' must contain a non-null value when exiting constructor. Consider declaring the property as nullable. [/home/ubuntu/PROGRAMA-BETA/src/FiveMTool.csproj]
/home/ubuntu/PROGRAMA-BETA/src/External/CodeWalker.Core/GameFiles/Resources/Clothes.cs(2148,44): warning CS8618: Non-nullable property 'Unknown_90h' must contain a non-null value when exiting constructor. Consider declaring the property as nullable. [/home/ubuntu/PROGRAMA-BETA/src/FiveMTool.csproj]
/home/ubuntu/PROGRAMA-BETA/src/External/CodeWalker.Core/GameFiles/Resources/Clothes.cs(2149,48): warning CS8618: Non-nullable property 'Unknown_A0h' must contain a non-null value when exiting constructor. Consider declaring the property as nullable. [/home/ubuntu/PROGRAMA-BETA/src/FiveMTool.csproj]
/home/ubuntu/PROGRAMA-BETA/src/External/CodeWalker.Core/GameFiles/Resources/Clothes.cs(2150,44): warning CS8618: Non-nullable property 'Unknown_B0h' must contain a non-null value when exiting constructor. Consider declaring the property as nullable. [/home/ubuntu/PROGRAMA-BETA/src/FiveMTool.csproj]
/home/ubuntu/PROGRAMA-BETA/src/External/CodeWalker.Core/GameFiles/Resources/Clothes.cs(2151,44): warning CS8618: Non-nullable property 'Unknown_C0h' must contain a non-null value when exiting constructor. Consider declaring the property as nullable. [/home/ubuntu/PROGRAMA-BETA/src/FiveMTool.csproj]
/home/ubuntu/PROGRAMA-BETA/src/External/CodeWalker.Core/GameFiles/Resources/Clothes.cs(2152,44): warning CS8618: Non-nullable property 'Unknown_D0h' must contain a non-null value when exiting constructor. Consider declaring the property as nullable. [/home/ubuntu/PROGRAMA-BETA/src/FiveMTool.csproj]
/home/ubuntu/PROGRAMA-BETA/src/External/CodeWalker.Core/GameFiles/Resources/Clothes.cs(2153,44): warning CS8618: Non-nullable property 'Unknown_E0h' must contain a non-null value when exiting constructor. Consider declaring the property as nullable. [/home/ubuntu/PROGRAMA-BETA/src/FiveMTool.csproj]
/home/ubuntu/PROGRAMA-BETA/src/External/CodeWalker.Core/GameFiles/Resources/Clothes.cs(2166,44): warning CS8618: Non-nullable property 'Unknown_150h' must contain a non-null value when exiting constructor. Consider declaring the property as nullable. [/home/ubuntu/PROGRAMA-BETA/src/FiveMTool.csproj]
/home/ubuntu/PROGRAMA-BETA/src/External/CodeWalker.Core/GameFiles/Resources/Clothes.cs(2167,44): warning CS8618: Non-nullable property 'Unknown_160h' must contain a non-null value when exiting constructor. Consider declaring the property as nullable. [/home/ubuntu/PROGRAMA-BETA/src/FiveMTool.csproj]
/home/ubuntu/PROGRAMA-BETA/src/External/CodeWalker.Core/GameFiles/Resources/Clothes.cs(181,34): warning CS8618: Non-nullable property 'BridgeSimGfx' must contain a non-null value when exiting constructor. Consider declaring the property as nullable. [/home/ubuntu/PROGRAMA-BETA/src/FiveMTool.csproj]
/home/ubuntu/PROGRAMA-BETA/src/External/CodeWalker.Core/GameFiles/Resources/Clothes.cs(182,32): warning CS8618: Non-nullable property 'MorphController' must contain a non-null value when exiting constructor. Consider declaring the property as nullable. [/home/ubuntu/PROGRAMA-BETA/src/FiveMTool.csproj]
/home/ubuntu/PROGRAMA-BETA/src/External/CodeWalker.Core/GameFiles/Resources/Clothes.cs(183,28): warning CS8618: Non-nullable property 'VerletCloth1' must contain a non-null value when exiting constructor. Consider declaring the property as nullable. [/home/ubuntu/PROGRAMA-BETA/src/FiveMTool.csproj]
/home/ubuntu/PROGRAMA-BETA/src/External/CodeWalker.Core/GameFiles/Resources/Clothes.cs(184,28): warning CS8618: Non-nullable property 'VerletCloth2' must contain a non-null value when exiting constructor. Consider declaring the property as nullable. [/home/ubuntu/PROGRAMA-BETA/src/FiveMTool.csproj]
/home/ubuntu/PROGRAMA-BETA/src/External/CodeWalker.Core/GameFiles/Resources/Clothes.cs(185,28): warning CS8618: Non-nullable property 'VerletCloth3' must contain a non-null value when exiting constructor. Consider declaring the property as nullable. [/home/ubuntu/PROGRAMA-BETA/src/FiveMTool.csproj]
/home/ubuntu/PROGRAMA-BETA/src/External/CodeWalker.Core/GameFiles/Resources/Clip.cs(4408,28): warning CS8618: Non-nullable property 'Tags' must contain a non-null value when exiting constructor. Consider declaring the property as nullable. [/home/ubuntu/PROGRAMA-BETA/src/FiveMTool.csproj]
/home/ubuntu/PROGRAMA-BETA/src/External/CodeWalker.Core/GameFiles/Resources/Clothes.cs(868,48): warning CS8618: Non-nullable property 'Vertices2' must contain a non-null value when exiting constructor. Consider declaring the property as nullable. [/home/ubuntu/PROGRAMA-BETA/src/FiveMTool.csproj]
/home/ubuntu/PROGRAMA-BETA/src/External/CodeWalker.Core/GameFiles/Resources/Clothes.cs(869,48): warning CS8618: Non-nullable property 'Vertices' must contain a non-null value when exiting constructor. Consider declaring the property as nullable. [/home/ubuntu/PROGRAMA-BETA/src/FiveMTool.csproj]
/home/ubuntu/PROGRAMA-BETA/src/External/CodeWalker.Core/GameFiles/Resources/Clothes.cs(889,54): warning CS8618: Non-nullable property 'Constraints2' must contain a non-null value when exiting constructor. Consider declaring the property as nullable. [/home/ubuntu/PROGRAMA-BETA/src/FiveMTool.csproj]
/home/ubuntu/PROGRAMA-BETA/src/External/CodeWalker.Core/GameFiles/Resources/Clothes.cs(890,54): warning CS8618: Non-nullable property 'Constraints' must contain a non-null value when exiting constructor. Consider declaring the property as nullable. [/home/ubuntu/PROGRAMA-BETA/src/FiveMTool.csproj]
/home/ubuntu/PROGRAMA-BETA/src/External/CodeWalker.Core/GameFiles/Resources/Clothes.cs(908,23): warning CS8618: Non-nullable property 'Bound' must contain a non-null value when exiting constructor. Consider declaring the property as nullable. [/home/ubuntu/PROGRAMA-BETA/src/FiveMTool.csproj]
/home/ubuntu/PROGRAMA-BETA/src/External/CodeWalker.Core/GameFiles/Resources/Clothes.cs(909,39): warning CS8618: Non-nullable property 'Behavior' must contain a non-null value when exiting constructor. Consider declaring the property as nullable. [/home/ubuntu/PROGRAMA-BETA/src/FiveMTool.csproj]
/home/ubuntu/PROGRAMA-BETA/src/External/CodeWalker.Core/GameFiles/Resources/Clothes.cs(910,30): warning CS8618: Non-nullable property 'Unknown_140h_Data' must contain a non-null value when exiting constructor. Consider declaring the property as nullable. [/home/ubuntu/PROGRAMA-BETA/src/FiveMTool.csproj]
/home/ubuntu/PROGRAMA-BETA/src/External/CodeWalker.Core/GameFiles/Resources/Clothes.cs(361,43): warning CS8618: Non-nullable property 'Unknown_20h' must contain a non-null value when exiting constructor. Consider declaring the property as nullable. [/home/ubuntu/PROGRAMA-BETA/src/FiveMTool.csproj]
/home/ubuntu/PROGRAMA-BETA/src/External/CodeWalker.Core/GameFiles/Resources/Clothes.cs(362,43): warning CS8618: Non-nullable property 'Unknown_30h' must contain a non-null value when exiting constructor. Consider declaring the property as nullable. [/home/ubuntu/PROGRAMA-BETA/src/FiveMTool.csproj]
/home/ubuntu/PROGRAMA-BETA/src/External/CodeWalker.Core/GameFiles/Resources/Clothes.cs(363,43): warning CS8618: Non-nullable property 'Unknown_40h' must contain a non-null value when exiting constructor. Consider declaring the property as nullable. [/home/ubuntu/PROGRAMA-BETA/src/FiveMTool.csproj]
/home/ubuntu/PROGRAMA-BETA/src/External/CodeWalker.Core/GameFiles/Resources/Clothes.cs(366,43): warning CS8618: Non-nullable property 'Unknown_60h' must contain a non-null value when exiting constructor. Consider declaring the property as nullable. [/home/ubuntu/PROGRAMA-BETA/src/FiveMTool.csproj]
/home/ubuntu/PROGRAMA-BETA/src/External/CodeWalker.Core/GameFiles/Resources/Clothes.cs(367,42): warning CS8618: Non-nullable property 'Unknown_70h' must contain a non-null value when exiting constructor. Consider declaring the property as nullable. [/home/ubuntu/PROGRAMA-BETA/src/FiveMTool.csproj]
/home/ubuntu/PROGRAMA-BETA/src/External/CodeWalker.Core/GameFiles/Resources/Clothes.cs(368,42): warning CS8618: Non-nullable property 'Unknown_80h' must contain a non-null value when exiting constructor. Consider declaring the property as nullable. [/home/ubuntu/PROGRAMA-BETA/src/FiveMTool.csproj]
/home/ubuntu/PROGRAMA-BETA/src/External/CodeWalker.Core/GameFiles/Resources/Clothes.cs(371,43): warning CS8618: Non-nullable property 'Unknown_A0h' must contain a non-null value when exiting constructor. Consider declaring the property as nullable. [/home/ubuntu/PROGRAMA-BETA/src/FiveMTool.csproj]
/home/ubuntu/PROGRAMA-BETA/src/External/CodeWalker.Core/GameFiles/Resources/Clothes.cs(372,42): warning CS8618: Non-nullable property 'Unknown_B0h' must contain a non-null value when exiting constructor. Consider declaring the property as nullable. [/home/ubuntu/PROGRAMA-BETA/src/FiveMTool.csproj]
/home/ubuntu/PROGRAMA-BETA/src/External/CodeWalker.Core/GameFiles/Resources/Clothes.cs(373,42): warning CS8618: Non-nullable property 'Unknown_C0h' must contain a non-null value when exiting constructor. Consider declaring the property as nullable. [/home/ubuntu/PROGRAMA-BETA/src/FiveMTool.csproj]
/home/ubuntu/PROGRAMA-BETA/src/External/CodeWalker.Core/GameFiles/Resources/Clothes.cs(376,44): warning CS8618: Non-nullable property 'Unknown_E0h' must contain a non-null value when exiting constructor. Consider declaring the property as nullable. [/home/ubuntu/PROGRAMA-BETA/src/FiveMTool.csproj]
/home/ubuntu/PROGRAMA-BETA/src/External/CodeWalker.Core/GameFiles/Resources/Clothes.cs(377,44): warning CS8618: Non-nullable property 'Unknown_F0h' must contain a non-null value when exiting constructor. Consider declaring the property as nullable. [/home/ubuntu/PROGRAMA-BETA/src/FiveMTool.csproj]
/home/ubuntu/PROGRAMA-BETA/src/External/CodeWalker.Core/GameFiles/Resources/Clothes.cs(378,44): warning CS8618: Non-nullable property 'Unknown_100h' must contain a non-null value when exiting constructor. Consider declaring the property as nullable. [/home/ubuntu/PROGRAMA-BETA/src/FiveMTool.csproj]
/home/ubuntu/PROGRAMA-BETA/src/External/CodeWalker.Core/GameFiles/Resources/Clothes.cs(382,42): warning CS8618: Non-nullable property 'Unknown_128h' must contain a non-null value when exiting constructor. Consider declaring the property as nullable. [/home/ubuntu/PROGRAMA-BETA/src/FiveMTool.csproj]
/home/ubuntu/PROGRAMA-BETA/src/External/CodeWalker.Core/GameFiles/Resources/Clothes.cs(141,38): warning CS8603: Possible null reference return. [/home/ubuntu/PROGRAMA-BETA/src/FiveMTool.csproj]
/home/ubuntu/PROGRAMA-BETA/src/External/CodeWalker.Core/GameFiles/Resources/Clothes.cs(46,49): warning CS8618: Non-nullable property 'ClothNameHashes' must contain a non-null value when exiting constructor. Consider declaring the property as nullable. [/home/ubuntu/PROGRAMA-BETA/src/FiveMTool.csproj]
/home/ubuntu/PROGRAMA-BETA/src/External/CodeWalker.Core/GameFiles/Resources/Clothes.cs(47,54): warning CS8618: Non-nullable property 'Clothes' must contain a non-null value when exiting constructor. Consider declaring the property as nullable. [/home/ubuntu/PROGRAMA-BETA/src/FiveMTool.csproj]
/home/ubuntu/PROGRAMA-BETA/src/External/CodeWalker.Core/GameFiles/Resources/Clip.cs(4063,39): warning CS8625: Cannot convert null literal to non-nullable reference type. [/home/ubuntu/PROGRAMA-BETA/src/FiveMTool.csproj]
/home/ubuntu/PROGRAMA-BETA/src/External/CodeWalker.Core/GameFiles/Resources/Clip.cs(4062,23): warning CS8618: Non-nullable field 'Value' must contain a non-null value when exiting constructor. Consider declaring the field as nullable. [/home/ubuntu/PROGRAMA-BETA/src/FiveMTool.csproj]
/home/ubuntu/PROGRAMA-BETA/src/External/CodeWalker.Core/GameFiles/Resources/Clip.cs(3882,33): warning CS8603: Possible null reference return. [/home/ubuntu/PROGRAMA-BETA/src/FiveMTool.csproj]
/home/ubuntu/PROGRAMA-BETA/src/External/CodeWalker.Core/GameFiles/Resources/Clip.cs(3606,29): warning CS8618: Non-nullable property 'Data' must contain a non-null value when exiting constructor. Consider declaring the property as nullable. [/home/ubuntu/PROGRAMA-BETA/src/FiveMTool.csproj]
/home/ubuntu/PROGRAMA-BETA/src/External/CodeWalker.Core/GameFiles/Resources/Clip.cs(3607,37): warning CS8618: Non-nullable property 'Next' must contain a non-null value when exiting constructor. Consider declaring the property as nullable. [/home/ubuntu/PROGRAMA-BETA/src/FiveMTool.csproj]
/home/ubuntu/PROGRAMA-BETA/src/External/CodeWalker.Core/GameFiles/Resources/Clip.cs(4292,48): warning CS8618: Non-nullable property 'Tags' must contain a non-null value when exiting constructor. Consider declaring the property as nullable. [/home/ubuntu/PROGRAMA-BETA/src/FiveMTool.csproj]
/home/ubuntu/PROGRAMA-BETA/src/External/CodeWalker.Core/GameFiles/Resources/Clip.cs(4294,26): warning CS8618: Non-nullable property 'AllTags' must contain a non-null value when exiting constructor. Consider declaring the property as nullable. [/home/ubuntu/PROGRAMA-BETA/src/FiveMTool.csproj]
/home/ubuntu/PROGRAMA-BETA/src/External/CodeWalker.Core/GameFiles/Resources/Clip.cs(3292,16): warning CS8618: Non-nullable property 'Animations' must contain a non-null value when exiting constructor. Consider declaring the property as nullable. [/home/ubuntu/PROGRAMA-BETA/src/FiveMTool.csproj]
/home/ubuntu/PROGRAMA-BETA/src/External/CodeWalker.Core/GameFiles/Resources/Clip.cs(3771,39): warning CS8604: Possible null reference argument for parameter 'arr' in 'void MetaXmlBase.WriteItemArray<ClipPropertyAttribute>(StringBuilder sb, ClipPropertyAttribute[] arr, int ind, string name)'. [/home/ubuntu/PROGRAMA-BETA/src/FiveMTool.csproj]
/home/ubuntu/PROGRAMA-BETA/src/External/CodeWalker.Core/GameFiles/Resources/Clip.cs(3678,62): warning CS8618: Non-nullable property 'Attributes' must contain a non-null value when exiting constructor. Consider declaring the property as nullable. [/home/ubuntu/PROGRAMA-BETA/src/FiveMTool.csproj]
/home/ubuntu/PROGRAMA-BETA/src/External/CodeWalker.Core/GameFiles/Resources/Clip.cs(3384,26): warning CS8618: Non-nullable property 'Animation' must contain a non-null value when exiting constructor. Consider declaring the property as nullable. [/home/ubuntu/PROGRAMA-BETA/src/FiveMTool.csproj]
/home/ubuntu/PROGRAMA-BETA/src/External/CodeWalker.Core/GameFiles/Resources/Clip.cs(3202,16): warning CS8618: Non-nullable property 'Animation' must contain a non-null value when exiting constructor. Consider declaring the property as nullable. [/home/ubuntu/PROGRAMA-BETA/src/FiveMTool.csproj]
/home/ubuntu/PROGRAMA-BETA/src/External/CodeWalker.Core/GameFiles/Resources/Clip.cs(3356,39): warning CS8604: Possible null reference argument for parameter 'arr' in 'void MetaXmlBase.WriteItemArray<ClipAnimationsEntry>(StringBuilder sb, ClipAnimationsEntry[] arr, int ind, string name)'. [/home/ubuntu/PROGRAMA-BETA/src/FiveMTool.csproj]
/home/ubuntu/PROGRAMA-BETA/src/External/CodeWalker.Core/GameFiles/Resources/Clip.cs(3004,56): warning CS8603: Possible null reference return. [/home/ubuntu/PROGRAMA-BETA/src/FiveMTool.csproj]
/home/ubuntu/PROGRAMA-BETA/src/External/CodeWalker.Core/GameFiles/Resources/Clip.cs(3568,61): warning CS8625: Cannot convert null literal to non-nullable reference type. [/home/ubuntu/PROGRAMA-BETA/src/FiveMTool.csproj]
/home/ubuntu/PROGRAMA-BETA/src/External/CodeWalker.Core/GameFiles/Resources/Clip.cs(3571,39): warning CS8602: Dereference of a possibly null reference. [/home/ubuntu/PROGRAMA-BETA/src/FiveMTool.csproj]
/home/ubuntu/PROGRAMA-BETA/src/External/CodeWalker.Core/GameFiles/Resources/Clip.cs(3576,34): warning CS8625: Cannot convert null literal to non-nullable reference type. [/home/ubuntu/PROGRAMA-BETA/src/FiveMTool.csproj]
/home/ubuntu/PROGRAMA-BETA/src/External/CodeWalker.Core/GameFiles/Resources/Clip.cs(3586,29): warning CS8601: Possible null reference assignment. [/home/ubuntu/PROGRAMA-BETA/src/FiveMTool.csproj]
/home/ubuntu/PROGRAMA-BETA/src/External/CodeWalker.Core/GameFiles/Resources/Clip.cs(3468,61): warning CS8618: Non-nullable property 'Properties' must contain a non-null value when exiting constructor. Consider declaring the property as nullable. [/home/ubuntu/PROGRAMA-BETA/src/FiveMTool.csproj]
/home/ubuntu/PROGRAMA-BETA/src/External/CodeWalker.Core/GameFiles/Resources/Clip.cs(3470,31): warning CS8618: Non-nullable property 'AllProperties' must contain a non-null value when exiting constructor. Consider declaring the property as nullable. [/home/ubuntu/PROGRAMA-BETA/src/FiveMTool.csproj]
/home/ubuntu/PROGRAMA-BETA/src/External/CodeWalker.Core/GameFiles/Resources/Clip.cs(3471,51): warning CS8618: Non-nullable property 'PropertyMap' must contain a non-null value when exiting constructor. Consider declaring the property as nullable. [/home/ubuntu/PROGRAMA-BETA/src/FiveMTool.csproj]
/home/ubuntu/PROGRAMA-BETA/src/External/CodeWalker.Core/GameFiles/Resources/Clip.cs(2901,25): warning CS8618: Non-nullable property 'Clip' must contain a non-null value when exiting constructor. Consider declaring the property as nullable. [/home/ubuntu/PROGRAMA-BETA/src/FiveMTool.csproj]
/home/ubuntu/PROGRAMA-BETA/src/External/CodeWalker.Core/GameFiles/Resources/Clip.cs(2902,29): warning CS8618: Non-nullable property 'Next' must contain a non-null value when exiting constructor. Consider declaring the property as nullable. [/home/ubuntu/PROGRAMA-BETA/src/FiveMTool.csproj]
/home/ubuntu/PROGRAMA-BETA/src/External/CodeWalker.Core/GameFiles/Resources/Clip.cs(2189,30): warning CS8602: Dereference of a possibly null reference. [/home/ubuntu/PROGRAMA-BETA/src/FiveMTool.csproj]
/home/ubuntu/PROGRAMA-BETA/src/External/CodeWalker.Core/GameFiles/Resources/Clip.cs(2209,42): error CS0121: The call is ambiguous between the following methods or properties: 'CodeWalker.Vectors.ToQuaternion(SharpDX.Vector4)' and 'CodeWalker.Vectors.ToQuaternion(SharpDX.Vector4)' [/home/ubuntu/PROGRAMA-BETA/src/FiveMTool.csproj]
/home/ubuntu/PROGRAMA-BETA/src/External/CodeWalker.Core/GameFiles/Resources/Clip.cs(3141,33): warning CS8603: Possible null reference return. [/home/ubuntu/PROGRAMA-BETA/src/FiveMTool.csproj]
/home/ubuntu/PROGRAMA-BETA/src/External/CodeWalker.Core/GameFiles/Resources/Clip.cs(2215,90): error CS0121: The call is ambiguous between the following methods or properties: 'CodeWalker.QuaternionExtension.ToVector4(SharpDX.Quaternion)' and 'CodeWalker.QuaternionExtension.ToVector4(SharpDX.Quaternion)' [/home/ubuntu/PROGRAMA-BETA/src/FiveMTool.csproj]
/home/ubuntu/PROGRAMA-BETA/src/External/CodeWalker.Core/GameFiles/Resources/Clip.cs(3158,39): warning CS8604: Possible null reference argument for parameter 'arr' in 'void MetaXmlBase.WriteItemArray<ClipTag>(StringBuilder sb, ClipTag[] arr, int ind, string name)'. [/home/ubuntu/PROGRAMA-BETA/src/FiveMTool.csproj]
/home/ubuntu/PROGRAMA-BETA/src/External/CodeWalker.Core/GameFiles/Resources/Clip.cs(3159,39): warning CS8604: Possible null reference argument for parameter 'arr' in 'void MetaXmlBase.WriteItemArray<ClipProperty>(StringBuilder sb, ClipProperty[] arr, int ind, string name)'. [/home/ubuntu/PROGRAMA-BETA/src/FiveMTool.csproj]
/home/ubuntu/PROGRAMA-BETA/src/External/CodeWalker.Core/GameFiles/Resources/Clip.cs(1964,42): warning CS8625: Cannot convert null literal to non-nullable reference type. [/home/ubuntu/PROGRAMA-BETA/src/FiveMTool.csproj]
/home/ubuntu/PROGRAMA-BETA/src/External/CodeWalker.Core/GameFiles/Resources/Clip.cs(1965,42): warning CS8625: Cannot convert null literal to non-nullable reference type. [/home/ubuntu/PROGRAMA-BETA/src/FiveMTool.csproj]
/home/ubuntu/PROGRAMA-BETA/src/External/CodeWalker.Core/GameFiles/Resources/Clip.cs(1966,35): warning CS8625: Cannot convert null literal to non-nullable reference type. [/home/ubuntu/PROGRAMA-BETA/src/FiveMTool.csproj]
/home/ubuntu/PROGRAMA-BETA/src/External/CodeWalker.Core/GameFiles/Resources/Clip.cs(2996,38): warning CS8625: Cannot convert null literal to non-nullable reference type. [/home/ubuntu/PROGRAMA-BETA/src/FiveMTool.csproj]
/home/ubuntu/PROGRAMA-BETA/src/External/CodeWalker.Core/GameFiles/Resources/Clip.cs(2992,23): warning CS8618: Non-nullable property 'Name' must contain a non-null value when exiting constructor. Consider declaring the property as nullable. [/home/ubuntu/PROGRAMA-BETA/src/FiveMTool.csproj]
/home/ubuntu/PROGRAMA-BETA/src/External/CodeWalker.Core/GameFiles/Resources/Clip.cs(2993,28): warning CS8618: Non-nullable property 'Tags' must contain a non-null value when exiting constructor. Consider declaring the property as nullable. [/home/ubuntu/PROGRAMA-BETA/src/FiveMTool.csproj]
/home/ubuntu/PROGRAMA-BETA/src/External/CodeWalker.Core/GameFiles/Resources/Clip.cs(2994,32): warning CS8618: Non-nullable property 'Properties' must contain a non-null value when exiting constructor. Consider declaring the property as nullable. [/home/ubuntu/PROGRAMA-BETA/src/FiveMTool.csproj]
/home/ubuntu/PROGRAMA-BETA/src/External/CodeWalker.Core/GameFiles/Resources/Clip.cs(2998,24): warning CS8618: Non-nullable property 'Ycd' must contain a non-null value when exiting constructor. Consider declaring the property as nullable. [/home/ubuntu/PROGRAMA-BETA/src/FiveMTool.csproj]
/home/ubuntu/PROGRAMA-BETA/src/External/CodeWalker.Core/GameFiles/Resources/Clip.cs(3022,24): warning CS8618: Non-nullable field '_ShortName' must contain a non-null value when exiting constructor. Consider declaring the field as nullable. [/home/ubuntu/PROGRAMA-BETA/src/FiveMTool.csproj]
/home/ubuntu/PROGRAMA-BETA/src/External/CodeWalker.Core/GameFiles/Resources/Clip.cs(2166,30): warning CS8618: Non-nullable property 'Channels' must contain a non-null value when exiting constructor. Consider declaring the property as nullable. [/home/ubuntu/PROGRAMA-BETA/src/FiveMTool.csproj]
/home/ubuntu/PROGRAMA-BETA/src/External/CodeWalker.Core/GameFiles/Resources/Clip.cs(1818,16): warning CS8618: Non-nullable property 'Sequences' must contain a non-null value when exiting constructor. Consider declaring the property as nullable. [/home/ubuntu/PROGRAMA-BETA/src/FiveMTool.csproj]
/home/ubuntu/PROGRAMA-BETA/src/External/CodeWalker.Core/GameFiles/Resources/Clip.cs(1769,16): warning CS8618: Non-nullable field 'blockStream' must contain a non-null value when exiting constructor. Consider declaring the field as nullable. [/home/ubuntu/PROGRAMA-BETA/src/FiveMTool.csproj]
/home/ubuntu/PROGRAMA-BETA/src/External/CodeWalker.Core/GameFiles/Resources/Clip.cs(1769,16): warning CS8618: Non-nullable field 'valueCache' must contain a non-null value when exiting constructor. Consider declaring the field as nullable. [/home/ubuntu/PROGRAMA-BETA/src/FiveMTool.csproj]
/home/ubuntu/PROGRAMA-BETA/src/External/CodeWalker.Core/GameFiles/Resources/Clip.cs(1673,16): warning CS8618: Non-nullable property 'Values' must contain a non-null value when exiting constructor. Consider declaring the property as nullable. [/home/ubuntu/PROGRAMA-BETA/src/FiveMTool.csproj]
/home/ubuntu/PROGRAMA-BETA/src/External/CodeWalker.Core/GameFiles/Resources/Clip.cs(1420,16): warning CS8618: Non-nullable property 'Values' must contain a non-null value when exiting constructor. Consider declaring the property as nullable. [/home/ubuntu/PROGRAMA-BETA/src/FiveMTool.csproj]
/home/ubuntu/PROGRAMA-BETA/src/External/CodeWalker.Core/GameFiles/Resources/Clip.cs(1420,16): warning CS8618: Non-nullable property 'ValueList' must contain a non-null value when exiting constructor. Consider declaring the property as nullable. [/home/ubuntu/PROGRAMA-BETA/src/FiveMTool.csproj]
/home/ubuntu/PROGRAMA-BETA/src/External/CodeWalker.Core/GameFiles/Resources/Clip.cs(1314,16): warning CS8618: Non-nullable property 'Values' must contain a non-null value when exiting constructor. Consider declaring the property as nullable. [/home/ubuntu/PROGRAMA-BETA/src/FiveMTool.csproj]
/home/ubuntu/PROGRAMA-BETA/src/External/CodeWalker.Core/GameFiles/Resources/Clip.cs(1314,16): warning CS8618: Non-nullable property 'ValueList' must contain a non-null value when exiting constructor. Consider declaring the property as nullable. [/home/ubuntu/PROGRAMA-BETA/src/FiveMTool.csproj]
/home/ubuntu/PROGRAMA-BETA/src/External/CodeWalker.Core/GameFiles/Resources/Clip.cs(1336,39): warning CS8602: Dereference of a possibly null reference. [/home/ubuntu/PROGRAMA-BETA/src/FiveMTool.csproj]
/home/ubuntu/PROGRAMA-BETA/src/External/CodeWalker.Core/GameFiles/Resources/Clip.cs(2522,48): warning CS8601: Possible null reference assignment. [/home/ubuntu/PROGRAMA-BETA/src/FiveMTool.csproj]
/home/ubuntu/PROGRAMA-BETA/src/External/CodeWalker.Core/GameFiles/Resources/Clip.cs(1171,16): warning CS8618: Non-nullable property 'Values' must contain a non-null value when exiting constructor. Consider declaring the property as nullable. [/home/ubuntu/PROGRAMA-BETA/src/FiveMTool.csproj]
/home/ubuntu/PROGRAMA-BETA/src/External/CodeWalker.Core/GameFiles/Resources/Clip.cs(1171,16): warning CS8618: Non-nullable property 'ValueList' must contain a non-null value when exiting constructor. Consider declaring the property as nullable. [/home/ubuntu/PROGRAMA-BETA/src/FiveMTool.csproj]
/home/ubuntu/PROGRAMA-BETA/src/External/CodeWalker.Core/GameFiles/Resources/Clip.cs(1171,16): warning CS8618: Non-nullable property 'Frames' must contain a non-null value when exiting constructor. Consider declaring the property as nullable. [/home/ubuntu/PROGRAMA-BETA/src/FiveMTool.csproj]
/home/ubuntu/PROGRAMA-BETA/src/External/CodeWalker.Core/GameFiles/Resources/Clip.cs(1145,32): error CS0121: The call is ambiguous between the following methods or properties: 'CodeWalker.QuaternionExtension.ToVector4(SharpDX.Quaternion)' and 'CodeWalker.QuaternionExtension.ToVector4(SharpDX.Quaternion)' [/home/ubuntu/PROGRAMA-BETA/src/FiveMTool.csproj]
/home/ubuntu/PROGRAMA-BETA/src/External/CodeWalker.Core/GameFiles/Resources/Clip.cs(1151,94): error CS0121: The call is ambiguous between the following methods or properties: 'CodeWalker.QuaternionExtension.ToVector4(SharpDX.Quaternion)' and 'CodeWalker.QuaternionExtension.ToVector4(SharpDX.Quaternion)' [/home/ubuntu/PROGRAMA-BETA/src/FiveMTool.csproj]
/home/ubuntu/PROGRAMA-BETA/src/External/CodeWalker.Core/GameFiles/Resources/Clip.cs(1227,38): warning CS8602: Dereference of a possibly null reference. [/home/ubuntu/PROGRAMA-BETA/src/FiveMTool.csproj]
/home/ubuntu/PROGRAMA-BETA/src/External/CodeWalker.Core/GameFiles/Resources/Clip.cs(1524,38): warning CS8602: Dereference of a possibly null reference. [/home/ubuntu/PROGRAMA-BETA/src/FiveMTool.csproj]
/home/ubuntu/PROGRAMA-BETA/src/External/CodeWalker.Core/GameFiles/Resources/Clip.cs(2607,35): warning CS8602: Dereference of a possibly null reference. [/home/ubuntu/PROGRAMA-BETA/src/FiveMTool.csproj]
/home/ubuntu/PROGRAMA-BETA/src/External/CodeWalker.Core/GameFiles/Resources/Clip.cs(2628,39): warning CS8602: Dereference of a possibly null reference. [/home/ubuntu/PROGRAMA-BETA/src/FiveMTool.csproj]
/home/ubuntu/PROGRAMA-BETA/src/External/CodeWalker.Core/GameFiles/Resources/Clip.cs(1295,68): warning CS8625: Cannot convert null literal to non-nullable reference type. [/home/ubuntu/PROGRAMA-BETA/src/FiveMTool.csproj]
/home/ubuntu/PROGRAMA-BETA/src/External/CodeWalker.Core/GameFiles/Resources/Clip.cs(1052,28): warning CS8603: Possible null reference return. [/home/ubuntu/PROGRAMA-BETA/src/FiveMTool.csproj]
/home/ubuntu/PROGRAMA-BETA/src/External/CodeWalker.Core/GameFiles/Resources/Clip.cs(2749,30): warning CS8602: Dereference of a possibly null reference. [/home/ubuntu/PROGRAMA-BETA/src/FiveMTool.csproj]
/home/ubuntu/PROGRAMA-BETA/src/External/CodeWalker.Core/GameFiles/Resources/Clip.cs(2765,30): warning CS8602: Dereference of a possibly null reference. [/home/ubuntu/PROGRAMA-BETA/src/FiveMTool.csproj]
/home/ubuntu/PROGRAMA-BETA/src/External/CodeWalker.Core/GameFiles/Resources/Clip.cs(572,26): warning CS8618: Non-nullable property 'Animation' must contain a non-null value when exiting constructor. Consider declaring the property as nullable. [/home/ubuntu/PROGRAMA-BETA/src/FiveMTool.csproj]
/home/ubuntu/PROGRAMA-BETA/src/External/CodeWalker.Core/GameFiles/Resources/Clip.cs(573,34): warning CS8618: Non-nullable property 'NextEntry' must contain a non-null value when exiting constructor. Consider declaring the property as nullable. [/home/ubuntu/PROGRAMA-BETA/src/FiveMTool.csproj]
/home/ubuntu/PROGRAMA-BETA/src/External/CodeWalker.Core/GameFiles/Resources/Clip.cs(502,58): warning CS8618: Non-nullable property 'Animations' must contain a non-null value when exiting constructor. Consider declaring the property as nullable. [/home/ubuntu/PROGRAMA-BETA/src/FiveMTool.csproj]
/home/ubuntu/PROGRAMA-BETA/src/External/CodeWalker.Core/GameFiles/Resources/Clip.cs(2858,32): warning CS8601: Possible null reference assignment. [/home/ubuntu/PROGRAMA-BETA/src/FiveMTool.csproj]
/home/ubuntu/PROGRAMA-BETA/src/External/CodeWalker.Core/GameFiles/Resources/Clip.cs(2859,32): warning CS8601: Possible null reference assignment. [/home/ubuntu/PROGRAMA-BETA/src/FiveMTool.csproj]
/home/ubuntu/PROGRAMA-BETA/src/External/CodeWalker.Core/GameFiles/Resources/Clip.cs(2366,23): warning CS8618: Non-nullable property 'Data' must contain a non-null value when exiting constructor. Consider declaring the property as nullable. [/home/ubuntu/PROGRAMA-BETA/src/FiveMTool.csproj]
/home/ubuntu/PROGRAMA-BETA/src/External/CodeWalker.Core/GameFiles/Resources/Clip.cs(2371,31): warning CS8618: Non-nullable property 'Sequences' must contain a non-null value when exiting constructor. Consider declaring the property as nullable. [/home/ubuntu/PROGRAMA-BETA/src/FiveMTool.csproj]
/home/ubuntu/PROGRAMA-BETA/src/External/CodeWalker.Core/GameFiles/Resources/Clip.cs(2373,41): warning CS8618: Non-nullable property 'RootPositionRefs' must contain a non-null value when exiting constructor. Consider declaring the property as nullable. [/home/ubuntu/PROGRAMA-BETA/src/FiveMTool.csproj]
/home/ubuntu/PROGRAMA-BETA/src/External/CodeWalker.Core/GameFiles/Resources/Clip.cs(2374,41): warning CS8618: Non-nullable property 'RootRotationRefs' must contain a non-null value when exiting constructor. Consider declaring the property as nullable. [/home/ubuntu/PROGRAMA-BETA/src/FiveMTool.csproj]
/home/ubuntu/PROGRAMA-BETA/src/External/CodeWalker.Core/GameFiles/Resources/Clip.cs(859,39): warning CS8604: Possible null reference argument for parameter 'arr' in 'void MetaXmlBase.WriteItemArray<AnimationBoneId>(StringBuilder sb, AnimationBoneId[] arr, int ind, string name)'. [/home/ubuntu/PROGRAMA-BETA/src/FiveMTool.csproj]
/home/ubuntu/PROGRAMA-BETA/src/External/CodeWalker.Core/GameFiles/Resources/Clip.cs(860,39): warning CS8604: Possible null reference argument for parameter 'arr' in 'void MetaXmlBase.WriteItemArray<Sequence>(StringBuilder sb, Sequence[] arr, int ind, string name)'. [/home/ubuntu/PROGRAMA-BETA/src/FiveMTool.csproj]
/home/ubuntu/PROGRAMA-BETA/src/External/CodeWalker.Core/GameFiles/Resources/Clip.cs(657,48): warning CS8618: Non-nullable property 'Sequences' must contain a non-null value when exiting constructor. Consider declaring the property as nullable. [/home/ubuntu/PROGRAMA-BETA/src/FiveMTool.csproj]
/home/ubuntu/PROGRAMA-BETA/src/External/CodeWalker.Core/GameFiles/Resources/Clip.cs(658,56): warning CS8618: Non-nullable property 'BoneIds' must contain a non-null value when exiting constructor. Consider declaring the property as nullable. [/home/ubuntu/PROGRAMA-BETA/src/FiveMTool.csproj]
/home/ubuntu/PROGRAMA-BETA/src/External/CodeWalker.Core/GameFiles/Resources/Clip.cs(660,24): warning CS8618: Non-nullable property 'Ycd' must contain a non-null value when exiting constructor. Consider declaring the property as nullable. [/home/ubuntu/PROGRAMA-BETA/src/FiveMTool.csproj]
/home/ubuntu/PROGRAMA-BETA/src/External/CodeWalker.Core/GameFiles/Resources/Bounds.cs(5461,43): warning CS8603: Possible null reference return. [/home/ubuntu/PROGRAMA-BETA/src/FiveMTool.csproj]
/home/ubuntu/PROGRAMA-BETA/src/External/CodeWalker.Core/GameFiles/Resources/Bounds.cs(5462,55): warning CS8603: Possible null reference return. [/home/ubuntu/PROGRAMA-BETA/src/FiveMTool.csproj]
/home/ubuntu/PROGRAMA-BETA/src/External/CodeWalker.Core/GameFiles/Resources/Bounds.cs(5468,43): warning CS8603: Possible null reference return. [/home/ubuntu/PROGRAMA-BETA/src/FiveMTool.csproj]
/home/ubuntu/PROGRAMA-BETA/src/External/CodeWalker.Core/GameFiles/Resources/Bounds.cs(5469,55): warning CS8603: Possible null reference return. [/home/ubuntu/PROGRAMA-BETA/src/FiveMTool.csproj]
/home/ubuntu/PROGRAMA-BETA/src/External/CodeWalker.Core/GameFiles/Resources/Bounds.cs(5133,23): warning CS8618: Non-nullable field 'Bounds' must contain a non-null value when exiting constructor. Consider declaring the field as nullable. [/home/ubuntu/PROGRAMA-BETA/src/FiveMTool.csproj]
/home/ubuntu/PROGRAMA-BETA/src/External/CodeWalker.Core/GameFiles/Resources/Bounds.cs(5134,29): warning CS8618: Non-nullable field 'Polygon' must contain a non-null value when exiting constructor. Consider declaring the field as nullable. [/home/ubuntu/PROGRAMA-BETA/src/FiveMTool.csproj]
/home/ubuntu/PROGRAMA-BETA/src/External/CodeWalker.Core/GameFiles/Resources/Bounds.cs(5316,50): warning CS8618: Non-nullable field 'ColourDict' must contain a non-null value when exiting constructor. Consider declaring the field as nullable. [/home/ubuntu/PROGRAMA-BETA/src/FiveMTool.csproj]
/home/ubuntu/PROGRAMA-BETA/src/External/CodeWalker.Core/GameFiles/Resources/Bounds.cs(5317,48): warning CS8618: Non-nullable field 'Materials' must contain a non-null value when exiting constructor. Consider declaring the field as nullable. [/home/ubuntu/PROGRAMA-BETA/src/FiveMTool.csproj]
/home/ubuntu/PROGRAMA-BETA/src/External/CodeWalker.Core/GameFiles/Resources/Bounds.cs(5282,23): warning CS8618: Non-nullable property 'Name' must contain a non-null value when exiting constructor. Consider declaring the property as nullable. [/home/ubuntu/PROGRAMA-BETA/src/FiveMTool.csproj]
/home/ubuntu/PROGRAMA-BETA/src/External/CodeWalker.Core/GameFiles/Resources/Bounds.cs(5283,23): warning CS8618: Non-nullable property 'Filter' must contain a non-null value when exiting constructor. Consider declaring the property as nullable. [/home/ubuntu/PROGRAMA-BETA/src/FiveMTool.csproj]
/home/ubuntu/PROGRAMA-BETA/src/External/CodeWalker.Core/GameFiles/Resources/Bounds.cs(5284,23): warning CS8618: Non-nullable property 'FXGroup' must contain a non-null value when exiting constructor. Consider declaring the property as nullable. [/home/ubuntu/PROGRAMA-BETA/src/FiveMTool.csproj]
/home/ubuntu/PROGRAMA-BETA/src/External/CodeWalker.Core/GameFiles/Resources/Bounds.cs(5285,23): warning CS8618: Non-nullable property 'VFXDisturbanceType' must contain a non-null value when exiting constructor. Consider declaring the property as nullable. [/home/ubuntu/PROGRAMA-BETA/src/FiveMTool.csproj]
/home/ubuntu/PROGRAMA-BETA/src/External/CodeWalker.Core/GameFiles/Resources/Bounds.cs(5286,23): warning CS8618: Non-nullable property 'RumbleProfile' must contain a non-null value when exiting constructor. Consider declaring the property as nullable. [/home/ubuntu/PROGRAMA-BETA/src/FiveMTool.csproj]
/home/ubuntu/PROGRAMA-BETA/src/External/CodeWalker.Core/GameFiles/Resources/Bounds.cs(5287,23): warning CS8618: Non-nullable property 'ReactWeaponType' must contain a non-null value when exiting constructor. Consider declaring the property as nullable. [/home/ubuntu/PROGRAMA-BETA/src/FiveMTool.csproj]
/home/ubuntu/PROGRAMA-BETA/src/External/CodeWalker.Core/GameFiles/Resources/Bounds.cs(5288,23): warning CS8618: Non-nullable property 'Friction' must contain a non-null value when exiting constructor. Consider declaring the property as nullable. [/home/ubuntu/PROGRAMA-BETA/src/FiveMTool.csproj]
/home/ubuntu/PROGRAMA-BETA/src/External/CodeWalker.Core/GameFiles/Resources/Bounds.cs(5289,23): warning CS8618: Non-nullable property 'Elasticity' must contain a non-null value when exiting constructor. Consider declaring the property as nullable. [/home/ubuntu/PROGRAMA-BETA/src/FiveMTool.csproj]
/home/ubuntu/PROGRAMA-BETA/src/External/CodeWalker.Core/GameFiles/Resources/Bounds.cs(5290,23): warning CS8618: Non-nullable property 'Density' must contain a non-null value when exiting constructor. Consider declaring the property as nullable. [/home/ubuntu/PROGRAMA-BETA/src/FiveMTool.csproj]
/home/ubuntu/PROGRAMA-BETA/src/External/CodeWalker.Core/GameFiles/Resources/Bounds.cs(5291,23): warning CS8618: Non-nullable property 'TyreGrip' must contain a non-null value when exiting constructor. Consider declaring the property as nullable. [/home/ubuntu/PROGRAMA-BETA/src/FiveMTool.csproj]
/home/ubuntu/PROGRAMA-BETA/src/External/CodeWalker.Core/GameFiles/Resources/Bounds.cs(5292,23): warning CS8618: Non-nullable property 'WetGrip' must contain a non-null value when exiting constructor. Consider declaring the property as nullable. [/home/ubuntu/PROGRAMA-BETA/src/FiveMTool.csproj]
/home/ubuntu/PROGRAMA-BETA/src/External/CodeWalker.Core/GameFiles/Resources/Bounds.cs(5293,23): warning CS8618: Non-nullable property 'TyreDrag' must contain a non-null value when exiting constructor. Consider declaring the property as nullable. [/home/ubuntu/PROGRAMA-BETA/src/FiveMTool.csproj]
/home/ubuntu/PROGRAMA-BETA/src/External/CodeWalker.Core/GameFiles/Resources/Bounds.cs(5294,23): warning CS8618: Non-nullable property 'TopSpeedMult' must contain a non-null value when exiting constructor. Consider declaring the property as nullable. [/home/ubuntu/PROGRAMA-BETA/src/FiveMTool.csproj]
/home/ubuntu/PROGRAMA-BETA/src/External/CodeWalker.Core/GameFiles/Resources/Bounds.cs(5295,23): warning CS8618: Non-nullable property 'Softness' must contain a non-null value when exiting constructor. Consider declaring the property as nullable. [/home/ubuntu/PROGRAMA-BETA/src/FiveMTool.csproj]
/home/ubuntu/PROGRAMA-BETA/src/External/CodeWalker.Core/GameFiles/Resources/Bounds.cs(5296,23): warning CS8618: Non-nullable property 'Noisiness' must contain a non-null value when exiting constructor. Consider declaring the property as nullable. [/home/ubuntu/PROGRAMA-BETA/src/FiveMTool.csproj]
/home/ubuntu/PROGRAMA-BETA/src/External/CodeWalker.Core/GameFiles/Resources/Bounds.cs(5297,23): warning CS8618: Non-nullable property 'PenetrationResistance' must contain a non-null value when exiting constructor. Consider declaring the property as nullable. [/home/ubuntu/PROGRAMA-BETA/src/FiveMTool.csproj]
/home/ubuntu/PROGRAMA-BETA/src/External/CodeWalker.Core/GameFiles/Resources/Bounds.cs(5298,23): warning CS8618: Non-nullable property 'SeeThru' must contain a non-null value when exiting constructor. Consider declaring the property as nullable. [/home/ubuntu/PROGRAMA-BETA/src/FiveMTool.csproj]
/home/ubuntu/PROGRAMA-BETA/src/External/CodeWalker.Core/GameFiles/Resources/Bounds.cs(5299,23): warning CS8618: Non-nullable property 'ShootThru' must contain a non-null value when exiting constructor. Consider declaring the property as nullable. [/home/ubuntu/PROGRAMA-BETA/src/FiveMTool.csproj]
/home/ubuntu/PROGRAMA-BETA/src/External/CodeWalker.Core/GameFiles/Resources/Bounds.cs(5300,23): warning CS8618: Non-nullable property 'ShootThruFX' must contain a non-null value when exiting constructor. Consider declaring the property as nullable. [/home/ubuntu/PROGRAMA-BETA/src/FiveMTool.csproj]
/home/ubuntu/PROGRAMA-BETA/src/External/CodeWalker.Core/GameFiles/Resources/Bounds.cs(5301,23): warning CS8618: Non-nullable property 'NoDecal' must contain a non-null value when exiting constructor. Consider declaring the property as nullable. [/home/ubuntu/PROGRAMA-BETA/src/FiveMTool.csproj]
/home/ubuntu/PROGRAMA-BETA/src/External/CodeWalker.Core/GameFiles/Resources/Bounds.cs(5302,23): warning CS8618: Non-nullable property 'Porous' must contain a non-null value when exiting constructor. Consider declaring the property as nullable. [/home/ubuntu/PROGRAMA-BETA/src/FiveMTool.csproj]
/home/ubuntu/PROGRAMA-BETA/src/External/CodeWalker.Core/GameFiles/Resources/Bounds.cs(5303,23): warning CS8618: Non-nullable property 'HeatsTyre' must contain a non-null value when exiting constructor. Consider declaring the property as nullable. [/home/ubuntu/PROGRAMA-BETA/src/FiveMTool.csproj]
/home/ubuntu/PROGRAMA-BETA/src/External/CodeWalker.Core/GameFiles/Resources/Bounds.cs(5304,23): warning CS8618: Non-nullable property 'Material' must contain a non-null value when exiting constructor. Consider declaring the property as nullable. [/home/ubuntu/PROGRAMA-BETA/src/FiveMTool.csproj]
/home/ubuntu/PROGRAMA-BETA/src/External/CodeWalker.Core/GameFiles/Resources/Bounds.cs(4524,32): warning CS8602: Dereference of a possibly null reference. [/home/ubuntu/PROGRAMA-BETA/src/FiveMTool.csproj]
/home/ubuntu/PROGRAMA-BETA/src/External/CodeWalker.Core/GameFiles/Resources/Bounds.cs(4802,63): error CS0121: The call is ambiguous between the following methods or properties: 'CodeWalker.Vectors.Abs(SharpDX.Vector3)' and 'CodeWalker.Vectors.Abs(SharpDX.Vector3)' [/home/ubuntu/PROGRAMA-BETA/src/FiveMTool.csproj]
/home/ubuntu/PROGRAMA-BETA/src/External/CodeWalker.Core/GameFiles/Resources/Bounds.cs(4802,82): error CS0121: The call is ambiguous between the following methods or properties: 'CodeWalker.Vectors.Abs(SharpDX.Vector3)' and 'CodeWalker.Vectors.Abs(SharpDX.Vector3)' [/home/ubuntu/PROGRAMA-BETA/src/FiveMTool.csproj]
/home/ubuntu/PROGRAMA-BETA/src/External/CodeWalker.Core/GameFiles/Resources/Bounds.cs(4803,65): error CS0121: The call is ambiguous between the following methods or properties: 'CodeWalker.Vectors.XYZ(SharpDX.Vector4)' and 'CodeWalker.Vectors.XYZ(SharpDX.Vector4)' [/home/ubuntu/PROGRAMA-BETA/src/FiveMTool.csproj]
/home/ubuntu/PROGRAMA-BETA/src/External/CodeWalker.Core/GameFiles/Resources/Bounds.cs(4832,41): error CS0121: The call is ambiguous between the following methods or properties: 'CodeWalker.Vectors.XYZ(SharpDX.Vector4)' and 'CodeWalker.Vectors.XYZ(SharpDX.Vector4)' [/home/ubuntu/PROGRAMA-BETA/src/FiveMTool.csproj]
/home/ubuntu/PROGRAMA-BETA/src/External/CodeWalker.Core/GameFiles/Resources/Bounds.cs(4833,43): error CS0121: The call is ambiguous between the following methods or properties: 'CodeWalker.Vectors.XYZ(SharpDX.Vector4)' and 'CodeWalker.Vectors.XYZ(SharpDX.Vector4)' [/home/ubuntu/PROGRAMA-BETA/src/FiveMTool.csproj]
/home/ubuntu/PROGRAMA-BETA/src/External/CodeWalker.Core/GameFiles/Resources/Bounds.cs(4783,39): warning CS8603: Possible null reference return. [/home/ubuntu/PROGRAMA-BETA/src/FiveMTool.csproj]
/home/ubuntu/PROGRAMA-BETA/src/External/CodeWalker.Core/GameFiles/Resources/Bounds.cs(4837,59): warning CS8602: Dereference of a possibly null reference. [/home/ubuntu/PROGRAMA-BETA/src/FiveMTool.csproj]
/home/ubuntu/PROGRAMA-BETA/src/External/CodeWalker.Core/GameFiles/Resources/Bounds.cs(4585,65): warning CS8602: Dereference of a possibly null reference. [/home/ubuntu/PROGRAMA-BETA/src/FiveMTool.csproj]
/home/ubuntu/PROGRAMA-BETA/src/External/CodeWalker.Core/GameFiles/Resources/Clip.cs(343,70): warning CS8600: Converting null literal or possible null value to non-nullable type. [/home/ubuntu/PROGRAMA-BETA/src/FiveMTool.csproj]
/home/ubuntu/PROGRAMA-BETA/src/External/CodeWalker.Core/GameFiles/Resources/Clip.cs(344,42): warning CS8601: Possible null reference assignment. [/home/ubuntu/PROGRAMA-BETA/src/FiveMTool.csproj]
/home/ubuntu/PROGRAMA-BETA/src/External/CodeWalker.Core/GameFiles/Resources/Clip.cs(351,69): warning CS8600: Converting null literal or possible null value to non-nullable type. [/home/ubuntu/PROGRAMA-BETA/src/FiveMTool.csproj]
/home/ubuntu/PROGRAMA-BETA/src/External/CodeWalker.Core/GameFiles/Resources/Clip.cs(352,41): warning CS8601: Possible null reference assignment. [/home/ubuntu/PROGRAMA-BETA/src/FiveMTool.csproj]
/home/ubuntu/PROGRAMA-BETA/src/External/CodeWalker.Core/GameFiles/Resources/Bounds.cs(4883,94): warning CS8603: Possible null reference return. [/home/ubuntu/PROGRAMA-BETA/src/FiveMTool.csproj]
/home/ubuntu/PROGRAMA-BETA/src/External/CodeWalker.Core/GameFiles/Resources/Bounds.cs(4426,16): warning CS8618: Non-nullable property 'Triangle2' must contain a non-null value when exiting constructor. Consider declaring the property as nullable. [/home/ubuntu/PROGRAMA-BETA/src/FiveMTool.csproj]
/home/ubuntu/PROGRAMA-BETA/src/External/CodeWalker.Core/GameFiles/Resources/Clip.cs(391,56): warning CS8625: Cannot convert null literal to non-nullable reference type. [/home/ubuntu/PROGRAMA-BETA/src/FiveMTool.csproj]
/home/ubuntu/PROGRAMA-BETA/src/External/CodeWalker.Core/GameFiles/Resources/Clip.cs(394,34): warning CS8602: Dereference of a possibly null reference. [/home/ubuntu/PROGRAMA-BETA/src/FiveMTool.csproj]
/home/ubuntu/PROGRAMA-BETA/src/External/CodeWalker.Core/GameFiles/Resources/Clip.cs(399,34): warning CS8625: Cannot convert null literal to non-nullable reference type. [/home/ubuntu/PROGRAMA-BETA/src/FiveMTool.csproj]
/home/ubuntu/PROGRAMA-BETA/src/External/CodeWalker.Core/GameFiles/Resources/Bounds.cs(4649,51): warning CS8618: Non-nullable property 'Nodes' must contain a non-null value when exiting constructor. Consider declaring the property as nullable. [/home/ubuntu/PROGRAMA-BETA/src/FiveMTool.csproj]
/home/ubuntu/PROGRAMA-BETA/src/External/CodeWalker.Core/GameFiles/Resources/Bounds.cs(4659,54): warning CS8618: Non-nullable property 'Trees' must contain a non-null value when exiting constructor. Consider declaring the property as nullable. [/home/ubuntu/PROGRAMA-BETA/src/FiveMTool.csproj]
/home/ubuntu/PROGRAMA-BETA/src/External/CodeWalker.Core/GameFiles/Resources/Bounds.cs(4284,60): error CS0121: The call is ambiguous between the following methods or properties: 'CodeWalker.QuaternionExtension.Multiply(SharpDX.Quaternion, SharpDX.Vector3)' and 'CodeWalker.QuaternionExtension.Multiply(SharpDX.Quaternion, SharpDX.Vector3)' [/home/ubuntu/PROGRAMA-BETA/src/FiveMTool.csproj]
/home/ubuntu/PROGRAMA-BETA/src/External/CodeWalker.Core/GameFiles/Resources/Bounds.cs(4285,60): error CS0121: The call is ambiguous between the following methods or properties: 'CodeWalker.QuaternionExtension.Multiply(SharpDX.Quaternion, SharpDX.Vector3)' and 'CodeWalker.QuaternionExtension.Multiply(SharpDX.Quaternion, SharpDX.Vector3)' [/home/ubuntu/PROGRAMA-BETA/src/FiveMTool.csproj]
/home/ubuntu/PROGRAMA-BETA/src/External/CodeWalker.Core/GameFiles/Resources/Clip.cs(432,56): warning CS8625: Cannot convert null literal to non-nullable reference type. [/home/ubuntu/PROGRAMA-BETA/src/FiveMTool.csproj]
/home/ubuntu/PROGRAMA-BETA/src/External/CodeWalker.Core/GameFiles/Resources/Clip.cs(435,34): warning CS8602: Dereference of a possibly null reference. [/home/ubuntu/PROGRAMA-BETA/src/FiveMTool.csproj]
/home/ubuntu/PROGRAMA-BETA/src/External/CodeWalker.Core/GameFiles/Resources/Clip.cs(440,39): warning CS8625: Cannot convert null literal to non-nullable reference type. [/home/ubuntu/PROGRAMA-BETA/src/FiveMTool.csproj]
/home/ubuntu/PROGRAMA-BETA/src/External/CodeWalker.Core/GameFiles/Resources/Bounds.cs(4311,48): error CS0121: The call is ambiguous between the following methods or properties: 'CodeWalker.Vectors.GetPerpVec(SharpDX.Vector3)' and 'CodeWalker.Vectors.GetPerpVec(SharpDX.Vector3)' [/home/ubuntu/PROGRAMA-BETA/src/FiveMTool.csproj]
/home/ubuntu/PROGRAMA-BETA/src/External/CodeWalker.Core/GameFiles/Resources/Clip.cs(63,29): warning CS8618: Non-nullable property 'Animations' must contain a non-null value when exiting constructor. Consider declaring the property as nullable. [/home/ubuntu/PROGRAMA-BETA/src/FiveMTool.csproj]
/home/ubuntu/PROGRAMA-BETA/src/External/CodeWalker.Core/GameFiles/Resources/Clip.cs(64,53): warning CS8618: Non-nullable property 'Clips' must contain a non-null value when exiting constructor. Consider declaring the property as nullable. [/home/ubuntu/PROGRAMA-BETA/src/FiveMTool.csproj]
/home/ubuntu/PROGRAMA-BETA/src/External/CodeWalker.Core/GameFiles/Resources/Clip.cs(67,51): warning CS8618: Non-nullable property 'ClipMap' must contain a non-null value when exiting constructor. Consider declaring the property as nullable. [/home/ubuntu/PROGRAMA-BETA/src/FiveMTool.csproj]
/home/ubuntu/PROGRAMA-BETA/src/External/CodeWalker.Core/GameFiles/Resources/Clip.cs(68,56): warning CS8618: Non-nullable property 'AnimMap' must contain a non-null value when exiting constructor. Consider declaring the property as nullable. [/home/ubuntu/PROGRAMA-BETA/src/FiveMTool.csproj]
/home/ubuntu/PROGRAMA-BETA/src/External/CodeWalker.Core/GameFiles/Resources/Bounds.cs(4322,39): error CS0121: The call is ambiguous between the following methods or properties: 'CodeWalker.QuaternionExtension.Multiply(SharpDX.Quaternion, SharpDX.Vector3)' and 'CodeWalker.QuaternionExtension.Multiply(SharpDX.Quaternion, SharpDX.Vector3)' [/home/ubuntu/PROGRAMA-BETA/src/FiveMTool.csproj]
/home/ubuntu/PROGRAMA-BETA/src/External/CodeWalker.Core/GameFiles/Resources/Bounds.cs(4323,39): error CS0121: The call is ambiguous between the following methods or properties: 'CodeWalker.QuaternionExtension.Multiply(SharpDX.Quaternion, SharpDX.Vector3)' and 'CodeWalker.QuaternionExtension.Multiply(SharpDX.Quaternion, SharpDX.Vector3)' [/home/ubuntu/PROGRAMA-BETA/src/FiveMTool.csproj]
/home/ubuntu/PROGRAMA-BETA/src/External/CodeWalker.Core/GameFiles/Resources/Bounds.cs(4093,60): error CS0121: The call is ambiguous between the following methods or properties: 'CodeWalker.QuaternionExtension.Multiply(SharpDX.Quaternion, SharpDX.Vector3)' and 'CodeWalker.QuaternionExtension.Multiply(SharpDX.Quaternion, SharpDX.Vector3)' [/home/ubuntu/PROGRAMA-BETA/src/FiveMTool.csproj]
/home/ubuntu/PROGRAMA-BETA/src/External/CodeWalker.Core/GameFiles/Resources/Bounds.cs(4094,60): error CS0121: The call is ambiguous between the following methods or properties: 'CodeWalker.QuaternionExtension.Multiply(SharpDX.Quaternion, SharpDX.Vector3)' and 'CodeWalker.QuaternionExtension.Multiply(SharpDX.Quaternion, SharpDX.Vector3)' [/home/ubuntu/PROGRAMA-BETA/src/FiveMTool.csproj]
/home/ubuntu/PROGRAMA-BETA/src/External/CodeWalker.Core/GameFiles/Resources/Bounds.cs(4095,60): error CS0121: The call is ambiguous between the following methods or properties: 'CodeWalker.QuaternionExtension.Multiply(SharpDX.Quaternion, SharpDX.Vector3)' and 'CodeWalker.QuaternionExtension.Multiply(SharpDX.Quaternion, SharpDX.Vector3)' [/home/ubuntu/PROGRAMA-BETA/src/FiveMTool.csproj]
/home/ubuntu/PROGRAMA-BETA/src/External/CodeWalker.Core/GameFiles/Resources/Bounds.cs(4096,60): error CS0121: The call is ambiguous between the following methods or properties: 'CodeWalker.QuaternionExtension.Multiply(SharpDX.Quaternion, SharpDX.Vector3)' and 'CodeWalker.QuaternionExtension.Multiply(SharpDX.Quaternion, SharpDX.Vector3)' [/home/ubuntu/PROGRAMA-BETA/src/FiveMTool.csproj]
/home/ubuntu/PROGRAMA-BETA/src/External/CodeWalker.Core/GameFiles/Resources/Bounds.cs(3909,60): error CS0121: The call is ambiguous between the following methods or properties: 'CodeWalker.QuaternionExtension.Multiply(SharpDX.Quaternion, SharpDX.Vector3)' and 'CodeWalker.QuaternionExtension.Multiply(SharpDX.Quaternion, SharpDX.Vector3)' [/home/ubuntu/PROGRAMA-BETA/src/FiveMTool.csproj]
/home/ubuntu/PROGRAMA-BETA/src/External/CodeWalker.Core/GameFiles/Resources/Bounds.cs(3910,60): error CS0121: The call is ambiguous between the following methods or properties: 'CodeWalker.QuaternionExtension.Multiply(SharpDX.Quaternion, SharpDX.Vector3)' and 'CodeWalker.QuaternionExtension.Multiply(SharpDX.Quaternion, SharpDX.Vector3)' [/home/ubuntu/PROGRAMA-BETA/src/FiveMTool.csproj]
/home/ubuntu/PROGRAMA-BETA/src/External/CodeWalker.Core/GameFiles/Resources/Bounds.cs(4138,39): error CS0121: The call is ambiguous between the following methods or properties: 'CodeWalker.QuaternionExtension.Multiply(SharpDX.Quaternion, SharpDX.Vector3)' and 'CodeWalker.QuaternionExtension.Multiply(SharpDX.Quaternion, SharpDX.Vector3)' [/home/ubuntu/PROGRAMA-BETA/src/FiveMTool.csproj]
/home/ubuntu/PROGRAMA-BETA/src/External/CodeWalker.Core/GameFiles/Resources/Bounds.cs(4139,39): error CS0121: The call is ambiguous between the following methods or properties: 'CodeWalker.QuaternionExtension.Multiply(SharpDX.Quaternion, SharpDX.Vector3)' and 'CodeWalker.QuaternionExtension.Multiply(SharpDX.Quaternion, SharpDX.Vector3)' [/home/ubuntu/PROGRAMA-BETA/src/FiveMTool.csproj]
/home/ubuntu/PROGRAMA-BETA/src/External/CodeWalker.Core/GameFiles/Resources/Bounds.cs(4140,39): error CS0121: The call is ambiguous between the following methods or properties: 'CodeWalker.QuaternionExtension.Multiply(SharpDX.Quaternion, SharpDX.Vector3)' and 'CodeWalker.QuaternionExtension.Multiply(SharpDX.Quaternion, SharpDX.Vector3)' [/home/ubuntu/PROGRAMA-BETA/src/FiveMTool.csproj]
/home/ubuntu/PROGRAMA-BETA/src/External/CodeWalker.Core/GameFiles/Resources/Bounds.cs(4141,39): error CS0121: The call is ambiguous between the following methods or properties: 'CodeWalker.QuaternionExtension.Multiply(SharpDX.Quaternion, SharpDX.Vector3)' and 'CodeWalker.QuaternionExtension.Multiply(SharpDX.Quaternion, SharpDX.Vector3)' [/home/ubuntu/PROGRAMA-BETA/src/FiveMTool.csproj]
/home/ubuntu/PROGRAMA-BETA/src/External/CodeWalker.Core/GameFiles/Resources/Bounds.cs(3936,48): error CS0121: The call is ambiguous between the following methods or properties: 'CodeWalker.Vectors.GetPerpVec(SharpDX.Vector3)' and 'CodeWalker.Vectors.GetPerpVec(SharpDX.Vector3)' [/home/ubuntu/PROGRAMA-BETA/src/FiveMTool.csproj]
/home/ubuntu/PROGRAMA-BETA/src/External/CodeWalker.Core/GameFiles/Resources/Bounds.cs(3947,39): error CS0121: The call is ambiguous between the following methods or properties: 'CodeWalker.QuaternionExtension.Multiply(SharpDX.Quaternion, SharpDX.Vector3)' and 'CodeWalker.QuaternionExtension.Multiply(SharpDX.Quaternion, SharpDX.Vector3)' [/home/ubuntu/PROGRAMA-BETA/src/FiveMTool.csproj]
/home/ubuntu/PROGRAMA-BETA/src/External/CodeWalker.Core/GameFiles/Resources/Bounds.cs(3948,39): error CS0121: The call is ambiguous between the following methods or properties: 'CodeWalker.QuaternionExtension.Multiply(SharpDX.Quaternion, SharpDX.Vector3)' and 'CodeWalker.QuaternionExtension.Multiply(SharpDX.Quaternion, SharpDX.Vector3)' [/home/ubuntu/PROGRAMA-BETA/src/FiveMTool.csproj]
/home/ubuntu/PROGRAMA-BETA/src/External/CodeWalker.Core/GameFiles/Resources/Bounds.cs(3412,30): warning CS8618: Non-nullable property 'Owner' must contain a non-null value when exiting constructor. Consider declaring the property as nullable. [/home/ubuntu/PROGRAMA-BETA/src/FiveMTool.csproj]
/home/ubuntu/PROGRAMA-BETA/src/External/CodeWalker.Core/GameFiles/Resources/Bounds.cs(4992,39): error CS0121: The call is ambiguous between the following methods or properties: 'CodeWalker.Vectors.CompareTo(SharpDX.Vector3, SharpDX.Vector3)' and 'CodeWalker.Vectors.CompareTo(SharpDX.Vector3, SharpDX.Vector3)' [/home/ubuntu/PROGRAMA-BETA/src/FiveMTool.csproj]
/home/ubuntu/PROGRAMA-BETA/src/External/CodeWalker.Core/GameFiles/Resources/Bounds.cs(4993,38): error CS0121: The call is ambiguous between the following methods or properties: 'CodeWalker.Vectors.CompareTo(SharpDX.Vector3, SharpDX.Vector3)' and 'CodeWalker.Vectors.CompareTo(SharpDX.Vector3, SharpDX.Vector3)' [/home/ubuntu/PROGRAMA-BETA/src/FiveMTool.csproj]
/home/ubuntu/PROGRAMA-BETA/src/External/CodeWalker.Core/GameFiles/Resources/Bounds.cs(5005,21): warning CS8625: Cannot convert null literal to non-nullable reference type. [/home/ubuntu/PROGRAMA-BETA/src/FiveMTool.csproj]
/home/ubuntu/PROGRAMA-BETA/src/External/CodeWalker.Core/GameFiles/Resources/Bounds.cs(3548,60): error CS0121: The call is ambiguous between the following methods or properties: 'CodeWalker.QuaternionExtension.Multiply(SharpDX.Quaternion, SharpDX.Vector3)' and 'CodeWalker.QuaternionExtension.Multiply(SharpDX.Quaternion, SharpDX.Vector3)' [/home/ubuntu/PROGRAMA-BETA/src/FiveMTool.csproj]
/home/ubuntu/PROGRAMA-BETA/src/External/CodeWalker.Core/GameFiles/Resources/Bounds.cs(3549,60): error CS0121: The call is ambiguous between the following methods or properties: 'CodeWalker.QuaternionExtension.Multiply(SharpDX.Quaternion, SharpDX.Vector3)' and 'CodeWalker.QuaternionExtension.Multiply(SharpDX.Quaternion, SharpDX.Vector3)' [/home/ubuntu/PROGRAMA-BETA/src/FiveMTool.csproj]
/home/ubuntu/PROGRAMA-BETA/src/External/CodeWalker.Core/GameFiles/Resources/Bounds.cs(3550,60): error CS0121: The call is ambiguous between the following methods or properties: 'CodeWalker.QuaternionExtension.Multiply(SharpDX.Quaternion, SharpDX.Vector3)' and 'CodeWalker.QuaternionExtension.Multiply(SharpDX.Quaternion, SharpDX.Vector3)' [/home/ubuntu/PROGRAMA-BETA/src/FiveMTool.csproj]
/home/ubuntu/PROGRAMA-BETA/src/External/CodeWalker.Core/GameFiles/Resources/Bounds.cs(5064,39): warning CS8602: Dereference of a possibly null reference. [/home/ubuntu/PROGRAMA-BETA/src/FiveMTool.csproj]
/home/ubuntu/PROGRAMA-BETA/src/External/CodeWalker.Core/GameFiles/Resources/Bounds.cs(5077,33): error CS0121: The call is ambiguous between the following methods or properties: 'CodeWalker.Vectors.XYZ(SharpDX.Vector4)' and 'CodeWalker.Vectors.XYZ(SharpDX.Vector4)' [/home/ubuntu/PROGRAMA-BETA/src/FiveMTool.csproj]
/home/ubuntu/PROGRAMA-BETA/src/External/CodeWalker.Core/GameFiles/Resources/Bounds.cs(5078,43): error CS0121: The call is ambiguous between the following methods or properties: 'CodeWalker.Vectors.XYZ(SharpDX.Vector4)' and 'CodeWalker.Vectors.XYZ(SharpDX.Vector4)' [/home/ubuntu/PROGRAMA-BETA/src/FiveMTool.csproj]
/home/ubuntu/PROGRAMA-BETA/src/External/CodeWalker.Core/GameFiles/Resources/Bounds.cs(4899,37): warning CS8618: Non-nullable field 'Children' must contain a non-null value when exiting constructor. Consider declaring the field as nullable. [/home/ubuntu/PROGRAMA-BETA/src/FiveMTool.csproj]
/home/ubuntu/PROGRAMA-BETA/src/External/CodeWalker.Core/GameFiles/Resources/Bounds.cs(4900,37): warning CS8618: Non-nullable field 'Items' must contain a non-null value when exiting constructor. Consider declaring the field as nullable. [/home/ubuntu/PROGRAMA-BETA/src/FiveMTool.csproj]
/home/ubuntu/PROGRAMA-BETA/src/External/CodeWalker.Core/GameFiles/Resources/Bounds.cs(3590,39): error CS0121: The call is ambiguous between the following methods or properties: 'CodeWalker.QuaternionExtension.Multiply(SharpDX.Quaternion, SharpDX.Vector3)' and 'CodeWalker.QuaternionExtension.Multiply(SharpDX.Quaternion, SharpDX.Vector3)' [/home/ubuntu/PROGRAMA-BETA/src/FiveMTool.csproj]
/home/ubuntu/PROGRAMA-BETA/src/External/CodeWalker.Core/GameFiles/Resources/Bounds.cs(3591,39): error CS0121: The call is ambiguous between the following methods or properties: 'CodeWalker.QuaternionExtension.Multiply(SharpDX.Quaternion, SharpDX.Vector3)' and 'CodeWalker.QuaternionExtension.Multiply(SharpDX.Quaternion, SharpDX.Vector3)' [/home/ubuntu/PROGRAMA-BETA/src/FiveMTool.csproj]
/home/ubuntu/PROGRAMA-BETA/src/External/CodeWalker.Core/GameFiles/Resources/Bounds.cs(3592,39): error CS0121: The call is ambiguous between the following methods or properties: 'CodeWalker.QuaternionExtension.Multiply(SharpDX.Quaternion, SharpDX.Vector3)' and 'CodeWalker.QuaternionExtension.Multiply(SharpDX.Quaternion, SharpDX.Vector3)' [/home/ubuntu/PROGRAMA-BETA/src/FiveMTool.csproj]
/home/ubuntu/PROGRAMA-BETA/src/External/CodeWalker.Core/GameFiles/Resources/Bounds.cs(3156,38): error CS0121: The call is ambiguous between the following methods or properties: 'CodeWalker.BoundingBoxMath.Transform(SharpDX.BoundingBox, SharpDX.Matrix)' and 'CodeWalker.BoundingBoxMath.Transform(SharpDX.BoundingBox, SharpDX.Matrix)' [/home/ubuntu/PROGRAMA-BETA/src/FiveMTool.csproj]
/home/ubuntu/PROGRAMA-BETA/src/External/CodeWalker.Core/GameFiles/Resources/Bounds.cs(3120,23): warning CS8625: Cannot convert null literal to non-nullable reference type. [/home/ubuntu/PROGRAMA-BETA/src/FiveMTool.csproj]
/home/ubuntu/PROGRAMA-BETA/src/External/CodeWalker.Core/GameFiles/Resources/Bounds.cs(3127,23): warning CS8625: Cannot convert null literal to non-nullable reference type. [/home/ubuntu/PROGRAMA-BETA/src/FiveMTool.csproj]
/home/ubuntu/PROGRAMA-BETA/src/External/CodeWalker.Core/GameFiles/Resources/Bounds.cs(3144,27): warning CS8625: Cannot convert null literal to non-nullable reference type. [/home/ubuntu/PROGRAMA-BETA/src/FiveMTool.csproj]
/home/ubuntu/PROGRAMA-BETA/src/External/CodeWalker.Core/GameFiles/Resources/Bounds.cs(3166,31): warning CS8625: Cannot convert null literal to non-nullable reference type. [/home/ubuntu/PROGRAMA-BETA/src/FiveMTool.csproj]
/home/ubuntu/PROGRAMA-BETA/src/External/CodeWalker.Core/GameFiles/Resources/Bounds.cs(2674,41): error CS0121: The call is ambiguous between the following methods or properties: 'CodeWalker.Vectors.XYZ(SharpDX.Vector4)' and 'CodeWalker.Vectors.XYZ(SharpDX.Vector4)' [/home/ubuntu/PROGRAMA-BETA/src/FiveMTool.csproj]
/home/ubuntu/PROGRAMA-BETA/src/External/CodeWalker.Core/GameFiles/Resources/Bounds.cs(2675,41): error CS0121: The call is ambiguous between the following methods or properties: 'CodeWalker.Vectors.XYZ(SharpDX.Vector4)' and 'CodeWalker.Vectors.XYZ(SharpDX.Vector4)' [/home/ubuntu/PROGRAMA-BETA/src/FiveMTool.csproj]
/home/ubuntu/PROGRAMA-BETA/src/External/CodeWalker.Core/GameFiles/Resources/Bounds.cs(2676,47): error CS0121: The call is ambiguous between the following methods or properties: 'CodeWalker.Vectors.XYZ(SharpDX.Vector4)' and 'CodeWalker.Vectors.XYZ(SharpDX.Vector4)' [/home/ubuntu/PROGRAMA-BETA/src/FiveMTool.csproj]
/home/ubuntu/PROGRAMA-BETA/src/External/CodeWalker.Core/GameFiles/Resources/Bounds.cs(2609,23): warning CS8625: Cannot convert null literal to non-nullable reference type. [/home/ubuntu/PROGRAMA-BETA/src/FiveMTool.csproj]
/home/ubuntu/PROGRAMA-BETA/src/External/CodeWalker.Core/GameFiles/Resources/Bounds.cs(2618,33): warning CS8602: Dereference of a possibly null reference. [/home/ubuntu/PROGRAMA-BETA/src/FiveMTool.csproj]
/home/ubuntu/PROGRAMA-BETA/src/External/CodeWalker.Core/GameFiles/Resources/Bounds.cs(3177,34): warning CS8625: Cannot convert null literal to non-nullable reference type. [/home/ubuntu/PROGRAMA-BETA/src/FiveMTool.csproj]
/home/ubuntu/PROGRAMA-BETA/src/External/CodeWalker.Core/GameFiles/Resources/Bounds.cs(3178,34): warning CS8625: Cannot convert null literal to non-nullable reference type. [/home/ubuntu/PROGRAMA-BETA/src/FiveMTool.csproj]
/home/ubuntu/PROGRAMA-BETA/src/External/CodeWalker.Core/GameFiles/Resources/Bounds.cs(3183,34): warning CS8625: Cannot convert null literal to non-nullable reference type. [/home/ubuntu/PROGRAMA-BETA/src/FiveMTool.csproj]
/home/ubuntu/PROGRAMA-BETA/src/External/CodeWalker.Core/GameFiles/Resources/Bounds.cs(3184,34): warning CS8625: Cannot convert null literal to non-nullable reference type. [/home/ubuntu/PROGRAMA-BETA/src/FiveMTool.csproj]
/home/ubuntu/PROGRAMA-BETA/src/External/CodeWalker.Core/GameFiles/Resources/Bounds.cs(840,44): error CS0121: The call is ambiguous between the following methods or properties: 'CodeWalker.Vectors.Abs(SharpDX.Vector3)' and 'CodeWalker.Vectors.Abs(SharpDX.Vector3)' [/home/ubuntu/PROGRAMA-BETA/src/FiveMTool.csproj]
/home/ubuntu/PROGRAMA-BETA/src/External/CodeWalker.Core/GameFiles/Resources/Bounds.cs(3212,41): warning CS8625: Cannot convert null literal to non-nullable reference type. [/home/ubuntu/PROGRAMA-BETA/src/FiveMTool.csproj]
/home/ubuntu/PROGRAMA-BETA/src/External/CodeWalker.Core/GameFiles/Resources/Bounds.cs(2705,33): error CS0121: The call is ambiguous between the following methods or properties: 'CodeWalker.Vectors.XYZ(SharpDX.Vector4)' and 'CodeWalker.Vectors.XYZ(SharpDX.Vector4)' [/home/ubuntu/PROGRAMA-BETA/src/FiveMTool.csproj]
/home/ubuntu/PROGRAMA-BETA/src/External/CodeWalker.Core/GameFiles/Resources/Bounds.cs(2706,43): error CS0121: The call is ambiguous between the following methods or properties: 'CodeWalker.Vectors.XYZ(SharpDX.Vector4)' and 'CodeWalker.Vectors.XYZ(SharpDX.Vector4)' [/home/ubuntu/PROGRAMA-BETA/src/FiveMTool.csproj]
/home/ubuntu/PROGRAMA-BETA/src/External/CodeWalker.Core/GameFiles/Resources/Bounds.cs(855,44): error CS0121: The call is ambiguous between the following methods or properties: 'CodeWalker.Vectors.Abs(SharpDX.Vector3)' and 'CodeWalker.Vectors.Abs(SharpDX.Vector3)' [/home/ubuntu/PROGRAMA-BETA/src/FiveMTool.csproj]
/home/ubuntu/PROGRAMA-BETA/src/External/CodeWalker.Core/GameFiles/Resources/Bounds.cs(3236,43): warning CS8625: Cannot convert null literal to non-nullable reference type. [/home/ubuntu/PROGRAMA-BETA/src/FiveMTool.csproj]
/home/ubuntu/PROGRAMA-BETA/src/External/CodeWalker.Core/GameFiles/Resources/Bounds.cs(3237,43): warning CS8625: Cannot convert null literal to non-nullable reference type. [/home/ubuntu/PROGRAMA-BETA/src/FiveMTool.csproj]
/home/ubuntu/PROGRAMA-BETA/src/External/CodeWalker.Core/GameFiles/Resources/Bounds.cs(3270,39): warning CS8625: Cannot convert null literal to non-nullable reference type. [/home/ubuntu/PROGRAMA-BETA/src/FiveMTool.csproj]
/home/ubuntu/PROGRAMA-BETA/src/External/CodeWalker.Core/GameFiles/Resources/Bounds.cs(3289,46): error CS0121: The call is ambiguous between the following methods or properties: 'CodeWalker.MatrixExtensions.Multiply(SharpDX.Matrix, SharpDX.Vector3)' and 'CodeWalker.MatrixExtensions.Multiply(SharpDX.Matrix, SharpDX.Vector3)' [/home/ubuntu/PROGRAMA-BETA/src/FiveMTool.csproj]
/home/ubuntu/PROGRAMA-BETA/src/External/CodeWalker.Core/GameFiles/Resources/Bounds.cs(3293,43): error CS0121: The call is ambiguous between the following methods or properties: 'CodeWalker.MatrixExtensions.MultiplyRot(SharpDX.Matrix, SharpDX.Vector3)' and 'CodeWalker.MatrixExtensions.MultiplyRot(SharpDX.Matrix, SharpDX.Vector3)' [/home/ubuntu/PROGRAMA-BETA/src/FiveMTool.csproj]
/home/ubuntu/PROGRAMA-BETA/src/External/CodeWalker.Core/GameFiles/Resources/Bounds.cs(2772,33): error CS0121: The call is ambiguous between the following methods or properties: 'CodeWalker.Vectors.XYZ(SharpDX.Vector4)' and 'CodeWalker.Vectors.XYZ(SharpDX.Vector4)' [/home/ubuntu/PROGRAMA-BETA/src/FiveMTool.csproj]
/home/ubuntu/PROGRAMA-BETA/src/External/CodeWalker.Core/GameFiles/Resources/Bounds.cs(2773,43): error CS0121: The call is ambiguous between the following methods or properties: 'CodeWalker.Vectors.XYZ(SharpDX.Vector4)' and 'CodeWalker.Vectors.XYZ(SharpDX.Vector4)' [/home/ubuntu/PROGRAMA-BETA/src/FiveMTool.csproj]
/home/ubuntu/PROGRAMA-BETA/src/External/CodeWalker.Core/GameFiles/Resources/Bounds.cs(2527,20): warning CS8618: Non-nullable property 'BVH' must contain a non-null value when exiting constructor. Consider declaring the property as nullable. [/home/ubuntu/PROGRAMA-BETA/src/FiveMTool.csproj]
/home/ubuntu/PROGRAMA-BETA/src/External/CodeWalker.Core/GameFiles/Resources/Bounds.cs(3316,48): error CS0121: The call is ambiguous between the following methods or properties: 'CodeWalker.MatrixExtensions.Multiply(SharpDX.Matrix, SharpDX.Vector3)' and 'CodeWalker.MatrixExtensions.Multiply(SharpDX.Matrix, SharpDX.Vector3)' [/home/ubuntu/PROGRAMA-BETA/src/FiveMTool.csproj]
/home/ubuntu/PROGRAMA-BETA/src/External/CodeWalker.Core/GameFiles/Resources/Bounds.cs(3317,49): error CS0121: The call is ambiguous between the following methods or properties: 'CodeWalker.MatrixExtensions.MultiplyRot(SharpDX.Matrix, SharpDX.Vector3)' and 'CodeWalker.MatrixExtensions.MultiplyRot(SharpDX.Matrix, SharpDX.Vector3)' [/home/ubuntu/PROGRAMA-BETA/src/FiveMTool.csproj]
/home/ubuntu/PROGRAMA-BETA/src/External/CodeWalker.Core/GameFiles/Resources/Bounds.cs(3321,45): error CS0121: The call is ambiguous between the following methods or properties: 'CodeWalker.MatrixExtensions.Multiply(SharpDX.Matrix, SharpDX.Vector3)' and 'CodeWalker.MatrixExtensions.Multiply(SharpDX.Matrix, SharpDX.Vector3)' [/home/ubuntu/PROGRAMA-BETA/src/FiveMTool.csproj]
/home/ubuntu/PROGRAMA-BETA/src/External/CodeWalker.Core/GameFiles/Resources/Bounds.cs(3322,43): error CS0121: The call is ambiguous between the following methods or properties: 'CodeWalker.MatrixExtensions.MultiplyRot(SharpDX.Matrix, SharpDX.Vector3)' and 'CodeWalker.MatrixExtensions.MultiplyRot(SharpDX.Matrix, SharpDX.Vector3)' [/home/ubuntu/PROGRAMA-BETA/src/FiveMTool.csproj]
/home/ubuntu/PROGRAMA-BETA/src/External/CodeWalker.Core/GameFiles/Resources/Bounds.cs(3353,47): warning CS8601: Possible null reference assignment. [/home/ubuntu/PROGRAMA-BETA/src/FiveMTool.csproj]
/home/ubuntu/PROGRAMA-BETA/src/External/CodeWalker.Core/GameFiles/Resources/Bounds.cs(3354,47): warning CS8601: Possible null reference assignment. [/home/ubuntu/PROGRAMA-BETA/src/FiveMTool.csproj]
/home/ubuntu/PROGRAMA-BETA/src/External/CodeWalker.Core/GameFiles/Resources/Bounds.cs(3355,45): warning CS8601: Possible null reference assignment. [/home/ubuntu/PROGRAMA-BETA/src/FiveMTool.csproj]
/home/ubuntu/PROGRAMA-BETA/src/External/CodeWalker.Core/GameFiles/Resources/Bounds.cs(3356,38): warning CS8601: Possible null reference assignment. [/home/ubuntu/PROGRAMA-BETA/src/FiveMTool.csproj]
/home/ubuntu/PROGRAMA-BETA/src/External/CodeWalker.Core/GameFiles/Resources/Bounds.cs(3357,38): warning CS8601: Possible null reference assignment. [/home/ubuntu/PROGRAMA-BETA/src/FiveMTool.csproj]
/home/ubuntu/PROGRAMA-BETA/src/External/CodeWalker.Core/GameFiles/Resources/Bounds.cs(3389,30): warning CS8601: Possible null reference assignment. [/home/ubuntu/PROGRAMA-BETA/src/FiveMTool.csproj]
/home/ubuntu/PROGRAMA-BETA/src/External/CodeWalker.Core/GameFiles/Resources/Bounds.cs(3390,30): warning CS8601: Possible null reference assignment. [/home/ubuntu/PROGRAMA-BETA/src/FiveMTool.csproj]
/home/ubuntu/PROGRAMA-BETA/src/External/CodeWalker.Core/GameFiles/Resources/Bounds.cs(2853,86): warning CS8625: Cannot convert null literal to non-nullable reference type. [/home/ubuntu/PROGRAMA-BETA/src/FiveMTool.csproj]
/home/ubuntu/PROGRAMA-BETA/src/External/CodeWalker.Core/GameFiles/Resources/Bounds.cs(2854,86): warning CS8625: Cannot convert null literal to non-nullable reference type. [/home/ubuntu/PROGRAMA-BETA/src/FiveMTool.csproj]
/home/ubuntu/PROGRAMA-BETA/src/External/CodeWalker.Core/GameFiles/Resources/Bounds.cs(2855,80): warning CS8625: Cannot convert null literal to non-nullable reference type. [/home/ubuntu/PROGRAMA-BETA/src/FiveMTool.csproj]
/home/ubuntu/PROGRAMA-BETA/src/External/CodeWalker.Core/GameFiles/Resources/Bounds.cs(2856,94): warning CS8625: Cannot convert null literal to non-nullable reference type. [/home/ubuntu/PROGRAMA-BETA/src/FiveMTool.csproj]
/home/ubuntu/PROGRAMA-BETA/src/External/CodeWalker.Core/GameFiles/Resources/Bounds.cs(2857,94): warning CS8625: Cannot convert null literal to non-nullable reference type. [/home/ubuntu/PROGRAMA-BETA/src/FiveMTool.csproj]
/home/ubuntu/PROGRAMA-BETA/src/External/CodeWalker.Core/GameFiles/Resources/Bounds.cs(2843,47): warning CS8618: Non-nullable property 'Children' must contain a non-null value when exiting constructor. Consider declaring the property as nullable. [/home/ubuntu/PROGRAMA-BETA/src/FiveMTool.csproj]
/home/ubuntu/PROGRAMA-BETA/src/External/CodeWalker.Core/GameFiles/Resources/Bounds.cs(2844,29): warning CS8618: Non-nullable property 'ChildrenTransformation1' must contain a non-null value when exiting constructor. Consider declaring the property as nullable. [/home/ubuntu/PROGRAMA-BETA/src/FiveMTool.csproj]
/home/ubuntu/PROGRAMA-BETA/src/External/CodeWalker.Core/GameFiles/Resources/Bounds.cs(2845,29): warning CS8618: Non-nullable property 'ChildrenTransformation2' must contain a non-null value when exiting constructor. Consider declaring the property as nullable. [/home/ubuntu/PROGRAMA-BETA/src/FiveMTool.csproj]
/home/ubuntu/PROGRAMA-BETA/src/External/CodeWalker.Core/GameFiles/Resources/Bounds.cs(2846,25): warning CS8618: Non-nullable property 'ChildrenBoundingBoxes' must contain a non-null value when exiting constructor. Consider declaring the property as nullable. [/home/ubuntu/PROGRAMA-BETA/src/FiveMTool.csproj]
/home/ubuntu/PROGRAMA-BETA/src/External/CodeWalker.Core/GameFiles/Resources/Bounds.cs(2847,46): warning CS8618: Non-nullable property 'ChildrenFlags1' must contain a non-null value when exiting constructor. Consider declaring the property as nullable. [/home/ubuntu/PROGRAMA-BETA/src/FiveMTool.csproj]
/home/ubuntu/PROGRAMA-BETA/src/External/CodeWalker.Core/GameFiles/Resources/Bounds.cs(2848,46): warning CS8618: Non-nullable property 'ChildrenFlags2' must contain a non-null value when exiting constructor. Consider declaring the property as nullable. [/home/ubuntu/PROGRAMA-BETA/src/FiveMTool.csproj]
/home/ubuntu/PROGRAMA-BETA/src/External/CodeWalker.Core/GameFiles/Resources/Bounds.cs(2850,20): warning CS8618: Non-nullable property 'BVH' must contain a non-null value when exiting constructor. Consider declaring the property as nullable. [/home/ubuntu/PROGRAMA-BETA/src/FiveMTool.csproj]
/home/ubuntu/PROGRAMA-BETA/src/External/CodeWalker.Core/GameFiles/MetaTypes/XmlRbf.cs(24,55): warning CS8604: Possible null reference argument for parameter 'node' in 'IRbfType XmlRbf.Traverse(XNode node)'. [/home/ubuntu/PROGRAMA-BETA/src/FiveMTool.csproj]
/home/ubuntu/PROGRAMA-BETA/src/External/CodeWalker.Core/GameFiles/Resources/Bounds.cs(58,42): warning CS8618: Non-nullable field 'BoundNameHashes' must contain a non-null value when exiting constructor. Consider declaring the field as nullable. [/home/ubuntu/PROGRAMA-BETA/src/FiveMTool.csproj]
/home/ubuntu/PROGRAMA-BETA/src/External/CodeWalker.Core/GameFiles/Resources/Bounds.cs(59,46): warning CS8618: Non-nullable property 'Bounds' must contain a non-null value when exiting constructor. Consider declaring the property as nullable. [/home/ubuntu/PROGRAMA-BETA/src/FiveMTool.csproj]
/home/ubuntu/PROGRAMA-BETA/src/External/CodeWalker.Core/GameFiles/MetaTypes/XmlPso.cs(19,22): warning CS8604: Possible null reference argument for parameter 'node' in 'byte[] XmlPso.Traverse(XmlNode node, PsoBuilder pb, MetaName type = (MetaName)0, bool isRoot = false)'. [/home/ubuntu/PROGRAMA-BETA/src/FiveMTool.csproj]
/home/ubuntu/PROGRAMA-BETA/src/External/CodeWalker.Core/GameFiles/Resources/Bounds.cs(260,34): error CS0121: The call is ambiguous between the following methods or properties: 'CodeWalker.MatrixExtensions.ToQuaternion(SharpDX.Matrix)' and 'CodeWalker.MatrixExtensions.ToQuaternion(SharpDX.Matrix)' [/home/ubuntu/PROGRAMA-BETA/src/FiveMTool.csproj]
/home/ubuntu/PROGRAMA-BETA/src/External/CodeWalker.Core/GameFiles/Resources/Bounds.cs(264,31): error CS0121: The call is ambiguous between the following methods or properties: 'CodeWalker.QuaternionExtension.ToMatrix(SharpDX.Quaternion)' and 'CodeWalker.QuaternionExtension.ToMatrix(SharpDX.Quaternion)' [/home/ubuntu/PROGRAMA-BETA/src/FiveMTool.csproj]
/home/ubuntu/PROGRAMA-BETA/src/External/CodeWalker.Core/GameFiles/MetaTypes/XmlRbf.cs(36,31): warning CS8602: Dereference of a possibly null reference. [/home/ubuntu/PROGRAMA-BETA/src/FiveMTool.csproj]
/home/ubuntu/PROGRAMA-BETA/src/External/CodeWalker.Core/GameFiles/MetaTypes/XmlRbf.cs(48,40): warning CS8602: Dereference of a possibly null reference. [/home/ubuntu/PROGRAMA-BETA/src/FiveMTool.csproj]
/home/ubuntu/PROGRAMA-BETA/src/External/CodeWalker.Core/GameFiles/MetaTypes/XmlRbf.cs(49,40): warning CS8602: Dereference of a possibly null reference. [/home/ubuntu/PROGRAMA-BETA/src/FiveMTool.csproj]
/home/ubuntu/PROGRAMA-BETA/src/External/CodeWalker.Core/GameFiles/MetaTypes/XmlRbf.cs(50,40): warning CS8602: Dereference of a possibly null reference. [/home/ubuntu/PROGRAMA-BETA/src/FiveMTool.csproj]
/home/ubuntu/PROGRAMA-BETA/src/External/CodeWalker.Core/GameFiles/MetaTypes/XmlRbf.cs(94,32): warning CS8600: Converting null literal or possible null value to non-nullable type. [/home/ubuntu/PROGRAMA-BETA/src/FiveMTool.csproj]
/home/ubuntu/PROGRAMA-BETA/src/External/CodeWalker.Core/GameFiles/MetaTypes/XmlRbf.cs(123,20): warning CS8603: Possible null reference return. [/home/ubuntu/PROGRAMA-BETA/src/FiveMTool.csproj]
/home/ubuntu/PROGRAMA-BETA/src/External/CodeWalker.Core/GameFiles/MetaTypes/Rbf.cs(396,20): warning CS8603: Possible null reference return. [/home/ubuntu/PROGRAMA-BETA/src/FiveMTool.csproj]
/home/ubuntu/PROGRAMA-BETA/src/External/CodeWalker.Core/GameFiles/MetaTypes/XmlMeta.cs(67,20): warning CS8603: Possible null reference return. [/home/ubuntu/PROGRAMA-BETA/src/FiveMTool.csproj]
/home/ubuntu/PROGRAMA-BETA/src/External/CodeWalker.Core/GameFiles/MetaTypes/Rbf.cs(405,20): warning CS8603: Possible null reference return. [/home/ubuntu/PROGRAMA-BETA/src/FiveMTool.csproj]
/home/ubuntu/PROGRAMA-BETA/src/External/CodeWalker.Core/GameFiles/MetaTypes/XmlMeta.cs(72,89): warning CS8603: Possible null reference return. [/home/ubuntu/PROGRAMA-BETA/src/FiveMTool.csproj]
/home/ubuntu/PROGRAMA-BETA/src/External/CodeWalker.Core/GameFiles/MetaTypes/XmlMeta.cs(78,114): warning CS8603: Possible null reference return. [/home/ubuntu/PROGRAMA-BETA/src/FiveMTool.csproj]
/home/ubuntu/PROGRAMA-BETA/src/External/CodeWalker.Core/GameFiles/MetaTypes/XmlMeta.cs(84,45): warning CS8603: Possible null reference return. [/home/ubuntu/PROGRAMA-BETA/src/FiveMTool.csproj]
/home/ubuntu/PROGRAMA-BETA/src/External/CodeWalker.Core/GameFiles/MetaTypes/XmlRbf.cs(178,52): warning CS8603: Possible null reference return. [/home/ubuntu/PROGRAMA-BETA/src/FiveMTool.csproj]
/home/ubuntu/PROGRAMA-BETA/src/External/CodeWalker.Core/GameFiles/MetaTypes/XmlMeta.cs(90,80): warning CS8603: Possible null reference return. [/home/ubuntu/PROGRAMA-BETA/src/FiveMTool.csproj]
/home/ubuntu/PROGRAMA-BETA/src/External/CodeWalker.Core/GameFiles/MetaTypes/Rbf.cs(383,23): warning CS8618: Non-nullable property 'Name' must contain a non-null value when exiting constructor. Consider declaring the property as nullable. [/home/ubuntu/PROGRAMA-BETA/src/FiveMTool.csproj]
/home/ubuntu/PROGRAMA-BETA/src/External/CodeWalker.Core/GameFiles/MetaTypes/XmlMeta.cs(96,52): warning CS8603: Possible null reference return. [/home/ubuntu/PROGRAMA-BETA/src/FiveMTool.csproj]
/home/ubuntu/PROGRAMA-BETA/src/External/CodeWalker.Core/GameFiles/MetaTypes/XmlMeta.cs(102,41): warning CS8603: Possible null reference return. [/home/ubuntu/PROGRAMA-BETA/src/FiveMTool.csproj]
/home/ubuntu/PROGRAMA-BETA/src/External/CodeWalker.Core/GameFiles/MetaTypes/XmlMeta.cs(108,52): warning CS8603: Possible null reference return. [/home/ubuntu/PROGRAMA-BETA/src/FiveMTool.csproj]
/home/ubuntu/PROGRAMA-BETA/src/External/CodeWalker.Core/GameFiles/MetaTypes/Rbf.cs(370,23): warning CS8618: Non-nullable property 'Name' must contain a non-null value when exiting constructor. Consider declaring the property as nullable. [/home/ubuntu/PROGRAMA-BETA/src/FiveMTool.csproj]
/home/ubuntu/PROGRAMA-BETA/src/External/CodeWalker.Core/GameFiles/MetaTypes/Rbf.cs(371,23): warning CS8618: Non-nullable property 'Value' must contain a non-null value when exiting constructor. Consider declaring the property as nullable. [/home/ubuntu/PROGRAMA-BETA/src/FiveMTool.csproj]
/home/ubuntu/PROGRAMA-BETA/src/External/CodeWalker.Core/GameFiles/MetaTypes/XmlMeta.cs(114,44): warning CS8603: Possible null reference return. [/home/ubuntu/PROGRAMA-BETA/src/FiveMTool.csproj]
/home/ubuntu/PROGRAMA-BETA/src/External/CodeWalker.Core/GameFiles/MetaTypes/XmlMeta.cs(120,49): warning CS8603: Possible null reference return. [/home/ubuntu/PROGRAMA-BETA/src/FiveMTool.csproj]
/home/ubuntu/PROGRAMA-BETA/src/External/CodeWalker.Core/GameFiles/MetaTypes/Rbf.cs(342,23): warning CS8618: Non-nullable property 'Name' must contain a non-null value when exiting constructor. Consider declaring the property as nullable. [/home/ubuntu/PROGRAMA-BETA/src/FiveMTool.csproj]
/home/ubuntu/PROGRAMA-BETA/src/External/CodeWalker.Core/GameFiles/MetaTypes/Rbf.cs(354,23): warning CS8618: Non-nullable property 'Name' must contain a non-null value when exiting constructor. Consider declaring the property as nullable. [/home/ubuntu/PROGRAMA-BETA/src/FiveMTool.csproj]
/home/ubuntu/PROGRAMA-BETA/src/External/CodeWalker.Core/GameFiles/MetaTypes/XmlMeta.cs(126,46): warning CS8603: Possible null reference return. [/home/ubuntu/PROGRAMA-BETA/src/FiveMTool.csproj]
/home/ubuntu/PROGRAMA-BETA/src/External/CodeWalker.Core/GameFiles/MetaTypes/XmlMeta.cs(132,50): warning CS8603: Possible null reference return. [/home/ubuntu/PROGRAMA-BETA/src/FiveMTool.csproj]
/home/ubuntu/PROGRAMA-BETA/src/External/CodeWalker.Core/GameFiles/MetaTypes/Rbf.cs(331,23): warning CS8618: Non-nullable property 'Name' must contain a non-null value when exiting constructor. Consider declaring the property as nullable. [/home/ubuntu/PROGRAMA-BETA/src/FiveMTool.csproj]
/home/ubuntu/PROGRAMA-BETA/src/External/CodeWalker.Core/GameFiles/MetaTypes/Rbf.cs(319,23): warning CS8618: Non-nullable property 'Name' must contain a non-null value when exiting constructor. Consider declaring the property as nullable. [/home/ubuntu/PROGRAMA-BETA/src/FiveMTool.csproj]
/home/ubuntu/PROGRAMA-BETA/src/External/CodeWalker.Core/GameFiles/MetaTypes/XmlMeta.cs(138,46): warning CS8603: Possible null reference return. [/home/ubuntu/PROGRAMA-BETA/src/FiveMTool.csproj]
/home/ubuntu/PROGRAMA-BETA/src/External/CodeWalker.Core/GameFiles/MetaTypes/XmlMeta.cs(144,46): warning CS8603: Possible null reference return. [/home/ubuntu/PROGRAMA-BETA/src/FiveMTool.csproj]
/home/ubuntu/PROGRAMA-BETA/src/External/CodeWalker.Core/GameFiles/MetaTypes/Rbf.cs(293,23): warning CS8618: Non-nullable property 'Name' must contain a non-null value when exiting constructor. Consider declaring the property as nullable. [/home/ubuntu/PROGRAMA-BETA/src/FiveMTool.csproj]
/home/ubuntu/PROGRAMA-BETA/src/External/CodeWalker.Core/GameFiles/MetaTypes/XmlMeta.cs(150,53): warning CS8603: Possible null reference return. [/home/ubuntu/PROGRAMA-BETA/src/FiveMTool.csproj]
/home/ubuntu/PROGRAMA-BETA/src/External/CodeWalker.Core/GameFiles/MetaTypes/Rbf.cs(305,23): warning CS8618: Non-nullable property 'Name' must contain a non-null value when exiting constructor. Consider declaring the property as nullable. [/home/ubuntu/PROGRAMA-BETA/src/FiveMTool.csproj]
/home/ubuntu/PROGRAMA-BETA/src/External/CodeWalker.Core/GameFiles/MetaTypes/Rbf.cs(306,23): warning CS8618: Non-nullable property 'Value' must contain a non-null value when exiting constructor. Consider declaring the property as nullable. [/home/ubuntu/PROGRAMA-BETA/src/FiveMTool.csproj]
/home/ubuntu/PROGRAMA-BETA/src/External/CodeWalker.Core/GameFiles/MetaTypes/XmlMeta.cs(156,58): warning CS8603: Possible null reference return. [/home/ubuntu/PROGRAMA-BETA/src/FiveMTool.csproj]
/home/ubuntu/PROGRAMA-BETA/src/External/CodeWalker.Core/GameFiles/MetaTypes/XmlMeta.cs(162,47): warning CS8603: Possible null reference return. [/home/ubuntu/PROGRAMA-BETA/src/FiveMTool.csproj]
/home/ubuntu/PROGRAMA-BETA/src/External/CodeWalker.Core/GameFiles/MetaTypes/XmlMeta.cs(168,45): warning CS8603: Possible null reference return. [/home/ubuntu/PROGRAMA-BETA/src/FiveMTool.csproj]
/home/ubuntu/PROGRAMA-BETA/src/External/CodeWalker.Core/GameFiles/MetaTypes/XmlMeta.cs(174,45): warning CS8603: Possible null reference return. [/home/ubuntu/PROGRAMA-BETA/src/FiveMTool.csproj]
/home/ubuntu/PROGRAMA-BETA/src/External/CodeWalker.Core/GameFiles/MetaTypes/XmlMeta.cs(180,45): warning CS8603: Possible null reference return. [/home/ubuntu/PROGRAMA-BETA/src/FiveMTool.csproj]
/home/ubuntu/PROGRAMA-BETA/src/External/CodeWalker.Core/GameFiles/Resources/Bounds.cs(1380,31): warning CS8601: Possible null reference assignment. [/home/ubuntu/PROGRAMA-BETA/src/FiveMTool.csproj]
/home/ubuntu/PROGRAMA-BETA/src/External/CodeWalker.Core/GameFiles/MetaTypes/XmlMeta.cs(186,37): warning CS8603: Possible null reference return. [/home/ubuntu/PROGRAMA-BETA/src/FiveMTool.csproj]
/home/ubuntu/PROGRAMA-BETA/src/External/CodeWalker.Core/GameFiles/Resources/Bounds.cs(481,38): warning CS8603: Possible null reference return. [/home/ubuntu/PROGRAMA-BETA/src/FiveMTool.csproj]
/home/ubuntu/PROGRAMA-BETA/src/External/CodeWalker.Core/GameFiles/Resources/Bounds.cs(492,20): warning CS8603: Possible null reference return. [/home/ubuntu/PROGRAMA-BETA/src/FiveMTool.csproj]
/home/ubuntu/PROGRAMA-BETA/src/External/CodeWalker.Core/GameFiles/MetaTypes/XmlMeta.cs(192,48): warning CS8603: Possible null reference return. [/home/ubuntu/PROGRAMA-BETA/src/FiveMTool.csproj]
/home/ubuntu/PROGRAMA-BETA/src/External/CodeWalker.Core/GameFiles/Resources/Bounds.cs(1387,42): warning CS8603: Possible null reference return. [/home/ubuntu/PROGRAMA-BETA/src/FiveMTool.csproj]
/home/ubuntu/PROGRAMA-BETA/src/External/CodeWalker.Core/GameFiles/Resources/Bounds.cs(1388,67): warning CS8603: Possible null reference return. [/home/ubuntu/PROGRAMA-BETA/src/FiveMTool.csproj]
/home/ubuntu/PROGRAMA-BETA/src/External/CodeWalker.Core/GameFiles/Resources/Bounds.cs(1393,55): warning CS8603: Possible null reference return. [/home/ubuntu/PROGRAMA-BETA/src/FiveMTool.csproj]
/home/ubuntu/PROGRAMA-BETA/src/External/CodeWalker.Core/GameFiles/MetaTypes/XmlMeta.cs(198,48): warning CS8603: Possible null reference return. [/home/ubuntu/PROGRAMA-BETA/src/FiveMTool.csproj]
/home/ubuntu/PROGRAMA-BETA/src/External/CodeWalker.Core/GameFiles/MetaTypes/XmlMeta.cs(204,59): warning CS8603: Possible null reference return. [/home/ubuntu/PROGRAMA-BETA/src/FiveMTool.csproj]
/home/ubuntu/PROGRAMA-BETA/src/External/CodeWalker.Core/GameFiles/Resources/Bounds.cs(1409,52): error CS0121: The call is ambiguous between the following methods or properties: 'CodeWalker.Vectors.XYZ(SharpDX.Vector4)' and 'CodeWalker.Vectors.XYZ(SharpDX.Vector4)' [/home/ubuntu/PROGRAMA-BETA/src/FiveMTool.csproj]
/home/ubuntu/PROGRAMA-BETA/src/External/CodeWalker.Core/GameFiles/MetaTypes/XmlMeta.cs(210,37): warning CS8603: Possible null reference return. [/home/ubuntu/PROGRAMA-BETA/src/FiveMTool.csproj]
/home/ubuntu/PROGRAMA-BETA/src/External/CodeWalker.Core/GameFiles/Resources/Bounds.cs(506,46): warning CS8603: Possible null reference return. [/home/ubuntu/PROGRAMA-BETA/src/FiveMTool.csproj]
/home/ubuntu/PROGRAMA-BETA/src/External/CodeWalker.Core/GameFiles/Resources/Bounds.cs(516,33): warning CS8603: Possible null reference return. [/home/ubuntu/PROGRAMA-BETA/src/FiveMTool.csproj]
/home/ubuntu/PROGRAMA-BETA/src/External/CodeWalker.Core/GameFiles/Resources/Bounds.cs(1415,60): error CS0121: The call is ambiguous between the following methods or properties: 'CodeWalker.Vectors.XYZ(SharpDX.Vector4)' and 'CodeWalker.Vectors.XYZ(SharpDX.Vector4)' [/home/ubuntu/PROGRAMA-BETA/src/FiveMTool.csproj]
/home/ubuntu/PROGRAMA-BETA/src/External/CodeWalker.Core/GameFiles/Resources/Bounds.cs(170,31): warning CS8618: Non-nullable property 'Parent' must contain a non-null value when exiting constructor. Consider declaring the property as nullable. [/home/ubuntu/PROGRAMA-BETA/src/FiveMTool.csproj]
/home/ubuntu/PROGRAMA-BETA/src/External/CodeWalker.Core/GameFiles/Resources/Bounds.cs(171,24): warning CS8618: Non-nullable property 'OwnerYbn' must contain a non-null value when exiting constructor. Consider declaring the property as nullable. [/home/ubuntu/PROGRAMA-BETA/src/FiveMTool.csproj]
/home/ubuntu/PROGRAMA-BETA/src/External/CodeWalker.Core/GameFiles/Resources/Bounds.cs(172,23): warning CS8618: Non-nullable property 'Owner' must contain a non-null value when exiting constructor. Consider declaring the property as nullable. [/home/ubuntu/PROGRAMA-BETA/src/FiveMTool.csproj]
/home/ubuntu/PROGRAMA-BETA/src/External/CodeWalker.Core/GameFiles/Resources/Bounds.cs(173,23): warning CS8618: Non-nullable property 'OwnerName' must contain a non-null value when exiting constructor. Consider declaring the property as nullable. [/home/ubuntu/PROGRAMA-BETA/src/FiveMTool.csproj]
/home/ubuntu/PROGRAMA-BETA/src/External/CodeWalker.Core/GameFiles/MetaTypes/XmlMeta.cs(358,22): warning CS8604: Possible null reference argument for parameter 'node' in 'byte[] XmlMeta.Traverse(XmlNode node, MetaBuilder mb, MetaName type = (MetaName)0, bool isRoot = false)'. [/home/ubuntu/PROGRAMA-BETA/src/FiveMTool.csproj]
/home/ubuntu/PROGRAMA-BETA/src/External/CodeWalker.Core/GameFiles/MetaTypes/XmlMeta.cs(360,32): warning CS8600: Converting null literal or possible null value to non-nullable type. [/home/ubuntu/PROGRAMA-BETA/src/FiveMTool.csproj]
/home/ubuntu/PROGRAMA-BETA/src/External/CodeWalker.Core/GameFiles/MetaTypes/XmlMeta.cs(363,35): warning CS8604: Possible null reference argument for parameter 'metaName' in 'Meta MetaBuilder.GetMeta(string metaName = "")'. [/home/ubuntu/PROGRAMA-BETA/src/FiveMTool.csproj]
/home/ubuntu/PROGRAMA-BETA/src/External/CodeWalker.Core/GameFiles/MetaTypes/XmlPso.cs(52,50): warning CS8600: Converting null literal or possible null value to non-nullable type. [/home/ubuntu/PROGRAMA-BETA/src/FiveMTool.csproj]
/home/ubuntu/PROGRAMA-BETA/src/External/CodeWalker.Core/GameFiles/MetaTypes/XmlPso.cs(81,65): warning CS8604: Possible null reference argument for parameter 'arrEntry' in 'void XmlPso.TraverseArray(XmlNode node, PsoBuilder pb, PsoStructureEntryInfo entry, PsoStructureEntryInfo arrEntry, PsoArrayResults results, byte[] data, PsoStructureInfo structInfo)'. [/home/ubuntu/PROGRAMA-BETA/src/FiveMTool.csproj]
/home/ubuntu/PROGRAMA-BETA/src/External/CodeWalker.Core/GameFiles/MetaTypes/XmlPso.cs(134,45): warning CS8602: Dereference of a possibly null reference. [/home/ubuntu/PROGRAMA-BETA/src/FiveMTool.csproj]
/home/ubuntu/PROGRAMA-BETA/src/External/CodeWalker.Core/GameFiles/MetaTypes/XmlPso.cs(134,45): warning CS8602: Dereference of a possibly null reference. [/home/ubuntu/PROGRAMA-BETA/src/FiveMTool.csproj]
/home/ubuntu/PROGRAMA-BETA/src/External/CodeWalker.Core/GameFiles/MetaTypes/XmlPso.cs(140,59): warning CS8602: Dereference of a possibly null reference. [/home/ubuntu/PROGRAMA-BETA/src/FiveMTool.csproj]
/home/ubuntu/PROGRAMA-BETA/src/External/CodeWalker.Core/GameFiles/MetaTypes/XmlPso.cs(140,59): warning CS8602: Dereference of a possibly null reference. [/home/ubuntu/PROGRAMA-BETA/src/FiveMTool.csproj]
/home/ubuntu/PROGRAMA-BETA/src/External/CodeWalker.Core/GameFiles/MetaTypes/XmlPso.cs(146,58): warning CS8602: Dereference of a possibly null reference. [/home/ubuntu/PROGRAMA-BETA/src/FiveMTool.csproj]
/home/ubuntu/PROGRAMA-BETA/src/External/CodeWalker.Core/GameFiles/MetaTypes/XmlPso.cs(146,58): warning CS8602: Dereference of a possibly null reference. [/home/ubuntu/PROGRAMA-BETA/src/FiveMTool.csproj]
/home/ubuntu/PROGRAMA-BETA/src/External/CodeWalker.Core/GameFiles/MetaTypes/XmlPso.cs(152,59): warning CS8602: Dereference of a possibly null reference. [/home/ubuntu/PROGRAMA-BETA/src/FiveMTool.csproj]
/home/ubuntu/PROGRAMA-BETA/src/External/CodeWalker.Core/GameFiles/MetaTypes/XmlPso.cs(152,59): warning CS8602: Dereference of a possibly null reference. [/home/ubuntu/PROGRAMA-BETA/src/FiveMTool.csproj]
/home/ubuntu/PROGRAMA-BETA/src/External/CodeWalker.Core/GameFiles/MetaTypes/XmlPso.cs(158,60): warning CS8602: Dereference of a possibly null reference. [/home/ubuntu/PROGRAMA-BETA/src/FiveMTool.csproj]
/home/ubuntu/PROGRAMA-BETA/src/External/CodeWalker.Core/GameFiles/MetaTypes/XmlPso.cs(158,60): warning CS8602: Dereference of a possibly null reference. [/home/ubuntu/PROGRAMA-BETA/src/FiveMTool.csproj]
/home/ubuntu/PROGRAMA-BETA/src/External/CodeWalker.Core/GameFiles/MetaTypes/XmlPso.cs(164,59): warning CS8602: Dereference of a possibly null reference. [/home/ubuntu/PROGRAMA-BETA/src/FiveMTool.csproj]
/home/ubuntu/PROGRAMA-BETA/src/External/CodeWalker.Core/GameFiles/MetaTypes/XmlPso.cs(164,59): warning CS8602: Dereference of a possibly null reference. [/home/ubuntu/PROGRAMA-BETA/src/FiveMTool.csproj]
/home/ubuntu/PROGRAMA-BETA/src/External/CodeWalker.Core/GameFiles/MetaTypes/XmlPso.cs(176,68): warning CS8602: Dereference of a possibly null reference. [/home/ubuntu/PROGRAMA-BETA/src/FiveMTool.csproj]
/home/ubuntu/PROGRAMA-BETA/src/External/CodeWalker.Core/GameFiles/MetaTypes/XmlPso.cs(176,68): warning CS8602: Dereference of a possibly null reference. [/home/ubuntu/PROGRAMA-BETA/src/FiveMTool.csproj]
/home/ubuntu/PROGRAMA-BETA/src/External/CodeWalker.Core/GameFiles/MetaTypes/XmlPso.cs(180,52): warning CS8602: Dereference of a possibly null reference. [/home/ubuntu/PROGRAMA-BETA/src/FiveMTool.csproj]
/home/ubuntu/PROGRAMA-BETA/src/External/CodeWalker.Core/GameFiles/MetaTypes/XmlPso.cs(180,52): warning CS8602: Dereference of a possibly null reference. [/home/ubuntu/PROGRAMA-BETA/src/FiveMTool.csproj]
/home/ubuntu/PROGRAMA-BETA/src/External/CodeWalker.Core/GameFiles/MetaTypes/XmlPso.cs(199,61): warning CS8602: Dereference of a possibly null reference. [/home/ubuntu/PROGRAMA-BETA/src/FiveMTool.csproj]
/home/ubuntu/PROGRAMA-BETA/src/External/CodeWalker.Core/GameFiles/MetaTypes/XmlPso.cs(199,61): warning CS8602: Dereference of a possibly null reference. [/home/ubuntu/PROGRAMA-BETA/src/FiveMTool.csproj]
/home/ubuntu/PROGRAMA-BETA/src/External/CodeWalker.Core/GameFiles/MetaTypes/XmlPso.cs(205,59): warning CS8602: Dereference of a possibly null reference. [/home/ubuntu/PROGRAMA-BETA/src/FiveMTool.csproj]
/home/ubuntu/PROGRAMA-BETA/src/External/CodeWalker.Core/GameFiles/MetaTypes/XmlPso.cs(205,59): warning CS8602: Dereference of a possibly null reference. [/home/ubuntu/PROGRAMA-BETA/src/FiveMTool.csproj]
/home/ubuntu/PROGRAMA-BETA/src/External/CodeWalker.Core/GameFiles/MetaTypes/XmlPso.cs(206,59): warning CS8602: Dereference of a possibly null reference. [/home/ubuntu/PROGRAMA-BETA/src/FiveMTool.csproj]
/home/ubuntu/PROGRAMA-BETA/src/External/CodeWalker.Core/GameFiles/MetaTypes/XmlPso.cs(213,59): warning CS8602: Dereference of a possibly null reference. [/home/ubuntu/PROGRAMA-BETA/src/FiveMTool.csproj]
/home/ubuntu/PROGRAMA-BETA/src/External/CodeWalker.Core/GameFiles/MetaTypes/XmlPso.cs(213,59): warning CS8602: Dereference of a possibly null reference. [/home/ubuntu/PROGRAMA-BETA/src/FiveMTool.csproj]
/home/ubuntu/PROGRAMA-BETA/src/External/CodeWalker.Core/GameFiles/MetaTypes/XmlPso.cs(214,59): warning CS8602: Dereference of a possibly null reference. [/home/ubuntu/PROGRAMA-BETA/src/FiveMTool.csproj]
/home/ubuntu/PROGRAMA-BETA/src/External/CodeWalker.Core/GameFiles/MetaTypes/XmlPso.cs(215,59): warning CS8602: Dereference of a possibly null reference. [/home/ubuntu/PROGRAMA-BETA/src/FiveMTool.csproj]
/home/ubuntu/PROGRAMA-BETA/src/External/CodeWalker.Core/GameFiles/MetaTypes/XmlPso.cs(223,59): warning CS8602: Dereference of a possibly null reference. [/home/ubuntu/PROGRAMA-BETA/src/FiveMTool.csproj]
/home/ubuntu/PROGRAMA-BETA/src/External/CodeWalker.Core/GameFiles/MetaTypes/XmlPso.cs(223,59): warning CS8602: Dereference of a possibly null reference. [/home/ubuntu/PROGRAMA-BETA/src/FiveMTool.csproj]
/home/ubuntu/PROGRAMA-BETA/src/External/CodeWalker.Core/GameFiles/MetaTypes/XmlPso.cs(224,59): warning CS8602: Dereference of a possibly null reference. [/home/ubuntu/PROGRAMA-BETA/src/FiveMTool.csproj]
/home/ubuntu/PROGRAMA-BETA/src/External/CodeWalker.Core/GameFiles/MetaTypes/XmlPso.cs(225,59): warning CS8602: Dereference of a possibly null reference. [/home/ubuntu/PROGRAMA-BETA/src/FiveMTool.csproj]
/home/ubuntu/PROGRAMA-BETA/src/External/CodeWalker.Core/GameFiles/MetaTypes/XmlPso.cs(226,59): warning CS8602: Dereference of a possibly null reference. [/home/ubuntu/PROGRAMA-BETA/src/FiveMTool.csproj]
/home/ubuntu/PROGRAMA-BETA/src/External/CodeWalker.Core/GameFiles/MetaTypes/XmlPso.cs(266,57): warning CS8600: Converting null literal or possible null value to non-nullable type. [/home/ubuntu/PROGRAMA-BETA/src/FiveMTool.csproj]
/home/ubuntu/PROGRAMA-BETA/src/External/CodeWalker.Core/GameFiles/MetaTypes/XmlPso.cs(307,59): warning CS8602: Dereference of a possibly null reference. [/home/ubuntu/PROGRAMA-BETA/src/FiveMTool.csproj]
/home/ubuntu/PROGRAMA-BETA/src/External/CodeWalker.Core/GameFiles/MetaTypes/XmlPso.cs(307,59): warning CS8602: Dereference of a possibly null reference. [/home/ubuntu/PROGRAMA-BETA/src/FiveMTool.csproj]
/home/ubuntu/PROGRAMA-BETA/src/External/CodeWalker.Core/GameFiles/MetaTypes/XmlPso.cs(308,59): warning CS8602: Dereference of a possibly null reference. [/home/ubuntu/PROGRAMA-BETA/src/FiveMTool.csproj]
/home/ubuntu/PROGRAMA-BETA/src/External/CodeWalker.Core/GameFiles/MetaTypes/XmlPso.cs(309,59): warning CS8602: Dereference of a possibly null reference. [/home/ubuntu/PROGRAMA-BETA/src/FiveMTool.csproj]
/home/ubuntu/PROGRAMA-BETA/src/External/CodeWalker.Core/GameFiles/MetaTypes/XmlPso.cs(317,59): warning CS8602: Dereference of a possibly null reference. [/home/ubuntu/PROGRAMA-BETA/src/FiveMTool.csproj]
/home/ubuntu/PROGRAMA-BETA/src/External/CodeWalker.Core/GameFiles/MetaTypes/XmlPso.cs(317,59): warning CS8602: Dereference of a possibly null reference. [/home/ubuntu/PROGRAMA-BETA/src/FiveMTool.csproj]
/home/ubuntu/PROGRAMA-BETA/src/External/CodeWalker.Core/GameFiles/MetaTypes/XmlPso.cs(318,59): warning CS8602: Dereference of a possibly null reference. [/home/ubuntu/PROGRAMA-BETA/src/FiveMTool.csproj]
/home/ubuntu/PROGRAMA-BETA/src/External/CodeWalker.Core/GameFiles/MetaTypes/XmlPso.cs(319,59): warning CS8602: Dereference of a possibly null reference. [/home/ubuntu/PROGRAMA-BETA/src/FiveMTool.csproj]
/home/ubuntu/PROGRAMA-BETA/src/External/CodeWalker.Core/GameFiles/MetaTypes/XmlPso.cs(329,59): warning CS8602: Dereference of a possibly null reference. [/home/ubuntu/PROGRAMA-BETA/src/FiveMTool.csproj]
/home/ubuntu/PROGRAMA-BETA/src/External/CodeWalker.Core/GameFiles/MetaTypes/XmlPso.cs(329,59): warning CS8602: Dereference of a possibly null reference. [/home/ubuntu/PROGRAMA-BETA/src/FiveMTool.csproj]
/home/ubuntu/PROGRAMA-BETA/src/External/CodeWalker.Core/GameFiles/MetaTypes/XmlPso.cs(335,61): warning CS8602: Dereference of a possibly null reference. [/home/ubuntu/PROGRAMA-BETA/src/FiveMTool.csproj]
/home/ubuntu/PROGRAMA-BETA/src/External/CodeWalker.Core/GameFiles/MetaTypes/XmlPso.cs(335,61): warning CS8602: Dereference of a possibly null reference. [/home/ubuntu/PROGRAMA-BETA/src/FiveMTool.csproj]
/home/ubuntu/PROGRAMA-BETA/src/External/CodeWalker.Core/GameFiles/MetaTypes/XmlPso.cs(365,20): warning CS8603: Possible null reference return. [/home/ubuntu/PROGRAMA-BETA/src/FiveMTool.csproj]
/home/ubuntu/PROGRAMA-BETA/src/External/CodeWalker.Core/GameFiles/MetaTypes/Rbf.cs(42,29): warning CS8618: Non-nullable property 'current' must contain a non-null value when exiting constructor. Consider declaring the property as nullable. [/home/ubuntu/PROGRAMA-BETA/src/FiveMTool.csproj]
/home/ubuntu/PROGRAMA-BETA/src/External/CodeWalker.Core/GameFiles/MetaTypes/Rbf.cs(43,36): warning CS8618: Non-nullable property 'stack' must contain a non-null value when exiting constructor. Consider declaring the property as nullable. [/home/ubuntu/PROGRAMA-BETA/src/FiveMTool.csproj]
/home/ubuntu/PROGRAMA-BETA/src/External/CodeWalker.Core/GameFiles/MetaTypes/Rbf.cs(44,42): warning CS8618: Non-nullable property 'descriptors' must contain a non-null value when exiting constructor. Consider declaring the property as nullable. [/home/ubuntu/PROGRAMA-BETA/src/FiveMTool.csproj]
/home/ubuntu/PROGRAMA-BETA/src/External/CodeWalker.Core/GameFiles/MetaTypes/XmlPso.cs(383,17): warning CS8602: Dereference of a possibly null reference. [/home/ubuntu/PROGRAMA-BETA/src/FiveMTool.csproj]
/home/ubuntu/PROGRAMA-BETA/src/External/CodeWalker.Core/GameFiles/MetaTypes/XmlPso.cs(393,29): warning CS8602: Dereference of a possibly null reference. [/home/ubuntu/PROGRAMA-BETA/src/FiveMTool.csproj]
/home/ubuntu/PROGRAMA-BETA/src/External/CodeWalker.Core/GameFiles/MetaTypes/XmlPso.cs(393,29): warning CS8602: Dereference of a possibly null reference. [/home/ubuntu/PROGRAMA-BETA/src/FiveMTool.csproj]
/home/ubuntu/PROGRAMA-BETA/src/External/CodeWalker.Core/GameFiles/MetaTypes/XmlPso.cs(394,29): warning CS8602: Dereference of a possibly null reference. [/home/ubuntu/PROGRAMA-BETA/src/FiveMTool.csproj]
/home/ubuntu/PROGRAMA-BETA/src/External/CodeWalker.Core/GameFiles/MetaTypes/XmlPso.cs(399,45): warning CS8602: Dereference of a possibly null reference. [/home/ubuntu/PROGRAMA-BETA/src/FiveMTool.csproj]
/home/ubuntu/PROGRAMA-BETA/src/External/CodeWalker.Core/GameFiles/MetaTypes/XmlPso.cs(406,64): warning CS8602: Dereference of a possibly null reference. [/home/ubuntu/PROGRAMA-BETA/src/FiveMTool.csproj]
/home/ubuntu/PROGRAMA-BETA/src/External/CodeWalker.Core/GameFiles/MetaTypes/XmlPso.cs(414,62): warning CS8602: Dereference of a possibly null reference. [/home/ubuntu/PROGRAMA-BETA/src/FiveMTool.csproj]
/home/ubuntu/PROGRAMA-BETA/src/External/CodeWalker.Core/GameFiles/Resources/Bounds.cs(1493,43): warning CS8602: Dereference of a possibly null reference. [/home/ubuntu/PROGRAMA-BETA/src/FiveMTool.csproj]
/home/ubuntu/PROGRAMA-BETA/src/External/CodeWalker.Core/GameFiles/Resources/Bounds.cs(1501,52): warning CS8602: Dereference of a possibly null reference. [/home/ubuntu/PROGRAMA-BETA/src/FiveMTool.csproj]
/home/ubuntu/PROGRAMA-BETA/src/External/CodeWalker.Core/GameFiles/Resources/Bounds.cs(1509,52): warning CS8602: Dereference of a possibly null reference. [/home/ubuntu/PROGRAMA-BETA/src/FiveMTool.csproj]
/home/ubuntu/PROGRAMA-BETA/src/External/CodeWalker.Core/GameFiles/Resources/Bounds.cs(1516,43): warning CS8602: Dereference of a possibly null reference. [/home/ubuntu/PROGRAMA-BETA/src/FiveMTool.csproj]
/home/ubuntu/PROGRAMA-BETA/src/External/CodeWalker.Core/GameFiles/Resources/Bounds.cs(1562,53): warning CS8602: Dereference of a possibly null reference. [/home/ubuntu/PROGRAMA-BETA/src/FiveMTool.csproj]
/home/ubuntu/PROGRAMA-BETA/src/External/CodeWalker.Core/GameFiles/MetaTypes/XmlMeta.cs(448,45): warning CS8602: Dereference of a possibly null reference. [/home/ubuntu/PROGRAMA-BETA/src/FiveMTool.csproj]
/home/ubuntu/PROGRAMA-BETA/src/External/CodeWalker.Core/GameFiles/MetaTypes/XmlMeta.cs(448,45): warning CS8602: Dereference of a possibly null reference. [/home/ubuntu/PROGRAMA-BETA/src/FiveMTool.csproj]
/home/ubuntu/PROGRAMA-BETA/src/External/CodeWalker.Core/GameFiles/MetaTypes/XmlMeta.cs(455,59): warning CS8602: Dereference of a possibly null reference. [/home/ubuntu/PROGRAMA-BETA/src/FiveMTool.csproj]
/home/ubuntu/PROGRAMA-BETA/src/External/CodeWalker.Core/GameFiles/MetaTypes/XmlMeta.cs(455,59): warning CS8602: Dereference of a possibly null reference. [/home/ubuntu/PROGRAMA-BETA/src/FiveMTool.csproj]
/home/ubuntu/PROGRAMA-BETA/src/External/CodeWalker.Core/GameFiles/MetaTypes/XmlMeta.cs(498,61): warning CS8602: Dereference of a possibly null reference. [/home/ubuntu/PROGRAMA-BETA/src/FiveMTool.csproj]
/home/ubuntu/PROGRAMA-BETA/src/External/CodeWalker.Core/GameFiles/MetaTypes/XmlMeta.cs(498,61): warning CS8602: Dereference of a possibly null reference. [/home/ubuntu/PROGRAMA-BETA/src/FiveMTool.csproj]
/home/ubuntu/PROGRAMA-BETA/src/External/CodeWalker.Core/GameFiles/MetaTypes/XmlMeta.cs(505,59): warning CS8602: Dereference of a possibly null reference. [/home/ubuntu/PROGRAMA-BETA/src/FiveMTool.csproj]
/home/ubuntu/PROGRAMA-BETA/src/External/CodeWalker.Core/GameFiles/MetaTypes/XmlMeta.cs(505,59): warning CS8602: Dereference of a possibly null reference. [/home/ubuntu/PROGRAMA-BETA/src/FiveMTool.csproj]
/home/ubuntu/PROGRAMA-BETA/src/External/CodeWalker.Core/GameFiles/MetaTypes/XmlMeta.cs(506,59): warning CS8602: Dereference of a possibly null reference. [/home/ubuntu/PROGRAMA-BETA/src/FiveMTool.csproj]
/home/ubuntu/PROGRAMA-BETA/src/External/CodeWalker.Core/GameFiles/MetaTypes/XmlMeta.cs(507,59): warning CS8602: Dereference of a possibly null reference. [/home/ubuntu/PROGRAMA-BETA/src/FiveMTool.csproj]
/home/ubuntu/PROGRAMA-BETA/src/External/CodeWalker.Core/GameFiles/MetaTypes/XmlMeta.cs(519,59): warning CS8602: Dereference of a possibly null reference. [/home/ubuntu/PROGRAMA-BETA/src/FiveMTool.csproj]
/home/ubuntu/PROGRAMA-BETA/src/External/CodeWalker.Core/GameFiles/MetaTypes/XmlMeta.cs(519,59): warning CS8602: Dereference of a possibly null reference. [/home/ubuntu/PROGRAMA-BETA/src/FiveMTool.csproj]
/home/ubuntu/PROGRAMA-BETA/src/External/CodeWalker.Core/GameFiles/MetaTypes/XmlMeta.cs(520,59): warning CS8602: Dereference of a possibly null reference. [/home/ubuntu/PROGRAMA-BETA/src/FiveMTool.csproj]
/home/ubuntu/PROGRAMA-BETA/src/External/CodeWalker.Core/GameFiles/MetaTypes/XmlMeta.cs(521,59): warning CS8602: Dereference of a possibly null reference. [/home/ubuntu/PROGRAMA-BETA/src/FiveMTool.csproj]
/home/ubuntu/PROGRAMA-BETA/src/External/CodeWalker.Core/GameFiles/MetaTypes/XmlMeta.cs(522,59): warning CS8602: Dereference of a possibly null reference. [/home/ubuntu/PROGRAMA-BETA/src/FiveMTool.csproj]
/home/ubuntu/PROGRAMA-BETA/src/External/CodeWalker.Core/GameFiles/MetaTypes/XmlMeta.cs(569,59): warning CS8602: Dereference of a possibly null reference. [/home/ubuntu/PROGRAMA-BETA/src/FiveMTool.csproj]
/home/ubuntu/PROGRAMA-BETA/src/External/CodeWalker.Core/GameFiles/MetaTypes/XmlMeta.cs(569,59): warning CS8602: Dereference of a possibly null reference. [/home/ubuntu/PROGRAMA-BETA/src/FiveMTool.csproj]
/home/ubuntu/PROGRAMA-BETA/src/External/CodeWalker.Core/GameFiles/MetaTypes/XmlMeta.cs(576,59): warning CS8602: Dereference of a possibly null reference. [/home/ubuntu/PROGRAMA-BETA/src/FiveMTool.csproj]
/home/ubuntu/PROGRAMA-BETA/src/External/CodeWalker.Core/GameFiles/MetaTypes/XmlMeta.cs(576,59): warning CS8602: Dereference of a possibly null reference. [/home/ubuntu/PROGRAMA-BETA/src/FiveMTool.csproj]
/home/ubuntu/PROGRAMA-BETA/src/External/CodeWalker.Core/GameFiles/MetaTypes/XmlMeta.cs(583,59): warning CS8602: Dereference of a possibly null reference. [/home/ubuntu/PROGRAMA-BETA/src/FiveMTool.csproj]
/home/ubuntu/PROGRAMA-BETA/src/External/CodeWalker.Core/GameFiles/MetaTypes/XmlMeta.cs(583,59): warning CS8602: Dereference of a possibly null reference. [/home/ubuntu/PROGRAMA-BETA/src/FiveMTool.csproj]
/home/ubuntu/PROGRAMA-BETA/src/External/CodeWalker.Core/GameFiles/MetaTypes/XmlMeta.cs(608,58): warning CS8602: Dereference of a possibly null reference. [/home/ubuntu/PROGRAMA-BETA/src/FiveMTool.csproj]
/home/ubuntu/PROGRAMA-BETA/src/External/CodeWalker.Core/GameFiles/MetaTypes/XmlMeta.cs(608,58): warning CS8602: Dereference of a possibly null reference. [/home/ubuntu/PROGRAMA-BETA/src/FiveMTool.csproj]
/home/ubuntu/PROGRAMA-BETA/src/External/CodeWalker.Core/GameFiles/MetaTypes/XmlMeta.cs(619,72): warning CS8602: Dereference of a possibly null reference. [/home/ubuntu/PROGRAMA-BETA/src/FiveMTool.csproj]
/home/ubuntu/PROGRAMA-BETA/src/External/CodeWalker.Core/GameFiles/MetaTypes/XmlMeta.cs(619,72): warning CS8602: Dereference of a possibly null reference. [/home/ubuntu/PROGRAMA-BETA/src/FiveMTool.csproj]
/home/ubuntu/PROGRAMA-BETA/src/External/CodeWalker.Core/GameFiles/MetaTypes/XmlMeta.cs(626,72): warning CS8602: Dereference of a possibly null reference. [/home/ubuntu/PROGRAMA-BETA/src/FiveMTool.csproj]
/home/ubuntu/PROGRAMA-BETA/src/External/CodeWalker.Core/GameFiles/MetaTypes/XmlMeta.cs(626,72): warning CS8602: Dereference of a possibly null reference. [/home/ubuntu/PROGRAMA-BETA/src/FiveMTool.csproj]
/home/ubuntu/PROGRAMA-BETA/src/External/CodeWalker.Core/GameFiles/MetaTypes/XmlMeta.cs(637,60): warning CS8602: Dereference of a possibly null reference. [/home/ubuntu/PROGRAMA-BETA/src/FiveMTool.csproj]
/home/ubuntu/PROGRAMA-BETA/src/External/CodeWalker.Core/GameFiles/MetaTypes/XmlMeta.cs(637,60): warning CS8602: Dereference of a possibly null reference. [/home/ubuntu/PROGRAMA-BETA/src/FiveMTool.csproj]
/home/ubuntu/PROGRAMA-BETA/src/External/CodeWalker.Core/GameFiles/MetaTypes/XmlMeta.cs(659,20): warning CS8603: Possible null reference return. [/home/ubuntu/PROGRAMA-BETA/src/FiveMTool.csproj]
/home/ubuntu/PROGRAMA-BETA/src/External/CodeWalker.Core/GameFiles/MetaTypes/XmlPso.cs(434,28): warning CS8600: Converting null literal or possible null value to non-nullable type. [/home/ubuntu/PROGRAMA-BETA/src/FiveMTool.csproj]
/home/ubuntu/PROGRAMA-BETA/src/External/CodeWalker.Core/GameFiles/MetaTypes/XmlPso.cs(638,77): warning CS8602: Dereference of a possibly null reference. [/home/ubuntu/PROGRAMA-BETA/src/FiveMTool.csproj]
/home/ubuntu/PROGRAMA-BETA/src/External/CodeWalker.Core/GameFiles/MetaTypes/XmlPso.cs(641,47): warning CS8602: Dereference of a possibly null reference. [/home/ubuntu/PROGRAMA-BETA/src/FiveMTool.csproj]
/home/ubuntu/PROGRAMA-BETA/src/External/CodeWalker.Core/GameFiles/MetaTypes/XmlPso.cs(646,37): warning CS8602: Dereference of a possibly null reference. [/home/ubuntu/PROGRAMA-BETA/src/FiveMTool.csproj]
/home/ubuntu/PROGRAMA-BETA/src/External/CodeWalker.Core/GameFiles/MetaTypes/XmlPso.cs(648,107): warning CS8604: Possible null reference argument for parameter 'items' in 'PsoBuilderPointer PsoBuilder.AddItemArray<DataBlockPointer>(MetaName type, DataBlockPointer[] items)'. [/home/ubuntu/PROGRAMA-BETA/src/FiveMTool.csproj]
/home/ubuntu/PROGRAMA-BETA/src/External/CodeWalker.Core/GameFiles/MetaTypes/XmlPso.cs(654,74): warning CS8602: Dereference of a possibly null reference. [/home/ubuntu/PROGRAMA-BETA/src/FiveMTool.csproj]
/home/ubuntu/PROGRAMA-BETA/src/External/CodeWalker.Core/GameFiles/MetaTypes/XmlPso.cs(657,47): warning CS8602: Dereference of a possibly null reference. [/home/ubuntu/PROGRAMA-BETA/src/FiveMTool.csproj]
/home/ubuntu/PROGRAMA-BETA/src/External/CodeWalker.Core/GameFiles/MetaTypes/XmlPso.cs(663,37): warning CS8602: Dereference of a possibly null reference. [/home/ubuntu/PROGRAMA-BETA/src/FiveMTool.csproj]
/home/ubuntu/PROGRAMA-BETA/src/External/CodeWalker.Core/GameFiles/MetaTypes/XmlPso.cs(665,89): warning CS8604: Possible null reference argument for parameter 'items' in 'PsoBuilderPointer PsoBuilder.AddItemArray<CharPointer>(MetaName type, CharPointer[] items)'. [/home/ubuntu/PROGRAMA-BETA/src/FiveMTool.csproj]
/home/ubuntu/PROGRAMA-BETA/src/External/CodeWalker.Core/GameFiles/Resources/Bounds.cs(1600,43): warning CS8602: Dereference of a possibly null reference. [/home/ubuntu/PROGRAMA-BETA/src/FiveMTool.csproj]
/home/ubuntu/PROGRAMA-BETA/src/External/CodeWalker.Core/GameFiles/Resources/Bounds.cs(1608,52): warning CS8602: Dereference of a possibly null reference. [/home/ubuntu/PROGRAMA-BETA/src/FiveMTool.csproj]
/home/ubuntu/PROGRAMA-BETA/src/External/CodeWalker.Core/GameFiles/Resources/Bounds.cs(1616,52): warning CS8602: Dereference of a possibly null reference. [/home/ubuntu/PROGRAMA-BETA/src/FiveMTool.csproj]
/home/ubuntu/PROGRAMA-BETA/src/External/CodeWalker.Core/GameFiles/Resources/Bounds.cs(1625,43): warning CS8602: Dereference of a possibly null reference. [/home/ubuntu/PROGRAMA-BETA/src/FiveMTool.csproj]
/home/ubuntu/PROGRAMA-BETA/src/External/CodeWalker.Core/GameFiles/Resources/Bounds.cs(1662,52): warning CS8602: Dereference of a possibly null reference. [/home/ubuntu/PROGRAMA-BETA/src/FiveMTool.csproj]
/home/ubuntu/PROGRAMA-BETA/src/External/CodeWalker.Core/GameFiles/Resources/Bounds.cs(1677,38): warning CS8601: Possible null reference assignment. [/home/ubuntu/PROGRAMA-BETA/src/FiveMTool.csproj]
/home/ubuntu/PROGRAMA-BETA/src/External/CodeWalker.Core/GameFiles/Resources/Bounds.cs(1679,36): warning CS8602: Dereference of a possibly null reference. [/home/ubuntu/PROGRAMA-BETA/src/FiveMTool.csproj]
/home/ubuntu/PROGRAMA-BETA/src/External/CodeWalker.Core/GameFiles/MetaTypes/XmlPso.cs(852,52): warning CS8602: Dereference of a possibly null reference. [/home/ubuntu/PROGRAMA-BETA/src/FiveMTool.csproj]
/home/ubuntu/PROGRAMA-BETA/src/External/CodeWalker.Core/GameFiles/Resources/Bounds.cs(1727,27): warning CS8625: Cannot convert null literal to non-nullable reference type. [/home/ubuntu/PROGRAMA-BETA/src/FiveMTool.csproj]
/home/ubuntu/PROGRAMA-BETA/src/External/CodeWalker.Core/GameFiles/MetaTypes/XmlMeta.cs(852,52): warning CS8602: Dereference of a possibly null reference. [/home/ubuntu/PROGRAMA-BETA/src/FiveMTool.csproj]
/home/ubuntu/PROGRAMA-BETA/src/External/CodeWalker.Core/GameFiles/MetaTypes/XmlMeta.cs(852,52): warning CS8602: Dereference of a possibly null reference. [/home/ubuntu/PROGRAMA-BETA/src/FiveMTool.csproj]
/home/ubuntu/PROGRAMA-BETA/src/External/CodeWalker.Core/GameFiles/MetaTypes/PsoBuilder.cs(273,36): warning CS8600: Converting null literal or possible null value to non-nullable type. [/home/ubuntu/PROGRAMA-BETA/src/FiveMTool.csproj]
/home/ubuntu/PROGRAMA-BETA/src/External/CodeWalker.Core/GameFiles/MetaTypes/PsoBuilder.cs(305,57): warning CS8602: Dereference of a possibly null reference. [/home/ubuntu/PROGRAMA-BETA/src/FiveMTool.csproj]
/home/ubuntu/PROGRAMA-BETA/src/External/CodeWalker.Core/GameFiles/Resources/Bounds.cs(1808,30): warning CS8625: Cannot convert null literal to non-nullable reference type. [/home/ubuntu/PROGRAMA-BETA/src/FiveMTool.csproj]
/home/ubuntu/PROGRAMA-BETA/src/External/CodeWalker.Core/GameFiles/MetaTypes/XmlPso.cs(1009,25): warning CS8602: Dereference of a possibly null reference. [/home/ubuntu/PROGRAMA-BETA/src/FiveMTool.csproj]
/home/ubuntu/PROGRAMA-BETA/src/External/CodeWalker.Core/GameFiles/MetaTypes/XmlMeta.cs(963,17): warning CS8602: Dereference of a possibly null reference. [/home/ubuntu/PROGRAMA-BETA/src/FiveMTool.csproj]
/home/ubuntu/PROGRAMA-BETA/src/External/CodeWalker.Core/GameFiles/MetaTypes/XmlPso.cs(1051,25): warning CS8602: Dereference of a possibly null reference. [/home/ubuntu/PROGRAMA-BETA/src/FiveMTool.csproj]
/home/ubuntu/PROGRAMA-BETA/src/External/CodeWalker.Core/GameFiles/MetaTypes/Pso.cs(1036,30): warning CS8604: Possible null reference argument for parameter 'value' in 'void DataWriter.Write(byte[] value)'. [/home/ubuntu/PROGRAMA-BETA/src/FiveMTool.csproj]
/home/ubuntu/PROGRAMA-BETA/src/External/CodeWalker.Core/GameFiles/MetaTypes/Pso.cs(1014,23): warning CS8618: Non-nullable property 'Data' must contain a non-null value when exiting constructor. Consider declaring the property as nullable. [/home/ubuntu/PROGRAMA-BETA/src/FiveMTool.csproj]
/home/ubuntu/PROGRAMA-BETA/src/External/CodeWalker.Core/GameFiles/MetaTypes/Pso.cs(999,30): warning CS8604: Possible null reference argument for parameter 'value' in 'void DataWriter.Write(byte[] value)'. [/home/ubuntu/PROGRAMA-BETA/src/FiveMTool.csproj]
/home/ubuntu/PROGRAMA-BETA/src/External/CodeWalker.Core/GameFiles/MetaTypes/Pso.cs(968,23): warning CS8618: Non-nullable property 'Data' must contain a non-null value when exiting constructor. Consider declaring the property as nullable. [/home/ubuntu/PROGRAMA-BETA/src/FiveMTool.csproj]
/home/ubuntu/PROGRAMA-BETA/src/External/CodeWalker.Core/GameFiles/MetaTypes/XmlMeta.cs(1088,20): warning CS8603: Possible null reference return. [/home/ubuntu/PROGRAMA-BETA/src/FiveMTool.csproj]
/home/ubuntu/PROGRAMA-BETA/src/External/CodeWalker.Core/GameFiles/MetaTypes/XmlPso.cs(1159,20): warning CS8603: Possible null reference return. [/home/ubuntu/PROGRAMA-BETA/src/FiveMTool.csproj]
/home/ubuntu/PROGRAMA-BETA/src/External/CodeWalker.Core/GameFiles/MetaTypes/Pso.cs(913,25): warning CS8618: Non-nullable property 'Strings' must contain a non-null value when exiting constructor. Consider declaring the property as nullable. [/home/ubuntu/PROGRAMA-BETA/src/FiveMTool.csproj]
/home/ubuntu/PROGRAMA-BETA/src/External/CodeWalker.Core/GameFiles/Resources/Bounds.cs(2030,34): warning CS8625: Cannot convert null literal to non-nullable reference type. [/home/ubuntu/PROGRAMA-BETA/src/FiveMTool.csproj]
/home/ubuntu/PROGRAMA-BETA/src/External/CodeWalker.Core/GameFiles/MetaTypes/XmlMeta.cs(1185,20): warning CS8603: Possible null reference return. [/home/ubuntu/PROGRAMA-BETA/src/FiveMTool.csproj]
/home/ubuntu/PROGRAMA-BETA/src/External/CodeWalker.Core/GameFiles/MetaTypes/Pso.cs(860,25): warning CS8618: Non-nullable property 'Strings' must contain a non-null value when exiting constructor. Consider declaring the property as nullable. [/home/ubuntu/PROGRAMA-BETA/src/FiveMTool.csproj]
/home/ubuntu/PROGRAMA-BETA/src/External/CodeWalker.Core/GameFiles/MetaTypes/XmlMeta.cs(1207,39): warning CS8604: Possible null reference argument for parameter 'item' in 'void List<T>.Add(T item)'. [/home/ubuntu/PROGRAMA-BETA/src/FiveMTool.csproj]
/home/ubuntu/PROGRAMA-BETA/src/External/CodeWalker.Core/GameFiles/MetaTypes/XmlMeta.cs(1213,20): warning CS8603: Possible null reference return. [/home/ubuntu/PROGRAMA-BETA/src/FiveMTool.csproj]
/home/ubuntu/PROGRAMA-BETA/src/External/CodeWalker.Core/GameFiles/MetaTypes/XmlMeta.cs(1233,20): warning CS8603: Possible null reference return. [/home/ubuntu/PROGRAMA-BETA/src/FiveMTool.csproj]
/home/ubuntu/PROGRAMA-BETA/src/External/CodeWalker.Core/GameFiles/MetaTypes/Pso.cs(745,16): warning CS8618: Non-nullable property 'Entries' must contain a non-null value when exiting constructor. Consider declaring the property as nullable. [/home/ubuntu/PROGRAMA-BETA/src/FiveMTool.csproj]
/home/ubuntu/PROGRAMA-BETA/src/External/CodeWalker.Core/GameFiles/MetaTypes/Pso.cs(754,23): warning CS8601: Possible null reference assignment. [/home/ubuntu/PROGRAMA-BETA/src/FiveMTool.csproj]
/home/ubuntu/PROGRAMA-BETA/src/External/CodeWalker.Core/GameFiles/MetaTypes/Pso.cs(747,16): warning CS8618: Non-nullable property 'Entries' must contain a non-null value when exiting constructor. Consider declaring the property as nullable. [/home/ubuntu/PROGRAMA-BETA/src/FiveMTool.csproj]
/home/ubuntu/PROGRAMA-BETA/src/External/CodeWalker.Core/GameFiles/MetaTypes/XmlMeta.cs(1251,20): warning CS8603: Possible null reference return. [/home/ubuntu/PROGRAMA-BETA/src/FiveMTool.csproj]
/home/ubuntu/PROGRAMA-BETA/src/External/CodeWalker.Core/GameFiles/MetaTypes/Pso.cs(789,41): warning CS8603: Possible null reference return. [/home/ubuntu/PROGRAMA-BETA/src/FiveMTool.csproj]
/home/ubuntu/PROGRAMA-BETA/src/External/CodeWalker.Core/GameFiles/MetaTypes/Pso.cs(798,20): warning CS8603: Possible null reference return. [/home/ubuntu/PROGRAMA-BETA/src/FiveMTool.csproj]
/home/ubuntu/PROGRAMA-BETA/src/External/CodeWalker.Core/GameFiles/MetaTypes/Pso.cs(803,41): warning CS8603: Possible null reference return. [/home/ubuntu/PROGRAMA-BETA/src/FiveMTool.csproj]
/home/ubuntu/PROGRAMA-BETA/src/External/CodeWalker.Core/GameFiles/MetaTypes/Pso.cs(812,20): warning CS8603: Possible null reference return. [/home/ubuntu/PROGRAMA-BETA/src/FiveMTool.csproj]
/home/ubuntu/PROGRAMA-BETA/src/External/CodeWalker.Core/GameFiles/MetaTypes/Pso.cs(593,36): warning CS8618: Non-nullable property 'IndexInfo' must contain a non-null value when exiting constructor. Consider declaring the property as nullable. [/home/ubuntu/PROGRAMA-BETA/src/FiveMTool.csproj]
/home/ubuntu/PROGRAMA-BETA/src/External/CodeWalker.Core/GameFiles/MetaTypes/Pso.cs(610,16): warning CS8618: Non-nullable property 'Entries' must contain a non-null value when exiting constructor. Consider declaring the property as nullable. [/home/ubuntu/PROGRAMA-BETA/src/FiveMTool.csproj]
/home/ubuntu/PROGRAMA-BETA/src/External/CodeWalker.Core/GameFiles/MetaTypes/Pso.cs(623,23): warning CS8601: Possible null reference assignment. [/home/ubuntu/PROGRAMA-BETA/src/FiveMTool.csproj]
/home/ubuntu/PROGRAMA-BETA/src/External/CodeWalker.Core/GameFiles/MetaTypes/Pso.cs(612,16): warning CS8618: Non-nullable property 'Entries' must contain a non-null value when exiting constructor. Consider declaring the property as nullable. [/home/ubuntu/PROGRAMA-BETA/src/FiveMTool.csproj]
/home/ubuntu/PROGRAMA-BETA/src/External/CodeWalker.Core/GameFiles/Resources/Bounds.cs(2187,54): warning CS8600: Converting null literal or possible null value to non-nullable type. [/home/ubuntu/PROGRAMA-BETA/src/FiveMTool.csproj]
/home/ubuntu/PROGRAMA-BETA/src/External/CodeWalker.Core/GameFiles/Resources/Bounds.cs(2203,54): warning CS8600: Converting null literal or possible null value to non-nullable type. [/home/ubuntu/PROGRAMA-BETA/src/FiveMTool.csproj]
/home/ubuntu/PROGRAMA-BETA/src/External/CodeWalker.Core/GameFiles/Resources/Bounds.cs(2219,54): warning CS8600: Converting null literal or possible null value to non-nullable type. [/home/ubuntu/PROGRAMA-BETA/src/FiveMTool.csproj]
/home/ubuntu/PROGRAMA-BETA/src/External/CodeWalker.Core/GameFiles/MetaTypes/Pso.cs(677,20): warning CS8603: Possible null reference return. [/home/ubuntu/PROGRAMA-BETA/src/FiveMTool.csproj]
/home/ubuntu/PROGRAMA-BETA/src/External/CodeWalker.Core/GameFiles/MetaTypes/Pso.cs(685,20): warning CS8603: Possible null reference return. [/home/ubuntu/PROGRAMA-BETA/src/FiveMTool.csproj]
/home/ubuntu/PROGRAMA-BETA/src/External/CodeWalker.Core/GameFiles/MetaTypes/Pso.cs(479,38): warning CS8618: Non-nullable property 'EntriesIdx' must contain a non-null value when exiting constructor. Consider declaring the property as nullable. [/home/ubuntu/PROGRAMA-BETA/src/FiveMTool.csproj]
/home/ubuntu/PROGRAMA-BETA/src/External/CodeWalker.Core/GameFiles/MetaTypes/Pso.cs(480,33): warning CS8618: Non-nullable property 'Entries' must contain a non-null value when exiting constructor. Consider declaring the property as nullable. [/home/ubuntu/PROGRAMA-BETA/src/FiveMTool.csproj]
/home/ubuntu/PROGRAMA-BETA/src/External/CodeWalker.Core/GameFiles/MetaTypes/Pso.cs(358,23): warning CS8618: Non-nullable property 'Data' must contain a non-null value when exiting constructor. Consider declaring the property as nullable. [/home/ubuntu/PROGRAMA-BETA/src/FiveMTool.csproj]
/home/ubuntu/PROGRAMA-BETA/src/External/CodeWalker.Core/GameFiles/MetaTypes/Pso.cs(393,38): warning CS8618: Non-nullable property 'Entries' must contain a non-null value when exiting constructor. Consider declaring the property as nullable. [/home/ubuntu/PROGRAMA-BETA/src/FiveMTool.csproj]
/home/ubuntu/PROGRAMA-BETA/src/External/CodeWalker.Core/GameFiles/Resources/Bounds.cs(2373,34): warning CS8601: Possible null reference assignment. [/home/ubuntu/PROGRAMA-BETA/src/FiveMTool.csproj]
/home/ubuntu/PROGRAMA-BETA/src/External/CodeWalker.Core/GameFiles/Resources/Bounds.cs(2374,33): warning CS8601: Possible null reference assignment. [/home/ubuntu/PROGRAMA-BETA/src/FiveMTool.csproj]
/home/ubuntu/PROGRAMA-BETA/src/External/CodeWalker.Core/GameFiles/Resources/Bounds.cs(2375,33): warning CS8601: Possible null reference assignment. [/home/ubuntu/PROGRAMA-BETA/src/FiveMTool.csproj]
/home/ubuntu/PROGRAMA-BETA/src/External/CodeWalker.Core/GameFiles/MetaTypes/Pso.cs(316,48): warning CS8603: Possible null reference return. [/home/ubuntu/PROGRAMA-BETA/src/FiveMTool.csproj]
/home/ubuntu/PROGRAMA-BETA/src/External/CodeWalker.Core/GameFiles/MetaTypes/Pso.cs(317,56): warning CS8603: Possible null reference return. [/home/ubuntu/PROGRAMA-BETA/src/FiveMTool.csproj]
/home/ubuntu/PROGRAMA-BETA/src/External/CodeWalker.Core/GameFiles/MetaTypes/Pso.cs(318,41): warning CS8600: Converting null literal or possible null value to non-nullable type. [/home/ubuntu/PROGRAMA-BETA/src/FiveMTool.csproj]
/home/ubuntu/PROGRAMA-BETA/src/External/CodeWalker.Core/GameFiles/MetaTypes/Pso.cs(325,20): warning CS8603: Possible null reference return. [/home/ubuntu/PROGRAMA-BETA/src/FiveMTool.csproj]
/home/ubuntu/PROGRAMA-BETA/src/External/CodeWalker.Core/GameFiles/Resources/Bounds.cs(2439,27): warning CS8625: Cannot convert null literal to non-nullable reference type. [/home/ubuntu/PROGRAMA-BETA/src/FiveMTool.csproj]
/home/ubuntu/PROGRAMA-BETA/src/External/CodeWalker.Core/GameFiles/Resources/Bounds.cs(2442,30): warning CS8601: Possible null reference assignment. [/home/ubuntu/PROGRAMA-BETA/src/FiveMTool.csproj]
/home/ubuntu/PROGRAMA-BETA/src/External/CodeWalker.Core/GameFiles/Resources/Bounds.cs(2443,29): warning CS8601: Possible null reference assignment. [/home/ubuntu/PROGRAMA-BETA/src/FiveMTool.csproj]
/home/ubuntu/PROGRAMA-BETA/src/External/CodeWalker.Core/GameFiles/Resources/Bounds.cs(2444,29): warning CS8601: Possible null reference assignment. [/home/ubuntu/PROGRAMA-BETA/src/FiveMTool.csproj]
/home/ubuntu/PROGRAMA-BETA/src/External/CodeWalker.Core/GameFiles/MetaTypes/Pso.cs(199,31): warning CS8618: Non-nullable property 'DataSection' must contain a non-null value when exiting constructor. Consider declaring the property as nullable. [/home/ubuntu/PROGRAMA-BETA/src/FiveMTool.csproj]
/home/ubuntu/PROGRAMA-BETA/src/External/CodeWalker.Core/GameFiles/MetaTypes/Pso.cs(200,34): warning CS8618: Non-nullable property 'DataMapSection' must contain a non-null value when exiting constructor. Consider declaring the property as nullable. [/home/ubuntu/PROGRAMA-BETA/src/FiveMTool.csproj]
/home/ubuntu/PROGRAMA-BETA/src/External/CodeWalker.Core/GameFiles/MetaTypes/Pso.cs(201,33): warning CS8618: Non-nullable property 'SchemaSection' must contain a non-null value when exiting constructor. Consider declaring the property as nullable. [/home/ubuntu/PROGRAMA-BETA/src/FiveMTool.csproj]
/home/ubuntu/PROGRAMA-BETA/src/External/CodeWalker.Core/GameFiles/MetaTypes/Pso.cs(202,31): warning CS8618: Non-nullable property 'STRFSection' must contain a non-null value when exiting constructor. Consider declaring the property as nullable. [/home/ubuntu/PROGRAMA-BETA/src/FiveMTool.csproj]
/home/ubuntu/PROGRAMA-BETA/src/External/CodeWalker.Core/GameFiles/MetaTypes/Pso.cs(203,31): warning CS8618: Non-nullable property 'STRSSection' must contain a non-null value when exiting constructor. Consider declaring the property as nullable. [/home/ubuntu/PROGRAMA-BETA/src/FiveMTool.csproj]
/home/ubuntu/PROGRAMA-BETA/src/External/CodeWalker.Core/GameFiles/MetaTypes/Pso.cs(204,31): warning CS8618: Non-nullable property 'PSIGSection' must contain a non-null value when exiting constructor. Consider declaring the property as nullable. [/home/ubuntu/PROGRAMA-BETA/src/FiveMTool.csproj]
/home/ubuntu/PROGRAMA-BETA/src/External/CodeWalker.Core/GameFiles/MetaTypes/Pso.cs(205,31): warning CS8618: Non-nullable property 'STRESection' must contain a non-null value when exiting constructor. Consider declaring the property as nullable. [/home/ubuntu/PROGRAMA-BETA/src/FiveMTool.csproj]
/home/ubuntu/PROGRAMA-BETA/src/External/CodeWalker.Core/GameFiles/MetaTypes/Pso.cs(206,31): warning CS8618: Non-nullable property 'CHKSSection' must contain a non-null value when exiting constructor. Consider declaring the property as nullable. [/home/ubuntu/PROGRAMA-BETA/src/FiveMTool.csproj]
/home/ubuntu/PROGRAMA-BETA/src/External/CodeWalker.Core/GameFiles/Resources/Bounds.cs(2481,30): warning CS8600: Converting null literal or possible null value to non-nullable type. [/home/ubuntu/PROGRAMA-BETA/src/FiveMTool.csproj]
/home/ubuntu/PROGRAMA-BETA/src/External/CodeWalker.Core/GameFiles/Resources/Bounds.cs(2506,20): warning CS8603: Possible null reference return. [/home/ubuntu/PROGRAMA-BETA/src/FiveMTool.csproj]
/home/ubuntu/PROGRAMA-BETA/src/External/CodeWalker.Core/GameFiles/Resources/Bounds.cs(992,80): warning CS8625: Cannot convert null literal to non-nullable reference type. [/home/ubuntu/PROGRAMA-BETA/src/FiveMTool.csproj]
/home/ubuntu/PROGRAMA-BETA/src/External/CodeWalker.Core/GameFiles/Resources/Bounds.cs(993,57): warning CS8625: Cannot convert null literal to non-nullable reference type. [/home/ubuntu/PROGRAMA-BETA/src/FiveMTool.csproj]
/home/ubuntu/PROGRAMA-BETA/src/External/CodeWalker.Core/GameFiles/Resources/Bounds.cs(994,74): warning CS8625: Cannot convert null literal to non-nullable reference type. [/home/ubuntu/PROGRAMA-BETA/src/FiveMTool.csproj]
/home/ubuntu/PROGRAMA-BETA/src/External/CodeWalker.Core/GameFiles/Resources/Bounds.cs(995,85): warning CS8625: Cannot convert null literal to non-nullable reference type. [/home/ubuntu/PROGRAMA-BETA/src/FiveMTool.csproj]
/home/ubuntu/PROGRAMA-BETA/src/External/CodeWalker.Core/GameFiles/Resources/Bounds.cs(996,77): warning CS8625: Cannot convert null literal to non-nullable reference type. [/home/ubuntu/PROGRAMA-BETA/src/FiveMTool.csproj]
/home/ubuntu/PROGRAMA-BETA/src/External/CodeWalker.Core/GameFiles/Resources/Bounds.cs(997,87): warning CS8625: Cannot convert null literal to non-nullable reference type. [/home/ubuntu/PROGRAMA-BETA/src/FiveMTool.csproj]
/home/ubuntu/PROGRAMA-BETA/src/External/CodeWalker.Core/GameFiles/Resources/Bounds.cs(998,79): warning CS8625: Cannot convert null literal to non-nullable reference type. [/home/ubuntu/PROGRAMA-BETA/src/FiveMTool.csproj]
/home/ubuntu/PROGRAMA-BETA/src/External/CodeWalker.Core/GameFiles/Resources/Bounds.cs(1000,47): warning CS8625: Cannot convert null literal to non-nullable reference type. [/home/ubuntu/PROGRAMA-BETA/src/FiveMTool.csproj]
/home/ubuntu/PROGRAMA-BETA/src/External/CodeWalker.Core/GameFiles/Resources/Bounds.cs(983,26): warning CS8618: Non-nullable property 'VerticesShrunk' must contain a non-null value when exiting constructor. Consider declaring the property as nullable. [/home/ubuntu/PROGRAMA-BETA/src/FiveMTool.csproj]
/home/ubuntu/PROGRAMA-BETA/src/External/CodeWalker.Core/GameFiles/Resources/Bounds.cs(984,31): warning CS8618: Non-nullable property 'Polygons' must contain a non-null value when exiting constructor. Consider declaring the property as nullable. [/home/ubuntu/PROGRAMA-BETA/src/FiveMTool.csproj]
/home/ubuntu/PROGRAMA-BETA/src/External/CodeWalker.Core/GameFiles/Resources/Bounds.cs(985,26): warning CS8618: Non-nullable property 'Vertices' must contain a non-null value when exiting constructor. Consider declaring the property as nullable. [/home/ubuntu/PROGRAMA-BETA/src/FiveMTool.csproj]
/home/ubuntu/PROGRAMA-BETA/src/External/CodeWalker.Core/GameFiles/Resources/Bounds.cs(986,38): warning CS8618: Non-nullable property 'VertexColours' must contain a non-null value when exiting constructor. Consider declaring the property as nullable. [/home/ubuntu/PROGRAMA-BETA/src/FiveMTool.csproj]
/home/ubuntu/PROGRAMA-BETA/src/External/CodeWalker.Core/GameFiles/Resources/Bounds.cs(987,33): warning CS8618: Non-nullable property 'Octants' must contain a non-null value when exiting constructor. Consider declaring the property as nullable. [/home/ubuntu/PROGRAMA-BETA/src/FiveMTool.csproj]
/home/ubuntu/PROGRAMA-BETA/src/External/CodeWalker.Core/GameFiles/Resources/Bounds.cs(988,34): warning CS8618: Non-nullable property 'Materials' must contain a non-null value when exiting constructor. Consider declaring the property as nullable. [/home/ubuntu/PROGRAMA-BETA/src/FiveMTool.csproj]
/home/ubuntu/PROGRAMA-BETA/src/External/CodeWalker.Core/GameFiles/Resources/Bounds.cs(989,38): warning CS8618: Non-nullable property 'MaterialColours' must contain a non-null value when exiting constructor. Consider declaring the property as nullable. [/home/ubuntu/PROGRAMA-BETA/src/FiveMTool.csproj]
/home/ubuntu/PROGRAMA-BETA/src/External/CodeWalker.Core/GameFiles/Resources/Bounds.cs(990,23): warning CS8618: Non-nullable property 'PolygonMaterialIndices' must contain a non-null value when exiting constructor. Consider declaring the property as nullable. [/home/ubuntu/PROGRAMA-BETA/src/FiveMTool.csproj]
/home/ubuntu/PROGRAMA-BETA/src/External/CodeWalker.Core/GameFiles/MetaTypes/MetaXml.cs(1968,62): warning CS8602: Dereference of a possibly null reference. [/home/ubuntu/PROGRAMA-BETA/src/FiveMTool.csproj]
/home/ubuntu/PROGRAMA-BETA/src/External/CodeWalker.Core/GameFiles/MetaTypes/MetaXml.cs(1968,72): warning CS8602: Dereference of a possibly null reference. [/home/ubuntu/PROGRAMA-BETA/src/FiveMTool.csproj]
/home/ubuntu/PROGRAMA-BETA/src/External/CodeWalker.Core/GameFiles/MetaTypes/MetaXml.cs(1968,30): warning CS8600: Converting null literal or possible null value to non-nullable type. [/home/ubuntu/PROGRAMA-BETA/src/FiveMTool.csproj]
/home/ubuntu/PROGRAMA-BETA/src/External/CodeWalker.Core/GameFiles/MetaTypes/MetaTypes.cs(6452,16): warning CS8618: Non-nullable property 'Owner' must contain a non-null value when exiting constructor. Consider declaring the property as nullable. [/home/ubuntu/PROGRAMA-BETA/src/FiveMTool.csproj]
/home/ubuntu/PROGRAMA-BETA/src/External/CodeWalker.Core/GameFiles/MetaTypes/MetaTypes.cs(6452,16): warning CS8618: Non-nullable property 'PropMetaData' must contain a non-null value when exiting constructor. Consider declaring the property as nullable. [/home/ubuntu/PROGRAMA-BETA/src/FiveMTool.csproj]
/home/ubuntu/PROGRAMA-BETA/src/External/CodeWalker.Core/GameFiles/MetaTypes/MetaTypes.cs(6452,16): warning CS8618: Non-nullable property 'Anchors' must contain a non-null value when exiting constructor. Consider declaring the property as nullable. [/home/ubuntu/PROGRAMA-BETA/src/FiveMTool.csproj]
/home/ubuntu/PROGRAMA-BETA/src/External/CodeWalker.Core/GameFiles/MetaTypes/MetaXml.cs(1989,70): warning CS8602: Dereference of a possibly null reference. [/home/ubuntu/PROGRAMA-BETA/src/FiveMTool.csproj]
/home/ubuntu/PROGRAMA-BETA/src/External/CodeWalker.Core/GameFiles/MetaTypes/MetaXml.cs(1989,80): warning CS8602: Dereference of a possibly null reference. [/home/ubuntu/PROGRAMA-BETA/src/FiveMTool.csproj]
/home/ubuntu/PROGRAMA-BETA/src/External/CodeWalker.Core/GameFiles/MetaTypes/MetaXml.cs(1989,38): warning CS8600: Converting null literal or possible null value to non-nullable type. [/home/ubuntu/PROGRAMA-BETA/src/FiveMTool.csproj]
/home/ubuntu/PROGRAMA-BETA/src/External/CodeWalker.Core/GameFiles/MetaTypes/MetaXml.cs(2002,70): warning CS8602: Dereference of a possibly null reference. [/home/ubuntu/PROGRAMA-BETA/src/FiveMTool.csproj]
/home/ubuntu/PROGRAMA-BETA/src/External/CodeWalker.Core/GameFiles/MetaTypes/MetaXml.cs(2002,80): warning CS8602: Dereference of a possibly null reference. [/home/ubuntu/PROGRAMA-BETA/src/FiveMTool.csproj]
/home/ubuntu/PROGRAMA-BETA/src/External/CodeWalker.Core/GameFiles/MetaTypes/MetaXml.cs(2002,38): warning CS8600: Converting null literal or possible null value to non-nullable type. [/home/ubuntu/PROGRAMA-BETA/src/FiveMTool.csproj]
/home/ubuntu/PROGRAMA-BETA/src/External/CodeWalker.Core/GameFiles/MetaTypes/MetaTypes.cs(6360,16): warning CS8618: Non-nullable property 'Owner' must contain a non-null value when exiting constructor. Consider declaring the property as nullable. [/home/ubuntu/PROGRAMA-BETA/src/FiveMTool.csproj]
/home/ubuntu/PROGRAMA-BETA/src/External/CodeWalker.Core/GameFiles/MetaTypes/MetaXml.cs(2028,41): warning CS8602: Dereference of a possibly null reference. [/home/ubuntu/PROGRAMA-BETA/src/FiveMTool.csproj]
/home/ubuntu/PROGRAMA-BETA/src/External/CodeWalker.Core/GameFiles/MetaTypes/MetaXml.cs(2048,25): warning CS8602: Dereference of a possibly null reference. [/home/ubuntu/PROGRAMA-BETA/src/FiveMTool.csproj]
/home/ubuntu/PROGRAMA-BETA/src/External/CodeWalker.Core/GameFiles/MetaTypes/MetaTypes.cs(6152,16): warning CS8618: Non-nullable property 'Owner' must contain a non-null value when exiting constructor. Consider declaring the property as nullable. [/home/ubuntu/PROGRAMA-BETA/src/FiveMTool.csproj]
/home/ubuntu/PROGRAMA-BETA/src/External/CodeWalker.Core/GameFiles/MetaTypes/MetaTypes.cs(6152,16): warning CS8618: Non-nullable property 'DrawblData3' must contain a non-null value when exiting constructor. Consider declaring the property as nullable. [/home/ubuntu/PROGRAMA-BETA/src/FiveMTool.csproj]
/home/ubuntu/PROGRAMA-BETA/src/External/CodeWalker.Core/GameFiles/MetaTypes/MetaTypes.cs(6153,16): warning CS8618: Non-nullable property 'DrawblData3' must contain a non-null value when exiting constructor. Consider declaring the property as nullable. [/home/ubuntu/PROGRAMA-BETA/src/FiveMTool.csproj]
/home/ubuntu/PROGRAMA-BETA/src/External/CodeWalker.Core/GameFiles/MetaTypes/MetaXml.cs(2075,25): warning CS8602: Dereference of a possibly null reference. [/home/ubuntu/PROGRAMA-BETA/src/FiveMTool.csproj]
/home/ubuntu/PROGRAMA-BETA/src/External/CodeWalker.Core/GameFiles/MetaTypes/MetaXml.cs(2096,44): warning CS8602: Dereference of a possibly null reference. [/home/ubuntu/PROGRAMA-BETA/src/FiveMTool.csproj]
/home/ubuntu/PROGRAMA-BETA/src/External/CodeWalker.Core/GameFiles/MetaTypes/MetaTypes.cs(6189,20): warning CS8603: Possible null reference return. [/home/ubuntu/PROGRAMA-BETA/src/FiveMTool.csproj]
/home/ubuntu/PROGRAMA-BETA/src/External/CodeWalker.Core/GameFiles/MetaTypes/MetaXml.cs(2118,31): warning CS8602: Dereference of a possibly null reference. [/home/ubuntu/PROGRAMA-BETA/src/FiveMTool.csproj]
/home/ubuntu/PROGRAMA-BETA/src/External/CodeWalker.Core/GameFiles/MetaTypes/MetaTypes.cs(6403,16): warning CS8618: Non-nullable property 'Owner' must contain a non-null value when exiting constructor. Consider declaring the property as nullable. [/home/ubuntu/PROGRAMA-BETA/src/FiveMTool.csproj]
/home/ubuntu/PROGRAMA-BETA/src/External/CodeWalker.Core/GameFiles/MetaTypes/MetaTypes.cs(6297,16): warning CS8618: Non-nullable property 'Owner' must contain a non-null value when exiting constructor. Consider declaring the property as nullable. [/home/ubuntu/PROGRAMA-BETA/src/FiveMTool.csproj]
/home/ubuntu/PROGRAMA-BETA/src/External/CodeWalker.Core/GameFiles/MetaTypes/MetaTypes.cs(6297,16): warning CS8618: Non-nullable property 'TexData' must contain a non-null value when exiting constructor. Consider declaring the property as nullable. [/home/ubuntu/PROGRAMA-BETA/src/FiveMTool.csproj]
/home/ubuntu/PROGRAMA-BETA/src/External/CodeWalker.Core/GameFiles/MetaTypes/MetaTypes.cs(6423,20): warning CS8603: Possible null reference return. [/home/ubuntu/PROGRAMA-BETA/src/FiveMTool.csproj]
/home/ubuntu/PROGRAMA-BETA/src/External/CodeWalker.Core/GameFiles/MetaTypes/MetaXml.cs(2173,69): error CS0121: The call is ambiguous between the following methods or properties: 'CodeWalker.Vectors.XYZ(SharpDX.Vector4)' and 'CodeWalker.Vectors.XYZ(SharpDX.Vector4)' [/home/ubuntu/PROGRAMA-BETA/src/FiveMTool.csproj]
/home/ubuntu/PROGRAMA-BETA/src/External/CodeWalker.Core/GameFiles/MetaTypes/MetaTypes.cs(5591,62): error CS0121: The call is ambiguous between the following methods or properties: 'CodeWalker.Vectors.XYZ(SharpDX.Vector4)' and 'CodeWalker.Vectors.XYZ(SharpDX.Vector4)' [/home/ubuntu/PROGRAMA-BETA/src/FiveMTool.csproj]
/home/ubuntu/PROGRAMA-BETA/src/External/CodeWalker.Core/GameFiles/MetaTypes/MetaTypes.cs(5603,74): error CS0121: The call is ambiguous between the following methods or properties: 'CodeWalker.Vectors.XYZ(SharpDX.Vector4)' and 'CodeWalker.Vectors.XYZ(SharpDX.Vector4)' [/home/ubuntu/PROGRAMA-BETA/src/FiveMTool.csproj]
/home/ubuntu/PROGRAMA-BETA/src/External/CodeWalker.Core/GameFiles/MetaTypes/MetaTypes.cs(6453,16): warning CS8618: Non-nullable property 'PropMetaData' must contain a non-null value when exiting constructor. Consider declaring the property as nullable. [/home/ubuntu/PROGRAMA-BETA/src/FiveMTool.csproj]
/home/ubuntu/PROGRAMA-BETA/src/External/CodeWalker.Core/GameFiles/MetaTypes/MetaTypes.cs(6453,16): warning CS8618: Non-nullable property 'Anchors' must contain a non-null value when exiting constructor. Consider declaring the property as nullable. [/home/ubuntu/PROGRAMA-BETA/src/FiveMTool.csproj]
/home/ubuntu/PROGRAMA-BETA/src/External/CodeWalker.Core/GameFiles/MetaTypes/MetaTypes.cs(5022,16): warning CS8618: Non-nullable property 'Region' must contain a non-null value when exiting constructor. Consider declaring the property as nullable. [/home/ubuntu/PROGRAMA-BETA/src/FiveMTool.csproj]
/home/ubuntu/PROGRAMA-BETA/src/External/CodeWalker.Core/GameFiles/MetaTypes/MetaTypes.cs(5022,16): warning CS8618: Non-nullable property 'Nodes' must contain a non-null value when exiting constructor. Consider declaring the property as nullable. [/home/ubuntu/PROGRAMA-BETA/src/FiveMTool.csproj]
/home/ubuntu/PROGRAMA-BETA/src/External/CodeWalker.Core/GameFiles/MetaTypes/MetaTypes.cs(5022,16): warning CS8618: Non-nullable property 'Edges' must contain a non-null value when exiting constructor. Consider declaring the property as nullable. [/home/ubuntu/PROGRAMA-BETA/src/FiveMTool.csproj]
/home/ubuntu/PROGRAMA-BETA/src/External/CodeWalker.Core/GameFiles/MetaTypes/MetaTypes.cs(5022,16): warning CS8618: Non-nullable property 'Chains' must contain a non-null value when exiting constructor. Consider declaring the property as nullable. [/home/ubuntu/PROGRAMA-BETA/src/FiveMTool.csproj]
/home/ubuntu/PROGRAMA-BETA/src/External/CodeWalker.Core/GameFiles/MetaTypes/MetaXml.cs(2250,43): warning CS8603: Possible null reference return. [/home/ubuntu/PROGRAMA-BETA/src/FiveMTool.csproj]
/home/ubuntu/PROGRAMA-BETA/src/External/CodeWalker.Core/GameFiles/MetaTypes/MetaTypes.cs(5023,16): warning CS8618: Non-nullable property 'Nodes' must contain a non-null value when exiting constructor. Consider declaring the property as nullable. [/home/ubuntu/PROGRAMA-BETA/src/FiveMTool.csproj]
/home/ubuntu/PROGRAMA-BETA/src/External/CodeWalker.Core/GameFiles/MetaTypes/MetaTypes.cs(5023,16): warning CS8618: Non-nullable property 'Edges' must contain a non-null value when exiting constructor. Consider declaring the property as nullable. [/home/ubuntu/PROGRAMA-BETA/src/FiveMTool.csproj]
/home/ubuntu/PROGRAMA-BETA/src/External/CodeWalker.Core/GameFiles/MetaTypes/MetaTypes.cs(5023,16): warning CS8618: Non-nullable property 'Chains' must contain a non-null value when exiting constructor. Consider declaring the property as nullable. [/home/ubuntu/PROGRAMA-BETA/src/FiveMTool.csproj]
/home/ubuntu/PROGRAMA-BETA/src/External/CodeWalker.Core/GameFiles/MetaTypes/MetaTypes.cs(5404,16): warning CS8618: Non-nullable property 'Region' must contain a non-null value when exiting constructor. Consider declaring the property as nullable. [/home/ubuntu/PROGRAMA-BETA/src/FiveMTool.csproj]
/home/ubuntu/PROGRAMA-BETA/src/External/CodeWalker.Core/GameFiles/MetaTypes/MetaTypes.cs(5404,16): warning CS8618: Non-nullable property 'NodeFrom' must contain a non-null value when exiting constructor. Consider declaring the property as nullable. [/home/ubuntu/PROGRAMA-BETA/src/FiveMTool.csproj]
/home/ubuntu/PROGRAMA-BETA/src/External/CodeWalker.Core/GameFiles/MetaTypes/MetaTypes.cs(5404,16): warning CS8618: Non-nullable property 'NodeTo' must contain a non-null value when exiting constructor. Consider declaring the property as nullable. [/home/ubuntu/PROGRAMA-BETA/src/FiveMTool.csproj]
/home/ubuntu/PROGRAMA-BETA/src/External/CodeWalker.Core/GameFiles/MetaTypes/MetaTypes.cs(5405,16): warning CS8618: Non-nullable property 'NodeFrom' must contain a non-null value when exiting constructor. Consider declaring the property as nullable. [/home/ubuntu/PROGRAMA-BETA/src/FiveMTool.csproj]
/home/ubuntu/PROGRAMA-BETA/src/External/CodeWalker.Core/GameFiles/MetaTypes/MetaTypes.cs(5405,16): warning CS8618: Non-nullable property 'NodeTo' must contain a non-null value when exiting constructor. Consider declaring the property as nullable. [/home/ubuntu/PROGRAMA-BETA/src/FiveMTool.csproj]
/home/ubuntu/PROGRAMA-BETA/src/External/CodeWalker.Core/GameFiles/MetaTypes/MetaTypes.cs(5024,16): warning CS8618: Non-nullable property 'Nodes' must contain a non-null value when exiting constructor. Consider declaring the property as nullable. [/home/ubuntu/PROGRAMA-BETA/src/FiveMTool.csproj]
/home/ubuntu/PROGRAMA-BETA/src/External/CodeWalker.Core/GameFiles/MetaTypes/MetaTypes.cs(5024,16): warning CS8618: Non-nullable property 'Edges' must contain a non-null value when exiting constructor. Consider declaring the property as nullable. [/home/ubuntu/PROGRAMA-BETA/src/FiveMTool.csproj]
/home/ubuntu/PROGRAMA-BETA/src/External/CodeWalker.Core/GameFiles/MetaTypes/MetaTypes.cs(5024,16): warning CS8618: Non-nullable property 'Chains' must contain a non-null value when exiting constructor. Consider declaring the property as nullable. [/home/ubuntu/PROGRAMA-BETA/src/FiveMTool.csproj]
/home/ubuntu/PROGRAMA-BETA/src/External/CodeWalker.Core/GameFiles/MetaTypes/MetaTypes.cs(4731,76): error CS0121: The call is ambiguous between the following methods or properties: 'CodeWalker.Vectors.XYZ(SharpDX.Vector4)' and 'CodeWalker.Vectors.XYZ(SharpDX.Vector4)' [/home/ubuntu/PROGRAMA-BETA/src/FiveMTool.csproj]
/home/ubuntu/PROGRAMA-BETA/src/External/CodeWalker.Core/GameFiles/MetaTypes/MetaTypes.cs(5324,16): warning CS8618: Non-nullable property 'Parent' must contain a non-null value when exiting constructor. Consider declaring the property as nullable. [/home/ubuntu/PROGRAMA-BETA/src/FiveMTool.csproj]
/home/ubuntu/PROGRAMA-BETA/src/External/CodeWalker.Core/GameFiles/MetaTypes/MetaTypes.cs(5324,16): warning CS8618: Non-nullable property 'Region' must contain a non-null value when exiting constructor. Consider declaring the property as nullable. [/home/ubuntu/PROGRAMA-BETA/src/FiveMTool.csproj]
/home/ubuntu/PROGRAMA-BETA/src/External/CodeWalker.Core/GameFiles/MetaTypes/MetaTypes.cs(5324,16): warning CS8618: Non-nullable property 'ScenarioNode' must contain a non-null value when exiting constructor. Consider declaring the property as nullable. [/home/ubuntu/PROGRAMA-BETA/src/FiveMTool.csproj]
/home/ubuntu/PROGRAMA-BETA/src/External/CodeWalker.Core/GameFiles/MetaTypes/MetaTypes.cs(5324,16): warning CS8618: Non-nullable property 'Type' must contain a non-null value when exiting constructor. Consider declaring the property as nullable. [/home/ubuntu/PROGRAMA-BETA/src/FiveMTool.csproj]
/home/ubuntu/PROGRAMA-BETA/src/External/CodeWalker.Core/GameFiles/MetaTypes/MetaTypes.cs(5324,16): warning CS8618: Non-nullable property 'Chain' must contain a non-null value when exiting constructor. Consider declaring the property as nullable. [/home/ubuntu/PROGRAMA-BETA/src/FiveMTool.csproj]
/home/ubuntu/PROGRAMA-BETA/src/External/CodeWalker.Core/GameFiles/MetaTypes/MetaTypes.cs(5476,16): warning CS8618: Non-nullable property 'Region' must contain a non-null value when exiting constructor. Consider declaring the property as nullable. [/home/ubuntu/PROGRAMA-BETA/src/FiveMTool.csproj]
/home/ubuntu/PROGRAMA-BETA/src/External/CodeWalker.Core/GameFiles/MetaTypes/MetaTypes.cs(5476,16): warning CS8618: Non-nullable property 'EdgeIds' must contain a non-null value when exiting constructor. Consider declaring the property as nullable. [/home/ubuntu/PROGRAMA-BETA/src/FiveMTool.csproj]
/home/ubuntu/PROGRAMA-BETA/src/External/CodeWalker.Core/GameFiles/MetaTypes/MetaTypes.cs(5476,16): warning CS8618: Non-nullable property 'Edges' must contain a non-null value when exiting constructor. Consider declaring the property as nullable. [/home/ubuntu/PROGRAMA-BETA/src/FiveMTool.csproj]
/home/ubuntu/PROGRAMA-BETA/src/External/CodeWalker.Core/GameFiles/MetaTypes/MetaTypes.cs(5325,16): warning CS8618: Non-nullable property 'ScenarioNode' must contain a non-null value when exiting constructor. Consider declaring the property as nullable. [/home/ubuntu/PROGRAMA-BETA/src/FiveMTool.csproj]
/home/ubuntu/PROGRAMA-BETA/src/External/CodeWalker.Core/GameFiles/MetaTypes/MetaTypes.cs(5325,16): warning CS8618: Non-nullable property 'Type' must contain a non-null value when exiting constructor. Consider declaring the property as nullable. [/home/ubuntu/PROGRAMA-BETA/src/FiveMTool.csproj]
/home/ubuntu/PROGRAMA-BETA/src/External/CodeWalker.Core/GameFiles/MetaTypes/MetaTypes.cs(5325,16): warning CS8618: Non-nullable property 'Chain' must contain a non-null value when exiting constructor. Consider declaring the property as nullable. [/home/ubuntu/PROGRAMA-BETA/src/FiveMTool.csproj]
/home/ubuntu/PROGRAMA-BETA/src/External/CodeWalker.Core/GameFiles/MetaTypes/MetaTypes.cs(5332,16): warning CS8618: Non-nullable property 'Parent' must contain a non-null value when exiting constructor. Consider declaring the property as nullable. [/home/ubuntu/PROGRAMA-BETA/src/FiveMTool.csproj]
/home/ubuntu/PROGRAMA-BETA/src/External/CodeWalker.Core/GameFiles/MetaTypes/MetaTypes.cs(5332,16): warning CS8618: Non-nullable property 'ScenarioNode' must contain a non-null value when exiting constructor. Consider declaring the property as nullable. [/home/ubuntu/PROGRAMA-BETA/src/FiveMTool.csproj]
/home/ubuntu/PROGRAMA-BETA/src/External/CodeWalker.Core/GameFiles/MetaTypes/MetaTypes.cs(5332,16): warning CS8618: Non-nullable property 'Chain' must contain a non-null value when exiting constructor. Consider declaring the property as nullable. [/home/ubuntu/PROGRAMA-BETA/src/FiveMTool.csproj]
/home/ubuntu/PROGRAMA-BETA/src/External/CodeWalker.Core/GameFiles/MetaTypes/MetaXml.cs(166,17): warning CS8602: Dereference of a possibly null reference. [/home/ubuntu/PROGRAMA-BETA/src/FiveMTool.csproj]
/home/ubuntu/PROGRAMA-BETA/src/External/CodeWalker.Core/GameFiles/MetaTypes/MetaTypes.cs(3917,43): warning CS8618: Non-nullable property 'CollisionData' must contain a non-null value when exiting constructor. Consider declaring the property as nullable. [/home/ubuntu/PROGRAMA-BETA/src/FiveMTool.csproj]
/home/ubuntu/PROGRAMA-BETA/src/External/CodeWalker.Core/GameFiles/MetaTypes/MetaXml.cs(175,17): warning CS8602: Dereference of a possibly null reference. [/home/ubuntu/PROGRAMA-BETA/src/FiveMTool.csproj]
/home/ubuntu/PROGRAMA-BETA/src/External/CodeWalker.Core/GameFiles/MetaTypes/MetaXml.cs(184,17): warning CS8602: Dereference of a possibly null reference. [/home/ubuntu/PROGRAMA-BETA/src/FiveMTool.csproj]
/home/ubuntu/PROGRAMA-BETA/src/External/CodeWalker.Core/GameFiles/MetaTypes/MetaTypes.cs(5610,16): warning CS8618: Non-nullable property 'Region' must contain a non-null value when exiting constructor. Consider declaring the property as nullable. [/home/ubuntu/PROGRAMA-BETA/src/FiveMTool.csproj]
/home/ubuntu/PROGRAMA-BETA/src/External/CodeWalker.Core/GameFiles/MetaTypes/MetaTypes.cs(5610,16): warning CS8618: Non-nullable property 'Points' must contain a non-null value when exiting constructor. Consider declaring the property as nullable. [/home/ubuntu/PROGRAMA-BETA/src/FiveMTool.csproj]
/home/ubuntu/PROGRAMA-BETA/src/External/CodeWalker.Core/GameFiles/MetaTypes/MetaXml.cs(193,17): warning CS8602: Dereference of a possibly null reference. [/home/ubuntu/PROGRAMA-BETA/src/FiveMTool.csproj]
/home/ubuntu/PROGRAMA-BETA/src/External/CodeWalker.Core/GameFiles/MetaTypes/MetaTypes.cs(5611,16): warning CS8618: Non-nullable property 'Points' must contain a non-null value when exiting constructor. Consider declaring the property as nullable. [/home/ubuntu/PROGRAMA-BETA/src/FiveMTool.csproj]
/home/ubuntu/PROGRAMA-BETA/src/External/CodeWalker.Core/GameFiles/MetaTypes/MetaXml.cs(202,17): warning CS8602: Dereference of a possibly null reference. [/home/ubuntu/PROGRAMA-BETA/src/FiveMTool.csproj]
/home/ubuntu/PROGRAMA-BETA/src/External/CodeWalker.Core/GameFiles/MetaTypes/MetaTypes.cs(5725,16): warning CS8618: Non-nullable property 'Region' must contain a non-null value when exiting constructor. Consider declaring the property as nullable. [/home/ubuntu/PROGRAMA-BETA/src/FiveMTool.csproj]
/home/ubuntu/PROGRAMA-BETA/src/External/CodeWalker.Core/GameFiles/MetaTypes/MetaTypes.cs(5725,16): warning CS8618: Non-nullable property 'TypeNames' must contain a non-null value when exiting constructor. Consider declaring the property as nullable. [/home/ubuntu/PROGRAMA-BETA/src/FiveMTool.csproj]
/home/ubuntu/PROGRAMA-BETA/src/External/CodeWalker.Core/GameFiles/MetaTypes/MetaTypes.cs(5725,16): warning CS8618: Non-nullable property 'PedModelSetNames' must contain a non-null value when exiting constructor. Consider declaring the property as nullable. [/home/ubuntu/PROGRAMA-BETA/src/FiveMTool.csproj]
/home/ubuntu/PROGRAMA-BETA/src/External/CodeWalker.Core/GameFiles/MetaTypes/MetaTypes.cs(5725,16): warning CS8618: Non-nullable property 'VehicleModelSetNames' must contain a non-null value when exiting constructor. Consider declaring the property as nullable. [/home/ubuntu/PROGRAMA-BETA/src/FiveMTool.csproj]
/home/ubuntu/PROGRAMA-BETA/src/External/CodeWalker.Core/GameFiles/MetaTypes/MetaTypes.cs(5725,16): warning CS8618: Non-nullable property 'GroupNames' must contain a non-null value when exiting constructor. Consider declaring the property as nullable. [/home/ubuntu/PROGRAMA-BETA/src/FiveMTool.csproj]
/home/ubuntu/PROGRAMA-BETA/src/External/CodeWalker.Core/GameFiles/MetaTypes/MetaTypes.cs(5725,16): warning CS8618: Non-nullable property 'InteriorNames' must contain a non-null value when exiting constructor. Consider declaring the property as nullable. [/home/ubuntu/PROGRAMA-BETA/src/FiveMTool.csproj]
/home/ubuntu/PROGRAMA-BETA/src/External/CodeWalker.Core/GameFiles/MetaTypes/MetaTypes.cs(5725,16): warning CS8618: Non-nullable property 'RequiredIMapNames' must contain a non-null value when exiting constructor. Consider declaring the property as nullable. [/home/ubuntu/PROGRAMA-BETA/src/FiveMTool.csproj]
/home/ubuntu/PROGRAMA-BETA/src/External/CodeWalker.Core/GameFiles/MetaTypes/MetaXml.cs(209,17): warning CS8602: Dereference of a possibly null reference. [/home/ubuntu/PROGRAMA-BETA/src/FiveMTool.csproj]
/home/ubuntu/PROGRAMA-BETA/src/External/CodeWalker.Core/GameFiles/MetaTypes/MetaTypes.cs(4527,16): warning CS8618: Non-nullable property 'Parent' must contain a non-null value when exiting constructor. Consider declaring the property as nullable. [/home/ubuntu/PROGRAMA-BETA/src/FiveMTool.csproj]
/home/ubuntu/PROGRAMA-BETA/src/External/CodeWalker.Core/GameFiles/MetaTypes/MetaTypes.cs(4527,16): warning CS8618: Non-nullable property 'Region' must contain a non-null value when exiting constructor. Consider declaring the property as nullable. [/home/ubuntu/PROGRAMA-BETA/src/FiveMTool.csproj]
/home/ubuntu/PROGRAMA-BETA/src/External/CodeWalker.Core/GameFiles/MetaTypes/MetaTypes.cs(4527,16): warning CS8618: Non-nullable property 'LoadSavePoints' must contain a non-null value when exiting constructor. Consider declaring the property as nullable. [/home/ubuntu/PROGRAMA-BETA/src/FiveMTool.csproj]
/home/ubuntu/PROGRAMA-BETA/src/External/CodeWalker.Core/GameFiles/MetaTypes/MetaTypes.cs(4527,16): warning CS8618: Non-nullable property 'MyPoints' must contain a non-null value when exiting constructor. Consider declaring the property as nullable. [/home/ubuntu/PROGRAMA-BETA/src/FiveMTool.csproj]
/home/ubuntu/PROGRAMA-BETA/src/External/CodeWalker.Core/GameFiles/MetaTypes/MetaTypes.cs(5726,16): warning CS8618: Non-nullable property 'TypeNames' must contain a non-null value when exiting constructor. Consider declaring the property as nullable. [/home/ubuntu/PROGRAMA-BETA/src/FiveMTool.csproj]
/home/ubuntu/PROGRAMA-BETA/src/External/CodeWalker.Core/GameFiles/MetaTypes/MetaTypes.cs(5726,16): warning CS8618: Non-nullable property 'PedModelSetNames' must contain a non-null value when exiting constructor. Consider declaring the property as nullable. [/home/ubuntu/PROGRAMA-BETA/src/FiveMTool.csproj]
/home/ubuntu/PROGRAMA-BETA/src/External/CodeWalker.Core/GameFiles/MetaTypes/MetaTypes.cs(5726,16): warning CS8618: Non-nullable property 'VehicleModelSetNames' must contain a non-null value when exiting constructor. Consider declaring the property as nullable. [/home/ubuntu/PROGRAMA-BETA/src/FiveMTool.csproj]
/home/ubuntu/PROGRAMA-BETA/src/External/CodeWalker.Core/GameFiles/MetaTypes/MetaTypes.cs(5726,16): warning CS8618: Non-nullable property 'GroupNames' must contain a non-null value when exiting constructor. Consider declaring the property as nullable. [/home/ubuntu/PROGRAMA-BETA/src/FiveMTool.csproj]
/home/ubuntu/PROGRAMA-BETA/src/External/CodeWalker.Core/GameFiles/MetaTypes/MetaTypes.cs(5726,16): warning CS8618: Non-nullable property 'InteriorNames' must contain a non-null value when exiting constructor. Consider declaring the property as nullable. [/home/ubuntu/PROGRAMA-BETA/src/FiveMTool.csproj]
/home/ubuntu/PROGRAMA-BETA/src/External/CodeWalker.Core/GameFiles/MetaTypes/MetaTypes.cs(5726,16): warning CS8618: Non-nullable property 'RequiredIMapNames' must contain a non-null value when exiting constructor. Consider declaring the property as nullable. [/home/ubuntu/PROGRAMA-BETA/src/FiveMTool.csproj]
/home/ubuntu/PROGRAMA-BETA/src/External/CodeWalker.Core/GameFiles/MetaTypes/MetaTypes.cs(4528,16): warning CS8618: Non-nullable property 'Parent' must contain a non-null value when exiting constructor. Consider declaring the property as nullable. [/home/ubuntu/PROGRAMA-BETA/src/FiveMTool.csproj]
/home/ubuntu/PROGRAMA-BETA/src/External/CodeWalker.Core/GameFiles/MetaTypes/MetaTypes.cs(4528,16): warning CS8618: Non-nullable property 'LoadSavePoints' must contain a non-null value when exiting constructor. Consider declaring the property as nullable. [/home/ubuntu/PROGRAMA-BETA/src/FiveMTool.csproj]
/home/ubuntu/PROGRAMA-BETA/src/External/CodeWalker.Core/GameFiles/MetaTypes/MetaTypes.cs(4528,16): warning CS8618: Non-nullable property 'MyPoints' must contain a non-null value when exiting constructor. Consider declaring the property as nullable. [/home/ubuntu/PROGRAMA-BETA/src/FiveMTool.csproj]
/home/ubuntu/PROGRAMA-BETA/src/External/CodeWalker.Core/GameFiles/MetaTypes/MetaTypes.cs(4532,16): warning CS8618: Non-nullable property 'Parent' must contain a non-null value when exiting constructor. Consider declaring the property as nullable. [/home/ubuntu/PROGRAMA-BETA/src/FiveMTool.csproj]
/home/ubuntu/PROGRAMA-BETA/src/External/CodeWalker.Core/GameFiles/MetaTypes/MetaTypes.cs(4532,16): warning CS8618: Non-nullable property 'LoadSavePoints' must contain a non-null value when exiting constructor. Consider declaring the property as nullable. [/home/ubuntu/PROGRAMA-BETA/src/FiveMTool.csproj]
/home/ubuntu/PROGRAMA-BETA/src/External/CodeWalker.Core/GameFiles/MetaTypes/MetaTypes.cs(4532,16): warning CS8618: Non-nullable property 'MyPoints' must contain a non-null value when exiting constructor. Consider declaring the property as nullable. [/home/ubuntu/PROGRAMA-BETA/src/FiveMTool.csproj]
/home/ubuntu/PROGRAMA-BETA/src/External/CodeWalker.Core/GameFiles/MetaTypes/MetaTypes.cs(5730,16): warning CS8618: Non-nullable property 'TypeNames' must contain a non-null value when exiting constructor. Consider declaring the property as nullable. [/home/ubuntu/PROGRAMA-BETA/src/FiveMTool.csproj]
/home/ubuntu/PROGRAMA-BETA/src/External/CodeWalker.Core/GameFiles/MetaTypes/MetaTypes.cs(5730,16): warning CS8618: Non-nullable property 'PedModelSetNames' must contain a non-null value when exiting constructor. Consider declaring the property as nullable. [/home/ubuntu/PROGRAMA-BETA/src/FiveMTool.csproj]
/home/ubuntu/PROGRAMA-BETA/src/External/CodeWalker.Core/GameFiles/MetaTypes/MetaTypes.cs(5730,16): warning CS8618: Non-nullable property 'VehicleModelSetNames' must contain a non-null value when exiting constructor. Consider declaring the property as nullable. [/home/ubuntu/PROGRAMA-BETA/src/FiveMTool.csproj]
/home/ubuntu/PROGRAMA-BETA/src/External/CodeWalker.Core/GameFiles/MetaTypes/MetaTypes.cs(5730,16): warning CS8618: Non-nullable property 'GroupNames' must contain a non-null value when exiting constructor. Consider declaring the property as nullable. [/home/ubuntu/PROGRAMA-BETA/src/FiveMTool.csproj]
/home/ubuntu/PROGRAMA-BETA/src/External/CodeWalker.Core/GameFiles/MetaTypes/MetaTypes.cs(5730,16): warning CS8618: Non-nullable property 'InteriorNames' must contain a non-null value when exiting constructor. Consider declaring the property as nullable. [/home/ubuntu/PROGRAMA-BETA/src/FiveMTool.csproj]
/home/ubuntu/PROGRAMA-BETA/src/External/CodeWalker.Core/GameFiles/MetaTypes/MetaTypes.cs(5730,16): warning CS8618: Non-nullable property 'RequiredIMapNames' must contain a non-null value when exiting constructor. Consider declaring the property as nullable. [/home/ubuntu/PROGRAMA-BETA/src/FiveMTool.csproj]
/home/ubuntu/PROGRAMA-BETA/src/External/CodeWalker.Core/GameFiles/MetaTypes/MetaTypes.cs(4872,16): warning CS8618: Non-nullable property 'Parent' must contain a non-null value when exiting constructor. Consider declaring the property as nullable. [/home/ubuntu/PROGRAMA-BETA/src/FiveMTool.csproj]
/home/ubuntu/PROGRAMA-BETA/src/External/CodeWalker.Core/GameFiles/MetaTypes/MetaTypes.cs(4872,16): warning CS8618: Non-nullable property 'Region' must contain a non-null value when exiting constructor. Consider declaring the property as nullable. [/home/ubuntu/PROGRAMA-BETA/src/FiveMTool.csproj]
/home/ubuntu/PROGRAMA-BETA/src/External/CodeWalker.Core/GameFiles/MetaTypes/MetaTypes.cs(4872,16): warning CS8618: Non-nullable property 'ScenarioPoints' must contain a non-null value when exiting constructor. Consider declaring the property as nullable. [/home/ubuntu/PROGRAMA-BETA/src/FiveMTool.csproj]
/home/ubuntu/PROGRAMA-BETA/src/External/CodeWalker.Core/GameFiles/MetaTypes/MetaTypes.cs(4873,16): warning CS8618: Non-nullable property 'Parent' must contain a non-null value when exiting constructor. Consider declaring the property as nullable. [/home/ubuntu/PROGRAMA-BETA/src/FiveMTool.csproj]
/home/ubuntu/PROGRAMA-BETA/src/External/CodeWalker.Core/GameFiles/MetaTypes/MetaTypes.cs(4873,16): warning CS8618: Non-nullable property 'ScenarioPoints' must contain a non-null value when exiting constructor. Consider declaring the property as nullable. [/home/ubuntu/PROGRAMA-BETA/src/FiveMTool.csproj]
/home/ubuntu/PROGRAMA-BETA/src/External/CodeWalker.Core/GameFiles/MetaTypes/MetaTypes.cs(4881,16): warning CS8618: Non-nullable property 'Parent' must contain a non-null value when exiting constructor. Consider declaring the property as nullable. [/home/ubuntu/PROGRAMA-BETA/src/FiveMTool.csproj]
/home/ubuntu/PROGRAMA-BETA/src/External/CodeWalker.Core/GameFiles/MetaTypes/MetaTypes.cs(4881,16): warning CS8618: Non-nullable property 'ScenarioPoints' must contain a non-null value when exiting constructor. Consider declaring the property as nullable. [/home/ubuntu/PROGRAMA-BETA/src/FiveMTool.csproj]
/home/ubuntu/PROGRAMA-BETA/src/External/CodeWalker.Core/GameFiles/MetaTypes/MetaTypes.cs(4578,82): warning CS8603: Possible null reference return. [/home/ubuntu/PROGRAMA-BETA/src/FiveMTool.csproj]
/home/ubuntu/PROGRAMA-BETA/src/External/CodeWalker.Core/GameFiles/MetaTypes/MetaTypes.cs(6106,69): warning CS8603: Possible null reference return. [/home/ubuntu/PROGRAMA-BETA/src/FiveMTool.csproj]
/home/ubuntu/PROGRAMA-BETA/src/External/CodeWalker.Core/GameFiles/MetaTypes/MetaTypes.cs(6107,50): warning CS8603: Possible null reference return. [/home/ubuntu/PROGRAMA-BETA/src/FiveMTool.csproj]
/home/ubuntu/PROGRAMA-BETA/src/External/CodeWalker.Core/GameFiles/MetaTypes/MetaTypes.cs(6109,56): warning CS8603: Possible null reference return. [/home/ubuntu/PROGRAMA-BETA/src/FiveMTool.csproj]
/home/ubuntu/PROGRAMA-BETA/src/External/CodeWalker.Core/GameFiles/MetaTypes/MetaTypes.cs(6110,20): warning CS8602: Dereference of a possibly null reference. [/home/ubuntu/PROGRAMA-BETA/src/FiveMTool.csproj]
/home/ubuntu/PROGRAMA-BETA/src/External/CodeWalker.Core/GameFiles/MetaTypes/MetaTypes.cs(6014,23): warning CS8618: Non-nullable property 'ComponentIndices' must contain a non-null value when exiting constructor. Consider declaring the property as nullable. [/home/ubuntu/PROGRAMA-BETA/src/FiveMTool.csproj]
/home/ubuntu/PROGRAMA-BETA/src/External/CodeWalker.Core/GameFiles/MetaTypes/MetaTypes.cs(6015,36): warning CS8618: Non-nullable property 'ComponentData3' must contain a non-null value when exiting constructor. Consider declaring the property as nullable. [/home/ubuntu/PROGRAMA-BETA/src/FiveMTool.csproj]
/home/ubuntu/PROGRAMA-BETA/src/External/CodeWalker.Core/GameFiles/MetaTypes/MetaTypes.cs(6016,36): warning CS8618: Non-nullable property 'SelectionSets' must contain a non-null value when exiting constructor. Consider declaring the property as nullable. [/home/ubuntu/PROGRAMA-BETA/src/FiveMTool.csproj]
/home/ubuntu/PROGRAMA-BETA/src/External/CodeWalker.Core/GameFiles/MetaTypes/MetaTypes.cs(6017,34): warning CS8618: Non-nullable property 'CompInfos' must contain a non-null value when exiting constructor. Consider declaring the property as nullable. [/home/ubuntu/PROGRAMA-BETA/src/FiveMTool.csproj]
/home/ubuntu/PROGRAMA-BETA/src/External/CodeWalker.Core/GameFiles/MetaTypes/MetaTypes.cs(6018,30): warning CS8618: Non-nullable property 'PropInfo' must contain a non-null value when exiting constructor. Consider declaring the property as nullable. [/home/ubuntu/PROGRAMA-BETA/src/FiveMTool.csproj]
/home/ubuntu/PROGRAMA-BETA/src/External/CodeWalker.Core/GameFiles/MetaTypes/MetaTypes.cs(4588,70): warning CS8603: Possible null reference return. [/home/ubuntu/PROGRAMA-BETA/src/FiveMTool.csproj]
/home/ubuntu/PROGRAMA-BETA/src/External/CodeWalker.Core/GameFiles/MetaTypes/MetaTypes.cs(4738,37): error CS0121: The call is ambiguous between the following methods or properties: 'CodeWalker.QuaternionExtension.Multiply(SharpDX.Quaternion, SharpDX.Vector3)' and 'CodeWalker.QuaternionExtension.Multiply(SharpDX.Quaternion, SharpDX.Vector3)' [/home/ubuntu/PROGRAMA-BETA/src/FiveMTool.csproj]
/home/ubuntu/PROGRAMA-BETA/src/External/CodeWalker.Core/GameFiles/MetaTypes/MetaTypes.cs(3975,16): warning CS8618: Non-nullable property 'OwnerName' must contain a non-null value when exiting constructor. Consider declaring the property as nullable. [/home/ubuntu/PROGRAMA-BETA/src/FiveMTool.csproj]
/home/ubuntu/PROGRAMA-BETA/src/External/CodeWalker.Core/GameFiles/MetaTypes/MetaTypes.cs(5477,16): warning CS8618: Non-nullable property 'Edges' must contain a non-null value when exiting constructor. Consider declaring the property as nullable. [/home/ubuntu/PROGRAMA-BETA/src/FiveMTool.csproj]
/home/ubuntu/PROGRAMA-BETA/src/External/CodeWalker.Core/GameFiles/MetaTypes/MetaXml.cs(1848,41): warning CS8604: Possible null reference argument for parameter 'rs' in 'void RbfXml.WriteNode(StringBuilder sb, int indent, RbfStructure rs)'. [/home/ubuntu/PROGRAMA-BETA/src/FiveMTool.csproj]
/home/ubuntu/PROGRAMA-BETA/src/External/CodeWalker.Core/GameFiles/MetaTypes/MetaXml.cs(1863,46): warning CS8602: Dereference of a possibly null reference. [/home/ubuntu/PROGRAMA-BETA/src/FiveMTool.csproj]
/home/ubuntu/PROGRAMA-BETA/src/External/CodeWalker.Core/GameFiles/MetaTypes/MetaTypes.cs(4965,82): warning CS8603: Possible null reference return. [/home/ubuntu/PROGRAMA-BETA/src/FiveMTool.csproj]
/home/ubuntu/PROGRAMA-BETA/src/External/CodeWalker.Core/GameFiles/MetaTypes/MetaXml.cs(217,34): warning CS8604: Possible null reference argument for parameter 'rel' in 'string RelXml.GetXml(RelFile rel)'. [/home/ubuntu/PROGRAMA-BETA/src/FiveMTool.csproj]
/home/ubuntu/PROGRAMA-BETA/src/External/CodeWalker.Core/GameFiles/MetaTypes/MetaTypes.cs(5086,64): warning CS8603: Possible null reference return. [/home/ubuntu/PROGRAMA-BETA/src/FiveMTool.csproj]
/home/ubuntu/PROGRAMA-BETA/src/External/CodeWalker.Core/GameFiles/MetaTypes/MetaXml.cs(223,34): warning CS8604: Possible null reference argument for parameter 'ynd' in 'string YndXml.GetXml(YndFile ynd)'. [/home/ubuntu/PROGRAMA-BETA/src/FiveMTool.csproj]
/home/ubuntu/PROGRAMA-BETA/src/External/CodeWalker.Core/GameFiles/MetaTypes/MetaXml.cs(229,34): warning CS8604: Possible null reference argument for parameter 'ynv' in 'string YnvXml.GetXml(YnvFile ynv)'. [/home/ubuntu/PROGRAMA-BETA/src/FiveMTool.csproj]
/home/ubuntu/PROGRAMA-BETA/src/External/CodeWalker.Core/GameFiles/MetaTypes/MetaTypes.cs(5096,64): warning CS8603: Possible null reference return. [/home/ubuntu/PROGRAMA-BETA/src/FiveMTool.csproj]
/home/ubuntu/PROGRAMA-BETA/src/External/CodeWalker.Core/GameFiles/MetaTypes/MetaXml.cs(235,34): warning CS8604: Possible null reference argument for parameter 'ycd' in 'string YcdXml.GetXml(YcdFile ycd)'. [/home/ubuntu/PROGRAMA-BETA/src/FiveMTool.csproj]
/home/ubuntu/PROGRAMA-BETA/src/External/CodeWalker.Core/GameFiles/MetaTypes/MetaTypes.cs(5106,66): warning CS8603: Possible null reference return. [/home/ubuntu/PROGRAMA-BETA/src/FiveMTool.csproj]
/home/ubuntu/PROGRAMA-BETA/src/External/CodeWalker.Core/GameFiles/MetaTypes/MetaXml.cs(241,34): warning CS8604: Possible null reference argument for parameter 'ybn' in 'string YbnXml.GetXml(YbnFile ybn)'. [/home/ubuntu/PROGRAMA-BETA/src/FiveMTool.csproj]
/home/ubuntu/PROGRAMA-BETA/src/External/CodeWalker.Core/GameFiles/MetaTypes/MetaXml.cs(247,34): warning CS8604: Possible null reference argument for parameter 'ytd' in 'string YtdXml.GetXml(YtdFile ytd, string outputFolder = "")'. [/home/ubuntu/PROGRAMA-BETA/src/FiveMTool.csproj]
/home/ubuntu/PROGRAMA-BETA/src/External/CodeWalker.Core/GameFiles/MetaTypes/MetaXml.cs(253,34): warning CS8604: Possible null reference argument for parameter 'ydr' in 'string YdrXml.GetXml(YdrFile ydr, string outputFolder = "")'. [/home/ubuntu/PROGRAMA-BETA/src/FiveMTool.csproj]
/home/ubuntu/PROGRAMA-BETA/src/External/CodeWalker.Core/GameFiles/MetaTypes/MetaTypes.cs(5194,39): warning CS8602: Dereference of a possibly null reference. [/home/ubuntu/PROGRAMA-BETA/src/FiveMTool.csproj]
/home/ubuntu/PROGRAMA-BETA/src/External/CodeWalker.Core/GameFiles/MetaTypes/MetaTypes.cs(4772,16): warning CS8618: Non-nullable property 'Container' must contain a non-null value when exiting constructor. Consider declaring the property as nullable. [/home/ubuntu/PROGRAMA-BETA/src/FiveMTool.csproj]
/home/ubuntu/PROGRAMA-BETA/src/External/CodeWalker.Core/GameFiles/MetaTypes/MetaTypes.cs(4772,16): warning CS8618: Non-nullable property 'Type' must contain a non-null value when exiting constructor. Consider declaring the property as nullable. [/home/ubuntu/PROGRAMA-BETA/src/FiveMTool.csproj]
/home/ubuntu/PROGRAMA-BETA/src/External/CodeWalker.Core/GameFiles/MetaTypes/MetaTypes.cs(4772,16): warning CS8618: Non-nullable property 'ModelSet' must contain a non-null value when exiting constructor. Consider declaring the property as nullable. [/home/ubuntu/PROGRAMA-BETA/src/FiveMTool.csproj]
/home/ubuntu/PROGRAMA-BETA/src/External/CodeWalker.Core/GameFiles/MetaTypes/MetaTypes.cs(4773,16): warning CS8618: Non-nullable property 'Type' must contain a non-null value when exiting constructor. Consider declaring the property as nullable. [/home/ubuntu/PROGRAMA-BETA/src/FiveMTool.csproj]
/home/ubuntu/PROGRAMA-BETA/src/External/CodeWalker.Core/GameFiles/MetaTypes/MetaTypes.cs(4773,16): warning CS8618: Non-nullable property 'ModelSet' must contain a non-null value when exiting constructor. Consider declaring the property as nullable. [/home/ubuntu/PROGRAMA-BETA/src/FiveMTool.csproj]
/home/ubuntu/PROGRAMA-BETA/src/External/CodeWalker.Core/GameFiles/MetaTypes/MetaXml.cs(259,34): warning CS8604: Possible null reference argument for parameter 'ydd' in 'string YddXml.GetXml(YddFile ydd, string outputFolder = "")'. [/home/ubuntu/PROGRAMA-BETA/src/FiveMTool.csproj]
/home/ubuntu/PROGRAMA-BETA/src/External/CodeWalker.Core/GameFiles/MetaTypes/MetaTypes.cs(4779,16): warning CS8618: Non-nullable property 'Container' must contain a non-null value when exiting constructor. Consider declaring the property as nullable. [/home/ubuntu/PROGRAMA-BETA/src/FiveMTool.csproj]
/home/ubuntu/PROGRAMA-BETA/src/External/CodeWalker.Core/GameFiles/MetaTypes/MetaTypes.cs(4779,16): warning CS8618: Non-nullable property 'Type' must contain a non-null value when exiting constructor. Consider declaring the property as nullable. [/home/ubuntu/PROGRAMA-BETA/src/FiveMTool.csproj]
/home/ubuntu/PROGRAMA-BETA/src/External/CodeWalker.Core/GameFiles/MetaTypes/MetaTypes.cs(4779,16): warning CS8618: Non-nullable property 'ModelSet' must contain a non-null value when exiting constructor. Consider declaring the property as nullable. [/home/ubuntu/PROGRAMA-BETA/src/FiveMTool.csproj]
/home/ubuntu/PROGRAMA-BETA/src/External/CodeWalker.Core/GameFiles/MetaTypes/MetaXml.cs(265,34): warning CS8604: Possible null reference argument for parameter 'yft' in 'string YftXml.GetXml(YftFile yft, string outputFolder = "")'. [/home/ubuntu/PROGRAMA-BETA/src/FiveMTool.csproj]
/home/ubuntu/PROGRAMA-BETA/src/External/CodeWalker.Core/GameFiles/MetaTypes/MetaXml.cs(271,34): warning CS8604: Possible null reference argument for parameter 'ypt' in 'string YptXml.GetXml(YptFile ypt, string outputFolder = "")'. [/home/ubuntu/PROGRAMA-BETA/src/FiveMTool.csproj]
/home/ubuntu/PROGRAMA-BETA/src/External/CodeWalker.Core/GameFiles/MetaTypes/MetaXml.cs(277,34): warning CS8604: Possible null reference argument for parameter 'yld' in 'string YldXml.GetXml(YldFile yld, string outputFolder = "")'. [/home/ubuntu/PROGRAMA-BETA/src/FiveMTool.csproj]
/home/ubuntu/PROGRAMA-BETA/src/External/CodeWalker.Core/GameFiles/MetaTypes/MetaXml.cs(283,34): warning CS8604: Possible null reference argument for parameter 'yed' in 'string YedXml.GetXml(YedFile yed, string outputFolder = "")'. [/home/ubuntu/PROGRAMA-BETA/src/FiveMTool.csproj]
/home/ubuntu/PROGRAMA-BETA/src/External/CodeWalker.Core/GameFiles/MetaTypes/MetaXml.cs(289,34): warning CS8604: Possible null reference argument for parameter 'ywr' in 'string YwrXml.GetXml(YwrFile ywr)'. [/home/ubuntu/PROGRAMA-BETA/src/FiveMTool.csproj]
/home/ubuntu/PROGRAMA-BETA/src/External/CodeWalker.Core/GameFiles/MetaTypes/MetaXml.cs(295,34): warning CS8604: Possible null reference argument for parameter 'yvr' in 'string YvrXml.GetXml(YvrFile yvr)'. [/home/ubuntu/PROGRAMA-BETA/src/FiveMTool.csproj]
/home/ubuntu/PROGRAMA-BETA/src/External/CodeWalker.Core/GameFiles/MetaTypes/MetaXml.cs(301,35): warning CS8604: Possible null reference argument for parameter 'ypdb' in 'string YpdbXml.GetXml(YpdbFile ypdb)'. [/home/ubuntu/PROGRAMA-BETA/src/FiveMTool.csproj]
/home/ubuntu/PROGRAMA-BETA/src/External/CodeWalker.Core/GameFiles/MetaTypes/MetaXml.cs(307,34): warning CS8604: Possible null reference argument for parameter 'yfd' in 'string YfdXml.GetXml(YfdFile yfd)'. [/home/ubuntu/PROGRAMA-BETA/src/FiveMTool.csproj]
/home/ubuntu/PROGRAMA-BETA/src/External/CodeWalker.Core/GameFiles/MetaTypes/MetaXml.cs(313,34): warning CS8604: Possible null reference argument for parameter 'awc' in 'string AwcXml.GetXml(AwcFile awc, string outputFolder = "")'. [/home/ubuntu/PROGRAMA-BETA/src/FiveMTool.csproj]
/home/ubuntu/PROGRAMA-BETA/src/External/CodeWalker.Core/GameFiles/MetaTypes/MetaXml.cs(319,34): warning CS8604: Possible null reference argument for parameter 'fxc' in 'string FxcXml.GetXml(FxcFile fxc, string outputFolder = "")'. [/home/ubuntu/PROGRAMA-BETA/src/FiveMTool.csproj]
/home/ubuntu/PROGRAMA-BETA/src/External/CodeWalker.Core/GameFiles/MetaTypes/MetaXml.cs(325,39): warning CS8604: Possible null reference argument for parameter 'cdf' in 'string CacheDatXml.GetXml(CacheDatFile cdf)'. [/home/ubuntu/PROGRAMA-BETA/src/FiveMTool.csproj]
/home/ubuntu/PROGRAMA-BETA/src/External/CodeWalker.Core/GameFiles/MetaTypes/MetaXml.cs(331,35): warning CS8604: Possible null reference argument for parameter 'hmf' in 'string HmapXml.GetXml(HeightmapFile hmf)'. [/home/ubuntu/PROGRAMA-BETA/src/FiveMTool.csproj]
/home/ubuntu/PROGRAMA-BETA/src/External/CodeWalker.Core/GameFiles/MetaTypes/MetaXml.cs(337,34): warning CS8604: Possible null reference argument for parameter 'mrf' in 'string MrfXml.GetXml(MrfFile mrf)'. [/home/ubuntu/PROGRAMA-BETA/src/FiveMTool.csproj]
/home/ubuntu/PROGRAMA-BETA/src/External/CodeWalker.Core/GameFiles/MetaTypes/MetaTypes.cs(3691,130): error CS0121: The call is ambiguous between the following methods or properties: 'CodeWalker.QuaternionExtension.ToVector4(SharpDX.Quaternion)' and 'CodeWalker.QuaternionExtension.ToVector4(SharpDX.Quaternion)' [/home/ubuntu/PROGRAMA-BETA/src/FiveMTool.csproj]
/home/ubuntu/PROGRAMA-BETA/src/External/CodeWalker.Core/GameFiles/MetaTypes/MetaTypes.cs(3693,16): warning CS8618: Non-nullable property 'Parent' must contain a non-null value when exiting constructor. Consider declaring the property as nullable. [/home/ubuntu/PROGRAMA-BETA/src/FiveMTool.csproj]
/home/ubuntu/PROGRAMA-BETA/src/External/CodeWalker.Core/GameFiles/MetaTypes/MetaTypes.cs(3693,16): warning CS8618: Non-nullable property 'ScenarioRegion' must contain a non-null value when exiting constructor. Consider declaring the property as nullable. [/home/ubuntu/PROGRAMA-BETA/src/FiveMTool.csproj]
/home/ubuntu/PROGRAMA-BETA/src/External/CodeWalker.Core/GameFiles/MetaTypes/MetaTypes.cs(3700,16): warning CS8618: Non-nullable property 'Parent' must contain a non-null value when exiting constructor. Consider declaring the property as nullable. [/home/ubuntu/PROGRAMA-BETA/src/FiveMTool.csproj]
/home/ubuntu/PROGRAMA-BETA/src/External/CodeWalker.Core/GameFiles/MetaTypes/MetaXml.cs(973,49): warning CS8600: Converting null literal or possible null value to non-nullable type. [/home/ubuntu/PROGRAMA-BETA/src/FiveMTool.csproj]
/home/ubuntu/PROGRAMA-BETA/src/External/CodeWalker.Core/GameFiles/MetaTypes/MetaTypes.cs(4131,24): warning CS8618: Non-nullable property 'Ymt' must contain a non-null value when exiting constructor. Consider declaring the property as nullable. [/home/ubuntu/PROGRAMA-BETA/src/FiveMTool.csproj]
/home/ubuntu/PROGRAMA-BETA/src/External/CodeWalker.Core/GameFiles/MetaTypes/MetaTypes.cs(4136,41): warning CS8618: Non-nullable property 'Points' must contain a non-null value when exiting constructor. Consider declaring the property as nullable. [/home/ubuntu/PROGRAMA-BETA/src/FiveMTool.csproj]
/home/ubuntu/PROGRAMA-BETA/src/External/CodeWalker.Core/GameFiles/MetaTypes/MetaTypes.cs(4137,43): warning CS8618: Non-nullable property 'EntityOverrides' must contain a non-null value when exiting constructor. Consider declaring the property as nullable. [/home/ubuntu/PROGRAMA-BETA/src/FiveMTool.csproj]
/home/ubuntu/PROGRAMA-BETA/src/External/CodeWalker.Core/GameFiles/MetaTypes/MetaTypes.cs(4138,40): warning CS8618: Non-nullable property 'Paths' must contain a non-null value when exiting constructor. Consider declaring the property as nullable. [/home/ubuntu/PROGRAMA-BETA/src/FiveMTool.csproj]
/home/ubuntu/PROGRAMA-BETA/src/External/CodeWalker.Core/GameFiles/MetaTypes/MetaTypes.cs(4139,25): warning CS8618: Non-nullable property 'Unk_3844724227' must contain a non-null value when exiting constructor. Consider declaring the property as nullable. [/home/ubuntu/PROGRAMA-BETA/src/FiveMTool.csproj]
/home/ubuntu/PROGRAMA-BETA/src/External/CodeWalker.Core/GameFiles/MetaTypes/MetaTypes.cs(4140,41): warning CS8618: Non-nullable property 'Clusters' must contain a non-null value when exiting constructor. Consider declaring the property as nullable. [/home/ubuntu/PROGRAMA-BETA/src/FiveMTool.csproj]
/home/ubuntu/PROGRAMA-BETA/src/External/CodeWalker.Core/GameFiles/MetaTypes/MetaTypes.cs(4141,39): warning CS8618: Non-nullable property 'LookUps' must contain a non-null value when exiting constructor. Consider declaring the property as nullable. [/home/ubuntu/PROGRAMA-BETA/src/FiveMTool.csproj]
/home/ubuntu/PROGRAMA-BETA/src/External/CodeWalker.Core/GameFiles/MetaTypes/MetaXml.cs(1358,33): warning CS8602: Dereference of a possibly null reference. [/home/ubuntu/PROGRAMA-BETA/src/FiveMTool.csproj]
/home/ubuntu/PROGRAMA-BETA/src/External/CodeWalker.Core/GameFiles/MetaTypes/MetaXml.cs(1359,33): warning CS8602: Dereference of a possibly null reference. [/home/ubuntu/PROGRAMA-BETA/src/FiveMTool.csproj]
/home/ubuntu/PROGRAMA-BETA/src/External/CodeWalker.Core/GameFiles/MetaTypes/MetaXml.cs(1361,54): warning CS8604: Possible null reference argument for parameter 'arr' in 'void MetaXmlBase.WriteStringItemArray(StringBuilder sb, string[] arr, int ind, string name)'. [/home/ubuntu/PROGRAMA-BETA/src/FiveMTool.csproj]
/home/ubuntu/PROGRAMA-BETA/src/External/CodeWalker.Core/GameFiles/MetaTypes/MetaXml.cs(1371,33): warning CS8602: Dereference of a possibly null reference. [/home/ubuntu/PROGRAMA-BETA/src/FiveMTool.csproj]
/home/ubuntu/PROGRAMA-BETA/src/External/CodeWalker.Core/GameFiles/MetaTypes/MetaXml.cs(1372,33): warning CS8602: Dereference of a possibly null reference. [/home/ubuntu/PROGRAMA-BETA/src/FiveMTool.csproj]
/home/ubuntu/PROGRAMA-BETA/src/External/CodeWalker.Core/GameFiles/MetaTypes/MetaXml.cs(1374,54): warning CS8604: Possible null reference argument for parameter 'arr' in 'void MetaXmlBase.WriteStringItemArray(StringBuilder sb, string[] arr, int ind, string name)'. [/home/ubuntu/PROGRAMA-BETA/src/FiveMTool.csproj]
/home/ubuntu/PROGRAMA-BETA/src/External/CodeWalker.Core/GameFiles/MetaTypes/MetaXml.cs(614,39): warning CS8602: Dereference of a possibly null reference. [/home/ubuntu/PROGRAMA-BETA/src/FiveMTool.csproj]
/home/ubuntu/PROGRAMA-BETA/src/External/CodeWalker.Core/GameFiles/MetaTypes/MetaXml.cs(1518,65): warning CS8602: Dereference of a possibly null reference. [/home/ubuntu/PROGRAMA-BETA/src/FiveMTool.csproj]
/home/ubuntu/PROGRAMA-BETA/src/External/CodeWalker.Core/GameFiles/MetaTypes/MetaXml.cs(1639,28): warning CS8603: Possible null reference return. [/home/ubuntu/PROGRAMA-BETA/src/FiveMTool.csproj]
/home/ubuntu/PROGRAMA-BETA/src/External/CodeWalker.Core/GameFiles/MetaTypes/MetaXml.cs(824,39): warning CS8600: Converting null literal or possible null value to non-nullable type. [/home/ubuntu/PROGRAMA-BETA/src/FiveMTool.csproj]
/home/ubuntu/PROGRAMA-BETA/src/External/CodeWalker.Core/GameFiles/MetaTypes/MetaXml.cs(825,51): warning CS8600: Converting null literal or possible null value to non-nullable type. [/home/ubuntu/PROGRAMA-BETA/src/FiveMTool.csproj]
/home/ubuntu/PROGRAMA-BETA/src/External/CodeWalker.Core/GameFiles/MetaTypes/MetaXml.cs(826,24): warning CS8603: Possible null reference return. [/home/ubuntu/PROGRAMA-BETA/src/FiveMTool.csproj]
/home/ubuntu/PROGRAMA-BETA/src/External/CodeWalker.Core/GameFiles/MetaTypes/MetaXml.cs(830,34): warning CS8600: Converting null literal or possible null value to non-nullable type. [/home/ubuntu/PROGRAMA-BETA/src/FiveMTool.csproj]
/home/ubuntu/PROGRAMA-BETA/src/External/CodeWalker.Core/GameFiles/MetaTypes/MetaXml.cs(831,49): warning CS8600: Converting null literal or possible null value to non-nullable type. [/home/ubuntu/PROGRAMA-BETA/src/FiveMTool.csproj]
/home/ubuntu/PROGRAMA-BETA/src/External/CodeWalker.Core/GameFiles/MetaTypes/MetaXml.cs(832,24): warning CS8603: Possible null reference return. [/home/ubuntu/PROGRAMA-BETA/src/FiveMTool.csproj]
/home/ubuntu/PROGRAMA-BETA/src/External/CodeWalker.Core/GameFiles/MetaTypes/MetaXml.cs(1721,38): warning CS8600: Converting null literal or possible null value to non-nullable type. [/home/ubuntu/PROGRAMA-BETA/src/FiveMTool.csproj]
/home/ubuntu/PROGRAMA-BETA/src/External/CodeWalker.Core/GameFiles/MetaTypes/MetaXml.cs(1722,50): warning CS8600: Converting null literal or possible null value to non-nullable type. [/home/ubuntu/PROGRAMA-BETA/src/FiveMTool.csproj]
/home/ubuntu/PROGRAMA-BETA/src/External/CodeWalker.Core/GameFiles/MetaTypes/MetaXml.cs(1723,24): warning CS8603: Possible null reference return. [/home/ubuntu/PROGRAMA-BETA/src/FiveMTool.csproj]
/home/ubuntu/PROGRAMA-BETA/src/External/CodeWalker.Core/GameFiles/MetaTypes/MetaXml.cs(1727,33): warning CS8600: Converting null literal or possible null value to non-nullable type. [/home/ubuntu/PROGRAMA-BETA/src/FiveMTool.csproj]
/home/ubuntu/PROGRAMA-BETA/src/External/CodeWalker.Core/GameFiles/MetaTypes/MetaXml.cs(1728,48): warning CS8600: Converting null literal or possible null value to non-nullable type. [/home/ubuntu/PROGRAMA-BETA/src/FiveMTool.csproj]
/home/ubuntu/PROGRAMA-BETA/src/External/CodeWalker.Core/GameFiles/MetaTypes/MetaXml.cs(1729,24): warning CS8603: Possible null reference return. [/home/ubuntu/PROGRAMA-BETA/src/FiveMTool.csproj]
/home/ubuntu/PROGRAMA-BETA/src/External/CodeWalker.Core/GameFiles/MetaTypes/PsoTypes.cs(14279,28): warning CS8603: Possible null reference return. [/home/ubuntu/PROGRAMA-BETA/src/FiveMTool.csproj]
/home/ubuntu/PROGRAMA-BETA/src/External/CodeWalker.Core/GameFiles/MetaTypes/PsoTypes.cs(15797,28): warning CS8603: Possible null reference return. [/home/ubuntu/PROGRAMA-BETA/src/FiveMTool.csproj]
/home/ubuntu/PROGRAMA-BETA/src/External/CodeWalker.Core/GameFiles/MetaTypes/PsoTypes.cs(15888,20): warning CS8603: Possible null reference return. [/home/ubuntu/PROGRAMA-BETA/src/FiveMTool.csproj]
/home/ubuntu/PROGRAMA-BETA/src/External/CodeWalker.Core/GameFiles/MetaTypes/PsoTypes.cs(15903,24): warning CS8603: Possible null reference return. [/home/ubuntu/PROGRAMA-BETA/src/FiveMTool.csproj]
/home/ubuntu/PROGRAMA-BETA/src/External/CodeWalker.Core/GameFiles/MetaTypes/PsoTypes.cs(15905,20): warning CS8603: Possible null reference return. [/home/ubuntu/PROGRAMA-BETA/src/FiveMTool.csproj]
/home/ubuntu/PROGRAMA-BETA/src/External/CodeWalker.Core/GameFiles/MetaTypes/PsoTypes.cs(15915,24): warning CS8603: Possible null reference return. [/home/ubuntu/PROGRAMA-BETA/src/FiveMTool.csproj]
/home/ubuntu/PROGRAMA-BETA/src/External/CodeWalker.Core/GameFiles/MetaTypes/PsoTypes.cs(15926,39): warning CS8603: Possible null reference return. [/home/ubuntu/PROGRAMA-BETA/src/FiveMTool.csproj]
/home/ubuntu/PROGRAMA-BETA/src/External/CodeWalker.Core/GameFiles/MetaTypes/PsoTypes.cs(15937,39): warning CS8603: Possible null reference return. [/home/ubuntu/PROGRAMA-BETA/src/FiveMTool.csproj]
/home/ubuntu/PROGRAMA-BETA/src/External/CodeWalker.Core/GameFiles/MetaTypes/PsoTypes.cs(15955,24): warning CS8603: Possible null reference return. [/home/ubuntu/PROGRAMA-BETA/src/FiveMTool.csproj]
/home/ubuntu/PROGRAMA-BETA/src/External/CodeWalker.Core/GameFiles/MetaTypes/PsoTypes.cs(15966,40): warning CS8603: Possible null reference return. [/home/ubuntu/PROGRAMA-BETA/src/FiveMTool.csproj]
/home/ubuntu/PROGRAMA-BETA/src/External/CodeWalker.Core/GameFiles/MetaTypes/PsoTypes.cs(15984,24): warning CS8603: Possible null reference return. [/home/ubuntu/PROGRAMA-BETA/src/FiveMTool.csproj]
/home/ubuntu/PROGRAMA-BETA/src/External/CodeWalker.Core/GameFiles/MetaTypes/PsoTypes.cs(15995,41): warning CS8603: Possible null reference return. [/home/ubuntu/PROGRAMA-BETA/src/FiveMTool.csproj]
/home/ubuntu/PROGRAMA-BETA/src/External/CodeWalker.Core/GameFiles/MetaTypes/PsoTypes.cs(16011,39): warning CS8603: Possible null reference return. [/home/ubuntu/PROGRAMA-BETA/src/FiveMTool.csproj]
/home/ubuntu/PROGRAMA-BETA/src/External/CodeWalker.Core/GameFiles/MetaTypes/PsoTypes.cs(16012,43): warning CS8603: Possible null reference return. [/home/ubuntu/PROGRAMA-BETA/src/FiveMTool.csproj]
/home/ubuntu/PROGRAMA-BETA/src/External/CodeWalker.Core/GameFiles/MetaTypes/PsoTypes.cs(16029,39): warning CS8603: Possible null reference return. [/home/ubuntu/PROGRAMA-BETA/src/FiveMTool.csproj]
/home/ubuntu/PROGRAMA-BETA/src/External/CodeWalker.Core/GameFiles/MetaTypes/PsoTypes.cs(16033,20): warning CS8603: Possible null reference return. [/home/ubuntu/PROGRAMA-BETA/src/FiveMTool.csproj]
/home/ubuntu/PROGRAMA-BETA/src/External/CodeWalker.Core/GameFiles/MetaTypes/PsoTypes.cs(16044,36): warning CS8603: Possible null reference return. [/home/ubuntu/PROGRAMA-BETA/src/FiveMTool.csproj]
/home/ubuntu/PROGRAMA-BETA/src/External/CodeWalker.Core/GameFiles/MetaTypes/PsoTypes.cs(16052,22): warning CS8603: Possible null reference return. [/home/ubuntu/PROGRAMA-BETA/src/FiveMTool.csproj]
/home/ubuntu/PROGRAMA-BETA/src/External/CodeWalker.Core/GameFiles/MetaTypes/PsoTypes.cs(16066,20): warning CS8603: Possible null reference return. [/home/ubuntu/PROGRAMA-BETA/src/FiveMTool.csproj]
/home/ubuntu/PROGRAMA-BETA/src/External/CodeWalker.Core/GameFiles/MetaTypes/PsoTypes.cs(16073,36): warning CS8603: Possible null reference return. [/home/ubuntu/PROGRAMA-BETA/src/FiveMTool.csproj]
/home/ubuntu/PROGRAMA-BETA/src/External/CodeWalker.Core/GameFiles/MetaTypes/PsoTypes.cs(16075,38): warning CS8603: Possible null reference return. [/home/ubuntu/PROGRAMA-BETA/src/FiveMTool.csproj]
/home/ubuntu/PROGRAMA-BETA/src/External/CodeWalker.Core/GameFiles/MetaTypes/PsoTypes.cs(16077,22): warning CS8603: Possible null reference return. [/home/ubuntu/PROGRAMA-BETA/src/FiveMTool.csproj]
/home/ubuntu/PROGRAMA-BETA/src/External/CodeWalker.Core/GameFiles/MetaTypes/PsoTypes.cs(16106,41): warning CS8603: Possible null reference return. [/home/ubuntu/PROGRAMA-BETA/src/FiveMTool.csproj]
/home/ubuntu/PROGRAMA-BETA/src/External/CodeWalker.Core/GameFiles/MetaTypes/PsoTypes.cs(16113,22): warning CS8603: Possible null reference return. [/home/ubuntu/PROGRAMA-BETA/src/FiveMTool.csproj]
/home/ubuntu/PROGRAMA-BETA/src/External/CodeWalker.Core/GameFiles/MetaTypes/PsoTypes.cs(16125,22): warning CS8603: Possible null reference return. [/home/ubuntu/PROGRAMA-BETA/src/FiveMTool.csproj]
/home/ubuntu/PROGRAMA-BETA/src/External/CodeWalker.Core/GameFiles/MetaTypes/PsoTypes.cs(16129,22): warning CS8603: Possible null reference return. [/home/ubuntu/PROGRAMA-BETA/src/FiveMTool.csproj]
/home/ubuntu/PROGRAMA-BETA/src/External/CodeWalker.Core/GameFiles/MetaTypes/PsoTypes.cs(16149,22): warning CS8603: Possible null reference return. [/home/ubuntu/PROGRAMA-BETA/src/FiveMTool.csproj]
/home/ubuntu/PROGRAMA-BETA/src/External/CodeWalker.Core/GameFiles/MetaTypes/PsoTypes.cs(16161,22): warning CS8603: Possible null reference return. [/home/ubuntu/PROGRAMA-BETA/src/FiveMTool.csproj]
/home/ubuntu/PROGRAMA-BETA/src/RenderEngine/GizmoManager.cs(19,27): warning CS0414: The field 'GizmoManager._activeAxis' is assigned but its value is never used [/home/ubuntu/PROGRAMA-BETA/src/FiveMTool.csproj]
/home/ubuntu/PROGRAMA-BETA/src/UI/MainForm.cs(118,157): warning CA1416: This call site is reachable on all platforms. 'ContentAlignment.MiddleRight' is only supported on: 'windows'. [/home/ubuntu/PROGRAMA-BETA/src/FiveMTool.csproj]

Build FAILED.

/home/ubuntu/.dotnet/sdk/6.0.428/Sdks/Microsoft.NET.Sdk/targets/Microsoft.NET.Sdk.targets(1120,5): warning NETSDK1179: One of '--self-contained' or '--no-self-contained' options are required when '--runtime' is used. [/home/ubuntu/PROGRAMA-BETA/src/FiveMTool.csproj]
/home/ubuntu/PROGRAMA-BETA/src/External/CodeWalker.Core/GameFiles/FileTypes/YmapFile.cs(12,7): warning CS0105: The using directive for 'SharpDX' appeared previously in this namespace [/home/ubuntu/PROGRAMA-BETA/src/FiveMTool.csproj]
/home/ubuntu/PROGRAMA-BETA/src/External/CodeWalker.Core/GameFiles/Resources/Drawable.cs(10,7): warning CS0105: The using directive for 'SharpDX' appeared previously in this namespace [/home/ubuntu/PROGRAMA-BETA/src/FiveMTool.csproj]
/home/ubuntu/PROGRAMA-BETA/src/SceneSystem/ISceneSystem.cs(28,62): warning CS8625: Cannot convert null literal to non-nullable reference type. [/home/ubuntu/PROGRAMA-BETA/src/FiveMTool.csproj]
/home/ubuntu/PROGRAMA-BETA/src/SceneSystem/SceneManager.cs(83,29): warning CS8766: Nullability of reference types in return type of 'SceneObject? SceneManager.FindObject(Guid id)' doesn't match implicitly implemented member 'SceneObject ISceneSystem.FindObject(Guid id)' (possibly because of nullability attributes). [/home/ubuntu/PROGRAMA-BETA/src/FiveMTool.csproj]
/home/ubuntu/PROGRAMA-BETA/src/External/CodeWalker.Core/Utils/FbxConverter.cs(976,30): warning CS8765: Nullability of type of parameter 'obj' doesn't match overridden member (possibly because of nullability attributes). [/home/ubuntu/PROGRAMA-BETA/src/FiveMTool.csproj]
/home/ubuntu/PROGRAMA-BETA/src/External/CodeWalker.Core/Utils/FbxConverter.cs(980,21): warning CS8767: Nullability of reference types in type of parameter 'other' of 'bool FbxVertex.Equals(FbxVertex other)' doesn't match implicitly implemented member 'bool IEquatable<FbxVertex>.Equals(FbxVertex? other)' (possibly because of nullability attributes). [/home/ubuntu/PROGRAMA-BETA/src/FiveMTool.csproj]
/home/ubuntu/PROGRAMA-BETA/src/External/CodeWalker.Core/GameFiles/GameFileCache.cs(5943,60): warning CS8714: The type 'T' cannot be used as type parameter 'TKey' in the generic type or method 'Dictionary<TKey, TValue>'. Nullability of type argument 'T' doesn't match 'notnull' constraint. [/home/ubuntu/PROGRAMA-BETA/src/FiveMTool.csproj]
/home/ubuntu/PROGRAMA-BETA/src/External/CodeWalker.Core/GameFiles/GameFileCache.cs(5954,58): warning CS8714: The type 'T' cannot be used as type parameter 'TKey' in the generic type or method 'Dictionary<TKey, TValue>'. Nullability of type argument 'T' doesn't match 'notnull' constraint. [/home/ubuntu/PROGRAMA-BETA/src/FiveMTool.csproj]
/home/ubuntu/PROGRAMA-BETA/src/External/CodeWalker.Core/GameFiles/GameFileCache.cs(5964,64): warning CS8714: The type 'T' cannot be used as type parameter 'TKey' in the generic type or method 'Dictionary<TKey, TValue>'. Nullability of type argument 'T' doesn't match 'notnull' constraint. [/home/ubuntu/PROGRAMA-BETA/src/FiveMTool.csproj]
/home/ubuntu/PROGRAMA-BETA/src/External/CodeWalker.Core/World/Scenarios.cs(706,57): warning CS8625: Cannot convert null literal to non-nullable reference type. [/home/ubuntu/PROGRAMA-BETA/src/FiveMTool.csproj]
/home/ubuntu/PROGRAMA-BETA/src/External/CodeWalker.Core/Utils/Cache.cs(18,56): warning CS8714: The type 'TKey' cannot be used as type parameter 'TKey' in the generic type or method 'Dictionary<TKey, TValue>'. Nullability of type argument 'TKey' doesn't match 'notnull' constraint. [/home/ubuntu/PROGRAMA-BETA/src/FiveMTool.csproj]
/home/ubuntu/PROGRAMA-BETA/src/External/CodeWalker.Core/Utils/Fbx.cs(240,34): warning CS8765: Nullability of type of parameter 'obj' doesn't match overridden member (possibly because of nullability attributes). [/home/ubuntu/PROGRAMA-BETA/src/FiveMTool.csproj]
/home/ubuntu/PROGRAMA-BETA/src/External/CodeWalker.Core/World/Space.cs(522,71): warning CS8625: Cannot convert null literal to non-nullable reference type. [/home/ubuntu/PROGRAMA-BETA/src/FiveMTool.csproj]
/home/ubuntu/PROGRAMA-BETA/src/External/CodeWalker.Core/World/Space.cs(522,100): warning CS8625: Cannot convert null literal to non-nullable reference type. [/home/ubuntu/PROGRAMA-BETA/src/FiveMTool.csproj]
/home/ubuntu/PROGRAMA-BETA/src/External/CodeWalker.Core/World/Space.cs(573,101): warning CS8625: Cannot convert null literal to non-nullable reference type. [/home/ubuntu/PROGRAMA-BETA/src/FiveMTool.csproj]
/home/ubuntu/PROGRAMA-BETA/src/External/CodeWalker.Core/World/Space.cs(689,75): warning CS8625: Cannot convert null literal to non-nullable reference type. [/home/ubuntu/PROGRAMA-BETA/src/FiveMTool.csproj]
/home/ubuntu/PROGRAMA-BETA/src/External/CodeWalker.Core/World/Space.cs(689,104): warning CS8625: Cannot convert null literal to non-nullable reference type. [/home/ubuntu/PROGRAMA-BETA/src/FiveMTool.csproj]
/home/ubuntu/PROGRAMA-BETA/src/External/CodeWalker.Core/World/Space.cs(689,133): warning CS8625: Cannot convert null literal to non-nullable reference type. [/home/ubuntu/PROGRAMA-BETA/src/FiveMTool.csproj]
/home/ubuntu/PROGRAMA-BETA/src/External/CodeWalker.Core/World/Space.cs(1241,110): warning CS8625: Cannot convert null literal to non-nullable reference type. [/home/ubuntu/PROGRAMA-BETA/src/FiveMTool.csproj]
/home/ubuntu/PROGRAMA-BETA/src/External/CodeWalker.Core/World/Space.cs(1501,95): warning CS8625: Cannot convert null literal to non-nullable reference type. [/home/ubuntu/PROGRAMA-BETA/src/FiveMTool.csproj]
/home/ubuntu/PROGRAMA-BETA/src/External/CodeWalker.Core/World/Space.cs(1989,97): warning CS8625: Cannot convert null literal to non-nullable reference type. [/home/ubuntu/PROGRAMA-BETA/src/FiveMTool.csproj]
/home/ubuntu/PROGRAMA-BETA/src/External/CodeWalker.Core/World/Space.cs(2000,76): warning CS8625: Cannot convert null literal to non-nullable reference type. [/home/ubuntu/PROGRAMA-BETA/src/FiveMTool.csproj]
/home/ubuntu/PROGRAMA-BETA/src/External/CodeWalker.Core/World/Space.cs(2085,109): warning CS8625: Cannot convert null literal to non-nullable reference type. [/home/ubuntu/PROGRAMA-BETA/src/FiveMTool.csproj]
/home/ubuntu/PROGRAMA-BETA/src/External/CodeWalker.Core/World/Space.cs(2117,88): warning CS8625: Cannot convert null literal to non-nullable reference type. [/home/ubuntu/PROGRAMA-BETA/src/FiveMTool.csproj]
/home/ubuntu/PROGRAMA-BETA/src/External/CodeWalker.Core/World/Trains.cs(311,66): warning CS8625: Cannot convert null literal to non-nullable reference type. [/home/ubuntu/PROGRAMA-BETA/src/FiveMTool.csproj]
/home/ubuntu/PROGRAMA-BETA/src/External/CodeWalker.Core/GameFiles/FileTypes/RelFile.cs(21649,126): warning CS8625: Cannot convert null literal to non-nullable reference type. [/home/ubuntu/PROGRAMA-BETA/src/FiveMTool.csproj]
/home/ubuntu/PROGRAMA-BETA/src/External/CodeWalker.Core/GameFiles/FileTypes/YndFile.cs(1015,49): warning CS8625: Cannot convert null literal to non-nullable reference type. [/home/ubuntu/PROGRAMA-BETA/src/FiveMTool.csproj]
/home/ubuntu/PROGRAMA-BETA/src/External/CodeWalker.Core/GameFiles/MetaTypes/MetaXml.cs(1960,116): warning CS8625: Cannot convert null literal to non-nullable reference type. [/home/ubuntu/PROGRAMA-BETA/src/FiveMTool.csproj]
/home/ubuntu/PROGRAMA-BETA/src/External/CodeWalker.Core/GameFiles/MetaTypes/MetaXml.cs(1975,139): warning CS8625: Cannot convert null literal to non-nullable reference type. [/home/ubuntu/PROGRAMA-BETA/src/FiveMTool.csproj]
/home/ubuntu/PROGRAMA-BETA/src/External/CodeWalker.Core/GameFiles/Resources/Bounds.cs(479,71): warning CS8625: Cannot convert null literal to non-nullable reference type. [/home/ubuntu/PROGRAMA-BETA/src/FiveMTool.csproj]
/home/ubuntu/PROGRAMA-BETA/src/External/CodeWalker.Core/GameFiles/Resources/Bounds.cs(479,101): warning CS8625: Cannot convert null literal to non-nullable reference type. [/home/ubuntu/PROGRAMA-BETA/src/FiveMTool.csproj]
/home/ubuntu/PROGRAMA-BETA/src/External/CodeWalker.Core/GameFiles/Resources/ResourceBaseTypes.cs(520,42): warning CS8767: Nullability of reference types in type of parameter 'attributes' of 'EventDescriptorCollection ListBase<T>.GetEvents(Attribute[] attributes)' doesn't match implicitly implemented member 'EventDescriptorCollection ICustomTypeDescriptor.GetEvents(Attribute[]? attributes)' (possibly because of nullability attributes). [/home/ubuntu/PROGRAMA-BETA/src/FiveMTool.csproj]
/home/ubuntu/PROGRAMA-BETA/src/External/CodeWalker.Core/GameFiles/Resources/ResourceBaseTypes.cs(547,45): warning CS8767: Nullability of reference types in type of parameter 'attributes' of 'PropertyDescriptorCollection ListBase<T>.GetProperties(Attribute[] attributes)' doesn't match implicitly implemented member 'PropertyDescriptorCollection ICustomTypeDescriptor.GetProperties(Attribute[]? attributes)' (possibly because of nullability attributes). [/home/ubuntu/PROGRAMA-BETA/src/FiveMTool.csproj]
/home/ubuntu/PROGRAMA-BETA/src/External/CodeWalker.Core/GameFiles/Resources/ResourceBaseTypes.cs(530,23): warning CS8767: Nullability of reference types in type of parameter 'pd' of 'object ListBase<T>.GetPropertyOwner(PropertyDescriptor pd)' doesn't match implicitly implemented member 'object? ICustomTypeDescriptor.GetPropertyOwner(PropertyDescriptor? pd)' (possibly because of nullability attributes). [/home/ubuntu/PROGRAMA-BETA/src/FiveMTool.csproj]
/home/ubuntu/PROGRAMA-BETA/src/External/CodeWalker.Core/GameFiles/Resources/ResourceBaseTypes.cs(601,36): warning CS8765: Nullability of type of parameter 'component' doesn't match overridden member (possibly because of nullability attributes). [/home/ubuntu/PROGRAMA-BETA/src/FiveMTool.csproj]
/home/ubuntu/PROGRAMA-BETA/src/External/CodeWalker.Core/GameFiles/Resources/ResourceBaseTypes.cs(628,34): warning CS8765: Nullability of type of parameter 'component' doesn't match overridden member (possibly because of nullability attributes). [/home/ubuntu/PROGRAMA-BETA/src/FiveMTool.csproj]
/home/ubuntu/PROGRAMA-BETA/src/External/CodeWalker.Core/GameFiles/Resources/ResourceBaseTypes.cs(628,34): warning CS8765: Nullability of type of parameter 'value' doesn't match overridden member (possibly because of nullability attributes). [/home/ubuntu/PROGRAMA-BETA/src/FiveMTool.csproj]
/home/ubuntu/PROGRAMA-BETA/src/External/CodeWalker.Core/GameFiles/RpfFile.cs(1388,58): warning CS8625: Cannot convert null literal to non-nullable reference type. [/home/ubuntu/PROGRAMA-BETA/src/FiveMTool.csproj]
/home/ubuntu/PROGRAMA-BETA/src/External/CodeWalker.Core/GameFiles/RpfFile.cs(2005,86): warning CS8625: Cannot convert null literal to non-nullable reference type. [/home/ubuntu/PROGRAMA-BETA/src/FiveMTool.csproj]
/home/ubuntu/PROGRAMA-BETA/src/External/CodeWalker.Core/GameFiles/Utils/GTAKeys.cs(168,98): warning CS8625: Cannot convert null literal to non-nullable reference type. [/home/ubuntu/PROGRAMA-BETA/src/FiveMTool.csproj]
/home/ubuntu/PROGRAMA-BETA/src/UI/MainForm.cs(24,16): warning CS8618: Non-nullable field '_hierarchyTree' must contain a non-null value when exiting constructor. Consider declaring the field as nullable. [/home/ubuntu/PROGRAMA-BETA/src/FiveMTool.csproj]
/home/ubuntu/PROGRAMA-BETA/src/UI/MainForm.cs(24,16): warning CS8618: Non-nullable field '_propertyInspector' must contain a non-null value when exiting constructor. Consider declaring the field as nullable. [/home/ubuntu/PROGRAMA-BETA/src/FiveMTool.csproj]
/home/ubuntu/PROGRAMA-BETA/src/UI/MainForm.cs(24,16): warning CS8618: Non-nullable field '_viewportPanel' must contain a non-null value when exiting constructor. Consider declaring the field as nullable. [/home/ubuntu/PROGRAMA-BETA/src/FiveMTool.csproj]
/home/ubuntu/PROGRAMA-BETA/src/UI/MainForm.cs(24,16): warning CS8618: Non-nullable field '_logConsole' must contain a non-null value when exiting constructor. Consider declaring the field as nullable. [/home/ubuntu/PROGRAMA-BETA/src/FiveMTool.csproj]
/home/ubuntu/PROGRAMA-BETA/src/UI/MainForm.cs(24,16): warning CS8618: Non-nullable field '_mainMenu' must contain a non-null value when exiting constructor. Consider declaring the field as nullable. [/home/ubuntu/PROGRAMA-BETA/src/FiveMTool.csproj]
/home/ubuntu/PROGRAMA-BETA/src/UI/MainForm.cs(24,16): warning CS8618: Non-nullable field '_toolBar' must contain a non-null value when exiting constructor. Consider declaring the field as nullable. [/home/ubuntu/PROGRAMA-BETA/src/FiveMTool.csproj]
/home/ubuntu/PROGRAMA-BETA/src/UI/MainForm.cs(24,16): warning CS8618: Non-nullable field '_renderTimer' must contain a non-null value when exiting constructor. Consider declaring the field as nullable. [/home/ubuntu/PROGRAMA-BETA/src/FiveMTool.csproj]
/home/ubuntu/PROGRAMA-BETA/src/External/CodeWalker.Core/GameFiles/FileTypes/Builders/YnvBuilder.cs(48,22): warning CS8603: Possible null reference return. [/home/ubuntu/PROGRAMA-BETA/src/FiveMTool.csproj]
/home/ubuntu/PROGRAMA-BETA/src/External/CodeWalker.Core/GameFiles/Utils/Jenk.cs(232,50): warning CS8600: Converting null literal or possible null value to non-nullable type. [/home/ubuntu/PROGRAMA-BETA/src/FiveMTool.csproj]
/home/ubuntu/PROGRAMA-BETA/src/External/CodeWalker.Core/GameFiles/Utils/Jenk.cs(244,50): warning CS8600: Converting null literal or possible null value to non-nullable type. [/home/ubuntu/PROGRAMA-BETA/src/FiveMTool.csproj]
/home/ubuntu/PROGRAMA-BETA/src/External/CodeWalker.Core/GameFiles/Utils/Jenk.cs(254,28): warning CS8600: Converting null literal or possible null value to non-nullable type. [/home/ubuntu/PROGRAMA-BETA/src/FiveMTool.csproj]
/home/ubuntu/PROGRAMA-BETA/src/External/CodeWalker.Core/World/Weather.cs(466,23): warning CS8618: Non-nullable property 'Name' must contain a non-null value when exiting constructor. Consider declaring the property as nullable. [/home/ubuntu/PROGRAMA-BETA/src/FiveMTool.csproj]
/home/ubuntu/PROGRAMA-BETA/src/External/CodeWalker.Core/World/Weather.cs(467,24): warning CS8618: Non-nullable property 'Values' must contain a non-null value when exiting constructor. Consider declaring the property as nullable. [/home/ubuntu/PROGRAMA-BETA/src/FiveMTool.csproj]
/home/ubuntu/PROGRAMA-BETA/src/UI/MainForm.cs(102,21): warning CS8602: Dereference of a possibly null reference. [/home/ubuntu/PROGRAMA-BETA/src/FiveMTool.csproj]
/home/ubuntu/PROGRAMA-BETA/src/External/CodeWalker.Core/GameFiles/FileTypes/Builders/YnvBuilder.cs(218,27): warning CS8602: Dereference of a possibly null reference. [/home/ubuntu/PROGRAMA-BETA/src/FiveMTool.csproj]
/home/ubuntu/PROGRAMA-BETA/src/External/CodeWalker.Core/GameFiles/FileTypes/Builders/YnvBuilder.cs(225,42): warning CS8604: Possible null reference argument for parameter 'p' in 'YnvPoly YnvPolySplit.GetOther(YnvPoly p)'. [/home/ubuntu/PROGRAMA-BETA/src/FiveMTool.csproj]
/home/ubuntu/PROGRAMA-BETA/src/External/CodeWalker.Core/GameFiles/FileTypes/Builders/YnvBuilder.cs(227,42): warning CS8604: Possible null reference argument for parameter 'p' in 'YnvPoly YnvPolySplit.GetOther(YnvPoly p)'. [/home/ubuntu/PROGRAMA-BETA/src/FiveMTool.csproj]
/home/ubuntu/PROGRAMA-BETA/src/External/CodeWalker.Core/GameFiles/FileTypes/Builders/YnvBuilder.cs(228,47): warning CS8604: Possible null reference argument for parameter 'poly' in 'YnvEdge.YnvEdge(YnvEdge copy, YnvPoly poly)'. [/home/ubuntu/PROGRAMA-BETA/src/FiveMTool.csproj]
/home/ubuntu/PROGRAMA-BETA/src/External/CodeWalker.Core/GameFiles/FileTypes/Builders/YnvBuilder.cs(229,47): warning CS8604: Possible null reference argument for parameter 'poly' in 'YnvEdge.YnvEdge(YnvEdge copy, YnvPoly poly)'. [/home/ubuntu/PROGRAMA-BETA/src/FiveMTool.csproj]
/home/ubuntu/PROGRAMA-BETA/src/External/CodeWalker.Core/GameFiles/FileTypes/Builders/YnvBuilder.cs(230,47): warning CS8604: Possible null reference argument for parameter 'poly' in 'YnvEdge.YnvEdge(YnvEdge copy, YnvPoly poly)'. [/home/ubuntu/PROGRAMA-BETA/src/FiveMTool.csproj]
/home/ubuntu/PROGRAMA-BETA/src/External/CodeWalker.Core/GameFiles/FileTypes/Builders/YnvBuilder.cs(231,47): warning CS8604: Possible null reference argument for parameter 'poly' in 'YnvEdge.YnvEdge(YnvEdge copy, YnvPoly poly)'. [/home/ubuntu/PROGRAMA-BETA/src/FiveMTool.csproj]
/home/ubuntu/PROGRAMA-BETA/src/External/CodeWalker.Core/GameFiles/FileTypes/Builders/YnvBuilder.cs(261,37): warning CS8602: Dereference of a possibly null reference. [/home/ubuntu/PROGRAMA-BETA/src/FiveMTool.csproj]
/home/ubuntu/PROGRAMA-BETA/src/External/CodeWalker.Core/GameFiles/FileTypes/Builders/YnvBuilder.cs(264,32): warning CS8602: Dereference of a possibly null reference. [/home/ubuntu/PROGRAMA-BETA/src/FiveMTool.csproj]
/home/ubuntu/PROGRAMA-BETA/src/External/CodeWalker.Core/GameFiles/FileTypes/Builders/YnvBuilder.cs(274,64): warning CS8600: Converting null literal or possible null value to non-nullable type. [/home/ubuntu/PROGRAMA-BETA/src/FiveMTool.csproj]
/home/ubuntu/PROGRAMA-BETA/src/External/CodeWalker.Core/GameFiles/FileTypes/Builders/YnvBuilder.cs(279,38): warning CS8601: Possible null reference assignment. [/home/ubuntu/PROGRAMA-BETA/src/FiveMTool.csproj]
/home/ubuntu/PROGRAMA-BETA/src/External/CodeWalker.Core/GameFiles/FileTypes/Builders/YnvBuilder.cs(280,38): warning CS8601: Possible null reference assignment. [/home/ubuntu/PROGRAMA-BETA/src/FiveMTool.csproj]
/home/ubuntu/PROGRAMA-BETA/src/External/CodeWalker.Core/GameFiles/Utils/DDSIO.cs(139,25): warning CS8600: Converting null literal or possible null value to non-nullable type. [/home/ubuntu/PROGRAMA-BETA/src/FiveMTool.csproj]
/home/ubuntu/PROGRAMA-BETA/src/External/CodeWalker.Core/GameFiles/Utils/DDSIO.cs(209,20): warning CS8603: Possible null reference return. [/home/ubuntu/PROGRAMA-BETA/src/FiveMTool.csproj]
/home/ubuntu/PROGRAMA-BETA/src/External/CodeWalker.Core/Utils/Gen9Converter.cs(85,33): warning CS8600: Converting null literal or possible null value to non-nullable type. [/home/ubuntu/PROGRAMA-BETA/src/FiveMTool.csproj]
/home/ubuntu/PROGRAMA-BETA/src/External/CodeWalker.Core/Utils/Gen9Converter.cs(137,55): warning CS8604: Possible null reference argument for parameter 'path' in 'DirectoryInfo Directory.CreateDirectory(string path)'. [/home/ubuntu/PROGRAMA-BETA/src/FiveMTool.csproj]
/home/ubuntu/PROGRAMA-BETA/src/External/CodeWalker.Core/Utils/Gen9Converter.cs(233,62): warning CS8625: Cannot convert null literal to non-nullable reference type. [/home/ubuntu/PROGRAMA-BETA/src/FiveMTool.csproj]
/home/ubuntu/PROGRAMA-BETA/src/External/CodeWalker.Core/GameFiles/FileTypes/Builders/YnvBuilder.cs(362,38): warning CS8603: Possible null reference return. [/home/ubuntu/PROGRAMA-BETA/src/FiveMTool.csproj]
/home/ubuntu/PROGRAMA-BETA/src/External/CodeWalker.Core/GameFiles/FileTypes/Builders/YnvBuilder.cs(363,30): warning CS8600: Converting null literal or possible null value to non-nullable type. [/home/ubuntu/PROGRAMA-BETA/src/FiveMTool.csproj]
/home/ubuntu/PROGRAMA-BETA/src/External/CodeWalker.Core/GameFiles/FileTypes/Builders/YnvBuilder.cs(364,46): warning CS8600: Converting null literal or possible null value to non-nullable type. [/home/ubuntu/PROGRAMA-BETA/src/FiveMTool.csproj]
/home/ubuntu/PROGRAMA-BETA/src/External/CodeWalker.Core/GameFiles/FileTypes/Builders/YnvBuilder.cs(365,20): warning CS8603: Possible null reference return. [/home/ubuntu/PROGRAMA-BETA/src/FiveMTool.csproj]
/home/ubuntu/PROGRAMA-BETA/src/External/CodeWalker.Core/Utils/Gen9Converter.cs(275,20): warning CS8603: Possible null reference return. [/home/ubuntu/PROGRAMA-BETA/src/FiveMTool.csproj]
/home/ubuntu/PROGRAMA-BETA/src/External/CodeWalker.Core/Utils/Gen9Converter.cs(282,23): warning CS8600: Converting null literal or possible null value to non-nullable type. [/home/ubuntu/PROGRAMA-BETA/src/FiveMTool.csproj]
/home/ubuntu/PROGRAMA-BETA/src/External/CodeWalker.Core/Utils/Gen9Converter.cs(362,28): warning CS8603: Possible null reference return. [/home/ubuntu/PROGRAMA-BETA/src/FiveMTool.csproj]
/home/ubuntu/PROGRAMA-BETA/src/External/CodeWalker.Core/Utils/Gen9Converter.cs(372,32): warning CS8603: Possible null reference return. [/home/ubuntu/PROGRAMA-BETA/src/FiveMTool.csproj]
/home/ubuntu/PROGRAMA-BETA/src/External/CodeWalker.Core/Utils/Gen9Converter.cs(14,23): warning CS8618: Non-nullable field 'InputFolder' must contain a non-null value when exiting constructor. Consider declaring the field as nullable. [/home/ubuntu/PROGRAMA-BETA/src/FiveMTool.csproj]
/home/ubuntu/PROGRAMA-BETA/src/External/CodeWalker.Core/Utils/Gen9Converter.cs(15,23): warning CS8618: Non-nullable field 'OutputFolder' must contain a non-null value when exiting constructor. Consider declaring the field as nullable. [/home/ubuntu/PROGRAMA-BETA/src/FiveMTool.csproj]
/home/ubuntu/PROGRAMA-BETA/src/External/CodeWalker.Core/Utils/Gen9Converter.cs(19,43): warning CS8618: Non-nullable field 'QuestionFunc' must contain a non-null value when exiting constructor. Consider declaring the field as nullable. [/home/ubuntu/PROGRAMA-BETA/src/FiveMTool.csproj]
/home/ubuntu/PROGRAMA-BETA/src/External/CodeWalker.Core/Utils/Gen9Converter.cs(20,31): warning CS8618: Non-nullable field 'ErrorAction' must contain a non-null value when exiting constructor. Consider declaring the field as nullable. [/home/ubuntu/PROGRAMA-BETA/src/FiveMTool.csproj]
/home/ubuntu/PROGRAMA-BETA/src/External/CodeWalker.Core/Utils/Gen9Converter.cs(21,31): warning CS8618: Non-nullable field 'LogAction' must contain a non-null value when exiting constructor. Consider declaring the field as nullable. [/home/ubuntu/PROGRAMA-BETA/src/FiveMTool.csproj]
/home/ubuntu/PROGRAMA-BETA/src/External/CodeWalker.Core/Utils/Gen9Converter.cs(22,30): warning CS8618: Non-nullable field 'ProgressAction' must contain a non-null value when exiting constructor. Consider declaring the field as nullable. [/home/ubuntu/PROGRAMA-BETA/src/FiveMTool.csproj]
/home/ubuntu/PROGRAMA-BETA/src/External/CodeWalker.Core/Utils/Gen9Converter.cs(23,29): warning CS8618: Non-nullable field 'StartStopAction' must contain a non-null value when exiting constructor. Consider declaring the field as nullable. [/home/ubuntu/PROGRAMA-BETA/src/FiveMTool.csproj]
/home/ubuntu/PROGRAMA-BETA/src/External/CodeWalker.Core/GameFiles/FileTypes/Builders/YnvBuilder.cs(42,40): warning CS8625: Cannot convert null literal to non-nullable reference type. [/home/ubuntu/PROGRAMA-BETA/src/FiveMTool.csproj]
/home/ubuntu/PROGRAMA-BETA/src/External/CodeWalker.Core/GameFiles/FileTypes/Builders/YnvBuilder.cs(43,42): warning CS8625: Cannot convert null literal to non-nullable reference type. [/home/ubuntu/PROGRAMA-BETA/src/FiveMTool.csproj]
/home/ubuntu/PROGRAMA-BETA/src/External/CodeWalker.Core/GameFiles/Utils/DDSIO.cs(375,22): warning CS8603: Possible null reference return. [/home/ubuntu/PROGRAMA-BETA/src/FiveMTool.csproj]
/home/ubuntu/PROGRAMA-BETA/src/External/CodeWalker.Core/GameFiles/FileTypes/Builders/YnvBuilder.cs(331,28): warning CS8618: Non-nullable field 'Orig' must contain a non-null value when exiting constructor. Consider declaring the field as nullable. [/home/ubuntu/PROGRAMA-BETA/src/FiveMTool.csproj]
/home/ubuntu/PROGRAMA-BETA/src/External/CodeWalker.Core/GameFiles/FileTypes/Builders/YnvBuilder.cs(332,28): warning CS8618: Non-nullable field 'New1' must contain a non-null value when exiting constructor. Consider declaring the field as nullable. [/home/ubuntu/PROGRAMA-BETA/src/FiveMTool.csproj]
/home/ubuntu/PROGRAMA-BETA/src/External/CodeWalker.Core/GameFiles/FileTypes/Builders/YnvBuilder.cs(333,28): warning CS8618: Non-nullable field 'New2' must contain a non-null value when exiting constructor. Consider declaring the field as nullable. [/home/ubuntu/PROGRAMA-BETA/src/FiveMTool.csproj]
/home/ubuntu/PROGRAMA-BETA/src/DataCore/ProjectManager.cs(57,44): warning CS8603: Possible null reference return. [/home/ubuntu/PROGRAMA-BETA/src/FiveMTool.csproj]
/home/ubuntu/PROGRAMA-BETA/src/DataCore/ProjectManager.cs(61,20): warning CS8603: Possible null reference return. [/home/ubuntu/PROGRAMA-BETA/src/FiveMTool.csproj]
/home/ubuntu/PROGRAMA-BETA/src/DataCore/ProjectManager.cs(22,24): warning CS8618: Non-nullable field '_currentProjectPath' must contain a non-null value when exiting constructor. Consider declaring the field as nullable. [/home/ubuntu/PROGRAMA-BETA/src/FiveMTool.csproj]
/home/ubuntu/PROGRAMA-BETA/src/DataCore/ProjectManager.cs(16,27): warning CS8618: Non-nullable property 'Name' must contain a non-null value when exiting constructor. Consider declaring the property as nullable. [/home/ubuntu/PROGRAMA-BETA/src/FiveMTool.csproj]
/home/ubuntu/PROGRAMA-BETA/src/DataCore/ProjectManager.cs(17,27): warning CS8618: Non-nullable property 'GtaPath' must contain a non-null value when exiting constructor. Consider declaring the property as nullable. [/home/ubuntu/PROGRAMA-BETA/src/FiveMTool.csproj]
/home/ubuntu/PROGRAMA-BETA/src/DataCore/ProjectManager.cs(18,38): warning CS8618: Non-nullable property 'SceneObjects' must contain a non-null value when exiting constructor. Consider declaring the property as nullable. [/home/ubuntu/PROGRAMA-BETA/src/FiveMTool.csproj]
/home/ubuntu/PROGRAMA-BETA/src/External/CodeWalker.Core/Utils/Cache.cs(18,88): warning CS8714: The type 'TKey' cannot be used as type parameter 'TKey' in the generic type or method 'Dictionary<TKey, TValue>'. Nullability of type argument 'TKey' doesn't match 'notnull' constraint. [/home/ubuntu/PROGRAMA-BETA/src/FiveMTool.csproj]
/home/ubuntu/PROGRAMA-BETA/src/DataCore/GameDataCore.cs(19,16): warning CS8618: Non-nullable property 'GamePath' must contain a non-null value when exiting constructor. Consider declaring the property as nullable. [/home/ubuntu/PROGRAMA-BETA/src/FiveMTool.csproj]
/home/ubuntu/PROGRAMA-BETA/src/External/CodeWalker.Core/Utils/Cache.cs(45,40): warning CS8600: Converting null literal or possible null value to non-nullable type. [/home/ubuntu/PROGRAMA-BETA/src/FiveMTool.csproj]
/home/ubuntu/PROGRAMA-BETA/src/External/CodeWalker.Core/Utils/Cache.cs(46,53): warning CS8600: Converting null literal or possible null value to non-nullable type. [/home/ubuntu/PROGRAMA-BETA/src/FiveMTool.csproj]
/home/ubuntu/PROGRAMA-BETA/src/External/CodeWalker.Core/Utils/Cache.cs(52,20): warning CS8603: Possible null reference return. [/home/ubuntu/PROGRAMA-BETA/src/FiveMTool.csproj]
/home/ubuntu/PROGRAMA-BETA/src/External/CodeWalker.Core/Utils/Cache.cs(80,40): warning CS8625: Cannot convert null literal to non-nullable reference type. [/home/ubuntu/PROGRAMA-BETA/src/FiveMTool.csproj]
/home/ubuntu/PROGRAMA-BETA/src/External/CodeWalker.Core/Utils/Cache.cs(119,53): warning CS8600: Converting null literal or possible null value to non-nullable type. [/home/ubuntu/PROGRAMA-BETA/src/FiveMTool.csproj]
/home/ubuntu/PROGRAMA-BETA/src/External/CodeWalker.Core/Utils/Cache.cs(138,32): warning CS8625: Cannot convert null literal to non-nullable reference type. [/home/ubuntu/PROGRAMA-BETA/src/FiveMTool.csproj]
/home/ubuntu/PROGRAMA-BETA/src/External/CodeWalker.Core/Utils/Cache.cs(148,21): warning CS8618: Non-nullable field 'Key' must contain a non-null value when exiting constructor. Consider declaring the field as nullable. [/home/ubuntu/PROGRAMA-BETA/src/FiveMTool.csproj]
/home/ubuntu/PROGRAMA-BETA/src/MeshEditor/TextureManager.cs(23,20): warning CS8603: Possible null reference return. [/home/ubuntu/PROGRAMA-BETA/src/FiveMTool.csproj]
/home/ubuntu/PROGRAMA-BETA/src/SceneSystem/YMAPManager.cs(57,20): warning CS8603: Possible null reference return. [/home/ubuntu/PROGRAMA-BETA/src/FiveMTool.csproj]
/home/ubuntu/PROGRAMA-BETA/src/External/CodeWalker.Core/World/Weather.cs(443,44): warning CS8600: Converting null literal or possible null value to non-nullable type. [/home/ubuntu/PROGRAMA-BETA/src/FiveMTool.csproj]
/home/ubuntu/PROGRAMA-BETA/src/External/CodeWalker.Core/World/Weather.cs(420,23): warning CS8618: Non-nullable property 'Name' must contain a non-null value when exiting constructor. Consider declaring the property as nullable. [/home/ubuntu/PROGRAMA-BETA/src/FiveMTool.csproj]
/home/ubuntu/PROGRAMA-BETA/src/External/CodeWalker.Core/World/Weather.cs(421,66): warning CS8618: Non-nullable property 'Data' must contain a non-null value when exiting constructor. Consider declaring the property as nullable. [/home/ubuntu/PROGRAMA-BETA/src/FiveMTool.csproj]
/home/ubuntu/PROGRAMA-BETA/src/MeshEditor/ITextureSystem.cs(12,23): warning CS8618: Non-nullable property 'Name' must contain a non-null value when exiting constructor. Consider declaring the property as nullable. [/home/ubuntu/PROGRAMA-BETA/src/FiveMTool.csproj]
/home/ubuntu/PROGRAMA-BETA/src/MeshEditor/ITextureSystem.cs(13,23): warning CS8618: Non-nullable property 'ShaderName' must contain a non-null value when exiting constructor. Consider declaring the property as nullable. [/home/ubuntu/PROGRAMA-BETA/src/FiveMTool.csproj]
/home/ubuntu/PROGRAMA-BETA/src/DataCore/GameDataCore.cs(60,20): warning CS8603: Possible null reference return. [/home/ubuntu/PROGRAMA-BETA/src/FiveMTool.csproj]
/home/ubuntu/PROGRAMA-BETA/src/External/CodeWalker.Core/World/Weather.cs(394,23): warning CS8618: Non-nullable property 'Name' must contain a non-null value when exiting constructor. Consider declaring the property as nullable. [/home/ubuntu/PROGRAMA-BETA/src/FiveMTool.csproj]
/home/ubuntu/PROGRAMA-BETA/src/External/CodeWalker.Core/World/Weather.cs(396,63): warning CS8618: Non-nullable property 'Regions' must contain a non-null value when exiting constructor. Consider declaring the property as nullable. [/home/ubuntu/PROGRAMA-BETA/src/FiveMTool.csproj]
/home/ubuntu/PROGRAMA-BETA/src/External/CodeWalker.Core/GameFiles/Utils/DDSIO.cs(1570,27): warning CS8618: Non-nullable field 'Data' must contain a non-null value when exiting constructor. Consider declaring the field as nullable. [/home/ubuntu/PROGRAMA-BETA/src/FiveMTool.csproj]
/home/ubuntu/PROGRAMA-BETA/src/External/CodeWalker.Core/World/Weather.cs(377,23): warning CS8618: Non-nullable property 'CycleName' must contain a non-null value when exiting constructor. Consider declaring the property as nullable. [/home/ubuntu/PROGRAMA-BETA/src/FiveMTool.csproj]
/home/ubuntu/PROGRAMA-BETA/src/RenderEngine/ShaderManager.cs(32,44): warning CS8603: Possible null reference return. [/home/ubuntu/PROGRAMA-BETA/src/FiveMTool.csproj]
/home/ubuntu/PROGRAMA-BETA/src/RenderEngine/ShaderManager.cs(48,44): warning CS8603: Possible null reference return. [/home/ubuntu/PROGRAMA-BETA/src/FiveMTool.csproj]
/home/ubuntu/PROGRAMA-BETA/src/DataCore/GameDataCore.cs(89,20): warning CS8603: Possible null reference return. [/home/ubuntu/PROGRAMA-BETA/src/FiveMTool.csproj]
/home/ubuntu/PROGRAMA-BETA/src/DataCore/GameDataCore.cs(104,20): warning CS8603: Possible null reference return. [/home/ubuntu/PROGRAMA-BETA/src/FiveMTool.csproj]
/home/ubuntu/PROGRAMA-BETA/src/DataCore/GameDataCore.cs(119,20): warning CS8603: Possible null reference return. [/home/ubuntu/PROGRAMA-BETA/src/FiveMTool.csproj]
/home/ubuntu/PROGRAMA-BETA/src/RenderEngine/DX11RenderEngine.cs(33,16): warning CS8618: Non-nullable field '_device' must contain a non-null value when exiting constructor. Consider declaring the field as nullable. [/home/ubuntu/PROGRAMA-BETA/src/FiveMTool.csproj]
/home/ubuntu/PROGRAMA-BETA/src/RenderEngine/DX11RenderEngine.cs(33,16): warning CS8618: Non-nullable field '_context' must contain a non-null value when exiting constructor. Consider declaring the field as nullable. [/home/ubuntu/PROGRAMA-BETA/src/FiveMTool.csproj]
/home/ubuntu/PROGRAMA-BETA/src/RenderEngine/DX11RenderEngine.cs(33,16): warning CS8618: Non-nullable field '_swapChain' must contain a non-null value when exiting constructor. Consider declaring the field as nullable. [/home/ubuntu/PROGRAMA-BETA/src/FiveMTool.csproj]
/home/ubuntu/PROGRAMA-BETA/src/RenderEngine/DX11RenderEngine.cs(33,16): warning CS8618: Non-nullable field '_renderTargetView' must contain a non-null value when exiting constructor. Consider declaring the field as nullable. [/home/ubuntu/PROGRAMA-BETA/src/FiveMTool.csproj]
/home/ubuntu/PROGRAMA-BETA/src/RenderEngine/DX11RenderEngine.cs(33,16): warning CS8618: Non-nullable field '_depthStencilView' must contain a non-null value when exiting constructor. Consider declaring the field as nullable. [/home/ubuntu/PROGRAMA-BETA/src/FiveMTool.csproj]
/home/ubuntu/PROGRAMA-BETA/src/RenderEngine/DX11RenderEngine.cs(33,16): warning CS8618: Non-nullable field '_depthBuffer' must contain a non-null value when exiting constructor. Consider declaring the field as nullable. [/home/ubuntu/PROGRAMA-BETA/src/FiveMTool.csproj]
/home/ubuntu/PROGRAMA-BETA/src/RenderEngine/DX11RenderEngine.cs(33,16): warning CS8618: Non-nullable field '_shaderManager' must contain a non-null value when exiting constructor. Consider declaring the field as nullable. [/home/ubuntu/PROGRAMA-BETA/src/FiveMTool.csproj]
/home/ubuntu/PROGRAMA-BETA/src/RenderEngine/DX11RenderEngine.cs(33,16): warning CS8618: Non-nullable field '_gizmoManager' must contain a non-null value when exiting constructor. Consider declaring the field as nullable. [/home/ubuntu/PROGRAMA-BETA/src/FiveMTool.csproj]
/home/ubuntu/PROGRAMA-BETA/src/SceneSystem/PortalEditor.cs(13,27): warning CS8618: Non-nullable field '_activePortal' must contain a non-null value when exiting constructor. Consider declaring the field as nullable. [/home/ubuntu/PROGRAMA-BETA/src/FiveMTool.csproj]
/home/ubuntu/PROGRAMA-BETA/src/SceneSystem/IYMAPSystem.cs(12,23): warning CS8618: Non-nullable property 'ArchetypeName' must contain a non-null value when exiting constructor. Consider declaring the property as nullable. [/home/ubuntu/PROGRAMA-BETA/src/FiveMTool.csproj]
/home/ubuntu/PROGRAMA-BETA/src/External/CodeWalker.Core/World/Weather.cs(345,43): warning CS8602: Dereference of a possibly null reference. [/home/ubuntu/PROGRAMA-BETA/src/FiveMTool.csproj]
/home/ubuntu/PROGRAMA-BETA/src/SceneSystem/ISceneSystem.cs(13,23): warning CS8618: Non-nullable property 'Name' must contain a non-null value when exiting constructor. Consider declaring the property as nullable. [/home/ubuntu/PROGRAMA-BETA/src/FiveMTool.csproj]
/home/ubuntu/PROGRAMA-BETA/src/SceneSystem/ISceneSystem.cs(19,23): warning CS8618: Non-nullable property 'Metadata' must contain a non-null value when exiting constructor. Consider declaring the property as nullable. [/home/ubuntu/PROGRAMA-BETA/src/FiveMTool.csproj]
/home/ubuntu/PROGRAMA-BETA/src/External/CodeWalker.Core/World/Weather.cs(360,65): warning CS8600: Converting null literal or possible null value to non-nullable type. [/home/ubuntu/PROGRAMA-BETA/src/FiveMTool.csproj]
/home/ubuntu/PROGRAMA-BETA/src/External/CodeWalker.Core/World/Weather.cs(364,24): warning CS8603: Possible null reference return. [/home/ubuntu/PROGRAMA-BETA/src/FiveMTool.csproj]
/home/ubuntu/PROGRAMA-BETA/src/External/CodeWalker.Core/World/Weather.cs(366,20): warning CS8603: Possible null reference return. [/home/ubuntu/PROGRAMA-BETA/src/FiveMTool.csproj]
/home/ubuntu/PROGRAMA-BETA/src/External/CodeWalker.Core/World/Weather.cs(244,23): warning CS8618: Non-nullable property 'Name' must contain a non-null value when exiting constructor. Consider declaring the property as nullable. [/home/ubuntu/PROGRAMA-BETA/src/FiveMTool.csproj]
/home/ubuntu/PROGRAMA-BETA/src/External/CodeWalker.Core/World/Weather.cs(276,23): warning CS8618: Non-nullable property 'OldSettingName' must contain a non-null value when exiting constructor. Consider declaring the property as nullable. [/home/ubuntu/PROGRAMA-BETA/src/FiveMTool.csproj]
/home/ubuntu/PROGRAMA-BETA/src/External/CodeWalker.Core/World/Weather.cs(277,23): warning CS8618: Non-nullable property 'DropSettingName' must contain a non-null value when exiting constructor. Consider declaring the property as nullable. [/home/ubuntu/PROGRAMA-BETA/src/FiveMTool.csproj]
/home/ubuntu/PROGRAMA-BETA/src/External/CodeWalker.Core/World/Weather.cs(278,23): warning CS8618: Non-nullable property 'MistSettingName' must contain a non-null value when exiting constructor. Consider declaring the property as nullable. [/home/ubuntu/PROGRAMA-BETA/src/FiveMTool.csproj]
/home/ubuntu/PROGRAMA-BETA/src/External/CodeWalker.Core/World/Weather.cs(279,23): warning CS8618: Non-nullable property 'GroundSettingName' must contain a non-null value when exiting constructor. Consider declaring the property as nullable. [/home/ubuntu/PROGRAMA-BETA/src/FiveMTool.csproj]
/home/ubuntu/PROGRAMA-BETA/src/External/CodeWalker.Core/World/Weather.cs(280,23): warning CS8618: Non-nullable property 'TimeCycleFilename' must contain a non-null value when exiting constructor. Consider declaring the property as nullable. [/home/ubuntu/PROGRAMA-BETA/src/FiveMTool.csproj]
/home/ubuntu/PROGRAMA-BETA/src/External/CodeWalker.Core/World/Weather.cs(281,23): warning CS8618: Non-nullable property 'CloudSettingsName' must contain a non-null value when exiting constructor. Consider declaring the property as nullable. [/home/ubuntu/PROGRAMA-BETA/src/FiveMTool.csproj]
/home/ubuntu/PROGRAMA-BETA/src/External/CodeWalker.Core/World/Weather.cs(283,41): warning CS8618: Non-nullable field 'TimeCycleData' must contain a non-null value when exiting constructor. Consider declaring the field as nullable. [/home/ubuntu/PROGRAMA-BETA/src/FiveMTool.csproj]
/home/ubuntu/PROGRAMA-BETA/src/SceneSystem/IMLOSystem.cs(13,23): warning CS8618: Non-nullable property 'Name' must contain a non-null value when exiting constructor. Consider declaring the property as nullable. [/home/ubuntu/PROGRAMA-BETA/src/FiveMTool.csproj]
/home/ubuntu/PROGRAMA-BETA/src/SceneSystem/ICollisionSystem.cs(23,30): warning CS8618: Non-nullable property 'Vertices' must contain a non-null value when exiting constructor. Consider declaring the property as nullable. [/home/ubuntu/PROGRAMA-BETA/src/FiveMTool.csproj]
/home/ubuntu/PROGRAMA-BETA/src/SceneSystem/ICollisionSystem.cs(24,23): warning CS8618: Non-nullable property 'PhysicsMaterial' must contain a non-null value when exiting constructor. Consider declaring the property as nullable. [/home/ubuntu/PROGRAMA-BETA/src/FiveMTool.csproj]
/home/ubuntu/PROGRAMA-BETA/src/RenderEngine/DX11RenderEngine.cs(144,35): warning CS8600: Converting null literal or possible null value to non-nullable type. [/home/ubuntu/PROGRAMA-BETA/src/FiveMTool.csproj]
/home/ubuntu/PROGRAMA-BETA/src/RenderEngine/DX11RenderEngine.cs(163,20): warning CS8603: Possible null reference return. [/home/ubuntu/PROGRAMA-BETA/src/FiveMTool.csproj]
/home/ubuntu/PROGRAMA-BETA/src/External/CodeWalker.Core/World/Weather.cs(210,23): warning CS8618: Non-nullable property 'Name' must contain a non-null value when exiting constructor. Consider declaring the property as nullable. [/home/ubuntu/PROGRAMA-BETA/src/FiveMTool.csproj]
/home/ubuntu/PROGRAMA-BETA/src/External/CodeWalker.Core/World/Weather.cs(211,23): warning CS8618: Non-nullable property 'SystemType' must contain a non-null value when exiting constructor. Consider declaring the property as nullable. [/home/ubuntu/PROGRAMA-BETA/src/FiveMTool.csproj]
/home/ubuntu/PROGRAMA-BETA/src/External/CodeWalker.Core/World/Weather.cs(212,23): warning CS8618: Non-nullable property 'diffuseName' must contain a non-null value when exiting constructor. Consider declaring the property as nullable. [/home/ubuntu/PROGRAMA-BETA/src/FiveMTool.csproj]
/home/ubuntu/PROGRAMA-BETA/src/External/CodeWalker.Core/World/Weather.cs(213,23): warning CS8618: Non-nullable property 'distortionTexture' must contain a non-null value when exiting constructor. Consider declaring the property as nullable. [/home/ubuntu/PROGRAMA-BETA/src/FiveMTool.csproj]
/home/ubuntu/PROGRAMA-BETA/src/External/CodeWalker.Core/World/Weather.cs(214,23): warning CS8618: Non-nullable property 'diffuseSplashName' must contain a non-null value when exiting constructor. Consider declaring the property as nullable. [/home/ubuntu/PROGRAMA-BETA/src/FiveMTool.csproj]
/home/ubuntu/PROGRAMA-BETA/src/External/CodeWalker.Core/World/Weather.cs(215,23): warning CS8618: Non-nullable property 'driveType' must contain a non-null value when exiting constructor. Consider declaring the property as nullable. [/home/ubuntu/PROGRAMA-BETA/src/FiveMTool.csproj]
/home/ubuntu/PROGRAMA-BETA/src/External/CodeWalker.Core/World/Weather.cs(218,23): warning CS8618: Non-nullable property 'emitterSettingsName' must contain a non-null value when exiting constructor. Consider declaring the property as nullable. [/home/ubuntu/PROGRAMA-BETA/src/FiveMTool.csproj]
/home/ubuntu/PROGRAMA-BETA/src/External/CodeWalker.Core/World/Weather.cs(219,23): warning CS8618: Non-nullable property 'renderSettingsName' must contain a non-null value when exiting constructor. Consider declaring the property as nullable. [/home/ubuntu/PROGRAMA-BETA/src/FiveMTool.csproj]
/home/ubuntu/PROGRAMA-BETA/src/External/CodeWalker.Core/GameFiles/FileTypes/AwcFile.cs(801,31): warning CS8618: Non-nullable property 'Chunks' must contain a non-null value when exiting constructor. Consider declaring the property as nullable. [/home/ubuntu/PROGRAMA-BETA/src/FiveMTool.csproj]
/home/ubuntu/PROGRAMA-BETA/src/External/CodeWalker.Core/Utils/Fbx.cs(138,16): warning CS8618: Non-nullable field 'prevTokenSingle' must contain a non-null value when exiting constructor. Consider declaring the field as nullable. [/home/ubuntu/PROGRAMA-BETA/src/FiveMTool.csproj]
/home/ubuntu/PROGRAMA-BETA/src/External/CodeWalker.Core/Utils/Fbx.cs(138,16): warning CS8618: Non-nullable field 'prevToken' must contain a non-null value when exiting constructor. Consider declaring the field as nullable. [/home/ubuntu/PROGRAMA-BETA/src/FiveMTool.csproj]
/home/ubuntu/PROGRAMA-BETA/src/External/CodeWalker.Core/World/Weather.cs(47,34): warning CS8600: Converting null literal or possible null value to non-nullable type. [/home/ubuntu/PROGRAMA-BETA/src/FiveMTool.csproj]
/home/ubuntu/PROGRAMA-BETA/src/External/CodeWalker.Core/World/Weather.cs(49,40): warning CS8602: Dereference of a possibly null reference. [/home/ubuntu/PROGRAMA-BETA/src/FiveMTool.csproj]
/home/ubuntu/PROGRAMA-BETA/src/External/CodeWalker.Core/World/Weather.cs(49,40): warning CS8600: Converting null literal or possible null value to non-nullable type. [/home/ubuntu/PROGRAMA-BETA/src/FiveMTool.csproj]
/home/ubuntu/PROGRAMA-BETA/src/External/CodeWalker.Core/World/Weather.cs(51,33): warning CS8602: Dereference of a possibly null reference. [/home/ubuntu/PROGRAMA-BETA/src/FiveMTool.csproj]
/home/ubuntu/PROGRAMA-BETA/src/External/CodeWalker.Core/World/Weather.cs(54,36): warning CS8604: Possible null reference argument for parameter 'node' in 'void WeatherGpuFx.Init(XmlNode node)'. [/home/ubuntu/PROGRAMA-BETA/src/FiveMTool.csproj]
/home/ubuntu/PROGRAMA-BETA/src/External/CodeWalker.Core/World/Weather.cs(58,40): warning CS8600: Converting null literal or possible null value to non-nullable type. [/home/ubuntu/PROGRAMA-BETA/src/FiveMTool.csproj]
/home/ubuntu/PROGRAMA-BETA/src/External/CodeWalker.Core/World/Weather.cs(60,33): warning CS8602: Dereference of a possibly null reference. [/home/ubuntu/PROGRAMA-BETA/src/FiveMTool.csproj]
/home/ubuntu/PROGRAMA-BETA/src/External/CodeWalker.Core/World/Weather.cs(63,49): warning CS8604: Possible null reference argument for parameter 'node' in 'void WeatherType.Init(GameFileCache gameFileCache, XmlNode node)'. [/home/ubuntu/PROGRAMA-BETA/src/FiveMTool.csproj]
/home/ubuntu/PROGRAMA-BETA/src/External/CodeWalker.Core/World/Weather.cs(67,41): warning CS8600: Converting null literal or possible null value to non-nullable type. [/home/ubuntu/PROGRAMA-BETA/src/FiveMTool.csproj]
/home/ubuntu/PROGRAMA-BETA/src/External/CodeWalker.Core/World/Weather.cs(69,33): warning CS8602: Dereference of a possibly null reference. [/home/ubuntu/PROGRAMA-BETA/src/FiveMTool.csproj]
/home/ubuntu/PROGRAMA-BETA/src/External/CodeWalker.Core/World/Weather.cs(72,35): warning CS8604: Possible null reference argument for parameter 'node' in 'void WeatherCycle.Init(XmlNode node)'. [/home/ubuntu/PROGRAMA-BETA/src/FiveMTool.csproj]
/home/ubuntu/PROGRAMA-BETA/src/External/CodeWalker.Core/World/Weather.cs(122,48): warning CS8601: Possible null reference assignment. [/home/ubuntu/PROGRAMA-BETA/src/FiveMTool.csproj]
/home/ubuntu/PROGRAMA-BETA/src/External/CodeWalker.Core/Utils/Fbx.cs(714,45): warning CS8602: Dereference of a possibly null reference. [/home/ubuntu/PROGRAMA-BETA/src/FiveMTool.csproj]
/home/ubuntu/PROGRAMA-BETA/src/External/CodeWalker.Core/Utils/Fbx.cs(731,55): warning CS8602: Dereference of a possibly null reference. [/home/ubuntu/PROGRAMA-BETA/src/FiveMTool.csproj]
/home/ubuntu/PROGRAMA-BETA/src/External/CodeWalker.Core/World/Weather.cs(21,28): warning CS8618: Non-nullable field 'CurrentWeatherType' must contain a non-null value when exiting constructor. Consider declaring the field as nullable. [/home/ubuntu/PROGRAMA-BETA/src/FiveMTool.csproj]
/home/ubuntu/PROGRAMA-BETA/src/External/CodeWalker.Core/World/Weather.cs(22,28): warning CS8618: Non-nullable field 'NextWeatherType' must contain a non-null value when exiting constructor. Consider declaring the field as nullable. [/home/ubuntu/PROGRAMA-BETA/src/FiveMTool.csproj]
/home/ubuntu/PROGRAMA-BETA/src/External/CodeWalker.Core/World/Weather.cs(27,43): warning CS8618: Non-nullable field 'CurrentWeatherRegion' must contain a non-null value when exiting constructor. Consider declaring the field as nullable. [/home/ubuntu/PROGRAMA-BETA/src/FiveMTool.csproj]
/home/ubuntu/PROGRAMA-BETA/src/External/CodeWalker.Core/World/Weather.cs(28,43): warning CS8618: Non-nullable field 'NextWeatherRegion' must contain a non-null value when exiting constructor. Consider declaring the field as nullable. [/home/ubuntu/PROGRAMA-BETA/src/FiveMTool.csproj]
/home/ubuntu/PROGRAMA-BETA/src/External/CodeWalker.Core/World/Weather.cs(30,26): warning CS8618: Non-nullable field 'Timecycle' must contain a non-null value when exiting constructor. Consider declaring the field as nullable. [/home/ubuntu/PROGRAMA-BETA/src/FiveMTool.csproj]
/home/ubuntu/PROGRAMA-BETA/src/External/CodeWalker.Core/World/Weather.cs(31,30): warning CS8618: Non-nullable field 'TimecycleMods' must contain a non-null value when exiting constructor. Consider declaring the field as nullable. [/home/ubuntu/PROGRAMA-BETA/src/FiveMTool.csproj]
/home/ubuntu/PROGRAMA-BETA/src/External/CodeWalker.Core/GameFiles/FileTypes/AwcFile.cs(278,34): warning CS8602: Dereference of a possibly null reference. [/home/ubuntu/PROGRAMA-BETA/src/FiveMTool.csproj]
/home/ubuntu/PROGRAMA-BETA/src/External/CodeWalker.Core/GameFiles/FileTypes/AwcFile.cs(291,65): warning CS8602: Dereference of a possibly null reference. [/home/ubuntu/PROGRAMA-BETA/src/FiveMTool.csproj]
/home/ubuntu/PROGRAMA-BETA/src/External/CodeWalker.Core/GameFiles/FileTypes/AwcFile.cs(386,31): warning CS8604: Possible null reference argument for parameter 'source' in 'List<AwcStream> Enumerable.ToList<AwcStream>(IEnumerable<AwcStream> source)'. [/home/ubuntu/PROGRAMA-BETA/src/FiveMTool.csproj]
/home/ubuntu/PROGRAMA-BETA/src/External/CodeWalker.Core/GameFiles/FileTypes/AwcFile.cs(412,43): warning CS8602: Dereference of a possibly null reference. [/home/ubuntu/PROGRAMA-BETA/src/FiveMTool.csproj]
/home/ubuntu/PROGRAMA-BETA/src/External/CodeWalker.Core/GameFiles/FileTypes/AwcFile.cs(427,64): warning CS8604: Possible null reference argument for parameter 'streams' in 'void AwcStream.CompactMultiChannelSources(AwcStream[] streams)'. [/home/ubuntu/PROGRAMA-BETA/src/FiveMTool.csproj]
/home/ubuntu/PROGRAMA-BETA/src/External/CodeWalker.Core/GameFiles/FileTypes/AwcFile.cs(448,38): warning CS8603: Possible null reference return. [/home/ubuntu/PROGRAMA-BETA/src/FiveMTool.csproj]
/home/ubuntu/PROGRAMA-BETA/src/External/CodeWalker.Core/World/Weapon.cs(55,28): warning CS8601: Possible null reference assignment. [/home/ubuntu/PROGRAMA-BETA/src/FiveMTool.csproj]
/home/ubuntu/PROGRAMA-BETA/src/External/CodeWalker.Core/Utils/Fbx.cs(273,35): warning CS8625: Cannot convert null literal to non-nullable reference type. [/home/ubuntu/PROGRAMA-BETA/src/FiveMTool.csproj]
/home/ubuntu/PROGRAMA-BETA/src/External/CodeWalker.Core/Utils/Fbx.cs(283,28): warning CS8603: Possible null reference return. [/home/ubuntu/PROGRAMA-BETA/src/FiveMTool.csproj]
/home/ubuntu/PROGRAMA-BETA/src/External/CodeWalker.Core/Utils/Fbx.cs(307,32): warning CS8603: Possible null reference return. [/home/ubuntu/PROGRAMA-BETA/src/FiveMTool.csproj]
/home/ubuntu/PROGRAMA-BETA/src/External/CodeWalker.Core/World/Weapon.cs(19,44): warning CS8625: Cannot convert null literal to non-nullable reference type. [/home/ubuntu/PROGRAMA-BETA/src/FiveMTool.csproj]
/home/ubuntu/PROGRAMA-BETA/src/External/CodeWalker.Core/World/Weapon.cs(20,50): warning CS8625: Cannot convert null literal to non-nullable reference type. [/home/ubuntu/PROGRAMA-BETA/src/FiveMTool.csproj]
/home/ubuntu/PROGRAMA-BETA/src/External/CodeWalker.Core/Utils/Fbx.cs(379,29): warning CS8625: Cannot convert null literal to non-nullable reference type. [/home/ubuntu/PROGRAMA-BETA/src/FiveMTool.csproj]
/home/ubuntu/PROGRAMA-BETA/src/External/CodeWalker.Core/Utils/Fbx.cs(1203,24): warning CS8603: Possible null reference return. [/home/ubuntu/PROGRAMA-BETA/src/FiveMTool.csproj]
/home/ubuntu/PROGRAMA-BETA/src/External/CodeWalker.Core/World/Watermaps.cs(23,20): warning CS8603: Possible null reference return. [/home/ubuntu/PROGRAMA-BETA/src/FiveMTool.csproj]
/home/ubuntu/PROGRAMA-BETA/src/External/CodeWalker.Core/World/Watermaps.cs(78,33): warning CS8625: Cannot convert null literal to non-nullable reference type. [/home/ubuntu/PROGRAMA-BETA/src/FiveMTool.csproj]
/home/ubuntu/PROGRAMA-BETA/src/External/CodeWalker.Core/World/Watermaps.cs(86,33): warning CS8625: Cannot convert null literal to non-nullable reference type. [/home/ubuntu/PROGRAMA-BETA/src/FiveMTool.csproj]
/home/ubuntu/PROGRAMA-BETA/src/External/CodeWalker.Core/Utils/Fbx.cs(1356,17): warning CS8602: Dereference of a possibly null reference. [/home/ubuntu/PROGRAMA-BETA/src/FiveMTool.csproj]
/home/ubuntu/PROGRAMA-BETA/src/External/CodeWalker.Core/Utils/Fbx.cs(1548,24): warning CS8603: Possible null reference return. [/home/ubuntu/PROGRAMA-BETA/src/FiveMTool.csproj]
/home/ubuntu/PROGRAMA-BETA/src/External/CodeWalker.Core/Utils/Fbx.cs(1552,24): warning CS8603: Possible null reference return. [/home/ubuntu/PROGRAMA-BETA/src/FiveMTool.csproj]
/home/ubuntu/PROGRAMA-BETA/src/External/CodeWalker.Core/Utils/Fbx.cs(1581,51): warning CS8600: Converting null literal or possible null value to non-nullable type. [/home/ubuntu/PROGRAMA-BETA/src/FiveMTool.csproj]
/home/ubuntu/PROGRAMA-BETA/src/External/CodeWalker.Core/Utils/Fbx.cs(1582,51): warning CS8600: Converting null literal or possible null value to non-nullable type. [/home/ubuntu/PROGRAMA-BETA/src/FiveMTool.csproj]
/home/ubuntu/PROGRAMA-BETA/src/External/CodeWalker.Core/GameFiles/FileTypes/AwcFile.cs(666,44): warning CS8601: Possible null reference assignment. [/home/ubuntu/PROGRAMA-BETA/src/FiveMTool.csproj]
/home/ubuntu/PROGRAMA-BETA/src/External/CodeWalker.Core/GameFiles/FileTypes/AwcFile.cs(681,44): warning CS8625: Cannot convert null literal to non-nullable reference type. [/home/ubuntu/PROGRAMA-BETA/src/FiveMTool.csproj]
/home/ubuntu/PROGRAMA-BETA/src/External/CodeWalker.Core/Utils/Fbx.cs(1384,44): warning CS8600: Converting null literal or possible null value to non-nullable type. [/home/ubuntu/PROGRAMA-BETA/src/FiveMTool.csproj]
/home/ubuntu/PROGRAMA-BETA/src/External/CodeWalker.Core/Utils/Fbx.cs(1399,17): warning CS8602: Dereference of a possibly null reference. [/home/ubuntu/PROGRAMA-BETA/src/FiveMTool.csproj]
/home/ubuntu/PROGRAMA-BETA/src/External/CodeWalker.Core/GameFiles/FileTypes/AwcFile.cs(722,32): warning CS8625: Cannot convert null literal to non-nullable reference type. [/home/ubuntu/PROGRAMA-BETA/src/FiveMTool.csproj]
/home/ubuntu/PROGRAMA-BETA/src/External/CodeWalker.Core/Utils/Fbx.cs(1434,74): warning CS8604: Possible null reference argument for parameter 'key' in 'WriterInfo Dictionary<Type, WriterInfo>.this[Type key]'. [/home/ubuntu/PROGRAMA-BETA/src/FiveMTool.csproj]
/home/ubuntu/PROGRAMA-BETA/src/External/CodeWalker.Core/Utils/Fbx.cs(1434,40): warning CS8604: Possible null reference argument for parameter 'elementType' in 'void FbxBinaryWriter.WriteArray(Array array, Type elementType, PropertyWriter writer)'. [/home/ubuntu/PROGRAMA-BETA/src/FiveMTool.csproj]
/home/ubuntu/PROGRAMA-BETA/src/External/CodeWalker.Core/GameFiles/FileTypes/AwcFile.cs(15,23): warning CS8618: Non-nullable property 'Name' must contain a non-null value when exiting constructor. Consider declaring the property as nullable. [/home/ubuntu/PROGRAMA-BETA/src/FiveMTool.csproj]
/home/ubuntu/PROGRAMA-BETA/src/External/CodeWalker.Core/GameFiles/FileTypes/AwcFile.cs(16,29): warning CS8618: Non-nullable property 'FileEntry' must contain a non-null value when exiting constructor. Consider declaring the property as nullable. [/home/ubuntu/PROGRAMA-BETA/src/FiveMTool.csproj]
/home/ubuntu/PROGRAMA-BETA/src/External/CodeWalker.Core/GameFiles/FileTypes/AwcFile.cs(18,23): warning CS8618: Non-nullable property 'ErrorMessage' must contain a non-null value when exiting constructor. Consider declaring the property as nullable. [/home/ubuntu/PROGRAMA-BETA/src/FiveMTool.csproj]
/home/ubuntu/PROGRAMA-BETA/src/External/CodeWalker.Core/GameFiles/FileTypes/AwcFile.cs(31,25): warning CS8618: Non-nullable property 'ChunkIndices' must contain a non-null value when exiting constructor. Consider declaring the property as nullable. [/home/ubuntu/PROGRAMA-BETA/src/FiveMTool.csproj]
/home/ubuntu/PROGRAMA-BETA/src/External/CodeWalker.Core/GameFiles/FileTypes/AwcFile.cs(32,31): warning CS8618: Non-nullable property 'ChunkInfos' must contain a non-null value when exiting constructor. Consider declaring the property as nullable. [/home/ubuntu/PROGRAMA-BETA/src/FiveMTool.csproj]
/home/ubuntu/PROGRAMA-BETA/src/External/CodeWalker.Core/GameFiles/FileTypes/AwcFile.cs(36,32): warning CS8618: Non-nullable property 'StreamInfos' must contain a non-null value when exiting constructor. Consider declaring the property as nullable. [/home/ubuntu/PROGRAMA-BETA/src/FiveMTool.csproj]
/home/ubuntu/PROGRAMA-BETA/src/External/CodeWalker.Core/GameFiles/FileTypes/AwcFile.cs(37,28): warning CS8618: Non-nullable property 'Streams' must contain a non-null value when exiting constructor. Consider declaring the property as nullable. [/home/ubuntu/PROGRAMA-BETA/src/FiveMTool.csproj]
/home/ubuntu/PROGRAMA-BETA/src/External/CodeWalker.Core/GameFiles/FileTypes/AwcFile.cs(38,26): warning CS8618: Non-nullable property 'MultiChannelSource' must contain a non-null value when exiting constructor. Consider declaring the property as nullable. [/home/ubuntu/PROGRAMA-BETA/src/FiveMTool.csproj]
/home/ubuntu/PROGRAMA-BETA/src/External/CodeWalker.Core/GameFiles/FileTypes/AwcFile.cs(40,44): warning CS8618: Non-nullable property 'StreamDict' must contain a non-null value when exiting constructor. Consider declaring the property as nullable. [/home/ubuntu/PROGRAMA-BETA/src/FiveMTool.csproj]
/home/ubuntu/PROGRAMA-BETA/src/External/CodeWalker.Core/GameFiles/FileTypes/AwcFile.cs(1052,44): warning CS8602: Dereference of a possibly null reference. [/home/ubuntu/PROGRAMA-BETA/src/FiveMTool.csproj]
/home/ubuntu/PROGRAMA-BETA/src/External/CodeWalker.Core/GameFiles/FileTypes/AwcFile.cs(1064,16): warning CS8618: Non-nullable property 'Chunks' must contain a non-null value when exiting constructor. Consider declaring the property as nullable. [/home/ubuntu/PROGRAMA-BETA/src/FiveMTool.csproj]
/home/ubuntu/PROGRAMA-BETA/src/External/CodeWalker.Core/GameFiles/FileTypes/AwcFile.cs(1064,16): warning CS8618: Non-nullable property 'FormatChunk' must contain a non-null value when exiting constructor. Consider declaring the property as nullable. [/home/ubuntu/PROGRAMA-BETA/src/FiveMTool.csproj]
/home/ubuntu/PROGRAMA-BETA/src/External/CodeWalker.Core/GameFiles/FileTypes/AwcFile.cs(1064,16): warning CS8618: Non-nullable property 'DataChunk' must contain a non-null value when exiting constructor. Consider declaring the property as nullable. [/home/ubuntu/PROGRAMA-BETA/src/FiveMTool.csproj]
/home/ubuntu/PROGRAMA-BETA/src/External/CodeWalker.Core/GameFiles/FileTypes/AwcFile.cs(1064,16): warning CS8618: Non-nullable property 'AnimationChunk' must contain a non-null value when exiting constructor. Consider declaring the property as nullable. [/home/ubuntu/PROGRAMA-BETA/src/FiveMTool.csproj]
/home/ubuntu/PROGRAMA-BETA/src/External/CodeWalker.Core/GameFiles/FileTypes/AwcFile.cs(1064,16): warning CS8618: Non-nullable property 'GestureChunk' must contain a non-null value when exiting constructor. Consider declaring the property as nullable. [/home/ubuntu/PROGRAMA-BETA/src/FiveMTool.csproj]
/home/ubuntu/PROGRAMA-BETA/src/External/CodeWalker.Core/GameFiles/FileTypes/AwcFile.cs(1064,16): warning CS8618: Non-nullable property 'PeakChunk' must contain a non-null value when exiting constructor. Consider declaring the property as nullable. [/home/ubuntu/PROGRAMA-BETA/src/FiveMTool.csproj]
/home/ubuntu/PROGRAMA-BETA/src/External/CodeWalker.Core/GameFiles/FileTypes/AwcFile.cs(1064,16): warning CS8618: Non-nullable property 'MidiChunk' must contain a non-null value when exiting constructor. Consider declaring the property as nullable. [/home/ubuntu/PROGRAMA-BETA/src/FiveMTool.csproj]
/home/ubuntu/PROGRAMA-BETA/src/External/CodeWalker.Core/GameFiles/FileTypes/AwcFile.cs(1064,16): warning CS8618: Non-nullable property 'MarkersChunk' must contain a non-null value when exiting constructor. Consider declaring the property as nullable. [/home/ubuntu/PROGRAMA-BETA/src/FiveMTool.csproj]
/home/ubuntu/PROGRAMA-BETA/src/External/CodeWalker.Core/GameFiles/FileTypes/AwcFile.cs(1064,16): warning CS8618: Non-nullable property 'GranularGrainsChunk' must contain a non-null value when exiting constructor. Consider declaring the property as nullable. [/home/ubuntu/PROGRAMA-BETA/src/FiveMTool.csproj]
/home/ubuntu/PROGRAMA-BETA/src/External/CodeWalker.Core/GameFiles/FileTypes/AwcFile.cs(1064,16): warning CS8618: Non-nullable property 'GranularLoopsChunk' must contain a non-null value when exiting constructor. Consider declaring the property as nullable. [/home/ubuntu/PROGRAMA-BETA/src/FiveMTool.csproj]
/home/ubuntu/PROGRAMA-BETA/src/External/CodeWalker.Core/GameFiles/FileTypes/AwcFile.cs(1064,16): warning CS8618: Non-nullable property 'StreamFormatChunk' must contain a non-null value when exiting constructor. Consider declaring the property as nullable. [/home/ubuntu/PROGRAMA-BETA/src/FiveMTool.csproj]
/home/ubuntu/PROGRAMA-BETA/src/External/CodeWalker.Core/GameFiles/FileTypes/AwcFile.cs(1064,16): warning CS8618: Non-nullable property 'SeekTableChunk' must contain a non-null value when exiting constructor. Consider declaring the property as nullable. [/home/ubuntu/PROGRAMA-BETA/src/FiveMTool.csproj]
/home/ubuntu/PROGRAMA-BETA/src/External/CodeWalker.Core/GameFiles/FileTypes/AwcFile.cs(1064,16): warning CS8618: Non-nullable property 'ChannelStreams' must contain a non-null value when exiting constructor. Consider declaring the property as nullable. [/home/ubuntu/PROGRAMA-BETA/src/FiveMTool.csproj]
/home/ubuntu/PROGRAMA-BETA/src/External/CodeWalker.Core/GameFiles/FileTypes/AwcFile.cs(1064,16): warning CS8618: Non-nullable property 'StreamSource' must contain a non-null value when exiting constructor. Consider declaring the property as nullable. [/home/ubuntu/PROGRAMA-BETA/src/FiveMTool.csproj]
/home/ubuntu/PROGRAMA-BETA/src/External/CodeWalker.Core/GameFiles/FileTypes/AwcFile.cs(1064,16): warning CS8618: Non-nullable property 'StreamFormat' must contain a non-null value when exiting constructor. Consider declaring the property as nullable. [/home/ubuntu/PROGRAMA-BETA/src/FiveMTool.csproj]
/home/ubuntu/PROGRAMA-BETA/src/External/CodeWalker.Core/GameFiles/FileTypes/AwcFile.cs(1064,16): warning CS8618: Non-nullable property 'StreamBlocks' must contain a non-null value when exiting constructor. Consider declaring the property as nullable. [/home/ubuntu/PROGRAMA-BETA/src/FiveMTool.csproj]
/home/ubuntu/PROGRAMA-BETA/src/External/CodeWalker.Core/GameFiles/FileTypes/AwcFile.cs(1064,16): warning CS8618: Non-nullable field 'CachedName' must contain a non-null value when exiting constructor. Consider declaring the field as nullable. [/home/ubuntu/PROGRAMA-BETA/src/FiveMTool.csproj]
/home/ubuntu/PROGRAMA-BETA/src/External/CodeWalker.Core/GameFiles/FileTypes/AwcFile.cs(1069,16): warning CS8618: Non-nullable property 'Chunks' must contain a non-null value when exiting constructor. Consider declaring the property as nullable. [/home/ubuntu/PROGRAMA-BETA/src/FiveMTool.csproj]
/home/ubuntu/PROGRAMA-BETA/src/External/CodeWalker.Core/GameFiles/FileTypes/AwcFile.cs(1069,16): warning CS8618: Non-nullable property 'FormatChunk' must contain a non-null value when exiting constructor. Consider declaring the property as nullable. [/home/ubuntu/PROGRAMA-BETA/src/FiveMTool.csproj]
/home/ubuntu/PROGRAMA-BETA/src/External/CodeWalker.Core/GameFiles/FileTypes/AwcFile.cs(1069,16): warning CS8618: Non-nullable property 'DataChunk' must contain a non-null value when exiting constructor. Consider declaring the property as nullable. [/home/ubuntu/PROGRAMA-BETA/src/FiveMTool.csproj]
/home/ubuntu/PROGRAMA-BETA/src/External/CodeWalker.Core/GameFiles/FileTypes/AwcFile.cs(1069,16): warning CS8618: Non-nullable property 'AnimationChunk' must contain a non-null value when exiting constructor. Consider declaring the property as nullable. [/home/ubuntu/PROGRAMA-BETA/src/FiveMTool.csproj]
/home/ubuntu/PROGRAMA-BETA/src/External/CodeWalker.Core/GameFiles/FileTypes/AwcFile.cs(1069,16): warning CS8618: Non-nullable property 'GestureChunk' must contain a non-null value when exiting constructor. Consider declaring the property as nullable. [/home/ubuntu/PROGRAMA-BETA/src/FiveMTool.csproj]
/home/ubuntu/PROGRAMA-BETA/src/External/CodeWalker.Core/GameFiles/FileTypes/AwcFile.cs(1069,16): warning CS8618: Non-nullable property 'PeakChunk' must contain a non-null value when exiting constructor. Consider declaring the property as nullable. [/home/ubuntu/PROGRAMA-BETA/src/FiveMTool.csproj]
/home/ubuntu/PROGRAMA-BETA/src/External/CodeWalker.Core/GameFiles/FileTypes/AwcFile.cs(1069,16): warning CS8618: Non-nullable property 'MidiChunk' must contain a non-null value when exiting constructor. Consider declaring the property as nullable. [/home/ubuntu/PROGRAMA-BETA/src/FiveMTool.csproj]
/home/ubuntu/PROGRAMA-BETA/src/External/CodeWalker.Core/GameFiles/FileTypes/AwcFile.cs(1069,16): warning CS8618: Non-nullable property 'MarkersChunk' must contain a non-null value when exiting constructor. Consider declaring the property as nullable. [/home/ubuntu/PROGRAMA-BETA/src/FiveMTool.csproj]
/home/ubuntu/PROGRAMA-BETA/src/External/CodeWalker.Core/GameFiles/FileTypes/AwcFile.cs(1069,16): warning CS8618: Non-nullable property 'GranularGrainsChunk' must contain a non-null value when exiting constructor. Consider declaring the property as nullable. [/home/ubuntu/PROGRAMA-BETA/src/FiveMTool.csproj]
/home/ubuntu/PROGRAMA-BETA/src/External/CodeWalker.Core/GameFiles/FileTypes/AwcFile.cs(1069,16): warning CS8618: Non-nullable property 'GranularLoopsChunk' must contain a non-null value when exiting constructor. Consider declaring the property as nullable. [/home/ubuntu/PROGRAMA-BETA/src/FiveMTool.csproj]
/home/ubuntu/PROGRAMA-BETA/src/External/CodeWalker.Core/GameFiles/FileTypes/AwcFile.cs(1069,16): warning CS8618: Non-nullable property 'StreamFormatChunk' must contain a non-null value when exiting constructor. Consider declaring the property as nullable. [/home/ubuntu/PROGRAMA-BETA/src/FiveMTool.csproj]
/home/ubuntu/PROGRAMA-BETA/src/External/CodeWalker.Core/GameFiles/FileTypes/AwcFile.cs(1069,16): warning CS8618: Non-nullable property 'SeekTableChunk' must contain a non-null value when exiting constructor. Consider declaring the property as nullable. [/home/ubuntu/PROGRAMA-BETA/src/FiveMTool.csproj]
/home/ubuntu/PROGRAMA-BETA/src/External/CodeWalker.Core/GameFiles/FileTypes/AwcFile.cs(1069,16): warning CS8618: Non-nullable property 'ChannelStreams' must contain a non-null value when exiting constructor. Consider declaring the property as nullable. [/home/ubuntu/PROGRAMA-BETA/src/FiveMTool.csproj]
/home/ubuntu/PROGRAMA-BETA/src/External/CodeWalker.Core/GameFiles/FileTypes/AwcFile.cs(1069,16): warning CS8618: Non-nullable property 'StreamSource' must contain a non-null value when exiting constructor. Consider declaring the property as nullable. [/home/ubuntu/PROGRAMA-BETA/src/FiveMTool.csproj]
/home/ubuntu/PROGRAMA-BETA/src/External/CodeWalker.Core/GameFiles/FileTypes/AwcFile.cs(1069,16): warning CS8618: Non-nullable property 'StreamFormat' must contain a non-null value when exiting constructor. Consider declaring the property as nullable. [/home/ubuntu/PROGRAMA-BETA/src/FiveMTool.csproj]
/home/ubuntu/PROGRAMA-BETA/src/External/CodeWalker.Core/GameFiles/FileTypes/AwcFile.cs(1069,16): warning CS8618: Non-nullable property 'StreamBlocks' must contain a non-null value when exiting constructor. Consider declaring the property as nullable. [/home/ubuntu/PROGRAMA-BETA/src/FiveMTool.csproj]
/home/ubuntu/PROGRAMA-BETA/src/External/CodeWalker.Core/GameFiles/FileTypes/AwcFile.cs(1069,16): warning CS8618: Non-nullable field 'CachedName' must contain a non-null value when exiting constructor. Consider declaring the field as nullable. [/home/ubuntu/PROGRAMA-BETA/src/FiveMTool.csproj]
/home/ubuntu/PROGRAMA-BETA/src/External/CodeWalker.Core/Utils/Fbx.cs(560,28): warning CS8603: Possible null reference return. [/home/ubuntu/PROGRAMA-BETA/src/FiveMTool.csproj]
/home/ubuntu/PROGRAMA-BETA/src/External/CodeWalker.Core/Utils/Fbx.cs(612,32): warning CS8625: Cannot convert null literal to non-nullable reference type. [/home/ubuntu/PROGRAMA-BETA/src/FiveMTool.csproj]
/home/ubuntu/PROGRAMA-BETA/src/External/CodeWalker.Core/GameFiles/FileTypes/AwcFile.cs(1087,31): warning CS8604: Possible null reference argument for parameter 'item' in 'void List<AwcChunk>.Add(AwcChunk item)'. [/home/ubuntu/PROGRAMA-BETA/src/FiveMTool.csproj]
/home/ubuntu/PROGRAMA-BETA/src/External/CodeWalker.Core/Utils/Fbx.cs(1672,26): warning CS8603: Possible null reference return. [/home/ubuntu/PROGRAMA-BETA/src/FiveMTool.csproj]
/home/ubuntu/PROGRAMA-BETA/src/External/CodeWalker.Core/GameFiles/FileTypes/AwcFile.cs(1110,32): warning CS8600: Converting null literal or possible null value to non-nullable type. [/home/ubuntu/PROGRAMA-BETA/src/FiveMTool.csproj]
/home/ubuntu/PROGRAMA-BETA/src/External/CodeWalker.Core/GameFiles/FileTypes/AwcFile.cs(1114,29): warning CS8600: Converting null literal or possible null value to non-nullable type. [/home/ubuntu/PROGRAMA-BETA/src/FiveMTool.csproj]
/home/ubuntu/PROGRAMA-BETA/src/External/CodeWalker.Core/GameFiles/FileTypes/AwcFile.cs(1119,29): warning CS8600: Converting null literal or possible null value to non-nullable type. [/home/ubuntu/PROGRAMA-BETA/src/FiveMTool.csproj]
/home/ubuntu/PROGRAMA-BETA/src/External/CodeWalker.Core/GameFiles/FileTypes/AwcFile.cs(1131,54): warning CS8604: Possible null reference argument for parameter 'bytes' in 'void File.WriteAllBytes(string path, byte[] bytes)'. [/home/ubuntu/PROGRAMA-BETA/src/FiveMTool.csproj]
/home/ubuntu/PROGRAMA-BETA/src/External/CodeWalker.Core/GameFiles/FileTypes/AwcFile.cs(1146,37): warning CS8602: Dereference of a possibly null reference. [/home/ubuntu/PROGRAMA-BETA/src/FiveMTool.csproj]
/home/ubuntu/PROGRAMA-BETA/src/External/CodeWalker.Core/Utils/Fbx.cs(1651,23): warning CS8618: Non-nullable property 'Name' must contain a non-null value when exiting constructor. Consider declaring the property as nullable. [/home/ubuntu/PROGRAMA-BETA/src/FiveMTool.csproj]
/home/ubuntu/PROGRAMA-BETA/src/External/CodeWalker.Core/Utils/Fbx.cs(1488,31): warning CS8625: Cannot convert null literal to non-nullable reference type. [/home/ubuntu/PROGRAMA-BETA/src/FiveMTool.csproj]
/home/ubuntu/PROGRAMA-BETA/src/External/CodeWalker.Core/Utils/Fbx.cs(1514,23): warning CS8625: Cannot convert null literal to non-nullable reference type. [/home/ubuntu/PROGRAMA-BETA/src/FiveMTool.csproj]
/home/ubuntu/PROGRAMA-BETA/src/External/CodeWalker.Core/GameFiles/FileTypes/AwcFile.cs(1171,43): warning CS8602: Dereference of a possibly null reference. [/home/ubuntu/PROGRAMA-BETA/src/FiveMTool.csproj]
/home/ubuntu/PROGRAMA-BETA/src/External/CodeWalker.Core/GameFiles/FileTypes/AwcFile.cs(1177,31): warning CS8604: Possible null reference argument for parameter 'item' in 'void List<AwcChunk>.Add(AwcChunk item)'. [/home/ubuntu/PROGRAMA-BETA/src/FiveMTool.csproj]
/home/ubuntu/PROGRAMA-BETA/src/External/CodeWalker.Core/Utils/Fbx.cs(1712,57): warning CS8603: Possible null reference return. [/home/ubuntu/PROGRAMA-BETA/src/FiveMTool.csproj]
/home/ubuntu/PROGRAMA-BETA/src/External/CodeWalker.Core/Utils/Fbx.cs(1731,20): warning CS8603: Possible null reference return. [/home/ubuntu/PROGRAMA-BETA/src/FiveMTool.csproj]
/home/ubuntu/PROGRAMA-BETA/src/External/CodeWalker.Core/GameFiles/FileTypes/AwcFile.cs(1227,20): warning CS8603: Possible null reference return. [/home/ubuntu/PROGRAMA-BETA/src/FiveMTool.csproj]
/home/ubuntu/PROGRAMA-BETA/src/External/CodeWalker.Core/Utils/FbxConverter.cs(22,24): warning CS8603: Possible null reference return. [/home/ubuntu/PROGRAMA-BETA/src/FiveMTool.csproj]
/home/ubuntu/PROGRAMA-BETA/src/External/CodeWalker.Core/World/Watermaps.cs(12,30): warning CS8618: Non-nullable field 'GameFileCache' must contain a non-null value when exiting constructor. Consider declaring the field as nullable. [/home/ubuntu/PROGRAMA-BETA/src/FiveMTool.csproj]
/home/ubuntu/PROGRAMA-BETA/src/External/CodeWalker.Core/World/Watermaps.cs(30,26): warning CS8618: Non-nullable field 'NodePositions' must contain a non-null value when exiting constructor. Consider declaring the field as nullable. [/home/ubuntu/PROGRAMA-BETA/src/FiveMTool.csproj]
/home/ubuntu/PROGRAMA-BETA/src/External/CodeWalker.Core/World/Watermaps.cs(31,31): warning CS8618: Non-nullable field 'TriangleVerts' must contain a non-null value when exiting constructor. Consider declaring the field as nullable. [/home/ubuntu/PROGRAMA-BETA/src/FiveMTool.csproj]
/home/ubuntu/PROGRAMA-BETA/src/External/CodeWalker.Core/Utils/FbxConverter.cs(910,23): warning CS8618: Non-nullable property 'Name' must contain a non-null value when exiting constructor. Consider declaring the property as nullable. [/home/ubuntu/PROGRAMA-BETA/src/FiveMTool.csproj]
/home/ubuntu/PROGRAMA-BETA/src/External/CodeWalker.Core/Utils/FbxConverter.cs(911,24): warning CS8618: Non-nullable property 'Node' must contain a non-null value when exiting constructor. Consider declaring the property as nullable. [/home/ubuntu/PROGRAMA-BETA/src/FiveMTool.csproj]
/home/ubuntu/PROGRAMA-BETA/src/External/CodeWalker.Core/Utils/FbxConverter.cs(912,30): warning CS8618: Non-nullable property 'Model' must contain a non-null value when exiting constructor. Consider declaring the property as nullable. [/home/ubuntu/PROGRAMA-BETA/src/FiveMTool.csproj]
/home/ubuntu/PROGRAMA-BETA/src/External/CodeWalker.Core/GameFiles/FileTypes/AwcFile.cs(1268,58): warning CS8602: Dereference of a possibly null reference. [/home/ubuntu/PROGRAMA-BETA/src/FiveMTool.csproj]
/home/ubuntu/PROGRAMA-BETA/src/External/CodeWalker.Core/GameFiles/FileTypes/AwcFile.cs(1276,64): warning CS8604: Possible null reference argument for parameter 'channelInfo' in 'AwcStreamDataBlock.AwcStreamDataBlock(byte[] data, AwcStreamFormatChunk channelInfo, Endianess endianess, int sampleOffset)'. [/home/ubuntu/PROGRAMA-BETA/src/FiveMTool.csproj]
/home/ubuntu/PROGRAMA-BETA/src/External/CodeWalker.Core/Utils/FbxConverter.cs(922,28): warning CS8618: Non-nullable property 'Vertices' must contain a non-null value when exiting constructor. Consider declaring the property as nullable. [/home/ubuntu/PROGRAMA-BETA/src/FiveMTool.csproj]
/home/ubuntu/PROGRAMA-BETA/src/External/CodeWalker.Core/Utils/FbxConverter.cs(923,26): warning CS8618: Non-nullable property 'Materials' must contain a non-null value when exiting constructor. Consider declaring the property as nullable. [/home/ubuntu/PROGRAMA-BETA/src/FiveMTool.csproj]
/home/ubuntu/PROGRAMA-BETA/src/External/CodeWalker.Core/GameFiles/FileTypes/AwcFile.cs(1298,30): warning CS8602: Dereference of a possibly null reference. [/home/ubuntu/PROGRAMA-BETA/src/FiveMTool.csproj]
/home/ubuntu/PROGRAMA-BETA/src/External/CodeWalker.Core/GameFiles/FileTypes/AwcFile.cs(1307,37): warning CS8602: Dereference of a possibly null reference. [/home/ubuntu/PROGRAMA-BETA/src/FiveMTool.csproj]
/home/ubuntu/PROGRAMA-BETA/src/External/CodeWalker.Core/GameFiles/FileTypes/AwcFile.cs(1319,64): warning CS8602: Dereference of a possibly null reference. [/home/ubuntu/PROGRAMA-BETA/src/FiveMTool.csproj]
/home/ubuntu/PROGRAMA-BETA/src/External/CodeWalker.Core/GameFiles/FileTypes/AwcFile.cs(1319,43): warning CS8601: Possible null reference assignment. [/home/ubuntu/PROGRAMA-BETA/src/FiveMTool.csproj]
/home/ubuntu/PROGRAMA-BETA/src/External/CodeWalker.Core/Utils/Fbx.cs(1338,45): warning CS8625: Cannot convert null literal to non-nullable reference type. [/home/ubuntu/PROGRAMA-BETA/src/FiveMTool.csproj]
/home/ubuntu/PROGRAMA-BETA/src/External/CodeWalker.Core/Utils/Fbx.cs(1339,57): warning CS8625: Cannot convert null literal to non-nullable reference type. [/home/ubuntu/PROGRAMA-BETA/src/FiveMTool.csproj]
/home/ubuntu/PROGRAMA-BETA/src/External/CodeWalker.Core/Utils/Fbx.cs(1340,57): warning CS8625: Cannot convert null literal to non-nullable reference type. [/home/ubuntu/PROGRAMA-BETA/src/FiveMTool.csproj]
/home/ubuntu/PROGRAMA-BETA/src/External/CodeWalker.Core/Utils/Fbx.cs(1341,57): warning CS8625: Cannot convert null literal to non-nullable reference type. [/home/ubuntu/PROGRAMA-BETA/src/FiveMTool.csproj]
/home/ubuntu/PROGRAMA-BETA/src/External/CodeWalker.Core/Utils/Fbx.cs(1342,57): warning CS8625: Cannot convert null literal to non-nullable reference type. [/home/ubuntu/PROGRAMA-BETA/src/FiveMTool.csproj]
/home/ubuntu/PROGRAMA-BETA/src/External/CodeWalker.Core/Utils/FbxConverter.cs(978,27): warning CS8604: Possible null reference argument for parameter 'other' in 'bool FbxVertex.Equals(FbxVertex other)'. [/home/ubuntu/PROGRAMA-BETA/src/FiveMTool.csproj]
/home/ubuntu/PROGRAMA-BETA/src/External/CodeWalker.Core/GameFiles/FileTypes/AwcFile.cs(1707,16): warning CS8618: Non-nullable property 'Data' must contain a non-null value when exiting constructor. Consider declaring the property as nullable. [/home/ubuntu/PROGRAMA-BETA/src/FiveMTool.csproj]
/home/ubuntu/PROGRAMA-BETA/src/External/CodeWalker.Core/GameFiles/FileTypes/AwcFile.cs(1720,50): warning CS8604: Possible null reference argument for parameter 'text' in 'void MetaXmlBase.StringTag(StringBuilder sb, int indent, string name, string text)'. [/home/ubuntu/PROGRAMA-BETA/src/FiveMTool.csproj]
/home/ubuntu/PROGRAMA-BETA/src/External/CodeWalker.Core/Utils/FbxConverter.cs(929,26): warning CS8618: Non-nullable property 'Normals' must contain a non-null value when exiting constructor. Consider declaring the property as nullable. [/home/ubuntu/PROGRAMA-BETA/src/FiveMTool.csproj]
/home/ubuntu/PROGRAMA-BETA/src/External/CodeWalker.Core/Utils/FbxConverter.cs(930,26): warning CS8618: Non-nullable property 'Binormals' must contain a non-null value when exiting constructor. Consider declaring the property as nullable. [/home/ubuntu/PROGRAMA-BETA/src/FiveMTool.csproj]
/home/ubuntu/PROGRAMA-BETA/src/External/CodeWalker.Core/Utils/FbxConverter.cs(931,26): warning CS8618: Non-nullable property 'Tangents' must contain a non-null value when exiting constructor. Consider declaring the property as nullable. [/home/ubuntu/PROGRAMA-BETA/src/FiveMTool.csproj]
/home/ubuntu/PROGRAMA-BETA/src/External/CodeWalker.Core/Utils/FbxConverter.cs(932,26): warning CS8618: Non-nullable property 'Texcoords' must contain a non-null value when exiting constructor. Consider declaring the property as nullable. [/home/ubuntu/PROGRAMA-BETA/src/FiveMTool.csproj]
/home/ubuntu/PROGRAMA-BETA/src/External/CodeWalker.Core/Utils/FbxConverter.cs(933,26): warning CS8618: Non-nullable property 'Colours' must contain a non-null value when exiting constructor. Consider declaring the property as nullable. [/home/ubuntu/PROGRAMA-BETA/src/FiveMTool.csproj]
/home/ubuntu/PROGRAMA-BETA/src/External/CodeWalker.Core/Utils/FbxConverter.cs(934,23): warning CS8618: Non-nullable property 'Bytes' must contain a non-null value when exiting constructor. Consider declaring the property as nullable. [/home/ubuntu/PROGRAMA-BETA/src/FiveMTool.csproj]
/home/ubuntu/PROGRAMA-BETA/src/External/CodeWalker.Core/GameFiles/FileTypes/AwcFile.cs(1333,30): warning CS8602: Dereference of a possibly null reference. [/home/ubuntu/PROGRAMA-BETA/src/FiveMTool.csproj]
/home/ubuntu/PROGRAMA-BETA/src/External/CodeWalker.Core/GameFiles/FileTypes/AwcFile.cs(1337,35): warning CS8604: Possible null reference argument for parameter 'item' in 'void List<byte[]>.Add(byte[] item)'. [/home/ubuntu/PROGRAMA-BETA/src/FiveMTool.csproj]
/home/ubuntu/PROGRAMA-BETA/src/External/CodeWalker.Core/GameFiles/FileTypes/AwcFile.cs(1365,39): warning CS8601: Possible null reference assignment. [/home/ubuntu/PROGRAMA-BETA/src/FiveMTool.csproj]
/home/ubuntu/PROGRAMA-BETA/src/External/CodeWalker.Core/GameFiles/FileTypes/AwcFile.cs(1391,42): warning CS8604: Possible null reference argument for parameter 'src' in 'void Buffer.BlockCopy(Array src, int srcOffset, Array dst, int dstOffset, int count)'. [/home/ubuntu/PROGRAMA-BETA/src/FiveMTool.csproj]
/home/ubuntu/PROGRAMA-BETA/src/External/CodeWalker.Core/GameFiles/FileTypes/AwcFile.cs(1409,13): warning CS8602: Dereference of a possibly null reference. [/home/ubuntu/PROGRAMA-BETA/src/FiveMTool.csproj]
/home/ubuntu/PROGRAMA-BETA/src/External/CodeWalker.Core/GameFiles/FileTypes/AwcFile.cs(1492,44): warning CS8602: Dereference of a possibly null reference. [/home/ubuntu/PROGRAMA-BETA/src/FiveMTool.csproj]
/home/ubuntu/PROGRAMA-BETA/src/External/CodeWalker.Core/GameFiles/FileTypes/AwcFile.cs(1500,50): warning CS8625: Cannot convert null literal to non-nullable reference type. [/home/ubuntu/PROGRAMA-BETA/src/FiveMTool.csproj]
/home/ubuntu/PROGRAMA-BETA/src/External/CodeWalker.Core/World/Water.cs(45,36): warning CS8600: Converting null literal or possible null value to non-nullable type. [/home/ubuntu/PROGRAMA-BETA/src/FiveMTool.csproj]
/home/ubuntu/PROGRAMA-BETA/src/External/CodeWalker.Core/World/Water.cs(47,38): warning CS8602: Dereference of a possibly null reference. [/home/ubuntu/PROGRAMA-BETA/src/FiveMTool.csproj]
/home/ubuntu/PROGRAMA-BETA/src/External/CodeWalker.Core/World/Water.cs(47,38): warning CS8600: Converting null literal or possible null value to non-nullable type. [/home/ubuntu/PROGRAMA-BETA/src/FiveMTool.csproj]
/home/ubuntu/PROGRAMA-BETA/src/External/CodeWalker.Core/World/Water.cs(48,33): warning CS8602: Dereference of a possibly null reference. [/home/ubuntu/PROGRAMA-BETA/src/FiveMTool.csproj]
/home/ubuntu/PROGRAMA-BETA/src/External/CodeWalker.Core/World/Water.cs(51,32): warning CS8604: Possible null reference argument for parameter 'node' in 'void WaterQuad.Init(XmlNode node, int index)'. [/home/ubuntu/PROGRAMA-BETA/src/FiveMTool.csproj]
/home/ubuntu/PROGRAMA-BETA/src/External/CodeWalker.Core/World/Water.cs(55,40): warning CS8600: Converting null literal or possible null value to non-nullable type. [/home/ubuntu/PROGRAMA-BETA/src/FiveMTool.csproj]
/home/ubuntu/PROGRAMA-BETA/src/External/CodeWalker.Core/World/Water.cs(56,33): warning CS8602: Dereference of a possibly null reference. [/home/ubuntu/PROGRAMA-BETA/src/FiveMTool.csproj]
/home/ubuntu/PROGRAMA-BETA/src/External/CodeWalker.Core/World/Water.cs(59,34): warning CS8604: Possible null reference argument for parameter 'node' in 'void WaterCalmingQuad.Init(XmlNode node, int index)'. [/home/ubuntu/PROGRAMA-BETA/src/FiveMTool.csproj]
/home/ubuntu/PROGRAMA-BETA/src/External/CodeWalker.Core/World/Water.cs(63,37): warning CS8600: Converting null literal or possible null value to non-nullable type. [/home/ubuntu/PROGRAMA-BETA/src/FiveMTool.csproj]
/home/ubuntu/PROGRAMA-BETA/src/External/CodeWalker.Core/World/Water.cs(64,33): warning CS8602: Dereference of a possibly null reference. [/home/ubuntu/PROGRAMA-BETA/src/FiveMTool.csproj]
/home/ubuntu/PROGRAMA-BETA/src/External/CodeWalker.Core/World/Water.cs(67,31): warning CS8604: Possible null reference argument for parameter 'node' in 'void WaterWaveQuad.Init(XmlNode node, int index)'. [/home/ubuntu/PROGRAMA-BETA/src/FiveMTool.csproj]
/home/ubuntu/PROGRAMA-BETA/src/External/CodeWalker.Core/World/Water.cs(15,30): warning CS8618: Non-nullable field 'GameFileCache' must contain a non-null value when exiting constructor. Consider declaring the field as nullable. [/home/ubuntu/PROGRAMA-BETA/src/FiveMTool.csproj]
/home/ubuntu/PROGRAMA-BETA/src/External/CodeWalker.Core/World/Trains.cs(406,27): warning CS8618: Non-nullable property 'Track' must contain a non-null value when exiting constructor. Consider declaring the property as nullable. [/home/ubuntu/PROGRAMA-BETA/src/FiveMTool.csproj]
/home/ubuntu/PROGRAMA-BETA/src/External/CodeWalker.Core/World/Trains.cs(96,20): warning CS8603: Possible null reference return. [/home/ubuntu/PROGRAMA-BETA/src/FiveMTool.csproj]
/home/ubuntu/PROGRAMA-BETA/src/External/CodeWalker.Core/World/Trains.cs(28,37): warning CS8600: Converting null literal or possible null value to non-nullable type. [/home/ubuntu/PROGRAMA-BETA/src/FiveMTool.csproj]
/home/ubuntu/PROGRAMA-BETA/src/External/CodeWalker.Core/World/Trains.cs(34,37): warning CS8600: Converting null literal or possible null value to non-nullable type. [/home/ubuntu/PROGRAMA-BETA/src/FiveMTool.csproj]
/home/ubuntu/PROGRAMA-BETA/src/External/CodeWalker.Core/World/Trains.cs(35,34): warning CS8602: Dereference of a possibly null reference. [/home/ubuntu/PROGRAMA-BETA/src/FiveMTool.csproj]
/home/ubuntu/PROGRAMA-BETA/src/External/CodeWalker.Core/World/Trains.cs(35,34): warning CS8600: Converting null literal or possible null value to non-nullable type. [/home/ubuntu/PROGRAMA-BETA/src/FiveMTool.csproj]
/home/ubuntu/PROGRAMA-BETA/src/External/CodeWalker.Core/World/Trains.cs(38,33): warning CS8602: Dereference of a possibly null reference. [/home/ubuntu/PROGRAMA-BETA/src/FiveMTool.csproj]
/home/ubuntu/PROGRAMA-BETA/src/External/CodeWalker.Core/World/Trains.cs(42,40): warning CS8604: Possible null reference argument for parameter 'node' in 'void TrainTrack.Load(GameFileCache gameFileCache, XmlNode node)'. [/home/ubuntu/PROGRAMA-BETA/src/FiveMTool.csproj]
/home/ubuntu/PROGRAMA-BETA/src/External/CodeWalker.Core/World/Trains.cs(15,30): warning CS8618: Non-nullable field 'GameFileCache' must contain a non-null value when exiting constructor. Consider declaring the field as nullable. [/home/ubuntu/PROGRAMA-BETA/src/FiveMTool.csproj]
/home/ubuntu/PROGRAMA-BETA/src/External/CodeWalker.Core/World/Trains.cs(127,28): warning CS8601: Possible null reference assignment. [/home/ubuntu/PROGRAMA-BETA/src/FiveMTool.csproj]
/home/ubuntu/PROGRAMA-BETA/src/External/CodeWalker.Core/World/Vehicle.cs(42,35): warning CS8600: Converting null literal or possible null value to non-nullable type. [/home/ubuntu/PROGRAMA-BETA/src/FiveMTool.csproj]
/home/ubuntu/PROGRAMA-BETA/src/External/CodeWalker.Core/World/Vehicle.cs(43,65): warning CS8600: Converting null literal or possible null value to non-nullable type. [/home/ubuntu/PROGRAMA-BETA/src/FiveMTool.csproj]
/home/ubuntu/PROGRAMA-BETA/src/External/CodeWalker.Core/World/Vehicle.cs(46,32): warning CS8625: Cannot convert null literal to non-nullable reference type. [/home/ubuntu/PROGRAMA-BETA/src/FiveMTool.csproj]
/home/ubuntu/PROGRAMA-BETA/src/External/CodeWalker.Core/World/Vehicle.cs(47,32): warning CS8625: Cannot convert null literal to non-nullable reference type. [/home/ubuntu/PROGRAMA-BETA/src/FiveMTool.csproj]
/home/ubuntu/PROGRAMA-BETA/src/External/CodeWalker.Core/World/Vehicle.cs(64,53): warning CS8604: Possible null reference argument for parameter 'text' in 'uint JenkHash.GenHash(string text)'. [/home/ubuntu/PROGRAMA-BETA/src/FiveMTool.csproj]
/home/ubuntu/PROGRAMA-BETA/src/External/CodeWalker.Core/World/Vehicle.cs(71,40): warning CS8600: Converting null literal or possible null value to non-nullable type. [/home/ubuntu/PROGRAMA-BETA/src/FiveMTool.csproj]
/home/ubuntu/PROGRAMA-BETA/src/External/CodeWalker.Core/World/Vehicle.cs(72,70): warning CS8600: Converting null literal or possible null value to non-nullable type. [/home/ubuntu/PROGRAMA-BETA/src/FiveMTool.csproj]
/home/ubuntu/PROGRAMA-BETA/src/External/CodeWalker.Core/World/Vehicle.cs(73,36): warning CS8601: Possible null reference assignment. [/home/ubuntu/PROGRAMA-BETA/src/FiveMTool.csproj]
/home/ubuntu/PROGRAMA-BETA/src/External/CodeWalker.Core/World/Vehicle.cs(80,28): warning CS8625: Cannot convert null literal to non-nullable reference type. [/home/ubuntu/PROGRAMA-BETA/src/FiveMTool.csproj]
/home/ubuntu/PROGRAMA-BETA/src/External/CodeWalker.Core/World/Vehicle.cs(81,23): warning CS8625: Cannot convert null literal to non-nullable reference type. [/home/ubuntu/PROGRAMA-BETA/src/FiveMTool.csproj]
/home/ubuntu/PROGRAMA-BETA/src/External/CodeWalker.Core/World/Vehicle.cs(84,32): warning CS8625: Cannot convert null literal to non-nullable reference type. [/home/ubuntu/PROGRAMA-BETA/src/FiveMTool.csproj]
/home/ubuntu/PROGRAMA-BETA/src/External/CodeWalker.Core/World/Vehicle.cs(85,32): warning CS8625: Cannot convert null literal to non-nullable reference type. [/home/ubuntu/PROGRAMA-BETA/src/FiveMTool.csproj]
/home/ubuntu/PROGRAMA-BETA/src/External/CodeWalker.Core/World/Vehicle.cs(19,57): warning CS8625: Cannot convert null literal to non-nullable reference type. [/home/ubuntu/PROGRAMA-BETA/src/FiveMTool.csproj]
/home/ubuntu/PROGRAMA-BETA/src/External/CodeWalker.Core/World/Vehicle.cs(20,44): warning CS8625: Cannot convert null literal to non-nullable reference type. [/home/ubuntu/PROGRAMA-BETA/src/FiveMTool.csproj]
/home/ubuntu/PROGRAMA-BETA/src/External/CodeWalker.Core/World/Vehicle.cs(22,53): warning CS8625: Cannot convert null literal to non-nullable reference type. [/home/ubuntu/PROGRAMA-BETA/src/FiveMTool.csproj]
/home/ubuntu/PROGRAMA-BETA/src/External/CodeWalker.Core/World/Vehicle.cs(23,58): warning CS8625: Cannot convert null literal to non-nullable reference type. [/home/ubuntu/PROGRAMA-BETA/src/FiveMTool.csproj]
/home/ubuntu/PROGRAMA-BETA/src/External/CodeWalker.Core/GameFiles/FileTypes/AwcFile.cs(1645,50): warning CS8625: Cannot convert null literal to non-nullable reference type. [/home/ubuntu/PROGRAMA-BETA/src/FiveMTool.csproj]
/home/ubuntu/PROGRAMA-BETA/src/External/CodeWalker.Core/World/TimecycleMods.cs(123,23): warning CS8618: Non-nullable property 'name' must contain a non-null value when exiting constructor. Consider declaring the property as nullable. [/home/ubuntu/PROGRAMA-BETA/src/FiveMTool.csproj]
/home/ubuntu/PROGRAMA-BETA/src/External/CodeWalker.Core/World/TimecycleMods.cs(79,23): warning CS8618: Non-nullable property 'name' must contain a non-null value when exiting constructor. Consider declaring the property as nullable. [/home/ubuntu/PROGRAMA-BETA/src/FiveMTool.csproj]
/home/ubuntu/PROGRAMA-BETA/src/External/CodeWalker.Core/World/TimecycleMods.cs(84,36): warning CS8618: Non-nullable property 'Values' must contain a non-null value when exiting constructor. Consider declaring the property as nullable. [/home/ubuntu/PROGRAMA-BETA/src/FiveMTool.csproj]
/home/ubuntu/PROGRAMA-BETA/src/External/CodeWalker.Core/World/TimecycleMods.cs(85,54): warning CS8618: Non-nullable property 'Dict' must contain a non-null value when exiting constructor. Consider declaring the property as nullable. [/home/ubuntu/PROGRAMA-BETA/src/FiveMTool.csproj]
/home/ubuntu/PROGRAMA-BETA/src/External/CodeWalker.Core/World/TimecycleMods.cs(62,41): warning CS8602: Dereference of a possibly null reference. [/home/ubuntu/PROGRAMA-BETA/src/FiveMTool.csproj]
/home/ubuntu/PROGRAMA-BETA/src/External/CodeWalker.Core/World/Timecycle.cs(109,23): warning CS8618: Non-nullable property 'name' must contain a non-null value when exiting constructor. Consider declaring the property as nullable. [/home/ubuntu/PROGRAMA-BETA/src/FiveMTool.csproj]
/home/ubuntu/PROGRAMA-BETA/src/External/CodeWalker.Core/World/Timecycle.cs(112,23): warning CS8618: Non-nullable property 'uw_tc_mod' must contain a non-null value when exiting constructor. Consider declaring the property as nullable. [/home/ubuntu/PROGRAMA-BETA/src/FiveMTool.csproj]
/home/ubuntu/PROGRAMA-BETA/src/External/CodeWalker.Core/World/Trains.cs(217,47): warning CS8601: Possible null reference assignment. [/home/ubuntu/PROGRAMA-BETA/src/FiveMTool.csproj]
/home/ubuntu/PROGRAMA-BETA/src/External/CodeWalker.Core/World/Space.cs(2340,16): warning CS8618: Non-nullable field 'YnvEntry' must contain a non-null value when exiting constructor. Consider declaring the field as nullable. [/home/ubuntu/PROGRAMA-BETA/src/FiveMTool.csproj]
/home/ubuntu/PROGRAMA-BETA/src/External/CodeWalker.Core/World/Space.cs(2340,16): warning CS8618: Non-nullable field 'Ynv' must contain a non-null value when exiting constructor. Consider declaring the field as nullable. [/home/ubuntu/PROGRAMA-BETA/src/FiveMTool.csproj]
/home/ubuntu/PROGRAMA-BETA/src/External/CodeWalker.Core/World/Timecycle.cs(40,31): warning CS8600: Converting null literal or possible null value to non-nullable type. [/home/ubuntu/PROGRAMA-BETA/src/FiveMTool.csproj]
/home/ubuntu/PROGRAMA-BETA/src/External/CodeWalker.Core/World/Timecycle.cs(41,31): warning CS8602: Dereference of a possibly null reference. [/home/ubuntu/PROGRAMA-BETA/src/FiveMTool.csproj]
/home/ubuntu/PROGRAMA-BETA/src/External/CodeWalker.Core/World/Timecycle.cs(41,31): warning CS8600: Converting null literal or possible null value to non-nullable type. [/home/ubuntu/PROGRAMA-BETA/src/FiveMTool.csproj]
/home/ubuntu/PROGRAMA-BETA/src/External/CodeWalker.Core/World/Timecycle.cs(42,32): warning CS8600: Converting null literal or possible null value to non-nullable type. [/home/ubuntu/PROGRAMA-BETA/src/FiveMTool.csproj]
/home/ubuntu/PROGRAMA-BETA/src/External/CodeWalker.Core/World/Timecycle.cs(43,35): warning CS8600: Converting null literal or possible null value to non-nullable type. [/home/ubuntu/PROGRAMA-BETA/src/FiveMTool.csproj]
/home/ubuntu/PROGRAMA-BETA/src/External/CodeWalker.Core/World/Timecycle.cs(44,35): warning CS8600: Converting null literal or possible null value to non-nullable type. [/home/ubuntu/PROGRAMA-BETA/src/FiveMTool.csproj]
/home/ubuntu/PROGRAMA-BETA/src/External/CodeWalker.Core/World/Timecycle.cs(46,46): warning CS8604: Possible null reference argument for parameter 'node' in 'float Xml.GetFloatAttribute(XmlNode node, string attribute)'. [/home/ubuntu/PROGRAMA-BETA/src/FiveMTool.csproj]
/home/ubuntu/PROGRAMA-BETA/src/External/CodeWalker.Core/World/Timecycle.cs(48,47): warning CS8604: Possible null reference argument for parameter 'node' in 'float Xml.GetFloatAttribute(XmlNode node, string attribute)'. [/home/ubuntu/PROGRAMA-BETA/src/FiveMTool.csproj]
/home/ubuntu/PROGRAMA-BETA/src/External/CodeWalker.Core/World/Timecycle.cs(54,33): warning CS8602: Dereference of a possibly null reference. [/home/ubuntu/PROGRAMA-BETA/src/FiveMTool.csproj]
/home/ubuntu/PROGRAMA-BETA/src/External/CodeWalker.Core/World/Timecycle.cs(57,26): warning CS8604: Possible null reference argument for parameter 'node' in 'void TimecycleSample.Init(XmlNode node)'. [/home/ubuntu/PROGRAMA-BETA/src/FiveMTool.csproj]
/home/ubuntu/PROGRAMA-BETA/src/External/CodeWalker.Core/World/Timecycle.cs(62,33): warning CS8602: Dereference of a possibly null reference. [/home/ubuntu/PROGRAMA-BETA/src/FiveMTool.csproj]
/home/ubuntu/PROGRAMA-BETA/src/External/CodeWalker.Core/World/Timecycle.cs(64,52): warning CS8604: Possible null reference argument for parameter 'node' in 'string Xml.GetStringAttribute(XmlNode node, string attribute)'. [/home/ubuntu/PROGRAMA-BETA/src/FiveMTool.csproj]
/home/ubuntu/PROGRAMA-BETA/src/External/CodeWalker.Core/World/Trains.cs(329,31): warning CS8601: Possible null reference assignment. [/home/ubuntu/PROGRAMA-BETA/src/FiveMTool.csproj]
/home/ubuntu/PROGRAMA-BETA/src/External/CodeWalker.Core/World/Space.cs(2285,20): warning CS8603: Possible null reference return. [/home/ubuntu/PROGRAMA-BETA/src/FiveMTool.csproj]
/home/ubuntu/PROGRAMA-BETA/src/External/CodeWalker.Core/World/Space.cs(2241,16): warning CS8618: Non-nullable field 'Ynd' must contain a non-null value when exiting constructor. Consider declaring the field as nullable. [/home/ubuntu/PROGRAMA-BETA/src/FiveMTool.csproj]
/home/ubuntu/PROGRAMA-BETA/src/External/CodeWalker.Core/World/Trains.cs(377,35): warning CS8601: Possible null reference assignment. [/home/ubuntu/PROGRAMA-BETA/src/FiveMTool.csproj]
/home/ubuntu/PROGRAMA-BETA/src/External/CodeWalker.Core/World/Trains.cs(54,23): warning CS8618: Non-nullable property 'filename' must contain a non-null value when exiting constructor. Consider declaring the property as nullable. [/home/ubuntu/PROGRAMA-BETA/src/FiveMTool.csproj]
/home/ubuntu/PROGRAMA-BETA/src/External/CodeWalker.Core/World/Trains.cs(55,23): warning CS8618: Non-nullable property 'trainConfigName' must contain a non-null value when exiting constructor. Consider declaring the property as nullable. [/home/ubuntu/PROGRAMA-BETA/src/FiveMTool.csproj]
/home/ubuntu/PROGRAMA-BETA/src/External/CodeWalker.Core/World/Trains.cs(63,37): warning CS8618: Non-nullable property 'Nodes' must contain a non-null value when exiting constructor. Consider declaring the property as nullable. [/home/ubuntu/PROGRAMA-BETA/src/FiveMTool.csproj]
/home/ubuntu/PROGRAMA-BETA/src/External/CodeWalker.Core/World/Trains.cs(87,31): warning CS8618: Non-nullable property 'LinkedVerts' must contain a non-null value when exiting constructor. Consider declaring the property as nullable. [/home/ubuntu/PROGRAMA-BETA/src/FiveMTool.csproj]
/home/ubuntu/PROGRAMA-BETA/src/External/CodeWalker.Core/World/Trains.cs(88,26): warning CS8618: Non-nullable property 'NodePositions' must contain a non-null value when exiting constructor. Consider declaring the property as nullable. [/home/ubuntu/PROGRAMA-BETA/src/FiveMTool.csproj]
/home/ubuntu/PROGRAMA-BETA/src/External/CodeWalker.Core/World/Trains.cs(103,24): warning CS8618: Non-nullable property 'BVH' must contain a non-null value when exiting constructor. Consider declaring the property as nullable. [/home/ubuntu/PROGRAMA-BETA/src/FiveMTool.csproj]
/home/ubuntu/PROGRAMA-BETA/src/External/CodeWalker.Core/World/Trains.cs(105,23): warning CS8618: Non-nullable property 'NodesString' must contain a non-null value when exiting constructor. Consider declaring the property as nullable. [/home/ubuntu/PROGRAMA-BETA/src/FiveMTool.csproj]
/home/ubuntu/PROGRAMA-BETA/src/External/CodeWalker.Core/World/Trains.cs(106,29): warning CS8618: Non-nullable property 'RpfFileEntry' must contain a non-null value when exiting constructor. Consider declaring the property as nullable. [/home/ubuntu/PROGRAMA-BETA/src/FiveMTool.csproj]
/home/ubuntu/PROGRAMA-BETA/src/External/CodeWalker.Core/World/Trains.cs(107,23): warning CS8618: Non-nullable property 'Name' must contain a non-null value when exiting constructor. Consider declaring the property as nullable. [/home/ubuntu/PROGRAMA-BETA/src/FiveMTool.csproj]
/home/ubuntu/PROGRAMA-BETA/src/External/CodeWalker.Core/World/Trains.cs(108,23): warning CS8618: Non-nullable property 'FilePath' must contain a non-null value when exiting constructor. Consider declaring the property as nullable. [/home/ubuntu/PROGRAMA-BETA/src/FiveMTool.csproj]
/home/ubuntu/PROGRAMA-BETA/src/External/CodeWalker.Core/World/Space.cs(2310,20): warning CS8603: Possible null reference return. [/home/ubuntu/PROGRAMA-BETA/src/FiveMTool.csproj]
/home/ubuntu/PROGRAMA-BETA/src/External/CodeWalker.Core/World/Space.cs(2188,20): warning CS8603: Possible null reference return. [/home/ubuntu/PROGRAMA-BETA/src/FiveMTool.csproj]
/home/ubuntu/PROGRAMA-BETA/src/External/CodeWalker.Core/World/Space.cs(2201,20): warning CS8603: Possible null reference return. [/home/ubuntu/PROGRAMA-BETA/src/FiveMTool.csproj]
/home/ubuntu/PROGRAMA-BETA/src/External/CodeWalker.Core/World/Space.cs(2209,22): warning CS8603: Possible null reference return. [/home/ubuntu/PROGRAMA-BETA/src/FiveMTool.csproj]
/home/ubuntu/PROGRAMA-BETA/src/External/CodeWalker.Core/World/Space.cs(2211,22): warning CS8603: Possible null reference return. [/home/ubuntu/PROGRAMA-BETA/src/FiveMTool.csproj]
/home/ubuntu/PROGRAMA-BETA/src/External/CodeWalker.Core/World/Space.cs(2223,45): warning CS8625: Cannot convert null literal to non-nullable reference type. [/home/ubuntu/PROGRAMA-BETA/src/FiveMTool.csproj]
/home/ubuntu/PROGRAMA-BETA/src/External/CodeWalker.Core/World/Space.cs(1973,37): warning CS8618: Non-nullable field 'RootNode' must contain a non-null value when exiting constructor. Consider declaring the field as nullable. [/home/ubuntu/PROGRAMA-BETA/src/FiveMTool.csproj]
/home/ubuntu/PROGRAMA-BETA/src/External/CodeWalker.Core/World/Space.cs(1754,38): warning CS8618: Non-nullable field 'RootNode' must contain a non-null value when exiting constructor. Consider declaring the field as nullable. [/home/ubuntu/PROGRAMA-BETA/src/FiveMTool.csproj]
/home/ubuntu/PROGRAMA-BETA/src/External/CodeWalker.Core/World/Space.cs(2111,65): warning CS8604: Possible null reference argument for parameter 'layers' in 'void SpaceBoundsStoreNode.GetItems(ref Vector3 min, ref Vector3 max, List<BoundsStoreItem> items, bool[] layers = null)'. [/home/ubuntu/PROGRAMA-BETA/src/FiveMTool.csproj]
/home/ubuntu/PROGRAMA-BETA/src/External/CodeWalker.Core/Utils/FbxConverter.cs(232,31): warning CS8600: Converting null literal or possible null value to non-nullable type. [/home/ubuntu/PROGRAMA-BETA/src/FiveMTool.csproj]
/home/ubuntu/PROGRAMA-BETA/src/External/CodeWalker.Core/Utils/FbxConverter.cs(248,41): warning CS8603: Possible null reference return. [/home/ubuntu/PROGRAMA-BETA/src/FiveMTool.csproj]
/home/ubuntu/PROGRAMA-BETA/src/External/CodeWalker.Core/Utils/FbxConverter.cs(250,24): warning CS8603: Possible null reference return. [/home/ubuntu/PROGRAMA-BETA/src/FiveMTool.csproj]
/home/ubuntu/PROGRAMA-BETA/src/External/CodeWalker.Core/Utils/FbxConverter.cs(257,22): warning CS8603: Possible null reference return. [/home/ubuntu/PROGRAMA-BETA/src/FiveMTool.csproj]
/home/ubuntu/PROGRAMA-BETA/src/External/CodeWalker.Core/Utils/FbxConverter.cs(297,33): warning CS8601: Possible null reference assignment. [/home/ubuntu/PROGRAMA-BETA/src/FiveMTool.csproj]
/home/ubuntu/PROGRAMA-BETA/src/External/CodeWalker.Core/Utils/FbxConverter.cs(298,35): warning CS8601: Possible null reference assignment. [/home/ubuntu/PROGRAMA-BETA/src/FiveMTool.csproj]
/home/ubuntu/PROGRAMA-BETA/src/External/CodeWalker.Core/Utils/FbxConverter.cs(299,34): warning CS8601: Possible null reference assignment. [/home/ubuntu/PROGRAMA-BETA/src/FiveMTool.csproj]
/home/ubuntu/PROGRAMA-BETA/src/External/CodeWalker.Core/Utils/FbxConverter.cs(300,35): warning CS8601: Possible null reference assignment. [/home/ubuntu/PROGRAMA-BETA/src/FiveMTool.csproj]
/home/ubuntu/PROGRAMA-BETA/src/External/CodeWalker.Core/Utils/FbxConverter.cs(301,33): warning CS8601: Possible null reference assignment. [/home/ubuntu/PROGRAMA-BETA/src/FiveMTool.csproj]
/home/ubuntu/PROGRAMA-BETA/src/External/CodeWalker.Core/Utils/FbxConverter.cs(307,39): warning CS8601: Possible null reference assignment. [/home/ubuntu/PROGRAMA-BETA/src/FiveMTool.csproj]
/home/ubuntu/PROGRAMA-BETA/src/External/CodeWalker.Core/Utils/FbxConverter.cs(330,44): warning CS8602: Dereference of a possibly null reference. [/home/ubuntu/PROGRAMA-BETA/src/FiveMTool.csproj]
/home/ubuntu/PROGRAMA-BETA/src/External/CodeWalker.Core/Utils/FbxConverter.cs(331,70): warning CS8604: Possible null reference argument for parameter 'arr' in 'Vector3 FbxConverter.GetVector3FromDoubleArray(double[] arr, int i)'. [/home/ubuntu/PROGRAMA-BETA/src/FiveMTool.csproj]
/home/ubuntu/PROGRAMA-BETA/src/External/CodeWalker.Core/Utils/FbxConverter.cs(351,44): warning CS8602: Dereference of a possibly null reference. [/home/ubuntu/PROGRAMA-BETA/src/FiveMTool.csproj]
/home/ubuntu/PROGRAMA-BETA/src/External/CodeWalker.Core/Utils/FbxConverter.cs(352,72): warning CS8604: Possible null reference argument for parameter 'arr' in 'Vector3 FbxConverter.GetVector3FromDoubleArray(double[] arr, int i)'. [/home/ubuntu/PROGRAMA-BETA/src/FiveMTool.csproj]
/home/ubuntu/PROGRAMA-BETA/src/External/CodeWalker.Core/Utils/FbxConverter.cs(372,44): warning CS8602: Dereference of a possibly null reference. [/home/ubuntu/PROGRAMA-BETA/src/FiveMTool.csproj]
/home/ubuntu/PROGRAMA-BETA/src/External/CodeWalker.Core/Utils/FbxConverter.cs(373,71): warning CS8604: Possible null reference argument for parameter 'arr' in 'Vector3 FbxConverter.GetVector3FromDoubleArray(double[] arr, int i)'. [/home/ubuntu/PROGRAMA-BETA/src/FiveMTool.csproj]
/home/ubuntu/PROGRAMA-BETA/src/External/CodeWalker.Core/Utils/FbxConverter.cs(393,44): warning CS8602: Dereference of a possibly null reference. [/home/ubuntu/PROGRAMA-BETA/src/FiveMTool.csproj]
/home/ubuntu/PROGRAMA-BETA/src/External/CodeWalker.Core/Utils/FbxConverter.cs(394,60): warning CS8604: Possible null reference argument for parameter 'arr' in 'Vector2 FbxConverter.GetVector2FromDoubleArray(double[] arr, int i)'. [/home/ubuntu/PROGRAMA-BETA/src/FiveMTool.csproj]
/home/ubuntu/PROGRAMA-BETA/src/External/CodeWalker.Core/Utils/FbxConverter.cs(415,44): warning CS8602: Dereference of a possibly null reference. [/home/ubuntu/PROGRAMA-BETA/src/FiveMTool.csproj]
/home/ubuntu/PROGRAMA-BETA/src/External/CodeWalker.Core/Utils/FbxConverter.cs(416,70): warning CS8604: Possible null reference argument for parameter 'arr' in 'Vector4 FbxConverter.GetVector4FromDoubleArray(double[] arr, int i)'. [/home/ubuntu/PROGRAMA-BETA/src/FiveMTool.csproj]
/home/ubuntu/PROGRAMA-BETA/src/External/CodeWalker.Core/Utils/FbxConverter.cs(444,42): warning CS8602: Dereference of a possibly null reference. [/home/ubuntu/PROGRAMA-BETA/src/FiveMTool.csproj]
/home/ubuntu/PROGRAMA-BETA/src/External/CodeWalker.Core/Utils/FbxConverter.cs(444,54): warning CS8602: Dereference of a possibly null reference. [/home/ubuntu/PROGRAMA-BETA/src/FiveMTool.csproj]
/home/ubuntu/PROGRAMA-BETA/src/External/CodeWalker.Core/Utils/FbxConverter.cs(505,27): warning CS8601: Possible null reference assignment. [/home/ubuntu/PROGRAMA-BETA/src/FiveMTool.csproj]
/home/ubuntu/PROGRAMA-BETA/src/External/CodeWalker.Core/World/Space.cs(2145,56): warning CS8604: Possible null reference argument for parameter 'layers' in 'void SpaceBoundsStoreNode.GetItems(ref Ray ray, List<BoundsStoreItem> items, bool[] layers = null)'. [/home/ubuntu/PROGRAMA-BETA/src/FiveMTool.csproj]
/home/ubuntu/PROGRAMA-BETA/src/External/CodeWalker.Core/World/Space.cs(2014,41): warning CS8625: Cannot convert null literal to non-nullable reference type. [/home/ubuntu/PROGRAMA-BETA/src/FiveMTool.csproj]
/home/ubuntu/PROGRAMA-BETA/src/External/CodeWalker.Core/World/Space.cs(2015,50): warning CS8625: Cannot convert null literal to non-nullable reference type. [/home/ubuntu/PROGRAMA-BETA/src/FiveMTool.csproj]
/home/ubuntu/PROGRAMA-BETA/src/External/CodeWalker.Core/World/Space.cs(2016,46): warning CS8625: Cannot convert null literal to non-nullable reference type. [/home/ubuntu/PROGRAMA-BETA/src/FiveMTool.csproj]
/home/ubuntu/PROGRAMA-BETA/src/External/CodeWalker.Core/World/Scenarios.cs(2191,23): warning CS8618: Non-nullable property 'OuterXml' must contain a non-null value when exiting constructor. Consider declaring the property as nullable. [/home/ubuntu/PROGRAMA-BETA/src/FiveMTool.csproj]
/home/ubuntu/PROGRAMA-BETA/src/External/CodeWalker.Core/World/Scenarios.cs(2192,23): warning CS8618: Non-nullable property 'Name' must contain a non-null value when exiting constructor. Consider declaring the property as nullable. [/home/ubuntu/PROGRAMA-BETA/src/FiveMTool.csproj]
/home/ubuntu/PROGRAMA-BETA/src/External/CodeWalker.Core/World/Scenarios.cs(2193,23): warning CS8618: Non-nullable property 'NameLower' must contain a non-null value when exiting constructor. Consider declaring the property as nullable. [/home/ubuntu/PROGRAMA-BETA/src/FiveMTool.csproj]
/home/ubuntu/PROGRAMA-BETA/src/External/CodeWalker.Core/World/Scenarios.cs(2175,23): warning CS8618: Non-nullable property 'Type' must contain a non-null value when exiting constructor. Consider declaring the property as nullable. [/home/ubuntu/PROGRAMA-BETA/src/FiveMTool.csproj]
/home/ubuntu/PROGRAMA-BETA/src/External/CodeWalker.Core/World/Scenarios.cs(2142,23): warning CS8618: Non-nullable property 'Name' must contain a non-null value when exiting constructor. Consider declaring the property as nullable. [/home/ubuntu/PROGRAMA-BETA/src/FiveMTool.csproj]
/home/ubuntu/PROGRAMA-BETA/src/External/CodeWalker.Core/World/Scenarios.cs(2143,23): warning CS8618: Non-nullable property 'NameLower' must contain a non-null value when exiting constructor. Consider declaring the property as nullable. [/home/ubuntu/PROGRAMA-BETA/src/FiveMTool.csproj]
/home/ubuntu/PROGRAMA-BETA/src/External/CodeWalker.Core/World/Scenarios.cs(2145,23): warning CS8618: Non-nullable property 'VariationsType' must contain a non-null value when exiting constructor. Consider declaring the property as nullable. [/home/ubuntu/PROGRAMA-BETA/src/FiveMTool.csproj]
/home/ubuntu/PROGRAMA-BETA/src/External/CodeWalker.Core/World/Scenarios.cs(2146,38): warning CS8618: Non-nullable property 'Variations' must contain a non-null value when exiting constructor. Consider declaring the property as nullable. [/home/ubuntu/PROGRAMA-BETA/src/FiveMTool.csproj]
/home/ubuntu/PROGRAMA-BETA/src/External/CodeWalker.Core/World/Scenarios.cs(2126,38): warning CS8602: Dereference of a possibly null reference. [/home/ubuntu/PROGRAMA-BETA/src/FiveMTool.csproj]
/home/ubuntu/PROGRAMA-BETA/src/External/CodeWalker.Core/World/Scenarios.cs(2112,23): warning CS8618: Non-nullable property 'Name' must contain a non-null value when exiting constructor. Consider declaring the property as nullable. [/home/ubuntu/PROGRAMA-BETA/src/FiveMTool.csproj]
/home/ubuntu/PROGRAMA-BETA/src/External/CodeWalker.Core/World/Scenarios.cs(2113,23): warning CS8618: Non-nullable property 'NameLower' must contain a non-null value when exiting constructor. Consider declaring the property as nullable. [/home/ubuntu/PROGRAMA-BETA/src/FiveMTool.csproj]
/home/ubuntu/PROGRAMA-BETA/src/External/CodeWalker.Core/World/Scenarios.cs(2115,31): warning CS8618: Non-nullable property 'Models' must contain a non-null value when exiting constructor. Consider declaring the property as nullable. [/home/ubuntu/PROGRAMA-BETA/src/FiveMTool.csproj]
/home/ubuntu/PROGRAMA-BETA/src/External/CodeWalker.Core/World/Space.cs(1806,42): warning CS8625: Cannot convert null literal to non-nullable reference type. [/home/ubuntu/PROGRAMA-BETA/src/FiveMTool.csproj]
/home/ubuntu/PROGRAMA-BETA/src/External/CodeWalker.Core/World/Space.cs(1807,51): warning CS8625: Cannot convert null literal to non-nullable reference type. [/home/ubuntu/PROGRAMA-BETA/src/FiveMTool.csproj]
/home/ubuntu/PROGRAMA-BETA/src/External/CodeWalker.Core/World/Space.cs(1808,47): warning CS8625: Cannot convert null literal to non-nullable reference type. [/home/ubuntu/PROGRAMA-BETA/src/FiveMTool.csproj]
/home/ubuntu/PROGRAMA-BETA/src/External/CodeWalker.Core/World/Scenarios.cs(2088,23): warning CS8618: Non-nullable property 'OuterXml' must contain a non-null value when exiting constructor. Consider declaring the property as nullable. [/home/ubuntu/PROGRAMA-BETA/src/FiveMTool.csproj]
/home/ubuntu/PROGRAMA-BETA/src/External/CodeWalker.Core/World/Scenarios.cs(2089,23): warning CS8618: Non-nullable property 'Name' must contain a non-null value when exiting constructor. Consider declaring the property as nullable. [/home/ubuntu/PROGRAMA-BETA/src/FiveMTool.csproj]
/home/ubuntu/PROGRAMA-BETA/src/External/CodeWalker.Core/World/Scenarios.cs(2090,23): warning CS8618: Non-nullable property 'NameLower' must contain a non-null value when exiting constructor. Consider declaring the property as nullable. [/home/ubuntu/PROGRAMA-BETA/src/FiveMTool.csproj]
/home/ubuntu/PROGRAMA-BETA/src/External/CodeWalker.Core/Utils/FbxConverter.cs(516,41): warning CS8603: Possible null reference return. [/home/ubuntu/PROGRAMA-BETA/src/FiveMTool.csproj]
/home/ubuntu/PROGRAMA-BETA/src/External/CodeWalker.Core/Utils/FbxConverter.cs(517,40): warning CS8603: Possible null reference return. [/home/ubuntu/PROGRAMA-BETA/src/FiveMTool.csproj]
/home/ubuntu/PROGRAMA-BETA/src/External/CodeWalker.Core/Utils/FbxConverter.cs(518,43): warning CS8603: Possible null reference return. [/home/ubuntu/PROGRAMA-BETA/src/FiveMTool.csproj]
/home/ubuntu/PROGRAMA-BETA/src/External/CodeWalker.Core/World/Scenarios.cs(2014,42): warning CS8603: Possible null reference return. [/home/ubuntu/PROGRAMA-BETA/src/FiveMTool.csproj]
/home/ubuntu/PROGRAMA-BETA/src/External/CodeWalker.Core/World/Scenarios.cs(2044,23): warning CS8618: Non-nullable property 'OuterXml' must contain a non-null value when exiting constructor. Consider declaring the property as nullable. [/home/ubuntu/PROGRAMA-BETA/src/FiveMTool.csproj]
/home/ubuntu/PROGRAMA-BETA/src/External/CodeWalker.Core/World/Scenarios.cs(2045,23): warning CS8618: Non-nullable property 'Name' must contain a non-null value when exiting constructor. Consider declaring the property as nullable. [/home/ubuntu/PROGRAMA-BETA/src/FiveMTool.csproj]
/home/ubuntu/PROGRAMA-BETA/src/External/CodeWalker.Core/World/Scenarios.cs(2046,23): warning CS8618: Non-nullable property 'NameLower' must contain a non-null value when exiting constructor. Consider declaring the property as nullable. [/home/ubuntu/PROGRAMA-BETA/src/FiveMTool.csproj]
/home/ubuntu/PROGRAMA-BETA/src/External/CodeWalker.Core/World/Scenarios.cs(2049,23): warning CS8618: Non-nullable property 'VehicleModelSet' must contain a non-null value when exiting constructor. Consider declaring the property as nullable. [/home/ubuntu/PROGRAMA-BETA/src/FiveMTool.csproj]
/home/ubuntu/PROGRAMA-BETA/src/External/CodeWalker.Core/World/Scenarios.cs(2026,21): warning CS8625: Cannot convert null literal to non-nullable reference type. [/home/ubuntu/PROGRAMA-BETA/src/FiveMTool.csproj]
/home/ubuntu/PROGRAMA-BETA/src/External/CodeWalker.Core/World/Scenarios.cs(2022,16): warning CS8618: Non-nullable property 'Group' must contain a non-null value when exiting constructor. Consider declaring the property as nullable. [/home/ubuntu/PROGRAMA-BETA/src/FiveMTool.csproj]
/home/ubuntu/PROGRAMA-BETA/src/External/CodeWalker.Core/World/Scenarios.cs(2032,20): warning CS8625: Cannot convert null literal to non-nullable reference type. [/home/ubuntu/PROGRAMA-BETA/src/FiveMTool.csproj]
/home/ubuntu/PROGRAMA-BETA/src/External/CodeWalker.Core/World/Scenarios.cs(2029,16): warning CS8618: Non-nullable property 'Type' must contain a non-null value when exiting constructor. Consider declaring the property as nullable. [/home/ubuntu/PROGRAMA-BETA/src/FiveMTool.csproj]
/home/ubuntu/PROGRAMA-BETA/src/External/CodeWalker.Core/World/Space.cs(196,70): warning CS8600: Converting null literal or possible null value to non-nullable type. [/home/ubuntu/PROGRAMA-BETA/src/FiveMTool.csproj]
/home/ubuntu/PROGRAMA-BETA/src/External/CodeWalker.Core/World/Space.cs(210,69): warning CS8600: Converting null literal or possible null value to non-nullable type. [/home/ubuntu/PROGRAMA-BETA/src/FiveMTool.csproj]
/home/ubuntu/PROGRAMA-BETA/src/External/CodeWalker.Core/World/Scenarios.cs(1596,22): warning CS8601: Possible null reference assignment. [/home/ubuntu/PROGRAMA-BETA/src/FiveMTool.csproj]
/home/ubuntu/PROGRAMA-BETA/src/External/CodeWalker.Core/World/Scenarios.cs(1593,16): warning CS8618: Non-nullable property 'Region' must contain a non-null value when exiting constructor. Consider declaring the property as nullable. [/home/ubuntu/PROGRAMA-BETA/src/FiveMTool.csproj]
/home/ubuntu/PROGRAMA-BETA/src/External/CodeWalker.Core/World/Scenarios.cs(1593,16): warning CS8618: Non-nullable property 'MyPoint' must contain a non-null value when exiting constructor. Consider declaring the property as nullable. [/home/ubuntu/PROGRAMA-BETA/src/FiveMTool.csproj]
/home/ubuntu/PROGRAMA-BETA/src/External/CodeWalker.Core/World/Scenarios.cs(1593,16): warning CS8618: Non-nullable property 'LoadSavePoint' must contain a non-null value when exiting constructor. Consider declaring the property as nullable. [/home/ubuntu/PROGRAMA-BETA/src/FiveMTool.csproj]
/home/ubuntu/PROGRAMA-BETA/src/External/CodeWalker.Core/World/Scenarios.cs(1593,16): warning CS8618: Non-nullable property 'Cluster' must contain a non-null value when exiting constructor. Consider declaring the property as nullable. [/home/ubuntu/PROGRAMA-BETA/src/FiveMTool.csproj]
/home/ubuntu/PROGRAMA-BETA/src/External/CodeWalker.Core/World/Scenarios.cs(1593,16): warning CS8618: Non-nullable property 'ClusterMyPoint' must contain a non-null value when exiting constructor. Consider declaring the property as nullable. [/home/ubuntu/PROGRAMA-BETA/src/FiveMTool.csproj]
/home/ubuntu/PROGRAMA-BETA/src/External/CodeWalker.Core/World/Scenarios.cs(1593,16): warning CS8618: Non-nullable property 'ClusterLoadSavePoint' must contain a non-null value when exiting constructor. Consider declaring the property as nullable. [/home/ubuntu/PROGRAMA-BETA/src/FiveMTool.csproj]
/home/ubuntu/PROGRAMA-BETA/src/External/CodeWalker.Core/World/Scenarios.cs(1593,16): warning CS8618: Non-nullable property 'Entity' must contain a non-null value when exiting constructor. Consider declaring the property as nullable. [/home/ubuntu/PROGRAMA-BETA/src/FiveMTool.csproj]
/home/ubuntu/PROGRAMA-BETA/src/External/CodeWalker.Core/World/Scenarios.cs(1593,16): warning CS8618: Non-nullable property 'EntityPoint' must contain a non-null value when exiting constructor. Consider declaring the property as nullable. [/home/ubuntu/PROGRAMA-BETA/src/FiveMTool.csproj]
/home/ubuntu/PROGRAMA-BETA/src/External/CodeWalker.Core/World/Scenarios.cs(1593,16): warning CS8618: Non-nullable property 'ChainingNode' must contain a non-null value when exiting constructor. Consider declaring the property as nullable. [/home/ubuntu/PROGRAMA-BETA/src/FiveMTool.csproj]
/home/ubuntu/PROGRAMA-BETA/src/External/CodeWalker.Core/Utils/FbxConverter.cs(677,34): warning CS8604: Possible null reference argument for parameter 'item' in 'void List<string>.Add(string item)'. [/home/ubuntu/PROGRAMA-BETA/src/FiveMTool.csproj]
/home/ubuntu/PROGRAMA-BETA/src/External/CodeWalker.Core/World/Scenarios.cs(1706,38): warning CS8602: Dereference of a possibly null reference. [/home/ubuntu/PROGRAMA-BETA/src/FiveMTool.csproj]
/home/ubuntu/PROGRAMA-BETA/src/External/CodeWalker.Core/World/Scenarios.cs(1709,40): warning CS8600: Converting null literal or possible null value to non-nullable type. [/home/ubuntu/PROGRAMA-BETA/src/FiveMTool.csproj]
/home/ubuntu/PROGRAMA-BETA/src/External/CodeWalker.Core/World/Scenarios.cs(1765,38): warning CS8602: Dereference of a possibly null reference. [/home/ubuntu/PROGRAMA-BETA/src/FiveMTool.csproj]
/home/ubuntu/PROGRAMA-BETA/src/External/CodeWalker.Core/World/Scenarios.cs(155,22): warning CS8601: Possible null reference assignment. [/home/ubuntu/PROGRAMA-BETA/src/FiveMTool.csproj]
/home/ubuntu/PROGRAMA-BETA/src/External/CodeWalker.Core/World/Scenarios.cs(1807,38): warning CS8602: Dereference of a possibly null reference. [/home/ubuntu/PROGRAMA-BETA/src/FiveMTool.csproj]
/home/ubuntu/PROGRAMA-BETA/src/External/CodeWalker.Core/World/Scenarios.cs(1836,38): warning CS8602: Dereference of a possibly null reference. [/home/ubuntu/PROGRAMA-BETA/src/FiveMTool.csproj]
/home/ubuntu/PROGRAMA-BETA/src/External/CodeWalker.Core/World/Scenarios.cs(1859,46): warning CS8603: Possible null reference return. [/home/ubuntu/PROGRAMA-BETA/src/FiveMTool.csproj]
/home/ubuntu/PROGRAMA-BETA/src/External/CodeWalker.Core/World/Scenarios.cs(1861,48): warning CS8600: Converting null literal or possible null value to non-nullable type. [/home/ubuntu/PROGRAMA-BETA/src/FiveMTool.csproj]
/home/ubuntu/PROGRAMA-BETA/src/External/CodeWalker.Core/World/Scenarios.cs(1862,24): warning CS8603: Possible null reference return. [/home/ubuntu/PROGRAMA-BETA/src/FiveMTool.csproj]
/home/ubuntu/PROGRAMA-BETA/src/External/CodeWalker.Core/World/Scenarios.cs(1869,43): warning CS8603: Possible null reference return. [/home/ubuntu/PROGRAMA-BETA/src/FiveMTool.csproj]
/home/ubuntu/PROGRAMA-BETA/src/External/CodeWalker.Core/World/Scenarios.cs(1871,45): warning CS8600: Converting null literal or possible null value to non-nullable type. [/home/ubuntu/PROGRAMA-BETA/src/FiveMTool.csproj]
/home/ubuntu/PROGRAMA-BETA/src/External/CodeWalker.Core/World/Scenarios.cs(1872,24): warning CS8603: Possible null reference return. [/home/ubuntu/PROGRAMA-BETA/src/FiveMTool.csproj]
/home/ubuntu/PROGRAMA-BETA/src/External/CodeWalker.Core/World/Space.cs(389,43): warning CS8600: Converting null literal or possible null value to non-nullable type. [/home/ubuntu/PROGRAMA-BETA/src/FiveMTool.csproj]
/home/ubuntu/PROGRAMA-BETA/src/External/CodeWalker.Core/World/Space.cs(390,60): warning CS8600: Converting null literal or possible null value to non-nullable type. [/home/ubuntu/PROGRAMA-BETA/src/FiveMTool.csproj]
/home/ubuntu/PROGRAMA-BETA/src/External/CodeWalker.Core/World/Scenarios.cs(1879,48): warning CS8603: Possible null reference return. [/home/ubuntu/PROGRAMA-BETA/src/FiveMTool.csproj]
/home/ubuntu/PROGRAMA-BETA/src/External/CodeWalker.Core/World/Scenarios.cs(1881,50): warning CS8600: Converting null literal or possible null value to non-nullable type. [/home/ubuntu/PROGRAMA-BETA/src/FiveMTool.csproj]
/home/ubuntu/PROGRAMA-BETA/src/External/CodeWalker.Core/World/Scenarios.cs(1882,24): warning CS8603: Possible null reference return. [/home/ubuntu/PROGRAMA-BETA/src/FiveMTool.csproj]
/home/ubuntu/PROGRAMA-BETA/src/External/CodeWalker.Core/World/Scenarios.cs(1889,46): warning CS8603: Possible null reference return. [/home/ubuntu/PROGRAMA-BETA/src/FiveMTool.csproj]
/home/ubuntu/PROGRAMA-BETA/src/External/CodeWalker.Core/World/Scenarios.cs(1891,48): warning CS8600: Converting null literal or possible null value to non-nullable type. [/home/ubuntu/PROGRAMA-BETA/src/FiveMTool.csproj]
/home/ubuntu/PROGRAMA-BETA/src/External/CodeWalker.Core/World/Scenarios.cs(1892,24): warning CS8603: Possible null reference return. [/home/ubuntu/PROGRAMA-BETA/src/FiveMTool.csproj]
/home/ubuntu/PROGRAMA-BETA/src/External/CodeWalker.Core/World/Space.cs(511,43): warning CS8600: Converting null literal or possible null value to non-nullable type. [/home/ubuntu/PROGRAMA-BETA/src/FiveMTool.csproj]
/home/ubuntu/PROGRAMA-BETA/src/External/CodeWalker.Core/World/Space.cs(516,54): warning CS8601: Possible null reference assignment. [/home/ubuntu/PROGRAMA-BETA/src/FiveMTool.csproj]
/home/ubuntu/PROGRAMA-BETA/src/External/CodeWalker.Core/World/Scenarios.cs(1899,50): warning CS8603: Possible null reference return. [/home/ubuntu/PROGRAMA-BETA/src/FiveMTool.csproj]
/home/ubuntu/PROGRAMA-BETA/src/External/CodeWalker.Core/World/Scenarios.cs(1901,56): warning CS8600: Converting null literal or possible null value to non-nullable type. [/home/ubuntu/PROGRAMA-BETA/src/FiveMTool.csproj]
/home/ubuntu/PROGRAMA-BETA/src/External/CodeWalker.Core/Utils/FbxConverter.cs(902,20): warning CS8603: Possible null reference return. [/home/ubuntu/PROGRAMA-BETA/src/FiveMTool.csproj]
/home/ubuntu/PROGRAMA-BETA/src/External/CodeWalker.Core/World/Scenarios.cs(1918,54): warning CS8603: Possible null reference return. [/home/ubuntu/PROGRAMA-BETA/src/FiveMTool.csproj]
/home/ubuntu/PROGRAMA-BETA/src/External/CodeWalker.Core/World/Scenarios.cs(1920,60): warning CS8600: Converting null literal or possible null value to non-nullable type. [/home/ubuntu/PROGRAMA-BETA/src/FiveMTool.csproj]
/home/ubuntu/PROGRAMA-BETA/src/External/CodeWalker.Core/World/Scenarios.cs(1937,48): warning CS8603: Possible null reference return. [/home/ubuntu/PROGRAMA-BETA/src/FiveMTool.csproj]
/home/ubuntu/PROGRAMA-BETA/src/External/CodeWalker.Core/World/Scenarios.cs(1939,50): warning CS8600: Converting null literal or possible null value to non-nullable type. [/home/ubuntu/PROGRAMA-BETA/src/FiveMTool.csproj]
/home/ubuntu/PROGRAMA-BETA/src/External/CodeWalker.Core/World/Scenarios.cs(1940,24): warning CS8603: Possible null reference return. [/home/ubuntu/PROGRAMA-BETA/src/FiveMTool.csproj]
/home/ubuntu/PROGRAMA-BETA/src/External/CodeWalker.Core/World/Scenarios.cs(1948,46): warning CS8603: Possible null reference return. [/home/ubuntu/PROGRAMA-BETA/src/FiveMTool.csproj]
/home/ubuntu/PROGRAMA-BETA/src/External/CodeWalker.Core/World/Scenarios.cs(1956,43): warning CS8603: Possible null reference return. [/home/ubuntu/PROGRAMA-BETA/src/FiveMTool.csproj]
/home/ubuntu/PROGRAMA-BETA/src/External/CodeWalker.Core/World/Scenarios.cs(1964,48): warning CS8603: Possible null reference return. [/home/ubuntu/PROGRAMA-BETA/src/FiveMTool.csproj]
/home/ubuntu/PROGRAMA-BETA/src/External/CodeWalker.Core/World/Scenarios.cs(1972,46): warning CS8603: Possible null reference return. [/home/ubuntu/PROGRAMA-BETA/src/FiveMTool.csproj]
/home/ubuntu/PROGRAMA-BETA/src/External/CodeWalker.Core/World/Scenarios.cs(1980,50): warning CS8603: Possible null reference return. [/home/ubuntu/PROGRAMA-BETA/src/FiveMTool.csproj]
/home/ubuntu/PROGRAMA-BETA/src/External/CodeWalker.Core/World/Scenarios.cs(1988,54): warning CS8603: Possible null reference return. [/home/ubuntu/PROGRAMA-BETA/src/FiveMTool.csproj]
/home/ubuntu/PROGRAMA-BETA/src/External/CodeWalker.Core/World/Scenarios.cs(1996,48): warning CS8603: Possible null reference return. [/home/ubuntu/PROGRAMA-BETA/src/FiveMTool.csproj]
/home/ubuntu/PROGRAMA-BETA/src/External/CodeWalker.Core/World/Scenarios.cs(1645,51): warning CS8618: Non-nullable property 'TypeRefs' must contain a non-null value when exiting constructor. Consider declaring the property as nullable. [/home/ubuntu/PROGRAMA-BETA/src/FiveMTool.csproj]
/home/ubuntu/PROGRAMA-BETA/src/External/CodeWalker.Core/World/Scenarios.cs(1646,48): warning CS8618: Non-nullable property 'Types' must contain a non-null value when exiting constructor. Consider declaring the property as nullable. [/home/ubuntu/PROGRAMA-BETA/src/FiveMTool.csproj]
/home/ubuntu/PROGRAMA-BETA/src/External/CodeWalker.Core/World/Scenarios.cs(1647,53): warning CS8618: Non-nullable property 'TypeGroups' must contain a non-null value when exiting constructor. Consider declaring the property as nullable. [/home/ubuntu/PROGRAMA-BETA/src/FiveMTool.csproj]
/home/ubuntu/PROGRAMA-BETA/src/External/CodeWalker.Core/World/Scenarios.cs(1648,51): warning CS8618: Non-nullable property 'PropSets' must contain a non-null value when exiting constructor. Consider declaring the property as nullable. [/home/ubuntu/PROGRAMA-BETA/src/FiveMTool.csproj]
/home/ubuntu/PROGRAMA-BETA/src/External/CodeWalker.Core/World/Scenarios.cs(1649,51): warning CS8618: Non-nullable property 'PedModelSets' must contain a non-null value when exiting constructor. Consider declaring the property as nullable. [/home/ubuntu/PROGRAMA-BETA/src/FiveMTool.csproj]
/home/ubuntu/PROGRAMA-BETA/src/External/CodeWalker.Core/World/Scenarios.cs(1650,51): warning CS8618: Non-nullable property 'VehicleModelSets' must contain a non-null value when exiting constructor. Consider declaring the property as nullable. [/home/ubuntu/PROGRAMA-BETA/src/FiveMTool.csproj]
/home/ubuntu/PROGRAMA-BETA/src/External/CodeWalker.Core/World/Scenarios.cs(1651,57): warning CS8618: Non-nullable property 'AnimGroups' must contain a non-null value when exiting constructor. Consider declaring the property as nullable. [/home/ubuntu/PROGRAMA-BETA/src/FiveMTool.csproj]
/home/ubuntu/PROGRAMA-BETA/src/External/CodeWalker.Core/World/PopZones.cs(162,23): warning CS8618: Non-nullable property 'NameLabel' must contain a non-null value when exiting constructor. Consider declaring the property as nullable. [/home/ubuntu/PROGRAMA-BETA/src/FiveMTool.csproj]
/home/ubuntu/PROGRAMA-BETA/src/External/CodeWalker.Core/World/PopZones.cs(163,23): warning CS8618: Non-nullable property 'Name' must contain a non-null value when exiting constructor. Consider declaring the property as nullable. [/home/ubuntu/PROGRAMA-BETA/src/FiveMTool.csproj]
/home/ubuntu/PROGRAMA-BETA/src/External/CodeWalker.Core/World/PopZones.cs(20,20): warning CS8603: Possible null reference return. [/home/ubuntu/PROGRAMA-BETA/src/FiveMTool.csproj]
/home/ubuntu/PROGRAMA-BETA/src/External/CodeWalker.Core/World/PopZones.cs(24,20): warning CS8603: Possible null reference return. [/home/ubuntu/PROGRAMA-BETA/src/FiveMTool.csproj]
/home/ubuntu/PROGRAMA-BETA/src/External/CodeWalker.Core/World/PopZones.cs(175,23): warning CS8618: Non-nullable property 'ID' must contain a non-null value when exiting constructor. Consider declaring the property as nullable. [/home/ubuntu/PROGRAMA-BETA/src/FiveMTool.csproj]
/home/ubuntu/PROGRAMA-BETA/src/External/CodeWalker.Core/World/PopZones.cs(177,23): warning CS8618: Non-nullable property 'NameLabel' must contain a non-null value when exiting constructor. Consider declaring the property as nullable. [/home/ubuntu/PROGRAMA-BETA/src/FiveMTool.csproj]
/home/ubuntu/PROGRAMA-BETA/src/External/CodeWalker.Core/World/Scenarios.cs(17,26): warning CS8618: Non-nullable property 'Timecycle' must contain a non-null value when exiting constructor. Consider declaring the property as nullable. [/home/ubuntu/PROGRAMA-BETA/src/FiveMTool.csproj]
/home/ubuntu/PROGRAMA-BETA/src/External/CodeWalker.Core/World/Scenarios.cs(18,30): warning CS8618: Non-nullable property 'GameFileCache' must contain a non-null value when exiting constructor. Consider declaring the property as nullable. [/home/ubuntu/PROGRAMA-BETA/src/FiveMTool.csproj]
/home/ubuntu/PROGRAMA-BETA/src/External/CodeWalker.Core/World/Scenarios.cs(22,30): warning CS8618: Non-nullable property 'ScenarioRegions' must contain a non-null value when exiting constructor. Consider declaring the property as nullable. [/home/ubuntu/PROGRAMA-BETA/src/FiveMTool.csproj]
/home/ubuntu/PROGRAMA-BETA/src/External/CodeWalker.Core/World/Scenarios.cs(20,37): warning CS8618: Non-nullable property 'ScenarioTypes' must contain a non-null value when exiting constructor. Consider declaring the property as nullable. [/home/ubuntu/PROGRAMA-BETA/src/FiveMTool.csproj]
/home/ubuntu/PROGRAMA-BETA/src/External/CodeWalker.Core/World/PopZones.cs(77,64): warning CS8600: Converting null literal or possible null value to non-nullable type. [/home/ubuntu/PROGRAMA-BETA/src/FiveMTool.csproj]
/home/ubuntu/PROGRAMA-BETA/src/External/CodeWalker.Core/World/Space.cs(696,32): warning CS8625: Cannot convert null literal to non-nullable reference type. [/home/ubuntu/PROGRAMA-BETA/src/FiveMTool.csproj]
/home/ubuntu/PROGRAMA-BETA/src/External/CodeWalker.Core/World/PopZones.cs(150,33): warning CS8625: Cannot convert null literal to non-nullable reference type. [/home/ubuntu/PROGRAMA-BETA/src/FiveMTool.csproj]
/home/ubuntu/PROGRAMA-BETA/src/External/CodeWalker.Core/World/Heightmaps.cs(23,20): warning CS8603: Possible null reference return. [/home/ubuntu/PROGRAMA-BETA/src/FiveMTool.csproj]
/home/ubuntu/PROGRAMA-BETA/src/External/CodeWalker.Core/World/PopZones.cs(14,30): warning CS8618: Non-nullable field 'GameFileCache' must contain a non-null value when exiting constructor. Consider declaring the field as nullable. [/home/ubuntu/PROGRAMA-BETA/src/FiveMTool.csproj]
/home/ubuntu/PROGRAMA-BETA/src/External/CodeWalker.Core/World/PopZones.cs(31,31): warning CS8618: Non-nullable field 'TriangleVerts' must contain a non-null value when exiting constructor. Consider declaring the field as nullable. [/home/ubuntu/PROGRAMA-BETA/src/FiveMTool.csproj]
/home/ubuntu/PROGRAMA-BETA/src/External/CodeWalker.Core/World/Scenarios.cs(531,29): warning CS8625: Cannot convert null literal to non-nullable reference type. [/home/ubuntu/PROGRAMA-BETA/src/FiveMTool.csproj]
/home/ubuntu/PROGRAMA-BETA/src/External/CodeWalker.Core/World/Scenarios.cs(547,33): warning CS8625: Cannot convert null literal to non-nullable reference type. [/home/ubuntu/PROGRAMA-BETA/src/FiveMTool.csproj]
/home/ubuntu/PROGRAMA-BETA/src/External/CodeWalker.Core/World/Scenarios.cs(560,58): warning CS8600: Converting null literal or possible null value to non-nullable type. [/home/ubuntu/PROGRAMA-BETA/src/FiveMTool.csproj]
/home/ubuntu/PROGRAMA-BETA/src/External/CodeWalker.Core/World/Scenarios.cs(566,43): warning CS8604: Possible null reference argument for parameter 'ymt' in 'ScenarioNode.ScenarioNode(YmtFile ymt)'. [/home/ubuntu/PROGRAMA-BETA/src/FiveMTool.csproj]
/home/ubuntu/PROGRAMA-BETA/src/External/CodeWalker.Core/World/Heightmaps.cs(85,33): warning CS8625: Cannot convert null literal to non-nullable reference type. [/home/ubuntu/PROGRAMA-BETA/src/FiveMTool.csproj]
/home/ubuntu/PROGRAMA-BETA/src/External/CodeWalker.Core/World/Heightmaps.cs(93,33): warning CS8625: Cannot convert null literal to non-nullable reference type. [/home/ubuntu/PROGRAMA-BETA/src/FiveMTool.csproj]
/home/ubuntu/PROGRAMA-BETA/src/External/CodeWalker.Core/World/Scenarios.cs(578,58): warning CS8600: Converting null literal or possible null value to non-nullable type. [/home/ubuntu/PROGRAMA-BETA/src/FiveMTool.csproj]
/home/ubuntu/PROGRAMA-BETA/src/External/CodeWalker.Core/World/Scenarios.cs(585,43): warning CS8604: Possible null reference argument for parameter 'ymt' in 'ScenarioNode.ScenarioNode(YmtFile ymt)'. [/home/ubuntu/PROGRAMA-BETA/src/FiveMTool.csproj]
/home/ubuntu/PROGRAMA-BETA/src/External/CodeWalker.Core/World/Space.cs(798,44): warning CS8625: Cannot convert null literal to non-nullable reference type. [/home/ubuntu/PROGRAMA-BETA/src/FiveMTool.csproj]
/home/ubuntu/PROGRAMA-BETA/src/External/CodeWalker.Core/World/Scenarios.cs(597,58): warning CS8600: Converting null literal or possible null value to non-nullable type. [/home/ubuntu/PROGRAMA-BETA/src/FiveMTool.csproj]
/home/ubuntu/PROGRAMA-BETA/src/External/CodeWalker.Core/World/Scenarios.cs(603,43): warning CS8604: Possible null reference argument for parameter 'ymt' in 'ScenarioNode.ScenarioNode(YmtFile ymt)'. [/home/ubuntu/PROGRAMA-BETA/src/FiveMTool.csproj]
/home/ubuntu/PROGRAMA-BETA/src/External/CodeWalker.Core/World/Scenarios.cs(615,60): warning CS8600: Converting null literal or possible null value to non-nullable type. [/home/ubuntu/PROGRAMA-BETA/src/FiveMTool.csproj]
/home/ubuntu/PROGRAMA-BETA/src/External/CodeWalker.Core/World/Scenarios.cs(621,43): warning CS8604: Possible null reference argument for parameter 'ymt' in 'ScenarioNode.ScenarioNode(YmtFile ymt)'. [/home/ubuntu/PROGRAMA-BETA/src/FiveMTool.csproj]
/home/ubuntu/PROGRAMA-BETA/src/External/CodeWalker.Core/World/Ped.cs(58,24): warning CS8625: Cannot convert null literal to non-nullable reference type. [/home/ubuntu/PROGRAMA-BETA/src/FiveMTool.csproj]
/home/ubuntu/PROGRAMA-BETA/src/External/CodeWalker.Core/World/Ped.cs(59,19): warning CS8625: Cannot convert null literal to non-nullable reference type. [/home/ubuntu/PROGRAMA-BETA/src/FiveMTool.csproj]
/home/ubuntu/PROGRAMA-BETA/src/External/CodeWalker.Core/World/Ped.cs(60,19): warning CS8625: Cannot convert null literal to non-nullable reference type. [/home/ubuntu/PROGRAMA-BETA/src/FiveMTool.csproj]
/home/ubuntu/PROGRAMA-BETA/src/External/CodeWalker.Core/World/Ped.cs(61,19): warning CS8625: Cannot convert null literal to non-nullable reference type. [/home/ubuntu/PROGRAMA-BETA/src/FiveMTool.csproj]
/home/ubuntu/PROGRAMA-BETA/src/External/CodeWalker.Core/World/Ped.cs(62,19): warning CS8625: Cannot convert null literal to non-nullable reference type. [/home/ubuntu/PROGRAMA-BETA/src/FiveMTool.csproj]
/home/ubuntu/PROGRAMA-BETA/src/External/CodeWalker.Core/World/Ped.cs(63,19): warning CS8625: Cannot convert null literal to non-nullable reference type. [/home/ubuntu/PROGRAMA-BETA/src/FiveMTool.csproj]
/home/ubuntu/PROGRAMA-BETA/src/External/CodeWalker.Core/World/Ped.cs(64,19): warning CS8625: Cannot convert null literal to non-nullable reference type. [/home/ubuntu/PROGRAMA-BETA/src/FiveMTool.csproj]
/home/ubuntu/PROGRAMA-BETA/src/External/CodeWalker.Core/World/Ped.cs(65,19): warning CS8625: Cannot convert null literal to non-nullable reference type. [/home/ubuntu/PROGRAMA-BETA/src/FiveMTool.csproj]
/home/ubuntu/PROGRAMA-BETA/src/External/CodeWalker.Core/World/Ped.cs(66,24): warning CS8625: Cannot convert null literal to non-nullable reference type. [/home/ubuntu/PROGRAMA-BETA/src/FiveMTool.csproj]
/home/ubuntu/PROGRAMA-BETA/src/External/CodeWalker.Core/World/Ped.cs(69,32): warning CS8625: Cannot convert null literal to non-nullable reference type. [/home/ubuntu/PROGRAMA-BETA/src/FiveMTool.csproj]
/home/ubuntu/PROGRAMA-BETA/src/External/CodeWalker.Core/World/Ped.cs(70,31): warning CS8625: Cannot convert null literal to non-nullable reference type. [/home/ubuntu/PROGRAMA-BETA/src/FiveMTool.csproj]
/home/ubuntu/PROGRAMA-BETA/src/External/CodeWalker.Core/World/Ped.cs(71,34): warning CS8625: Cannot convert null literal to non-nullable reference type. [/home/ubuntu/PROGRAMA-BETA/src/FiveMTool.csproj]
/home/ubuntu/PROGRAMA-BETA/src/External/CodeWalker.Core/World/Ped.cs(75,48): warning CS8600: Converting null literal or possible null value to non-nullable type. [/home/ubuntu/PROGRAMA-BETA/src/FiveMTool.csproj]
/home/ubuntu/PROGRAMA-BETA/src/External/CodeWalker.Core/World/Ped.cs(76,60): warning CS8600: Converting null literal or possible null value to non-nullable type. [/home/ubuntu/PROGRAMA-BETA/src/FiveMTool.csproj]
/home/ubuntu/PROGRAMA-BETA/src/External/CodeWalker.Core/World/Ped.cs(91,31): warning CS8600: Converting null literal or possible null value to non-nullable type. [/home/ubuntu/PROGRAMA-BETA/src/FiveMTool.csproj]
/home/ubuntu/PROGRAMA-BETA/src/External/CodeWalker.Core/World/Ped.cs(92,61): warning CS8600: Converting null literal or possible null value to non-nullable type. [/home/ubuntu/PROGRAMA-BETA/src/FiveMTool.csproj]
/home/ubuntu/PROGRAMA-BETA/src/External/CodeWalker.Core/World/Ped.cs(93,19): warning CS8601: Possible null reference assignment. [/home/ubuntu/PROGRAMA-BETA/src/FiveMTool.csproj]
/home/ubuntu/PROGRAMA-BETA/src/External/CodeWalker.Core/World/Ped.cs(95,58): warning CS8600: Converting null literal or possible null value to non-nullable type. [/home/ubuntu/PROGRAMA-BETA/src/FiveMTool.csproj]
/home/ubuntu/PROGRAMA-BETA/src/External/CodeWalker.Core/World/Ped.cs(96,60): warning CS8600: Converting null literal or possible null value to non-nullable type. [/home/ubuntu/PROGRAMA-BETA/src/FiveMTool.csproj]
/home/ubuntu/PROGRAMA-BETA/src/External/CodeWalker.Core/World/Ped.cs(97,33): warning CS8601: Possible null reference assignment. [/home/ubuntu/PROGRAMA-BETA/src/FiveMTool.csproj]
/home/ubuntu/PROGRAMA-BETA/src/External/CodeWalker.Core/World/Ped.cs(98,29): warning CS8601: Possible null reference assignment. [/home/ubuntu/PROGRAMA-BETA/src/FiveMTool.csproj]
/home/ubuntu/PROGRAMA-BETA/src/External/CodeWalker.Core/World/Ped.cs(99,59): warning CS8600: Converting null literal or possible null value to non-nullable type. [/home/ubuntu/PROGRAMA-BETA/src/FiveMTool.csproj]
/home/ubuntu/PROGRAMA-BETA/src/External/CodeWalker.Core/World/Ped.cs(100,32): warning CS8601: Possible null reference assignment. [/home/ubuntu/PROGRAMA-BETA/src/FiveMTool.csproj]
/home/ubuntu/PROGRAMA-BETA/src/External/CodeWalker.Core/World/Ped.cs(101,28): warning CS8601: Possible null reference assignment. [/home/ubuntu/PROGRAMA-BETA/src/FiveMTool.csproj]
/home/ubuntu/PROGRAMA-BETA/src/External/CodeWalker.Core/World/Ped.cs(102,57): warning CS8600: Converting null literal or possible null value to non-nullable type. [/home/ubuntu/PROGRAMA-BETA/src/FiveMTool.csproj]
/home/ubuntu/PROGRAMA-BETA/src/External/CodeWalker.Core/World/Ped.cs(103,30): warning CS8601: Possible null reference assignment. [/home/ubuntu/PROGRAMA-BETA/src/FiveMTool.csproj]
/home/ubuntu/PROGRAMA-BETA/src/External/CodeWalker.Core/World/Ped.cs(104,26): warning CS8601: Possible null reference assignment. [/home/ubuntu/PROGRAMA-BETA/src/FiveMTool.csproj]
/home/ubuntu/PROGRAMA-BETA/src/External/CodeWalker.Core/World/Ped.cs(106,38): warning CS8600: Converting null literal or possible null value to non-nullable type. [/home/ubuntu/PROGRAMA-BETA/src/FiveMTool.csproj]
/home/ubuntu/PROGRAMA-BETA/src/External/CodeWalker.Core/World/Ped.cs(107,58): warning CS8600: Converting null literal or possible null value to non-nullable type. [/home/ubuntu/PROGRAMA-BETA/src/FiveMTool.csproj]
/home/ubuntu/PROGRAMA-BETA/src/External/CodeWalker.Core/World/Ped.cs(146,24): warning CS8601: Possible null reference assignment. [/home/ubuntu/PROGRAMA-BETA/src/FiveMTool.csproj]
/home/ubuntu/PROGRAMA-BETA/src/External/CodeWalker.Core/World/Ped.cs(149,32): warning CS8600: Converting null literal or possible null value to non-nullable type. [/home/ubuntu/PROGRAMA-BETA/src/FiveMTool.csproj]
/home/ubuntu/PROGRAMA-BETA/src/External/CodeWalker.Core/World/Ped.cs(150,53): warning CS8600: Converting null literal or possible null value to non-nullable type. [/home/ubuntu/PROGRAMA-BETA/src/FiveMTool.csproj]
/home/ubuntu/PROGRAMA-BETA/src/External/CodeWalker.Core/World/Ped.cs(151,24): warning CS8601: Possible null reference assignment. [/home/ubuntu/PROGRAMA-BETA/src/FiveMTool.csproj]
/home/ubuntu/PROGRAMA-BETA/src/External/CodeWalker.Core/World/Ped.cs(154,31): warning CS8600: Converting null literal or possible null value to non-nullable type. [/home/ubuntu/PROGRAMA-BETA/src/FiveMTool.csproj]
/home/ubuntu/PROGRAMA-BETA/src/External/CodeWalker.Core/World/Ped.cs(155,53): warning CS8600: Converting null literal or possible null value to non-nullable type. [/home/ubuntu/PROGRAMA-BETA/src/FiveMTool.csproj]
/home/ubuntu/PROGRAMA-BETA/src/External/CodeWalker.Core/World/Ped.cs(156,26): warning CS8601: Possible null reference assignment. [/home/ubuntu/PROGRAMA-BETA/src/FiveMTool.csproj]
/home/ubuntu/PROGRAMA-BETA/src/External/CodeWalker.Core/World/Scenarios.cs(632,58): warning CS8600: Converting null literal or possible null value to non-nullable type. [/home/ubuntu/PROGRAMA-BETA/src/FiveMTool.csproj]
/home/ubuntu/PROGRAMA-BETA/src/External/CodeWalker.Core/World/Scenarios.cs(639,43): warning CS8604: Possible null reference argument for parameter 'ymt' in 'ScenarioNode.ScenarioNode(YmtFile ymt)'. [/home/ubuntu/PROGRAMA-BETA/src/FiveMTool.csproj]
/home/ubuntu/PROGRAMA-BETA/src/External/CodeWalker.Core/World/Scenarios.cs(651,58): warning CS8600: Converting null literal or possible null value to non-nullable type. [/home/ubuntu/PROGRAMA-BETA/src/FiveMTool.csproj]
/home/ubuntu/PROGRAMA-BETA/src/External/CodeWalker.Core/World/Scenarios.cs(657,43): warning CS8604: Possible null reference argument for parameter 'ymt' in 'ScenarioNode.ScenarioNode(YmtFile ymt)'. [/home/ubuntu/PROGRAMA-BETA/src/FiveMTool.csproj]
/home/ubuntu/PROGRAMA-BETA/src/External/CodeWalker.Core/World/Entity.cs(13,22): warning CS8618: Non-nullable field 'Space' must contain a non-null value when exiting constructor. Consider declaring the field as nullable. [/home/ubuntu/PROGRAMA-BETA/src/FiveMTool.csproj]
/home/ubuntu/PROGRAMA-BETA/src/External/CodeWalker.Core/World/Entity.cs(14,30): warning CS8618: Non-nullable field 'EntityDef' must contain a non-null value when exiting constructor. Consider declaring the field as nullable. [/home/ubuntu/PROGRAMA-BETA/src/FiveMTool.csproj]
/home/ubuntu/PROGRAMA-BETA/src/External/CodeWalker.Core/World/Scenarios.cs(668,58): warning CS8600: Converting null literal or possible null value to non-nullable type. [/home/ubuntu/PROGRAMA-BETA/src/FiveMTool.csproj]
/home/ubuntu/PROGRAMA-BETA/src/External/CodeWalker.Core/World/Scenarios.cs(674,43): warning CS8604: Possible null reference argument for parameter 'ymt' in 'ScenarioNode.ScenarioNode(YmtFile ymt)'. [/home/ubuntu/PROGRAMA-BETA/src/FiveMTool.csproj]
/home/ubuntu/PROGRAMA-BETA/src/External/CodeWalker.Core/World/Space.cs(850,43): warning CS8600: Converting null literal or possible null value to non-nullable type. [/home/ubuntu/PROGRAMA-BETA/src/FiveMTool.csproj]
/home/ubuntu/PROGRAMA-BETA/src/External/CodeWalker.Core/World/Space.cs(851,60): warning CS8600: Converting null literal or possible null value to non-nullable type. [/home/ubuntu/PROGRAMA-BETA/src/FiveMTool.csproj]
/home/ubuntu/PROGRAMA-BETA/src/External/CodeWalker.Core/World/Space.cs(853,41): warning CS8601: Possible null reference assignment. [/home/ubuntu/PROGRAMA-BETA/src/FiveMTool.csproj]
/home/ubuntu/PROGRAMA-BETA/src/External/CodeWalker.Core/World/Heightmaps.cs(12,30): warning CS8618: Non-nullable field 'GameFileCache' must contain a non-null value when exiting constructor. Consider declaring the field as nullable. [/home/ubuntu/PROGRAMA-BETA/src/FiveMTool.csproj]
/home/ubuntu/PROGRAMA-BETA/src/External/CodeWalker.Core/World/Heightmaps.cs(30,26): warning CS8618: Non-nullable field 'NodePositions' must contain a non-null value when exiting constructor. Consider declaring the field as nullable. [/home/ubuntu/PROGRAMA-BETA/src/FiveMTool.csproj]
/home/ubuntu/PROGRAMA-BETA/src/External/CodeWalker.Core/World/Heightmaps.cs(31,31): warning CS8618: Non-nullable field 'TriangleVerts' must contain a non-null value when exiting constructor. Consider declaring the field as nullable. [/home/ubuntu/PROGRAMA-BETA/src/FiveMTool.csproj]
/home/ubuntu/PROGRAMA-BETA/src/External/CodeWalker.Core/World/Scenarios.cs(686,59): warning CS8600: Converting null literal or possible null value to non-nullable type. [/home/ubuntu/PROGRAMA-BETA/src/FiveMTool.csproj]
/home/ubuntu/PROGRAMA-BETA/src/External/CodeWalker.Core/World/Scenarios.cs(692,43): warning CS8604: Possible null reference argument for parameter 'ymt' in 'ScenarioNode.ScenarioNode(YmtFile ymt)'. [/home/ubuntu/PROGRAMA-BETA/src/FiveMTool.csproj]
/home/ubuntu/PROGRAMA-BETA/src/External/CodeWalker.Core/World/Space.cs(868,43): warning CS8600: Converting null literal or possible null value to non-nullable type. [/home/ubuntu/PROGRAMA-BETA/src/FiveMTool.csproj]
/home/ubuntu/PROGRAMA-BETA/src/External/CodeWalker.Core/World/Space.cs(873,54): warning CS8601: Possible null reference assignment. [/home/ubuntu/PROGRAMA-BETA/src/FiveMTool.csproj]
/home/ubuntu/PROGRAMA-BETA/src/External/CodeWalker.Core/World/Ped.cs(170,40): warning CS8625: Cannot convert null literal to non-nullable reference type. [/home/ubuntu/PROGRAMA-BETA/src/FiveMTool.csproj]
/home/ubuntu/PROGRAMA-BETA/src/External/CodeWalker.Core/World/Ped.cs(171,36): warning CS8625: Cannot convert null literal to non-nullable reference type. [/home/ubuntu/PROGRAMA-BETA/src/FiveMTool.csproj]
/home/ubuntu/PROGRAMA-BETA/src/External/CodeWalker.Core/World/Ped.cs(172,35): warning CS8625: Cannot convert null literal to non-nullable reference type. [/home/ubuntu/PROGRAMA-BETA/src/FiveMTool.csproj]
/home/ubuntu/PROGRAMA-BETA/src/External/CodeWalker.Core/World/Ped.cs(173,38): warning CS8625: Cannot convert null literal to non-nullable reference type. [/home/ubuntu/PROGRAMA-BETA/src/FiveMTool.csproj]
/home/ubuntu/PROGRAMA-BETA/src/External/CodeWalker.Core/World/Ped.cs(178,26): warning CS8600: Converting null literal or possible null value to non-nullable type. [/home/ubuntu/PROGRAMA-BETA/src/FiveMTool.csproj]
/home/ubuntu/PROGRAMA-BETA/src/External/CodeWalker.Core/World/Ped.cs(181,52): warning CS8600: Converting null literal or possible null value to non-nullable type. [/home/ubuntu/PROGRAMA-BETA/src/FiveMTool.csproj]
/home/ubuntu/PROGRAMA-BETA/src/External/CodeWalker.Core/World/Ped.cs(185,37): warning CS8600: Converting null literal or possible null value to non-nullable type. [/home/ubuntu/PROGRAMA-BETA/src/FiveMTool.csproj]
/home/ubuntu/PROGRAMA-BETA/src/External/CodeWalker.Core/World/Ped.cs(186,65): warning CS8600: Converting null literal or possible null value to non-nullable type. [/home/ubuntu/PROGRAMA-BETA/src/FiveMTool.csproj]
/home/ubuntu/PROGRAMA-BETA/src/External/CodeWalker.Core/World/Ped.cs(202,25): warning CS8600: Converting null literal or possible null value to non-nullable type. [/home/ubuntu/PROGRAMA-BETA/src/FiveMTool.csproj]
/home/ubuntu/PROGRAMA-BETA/src/External/CodeWalker.Core/World/Ped.cs(205,63): warning CS8600: Converting null literal or possible null value to non-nullable type. [/home/ubuntu/PROGRAMA-BETA/src/FiveMTool.csproj]
/home/ubuntu/PROGRAMA-BETA/src/External/CodeWalker.Core/World/Ped.cs(209,37): warning CS8600: Converting null literal or possible null value to non-nullable type. [/home/ubuntu/PROGRAMA-BETA/src/FiveMTool.csproj]
/home/ubuntu/PROGRAMA-BETA/src/External/CodeWalker.Core/World/Ped.cs(210,63): warning CS8600: Converting null literal or possible null value to non-nullable type. [/home/ubuntu/PROGRAMA-BETA/src/FiveMTool.csproj]
/home/ubuntu/PROGRAMA-BETA/src/External/CodeWalker.Core/World/Ped.cs(225,33): warning CS8600: Converting null literal or possible null value to non-nullable type. [/home/ubuntu/PROGRAMA-BETA/src/FiveMTool.csproj]
/home/ubuntu/PROGRAMA-BETA/src/External/CodeWalker.Core/World/Ped.cs(228,52): warning CS8600: Converting null literal or possible null value to non-nullable type. [/home/ubuntu/PROGRAMA-BETA/src/FiveMTool.csproj]
/home/ubuntu/PROGRAMA-BETA/src/External/CodeWalker.Core/World/Ped.cs(232,37): warning CS8600: Converting null literal or possible null value to non-nullable type. [/home/ubuntu/PROGRAMA-BETA/src/FiveMTool.csproj]
/home/ubuntu/PROGRAMA-BETA/src/External/CodeWalker.Core/World/Ped.cs(233,62): warning CS8600: Converting null literal or possible null value to non-nullable type. [/home/ubuntu/PROGRAMA-BETA/src/FiveMTool.csproj]
/home/ubuntu/PROGRAMA-BETA/src/External/CodeWalker.Core/World/Ped.cs(247,31): warning CS8600: Converting null literal or possible null value to non-nullable type. [/home/ubuntu/PROGRAMA-BETA/src/FiveMTool.csproj]
/home/ubuntu/PROGRAMA-BETA/src/External/CodeWalker.Core/World/Ped.cs(254,28): warning CS8600: Converting null literal or possible null value to non-nullable type. [/home/ubuntu/PROGRAMA-BETA/src/FiveMTool.csproj]
/home/ubuntu/PROGRAMA-BETA/src/External/CodeWalker.Core/World/Ped.cs(257,55): warning CS8600: Converting null literal or possible null value to non-nullable type. [/home/ubuntu/PROGRAMA-BETA/src/FiveMTool.csproj]
/home/ubuntu/PROGRAMA-BETA/src/External/CodeWalker.Core/World/Ped.cs(261,47): warning CS8601: Possible null reference assignment. [/home/ubuntu/PROGRAMA-BETA/src/FiveMTool.csproj]
/home/ubuntu/PROGRAMA-BETA/src/External/CodeWalker.Core/World/Clouds.cs(391,54): warning CS8604: Possible null reference argument for parameter 'node' in 'int Xml.GetChildIntAttribute(XmlNode node, string name, string attribute = "value")'. [/home/ubuntu/PROGRAMA-BETA/src/FiveMTool.csproj]
/home/ubuntu/PROGRAMA-BETA/src/External/CodeWalker.Core/World/Clouds.cs(385,43): warning CS8618: Non-nullable property 'keyEntryData' must contain a non-null value when exiting constructor. Consider declaring the property as nullable. [/home/ubuntu/PROGRAMA-BETA/src/FiveMTool.csproj]
/home/ubuntu/PROGRAMA-BETA/src/External/CodeWalker.Core/World/Ped.cs(277,81): warning CS8602: Dereference of a possibly null reference. [/home/ubuntu/PROGRAMA-BETA/src/FiveMTool.csproj]
/home/ubuntu/PROGRAMA-BETA/src/External/CodeWalker.Core/World/Ped.cs(282,53): warning CS8604: Possible null reference argument for parameter 'name' in 'void Ped.SetComponentDrawable(int index, string name, string tex, GameFileCache gfc)'. [/home/ubuntu/PROGRAMA-BETA/src/FiveMTool.csproj]
/home/ubuntu/PROGRAMA-BETA/src/External/CodeWalker.Core/World/Ped.cs(282,59): warning CS8604: Possible null reference argument for parameter 'tex' in 'void Ped.SetComponentDrawable(int index, string name, string tex, GameFileCache gfc)'. [/home/ubuntu/PROGRAMA-BETA/src/FiveMTool.csproj]
/home/ubuntu/PROGRAMA-BETA/src/External/CodeWalker.Core/World/Ped.cs(17,65): warning CS8625: Cannot convert null literal to non-nullable reference type. [/home/ubuntu/PROGRAMA-BETA/src/FiveMTool.csproj]
/home/ubuntu/PROGRAMA-BETA/src/External/CodeWalker.Core/World/Ped.cs(18,44): warning CS8625: Cannot convert null literal to non-nullable reference type. [/home/ubuntu/PROGRAMA-BETA/src/FiveMTool.csproj]
/home/ubuntu/PROGRAMA-BETA/src/External/CodeWalker.Core/World/Ped.cs(19,44): warning CS8625: Cannot convert null literal to non-nullable reference type. [/home/ubuntu/PROGRAMA-BETA/src/FiveMTool.csproj]
/home/ubuntu/PROGRAMA-BETA/src/External/CodeWalker.Core/World/Ped.cs(20,44): warning CS8625: Cannot convert null literal to non-nullable reference type. [/home/ubuntu/PROGRAMA-BETA/src/FiveMTool.csproj]
/home/ubuntu/PROGRAMA-BETA/src/External/CodeWalker.Core/World/Ped.cs(21,44): warning CS8625: Cannot convert null literal to non-nullable reference type. [/home/ubuntu/PROGRAMA-BETA/src/FiveMTool.csproj]
/home/ubuntu/PROGRAMA-BETA/src/External/CodeWalker.Core/World/Ped.cs(22,44): warning CS8625: Cannot convert null literal to non-nullable reference type. [/home/ubuntu/PROGRAMA-BETA/src/FiveMTool.csproj]
/home/ubuntu/PROGRAMA-BETA/src/External/CodeWalker.Core/World/Ped.cs(23,44): warning CS8625: Cannot convert null literal to non-nullable reference type. [/home/ubuntu/PROGRAMA-BETA/src/FiveMTool.csproj]
/home/ubuntu/PROGRAMA-BETA/src/External/CodeWalker.Core/World/Ped.cs(24,44): warning CS8625: Cannot convert null literal to non-nullable reference type. [/home/ubuntu/PROGRAMA-BETA/src/FiveMTool.csproj]
/home/ubuntu/PROGRAMA-BETA/src/External/CodeWalker.Core/World/Ped.cs(25,85): warning CS8625: Cannot convert null literal to non-nullable reference type. [/home/ubuntu/PROGRAMA-BETA/src/FiveMTool.csproj]
/home/ubuntu/PROGRAMA-BETA/src/External/CodeWalker.Core/World/Ped.cs(26,84): warning CS8625: Cannot convert null literal to non-nullable reference type. [/home/ubuntu/PROGRAMA-BETA/src/FiveMTool.csproj]
/home/ubuntu/PROGRAMA-BETA/src/External/CodeWalker.Core/World/Ped.cs(27,82): warning CS8625: Cannot convert null literal to non-nullable reference type. [/home/ubuntu/PROGRAMA-BETA/src/FiveMTool.csproj]
/home/ubuntu/PROGRAMA-BETA/src/External/CodeWalker.Core/World/Ped.cs(28,61): warning CS8625: Cannot convert null literal to non-nullable reference type. [/home/ubuntu/PROGRAMA-BETA/src/FiveMTool.csproj]
/home/ubuntu/PROGRAMA-BETA/src/External/CodeWalker.Core/World/Ped.cs(29,60): warning CS8625: Cannot convert null literal to non-nullable reference type. [/home/ubuntu/PROGRAMA-BETA/src/FiveMTool.csproj]
/home/ubuntu/PROGRAMA-BETA/src/External/CodeWalker.Core/World/Ped.cs(30,58): warning CS8625: Cannot convert null literal to non-nullable reference type. [/home/ubuntu/PROGRAMA-BETA/src/FiveMTool.csproj]
/home/ubuntu/PROGRAMA-BETA/src/External/CodeWalker.Core/World/Ped.cs(31,54): warning CS8625: Cannot convert null literal to non-nullable reference type. [/home/ubuntu/PROGRAMA-BETA/src/FiveMTool.csproj]
/home/ubuntu/PROGRAMA-BETA/src/External/CodeWalker.Core/World/Ped.cs(32,54): warning CS8625: Cannot convert null literal to non-nullable reference type. [/home/ubuntu/PROGRAMA-BETA/src/FiveMTool.csproj]
/home/ubuntu/PROGRAMA-BETA/src/External/CodeWalker.Core/World/Ped.cs(39,50): warning CS8625: Cannot convert null literal to non-nullable reference type. [/home/ubuntu/PROGRAMA-BETA/src/FiveMTool.csproj]
/home/ubuntu/PROGRAMA-BETA/src/External/CodeWalker.Core/World/Clouds.cs(356,22): warning CS8618: Non-nullable property 'Probability' must contain a non-null value when exiting constructor. Consider declaring the property as nullable. [/home/ubuntu/PROGRAMA-BETA/src/FiveMTool.csproj]
/home/ubuntu/PROGRAMA-BETA/src/External/CodeWalker.Core/World/Clouds.cs(357,22): warning CS8618: Non-nullable property 'Bits' must contain a non-null value when exiting constructor. Consider declaring the property as nullable. [/home/ubuntu/PROGRAMA-BETA/src/FiveMTool.csproj]
/home/ubuntu/PROGRAMA-BETA/src/External/CodeWalker.Core/World/Scenarios.cs(776,44): warning CS8601: Possible null reference assignment. [/home/ubuntu/PROGRAMA-BETA/src/FiveMTool.csproj]
/home/ubuntu/PROGRAMA-BETA/src/External/CodeWalker.Core/World/Scenarios.cs(781,57): warning CS8600: Converting null literal or possible null value to non-nullable type. [/home/ubuntu/PROGRAMA-BETA/src/FiveMTool.csproj]
/home/ubuntu/PROGRAMA-BETA/src/External/CodeWalker.Core/World/Scenarios.cs(805,33): warning CS8602: Dereference of a possibly null reference. [/home/ubuntu/PROGRAMA-BETA/src/FiveMTool.csproj]
/home/ubuntu/PROGRAMA-BETA/src/External/CodeWalker.Core/World/Clouds.cs(298,34): warning CS8600: Converting null literal or possible null value to non-nullable type. [/home/ubuntu/PROGRAMA-BETA/src/FiveMTool.csproj]
/home/ubuntu/PROGRAMA-BETA/src/External/CodeWalker.Core/World/Clouds.cs(299,38): warning CS8602: Dereference of a possibly null reference. [/home/ubuntu/PROGRAMA-BETA/src/FiveMTool.csproj]
/home/ubuntu/PROGRAMA-BETA/src/External/CodeWalker.Core/World/Clouds.cs(301,37): warning CS8600: Converting null literal or possible null value to non-nullable type. [/home/ubuntu/PROGRAMA-BETA/src/FiveMTool.csproj]
/home/ubuntu/PROGRAMA-BETA/src/External/CodeWalker.Core/World/Clouds.cs(282,24): warning CS8618: Non-nullable property 'KeyframeTimes' must contain a non-null value when exiting constructor. Consider declaring the property as nullable. [/home/ubuntu/PROGRAMA-BETA/src/FiveMTool.csproj]
/home/ubuntu/PROGRAMA-BETA/src/External/CodeWalker.Core/World/Clouds.cs(283,57): warning CS8618: Non-nullable property 'SettingsMap' must contain a non-null value when exiting constructor. Consider declaring the property as nullable. [/home/ubuntu/PROGRAMA-BETA/src/FiveMTool.csproj]
/home/ubuntu/PROGRAMA-BETA/src/External/CodeWalker.Core/World/Clouds.cs(333,28): warning CS8602: Dereference of a possibly null reference. [/home/ubuntu/PROGRAMA-BETA/src/FiveMTool.csproj]
/home/ubuntu/PROGRAMA-BETA/src/External/CodeWalker.Core/World/Clouds.cs(333,28): warning CS8604: Possible null reference argument for parameter 'xml' in 'void CloudSettingsMapCloudList.Init(XmlNode xml)'. [/home/ubuntu/PROGRAMA-BETA/src/FiveMTool.csproj]
/home/ubuntu/PROGRAMA-BETA/src/External/CodeWalker.Core/World/Clouds.cs(334,29): warning CS8604: Possible null reference argument for parameter 'xml' in 'void CloudSettingsMapKeyData.Init(XmlNode xml)'. [/home/ubuntu/PROGRAMA-BETA/src/FiveMTool.csproj]
/home/ubuntu/PROGRAMA-BETA/src/External/CodeWalker.Core/World/Clouds.cs(335,34): warning CS8604: Possible null reference argument for parameter 'xml' in 'void CloudSettingsMapKeyData.Init(XmlNode xml)'. [/home/ubuntu/PROGRAMA-BETA/src/FiveMTool.csproj]
/home/ubuntu/PROGRAMA-BETA/src/External/CodeWalker.Core/World/Clouds.cs(336,36): warning CS8604: Possible null reference argument for parameter 'xml' in 'void CloudSettingsMapKeyData.Init(XmlNode xml)'. [/home/ubuntu/PROGRAMA-BETA/src/FiveMTool.csproj]
/home/ubuntu/PROGRAMA-BETA/src/External/CodeWalker.Core/World/Clouds.cs(337,32): warning CS8604: Possible null reference argument for parameter 'xml' in 'void CloudSettingsMapKeyData.Init(XmlNode xml)'. [/home/ubuntu/PROGRAMA-BETA/src/FiveMTool.csproj]
/home/ubuntu/PROGRAMA-BETA/src/External/CodeWalker.Core/World/Clouds.cs(338,35): warning CS8604: Possible null reference argument for parameter 'xml' in 'void CloudSettingsMapKeyData.Init(XmlNode xml)'. [/home/ubuntu/PROGRAMA-BETA/src/FiveMTool.csproj]
/home/ubuntu/PROGRAMA-BETA/src/External/CodeWalker.Core/World/Clouds.cs(339,33): warning CS8604: Possible null reference argument for parameter 'xml' in 'void CloudSettingsMapKeyData.Init(XmlNode xml)'. [/home/ubuntu/PROGRAMA-BETA/src/FiveMTool.csproj]
/home/ubuntu/PROGRAMA-BETA/src/External/CodeWalker.Core/World/Clouds.cs(340,33): warning CS8604: Possible null reference argument for parameter 'xml' in 'void CloudSettingsMapKeyData.Init(XmlNode xml)'. [/home/ubuntu/PROGRAMA-BETA/src/FiveMTool.csproj]
/home/ubuntu/PROGRAMA-BETA/src/External/CodeWalker.Core/World/Clouds.cs(341,39): warning CS8604: Possible null reference argument for parameter 'xml' in 'void CloudSettingsMapKeyData.Init(XmlNode xml)'. [/home/ubuntu/PROGRAMA-BETA/src/FiveMTool.csproj]
/home/ubuntu/PROGRAMA-BETA/src/External/CodeWalker.Core/World/Clouds.cs(342,64): warning CS8604: Possible null reference argument for parameter 'xml' in 'void CloudSettingsMapKeyData.Init(XmlNode xml)'. [/home/ubuntu/PROGRAMA-BETA/src/FiveMTool.csproj]
/home/ubuntu/PROGRAMA-BETA/src/External/CodeWalker.Core/World/Clouds.cs(343,76): warning CS8604: Possible null reference argument for parameter 'xml' in 'void CloudSettingsMapKeyData.Init(XmlNode xml)'. [/home/ubuntu/PROGRAMA-BETA/src/FiveMTool.csproj]
/home/ubuntu/PROGRAMA-BETA/src/External/CodeWalker.Core/World/Clouds.cs(344,58): warning CS8604: Possible null reference argument for parameter 'xml' in 'void CloudSettingsMapKeyData.Init(XmlNode xml)'. [/home/ubuntu/PROGRAMA-BETA/src/FiveMTool.csproj]
/home/ubuntu/PROGRAMA-BETA/src/External/CodeWalker.Core/World/Clouds.cs(315,23): warning CS8618: Non-nullable property 'Name' must contain a non-null value when exiting constructor. Consider declaring the property as nullable. [/home/ubuntu/PROGRAMA-BETA/src/FiveMTool.csproj]
/home/ubuntu/PROGRAMA-BETA/src/External/CodeWalker.Core/World/Clouds.cs(248,23): warning CS8618: Non-nullable property 'Filename' must contain a non-null value when exiting constructor. Consider declaring the property as nullable. [/home/ubuntu/PROGRAMA-BETA/src/FiveMTool.csproj]
/home/ubuntu/PROGRAMA-BETA/src/External/CodeWalker.Core/World/Scenarios.cs(906,40): warning CS8625: Cannot convert null literal to non-nullable reference type. [/home/ubuntu/PROGRAMA-BETA/src/FiveMTool.csproj]
/home/ubuntu/PROGRAMA-BETA/src/External/CodeWalker.Core/World/Clouds.cs(121,33): warning CS8600: Converting null literal or possible null value to non-nullable type. [/home/ubuntu/PROGRAMA-BETA/src/FiveMTool.csproj]
/home/ubuntu/PROGRAMA-BETA/src/External/CodeWalker.Core/World/Clouds.cs(122,38): warning CS8602: Dereference of a possibly null reference. [/home/ubuntu/PROGRAMA-BETA/src/FiveMTool.csproj]
/home/ubuntu/PROGRAMA-BETA/src/External/CodeWalker.Core/World/Clouds.cs(124,37): warning CS8600: Converting null literal or possible null value to non-nullable type. [/home/ubuntu/PROGRAMA-BETA/src/FiveMTool.csproj]
/home/ubuntu/PROGRAMA-BETA/src/External/CodeWalker.Core/World/Clouds.cs(149,20): warning CS8603: Possible null reference return. [/home/ubuntu/PROGRAMA-BETA/src/FiveMTool.csproj]
/home/ubuntu/PROGRAMA-BETA/src/External/CodeWalker.Core/World/Clouds.cs(26,16): warning CS8618: Non-nullable field 'Weather' must contain a non-null value when exiting constructor. Consider declaring the field as nullable. [/home/ubuntu/PROGRAMA-BETA/src/FiveMTool.csproj]
/home/ubuntu/PROGRAMA-BETA/src/External/CodeWalker.Core/World/Clouds.cs(26,16): warning CS8618: Non-nullable field 'Timecycle' must contain a non-null value when exiting constructor. Consider declaring the field as nullable. [/home/ubuntu/PROGRAMA-BETA/src/FiveMTool.csproj]
/home/ubuntu/PROGRAMA-BETA/src/External/CodeWalker.Core/World/Clouds.cs(26,16): warning CS8618: Non-nullable field 'HatManager' must contain a non-null value when exiting constructor. Consider declaring the field as nullable. [/home/ubuntu/PROGRAMA-BETA/src/FiveMTool.csproj]
/home/ubuntu/PROGRAMA-BETA/src/External/CodeWalker.Core/World/Clouds.cs(26,16): warning CS8618: Non-nullable field 'SettingsMap' must contain a non-null value when exiting constructor. Consider declaring the field as nullable. [/home/ubuntu/PROGRAMA-BETA/src/FiveMTool.csproj]
/home/ubuntu/PROGRAMA-BETA/src/External/CodeWalker.Core/World/Clouds.cs(113,31): warning CS8618: Non-nullable property 'CloudHatFrags' must contain a non-null value when exiting constructor. Consider declaring the property as nullable. [/home/ubuntu/PROGRAMA-BETA/src/FiveMTool.csproj]
/home/ubuntu/PROGRAMA-BETA/src/External/CodeWalker.Core/World/Clouds.cs(93,29): warning CS8604: Possible null reference argument for parameter 'xml' in 'void CloudHatManager.Init(XmlElement xml)'. [/home/ubuntu/PROGRAMA-BETA/src/FiveMTool.csproj]
/home/ubuntu/PROGRAMA-BETA/src/External/CodeWalker.Core/World/Clouds.cs(96,30): warning CS8604: Possible null reference argument for parameter 'xml' in 'void CloudSettingsMap.Init(XmlElement xml)'. [/home/ubuntu/PROGRAMA-BETA/src/FiveMTool.csproj]
/home/ubuntu/PROGRAMA-BETA/src/External/CodeWalker.Core/World/Clouds.cs(179,37): warning CS8600: Converting null literal or possible null value to non-nullable type. [/home/ubuntu/PROGRAMA-BETA/src/FiveMTool.csproj]
/home/ubuntu/PROGRAMA-BETA/src/External/CodeWalker.Core/World/Clouds.cs(180,38): warning CS8602: Dereference of a possibly null reference. [/home/ubuntu/PROGRAMA-BETA/src/FiveMTool.csproj]
/home/ubuntu/PROGRAMA-BETA/src/External/CodeWalker.Core/World/Clouds.cs(182,38): warning CS8600: Converting null literal or possible null value to non-nullable type. [/home/ubuntu/PROGRAMA-BETA/src/FiveMTool.csproj]
/home/ubuntu/PROGRAMA-BETA/src/External/CodeWalker.Core/World/Clouds.cs(224,41): warning CS8600: Converting null literal or possible null value to non-nullable type. [/home/ubuntu/PROGRAMA-BETA/src/FiveMTool.csproj]
/home/ubuntu/PROGRAMA-BETA/src/External/CodeWalker.Core/World/Clouds.cs(225,34): warning CS8602: Dereference of a possibly null reference. [/home/ubuntu/PROGRAMA-BETA/src/FiveMTool.csproj]
/home/ubuntu/PROGRAMA-BETA/src/External/CodeWalker.Core/World/Clouds.cs(228,34): warning CS8600: Converting null literal or possible null value to non-nullable type. [/home/ubuntu/PROGRAMA-BETA/src/FiveMTool.csproj]
/home/ubuntu/PROGRAMA-BETA/src/External/CodeWalker.Core/World/Scenarios.cs(961,35): warning CS8625: Cannot convert null literal to non-nullable reference type. [/home/ubuntu/PROGRAMA-BETA/src/FiveMTool.csproj]
/home/ubuntu/PROGRAMA-BETA/src/External/CodeWalker.Core/World/Scenarios.cs(962,42): warning CS8625: Cannot convert null literal to non-nullable reference type. [/home/ubuntu/PROGRAMA-BETA/src/FiveMTool.csproj]
/home/ubuntu/PROGRAMA-BETA/src/External/CodeWalker.Core/World/Scenarios.cs(963,48): warning CS8625: Cannot convert null literal to non-nullable reference type. [/home/ubuntu/PROGRAMA-BETA/src/FiveMTool.csproj]
/home/ubuntu/PROGRAMA-BETA/src/External/CodeWalker.Core/World/Clouds.cs(159,23): warning CS8618: Non-nullable property 'Name' must contain a non-null value when exiting constructor. Consider declaring the property as nullable. [/home/ubuntu/PROGRAMA-BETA/src/FiveMTool.csproj]
/home/ubuntu/PROGRAMA-BETA/src/External/CodeWalker.Core/World/Clouds.cs(160,36): warning CS8618: Non-nullable property 'Layers' must contain a non-null value when exiting constructor. Consider declaring the property as nullable. [/home/ubuntu/PROGRAMA-BETA/src/FiveMTool.csproj]
/home/ubuntu/PROGRAMA-BETA/src/External/CodeWalker.Core/World/Clouds.cs(166,26): warning CS8618: Non-nullable property 'UVVelocity' must contain a non-null value when exiting constructor. Consider declaring the property as nullable. [/home/ubuntu/PROGRAMA-BETA/src/FiveMTool.csproj]
/home/ubuntu/PROGRAMA-BETA/src/External/CodeWalker.Core/World/Clouds.cs(167,23): warning CS8618: Non-nullable property 'AnimMode' must contain a non-null value when exiting constructor. Consider declaring the property as nullable. [/home/ubuntu/PROGRAMA-BETA/src/FiveMTool.csproj]
/home/ubuntu/PROGRAMA-BETA/src/External/CodeWalker.Core/World/Clouds.cs(168,23): warning CS8618: Non-nullable property 'ShowLayer' must contain a non-null value when exiting constructor. Consider declaring the property as nullable. [/home/ubuntu/PROGRAMA-BETA/src/FiveMTool.csproj]
/home/ubuntu/PROGRAMA-BETA/src/External/CodeWalker.Core/World/Space.cs(1133,64): warning CS8600: Converting null literal or possible null value to non-nullable type. [/home/ubuntu/PROGRAMA-BETA/src/FiveMTool.csproj]
/home/ubuntu/PROGRAMA-BETA/src/External/CodeWalker.Core/World/Camera.cs(29,38): warning CS8625: Cannot convert null literal to non-nullable reference type. [/home/ubuntu/PROGRAMA-BETA/src/FiveMTool.csproj]
/home/ubuntu/PROGRAMA-BETA/src/External/CodeWalker.Core/World/AudioZones.cs(139,16): warning CS8618: Non-nullable property 'Name' must contain a non-null value when exiting constructor. Consider declaring the property as nullable. [/home/ubuntu/PROGRAMA-BETA/src/FiveMTool.csproj]
/home/ubuntu/PROGRAMA-BETA/src/External/CodeWalker.Core/World/AudioZones.cs(139,16): warning CS8618: Non-nullable property 'AmbientRule' must contain a non-null value when exiting constructor. Consider declaring the property as nullable. [/home/ubuntu/PROGRAMA-BETA/src/FiveMTool.csproj]
/home/ubuntu/PROGRAMA-BETA/src/External/CodeWalker.Core/World/AudioZones.cs(139,16): warning CS8618: Non-nullable property 'StaticEmitter' must contain a non-null value when exiting constructor. Consider declaring the property as nullable. [/home/ubuntu/PROGRAMA-BETA/src/FiveMTool.csproj]
/home/ubuntu/PROGRAMA-BETA/src/External/CodeWalker.Core/World/Scenarios.cs(1015,34): warning CS8625: Cannot convert null literal to non-nullable reference type. [/home/ubuntu/PROGRAMA-BETA/src/FiveMTool.csproj]
/home/ubuntu/PROGRAMA-BETA/src/External/CodeWalker.Core/World/Scenarios.cs(1016,39): warning CS8625: Cannot convert null literal to non-nullable reference type. [/home/ubuntu/PROGRAMA-BETA/src/FiveMTool.csproj]
/home/ubuntu/PROGRAMA-BETA/src/External/CodeWalker.Core/World/AudioZones.cs(148,16): warning CS8618: Non-nullable property 'Name' must contain a non-null value when exiting constructor. Consider declaring the property as nullable. [/home/ubuntu/PROGRAMA-BETA/src/FiveMTool.csproj]
/home/ubuntu/PROGRAMA-BETA/src/External/CodeWalker.Core/World/AudioZones.cs(148,16): warning CS8618: Non-nullable property 'AmbientZone' must contain a non-null value when exiting constructor. Consider declaring the property as nullable. [/home/ubuntu/PROGRAMA-BETA/src/FiveMTool.csproj]
/home/ubuntu/PROGRAMA-BETA/src/External/CodeWalker.Core/World/AudioZones.cs(148,16): warning CS8618: Non-nullable property 'StaticEmitter' must contain a non-null value when exiting constructor. Consider declaring the property as nullable. [/home/ubuntu/PROGRAMA-BETA/src/FiveMTool.csproj]
/home/ubuntu/PROGRAMA-BETA/src/External/CodeWalker.Core/World/AudioZones.cs(157,16): warning CS8618: Non-nullable property 'Name' must contain a non-null value when exiting constructor. Consider declaring the property as nullable. [/home/ubuntu/PROGRAMA-BETA/src/FiveMTool.csproj]
/home/ubuntu/PROGRAMA-BETA/src/External/CodeWalker.Core/World/AudioZones.cs(157,16): warning CS8618: Non-nullable property 'AmbientZone' must contain a non-null value when exiting constructor. Consider declaring the property as nullable. [/home/ubuntu/PROGRAMA-BETA/src/FiveMTool.csproj]
/home/ubuntu/PROGRAMA-BETA/src/External/CodeWalker.Core/World/AudioZones.cs(157,16): warning CS8618: Non-nullable property 'AmbientRule' must contain a non-null value when exiting constructor. Consider declaring the property as nullable. [/home/ubuntu/PROGRAMA-BETA/src/FiveMTool.csproj]
/home/ubuntu/PROGRAMA-BETA/src/External/CodeWalker.Core/World/Scenarios.cs(1027,40): warning CS8603: Possible null reference return. [/home/ubuntu/PROGRAMA-BETA/src/FiveMTool.csproj]
/home/ubuntu/PROGRAMA-BETA/src/External/CodeWalker.Core/World/AudioZones.cs(47,44): warning CS8600: Converting null literal or possible null value to non-nullable type. [/home/ubuntu/PROGRAMA-BETA/src/FiveMTool.csproj]
/home/ubuntu/PROGRAMA-BETA/src/External/CodeWalker.Core/World/AudioZones.cs(50,61): warning CS8604: Possible null reference argument for parameter 'zone' in 'AudioPlacement.AudioPlacement(RelFile rel, Dat151AmbientZone zone)'. [/home/ubuntu/PROGRAMA-BETA/src/FiveMTool.csproj]
/home/ubuntu/PROGRAMA-BETA/src/External/CodeWalker.Core/World/AudioZones.cs(54,61): warning CS8604: Possible null reference argument for parameter 'rule' in 'AudioPlacement.AudioPlacement(RelFile rel, Dat151AmbientRule rule)'. [/home/ubuntu/PROGRAMA-BETA/src/FiveMTool.csproj]
/home/ubuntu/PROGRAMA-BETA/src/External/CodeWalker.Core/World/AudioZones.cs(58,61): warning CS8604: Possible null reference argument for parameter 'emitter' in 'AudioPlacement.AudioPlacement(RelFile rel, Dat151StaticEmitter emitter)'. [/home/ubuntu/PROGRAMA-BETA/src/FiveMTool.csproj]
/home/ubuntu/PROGRAMA-BETA/src/External/CodeWalker.Core/World/AudioZones.cs(73,51): warning CS8600: Converting null literal or possible null value to non-nullable type. [/home/ubuntu/PROGRAMA-BETA/src/FiveMTool.csproj]
/home/ubuntu/PROGRAMA-BETA/src/External/CodeWalker.Core/World/AudioZones.cs(74,62): warning CS8600: Converting null literal or possible null value to non-nullable type. [/home/ubuntu/PROGRAMA-BETA/src/FiveMTool.csproj]
/home/ubuntu/PROGRAMA-BETA/src/External/CodeWalker.Core/World/AudioZones.cs(91,41): warning CS8603: Possible null reference return. [/home/ubuntu/PROGRAMA-BETA/src/FiveMTool.csproj]
/home/ubuntu/PROGRAMA-BETA/src/External/CodeWalker.Core/World/AudioZones.cs(92,41): warning CS8603: Possible null reference return. [/home/ubuntu/PROGRAMA-BETA/src/FiveMTool.csproj]
/home/ubuntu/PROGRAMA-BETA/src/External/CodeWalker.Core/World/AudioZones.cs(102,20): warning CS8603: Possible null reference return. [/home/ubuntu/PROGRAMA-BETA/src/FiveMTool.csproj]
/home/ubuntu/PROGRAMA-BETA/src/External/CodeWalker.Core/World/AudioZones.cs(14,30): warning CS8618: Non-nullable field 'GameFileCache' must contain a non-null value when exiting constructor. Consider declaring the field as nullable. [/home/ubuntu/PROGRAMA-BETA/src/FiveMTool.csproj]
/home/ubuntu/PROGRAMA-BETA/src/External/CodeWalker.Core/Utils/Xml.cs(17,38): warning CS8603: Possible null reference return. [/home/ubuntu/PROGRAMA-BETA/src/FiveMTool.csproj]
/home/ubuntu/PROGRAMA-BETA/src/External/CodeWalker.Core/Utils/Xml.cs(18,20): warning CS8602: Dereference of a possibly null reference. [/home/ubuntu/PROGRAMA-BETA/src/FiveMTool.csproj]
/home/ubuntu/PROGRAMA-BETA/src/External/CodeWalker.Core/Utils/Xml.cs(18,20): warning CS8603: Possible null reference return. [/home/ubuntu/PROGRAMA-BETA/src/FiveMTool.csproj]
/home/ubuntu/PROGRAMA-BETA/src/External/CodeWalker.Core/Utils/Xml.cs(23,26): warning CS8602: Dereference of a possibly null reference. [/home/ubuntu/PROGRAMA-BETA/src/FiveMTool.csproj]
/home/ubuntu/PROGRAMA-BETA/src/External/CodeWalker.Core/Utils/Xml.cs(23,26): warning CS8600: Converting null literal or possible null value to non-nullable type. [/home/ubuntu/PROGRAMA-BETA/src/FiveMTool.csproj]
/home/ubuntu/PROGRAMA-BETA/src/External/CodeWalker.Core/Utils/Xml.cs(31,26): warning CS8602: Dereference of a possibly null reference. [/home/ubuntu/PROGRAMA-BETA/src/FiveMTool.csproj]
/home/ubuntu/PROGRAMA-BETA/src/External/CodeWalker.Core/Utils/Xml.cs(31,26): warning CS8600: Converting null literal or possible null value to non-nullable type. [/home/ubuntu/PROGRAMA-BETA/src/FiveMTool.csproj]
/home/ubuntu/PROGRAMA-BETA/src/External/CodeWalker.Core/World/Scenarios.cs(1171,17): warning CS8602: Dereference of a possibly null reference. [/home/ubuntu/PROGRAMA-BETA/src/FiveMTool.csproj]
/home/ubuntu/PROGRAMA-BETA/src/External/CodeWalker.Core/World/Scenarios.cs(1175,17): warning CS8602: Dereference of a possibly null reference. [/home/ubuntu/PROGRAMA-BETA/src/FiveMTool.csproj]
/home/ubuntu/PROGRAMA-BETA/src/External/CodeWalker.Core/World/Scenarios.cs(1175,42): warning CS8625: Cannot convert null literal to non-nullable reference type. [/home/ubuntu/PROGRAMA-BETA/src/FiveMTool.csproj]
/home/ubuntu/PROGRAMA-BETA/src/External/CodeWalker.Core/Utils/Xml.cs(39,26): warning CS8602: Dereference of a possibly null reference. [/home/ubuntu/PROGRAMA-BETA/src/FiveMTool.csproj]
/home/ubuntu/PROGRAMA-BETA/src/External/CodeWalker.Core/Utils/Xml.cs(39,26): warning CS8600: Converting null literal or possible null value to non-nullable type. [/home/ubuntu/PROGRAMA-BETA/src/FiveMTool.csproj]
/home/ubuntu/PROGRAMA-BETA/src/External/CodeWalker.Core/Utils/Xml.cs(47,26): warning CS8602: Dereference of a possibly null reference. [/home/ubuntu/PROGRAMA-BETA/src/FiveMTool.csproj]
/home/ubuntu/PROGRAMA-BETA/src/External/CodeWalker.Core/Utils/Xml.cs(47,26): warning CS8600: Converting null literal or possible null value to non-nullable type. [/home/ubuntu/PROGRAMA-BETA/src/FiveMTool.csproj]
/home/ubuntu/PROGRAMA-BETA/src/External/CodeWalker.Core/Utils/Xml.cs(55,26): warning CS8602: Dereference of a possibly null reference. [/home/ubuntu/PROGRAMA-BETA/src/FiveMTool.csproj]
/home/ubuntu/PROGRAMA-BETA/src/External/CodeWalker.Core/Utils/Xml.cs(55,26): warning CS8600: Converting null literal or possible null value to non-nullable type. [/home/ubuntu/PROGRAMA-BETA/src/FiveMTool.csproj]
/home/ubuntu/PROGRAMA-BETA/src/External/CodeWalker.Core/Utils/Xml.cs(57,32): warning CS8604: Possible null reference argument for parameter 's' in 'bool FloatUtil.TryParse(string s, out float f)'. [/home/ubuntu/PROGRAMA-BETA/src/FiveMTool.csproj]
/home/ubuntu/PROGRAMA-BETA/src/External/CodeWalker.Core/Utils/Xml.cs(63,38): warning CS8603: Possible null reference return. [/home/ubuntu/PROGRAMA-BETA/src/FiveMTool.csproj]
/home/ubuntu/PROGRAMA-BETA/src/External/CodeWalker.Core/Utils/Xml.cs(64,20): warning CS8603: Possible null reference return. [/home/ubuntu/PROGRAMA-BETA/src/FiveMTool.csproj]
/home/ubuntu/PROGRAMA-BETA/src/External/CodeWalker.Core/Utils/Xml.cs(69,26): warning CS8600: Converting null literal or possible null value to non-nullable type. [/home/ubuntu/PROGRAMA-BETA/src/FiveMTool.csproj]
/home/ubuntu/PROGRAMA-BETA/src/External/CodeWalker.Core/Utils/Xml.cs(77,26): warning CS8600: Converting null literal or possible null value to non-nullable type. [/home/ubuntu/PROGRAMA-BETA/src/FiveMTool.csproj]
/home/ubuntu/PROGRAMA-BETA/src/External/CodeWalker.Core/Utils/Xml.cs(85,26): warning CS8600: Converting null literal or possible null value to non-nullable type. [/home/ubuntu/PROGRAMA-BETA/src/FiveMTool.csproj]
/home/ubuntu/PROGRAMA-BETA/src/External/CodeWalker.Core/Utils/Xml.cs(87,32): warning CS8604: Possible null reference argument for parameter 's' in 'bool FloatUtil.TryParse(string s, out float f)'. [/home/ubuntu/PROGRAMA-BETA/src/FiveMTool.csproj]
/home/ubuntu/PROGRAMA-BETA/src/External/CodeWalker.Core/Utils/Xml.cs(93,26): warning CS8600: Converting null literal or possible null value to non-nullable type. [/home/ubuntu/PROGRAMA-BETA/src/FiveMTool.csproj]
/home/ubuntu/PROGRAMA-BETA/src/External/CodeWalker.Core/Utils/Xml.cs(94,36): warning CS8604: Possible null reference argument for parameter 'val' in 'T Xml.GetEnumValue<T>(string val)'. [/home/ubuntu/PROGRAMA-BETA/src/FiveMTool.csproj]
/home/ubuntu/PROGRAMA-BETA/src/External/CodeWalker.Core/Utils/Xml.cs(118,54): warning CS8602: Dereference of a possibly null reference. [/home/ubuntu/PROGRAMA-BETA/src/FiveMTool.csproj]
/home/ubuntu/PROGRAMA-BETA/src/External/CodeWalker.Core/Utils/Xml.cs(118,26): warning CS8600: Converting null literal or possible null value to non-nullable type. [/home/ubuntu/PROGRAMA-BETA/src/FiveMTool.csproj]
/home/ubuntu/PROGRAMA-BETA/src/External/CodeWalker.Core/Utils/Xml.cs(126,54): warning CS8602: Dereference of a possibly null reference. [/home/ubuntu/PROGRAMA-BETA/src/FiveMTool.csproj]
/home/ubuntu/PROGRAMA-BETA/src/External/CodeWalker.Core/Utils/Xml.cs(126,26): warning CS8600: Converting null literal or possible null value to non-nullable type. [/home/ubuntu/PROGRAMA-BETA/src/FiveMTool.csproj]
/home/ubuntu/PROGRAMA-BETA/src/External/CodeWalker.Core/Utils/Xml.cs(134,54): warning CS8602: Dereference of a possibly null reference. [/home/ubuntu/PROGRAMA-BETA/src/FiveMTool.csproj]
/home/ubuntu/PROGRAMA-BETA/src/External/CodeWalker.Core/Utils/Xml.cs(134,26): warning CS8600: Converting null literal or possible null value to non-nullable type. [/home/ubuntu/PROGRAMA-BETA/src/FiveMTool.csproj]
/home/ubuntu/PROGRAMA-BETA/src/External/CodeWalker.Core/Utils/Xml.cs(150,54): warning CS8602: Dereference of a possibly null reference. [/home/ubuntu/PROGRAMA-BETA/src/FiveMTool.csproj]
/home/ubuntu/PROGRAMA-BETA/src/External/CodeWalker.Core/Utils/Xml.cs(150,26): warning CS8600: Converting null literal or possible null value to non-nullable type. [/home/ubuntu/PROGRAMA-BETA/src/FiveMTool.csproj]
/home/ubuntu/PROGRAMA-BETA/src/External/CodeWalker.Core/Utils/Xml.cs(166,54): warning CS8602: Dereference of a possibly null reference. [/home/ubuntu/PROGRAMA-BETA/src/FiveMTool.csproj]
/home/ubuntu/PROGRAMA-BETA/src/External/CodeWalker.Core/Utils/Xml.cs(166,26): warning CS8600: Converting null literal or possible null value to non-nullable type. [/home/ubuntu/PROGRAMA-BETA/src/FiveMTool.csproj]
/home/ubuntu/PROGRAMA-BETA/src/External/CodeWalker.Core/Utils/Xml.cs(168,32): warning CS8604: Possible null reference argument for parameter 's' in 'bool FloatUtil.TryParse(string s, out float f)'. [/home/ubuntu/PROGRAMA-BETA/src/FiveMTool.csproj]
/home/ubuntu/PROGRAMA-BETA/src/External/CodeWalker.Core/Utils/Xml.cs(174,54): warning CS8602: Dereference of a possibly null reference. [/home/ubuntu/PROGRAMA-BETA/src/FiveMTool.csproj]
/home/ubuntu/PROGRAMA-BETA/src/External/CodeWalker.Core/Utils/Xml.cs(174,26): warning CS8600: Converting null literal or possible null value to non-nullable type. [/home/ubuntu/PROGRAMA-BETA/src/FiveMTool.csproj]
/home/ubuntu/PROGRAMA-BETA/src/External/CodeWalker.Core/Utils/Xml.cs(175,20): warning CS8603: Possible null reference return. [/home/ubuntu/PROGRAMA-BETA/src/FiveMTool.csproj]
/home/ubuntu/PROGRAMA-BETA/src/External/CodeWalker.Core/Utils/Xml.cs(201,20): warning CS8603: Possible null reference return. [/home/ubuntu/PROGRAMA-BETA/src/FiveMTool.csproj]
/home/ubuntu/PROGRAMA-BETA/src/External/CodeWalker.Core/Utils/Xml.cs(246,36): warning CS8604: Possible null reference argument for parameter 'node' in 'byte[] Xml.GetRawByteArray(XmlNode node, int fromBase = 16)'. [/home/ubuntu/PROGRAMA-BETA/src/FiveMTool.csproj]
/home/ubuntu/PROGRAMA-BETA/src/External/CodeWalker.Core/Utils/Xml.cs(251,39): warning CS8604: Possible null reference argument for parameter 'node' in 'byte[] Xml.GetRawByteArray(XmlNode node, int fromBase = 16)'. [/home/ubuntu/PROGRAMA-BETA/src/FiveMTool.csproj]
/home/ubuntu/PROGRAMA-BETA/src/External/CodeWalker.Core/Utils/Xml.cs(252,20): warning CS8603: Possible null reference return. [/home/ubuntu/PROGRAMA-BETA/src/FiveMTool.csproj]
/home/ubuntu/PROGRAMA-BETA/src/External/CodeWalker.Core/Utils/Xml.cs(276,38): warning CS8604: Possible null reference argument for parameter 'node' in 'ushort[] Xml.GetRawUshortArray(XmlNode node)'. [/home/ubuntu/PROGRAMA-BETA/src/FiveMTool.csproj]
/home/ubuntu/PROGRAMA-BETA/src/External/CodeWalker.Core/World/Scenarios.cs(121,31): warning CS8618: Non-nullable property 'PathVerts' must contain a non-null value when exiting constructor. Consider declaring the property as nullable. [/home/ubuntu/PROGRAMA-BETA/src/FiveMTool.csproj]
/home/ubuntu/PROGRAMA-BETA/src/External/CodeWalker.Core/World/Scenarios.cs(122,31): warning CS8618: Non-nullable property 'TriangleVerts' must contain a non-null value when exiting constructor. Consider declaring the property as nullable. [/home/ubuntu/PROGRAMA-BETA/src/FiveMTool.csproj]
/home/ubuntu/PROGRAMA-BETA/src/External/CodeWalker.Core/World/Scenarios.cs(123,26): warning CS8618: Non-nullable property 'NodePositions' must contain a non-null value when exiting constructor. Consider declaring the property as nullable. [/home/ubuntu/PROGRAMA-BETA/src/FiveMTool.csproj]
/home/ubuntu/PROGRAMA-BETA/src/External/CodeWalker.Core/World/Scenarios.cs(138,24): warning CS8618: Non-nullable property 'Ymt' must contain a non-null value when exiting constructor. Consider declaring the property as nullable. [/home/ubuntu/PROGRAMA-BETA/src/FiveMTool.csproj]
/home/ubuntu/PROGRAMA-BETA/src/External/CodeWalker.Core/World/Scenarios.cs(139,38): warning CS8618: Non-nullable property 'Region' must contain a non-null value when exiting constructor. Consider declaring the property as nullable. [/home/ubuntu/PROGRAMA-BETA/src/FiveMTool.csproj]
/home/ubuntu/PROGRAMA-BETA/src/External/CodeWalker.Core/World/Scenarios.cs(141,51): warning CS8618: Non-nullable property 'NodeDict' must contain a non-null value when exiting constructor. Consider declaring the property as nullable. [/home/ubuntu/PROGRAMA-BETA/src/FiveMTool.csproj]
/home/ubuntu/PROGRAMA-BETA/src/External/CodeWalker.Core/World/Scenarios.cs(142,35): warning CS8618: Non-nullable property 'Nodes' must contain a non-null value when exiting constructor. Consider declaring the property as nullable. [/home/ubuntu/PROGRAMA-BETA/src/FiveMTool.csproj]
/home/ubuntu/PROGRAMA-BETA/src/External/CodeWalker.Core/World/Scenarios.cs(144,24): warning CS8618: Non-nullable property 'BVH' must contain a non-null value when exiting constructor. Consider declaring the property as nullable. [/home/ubuntu/PROGRAMA-BETA/src/FiveMTool.csproj]
/home/ubuntu/PROGRAMA-BETA/src/External/CodeWalker.Core/Utils/Xml.cs(281,41): warning CS8604: Possible null reference argument for parameter 'node' in 'ushort[] Xml.GetRawUshortArray(XmlNode node)'. [/home/ubuntu/PROGRAMA-BETA/src/FiveMTool.csproj]
/home/ubuntu/PROGRAMA-BETA/src/External/CodeWalker.Core/Utils/Xml.cs(282,20): warning CS8603: Possible null reference return. [/home/ubuntu/PROGRAMA-BETA/src/FiveMTool.csproj]
/home/ubuntu/PROGRAMA-BETA/src/External/CodeWalker.Core/Utils/Xml.cs(306,36): warning CS8604: Possible null reference argument for parameter 'node' in 'uint[] Xml.GetRawUintArray(XmlNode node)'. [/home/ubuntu/PROGRAMA-BETA/src/FiveMTool.csproj]
/home/ubuntu/PROGRAMA-BETA/src/External/CodeWalker.Core/Utils/Xml.cs(311,39): warning CS8604: Possible null reference argument for parameter 'node' in 'uint[] Xml.GetRawUintArray(XmlNode node)'. [/home/ubuntu/PROGRAMA-BETA/src/FiveMTool.csproj]
/home/ubuntu/PROGRAMA-BETA/src/External/CodeWalker.Core/Utils/Xml.cs(312,20): warning CS8603: Possible null reference return. [/home/ubuntu/PROGRAMA-BETA/src/FiveMTool.csproj]
/home/ubuntu/PROGRAMA-BETA/src/External/CodeWalker.Core/Utils/Utils.cs(21,62): warning CS8602: Dereference of a possibly null reference. [/home/ubuntu/PROGRAMA-BETA/src/FiveMTool.csproj]
/home/ubuntu/PROGRAMA-BETA/src/External/CodeWalker.Core/Utils/Utils.cs(21,40): warning CS8601: Possible null reference assignment. [/home/ubuntu/PROGRAMA-BETA/src/FiveMTool.csproj]
/home/ubuntu/PROGRAMA-BETA/src/External/CodeWalker.Core/Utils/TriangleBVH.cs(43,25): warning CS8625: Cannot convert null literal to non-nullable reference type. [/home/ubuntu/PROGRAMA-BETA/src/FiveMTool.csproj]
/home/ubuntu/PROGRAMA-BETA/src/External/CodeWalker.Core/Utils/TriangleBVH.cs(44,25): warning CS8625: Cannot convert null literal to non-nullable reference type. [/home/ubuntu/PROGRAMA-BETA/src/FiveMTool.csproj]
/home/ubuntu/PROGRAMA-BETA/src/External/CodeWalker.Core/World/Space.cs(17,47): warning CS8625: Cannot convert null literal to non-nullable reference type. [/home/ubuntu/PROGRAMA-BETA/src/FiveMTool.csproj]
/home/ubuntu/PROGRAMA-BETA/src/External/CodeWalker.Core/World/Space.cs(22,34): warning CS8618: Non-nullable field 'MapDataStore' must contain a non-null value when exiting constructor. Consider declaring the field as nullable. [/home/ubuntu/PROGRAMA-BETA/src/FiveMTool.csproj]
/home/ubuntu/PROGRAMA-BETA/src/External/CodeWalker.Core/World/Space.cs(23,33): warning CS8618: Non-nullable field 'BoundsStore' must contain a non-null value when exiting constructor. Consider declaring the field as nullable. [/home/ubuntu/PROGRAMA-BETA/src/FiveMTool.csproj]
/home/ubuntu/PROGRAMA-BETA/src/External/CodeWalker.Core/World/Space.cs(41,30): warning CS8618: Non-nullable field 'NodeGrid' must contain a non-null value when exiting constructor. Consider declaring the field as nullable. [/home/ubuntu/PROGRAMA-BETA/src/FiveMTool.csproj]
/home/ubuntu/PROGRAMA-BETA/src/External/CodeWalker.Core/World/Space.cs(44,29): warning CS8618: Non-nullable field 'NavGrid' must contain a non-null value when exiting constructor. Consider declaring the field as nullable. [/home/ubuntu/PROGRAMA-BETA/src/FiveMTool.csproj]
/home/ubuntu/PROGRAMA-BETA/src/External/CodeWalker.Core/Utils/Xml.cs(336,35): warning CS8604: Possible null reference argument for parameter 'node' in 'int[] Xml.GetRawIntArray(XmlNode node)'. [/home/ubuntu/PROGRAMA-BETA/src/FiveMTool.csproj]
/home/ubuntu/PROGRAMA-BETA/src/External/CodeWalker.Core/Utils/TriangleBVH.cs(100,54): warning CS8603: Possible null reference return. [/home/ubuntu/PROGRAMA-BETA/src/FiveMTool.csproj]
/home/ubuntu/PROGRAMA-BETA/src/External/CodeWalker.Core/Utils/TriangleBVH.cs(102,35): warning CS8600: Converting null literal or possible null value to non-nullable type. [/home/ubuntu/PROGRAMA-BETA/src/FiveMTool.csproj]
/home/ubuntu/PROGRAMA-BETA/src/External/CodeWalker.Core/Utils/TriangleBVH.cs(139,20): warning CS8603: Possible null reference return. [/home/ubuntu/PROGRAMA-BETA/src/FiveMTool.csproj]
/home/ubuntu/PROGRAMA-BETA/src/External/CodeWalker.Core/Utils/TriangleBVH.cs(32,34): warning CS8618: Non-nullable property 'Triangles' must contain a non-null value when exiting constructor. Consider declaring the property as nullable. [/home/ubuntu/PROGRAMA-BETA/src/FiveMTool.csproj]
/home/ubuntu/PROGRAMA-BETA/src/External/CodeWalker.Core/Utils/TriangleBVH.cs(33,32): warning CS8618: Non-nullable property 'Node1' must contain a non-null value when exiting constructor. Consider declaring the property as nullable. [/home/ubuntu/PROGRAMA-BETA/src/FiveMTool.csproj]
/home/ubuntu/PROGRAMA-BETA/src/External/CodeWalker.Core/Utils/TriangleBVH.cs(34,32): warning CS8618: Non-nullable property 'Node2' must contain a non-null value when exiting constructor. Consider declaring the property as nullable. [/home/ubuntu/PROGRAMA-BETA/src/FiveMTool.csproj]
/home/ubuntu/PROGRAMA-BETA/src/External/CodeWalker.Core/Utils/Xml.cs(341,38): warning CS8604: Possible null reference argument for parameter 'node' in 'int[] Xml.GetRawIntArray(XmlNode node)'. [/home/ubuntu/PROGRAMA-BETA/src/FiveMTool.csproj]
/home/ubuntu/PROGRAMA-BETA/src/External/CodeWalker.Core/Utils/Xml.cs(342,20): warning CS8603: Possible null reference return. [/home/ubuntu/PROGRAMA-BETA/src/FiveMTool.csproj]
/home/ubuntu/PROGRAMA-BETA/src/External/CodeWalker.Core/GameFiles/FileTypes/AwcFile.cs(1843,16): warning CS8618: Non-nullable property 'Channels' must contain a non-null value when exiting constructor. Consider declaring the property as nullable. [/home/ubuntu/PROGRAMA-BETA/src/FiveMTool.csproj]
/home/ubuntu/PROGRAMA-BETA/src/External/CodeWalker.Core/Utils/Xml.cs(362,37): warning CS8604: Possible null reference argument for parameter 'node' in 'float[] Xml.GetRawFloatArray(XmlNode node)'. [/home/ubuntu/PROGRAMA-BETA/src/FiveMTool.csproj]
/home/ubuntu/PROGRAMA-BETA/src/External/CodeWalker.Core/Utils/Xml.cs(367,40): warning CS8604: Possible null reference argument for parameter 'node' in 'float[] Xml.GetRawFloatArray(XmlNode node)'. [/home/ubuntu/PROGRAMA-BETA/src/FiveMTool.csproj]
/home/ubuntu/PROGRAMA-BETA/src/External/CodeWalker.Core/Utils/Xml.cs(368,20): warning CS8603: Possible null reference return. [/home/ubuntu/PROGRAMA-BETA/src/FiveMTool.csproj]
/home/ubuntu/PROGRAMA-BETA/src/External/CodeWalker.Core/GameFiles/FileTypes/AwcFile.cs(1882,17): warning CS8602: Dereference of a possibly null reference. [/home/ubuntu/PROGRAMA-BETA/src/FiveMTool.csproj]
/home/ubuntu/PROGRAMA-BETA/src/External/CodeWalker.Core/GameFiles/FileTypes/AwcFile.cs(1887,50): warning CS8604: Possible null reference argument for parameter 'text' in 'void MetaXmlBase.StringTag(StringBuilder sb, int indent, string name, string text)'. [/home/ubuntu/PROGRAMA-BETA/src/FiveMTool.csproj]
/home/ubuntu/PROGRAMA-BETA/src/External/CodeWalker.Core/GameFiles/FileTypes/AwcFile.cs(1985,16): warning CS8618: Non-nullable property 'Data' must contain a non-null value when exiting constructor. Consider declaring the property as nullable. [/home/ubuntu/PROGRAMA-BETA/src/FiveMTool.csproj]
/home/ubuntu/PROGRAMA-BETA/src/External/CodeWalker.Core/GameFiles/FileTypes/AwcFile.cs(1985,16): warning CS8618: Non-nullable property 'ClipDict' must contain a non-null value when exiting constructor. Consider declaring the property as nullable. [/home/ubuntu/PROGRAMA-BETA/src/FiveMTool.csproj]
/home/ubuntu/PROGRAMA-BETA/src/External/CodeWalker.Core/Utils/Xml.cs(410,39): warning CS8604: Possible null reference argument for parameter 'node' in 'Vector2[] Xml.GetRawVector2Array(XmlNode node)'. [/home/ubuntu/PROGRAMA-BETA/src/FiveMTool.csproj]
/home/ubuntu/PROGRAMA-BETA/src/External/CodeWalker.Core/GameFiles/FileTypes/AwcFile.cs(2059,16): warning CS8618: Non-nullable property 'Data' must contain a non-null value when exiting constructor. Consider declaring the property as nullable. [/home/ubuntu/PROGRAMA-BETA/src/FiveMTool.csproj]
/home/ubuntu/PROGRAMA-BETA/src/External/CodeWalker.Core/GameFiles/FileTypes/AwcFile.cs(2027,50): warning CS8604: Possible null reference argument for parameter 'text' in 'void MetaXmlBase.StringTag(StringBuilder sb, int indent, string name, string text)'. [/home/ubuntu/PROGRAMA-BETA/src/FiveMTool.csproj]
/home/ubuntu/PROGRAMA-BETA/src/External/CodeWalker.Core/GameFiles/FileTypes/AwcFile.cs(2087,50): warning CS8604: Possible null reference argument for parameter 'text' in 'void MetaXmlBase.StringTag(StringBuilder sb, int indent, string name, string text)'. [/home/ubuntu/PROGRAMA-BETA/src/FiveMTool.csproj]
/home/ubuntu/PROGRAMA-BETA/src/External/CodeWalker.Core/GameFiles/FileTypes/AwcFile.cs(2222,16): warning CS8618: Non-nullable property 'Gestures' must contain a non-null value when exiting constructor. Consider declaring the property as nullable. [/home/ubuntu/PROGRAMA-BETA/src/FiveMTool.csproj]
/home/ubuntu/PROGRAMA-BETA/src/External/CodeWalker.Core/Utils/Xml.cs(453,39): warning CS8604: Possible null reference argument for parameter 'node' in 'Vector3[] Xml.GetRawVector3Array(XmlNode node)'. [/home/ubuntu/PROGRAMA-BETA/src/FiveMTool.csproj]
/home/ubuntu/PROGRAMA-BETA/src/External/CodeWalker.Core/Utils/Xml.cs(458,42): warning CS8604: Possible null reference argument for parameter 'node' in 'Vector3[] Xml.GetRawVector3Array(XmlNode node)'. [/home/ubuntu/PROGRAMA-BETA/src/FiveMTool.csproj]
/home/ubuntu/PROGRAMA-BETA/src/External/CodeWalker.Core/Utils/Xml.cs(459,20): warning CS8603: Possible null reference return. [/home/ubuntu/PROGRAMA-BETA/src/FiveMTool.csproj]
/home/ubuntu/PROGRAMA-BETA/src/External/CodeWalker.Core/GameFiles/FileTypes/AwcFile.cs(2246,17): warning CS8602: Dereference of a possibly null reference. [/home/ubuntu/PROGRAMA-BETA/src/FiveMTool.csproj]
/home/ubuntu/PROGRAMA-BETA/src/External/CodeWalker.Core/GameFiles/FileTypes/AwcFile.cs(2251,50): warning CS8604: Possible null reference argument for parameter 'text' in 'void MetaXmlBase.StringTag(StringBuilder sb, int indent, string name, string text)'. [/home/ubuntu/PROGRAMA-BETA/src/FiveMTool.csproj]
/home/ubuntu/PROGRAMA-BETA/src/External/CodeWalker.Core/GameFiles/FileTypes/AwcFile.cs(2349,16): warning CS8618: Non-nullable property 'GranularGrains' must contain a non-null value when exiting constructor. Consider declaring the property as nullable. [/home/ubuntu/PROGRAMA-BETA/src/FiveMTool.csproj]
/home/ubuntu/PROGRAMA-BETA/src/External/CodeWalker.Core/GameFiles/FileTypes/AwcFile.cs(1795,50): warning CS8604: Possible null reference argument for parameter 'text' in 'void MetaXmlBase.StringTag(StringBuilder sb, int indent, string name, string text)'. [/home/ubuntu/PROGRAMA-BETA/src/FiveMTool.csproj]
/home/ubuntu/PROGRAMA-BETA/src/External/CodeWalker.Core/GameFiles/FileTypes/AwcFile.cs(2380,17): warning CS8602: Dereference of a possibly null reference. [/home/ubuntu/PROGRAMA-BETA/src/FiveMTool.csproj]
/home/ubuntu/PROGRAMA-BETA/src/External/CodeWalker.Core/Utils/Xml.cs(504,39): warning CS8604: Possible null reference argument for parameter 'node' in 'Vector4[] Xml.GetRawVector4Array(XmlNode node)'. [/home/ubuntu/PROGRAMA-BETA/src/FiveMTool.csproj]
/home/ubuntu/PROGRAMA-BETA/src/External/CodeWalker.Core/Utils/Xml.cs(509,42): warning CS8604: Possible null reference argument for parameter 'node' in 'Vector4[] Xml.GetRawVector4Array(XmlNode node)'. [/home/ubuntu/PROGRAMA-BETA/src/FiveMTool.csproj]
/home/ubuntu/PROGRAMA-BETA/src/External/CodeWalker.Core/Utils/Xml.cs(510,20): warning CS8603: Possible null reference return. [/home/ubuntu/PROGRAMA-BETA/src/FiveMTool.csproj]
/home/ubuntu/PROGRAMA-BETA/src/External/CodeWalker.Core/GameFiles/FileTypes/AwcFile.cs(2386,50): warning CS8604: Possible null reference argument for parameter 'text' in 'void MetaXmlBase.StringTag(StringBuilder sb, int indent, string name, string text)'. [/home/ubuntu/PROGRAMA-BETA/src/FiveMTool.csproj]
/home/ubuntu/PROGRAMA-BETA/src/External/CodeWalker.Core/Utils/Xml.cs(523,30): warning CS8604: Possible null reference argument for parameter 'node' in 'Matrix Xml.GetMatrix(XmlNode node)'. [/home/ubuntu/PROGRAMA-BETA/src/FiveMTool.csproj]
/home/ubuntu/PROGRAMA-BETA/src/External/CodeWalker.Core/GameFiles/FileTypes/AwcFile.cs(2680,16): warning CS8618: Non-nullable property 'Markers' must contain a non-null value when exiting constructor. Consider declaring the property as nullable. [/home/ubuntu/PROGRAMA-BETA/src/FiveMTool.csproj]
/home/ubuntu/PROGRAMA-BETA/src/External/CodeWalker.Core/GameFiles/FileTypes/AwcFile.cs(2513,16): warning CS8618: Non-nullable property 'GranularLoops' must contain a non-null value when exiting constructor. Consider declaring the property as nullable. [/home/ubuntu/PROGRAMA-BETA/src/FiveMTool.csproj]
/home/ubuntu/PROGRAMA-BETA/src/External/CodeWalker.Core/GameFiles/FileTypes/AwcFile.cs(2539,17): warning CS8602: Dereference of a possibly null reference. [/home/ubuntu/PROGRAMA-BETA/src/FiveMTool.csproj]
/home/ubuntu/PROGRAMA-BETA/src/External/CodeWalker.Core/GameFiles/FileTypes/AwcFile.cs(2544,50): warning CS8604: Possible null reference argument for parameter 'text' in 'void MetaXmlBase.StringTag(StringBuilder sb, int indent, string name, string text)'. [/home/ubuntu/PROGRAMA-BETA/src/FiveMTool.csproj]
/home/ubuntu/PROGRAMA-BETA/src/External/CodeWalker.Core/GameFiles/FileTypes/AwcFile.cs(2727,16): warning CS8618: Non-nullable property 'Data' must contain a non-null value when exiting constructor. Consider declaring the property as nullable. [/home/ubuntu/PROGRAMA-BETA/src/FiveMTool.csproj]
/home/ubuntu/PROGRAMA-BETA/src/External/CodeWalker.Core/GameFiles/FileTypes/AwcFile.cs(2741,50): warning CS8604: Possible null reference argument for parameter 'text' in 'void MetaXmlBase.StringTag(StringBuilder sb, int indent, string name, string text)'. [/home/ubuntu/PROGRAMA-BETA/src/FiveMTool.csproj]
/home/ubuntu/PROGRAMA-BETA/src/External/CodeWalker.Core/GameFiles/FileTypes/AwcFile.cs(2490,29): warning CS8602: Dereference of a possibly null reference. [/home/ubuntu/PROGRAMA-BETA/src/FiveMTool.csproj]
/home/ubuntu/PROGRAMA-BETA/src/External/CodeWalker.Core/GameFiles/FileTypes/AwcFile.cs(2760,16): warning CS8618: Non-nullable property 'SeekTable' must contain a non-null value when exiting constructor. Consider declaring the property as nullable. [/home/ubuntu/PROGRAMA-BETA/src/FiveMTool.csproj]
/home/ubuntu/PROGRAMA-BETA/src/External/CodeWalker.Core/GameFiles/FileTypes/AwcFile.cs(2454,27): warning CS8618: Non-nullable property 'Grains' must contain a non-null value when exiting constructor. Consider declaring the property as nullable. [/home/ubuntu/PROGRAMA-BETA/src/FiveMTool.csproj]
/home/ubuntu/PROGRAMA-BETA/src/External/CodeWalker.Core/GameFiles/FileTypes/AwcFile.cs(2780,25): warning CS8602: Dereference of a possibly null reference. [/home/ubuntu/PROGRAMA-BETA/src/FiveMTool.csproj]
/home/ubuntu/PROGRAMA-BETA/src/External/CodeWalker.Core/GameFiles/FileTypes/AwcFile.cs(2785,50): warning CS8604: Possible null reference argument for parameter 'text' in 'void MetaXmlBase.StringTag(StringBuilder sb, int indent, string name, string text)'. [/home/ubuntu/PROGRAMA-BETA/src/FiveMTool.csproj]
/home/ubuntu/PROGRAMA-BETA/src/External/CodeWalker.Core/GameFiles/FileTypes/AwcFile.cs(2702,17): warning CS8602: Dereference of a possibly null reference. [/home/ubuntu/PROGRAMA-BETA/src/FiveMTool.csproj]
/home/ubuntu/PROGRAMA-BETA/src/External/CodeWalker.Core/GameFiles/FileTypes/AwcFile.cs(2807,16): warning CS8618: Non-nullable property 'ChannelInfo' must contain a non-null value when exiting constructor. Consider declaring the property as nullable. [/home/ubuntu/PROGRAMA-BETA/src/FiveMTool.csproj]
/home/ubuntu/PROGRAMA-BETA/src/External/CodeWalker.Core/GameFiles/FileTypes/AwcFile.cs(2807,16): warning CS8618: Non-nullable property 'Channels' must contain a non-null value when exiting constructor. Consider declaring the property as nullable. [/home/ubuntu/PROGRAMA-BETA/src/FiveMTool.csproj]
/home/ubuntu/PROGRAMA-BETA/src/External/CodeWalker.Core/GameFiles/FileTypes/AwcFile.cs(2707,50): warning CS8604: Possible null reference argument for parameter 'text' in 'void MetaXmlBase.StringTag(StringBuilder sb, int indent, string name, string text)'. [/home/ubuntu/PROGRAMA-BETA/src/FiveMTool.csproj]
/home/ubuntu/PROGRAMA-BETA/src/External/CodeWalker.Core/GameFiles/FileTypes/AwcFile.cs(2814,27): warning CS8601: Possible null reference assignment. [/home/ubuntu/PROGRAMA-BETA/src/FiveMTool.csproj]
/home/ubuntu/PROGRAMA-BETA/src/External/CodeWalker.Core/GameFiles/FileTypes/AwcFile.cs(2816,46): warning CS8604: Possible null reference argument for parameter 'buffer' in 'MemoryStream.MemoryStream(byte[] buffer)'. [/home/ubuntu/PROGRAMA-BETA/src/FiveMTool.csproj]
/home/ubuntu/PROGRAMA-BETA/src/External/CodeWalker.Core/GameFiles/FileTypes/AwcFile.cs(2809,16): warning CS8618: Non-nullable property 'ChannelInfo' must contain a non-null value when exiting constructor. Consider declaring the property as nullable. [/home/ubuntu/PROGRAMA-BETA/src/FiveMTool.csproj]
/home/ubuntu/PROGRAMA-BETA/src/External/CodeWalker.Core/GameFiles/FileTypes/AwcFile.cs(2809,16): warning CS8618: Non-nullable property 'Channels' must contain a non-null value when exiting constructor. Consider declaring the property as nullable. [/home/ubuntu/PROGRAMA-BETA/src/FiveMTool.csproj]
/home/ubuntu/PROGRAMA-BETA/src/External/CodeWalker.Core/GameFiles/FileTypes/AwcFile.cs(3151,25): warning CS8600: Converting null literal or possible null value to non-nullable type. [/home/ubuntu/PROGRAMA-BETA/src/FiveMTool.csproj]
/home/ubuntu/PROGRAMA-BETA/src/External/CodeWalker.Core/GameFiles/FileTypes/AwcFile.cs(3159,13): warning CS8602: Dereference of a possibly null reference. [/home/ubuntu/PROGRAMA-BETA/src/FiveMTool.csproj]
/home/ubuntu/PROGRAMA-BETA/src/External/CodeWalker.Core/GameFiles/FileTypes/AwcFile.cs(2936,39): warning CS8602: Dereference of a possibly null reference. [/home/ubuntu/PROGRAMA-BETA/src/FiveMTool.csproj]
/home/ubuntu/PROGRAMA-BETA/src/External/CodeWalker.Core/GameFiles/FileTypes/AwcFile.cs(2890,22): warning CS8618: Non-nullable property 'SampleOffsets' must contain a non-null value when exiting constructor. Consider declaring the property as nullable. [/home/ubuntu/PROGRAMA-BETA/src/FiveMTool.csproj]
/home/ubuntu/PROGRAMA-BETA/src/External/CodeWalker.Core/GameFiles/FileTypes/AwcFile.cs(2891,23): warning CS8618: Non-nullable property 'Data' must contain a non-null value when exiting constructor. Consider declaring the property as nullable. [/home/ubuntu/PROGRAMA-BETA/src/FiveMTool.csproj]
/home/ubuntu/PROGRAMA-BETA/src/External/CodeWalker.Core/GameFiles/FileTypes/CacheDatFile.cs(808,16): warning CS8618: Non-nullable property 'UnkExtra' must contain a non-null value when exiting constructor. Consider declaring the property as nullable. [/home/ubuntu/PROGRAMA-BETA/src/FiveMTool.csproj]
/home/ubuntu/PROGRAMA-BETA/src/External/CodeWalker.Core/GameFiles/FileTypes/CacheDatFile.cs(808,16): warning CS8618: Non-nullable property 'Children' must contain a non-null value when exiting constructor. Consider declaring the property as nullable. [/home/ubuntu/PROGRAMA-BETA/src/FiveMTool.csproj]
/home/ubuntu/PROGRAMA-BETA/src/External/CodeWalker.Core/GameFiles/FileTypes/CacheDatFile.cs(808,16): warning CS8618: Non-nullable field 'ChildrenList' must contain a non-null value when exiting constructor. Consider declaring the field as nullable. [/home/ubuntu/PROGRAMA-BETA/src/FiveMTool.csproj]
/home/ubuntu/PROGRAMA-BETA/src/External/CodeWalker.Core/GameFiles/FileTypes/CacheDatFile.cs(808,16): warning CS8618: Non-nullable property 'InteriorProxies' must contain a non-null value when exiting constructor. Consider declaring the property as nullable. [/home/ubuntu/PROGRAMA-BETA/src/FiveMTool.csproj]
/home/ubuntu/PROGRAMA-BETA/src/External/CodeWalker.Core/GameFiles/FileTypes/CacheDatFile.cs(808,16): warning CS8618: Non-nullable field 'InteriorProxyList' must contain a non-null value when exiting constructor. Consider declaring the field as nullable. [/home/ubuntu/PROGRAMA-BETA/src/FiveMTool.csproj]
/home/ubuntu/PROGRAMA-BETA/src/External/CodeWalker.Core/GameFiles/FileTypes/CacheDatFile.cs(980,16): warning CS8618: Non-nullable field 'Unk02' must contain a non-null value when exiting constructor. Consider declaring the field as nullable. [/home/ubuntu/PROGRAMA-BETA/src/FiveMTool.csproj]
/home/ubuntu/PROGRAMA-BETA/src/External/CodeWalker.Core/GameFiles/FileTypes/CacheDatFile.cs(1067,25): warning CS8604: Possible null reference argument for parameter 'node' in 'void CacheDatFile.ReadXml(XmlNode node)'. [/home/ubuntu/PROGRAMA-BETA/src/FiveMTool.csproj]
/home/ubuntu/PROGRAMA-BETA/src/External/CodeWalker.Core/GameFiles/FileTypes/CacheDatFile.cs(810,16): warning CS8618: Non-nullable property 'UnkExtra' must contain a non-null value when exiting constructor. Consider declaring the property as nullable. [/home/ubuntu/PROGRAMA-BETA/src/FiveMTool.csproj]
/home/ubuntu/PROGRAMA-BETA/src/External/CodeWalker.Core/GameFiles/FileTypes/CacheDatFile.cs(810,16): warning CS8618: Non-nullable property 'Children' must contain a non-null value when exiting constructor. Consider declaring the property as nullable. [/home/ubuntu/PROGRAMA-BETA/src/FiveMTool.csproj]
/home/ubuntu/PROGRAMA-BETA/src/External/CodeWalker.Core/GameFiles/FileTypes/CacheDatFile.cs(810,16): warning CS8618: Non-nullable field 'ChildrenList' must contain a non-null value when exiting constructor. Consider declaring the field as nullable. [/home/ubuntu/PROGRAMA-BETA/src/FiveMTool.csproj]
/home/ubuntu/PROGRAMA-BETA/src/External/CodeWalker.Core/GameFiles/FileTypes/CacheDatFile.cs(810,16): warning CS8618: Non-nullable property 'InteriorProxies' must contain a non-null value when exiting constructor. Consider declaring the property as nullable. [/home/ubuntu/PROGRAMA-BETA/src/FiveMTool.csproj]
/home/ubuntu/PROGRAMA-BETA/src/External/CodeWalker.Core/GameFiles/FileTypes/CacheDatFile.cs(810,16): warning CS8618: Non-nullable field 'InteriorProxyList' must contain a non-null value when exiting constructor. Consider declaring the field as nullable. [/home/ubuntu/PROGRAMA-BETA/src/FiveMTool.csproj]
/home/ubuntu/PROGRAMA-BETA/src/External/CodeWalker.Core/GameFiles/FileTypes/CarColsFile.cs(23,37): warning CS8625: Cannot convert null literal to non-nullable reference type. [/home/ubuntu/PROGRAMA-BETA/src/FiveMTool.csproj]
/home/ubuntu/PROGRAMA-BETA/src/External/CodeWalker.Core/GameFiles/FileTypes/CarColsFile.cs(23,16): warning CS8618: Non-nullable property 'Pso' must contain a non-null value when exiting constructor. Consider declaring the property as nullable. [/home/ubuntu/PROGRAMA-BETA/src/FiveMTool.csproj]
/home/ubuntu/PROGRAMA-BETA/src/External/CodeWalker.Core/GameFiles/FileTypes/CarColsFile.cs(23,16): warning CS8618: Non-nullable property 'Xml' must contain a non-null value when exiting constructor. Consider declaring the property as nullable. [/home/ubuntu/PROGRAMA-BETA/src/FiveMTool.csproj]
/home/ubuntu/PROGRAMA-BETA/src/External/CodeWalker.Core/GameFiles/FileTypes/CarColsFile.cs(23,16): warning CS8618: Non-nullable property 'VehicleModelInfo' must contain a non-null value when exiting constructor. Consider declaring the property as nullable. [/home/ubuntu/PROGRAMA-BETA/src/FiveMTool.csproj]
/home/ubuntu/PROGRAMA-BETA/src/External/CodeWalker.Core/GameFiles/FileTypes/CarColsFile.cs(25,16): warning CS8618: Non-nullable property 'Pso' must contain a non-null value when exiting constructor. Consider declaring the property as nullable. [/home/ubuntu/PROGRAMA-BETA/src/FiveMTool.csproj]
/home/ubuntu/PROGRAMA-BETA/src/External/CodeWalker.Core/GameFiles/FileTypes/CarColsFile.cs(25,16): warning CS8618: Non-nullable property 'Xml' must contain a non-null value when exiting constructor. Consider declaring the property as nullable. [/home/ubuntu/PROGRAMA-BETA/src/FiveMTool.csproj]
/home/ubuntu/PROGRAMA-BETA/src/External/CodeWalker.Core/GameFiles/FileTypes/CarColsFile.cs(25,16): warning CS8618: Non-nullable property 'VehicleModelInfo' must contain a non-null value when exiting constructor. Consider declaring the property as nullable. [/home/ubuntu/PROGRAMA-BETA/src/FiveMTool.csproj]
/home/ubuntu/PROGRAMA-BETA/src/External/CodeWalker.Core/GameFiles/FileTypes/CacheDatFile.cs(820,16): warning CS8618: Non-nullable property 'UnkExtra' must contain a non-null value when exiting constructor. Consider declaring the property as nullable. [/home/ubuntu/PROGRAMA-BETA/src/FiveMTool.csproj]
/home/ubuntu/PROGRAMA-BETA/src/External/CodeWalker.Core/GameFiles/FileTypes/CacheDatFile.cs(820,16): warning CS8618: Non-nullable property 'Children' must contain a non-null value when exiting constructor. Consider declaring the property as nullable. [/home/ubuntu/PROGRAMA-BETA/src/FiveMTool.csproj]
/home/ubuntu/PROGRAMA-BETA/src/External/CodeWalker.Core/GameFiles/FileTypes/CacheDatFile.cs(820,16): warning CS8618: Non-nullable field 'ChildrenList' must contain a non-null value when exiting constructor. Consider declaring the field as nullable. [/home/ubuntu/PROGRAMA-BETA/src/FiveMTool.csproj]
/home/ubuntu/PROGRAMA-BETA/src/External/CodeWalker.Core/GameFiles/FileTypes/CacheDatFile.cs(820,16): warning CS8618: Non-nullable property 'InteriorProxies' must contain a non-null value when exiting constructor. Consider declaring the property as nullable. [/home/ubuntu/PROGRAMA-BETA/src/FiveMTool.csproj]
/home/ubuntu/PROGRAMA-BETA/src/External/CodeWalker.Core/GameFiles/FileTypes/CacheDatFile.cs(820,16): warning CS8618: Non-nullable field 'InteriorProxyList' must contain a non-null value when exiting constructor. Consider declaring the field as nullable. [/home/ubuntu/PROGRAMA-BETA/src/FiveMTool.csproj]
/home/ubuntu/PROGRAMA-BETA/src/External/CodeWalker.Core/GameFiles/FileTypes/CacheDatFile.cs(1008,38): warning CS8602: Dereference of a possibly null reference. [/home/ubuntu/PROGRAMA-BETA/src/FiveMTool.csproj]
/home/ubuntu/PROGRAMA-BETA/src/External/CodeWalker.Core/GameFiles/FileTypes/CacheDatFile.cs(155,69): warning CS8600: Converting null literal or possible null value to non-nullable type. [/home/ubuntu/PROGRAMA-BETA/src/FiveMTool.csproj]
/home/ubuntu/PROGRAMA-BETA/src/External/CodeWalker.Core/GameFiles/FileTypes/CacheDatFile.cs(173,40): warning CS8600: Converting null literal or possible null value to non-nullable type. [/home/ubuntu/PROGRAMA-BETA/src/FiveMTool.csproj]
/home/ubuntu/PROGRAMA-BETA/src/External/CodeWalker.Core/GameFiles/FileTypes/CacheDatFile.cs(174,64): warning CS8600: Converting null literal or possible null value to non-nullable type. [/home/ubuntu/PROGRAMA-BETA/src/FiveMTool.csproj]
/home/ubuntu/PROGRAMA-BETA/src/External/CodeWalker.Core/GameFiles/FileTypes/CacheDatFile.cs(188,42): warning CS8600: Converting null literal or possible null value to non-nullable type. [/home/ubuntu/PROGRAMA-BETA/src/FiveMTool.csproj]
/home/ubuntu/PROGRAMA-BETA/src/External/CodeWalker.Core/GameFiles/FileTypes/CacheDatFile.cs(189,61): warning CS8600: Converting null literal or possible null value to non-nullable type. [/home/ubuntu/PROGRAMA-BETA/src/FiveMTool.csproj]
/home/ubuntu/PROGRAMA-BETA/src/External/CodeWalker.Core/GameFiles/FileTypes/CarColsFile.cs(248,29): warning CS8600: Converting null literal or possible null value to non-nullable type. [/home/ubuntu/PROGRAMA-BETA/src/FiveMTool.csproj]
/home/ubuntu/PROGRAMA-BETA/src/External/CodeWalker.Core/GameFiles/FileTypes/CarColsFile.cs(252,21): warning CS8602: Dereference of a possibly null reference. [/home/ubuntu/PROGRAMA-BETA/src/FiveMTool.csproj]
/home/ubuntu/PROGRAMA-BETA/src/External/CodeWalker.Core/GameFiles/FileTypes/CarColsFile.cs(257,81): warning CS8604: Possible null reference argument for parameter 'node' in 'CVehicleModelInfoVarGlobal_3027500557.CVehicleModelInfoVarGlobal_3027500557(XmlNode node)'. [/home/ubuntu/PROGRAMA-BETA/src/FiveMTool.csproj]
/home/ubuntu/PROGRAMA-BETA/src/External/CodeWalker.Core/GameFiles/FileTypes/CarColsFile.cs(246,16): warning CS8618: Non-nullable property 'Textures' must contain a non-null value when exiting constructor. Consider declaring the property as nullable. [/home/ubuntu/PROGRAMA-BETA/src/FiveMTool.csproj]
/home/ubuntu/PROGRAMA-BETA/src/External/CodeWalker.Core/GameFiles/FileTypes/CacheDatFile.cs(918,32): warning CS8625: Cannot convert null literal to non-nullable reference type. [/home/ubuntu/PROGRAMA-BETA/src/FiveMTool.csproj]
/home/ubuntu/PROGRAMA-BETA/src/External/CodeWalker.Core/GameFiles/FileTypes/CacheDatFile.cs(934,37): warning CS8625: Cannot convert null literal to non-nullable reference type. [/home/ubuntu/PROGRAMA-BETA/src/FiveMTool.csproj]
/home/ubuntu/PROGRAMA-BETA/src/External/CodeWalker.Core/GameFiles/FileTypes/CarColsFile.cs(109,21): warning CS8600: Converting null literal or possible null value to non-nullable type. [/home/ubuntu/PROGRAMA-BETA/src/FiveMTool.csproj]
/home/ubuntu/PROGRAMA-BETA/src/External/CodeWalker.Core/GameFiles/FileTypes/CarColsFile.cs(114,21): warning CS8600: Converting null literal or possible null value to non-nullable type. [/home/ubuntu/PROGRAMA-BETA/src/FiveMTool.csproj]
/home/ubuntu/PROGRAMA-BETA/src/External/CodeWalker.Core/GameFiles/FileTypes/CarColsFile.cs(118,21): warning CS8602: Dereference of a possibly null reference. [/home/ubuntu/PROGRAMA-BETA/src/FiveMTool.csproj]
/home/ubuntu/PROGRAMA-BETA/src/External/CodeWalker.Core/GameFiles/FileTypes/CarColsFile.cs(123,60): warning CS8604: Possible null reference argument for parameter 'node' in 'CVehicleModelColor.CVehicleModelColor(XmlNode node)'. [/home/ubuntu/PROGRAMA-BETA/src/FiveMTool.csproj]
/home/ubuntu/PROGRAMA-BETA/src/External/CodeWalker.Core/GameFiles/FileTypes/CarColsFile.cs(127,21): warning CS8600: Converting null literal or possible null value to non-nullable type. [/home/ubuntu/PROGRAMA-BETA/src/FiveMTool.csproj]
/home/ubuntu/PROGRAMA-BETA/src/External/CodeWalker.Core/GameFiles/FileTypes/CarColsFile.cs(131,21): warning CS8602: Dereference of a possibly null reference. [/home/ubuntu/PROGRAMA-BETA/src/FiveMTool.csproj]
/home/ubuntu/PROGRAMA-BETA/src/External/CodeWalker.Core/GameFiles/FileTypes/CarColsFile.cs(136,75): warning CS8604: Possible null reference argument for parameter 'node' in 'CVehicleMetallicSetting.CVehicleMetallicSetting(XmlNode node)'. [/home/ubuntu/PROGRAMA-BETA/src/FiveMTool.csproj]
/home/ubuntu/PROGRAMA-BETA/src/External/CodeWalker.Core/GameFiles/FileTypes/CarColsFile.cs(140,21): warning CS8600: Converting null literal or possible null value to non-nullable type. [/home/ubuntu/PROGRAMA-BETA/src/FiveMTool.csproj]
/home/ubuntu/PROGRAMA-BETA/src/External/CodeWalker.Core/GameFiles/FileTypes/CarColsFile.cs(144,21): warning CS8602: Dereference of a possibly null reference. [/home/ubuntu/PROGRAMA-BETA/src/FiveMTool.csproj]
/home/ubuntu/PROGRAMA-BETA/src/External/CodeWalker.Core/GameFiles/FileTypes/CarColsFile.cs(149,67): warning CS8604: Possible null reference argument for parameter 'node' in 'CVehicleWindowColor.CVehicleWindowColor(XmlNode node)'. [/home/ubuntu/PROGRAMA-BETA/src/FiveMTool.csproj]
/home/ubuntu/PROGRAMA-BETA/src/External/CodeWalker.Core/GameFiles/FileTypes/CarColsFile.cs(153,21): warning CS8600: Converting null literal or possible null value to non-nullable type. [/home/ubuntu/PROGRAMA-BETA/src/FiveMTool.csproj]
/home/ubuntu/PROGRAMA-BETA/src/External/CodeWalker.Core/GameFiles/FileTypes/CarColsFile.cs(157,21): warning CS8602: Dereference of a possibly null reference. [/home/ubuntu/PROGRAMA-BETA/src/FiveMTool.csproj]
/home/ubuntu/PROGRAMA-BETA/src/External/CodeWalker.Core/GameFiles/FileTypes/CarColsFile.cs(162,62): warning CS8604: Possible null reference argument for parameter 'node' in 'vehicleLightSettings.vehicleLightSettings(XmlNode node)'. [/home/ubuntu/PROGRAMA-BETA/src/FiveMTool.csproj]
/home/ubuntu/PROGRAMA-BETA/src/External/CodeWalker.Core/GameFiles/FileTypes/CarColsFile.cs(166,21): warning CS8600: Converting null literal or possible null value to non-nullable type. [/home/ubuntu/PROGRAMA-BETA/src/FiveMTool.csproj]
/home/ubuntu/PROGRAMA-BETA/src/External/CodeWalker.Core/GameFiles/FileTypes/CarColsFile.cs(170,21): warning CS8602: Dereference of a possibly null reference. [/home/ubuntu/PROGRAMA-BETA/src/FiveMTool.csproj]
/home/ubuntu/PROGRAMA-BETA/src/External/CodeWalker.Core/GameFiles/FileTypes/CarColsFile.cs(175,55): warning CS8604: Possible null reference argument for parameter 'node' in 'sirenSettings.sirenSettings(XmlNode node)'. [/home/ubuntu/PROGRAMA-BETA/src/FiveMTool.csproj]
/home/ubuntu/PROGRAMA-BETA/src/External/CodeWalker.Core/GameFiles/FileTypes/CarColsFile.cs(179,21): warning CS8600: Converting null literal or possible null value to non-nullable type. [/home/ubuntu/PROGRAMA-BETA/src/FiveMTool.csproj]
/home/ubuntu/PROGRAMA-BETA/src/External/CodeWalker.Core/GameFiles/FileTypes/CarColsFile.cs(183,21): warning CS8602: Dereference of a possibly null reference. [/home/ubuntu/PROGRAMA-BETA/src/FiveMTool.csproj]
/home/ubuntu/PROGRAMA-BETA/src/External/CodeWalker.Core/GameFiles/FileTypes/CarColsFile.cs(188,51): warning CS8604: Possible null reference argument for parameter 'node' in 'CVehicleKit.CVehicleKit(XmlNode node)'. [/home/ubuntu/PROGRAMA-BETA/src/FiveMTool.csproj]
/home/ubuntu/PROGRAMA-BETA/src/External/CodeWalker.Core/GameFiles/FileTypes/CarColsFile.cs(192,21): warning CS8600: Converting null literal or possible null value to non-nullable type. [/home/ubuntu/PROGRAMA-BETA/src/FiveMTool.csproj]
/home/ubuntu/PROGRAMA-BETA/src/External/CodeWalker.Core/GameFiles/FileTypes/CarColsFile.cs(196,21): warning CS8602: Dereference of a possibly null reference. [/home/ubuntu/PROGRAMA-BETA/src/FiveMTool.csproj]
/home/ubuntu/PROGRAMA-BETA/src/External/CodeWalker.Core/GameFiles/FileTypes/CarColsFile.cs(202,38): warning CS8602: Dereference of a possibly null reference. [/home/ubuntu/PROGRAMA-BETA/src/FiveMTool.csproj]
/home/ubuntu/PROGRAMA-BETA/src/External/CodeWalker.Core/GameFiles/FileTypes/CarColsFile.cs(203,29): warning CS8602: Dereference of a possibly null reference. [/home/ubuntu/PROGRAMA-BETA/src/FiveMTool.csproj]
/home/ubuntu/PROGRAMA-BETA/src/External/CodeWalker.Core/GameFiles/FileTypes/CarColsFile.cs(208,65): warning CS8604: Possible null reference argument for parameter 'node' in 'CVehicleWheel.CVehicleWheel(XmlNode node)'. [/home/ubuntu/PROGRAMA-BETA/src/FiveMTool.csproj]
/home/ubuntu/PROGRAMA-BETA/src/External/CodeWalker.Core/GameFiles/FileTypes/CarColsFile.cs(215,21): warning CS8600: Converting null literal or possible null value to non-nullable type. [/home/ubuntu/PROGRAMA-BETA/src/FiveMTool.csproj]
/home/ubuntu/PROGRAMA-BETA/src/External/CodeWalker.Core/GameFiles/FileTypes/CarColsFile.cs(220,21): warning CS8600: Converting null literal or possible null value to non-nullable type. [/home/ubuntu/PROGRAMA-BETA/src/FiveMTool.csproj]
/home/ubuntu/PROGRAMA-BETA/src/External/CodeWalker.Core/GameFiles/FileTypes/CarColsFile.cs(224,21): warning CS8602: Dereference of a possibly null reference. [/home/ubuntu/PROGRAMA-BETA/src/FiveMTool.csproj]
/home/ubuntu/PROGRAMA-BETA/src/External/CodeWalker.Core/GameFiles/FileTypes/CarColsFile.cs(229,75): warning CS8604: Possible null reference argument for parameter 'node' in 'CVehicleXenonLightColor.CVehicleXenonLightColor(XmlNode node)'. [/home/ubuntu/PROGRAMA-BETA/src/FiveMTool.csproj]
/home/ubuntu/PROGRAMA-BETA/src/External/CodeWalker.Core/GameFiles/FileTypes/CarColsFile.cs(93,16): warning CS8618: Non-nullable property 'VehiclePlates' must contain a non-null value when exiting constructor. Consider declaring the property as nullable. [/home/ubuntu/PROGRAMA-BETA/src/FiveMTool.csproj]
/home/ubuntu/PROGRAMA-BETA/src/External/CodeWalker.Core/GameFiles/FileTypes/CarColsFile.cs(93,16): warning CS8618: Non-nullable property 'Colors' must contain a non-null value when exiting constructor. Consider declaring the property as nullable. [/home/ubuntu/PROGRAMA-BETA/src/FiveMTool.csproj]
/home/ubuntu/PROGRAMA-BETA/src/External/CodeWalker.Core/GameFiles/FileTypes/CarColsFile.cs(93,16): warning CS8618: Non-nullable property 'MetallicSettings' must contain a non-null value when exiting constructor. Consider declaring the property as nullable. [/home/ubuntu/PROGRAMA-BETA/src/FiveMTool.csproj]
/home/ubuntu/PROGRAMA-BETA/src/External/CodeWalker.Core/GameFiles/FileTypes/CarColsFile.cs(93,16): warning CS8618: Non-nullable property 'WindowColors' must contain a non-null value when exiting constructor. Consider declaring the property as nullable. [/home/ubuntu/PROGRAMA-BETA/src/FiveMTool.csproj]
/home/ubuntu/PROGRAMA-BETA/src/External/CodeWalker.Core/GameFiles/FileTypes/CarColsFile.cs(93,16): warning CS8618: Non-nullable property 'Lights' must contain a non-null value when exiting constructor. Consider declaring the property as nullable. [/home/ubuntu/PROGRAMA-BETA/src/FiveMTool.csproj]
/home/ubuntu/PROGRAMA-BETA/src/External/CodeWalker.Core/GameFiles/FileTypes/CarColsFile.cs(93,16): warning CS8618: Non-nullable property 'Sirens' must contain a non-null value when exiting constructor. Consider declaring the property as nullable. [/home/ubuntu/PROGRAMA-BETA/src/FiveMTool.csproj]
/home/ubuntu/PROGRAMA-BETA/src/External/CodeWalker.Core/GameFiles/FileTypes/CarColsFile.cs(93,16): warning CS8618: Non-nullable property 'Kits' must contain a non-null value when exiting constructor. Consider declaring the property as nullable. [/home/ubuntu/PROGRAMA-BETA/src/FiveMTool.csproj]
/home/ubuntu/PROGRAMA-BETA/src/External/CodeWalker.Core/GameFiles/FileTypes/CarColsFile.cs(93,16): warning CS8618: Non-nullable property 'Wheels' must contain a non-null value when exiting constructor. Consider declaring the property as nullable. [/home/ubuntu/PROGRAMA-BETA/src/FiveMTool.csproj]
/home/ubuntu/PROGRAMA-BETA/src/External/CodeWalker.Core/GameFiles/FileTypes/CarColsFile.cs(93,16): warning CS8618: Non-nullable property 'GlobalVariationData' must contain a non-null value when exiting constructor. Consider declaring the property as nullable. [/home/ubuntu/PROGRAMA-BETA/src/FiveMTool.csproj]
/home/ubuntu/PROGRAMA-BETA/src/External/CodeWalker.Core/GameFiles/FileTypes/CarColsFile.cs(93,16): warning CS8618: Non-nullable property 'XenonLightColors' must contain a non-null value when exiting constructor. Consider declaring the property as nullable. [/home/ubuntu/PROGRAMA-BETA/src/FiveMTool.csproj]
/home/ubuntu/PROGRAMA-BETA/src/External/CodeWalker.Core/GameFiles/FileTypes/CarColsFile.cs(381,21): warning CS8600: Converting null literal or possible null value to non-nullable type. [/home/ubuntu/PROGRAMA-BETA/src/FiveMTool.csproj]
/home/ubuntu/PROGRAMA-BETA/src/External/CodeWalker.Core/GameFiles/FileTypes/CarColsFile.cs(386,21): warning CS8600: Converting null literal or possible null value to non-nullable type. [/home/ubuntu/PROGRAMA-BETA/src/FiveMTool.csproj]
/home/ubuntu/PROGRAMA-BETA/src/External/CodeWalker.Core/GameFiles/FileTypes/CarColsFile.cs(391,21): warning CS8600: Converting null literal or possible null value to non-nullable type. [/home/ubuntu/PROGRAMA-BETA/src/FiveMTool.csproj]
/home/ubuntu/PROGRAMA-BETA/src/External/CodeWalker.Core/GameFiles/FileTypes/CarColsFile.cs(396,21): warning CS8600: Converting null literal or possible null value to non-nullable type. [/home/ubuntu/PROGRAMA-BETA/src/FiveMTool.csproj]
/home/ubuntu/PROGRAMA-BETA/src/External/CodeWalker.Core/GameFiles/FileTypes/CarColsFile.cs(401,21): warning CS8600: Converting null literal or possible null value to non-nullable type. [/home/ubuntu/PROGRAMA-BETA/src/FiveMTool.csproj]
/home/ubuntu/PROGRAMA-BETA/src/External/CodeWalker.Core/GameFiles/FileTypes/CarColsFile.cs(406,21): warning CS8600: Converting null literal or possible null value to non-nullable type. [/home/ubuntu/PROGRAMA-BETA/src/FiveMTool.csproj]
/home/ubuntu/PROGRAMA-BETA/src/External/CodeWalker.Core/GameFiles/FileTypes/CarColsFile.cs(411,21): warning CS8600: Converting null literal or possible null value to non-nullable type. [/home/ubuntu/PROGRAMA-BETA/src/FiveMTool.csproj]
/home/ubuntu/PROGRAMA-BETA/src/External/CodeWalker.Core/GameFiles/FileTypes/CarColsFile.cs(416,21): warning CS8600: Converting null literal or possible null value to non-nullable type. [/home/ubuntu/PROGRAMA-BETA/src/FiveMTool.csproj]
/home/ubuntu/PROGRAMA-BETA/src/External/CodeWalker.Core/GameFiles/FileTypes/CarColsFile.cs(421,21): warning CS8600: Converting null literal or possible null value to non-nullable type. [/home/ubuntu/PROGRAMA-BETA/src/FiveMTool.csproj]
/home/ubuntu/PROGRAMA-BETA/src/External/CodeWalker.Core/GameFiles/FileTypes/CarColsFile.cs(426,21): warning CS8600: Converting null literal or possible null value to non-nullable type. [/home/ubuntu/PROGRAMA-BETA/src/FiveMTool.csproj]
/home/ubuntu/PROGRAMA-BETA/src/External/CodeWalker.Core/GameFiles/FileTypes/CarColsFile.cs(377,16): warning CS8618: Non-nullable property 'indicator' must contain a non-null value when exiting constructor. Consider declaring the property as nullable. [/home/ubuntu/PROGRAMA-BETA/src/FiveMTool.csproj]
/home/ubuntu/PROGRAMA-BETA/src/External/CodeWalker.Core/GameFiles/FileTypes/CarColsFile.cs(377,16): warning CS8618: Non-nullable property 'rearIndicatorCorona' must contain a non-null value when exiting constructor. Consider declaring the property as nullable. [/home/ubuntu/PROGRAMA-BETA/src/FiveMTool.csproj]
/home/ubuntu/PROGRAMA-BETA/src/External/CodeWalker.Core/GameFiles/FileTypes/CarColsFile.cs(377,16): warning CS8618: Non-nullable property 'frontIndicatorCorona' must contain a non-null value when exiting constructor. Consider declaring the property as nullable. [/home/ubuntu/PROGRAMA-BETA/src/FiveMTool.csproj]
/home/ubuntu/PROGRAMA-BETA/src/External/CodeWalker.Core/GameFiles/FileTypes/CarColsFile.cs(377,16): warning CS8618: Non-nullable property 'tailLight' must contain a non-null value when exiting constructor. Consider declaring the property as nullable. [/home/ubuntu/PROGRAMA-BETA/src/FiveMTool.csproj]
/home/ubuntu/PROGRAMA-BETA/src/External/CodeWalker.Core/GameFiles/FileTypes/CarColsFile.cs(377,16): warning CS8618: Non-nullable property 'tailLightCorona' must contain a non-null value when exiting constructor. Consider declaring the property as nullable. [/home/ubuntu/PROGRAMA-BETA/src/FiveMTool.csproj]
/home/ubuntu/PROGRAMA-BETA/src/External/CodeWalker.Core/GameFiles/FileTypes/CarColsFile.cs(377,16): warning CS8618: Non-nullable property 'tailLightMiddleCorona' must contain a non-null value when exiting constructor. Consider declaring the property as nullable. [/home/ubuntu/PROGRAMA-BETA/src/FiveMTool.csproj]
/home/ubuntu/PROGRAMA-BETA/src/External/CodeWalker.Core/GameFiles/FileTypes/CarColsFile.cs(377,16): warning CS8618: Non-nullable property 'headLight' must contain a non-null value when exiting constructor. Consider declaring the property as nullable. [/home/ubuntu/PROGRAMA-BETA/src/FiveMTool.csproj]
/home/ubuntu/PROGRAMA-BETA/src/External/CodeWalker.Core/GameFiles/FileTypes/CarColsFile.cs(377,16): warning CS8618: Non-nullable property 'headLightCorona' must contain a non-null value when exiting constructor. Consider declaring the property as nullable. [/home/ubuntu/PROGRAMA-BETA/src/FiveMTool.csproj]
/home/ubuntu/PROGRAMA-BETA/src/External/CodeWalker.Core/GameFiles/FileTypes/CarColsFile.cs(377,16): warning CS8618: Non-nullable property 'reversingLight' must contain a non-null value when exiting constructor. Consider declaring the property as nullable. [/home/ubuntu/PROGRAMA-BETA/src/FiveMTool.csproj]
/home/ubuntu/PROGRAMA-BETA/src/External/CodeWalker.Core/GameFiles/FileTypes/CarColsFile.cs(377,16): warning CS8618: Non-nullable property 'reversingLightCorona' must contain a non-null value when exiting constructor. Consider declaring the property as nullable. [/home/ubuntu/PROGRAMA-BETA/src/FiveMTool.csproj]
/home/ubuntu/PROGRAMA-BETA/src/External/CodeWalker.Core/GameFiles/FileTypes/CacheDatFile.cs(377,20): warning CS8603: Possible null reference return. [/home/ubuntu/PROGRAMA-BETA/src/FiveMTool.csproj]
/home/ubuntu/PROGRAMA-BETA/src/External/CodeWalker.Core/GameFiles/FileTypes/CacheDatFile.cs(16,29): warning CS8618: Non-nullable property 'FileEntry' must contain a non-null value when exiting constructor. Consider declaring the property as nullable. [/home/ubuntu/PROGRAMA-BETA/src/FiveMTool.csproj]
/home/ubuntu/PROGRAMA-BETA/src/External/CodeWalker.Core/GameFiles/FileTypes/CacheDatFile.cs(18,23): warning CS8618: Non-nullable property 'Version' must contain a non-null value when exiting constructor. Consider declaring the property as nullable. [/home/ubuntu/PROGRAMA-BETA/src/FiveMTool.csproj]
/home/ubuntu/PROGRAMA-BETA/src/External/CodeWalker.Core/GameFiles/FileTypes/CacheDatFile.cs(19,32): warning CS8618: Non-nullable property 'FileDates' must contain a non-null value when exiting constructor. Consider declaring the property as nullable. [/home/ubuntu/PROGRAMA-BETA/src/FiveMTool.csproj]
/home/ubuntu/PROGRAMA-BETA/src/External/CodeWalker.Core/GameFiles/FileTypes/CacheDatFile.cs(21,51): warning CS8618: Non-nullable property 'MapNodeDict' must contain a non-null value when exiting constructor. Consider declaring the property as nullable. [/home/ubuntu/PROGRAMA-BETA/src/FiveMTool.csproj]
/home/ubuntu/PROGRAMA-BETA/src/External/CodeWalker.Core/GameFiles/FileTypes/CacheDatFile.cs(22,35): warning CS8618: Non-nullable property 'RootMapNodes' must contain a non-null value when exiting constructor. Consider declaring the property as nullable. [/home/ubuntu/PROGRAMA-BETA/src/FiveMTool.csproj]
/home/ubuntu/PROGRAMA-BETA/src/External/CodeWalker.Core/GameFiles/FileTypes/CacheDatFile.cs(24,54): warning CS8618: Non-nullable property 'BoundsStoreDict' must contain a non-null value when exiting constructor. Consider declaring the property as nullable. [/home/ubuntu/PROGRAMA-BETA/src/FiveMTool.csproj]
/home/ubuntu/PROGRAMA-BETA/src/External/CodeWalker.Core/GameFiles/FileTypes/CacheDatFile.cs(26,35): warning CS8618: Non-nullable property 'AllMapNodes' must contain a non-null value when exiting constructor. Consider declaring the property as nullable. [/home/ubuntu/PROGRAMA-BETA/src/FiveMTool.csproj]
/home/ubuntu/PROGRAMA-BETA/src/External/CodeWalker.Core/GameFiles/FileTypes/CacheDatFile.cs(27,33): warning CS8618: Non-nullable property 'AllCInteriorProxies' must contain a non-null value when exiting constructor. Consider declaring the property as nullable. [/home/ubuntu/PROGRAMA-BETA/src/FiveMTool.csproj]
/home/ubuntu/PROGRAMA-BETA/src/External/CodeWalker.Core/GameFiles/FileTypes/CacheDatFile.cs(28,34): warning CS8618: Non-nullable property 'AllBoundsStoreItems' must contain a non-null value when exiting constructor. Consider declaring the property as nullable. [/home/ubuntu/PROGRAMA-BETA/src/FiveMTool.csproj]
/home/ubuntu/PROGRAMA-BETA/src/External/CodeWalker.Core/GameFiles/Utils/GTAKeys.cs(756,40): warning SYSLIB0021: 'SHA1CryptoServiceProvider' is obsolete: 'Derived cryptographic types are obsolete. Use the Create method on the base type instead.' [/home/ubuntu/PROGRAMA-BETA/src/FiveMTool.csproj]
/home/ubuntu/PROGRAMA-BETA/src/External/CodeWalker.Core/GameFiles/FileTypes/CarColsFile.cs(605,21): warning CS8600: Converting null literal or possible null value to non-nullable type. [/home/ubuntu/PROGRAMA-BETA/src/FiveMTool.csproj]
/home/ubuntu/PROGRAMA-BETA/src/External/CodeWalker.Core/GameFiles/FileTypes/CarColsFile.cs(610,21): warning CS8600: Converting null literal or possible null value to non-nullable type. [/home/ubuntu/PROGRAMA-BETA/src/FiveMTool.csproj]
/home/ubuntu/PROGRAMA-BETA/src/External/CodeWalker.Core/GameFiles/FileTypes/CarColsFile.cs(615,21): warning CS8600: Converting null literal or possible null value to non-nullable type. [/home/ubuntu/PROGRAMA-BETA/src/FiveMTool.csproj]
/home/ubuntu/PROGRAMA-BETA/src/External/CodeWalker.Core/GameFiles/FileTypes/CarColsFile.cs(602,16): warning CS8618: Non-nullable property 'rotation' must contain a non-null value when exiting constructor. Consider declaring the property as nullable. [/home/ubuntu/PROGRAMA-BETA/src/FiveMTool.csproj]
/home/ubuntu/PROGRAMA-BETA/src/External/CodeWalker.Core/GameFiles/FileTypes/CarColsFile.cs(602,16): warning CS8618: Non-nullable property 'flashiness' must contain a non-null value when exiting constructor. Consider declaring the property as nullable. [/home/ubuntu/PROGRAMA-BETA/src/FiveMTool.csproj]
/home/ubuntu/PROGRAMA-BETA/src/External/CodeWalker.Core/GameFiles/FileTypes/CarColsFile.cs(602,16): warning CS8618: Non-nullable property 'corona' must contain a non-null value when exiting constructor. Consider declaring the property as nullable. [/home/ubuntu/PROGRAMA-BETA/src/FiveMTool.csproj]
/home/ubuntu/PROGRAMA-BETA/src/External/CodeWalker.Core/GameFiles/FileTypes/CarColsFile.cs(532,21): warning CS8600: Converting null literal or possible null value to non-nullable type. [/home/ubuntu/PROGRAMA-BETA/src/FiveMTool.csproj]
/home/ubuntu/PROGRAMA-BETA/src/External/CodeWalker.Core/GameFiles/FileTypes/CarColsFile.cs(537,21): warning CS8600: Converting null literal or possible null value to non-nullable type. [/home/ubuntu/PROGRAMA-BETA/src/FiveMTool.csproj]
/home/ubuntu/PROGRAMA-BETA/src/External/CodeWalker.Core/GameFiles/FileTypes/CarColsFile.cs(542,21): warning CS8600: Converting null literal or possible null value to non-nullable type. [/home/ubuntu/PROGRAMA-BETA/src/FiveMTool.csproj]
/home/ubuntu/PROGRAMA-BETA/src/External/CodeWalker.Core/GameFiles/FileTypes/CarColsFile.cs(547,21): warning CS8600: Converting null literal or possible null value to non-nullable type. [/home/ubuntu/PROGRAMA-BETA/src/FiveMTool.csproj]
/home/ubuntu/PROGRAMA-BETA/src/External/CodeWalker.Core/GameFiles/FileTypes/CarColsFile.cs(557,21): warning CS8600: Converting null literal or possible null value to non-nullable type. [/home/ubuntu/PROGRAMA-BETA/src/FiveMTool.csproj]
/home/ubuntu/PROGRAMA-BETA/src/External/CodeWalker.Core/GameFiles/FileTypes/CarColsFile.cs(561,21): warning CS8602: Dereference of a possibly null reference. [/home/ubuntu/PROGRAMA-BETA/src/FiveMTool.csproj]
/home/ubuntu/PROGRAMA-BETA/src/External/CodeWalker.Core/GameFiles/FileTypes/CarColsFile.cs(566,52): warning CS8604: Possible null reference argument for parameter 'node' in 'sirenLight.sirenLight(XmlNode node)'. [/home/ubuntu/PROGRAMA-BETA/src/FiveMTool.csproj]
/home/ubuntu/PROGRAMA-BETA/src/External/CodeWalker.Core/GameFiles/FileTypes/CarColsFile.cs(519,16): warning CS8618: Non-nullable property 'leftHeadLight' must contain a non-null value when exiting constructor. Consider declaring the property as nullable. [/home/ubuntu/PROGRAMA-BETA/src/FiveMTool.csproj]
/home/ubuntu/PROGRAMA-BETA/src/External/CodeWalker.Core/GameFiles/FileTypes/CarColsFile.cs(519,16): warning CS8618: Non-nullable property 'rightHeadLight' must contain a non-null value when exiting constructor. Consider declaring the property as nullable. [/home/ubuntu/PROGRAMA-BETA/src/FiveMTool.csproj]
/home/ubuntu/PROGRAMA-BETA/src/External/CodeWalker.Core/GameFiles/FileTypes/CarColsFile.cs(519,16): warning CS8618: Non-nullable property 'leftTailLight' must contain a non-null value when exiting constructor. Consider declaring the property as nullable. [/home/ubuntu/PROGRAMA-BETA/src/FiveMTool.csproj]
/home/ubuntu/PROGRAMA-BETA/src/External/CodeWalker.Core/GameFiles/FileTypes/CarColsFile.cs(519,16): warning CS8618: Non-nullable property 'rightTailLight' must contain a non-null value when exiting constructor. Consider declaring the property as nullable. [/home/ubuntu/PROGRAMA-BETA/src/FiveMTool.csproj]
/home/ubuntu/PROGRAMA-BETA/src/External/CodeWalker.Core/GameFiles/FileTypes/CarColsFile.cs(519,16): warning CS8618: Non-nullable property 'sirens' must contain a non-null value when exiting constructor. Consider declaring the property as nullable. [/home/ubuntu/PROGRAMA-BETA/src/FiveMTool.csproj]
/home/ubuntu/PROGRAMA-BETA/src/External/CodeWalker.Core/GameFiles/FileTypes/CarColsFile.cs(800,21): warning CS8600: Converting null literal or possible null value to non-nullable type. [/home/ubuntu/PROGRAMA-BETA/src/FiveMTool.csproj]
/home/ubuntu/PROGRAMA-BETA/src/External/CodeWalker.Core/GameFiles/FileTypes/CarColsFile.cs(804,21): warning CS8602: Dereference of a possibly null reference. [/home/ubuntu/PROGRAMA-BETA/src/FiveMTool.csproj]
/home/ubuntu/PROGRAMA-BETA/src/External/CodeWalker.Core/GameFiles/FileTypes/CarColsFile.cs(809,59): warning CS8602: Dereference of a possibly null reference. [/home/ubuntu/PROGRAMA-BETA/src/FiveMTool.csproj]
/home/ubuntu/PROGRAMA-BETA/src/External/CodeWalker.Core/GameFiles/FileTypes/CarColsFile.cs(813,21): warning CS8600: Converting null literal or possible null value to non-nullable type. [/home/ubuntu/PROGRAMA-BETA/src/FiveMTool.csproj]
/home/ubuntu/PROGRAMA-BETA/src/External/CodeWalker.Core/GameFiles/FileTypes/CarColsFile.cs(817,21): warning CS8602: Dereference of a possibly null reference. [/home/ubuntu/PROGRAMA-BETA/src/FiveMTool.csproj]
/home/ubuntu/PROGRAMA-BETA/src/External/CodeWalker.Core/GameFiles/FileTypes/CarColsFile.cs(822,84): warning CS8602: Dereference of a possibly null reference. [/home/ubuntu/PROGRAMA-BETA/src/FiveMTool.csproj]
/home/ubuntu/PROGRAMA-BETA/src/External/CodeWalker.Core/GameFiles/FileTypes/CarColsFile.cs(795,16): warning CS8618: Non-nullable property 'linkedModels' must contain a non-null value when exiting constructor. Consider declaring the property as nullable. [/home/ubuntu/PROGRAMA-BETA/src/FiveMTool.csproj]
/home/ubuntu/PROGRAMA-BETA/src/External/CodeWalker.Core/GameFiles/FileTypes/CarColsFile.cs(795,16): warning CS8618: Non-nullable property 'turnOffBones' must contain a non-null value when exiting constructor. Consider declaring the property as nullable. [/home/ubuntu/PROGRAMA-BETA/src/FiveMTool.csproj]
/home/ubuntu/PROGRAMA-BETA/src/External/CodeWalker.Core/GameFiles/FileTypes/CarColsFile.cs(687,21): warning CS8600: Converting null literal or possible null value to non-nullable type. [/home/ubuntu/PROGRAMA-BETA/src/FiveMTool.csproj]
/home/ubuntu/PROGRAMA-BETA/src/External/CodeWalker.Core/GameFiles/FileTypes/CarColsFile.cs(691,21): warning CS8602: Dereference of a possibly null reference. [/home/ubuntu/PROGRAMA-BETA/src/FiveMTool.csproj]
/home/ubuntu/PROGRAMA-BETA/src/External/CodeWalker.Core/GameFiles/FileTypes/CarColsFile.cs(696,65): warning CS8604: Possible null reference argument for parameter 'node' in 'CVehicleModVisible.CVehicleModVisible(XmlNode node)'. [/home/ubuntu/PROGRAMA-BETA/src/FiveMTool.csproj]
/home/ubuntu/PROGRAMA-BETA/src/External/CodeWalker.Core/GameFiles/FileTypes/CarColsFile.cs(700,21): warning CS8600: Converting null literal or possible null value to non-nullable type. [/home/ubuntu/PROGRAMA-BETA/src/FiveMTool.csproj]
/home/ubuntu/PROGRAMA-BETA/src/External/CodeWalker.Core/GameFiles/FileTypes/CarColsFile.cs(704,21): warning CS8602: Dereference of a possibly null reference. [/home/ubuntu/PROGRAMA-BETA/src/FiveMTool.csproj]
/home/ubuntu/PROGRAMA-BETA/src/External/CodeWalker.Core/GameFiles/FileTypes/CarColsFile.cs(709,59): warning CS8604: Possible null reference argument for parameter 'node' in 'CVehicleModLink.CVehicleModLink(XmlNode node)'. [/home/ubuntu/PROGRAMA-BETA/src/FiveMTool.csproj]
/home/ubuntu/PROGRAMA-BETA/src/External/CodeWalker.Core/GameFiles/FileTypes/CarColsFile.cs(713,21): warning CS8600: Converting null literal or possible null value to non-nullable type. [/home/ubuntu/PROGRAMA-BETA/src/FiveMTool.csproj]
/home/ubuntu/PROGRAMA-BETA/src/External/CodeWalker.Core/GameFiles/FileTypes/CarColsFile.cs(717,21): warning CS8602: Dereference of a possibly null reference. [/home/ubuntu/PROGRAMA-BETA/src/FiveMTool.csproj]
/home/ubuntu/PROGRAMA-BETA/src/External/CodeWalker.Core/GameFiles/FileTypes/CarColsFile.cs(722,59): warning CS8604: Possible null reference argument for parameter 'node' in 'CVehicleModStat.CVehicleModStat(XmlNode node)'. [/home/ubuntu/PROGRAMA-BETA/src/FiveMTool.csproj]
/home/ubuntu/PROGRAMA-BETA/src/External/CodeWalker.Core/GameFiles/FileTypes/CarColsFile.cs(726,21): warning CS8600: Converting null literal or possible null value to non-nullable type. [/home/ubuntu/PROGRAMA-BETA/src/FiveMTool.csproj]
/home/ubuntu/PROGRAMA-BETA/src/External/CodeWalker.Core/GameFiles/FileTypes/CarColsFile.cs(730,21): warning CS8602: Dereference of a possibly null reference. [/home/ubuntu/PROGRAMA-BETA/src/FiveMTool.csproj]
/home/ubuntu/PROGRAMA-BETA/src/External/CodeWalker.Core/GameFiles/FileTypes/CarColsFile.cs(735,66): warning CS8604: Possible null reference argument for parameter 'node' in 'CVehicleKit_427606548.CVehicleKit_427606548(XmlNode node)'. [/home/ubuntu/PROGRAMA-BETA/src/FiveMTool.csproj]
/home/ubuntu/PROGRAMA-BETA/src/External/CodeWalker.Core/GameFiles/FileTypes/CarColsFile.cs(739,21): warning CS8600: Converting null literal or possible null value to non-nullable type. [/home/ubuntu/PROGRAMA-BETA/src/FiveMTool.csproj]
/home/ubuntu/PROGRAMA-BETA/src/External/CodeWalker.Core/GameFiles/FileTypes/CarColsFile.cs(743,21): warning CS8602: Dereference of a possibly null reference. [/home/ubuntu/PROGRAMA-BETA/src/FiveMTool.csproj]
/home/ubuntu/PROGRAMA-BETA/src/External/CodeWalker.Core/GameFiles/FileTypes/CarColsFile.cs(748,58): warning CS8602: Dereference of a possibly null reference. [/home/ubuntu/PROGRAMA-BETA/src/FiveMTool.csproj]
/home/ubuntu/PROGRAMA-BETA/src/External/CodeWalker.Core/GameFiles/FileTypes/CarColsFile.cs(752,21): warning CS8600: Converting null literal or possible null value to non-nullable type. [/home/ubuntu/PROGRAMA-BETA/src/FiveMTool.csproj]
/home/ubuntu/PROGRAMA-BETA/src/External/CodeWalker.Core/GameFiles/FileTypes/CarColsFile.cs(756,21): warning CS8602: Dereference of a possibly null reference. [/home/ubuntu/PROGRAMA-BETA/src/FiveMTool.csproj]
/home/ubuntu/PROGRAMA-BETA/src/External/CodeWalker.Core/GameFiles/FileTypes/CarColsFile.cs(761,59): warning CS8602: Dereference of a possibly null reference. [/home/ubuntu/PROGRAMA-BETA/src/FiveMTool.csproj]
/home/ubuntu/PROGRAMA-BETA/src/External/CodeWalker.Core/GameFiles/FileTypes/CarColsFile.cs(681,16): warning CS8618: Non-nullable property 'visibleMods' must contain a non-null value when exiting constructor. Consider declaring the property as nullable. [/home/ubuntu/PROGRAMA-BETA/src/FiveMTool.csproj]
/home/ubuntu/PROGRAMA-BETA/src/External/CodeWalker.Core/GameFiles/FileTypes/CarColsFile.cs(681,16): warning CS8618: Non-nullable property 'linkMods' must contain a non-null value when exiting constructor. Consider declaring the property as nullable. [/home/ubuntu/PROGRAMA-BETA/src/FiveMTool.csproj]
/home/ubuntu/PROGRAMA-BETA/src/External/CodeWalker.Core/GameFiles/FileTypes/CarColsFile.cs(681,16): warning CS8618: Non-nullable property 'statMods' must contain a non-null value when exiting constructor. Consider declaring the property as nullable. [/home/ubuntu/PROGRAMA-BETA/src/FiveMTool.csproj]
/home/ubuntu/PROGRAMA-BETA/src/External/CodeWalker.Core/GameFiles/FileTypes/CarColsFile.cs(681,16): warning CS8618: Non-nullable property 'slotNames' must contain a non-null value when exiting constructor. Consider declaring the property as nullable. [/home/ubuntu/PROGRAMA-BETA/src/FiveMTool.csproj]
/home/ubuntu/PROGRAMA-BETA/src/External/CodeWalker.Core/GameFiles/FileTypes/CarColsFile.cs(681,16): warning CS8618: Non-nullable property 'liveryNames' must contain a non-null value when exiting constructor. Consider declaring the property as nullable. [/home/ubuntu/PROGRAMA-BETA/src/FiveMTool.csproj]
/home/ubuntu/PROGRAMA-BETA/src/External/CodeWalker.Core/GameFiles/FileTypes/CarColsFile.cs(681,16): warning CS8618: Non-nullable property 'livery2Names' must contain a non-null value when exiting constructor. Consider declaring the property as nullable. [/home/ubuntu/PROGRAMA-BETA/src/FiveMTool.csproj]
/home/ubuntu/PROGRAMA-BETA/src/External/CodeWalker.Core/GameFiles/FileTypes/CarModColsFile.cs(22,40): warning CS8625: Cannot convert null literal to non-nullable reference type. [/home/ubuntu/PROGRAMA-BETA/src/FiveMTool.csproj]
/home/ubuntu/PROGRAMA-BETA/src/External/CodeWalker.Core/GameFiles/FileTypes/CarModColsFile.cs(22,16): warning CS8618: Non-nullable property 'Pso' must contain a non-null value when exiting constructor. Consider declaring the property as nullable. [/home/ubuntu/PROGRAMA-BETA/src/FiveMTool.csproj]
/home/ubuntu/PROGRAMA-BETA/src/External/CodeWalker.Core/GameFiles/FileTypes/CarModColsFile.cs(22,16): warning CS8618: Non-nullable property 'Xml' must contain a non-null value when exiting constructor. Consider declaring the property as nullable. [/home/ubuntu/PROGRAMA-BETA/src/FiveMTool.csproj]
/home/ubuntu/PROGRAMA-BETA/src/External/CodeWalker.Core/GameFiles/FileTypes/CarModColsFile.cs(22,16): warning CS8618: Non-nullable property 'VehicleModColours' must contain a non-null value when exiting constructor. Consider declaring the property as nullable. [/home/ubuntu/PROGRAMA-BETA/src/FiveMTool.csproj]
/home/ubuntu/PROGRAMA-BETA/src/External/CodeWalker.Core/GameFiles/FileTypes/CarModColsFile.cs(24,16): warning CS8618: Non-nullable property 'Pso' must contain a non-null value when exiting constructor. Consider declaring the property as nullable. [/home/ubuntu/PROGRAMA-BETA/src/FiveMTool.csproj]
/home/ubuntu/PROGRAMA-BETA/src/External/CodeWalker.Core/GameFiles/FileTypes/CarModColsFile.cs(24,16): warning CS8618: Non-nullable property 'Xml' must contain a non-null value when exiting constructor. Consider declaring the property as nullable. [/home/ubuntu/PROGRAMA-BETA/src/FiveMTool.csproj]
/home/ubuntu/PROGRAMA-BETA/src/External/CodeWalker.Core/GameFiles/FileTypes/CarModColsFile.cs(24,16): warning CS8618: Non-nullable property 'VehicleModColours' must contain a non-null value when exiting constructor. Consider declaring the property as nullable. [/home/ubuntu/PROGRAMA-BETA/src/FiveMTool.csproj]
/home/ubuntu/PROGRAMA-BETA/src/External/CodeWalker.Core/GameFiles/FileTypes/CarVariationsFile.cs(23,43): warning CS8625: Cannot convert null literal to non-nullable reference type. [/home/ubuntu/PROGRAMA-BETA/src/FiveMTool.csproj]
/home/ubuntu/PROGRAMA-BETA/src/External/CodeWalker.Core/GameFiles/FileTypes/CarVariationsFile.cs(23,16): warning CS8618: Non-nullable property 'Pso' must contain a non-null value when exiting constructor. Consider declaring the property as nullable. [/home/ubuntu/PROGRAMA-BETA/src/FiveMTool.csproj]
/home/ubuntu/PROGRAMA-BETA/src/External/CodeWalker.Core/GameFiles/FileTypes/CarVariationsFile.cs(23,16): warning CS8618: Non-nullable property 'Xml' must contain a non-null value when exiting constructor. Consider declaring the property as nullable. [/home/ubuntu/PROGRAMA-BETA/src/FiveMTool.csproj]
/home/ubuntu/PROGRAMA-BETA/src/External/CodeWalker.Core/GameFiles/FileTypes/CarVariationsFile.cs(23,16): warning CS8618: Non-nullable property 'VehicleModelInfo' must contain a non-null value when exiting constructor. Consider declaring the property as nullable. [/home/ubuntu/PROGRAMA-BETA/src/FiveMTool.csproj]
/home/ubuntu/PROGRAMA-BETA/src/External/CodeWalker.Core/GameFiles/FileTypes/CarVariationsFile.cs(25,16): warning CS8618: Non-nullable property 'Pso' must contain a non-null value when exiting constructor. Consider declaring the property as nullable. [/home/ubuntu/PROGRAMA-BETA/src/FiveMTool.csproj]
/home/ubuntu/PROGRAMA-BETA/src/External/CodeWalker.Core/GameFiles/FileTypes/CarVariationsFile.cs(25,16): warning CS8618: Non-nullable property 'Xml' must contain a non-null value when exiting constructor. Consider declaring the property as nullable. [/home/ubuntu/PROGRAMA-BETA/src/FiveMTool.csproj]
/home/ubuntu/PROGRAMA-BETA/src/External/CodeWalker.Core/GameFiles/FileTypes/CarVariationsFile.cs(25,16): warning CS8618: Non-nullable property 'VehicleModelInfo' must contain a non-null value when exiting constructor. Consider declaring the property as nullable. [/home/ubuntu/PROGRAMA-BETA/src/FiveMTool.csproj]
/home/ubuntu/PROGRAMA-BETA/src/External/CodeWalker.Core/GameFiles/FileTypes/CarVariationsFile.cs(82,21): warning CS8600: Converting null literal or possible null value to non-nullable type. [/home/ubuntu/PROGRAMA-BETA/src/FiveMTool.csproj]
/home/ubuntu/PROGRAMA-BETA/src/External/CodeWalker.Core/GameFiles/FileTypes/CarVariationsFile.cs(86,21): warning CS8602: Dereference of a possibly null reference. [/home/ubuntu/PROGRAMA-BETA/src/FiveMTool.csproj]
/home/ubuntu/PROGRAMA-BETA/src/External/CodeWalker.Core/GameFiles/FileTypes/CarVariationsFile.cs(91,85): warning CS8604: Possible null reference argument for parameter 'node' in 'CVehicleModelInfoVariation_418053801.CVehicleModelInfoVariation_418053801(XmlNode node)'. [/home/ubuntu/PROGRAMA-BETA/src/FiveMTool.csproj]
/home/ubuntu/PROGRAMA-BETA/src/External/CodeWalker.Core/GameFiles/FileTypes/CarVariationsFile.cs(79,16): warning CS8618: Non-nullable property 'variationData' must contain a non-null value when exiting constructor. Consider declaring the property as nullable. [/home/ubuntu/PROGRAMA-BETA/src/FiveMTool.csproj]
/home/ubuntu/PROGRAMA-BETA/src/External/CodeWalker.Core/GameFiles/FileTypes/CarModColsFile.cs(183,21): warning CS8600: Converting null literal or possible null value to non-nullable type. [/home/ubuntu/PROGRAMA-BETA/src/FiveMTool.csproj]
/home/ubuntu/PROGRAMA-BETA/src/External/CodeWalker.Core/GameFiles/FileTypes/CarModColsFile.cs(187,21): warning CS8602: Dereference of a possibly null reference. [/home/ubuntu/PROGRAMA-BETA/src/FiveMTool.csproj]
/home/ubuntu/PROGRAMA-BETA/src/External/CodeWalker.Core/GameFiles/FileTypes/CarModColsFile.cs(192,60): warning CS8604: Possible null reference argument for parameter 'node' in 'CVehicleModColor.CVehicleModColor(XmlNode node)'. [/home/ubuntu/PROGRAMA-BETA/src/FiveMTool.csproj]
/home/ubuntu/PROGRAMA-BETA/src/External/CodeWalker.Core/GameFiles/FileTypes/CarModColsFile.cs(196,21): warning CS8600: Converting null literal or possible null value to non-nullable type. [/home/ubuntu/PROGRAMA-BETA/src/FiveMTool.csproj]
/home/ubuntu/PROGRAMA-BETA/src/External/CodeWalker.Core/GameFiles/FileTypes/CarModColsFile.cs(200,21): warning CS8602: Dereference of a possibly null reference. [/home/ubuntu/PROGRAMA-BETA/src/FiveMTool.csproj]
/home/ubuntu/PROGRAMA-BETA/src/External/CodeWalker.Core/GameFiles/FileTypes/CarModColsFile.cs(205,60): warning CS8604: Possible null reference argument for parameter 'node' in 'CVehicleModColor.CVehicleModColor(XmlNode node)'. [/home/ubuntu/PROGRAMA-BETA/src/FiveMTool.csproj]
/home/ubuntu/PROGRAMA-BETA/src/External/CodeWalker.Core/GameFiles/FileTypes/CarModColsFile.cs(180,16): warning CS8618: Non-nullable property 'baseCols' must contain a non-null value when exiting constructor. Consider declaring the property as nullable. [/home/ubuntu/PROGRAMA-BETA/src/FiveMTool.csproj]
/home/ubuntu/PROGRAMA-BETA/src/External/CodeWalker.Core/GameFiles/FileTypes/CarModColsFile.cs(180,16): warning CS8618: Non-nullable property 'specCols' must contain a non-null value when exiting constructor. Consider declaring the property as nullable. [/home/ubuntu/PROGRAMA-BETA/src/FiveMTool.csproj]
/home/ubuntu/PROGRAMA-BETA/src/External/CodeWalker.Core/GameFiles/FileTypes/CarModColsFile.cs(85,21): warning CS8600: Converting null literal or possible null value to non-nullable type. [/home/ubuntu/PROGRAMA-BETA/src/FiveMTool.csproj]
/home/ubuntu/PROGRAMA-BETA/src/External/CodeWalker.Core/GameFiles/FileTypes/CarModColsFile.cs(89,21): warning CS8602: Dereference of a possibly null reference. [/home/ubuntu/PROGRAMA-BETA/src/FiveMTool.csproj]
/home/ubuntu/PROGRAMA-BETA/src/External/CodeWalker.Core/GameFiles/FileTypes/CarModColsFile.cs(94,60): warning CS8604: Possible null reference argument for parameter 'node' in 'CVehicleModColor.CVehicleModColor(XmlNode node)'. [/home/ubuntu/PROGRAMA-BETA/src/FiveMTool.csproj]
/home/ubuntu/PROGRAMA-BETA/src/External/CodeWalker.Core/GameFiles/FileTypes/CarModColsFile.cs(98,21): warning CS8600: Converting null literal or possible null value to non-nullable type. [/home/ubuntu/PROGRAMA-BETA/src/FiveMTool.csproj]
/home/ubuntu/PROGRAMA-BETA/src/External/CodeWalker.Core/GameFiles/FileTypes/CarModColsFile.cs(102,21): warning CS8602: Dereference of a possibly null reference. [/home/ubuntu/PROGRAMA-BETA/src/FiveMTool.csproj]
/home/ubuntu/PROGRAMA-BETA/src/External/CodeWalker.Core/GameFiles/FileTypes/CarModColsFile.cs(107,59): warning CS8604: Possible null reference argument for parameter 'node' in 'CVehicleModColor.CVehicleModColor(XmlNode node)'. [/home/ubuntu/PROGRAMA-BETA/src/FiveMTool.csproj]
/home/ubuntu/PROGRAMA-BETA/src/External/CodeWalker.Core/GameFiles/FileTypes/CarModColsFile.cs(111,21): warning CS8600: Converting null literal or possible null value to non-nullable type. [/home/ubuntu/PROGRAMA-BETA/src/FiveMTool.csproj]
/home/ubuntu/PROGRAMA-BETA/src/External/CodeWalker.Core/GameFiles/FileTypes/CarModColsFile.cs(115,21): warning CS8602: Dereference of a possibly null reference. [/home/ubuntu/PROGRAMA-BETA/src/FiveMTool.csproj]
/home/ubuntu/PROGRAMA-BETA/src/External/CodeWalker.Core/GameFiles/FileTypes/CarModColsFile.cs(120,57): warning CS8604: Possible null reference argument for parameter 'node' in 'CVehicleModColor.CVehicleModColor(XmlNode node)'. [/home/ubuntu/PROGRAMA-BETA/src/FiveMTool.csproj]
/home/ubuntu/PROGRAMA-BETA/src/External/CodeWalker.Core/GameFiles/FileTypes/CarModColsFile.cs(124,21): warning CS8600: Converting null literal or possible null value to non-nullable type. [/home/ubuntu/PROGRAMA-BETA/src/FiveMTool.csproj]
/home/ubuntu/PROGRAMA-BETA/src/External/CodeWalker.Core/GameFiles/FileTypes/CarModColsFile.cs(128,21): warning CS8602: Dereference of a possibly null reference. [/home/ubuntu/PROGRAMA-BETA/src/FiveMTool.csproj]
/home/ubuntu/PROGRAMA-BETA/src/External/CodeWalker.Core/GameFiles/FileTypes/CarModColsFile.cs(133,58): warning CS8604: Possible null reference argument for parameter 'node' in 'CVehicleModColor.CVehicleModColor(XmlNode node)'. [/home/ubuntu/PROGRAMA-BETA/src/FiveMTool.csproj]
/home/ubuntu/PROGRAMA-BETA/src/External/CodeWalker.Core/GameFiles/FileTypes/CarModColsFile.cs(137,21): warning CS8600: Converting null literal or possible null value to non-nullable type. [/home/ubuntu/PROGRAMA-BETA/src/FiveMTool.csproj]
/home/ubuntu/PROGRAMA-BETA/src/External/CodeWalker.Core/GameFiles/FileTypes/CarModColsFile.cs(141,21): warning CS8602: Dereference of a possibly null reference. [/home/ubuntu/PROGRAMA-BETA/src/FiveMTool.csproj]
/home/ubuntu/PROGRAMA-BETA/src/External/CodeWalker.Core/GameFiles/FileTypes/CarModColsFile.cs(146,58): warning CS8604: Possible null reference argument for parameter 'node' in 'CVehicleModColor.CVehicleModColor(XmlNode node)'. [/home/ubuntu/PROGRAMA-BETA/src/FiveMTool.csproj]
/home/ubuntu/PROGRAMA-BETA/src/External/CodeWalker.Core/GameFiles/FileTypes/CarModColsFile.cs(150,21): warning CS8600: Converting null literal or possible null value to non-nullable type. [/home/ubuntu/PROGRAMA-BETA/src/FiveMTool.csproj]
/home/ubuntu/PROGRAMA-BETA/src/External/CodeWalker.Core/GameFiles/FileTypes/CarModColsFile.cs(82,16): warning CS8618: Non-nullable property 'metallic' must contain a non-null value when exiting constructor. Consider declaring the property as nullable. [/home/ubuntu/PROGRAMA-BETA/src/FiveMTool.csproj]
/home/ubuntu/PROGRAMA-BETA/src/External/CodeWalker.Core/GameFiles/FileTypes/CarModColsFile.cs(82,16): warning CS8618: Non-nullable property 'classic' must contain a non-null value when exiting constructor. Consider declaring the property as nullable. [/home/ubuntu/PROGRAMA-BETA/src/FiveMTool.csproj]
/home/ubuntu/PROGRAMA-BETA/src/External/CodeWalker.Core/GameFiles/FileTypes/CarModColsFile.cs(82,16): warning CS8618: Non-nullable property 'matte' must contain a non-null value when exiting constructor. Consider declaring the property as nullable. [/home/ubuntu/PROGRAMA-BETA/src/FiveMTool.csproj]
/home/ubuntu/PROGRAMA-BETA/src/External/CodeWalker.Core/GameFiles/FileTypes/CarModColsFile.cs(82,16): warning CS8618: Non-nullable property 'metals' must contain a non-null value when exiting constructor. Consider declaring the property as nullable. [/home/ubuntu/PROGRAMA-BETA/src/FiveMTool.csproj]
/home/ubuntu/PROGRAMA-BETA/src/External/CodeWalker.Core/GameFiles/FileTypes/CarModColsFile.cs(82,16): warning CS8618: Non-nullable property 'chrome' must contain a non-null value when exiting constructor. Consider declaring the property as nullable. [/home/ubuntu/PROGRAMA-BETA/src/FiveMTool.csproj]
/home/ubuntu/PROGRAMA-BETA/src/External/CodeWalker.Core/GameFiles/FileTypes/CarModColsFile.cs(82,16): warning CS8618: Non-nullable property 'pearlescent' must contain a non-null value when exiting constructor. Consider declaring the property as nullable. [/home/ubuntu/PROGRAMA-BETA/src/FiveMTool.csproj]
/home/ubuntu/PROGRAMA-BETA/src/External/CodeWalker.Core/GameFiles/FileTypes/CarVariationsFile.cs(229,21): warning CS8600: Converting null literal or possible null value to non-nullable type. [/home/ubuntu/PROGRAMA-BETA/src/FiveMTool.csproj]
/home/ubuntu/PROGRAMA-BETA/src/External/CodeWalker.Core/GameFiles/FileTypes/CarVariationsFile.cs(233,21): warning CS8602: Dereference of a possibly null reference. [/home/ubuntu/PROGRAMA-BETA/src/FiveMTool.csproj]
/home/ubuntu/PROGRAMA-BETA/src/External/CodeWalker.Core/GameFiles/FileTypes/CarVariationsFile.cs(238,77): warning CS8604: Possible null reference argument for parameter 'node' in 'PlateProbabilities_938618322.PlateProbabilities_938618322(XmlNode node)'. [/home/ubuntu/PROGRAMA-BETA/src/FiveMTool.csproj]
/home/ubuntu/PROGRAMA-BETA/src/External/CodeWalker.Core/GameFiles/FileTypes/CarVariationsFile.cs(226,16): warning CS8618: Non-nullable property 'Probabilities' must contain a non-null value when exiting constructor. Consider declaring the property as nullable. [/home/ubuntu/PROGRAMA-BETA/src/FiveMTool.csproj]
/home/ubuntu/PROGRAMA-BETA/src/External/CodeWalker.Core/GameFiles/FileTypes/CutFile.cs(24,16): warning CS8618: Non-nullable property 'FileEntry' must contain a non-null value when exiting constructor. Consider declaring the property as nullable. [/home/ubuntu/PROGRAMA-BETA/src/FiveMTool.csproj]
/home/ubuntu/PROGRAMA-BETA/src/External/CodeWalker.Core/GameFiles/FileTypes/CutFile.cs(24,16): warning CS8618: Non-nullable property 'Pso' must contain a non-null value when exiting constructor. Consider declaring the property as nullable. [/home/ubuntu/PROGRAMA-BETA/src/FiveMTool.csproj]
/home/ubuntu/PROGRAMA-BETA/src/External/CodeWalker.Core/GameFiles/FileTypes/CutFile.cs(24,16): warning CS8618: Non-nullable property 'CutsceneFile2' must contain a non-null value when exiting constructor. Consider declaring the property as nullable. [/home/ubuntu/PROGRAMA-BETA/src/FiveMTool.csproj]
/home/ubuntu/PROGRAMA-BETA/src/External/CodeWalker.Core/GameFiles/FileTypes/CutFile.cs(26,16): warning CS8618: Non-nullable property 'Pso' must contain a non-null value when exiting constructor. Consider declaring the property as nullable. [/home/ubuntu/PROGRAMA-BETA/src/FiveMTool.csproj]
/home/ubuntu/PROGRAMA-BETA/src/External/CodeWalker.Core/GameFiles/FileTypes/CutFile.cs(26,16): warning CS8618: Non-nullable property 'CutsceneFile2' must contain a non-null value when exiting constructor. Consider declaring the property as nullable. [/home/ubuntu/PROGRAMA-BETA/src/FiveMTool.csproj]
/home/ubuntu/PROGRAMA-BETA/src/External/CodeWalker.Core/GameFiles/FileTypes/CutFile.cs(49,39): warning CS8604: Possible null reference argument for parameter 'node' in 'void CutsceneFile2.ReadXml(XmlNode node)'. [/home/ubuntu/PROGRAMA-BETA/src/FiveMTool.csproj]
/home/ubuntu/PROGRAMA-BETA/src/External/CodeWalker.Core/GameFiles/FileTypes/CarVariationsFile.cs(172,21): warning CS8600: Converting null literal or possible null value to non-nullable type. [/home/ubuntu/PROGRAMA-BETA/src/FiveMTool.csproj]
/home/ubuntu/PROGRAMA-BETA/src/External/CodeWalker.Core/GameFiles/FileTypes/CarVariationsFile.cs(189,21): warning CS8600: Converting null literal or possible null value to non-nullable type. [/home/ubuntu/PROGRAMA-BETA/src/FiveMTool.csproj]
/home/ubuntu/PROGRAMA-BETA/src/External/CodeWalker.Core/GameFiles/FileTypes/CarVariationsFile.cs(193,21): warning CS8602: Dereference of a possibly null reference. [/home/ubuntu/PROGRAMA-BETA/src/FiveMTool.csproj]
/home/ubuntu/PROGRAMA-BETA/src/External/CodeWalker.Core/GameFiles/FileTypes/CarVariationsFile.cs(198,60): warning CS8604: Possible null reference argument for parameter 'node' in 'bool Xml.GetBoolAttribute(XmlNode node, string attribute)'. [/home/ubuntu/PROGRAMA-BETA/src/FiveMTool.csproj]
/home/ubuntu/PROGRAMA-BETA/src/External/CodeWalker.Core/GameFiles/FileTypes/CarVariationsFile.cs(169,16): warning CS8618: Non-nullable property 'indices' must contain a non-null value when exiting constructor. Consider declaring the property as nullable. [/home/ubuntu/PROGRAMA-BETA/src/FiveMTool.csproj]
/home/ubuntu/PROGRAMA-BETA/src/External/CodeWalker.Core/GameFiles/FileTypes/CarVariationsFile.cs(169,16): warning CS8618: Non-nullable property 'liveries' must contain a non-null value when exiting constructor. Consider declaring the property as nullable. [/home/ubuntu/PROGRAMA-BETA/src/FiveMTool.csproj]
/home/ubuntu/PROGRAMA-BETA/src/External/CodeWalker.Core/GameFiles/FileTypes/CarVariationsFile.cs(111,21): warning CS8600: Converting null literal or possible null value to non-nullable type. [/home/ubuntu/PROGRAMA-BETA/src/FiveMTool.csproj]
/home/ubuntu/PROGRAMA-BETA/src/External/CodeWalker.Core/GameFiles/FileTypes/CarVariationsFile.cs(115,21): warning CS8602: Dereference of a possibly null reference. [/home/ubuntu/PROGRAMA-BETA/src/FiveMTool.csproj]
/home/ubuntu/PROGRAMA-BETA/src/External/CodeWalker.Core/GameFiles/FileTypes/CarVariationsFile.cs(120,79): warning CS8604: Possible null reference argument for parameter 'node' in 'CVehicleModelInfoVariation_2575850962.CVehicleModelInfoVariation_2575850962(XmlNode node)'. [/home/ubuntu/PROGRAMA-BETA/src/FiveMTool.csproj]
/home/ubuntu/PROGRAMA-BETA/src/External/CodeWalker.Core/GameFiles/FileTypes/CarVariationsFile.cs(124,21): warning CS8600: Converting null literal or possible null value to non-nullable type. [/home/ubuntu/PROGRAMA-BETA/src/FiveMTool.csproj]
/home/ubuntu/PROGRAMA-BETA/src/External/CodeWalker.Core/GameFiles/FileTypes/CarVariationsFile.cs(128,21): warning CS8602: Dereference of a possibly null reference. [/home/ubuntu/PROGRAMA-BETA/src/FiveMTool.csproj]
/home/ubuntu/PROGRAMA-BETA/src/External/CodeWalker.Core/GameFiles/FileTypes/CarVariationsFile.cs(133,51): warning CS8602: Dereference of a possibly null reference. [/home/ubuntu/PROGRAMA-BETA/src/FiveMTool.csproj]
/home/ubuntu/PROGRAMA-BETA/src/External/CodeWalker.Core/GameFiles/FileTypes/CarVariationsFile.cs(137,21): warning CS8600: Converting null literal or possible null value to non-nullable type. [/home/ubuntu/PROGRAMA-BETA/src/FiveMTool.csproj]
/home/ubuntu/PROGRAMA-BETA/src/External/CodeWalker.Core/GameFiles/FileTypes/CarVariationsFile.cs(141,21): warning CS8602: Dereference of a possibly null reference. [/home/ubuntu/PROGRAMA-BETA/src/FiveMTool.csproj]
/home/ubuntu/PROGRAMA-BETA/src/External/CodeWalker.Core/GameFiles/FileTypes/CarVariationsFile.cs(146,70): warning CS8602: Dereference of a possibly null reference. [/home/ubuntu/PROGRAMA-BETA/src/FiveMTool.csproj]
/home/ubuntu/PROGRAMA-BETA/src/External/CodeWalker.Core/GameFiles/FileTypes/CarVariationsFile.cs(150,21): warning CS8600: Converting null literal or possible null value to non-nullable type. [/home/ubuntu/PROGRAMA-BETA/src/FiveMTool.csproj]
/home/ubuntu/PROGRAMA-BETA/src/External/CodeWalker.Core/GameFiles/FileTypes/CarVariationsFile.cs(107,16): warning CS8618: Non-nullable property 'colors' must contain a non-null value when exiting constructor. Consider declaring the property as nullable. [/home/ubuntu/PROGRAMA-BETA/src/FiveMTool.csproj]
/home/ubuntu/PROGRAMA-BETA/src/External/CodeWalker.Core/GameFiles/FileTypes/CarVariationsFile.cs(107,16): warning CS8618: Non-nullable property 'kits' must contain a non-null value when exiting constructor. Consider declaring the property as nullable. [/home/ubuntu/PROGRAMA-BETA/src/FiveMTool.csproj]
/home/ubuntu/PROGRAMA-BETA/src/External/CodeWalker.Core/GameFiles/FileTypes/CarVariationsFile.cs(107,16): warning CS8618: Non-nullable property 'windowsWithExposedEdges' must contain a non-null value when exiting constructor. Consider declaring the property as nullable. [/home/ubuntu/PROGRAMA-BETA/src/FiveMTool.csproj]
/home/ubuntu/PROGRAMA-BETA/src/External/CodeWalker.Core/GameFiles/FileTypes/CarVariationsFile.cs(107,16): warning CS8618: Non-nullable property 'plateProbabilities' must contain a non-null value when exiting constructor. Consider declaring the property as nullable. [/home/ubuntu/PROGRAMA-BETA/src/FiveMTool.csproj]
/home/ubuntu/PROGRAMA-BETA/src/External/CodeWalker.Core/GameFiles/FileTypes/CutFile.cs(340,25): warning CS8618: Non-nullable property 'Items' must contain a non-null value when exiting constructor. Consider declaring the property as nullable. [/home/ubuntu/PROGRAMA-BETA/src/FiveMTool.csproj]
/home/ubuntu/PROGRAMA-BETA/src/External/CodeWalker.Core/GameFiles/FileTypes/CutFile.cs(390,23): warning CS8618: Non-nullable property 'Value' must contain a non-null value when exiting constructor. Consider declaring the property as nullable. [/home/ubuntu/PROGRAMA-BETA/src/FiveMTool.csproj]
/home/ubuntu/PROGRAMA-BETA/src/External/CodeWalker.Core/GameFiles/FileTypes/CutFile.cs(433,22): warning CS8618: Non-nullable property 'frames' must contain a non-null value when exiting constructor. Consider declaring the property as nullable. [/home/ubuntu/PROGRAMA-BETA/src/FiveMTool.csproj]
/home/ubuntu/PROGRAMA-BETA/src/External/CodeWalker.Core/GameFiles/FileTypes/CutFile.cs(458,50): warning CS8602: Dereference of a possibly null reference. [/home/ubuntu/PROGRAMA-BETA/src/FiveMTool.csproj]
/home/ubuntu/PROGRAMA-BETA/src/External/CodeWalker.Core/GameFiles/FileTypes/CutFile.cs(446,36): warning CS8618: Non-nullable property 'attributeList' must contain a non-null value when exiting constructor. Consider declaring the property as nullable. [/home/ubuntu/PROGRAMA-BETA/src/FiveMTool.csproj]
/home/ubuntu/PROGRAMA-BETA/src/External/CodeWalker.Core/GameFiles/FileTypes/CutFile.cs(447,34): warning CS8618: Non-nullable property 'cutfAttributes' must contain a non-null value when exiting constructor. Consider declaring the property as nullable. [/home/ubuntu/PROGRAMA-BETA/src/FiveMTool.csproj]
/home/ubuntu/PROGRAMA-BETA/src/External/CodeWalker.Core/GameFiles/FileTypes/CutFile.cs(557,26): warning CS8618: Non-nullable property 'vCorners' must contain a non-null value when exiting constructor. Consider declaring the property as nullable. [/home/ubuntu/PROGRAMA-BETA/src/FiveMTool.csproj]
/home/ubuntu/PROGRAMA-BETA/src/External/CodeWalker.Core/GameFiles/FileTypes/CutFile.cs(591,23): warning CS8618: Non-nullable property 'cRenderTargetName' must contain a non-null value when exiting constructor. Consider declaring the property as nullable. [/home/ubuntu/PROGRAMA-BETA/src/FiveMTool.csproj]
/home/ubuntu/PROGRAMA-BETA/src/External/CodeWalker.Core/GameFiles/FileTypes/CutFile.cs(188,49): warning CS8602: Dereference of a possibly null reference. [/home/ubuntu/PROGRAMA-BETA/src/FiveMTool.csproj]
/home/ubuntu/PROGRAMA-BETA/src/External/CodeWalker.Core/GameFiles/FileTypes/CutFile.cs(161,35): warning CS8603: Possible null reference return. [/home/ubuntu/PROGRAMA-BETA/src/FiveMTool.csproj]
/home/ubuntu/PROGRAMA-BETA/src/External/CodeWalker.Core/GameFiles/FileTypes/CutFile.cs(162,65): warning CS8603: Possible null reference return. [/home/ubuntu/PROGRAMA-BETA/src/FiveMTool.csproj]
/home/ubuntu/PROGRAMA-BETA/src/External/CodeWalker.Core/GameFiles/FileTypes/CutFile.cs(163,28): warning CS8602: Dereference of a possibly null reference. [/home/ubuntu/PROGRAMA-BETA/src/FiveMTool.csproj]
/home/ubuntu/PROGRAMA-BETA/src/External/CodeWalker.Core/GameFiles/FileTypes/CutFile.cs(166,24): warning CS8603: Possible null reference return. [/home/ubuntu/PROGRAMA-BETA/src/FiveMTool.csproj]
/home/ubuntu/PROGRAMA-BETA/src/External/CodeWalker.Core/GameFiles/FileTypes/CutFile.cs(170,31): warning CS8600: Converting null literal or possible null value to non-nullable type. [/home/ubuntu/PROGRAMA-BETA/src/FiveMTool.csproj]
/home/ubuntu/PROGRAMA-BETA/src/External/CodeWalker.Core/GameFiles/FileTypes/CutFile.cs(171,48): warning CS8600: Converting null literal or possible null value to non-nullable type. [/home/ubuntu/PROGRAMA-BETA/src/FiveMTool.csproj]
/home/ubuntu/PROGRAMA-BETA/src/External/CodeWalker.Core/GameFiles/FileTypes/CutFile.cs(172,24): warning CS8603: Possible null reference return. [/home/ubuntu/PROGRAMA-BETA/src/FiveMTool.csproj]
/home/ubuntu/PROGRAMA-BETA/src/External/CodeWalker.Core/GameFiles/Utils/GTAKeys.cs(209,25): warning CS8600: Converting null literal or possible null value to non-nullable type. [/home/ubuntu/PROGRAMA-BETA/src/FiveMTool.csproj]
/home/ubuntu/PROGRAMA-BETA/src/External/CodeWalker.Core/GameFiles/FileTypes/CutFile.cs(721,25): warning CS8618: Non-nullable property 'cRemoveBoneNameList' must contain a non-null value when exiting constructor. Consider declaring the property as nullable. [/home/ubuntu/PROGRAMA-BETA/src/FiveMTool.csproj]
/home/ubuntu/PROGRAMA-BETA/src/External/CodeWalker.Core/GameFiles/FileTypes/CutFile.cs(279,33): warning CS8603: Possible null reference return. [/home/ubuntu/PROGRAMA-BETA/src/FiveMTool.csproj]
/home/ubuntu/PROGRAMA-BETA/src/External/CodeWalker.Core/GameFiles/Utils/GTAKeys.cs(255,37): warning CS8625: Cannot convert null literal to non-nullable reference type. [/home/ubuntu/PROGRAMA-BETA/src/FiveMTool.csproj]
/home/ubuntu/PROGRAMA-BETA/src/External/CodeWalker.Core/GameFiles/Utils/GTAKeys.cs(283,24): warning CS8600: Converting null literal or possible null value to non-nullable type. [/home/ubuntu/PROGRAMA-BETA/src/FiveMTool.csproj]
/home/ubuntu/PROGRAMA-BETA/src/External/CodeWalker.Core/GameFiles/FileTypes/CutFile.cs(291,20): warning CS8603: Possible null reference return. [/home/ubuntu/PROGRAMA-BETA/src/FiveMTool.csproj]
/home/ubuntu/PROGRAMA-BETA/src/External/CodeWalker.Core/GameFiles/Utils/GTAKeys.cs(47,30): warning CS8618: Non-nullable field 'PC_AES_KEY' must contain a non-null value when exiting constructor. Consider declaring the field as nullable. [/home/ubuntu/PROGRAMA-BETA/src/FiveMTool.csproj]
/home/ubuntu/PROGRAMA-BETA/src/External/CodeWalker.Core/GameFiles/Utils/GTAKeys.cs(50,32): warning CS8618: Non-nullable field 'PC_NG_KEYS' must contain a non-null value when exiting constructor. Consider declaring the field as nullable. [/home/ubuntu/PROGRAMA-BETA/src/FiveMTool.csproj]
/home/ubuntu/PROGRAMA-BETA/src/External/CodeWalker.Core/GameFiles/Utils/GTAKeys.cs(53,34): warning CS8618: Non-nullable field 'PC_NG_DECRYPT_TABLES' must contain a non-null value when exiting constructor. Consider declaring the field as nullable. [/home/ubuntu/PROGRAMA-BETA/src/FiveMTool.csproj]
/home/ubuntu/PROGRAMA-BETA/src/External/CodeWalker.Core/GameFiles/Utils/GTAKeys.cs(57,34): warning CS8618: Non-nullable field 'PC_NG_ENCRYPT_TABLES' must contain a non-null value when exiting constructor. Consider declaring the field as nullable. [/home/ubuntu/PROGRAMA-BETA/src/FiveMTool.csproj]
/home/ubuntu/PROGRAMA-BETA/src/External/CodeWalker.Core/GameFiles/Utils/GTAKeys.cs(61,37): warning CS8618: Non-nullable field 'PC_NG_ENCRYPT_LUTs' must contain a non-null value when exiting constructor. Consider declaring the field as nullable. [/home/ubuntu/PROGRAMA-BETA/src/FiveMTool.csproj]
/home/ubuntu/PROGRAMA-BETA/src/External/CodeWalker.Core/GameFiles/Utils/GTAKeys.cs(64,30): warning CS8618: Non-nullable field 'PC_LUT' must contain a non-null value when exiting constructor. Consider declaring the field as nullable. [/home/ubuntu/PROGRAMA-BETA/src/FiveMTool.csproj]
/home/ubuntu/PROGRAMA-BETA/src/External/CodeWalker.Core/GameFiles/Utils/GTAKeys.cs(67,30): warning CS8618: Non-nullable field 'PC_AWC_KEY' must contain a non-null value when exiting constructor. Consider declaring the field as nullable. [/home/ubuntu/PROGRAMA-BETA/src/FiveMTool.csproj]
/home/ubuntu/PROGRAMA-BETA/src/External/CodeWalker.Core/GameFiles/FileTypes/CutFile.cs(312,20): warning CS8603: Possible null reference return. [/home/ubuntu/PROGRAMA-BETA/src/FiveMTool.csproj]
/home/ubuntu/PROGRAMA-BETA/src/External/CodeWalker.Core/GameFiles/FileTypes/CutFile.cs(889,29): warning CS8618: Non-nullable property 'EventArgs' must contain a non-null value when exiting constructor. Consider declaring the property as nullable. [/home/ubuntu/PROGRAMA-BETA/src/FiveMTool.csproj]
/home/ubuntu/PROGRAMA-BETA/src/External/CodeWalker.Core/GameFiles/FileTypes/CutFile.cs(73,23): warning CS8618: Non-nullable property 'cFaceDir' must contain a non-null value when exiting constructor. Consider declaring the property as nullable. [/home/ubuntu/PROGRAMA-BETA/src/FiveMTool.csproj]
/home/ubuntu/PROGRAMA-BETA/src/External/CodeWalker.Core/GameFiles/FileTypes/CutFile.cs(74,23): warning CS8618: Non-nullable property 'iCutsceneFlags' must contain a non-null value when exiting constructor. Consider declaring the property as nullable. [/home/ubuntu/PROGRAMA-BETA/src/FiveMTool.csproj]
/home/ubuntu/PROGRAMA-BETA/src/External/CodeWalker.Core/GameFiles/FileTypes/CutFile.cs(78,25): warning CS8618: Non-nullable property 'pCutsceneObjects' must contain a non-null value when exiting constructor. Consider declaring the property as nullable. [/home/ubuntu/PROGRAMA-BETA/src/FiveMTool.csproj]
/home/ubuntu/PROGRAMA-BETA/src/External/CodeWalker.Core/GameFiles/FileTypes/CutFile.cs(79,25): warning CS8618: Non-nullable property 'pCutsceneLoadEventList' must contain a non-null value when exiting constructor. Consider declaring the property as nullable. [/home/ubuntu/PROGRAMA-BETA/src/FiveMTool.csproj]
/home/ubuntu/PROGRAMA-BETA/src/External/CodeWalker.Core/GameFiles/FileTypes/CutFile.cs(80,25): warning CS8618: Non-nullable property 'pCutsceneEventList' must contain a non-null value when exiting constructor. Consider declaring the property as nullable. [/home/ubuntu/PROGRAMA-BETA/src/FiveMTool.csproj]
/home/ubuntu/PROGRAMA-BETA/src/External/CodeWalker.Core/GameFiles/FileTypes/CutFile.cs(81,25): warning CS8618: Non-nullable property 'pCutsceneEventArgsList' must contain a non-null value when exiting constructor. Consider declaring the property as nullable. [/home/ubuntu/PROGRAMA-BETA/src/FiveMTool.csproj]
/home/ubuntu/PROGRAMA-BETA/src/External/CodeWalker.Core/GameFiles/FileTypes/CutFile.cs(82,36): warning CS8618: Non-nullable property 'attributes' must contain a non-null value when exiting constructor. Consider declaring the property as nullable. [/home/ubuntu/PROGRAMA-BETA/src/FiveMTool.csproj]
/home/ubuntu/PROGRAMA-BETA/src/External/CodeWalker.Core/GameFiles/FileTypes/CutFile.cs(83,34): warning CS8618: Non-nullable property 'cutfAttributes' must contain a non-null value when exiting constructor. Consider declaring the property as nullable. [/home/ubuntu/PROGRAMA-BETA/src/FiveMTool.csproj]
/home/ubuntu/PROGRAMA-BETA/src/External/CodeWalker.Core/GameFiles/FileTypes/CutFile.cs(97,24): warning CS8618: Non-nullable property 'cameraCutList' must contain a non-null value when exiting constructor. Consider declaring the property as nullable. [/home/ubuntu/PROGRAMA-BETA/src/FiveMTool.csproj]
/home/ubuntu/PROGRAMA-BETA/src/External/CodeWalker.Core/GameFiles/FileTypes/CutFile.cs(98,24): warning CS8618: Non-nullable property 'sectionSplitList' must contain a non-null value when exiting constructor. Consider declaring the property as nullable. [/home/ubuntu/PROGRAMA-BETA/src/FiveMTool.csproj]
/home/ubuntu/PROGRAMA-BETA/src/External/CodeWalker.Core/GameFiles/FileTypes/CutFile.cs(99,32): warning CS8618: Non-nullable property 'concatDataList' must contain a non-null value when exiting constructor. Consider declaring the property as nullable. [/home/ubuntu/PROGRAMA-BETA/src/FiveMTool.csproj]
/home/ubuntu/PROGRAMA-BETA/src/External/CodeWalker.Core/GameFiles/FileTypes/CutFile.cs(100,35): warning CS8618: Non-nullable property 'discardFrameList' must contain a non-null value when exiting constructor. Consider declaring the property as nullable. [/home/ubuntu/PROGRAMA-BETA/src/FiveMTool.csproj]
/home/ubuntu/PROGRAMA-BETA/src/External/CodeWalker.Core/GameFiles/FileTypes/CutFile.cs(916,26): warning CS8618: Non-nullable property 'Object' must contain a non-null value when exiting constructor. Consider declaring the property as nullable. [/home/ubuntu/PROGRAMA-BETA/src/FiveMTool.csproj]
/home/ubuntu/PROGRAMA-BETA/src/External/CodeWalker.Core/GameFiles/FileTypes/CutFile.cs(927,36): warning CS8618: Non-nullable property 'attributeList' must contain a non-null value when exiting constructor. Consider declaring the property as nullable. [/home/ubuntu/PROGRAMA-BETA/src/FiveMTool.csproj]
/home/ubuntu/PROGRAMA-BETA/src/External/CodeWalker.Core/GameFiles/FileTypes/CutFile.cs(928,34): warning CS8618: Non-nullable property 'cutfAttributes' must contain a non-null value when exiting constructor. Consider declaring the property as nullable. [/home/ubuntu/PROGRAMA-BETA/src/FiveMTool.csproj]
/home/ubuntu/PROGRAMA-BETA/src/External/CodeWalker.Core/GameFiles/FileTypes/CutFile.cs(948,23): warning CS8618: Non-nullable property 'cName' must contain a non-null value when exiting constructor. Consider declaring the property as nullable. [/home/ubuntu/PROGRAMA-BETA/src/FiveMTool.csproj]
/home/ubuntu/PROGRAMA-BETA/src/External/CodeWalker.Core/GameFiles/FileTypes/CutFile.cs(960,26): warning CS8618: Non-nullable property 'Object' must contain a non-null value when exiting constructor. Consider declaring the property as nullable. [/home/ubuntu/PROGRAMA-BETA/src/FiveMTool.csproj]
/home/ubuntu/PROGRAMA-BETA/src/External/CodeWalker.Core/GameFiles/FileTypes/CutFile.cs(970,22): warning CS8618: Non-nullable property 'iObjectIdList' must contain a non-null value when exiting constructor. Consider declaring the property as nullable. [/home/ubuntu/PROGRAMA-BETA/src/FiveMTool.csproj]
/home/ubuntu/PROGRAMA-BETA/src/External/CodeWalker.Core/GameFiles/FileTypes/CutFile.cs(972,28): warning CS8618: Non-nullable property 'ObjectList' must contain a non-null value when exiting constructor. Consider declaring the property as nullable. [/home/ubuntu/PROGRAMA-BETA/src/FiveMTool.csproj]
/home/ubuntu/PROGRAMA-BETA/src/External/CodeWalker.Core/GameFiles/Utils/GTACrypto.cs(49,28): warning SYSLIB0022: 'Rijndael' is obsolete: 'The Rijndael and RijndaelManaged types are obsolete. Use Aes instead.' [/home/ubuntu/PROGRAMA-BETA/src/FiveMTool.csproj]
/home/ubuntu/PROGRAMA-BETA/src/External/CodeWalker.Core/GameFiles/Utils/GTACrypto.cs(71,28): warning SYSLIB0022: 'Rijndael' is obsolete: 'The Rijndael and RijndaelManaged types are obsolete. Use Aes instead.' [/home/ubuntu/PROGRAMA-BETA/src/FiveMTool.csproj]
/home/ubuntu/PROGRAMA-BETA/src/External/CodeWalker.Core/GameFiles/FileTypes/CutFile.cs(1179,22): warning CS8618: Non-nullable property 'pExtraBoneIds' must contain a non-null value when exiting constructor. Consider declaring the property as nullable. [/home/ubuntu/PROGRAMA-BETA/src/FiveMTool.csproj]
/home/ubuntu/PROGRAMA-BETA/src/External/CodeWalker.Core/GameFiles/FileTypes/CutFile.cs(1069,49): warning CS8618: Non-nullable property 'CharacterLight' must contain a non-null value when exiting constructor. Consider declaring the property as nullable. [/home/ubuntu/PROGRAMA-BETA/src/FiveMTool.csproj]
/home/ubuntu/PROGRAMA-BETA/src/External/CodeWalker.Core/GameFiles/FileTypes/CutFile.cs(1070,51): warning CS8618: Non-nullable property 'TimeOfDayDofModifers' must contain a non-null value when exiting constructor. Consider declaring the property as nullable. [/home/ubuntu/PROGRAMA-BETA/src/FiveMTool.csproj]
/home/ubuntu/PROGRAMA-BETA/src/External/CodeWalker.Core/GameFiles/FileTypes/DistantLightsFile.cs(27,43): warning CS8625: Cannot convert null literal to non-nullable reference type. [/home/ubuntu/PROGRAMA-BETA/src/FiveMTool.csproj]
/home/ubuntu/PROGRAMA-BETA/src/External/CodeWalker.Core/GameFiles/FileTypes/DistantLightsFile.cs(27,16): warning CS8618: Non-nullable property 'PathIndices' must contain a non-null value when exiting constructor. Consider declaring the property as nullable. [/home/ubuntu/PROGRAMA-BETA/src/FiveMTool.csproj]
/home/ubuntu/PROGRAMA-BETA/src/External/CodeWalker.Core/GameFiles/FileTypes/DistantLightsFile.cs(27,16): warning CS8618: Non-nullable property 'PathCounts1' must contain a non-null value when exiting constructor. Consider declaring the property as nullable. [/home/ubuntu/PROGRAMA-BETA/src/FiveMTool.csproj]
/home/ubuntu/PROGRAMA-BETA/src/External/CodeWalker.Core/GameFiles/FileTypes/DistantLightsFile.cs(27,16): warning CS8618: Non-nullable property 'PathCounts2' must contain a non-null value when exiting constructor. Consider declaring the property as nullable. [/home/ubuntu/PROGRAMA-BETA/src/FiveMTool.csproj]
/home/ubuntu/PROGRAMA-BETA/src/External/CodeWalker.Core/GameFiles/FileTypes/DistantLightsFile.cs(27,16): warning CS8618: Non-nullable property 'Nodes' must contain a non-null value when exiting constructor. Consider declaring the property as nullable. [/home/ubuntu/PROGRAMA-BETA/src/FiveMTool.csproj]
/home/ubuntu/PROGRAMA-BETA/src/External/CodeWalker.Core/GameFiles/FileTypes/DistantLightsFile.cs(27,16): warning CS8618: Non-nullable property 'Paths' must contain a non-null value when exiting constructor. Consider declaring the property as nullable. [/home/ubuntu/PROGRAMA-BETA/src/FiveMTool.csproj]
/home/ubuntu/PROGRAMA-BETA/src/External/CodeWalker.Core/GameFiles/FileTypes/DistantLightsFile.cs(27,16): warning CS8618: Non-nullable property 'Cells' must contain a non-null value when exiting constructor. Consider declaring the property as nullable. [/home/ubuntu/PROGRAMA-BETA/src/FiveMTool.csproj]
/home/ubuntu/PROGRAMA-BETA/src/External/CodeWalker.Core/GameFiles/FileTypes/DistantLightsFile.cs(30,16): warning CS8618: Non-nullable property 'PathIndices' must contain a non-null value when exiting constructor. Consider declaring the property as nullable. [/home/ubuntu/PROGRAMA-BETA/src/FiveMTool.csproj]
/home/ubuntu/PROGRAMA-BETA/src/External/CodeWalker.Core/GameFiles/FileTypes/DistantLightsFile.cs(30,16): warning CS8618: Non-nullable property 'PathCounts1' must contain a non-null value when exiting constructor. Consider declaring the property as nullable. [/home/ubuntu/PROGRAMA-BETA/src/FiveMTool.csproj]
/home/ubuntu/PROGRAMA-BETA/src/External/CodeWalker.Core/GameFiles/FileTypes/DistantLightsFile.cs(30,16): warning CS8618: Non-nullable property 'PathCounts2' must contain a non-null value when exiting constructor. Consider declaring the property as nullable. [/home/ubuntu/PROGRAMA-BETA/src/FiveMTool.csproj]
/home/ubuntu/PROGRAMA-BETA/src/External/CodeWalker.Core/GameFiles/FileTypes/DistantLightsFile.cs(30,16): warning CS8618: Non-nullable property 'Nodes' must contain a non-null value when exiting constructor. Consider declaring the property as nullable. [/home/ubuntu/PROGRAMA-BETA/src/FiveMTool.csproj]
/home/ubuntu/PROGRAMA-BETA/src/External/CodeWalker.Core/GameFiles/FileTypes/DistantLightsFile.cs(30,16): warning CS8618: Non-nullable property 'Paths' must contain a non-null value when exiting constructor. Consider declaring the property as nullable. [/home/ubuntu/PROGRAMA-BETA/src/FiveMTool.csproj]
/home/ubuntu/PROGRAMA-BETA/src/External/CodeWalker.Core/GameFiles/FileTypes/DistantLightsFile.cs(30,16): warning CS8618: Non-nullable property 'Cells' must contain a non-null value when exiting constructor. Consider declaring the property as nullable. [/home/ubuntu/PROGRAMA-BETA/src/FiveMTool.csproj]
/home/ubuntu/PROGRAMA-BETA/src/External/CodeWalker.Core/GameFiles/FileTypes/DistantLightsFile.cs(244,16): warning CS8618: Non-nullable property 'Nodes' must contain a non-null value when exiting constructor. Consider declaring the property as nullable. [/home/ubuntu/PROGRAMA-BETA/src/FiveMTool.csproj]
/home/ubuntu/PROGRAMA-BETA/src/External/CodeWalker.Core/GameFiles/FileTypes/DistantLightsFile.cs(246,16): warning CS8618: Non-nullable property 'Nodes' must contain a non-null value when exiting constructor. Consider declaring the property as nullable. [/home/ubuntu/PROGRAMA-BETA/src/FiveMTool.csproj]
/home/ubuntu/PROGRAMA-BETA/src/External/CodeWalker.Core/GameFiles/FileTypes/DistantLightsFile.cs(315,36): warning CS8618: Non-nullable property 'Paths1' must contain a non-null value when exiting constructor. Consider declaring the property as nullable. [/home/ubuntu/PROGRAMA-BETA/src/FiveMTool.csproj]
/home/ubuntu/PROGRAMA-BETA/src/External/CodeWalker.Core/GameFiles/FileTypes/DistantLightsFile.cs(316,36): warning CS8618: Non-nullable property 'Paths2' must contain a non-null value when exiting constructor. Consider declaring the property as nullable. [/home/ubuntu/PROGRAMA-BETA/src/FiveMTool.csproj]
/home/ubuntu/PROGRAMA-BETA/src/External/CodeWalker.Core/GameFiles/FileTypes/DlcContentFile.cs(134,16): warning CS8618: Non-nullable property 'filename' must contain a non-null value when exiting constructor. Consider declaring the property as nullable. [/home/ubuntu/PROGRAMA-BETA/src/FiveMTool.csproj]
/home/ubuntu/PROGRAMA-BETA/src/External/CodeWalker.Core/GameFiles/FileTypes/DlcContentFile.cs(134,16): warning CS8618: Non-nullable property 'fileType' must contain a non-null value when exiting constructor. Consider declaring the property as nullable. [/home/ubuntu/PROGRAMA-BETA/src/FiveMTool.csproj]
/home/ubuntu/PROGRAMA-BETA/src/External/CodeWalker.Core/GameFiles/FileTypes/DlcContentFile.cs(134,16): warning CS8618: Non-nullable property 'contents' must contain a non-null value when exiting constructor. Consider declaring the property as nullable. [/home/ubuntu/PROGRAMA-BETA/src/FiveMTool.csproj]
/home/ubuntu/PROGRAMA-BETA/src/External/CodeWalker.Core/GameFiles/FileTypes/DlcContentFile.cs(134,16): warning CS8618: Non-nullable property 'installPartition' must contain a non-null value when exiting constructor. Consider declaring the property as nullable. [/home/ubuntu/PROGRAMA-BETA/src/FiveMTool.csproj]
/home/ubuntu/PROGRAMA-BETA/src/External/CodeWalker.Core/GameFiles/FileTypes/DlcContentFile.cs(205,16): warning CS8618: Non-nullable property 'changeSetName' must contain a non-null value when exiting constructor. Consider declaring the property as nullable. [/home/ubuntu/PROGRAMA-BETA/src/FiveMTool.csproj]
/home/ubuntu/PROGRAMA-BETA/src/External/CodeWalker.Core/GameFiles/FileTypes/DlcContentFile.cs(205,16): warning CS8618: Non-nullable property 'filesToInvalidate' must contain a non-null value when exiting constructor. Consider declaring the property as nullable. [/home/ubuntu/PROGRAMA-BETA/src/FiveMTool.csproj]
/home/ubuntu/PROGRAMA-BETA/src/External/CodeWalker.Core/GameFiles/FileTypes/DlcContentFile.cs(205,16): warning CS8618: Non-nullable property 'filesToDisable' must contain a non-null value when exiting constructor. Consider declaring the property as nullable. [/home/ubuntu/PROGRAMA-BETA/src/FiveMTool.csproj]
/home/ubuntu/PROGRAMA-BETA/src/External/CodeWalker.Core/GameFiles/FileTypes/DlcContentFile.cs(205,16): warning CS8618: Non-nullable property 'filesToEnable' must contain a non-null value when exiting constructor. Consider declaring the property as nullable. [/home/ubuntu/PROGRAMA-BETA/src/FiveMTool.csproj]
/home/ubuntu/PROGRAMA-BETA/src/External/CodeWalker.Core/GameFiles/FileTypes/DlcContentFile.cs(205,16): warning CS8618: Non-nullable property 'txdToLoad' must contain a non-null value when exiting constructor. Consider declaring the property as nullable. [/home/ubuntu/PROGRAMA-BETA/src/FiveMTool.csproj]
/home/ubuntu/PROGRAMA-BETA/src/External/CodeWalker.Core/GameFiles/FileTypes/DlcContentFile.cs(205,16): warning CS8618: Non-nullable property 'txdToUnload' must contain a non-null value when exiting constructor. Consider declaring the property as nullable. [/home/ubuntu/PROGRAMA-BETA/src/FiveMTool.csproj]
/home/ubuntu/PROGRAMA-BETA/src/External/CodeWalker.Core/GameFiles/FileTypes/DlcContentFile.cs(205,16): warning CS8618: Non-nullable property 'residentResources' must contain a non-null value when exiting constructor. Consider declaring the property as nullable. [/home/ubuntu/PROGRAMA-BETA/src/FiveMTool.csproj]
/home/ubuntu/PROGRAMA-BETA/src/External/CodeWalker.Core/GameFiles/FileTypes/DlcContentFile.cs(205,16): warning CS8618: Non-nullable property 'unregisterResources' must contain a non-null value when exiting constructor. Consider declaring the property as nullable. [/home/ubuntu/PROGRAMA-BETA/src/FiveMTool.csproj]
/home/ubuntu/PROGRAMA-BETA/src/External/CodeWalker.Core/GameFiles/FileTypes/DlcContentFile.cs(205,16): warning CS8618: Non-nullable property 'mapChangeSetData' must contain a non-null value when exiting constructor. Consider declaring the property as nullable. [/home/ubuntu/PROGRAMA-BETA/src/FiveMTool.csproj]
/home/ubuntu/PROGRAMA-BETA/src/External/CodeWalker.Core/GameFiles/FileTypes/DlcContentFile.cs(205,16): warning CS8618: Non-nullable property 'associatedMap' must contain a non-null value when exiting constructor. Consider declaring the property as nullable. [/home/ubuntu/PROGRAMA-BETA/src/FiveMTool.csproj]
/home/ubuntu/PROGRAMA-BETA/src/External/CodeWalker.Core/GameFiles/FileTypes/DlcContentFile.cs(205,16): warning CS8618: Non-nullable property 'loadingScreenContext' must contain a non-null value when exiting constructor. Consider declaring the property as nullable. [/home/ubuntu/PROGRAMA-BETA/src/FiveMTool.csproj]
/home/ubuntu/PROGRAMA-BETA/src/External/CodeWalker.Core/GameFiles/FileTypes/DlcContentFile.cs(205,16): warning CS8618: Non-nullable property 'executionConditions' must contain a non-null value when exiting constructor. Consider declaring the property as nullable. [/home/ubuntu/PROGRAMA-BETA/src/FiveMTool.csproj]
/home/ubuntu/PROGRAMA-BETA/src/External/CodeWalker.Core/GameFiles/FileTypes/DlcContentFile.cs(30,38): warning CS8602: Dereference of a possibly null reference. [/home/ubuntu/PROGRAMA-BETA/src/FiveMTool.csproj]
/home/ubuntu/PROGRAMA-BETA/src/External/CodeWalker.Core/GameFiles/FileTypes/DlcContentFile.cs(16,24): warning CS8618: Non-nullable property 'DlcFile' must contain a non-null value when exiting constructor. Consider declaring the property as nullable. [/home/ubuntu/PROGRAMA-BETA/src/FiveMTool.csproj]
/home/ubuntu/PROGRAMA-BETA/src/External/CodeWalker.Core/GameFiles/FileTypes/DlcContentFile.cs(20,40): warning CS8618: Non-nullable property 'ExtraTitleUpdates' must contain a non-null value when exiting constructor. Consider declaring the property as nullable. [/home/ubuntu/PROGRAMA-BETA/src/FiveMTool.csproj]
/home/ubuntu/PROGRAMA-BETA/src/External/CodeWalker.Core/GameFiles/FileTypes/DlcContentFile.cs(283,45): warning CS8603: Possible null reference return. [/home/ubuntu/PROGRAMA-BETA/src/FiveMTool.csproj]
/home/ubuntu/PROGRAMA-BETA/src/External/CodeWalker.Core/GameFiles/FileTypes/DlcContentFile.cs(297,20): warning CS8603: Possible null reference return. [/home/ubuntu/PROGRAMA-BETA/src/FiveMTool.csproj]
/home/ubuntu/PROGRAMA-BETA/src/External/CodeWalker.Core/GameFiles/FileTypes/DlcContentFile.cs(307,16): warning CS8618: Non-nullable property 'activeChangesetConditions' must contain a non-null value when exiting constructor. Consider declaring the property as nullable. [/home/ubuntu/PROGRAMA-BETA/src/FiveMTool.csproj]
/home/ubuntu/PROGRAMA-BETA/src/External/CodeWalker.Core/GameFiles/FileTypes/DlcContentFile.cs(307,16): warning CS8618: Non-nullable property 'genericConditions' must contain a non-null value when exiting constructor. Consider declaring the property as nullable. [/home/ubuntu/PROGRAMA-BETA/src/FiveMTool.csproj]
/home/ubuntu/PROGRAMA-BETA/src/External/CodeWalker.Core/GameFiles/FileTypes/DlcContentFile.cs(393,38): warning CS8600: Converting null literal or possible null value to non-nullable type. [/home/ubuntu/PROGRAMA-BETA/src/FiveMTool.csproj]
/home/ubuntu/PROGRAMA-BETA/src/External/CodeWalker.Core/GameFiles/FileTypes/DlcContentFile.cs(395,33): warning CS8602: Dereference of a possibly null reference. [/home/ubuntu/PROGRAMA-BETA/src/FiveMTool.csproj]
/home/ubuntu/PROGRAMA-BETA/src/External/CodeWalker.Core/GameFiles/FileTypes/DlcContentFile.cs(398,28): warning CS8604: Possible null reference argument for parameter 'node' in 'void DlcExtraTitleUpdateMount.Init(XmlNode node)'. [/home/ubuntu/PROGRAMA-BETA/src/FiveMTool.csproj]
/home/ubuntu/PROGRAMA-BETA/src/External/CodeWalker.Core/GameFiles/FileTypes/DlcContentFile.cs(346,38): warning CS8600: Converting null literal or possible null value to non-nullable type. [/home/ubuntu/PROGRAMA-BETA/src/FiveMTool.csproj]
/home/ubuntu/PROGRAMA-BETA/src/External/CodeWalker.Core/GameFiles/FileTypes/DlcContentFile.cs(348,33): warning CS8602: Dereference of a possibly null reference. [/home/ubuntu/PROGRAMA-BETA/src/FiveMTool.csproj]
/home/ubuntu/PROGRAMA-BETA/src/External/CodeWalker.Core/GameFiles/FileTypes/DlcContentFile.cs(351,28): warning CS8604: Possible null reference argument for parameter 'node' in 'void DlcExtraFolderMount.Init(XmlNode node)'. [/home/ubuntu/PROGRAMA-BETA/src/FiveMTool.csproj]
/home/ubuntu/PROGRAMA-BETA/src/External/CodeWalker.Core/GameFiles/FileTypes/DlcContentFile.cs(365,23): warning CS8618: Non-nullable property 'type' must contain a non-null value when exiting constructor. Consider declaring the property as nullable. [/home/ubuntu/PROGRAMA-BETA/src/FiveMTool.csproj]
/home/ubuntu/PROGRAMA-BETA/src/External/CodeWalker.Core/GameFiles/FileTypes/DlcContentFile.cs(366,23): warning CS8618: Non-nullable property 'platform' must contain a non-null value when exiting constructor. Consider declaring the property as nullable. [/home/ubuntu/PROGRAMA-BETA/src/FiveMTool.csproj]
/home/ubuntu/PROGRAMA-BETA/src/External/CodeWalker.Core/GameFiles/FileTypes/DlcContentFile.cs(367,23): warning CS8618: Non-nullable property 'path' must contain a non-null value when exiting constructor. Consider declaring the property as nullable. [/home/ubuntu/PROGRAMA-BETA/src/FiveMTool.csproj]
/home/ubuntu/PROGRAMA-BETA/src/External/CodeWalker.Core/GameFiles/FileTypes/DlcContentFile.cs(368,23): warning CS8618: Non-nullable property 'mountAs' must contain a non-null value when exiting constructor. Consider declaring the property as nullable. [/home/ubuntu/PROGRAMA-BETA/src/FiveMTool.csproj]
/home/ubuntu/PROGRAMA-BETA/src/External/CodeWalker.Core/GameFiles/FileTypes/DlcContentFile.cs(412,23): warning CS8618: Non-nullable property 'type' must contain a non-null value when exiting constructor. Consider declaring the property as nullable. [/home/ubuntu/PROGRAMA-BETA/src/FiveMTool.csproj]
/home/ubuntu/PROGRAMA-BETA/src/External/CodeWalker.Core/GameFiles/FileTypes/DlcContentFile.cs(413,23): warning CS8618: Non-nullable property 'deviceName' must contain a non-null value when exiting constructor. Consider declaring the property as nullable. [/home/ubuntu/PROGRAMA-BETA/src/FiveMTool.csproj]
/home/ubuntu/PROGRAMA-BETA/src/External/CodeWalker.Core/GameFiles/FileTypes/DlcContentFile.cs(414,23): warning CS8618: Non-nullable property 'path' must contain a non-null value when exiting constructor. Consider declaring the property as nullable. [/home/ubuntu/PROGRAMA-BETA/src/FiveMTool.csproj]
/home/ubuntu/PROGRAMA-BETA/src/External/CodeWalker.Core/GameFiles/FileTypes/DlcSetupFile.cs(72,43): warning CS8602: Dereference of a possibly null reference. [/home/ubuntu/PROGRAMA-BETA/src/FiveMTool.csproj]
/home/ubuntu/PROGRAMA-BETA/src/External/CodeWalker.Core/GameFiles/FileTypes/DlcSetupFile.cs(62,23): warning CS8618: Non-nullable property 'NameHash' must contain a non-null value when exiting constructor. Consider declaring the property as nullable. [/home/ubuntu/PROGRAMA-BETA/src/FiveMTool.csproj]
/home/ubuntu/PROGRAMA-BETA/src/External/CodeWalker.Core/GameFiles/FileTypes/DlcSetupFile.cs(63,29): warning CS8618: Non-nullable property 'ContentChangeSets' must contain a non-null value when exiting constructor. Consider declaring the property as nullable. [/home/ubuntu/PROGRAMA-BETA/src/FiveMTool.csproj]
/home/ubuntu/PROGRAMA-BETA/src/External/CodeWalker.Core/GameFiles/FileTypes/FxcFile.cs(748,23): warning CS8618: Non-nullable property 'Name' must contain a non-null value when exiting constructor. Consider declaring the property as nullable. [/home/ubuntu/PROGRAMA-BETA/src/FiveMTool.csproj]
/home/ubuntu/PROGRAMA-BETA/src/External/CodeWalker.Core/GameFiles/FileTypes/DlcSetupFile.cs(31,48): warning CS8604: Possible null reference argument for parameter 'node' in 'string Xml.GetChildInnerText(XmlNode node, string name)'. [/home/ubuntu/PROGRAMA-BETA/src/FiveMTool.csproj]
/home/ubuntu/PROGRAMA-BETA/src/External/CodeWalker.Core/GameFiles/FileTypes/DlcSetupFile.cs(36,41): warning CS8604: Possible null reference argument for parameter 'node' in 'int Xml.GetIntAttribute(XmlNode node, string attribute)'. [/home/ubuntu/PROGRAMA-BETA/src/FiveMTool.csproj]
/home/ubuntu/PROGRAMA-BETA/src/External/CodeWalker.Core/GameFiles/FileTypes/DlcSetupFile.cs(37,46): warning CS8604: Possible null reference argument for parameter 'node' in 'int Xml.GetIntAttribute(XmlNode node, string attribute)'. [/home/ubuntu/PROGRAMA-BETA/src/FiveMTool.csproj]
/home/ubuntu/PROGRAMA-BETA/src/External/CodeWalker.Core/GameFiles/FileTypes/DlcSetupFile.cs(38,48): warning CS8604: Possible null reference argument for parameter 'node' in 'int Xml.GetIntAttribute(XmlNode node, string attribute)'. [/home/ubuntu/PROGRAMA-BETA/src/FiveMTool.csproj]
/home/ubuntu/PROGRAMA-BETA/src/External/CodeWalker.Core/GameFiles/FileTypes/DlcSetupFile.cs(39,48): warning CS8604: Possible null reference argument for parameter 'node' in 'bool Xml.GetBoolAttribute(XmlNode node, string attribute)'. [/home/ubuntu/PROGRAMA-BETA/src/FiveMTool.csproj]
/home/ubuntu/PROGRAMA-BETA/src/External/CodeWalker.Core/GameFiles/FileTypes/DlcSetupFile.cs(43,38): warning CS8602: Dereference of a possibly null reference. [/home/ubuntu/PROGRAMA-BETA/src/FiveMTool.csproj]
/home/ubuntu/PROGRAMA-BETA/src/External/CodeWalker.Core/GameFiles/FileTypes/DlcSetupFile.cs(12,23): warning CS8618: Non-nullable property 'deviceName' must contain a non-null value when exiting constructor. Consider declaring the property as nullable. [/home/ubuntu/PROGRAMA-BETA/src/FiveMTool.csproj]
/home/ubuntu/PROGRAMA-BETA/src/External/CodeWalker.Core/GameFiles/FileTypes/DlcSetupFile.cs(13,23): warning CS8618: Non-nullable property 'datFile' must contain a non-null value when exiting constructor. Consider declaring the property as nullable. [/home/ubuntu/PROGRAMA-BETA/src/FiveMTool.csproj]
/home/ubuntu/PROGRAMA-BETA/src/External/CodeWalker.Core/GameFiles/FileTypes/DlcSetupFile.cs(14,23): warning CS8618: Non-nullable property 'nameHash' must contain a non-null value when exiting constructor. Consider declaring the property as nullable. [/home/ubuntu/PROGRAMA-BETA/src/FiveMTool.csproj]
/home/ubuntu/PROGRAMA-BETA/src/External/CodeWalker.Core/GameFiles/FileTypes/DlcSetupFile.cs(15,52): warning CS8618: Non-nullable property 'contentChangeSetGroups' must contain a non-null value when exiting constructor. Consider declaring the property as nullable. [/home/ubuntu/PROGRAMA-BETA/src/FiveMTool.csproj]
/home/ubuntu/PROGRAMA-BETA/src/External/CodeWalker.Core/GameFiles/FileTypes/DlcSetupFile.cs(16,23): warning CS8618: Non-nullable property 'type' must contain a non-null value when exiting constructor. Consider declaring the property as nullable. [/home/ubuntu/PROGRAMA-BETA/src/FiveMTool.csproj]
/home/ubuntu/PROGRAMA-BETA/src/External/CodeWalker.Core/GameFiles/FileTypes/DlcSetupFile.cs(17,23): warning CS8618: Non-nullable property 'timeStamp' must contain a non-null value when exiting constructor. Consider declaring the property as nullable. [/home/ubuntu/PROGRAMA-BETA/src/FiveMTool.csproj]
/home/ubuntu/PROGRAMA-BETA/src/External/CodeWalker.Core/GameFiles/FileTypes/DlcSetupFile.cs(23,24): warning CS8618: Non-nullable property 'DlcFile' must contain a non-null value when exiting constructor. Consider declaring the property as nullable. [/home/ubuntu/PROGRAMA-BETA/src/FiveMTool.csproj]
/home/ubuntu/PROGRAMA-BETA/src/External/CodeWalker.Core/GameFiles/FileTypes/DlcSetupFile.cs(24,30): warning CS8618: Non-nullable property 'DlcSubpacks' must contain a non-null value when exiting constructor. Consider declaring the property as nullable. [/home/ubuntu/PROGRAMA-BETA/src/FiveMTool.csproj]
/home/ubuntu/PROGRAMA-BETA/src/External/CodeWalker.Core/GameFiles/FileTypes/DlcSetupFile.cs(25,31): warning CS8618: Non-nullable property 'ContentFile' must contain a non-null value when exiting constructor. Consider declaring the property as nullable. [/home/ubuntu/PROGRAMA-BETA/src/FiveMTool.csproj]
/home/ubuntu/PROGRAMA-BETA/src/External/CodeWalker.Core/GameFiles/FileTypes/FxcFile.cs(844,17): warning CS8602: Dereference of a possibly null reference. [/home/ubuntu/PROGRAMA-BETA/src/FiveMTool.csproj]
/home/ubuntu/PROGRAMA-BETA/src/External/CodeWalker.Core/GameFiles/FileTypes/FxcFile.cs(857,17): warning CS8602: Dereference of a possibly null reference. [/home/ubuntu/PROGRAMA-BETA/src/FiveMTool.csproj]
/home/ubuntu/PROGRAMA-BETA/src/External/CodeWalker.Core/GameFiles/FileTypes/FxcFile.cs(797,23): warning CS8618: Non-nullable property 'Name' must contain a non-null value when exiting constructor. Consider declaring the property as nullable. [/home/ubuntu/PROGRAMA-BETA/src/FiveMTool.csproj]
/home/ubuntu/PROGRAMA-BETA/src/External/CodeWalker.Core/GameFiles/FileTypes/FxcFile.cs(801,28): warning CS8618: Non-nullable property 'Shaders' must contain a non-null value when exiting constructor. Consider declaring the property as nullable. [/home/ubuntu/PROGRAMA-BETA/src/FiveMTool.csproj]
/home/ubuntu/PROGRAMA-BETA/src/External/CodeWalker.Core/GameFiles/FileTypes/FxcFile.cs(1175,62): warning CS8604: Possible null reference argument for parameter 'text' in 'uint JenkHash.GenHash(string text)'. [/home/ubuntu/PROGRAMA-BETA/src/FiveMTool.csproj]
/home/ubuntu/PROGRAMA-BETA/src/External/CodeWalker.Core/GameFiles/FileTypes/FxcFile.cs(1133,23): warning CS8618: Non-nullable property 'Name' must contain a non-null value when exiting constructor. Consider declaring the property as nullable. [/home/ubuntu/PROGRAMA-BETA/src/FiveMTool.csproj]
/home/ubuntu/PROGRAMA-BETA/src/External/CodeWalker.Core/GameFiles/FileTypes/FxcFile.cs(1189,30): warning CS8604: Possible null reference argument for parameter 'str' in 'bool JenkIndex.Ensure(string str)'. [/home/ubuntu/PROGRAMA-BETA/src/FiveMTool.csproj]
/home/ubuntu/PROGRAMA-BETA/src/External/CodeWalker.Core/GameFiles/FileTypes/FxcFile.cs(1004,17): warning CS8602: Dereference of a possibly null reference. [/home/ubuntu/PROGRAMA-BETA/src/FiveMTool.csproj]
/home/ubuntu/PROGRAMA-BETA/src/External/CodeWalker.Core/GameFiles/FileTypes/FxcFile.cs(1016,26): warning CS8604: Possible null reference argument for parameter 'buffer' in 'void BinaryWriter.Write(byte[] buffer)'. [/home/ubuntu/PROGRAMA-BETA/src/FiveMTool.csproj]
/home/ubuntu/PROGRAMA-BETA/src/External/CodeWalker.Core/GameFiles/FileTypes/FxcFile.cs(1242,33): warning CS8625: Cannot convert null literal to non-nullable reference type. [/home/ubuntu/PROGRAMA-BETA/src/FiveMTool.csproj]
/home/ubuntu/PROGRAMA-BETA/src/External/CodeWalker.Core/GameFiles/FileTypes/FxcFile.cs(1548,76): warning CS8604: Possible null reference argument for parameter 'unescaped' in 'string MetaXmlBase.XmlEscape(string unescaped)'. [/home/ubuntu/PROGRAMA-BETA/src/FiveMTool.csproj]
/home/ubuntu/PROGRAMA-BETA/src/External/CodeWalker.Core/GameFiles/FileTypes/FxcFile.cs(1173,23): warning CS8618: Non-nullable property 'Name' must contain a non-null value when exiting constructor. Consider declaring the property as nullable. [/home/ubuntu/PROGRAMA-BETA/src/FiveMTool.csproj]
/home/ubuntu/PROGRAMA-BETA/src/External/CodeWalker.Core/GameFiles/FileTypes/FxcFile.cs(1176,34): warning CS8618: Non-nullable field 'VariablesList' must contain a non-null value when exiting constructor. Consider declaring the field as nullable. [/home/ubuntu/PROGRAMA-BETA/src/FiveMTool.csproj]
/home/ubuntu/PROGRAMA-BETA/src/External/CodeWalker.Core/GameFiles/FileTypes/FxcFile.cs(1177,30): warning CS8618: Non-nullable property 'Variables' must contain a non-null value when exiting constructor. Consider declaring the property as nullable. [/home/ubuntu/PROGRAMA-BETA/src/FiveMTool.csproj]
/home/ubuntu/PROGRAMA-BETA/src/External/CodeWalker.Core/GameFiles/FileTypes/FxcFile.cs(1492,23): warning CS8618: Non-nullable property 'Name' must contain a non-null value when exiting constructor. Consider declaring the property as nullable. [/home/ubuntu/PROGRAMA-BETA/src/FiveMTool.csproj]
/home/ubuntu/PROGRAMA-BETA/src/External/CodeWalker.Core/GameFiles/FileTypes/FxcFile.cs(1494,23): warning CS8618: Non-nullable property 'Value' must contain a non-null value when exiting constructor. Consider declaring the property as nullable. [/home/ubuntu/PROGRAMA-BETA/src/FiveMTool.csproj]
/home/ubuntu/PROGRAMA-BETA/src/External/CodeWalker.Core/GameFiles/FileTypes/FxcFile.cs(1034,67): warning CS8604: Possible null reference argument for parameter 'unescaped' in 'string MetaXmlBase.XmlEscape(string unescaped)'. [/home/ubuntu/PROGRAMA-BETA/src/FiveMTool.csproj]
/home/ubuntu/PROGRAMA-BETA/src/External/CodeWalker.Core/GameFiles/FileTypes/FxcFile.cs(890,23): warning CS8618: Non-nullable property 'Name' must contain a non-null value when exiting constructor. Consider declaring the property as nullable. [/home/ubuntu/PROGRAMA-BETA/src/FiveMTool.csproj]
/home/ubuntu/PROGRAMA-BETA/src/External/CodeWalker.Core/GameFiles/FileTypes/FxcFile.cs(891,25): warning CS8618: Non-nullable property 'Variables' must contain a non-null value when exiting constructor. Consider declaring the property as nullable. [/home/ubuntu/PROGRAMA-BETA/src/FiveMTool.csproj]
/home/ubuntu/PROGRAMA-BETA/src/External/CodeWalker.Core/GameFiles/FileTypes/FxcFile.cs(892,37): warning CS8618: Non-nullable property 'Buffers' must contain a non-null value when exiting constructor. Consider declaring the property as nullable. [/home/ubuntu/PROGRAMA-BETA/src/FiveMTool.csproj]
/home/ubuntu/PROGRAMA-BETA/src/External/CodeWalker.Core/GameFiles/FileTypes/FxcFile.cs(895,23): warning CS8618: Non-nullable property 'VersionString' must contain a non-null value when exiting constructor. Consider declaring the property as nullable. [/home/ubuntu/PROGRAMA-BETA/src/FiveMTool.csproj]
/home/ubuntu/PROGRAMA-BETA/src/External/CodeWalker.Core/GameFiles/FileTypes/FxcFile.cs(896,23): warning CS8618: Non-nullable property 'ByteCode' must contain a non-null value when exiting constructor. Consider declaring the property as nullable. [/home/ubuntu/PROGRAMA-BETA/src/FiveMTool.csproj]
/home/ubuntu/PROGRAMA-BETA/src/External/CodeWalker.Core/GameFiles/FileTypes/FxcFile.cs(899,23): warning CS8618: Non-nullable property 'Disassembly' must contain a non-null value when exiting constructor. Consider declaring the property as nullable. [/home/ubuntu/PROGRAMA-BETA/src/FiveMTool.csproj]
/home/ubuntu/PROGRAMA-BETA/src/External/CodeWalker.Core/GameFiles/FileTypes/FxcFile.cs(900,23): warning CS8618: Non-nullable property 'LastError' must contain a non-null value when exiting constructor. Consider declaring the property as nullable. [/home/ubuntu/PROGRAMA-BETA/src/FiveMTool.csproj]
/home/ubuntu/PROGRAMA-BETA/src/External/CodeWalker.Core/GameFiles/FileTypes/FxcFile.cs(220,17): warning CS8602: Dereference of a possibly null reference. [/home/ubuntu/PROGRAMA-BETA/src/FiveMTool.csproj]
/home/ubuntu/PROGRAMA-BETA/src/External/CodeWalker.Core/GameFiles/FileTypes/FxcFile.cs(242,17): warning CS8602: Dereference of a possibly null reference. [/home/ubuntu/PROGRAMA-BETA/src/FiveMTool.csproj]
/home/ubuntu/PROGRAMA-BETA/src/External/CodeWalker.Core/GameFiles/FileTypes/FxcFile.cs(249,17): warning CS8602: Dereference of a possibly null reference. [/home/ubuntu/PROGRAMA-BETA/src/FiveMTool.csproj]
/home/ubuntu/PROGRAMA-BETA/src/External/CodeWalker.Core/GameFiles/FileTypes/FxcFile.cs(256,17): warning CS8602: Dereference of a possibly null reference. [/home/ubuntu/PROGRAMA-BETA/src/FiveMTool.csproj]
/home/ubuntu/PROGRAMA-BETA/src/External/CodeWalker.Core/GameFiles/FileTypes/FxcFile.cs(263,17): warning CS8602: Dereference of a possibly null reference. [/home/ubuntu/PROGRAMA-BETA/src/FiveMTool.csproj]
/home/ubuntu/PROGRAMA-BETA/src/External/CodeWalker.Core/GameFiles/FileTypes/FxcFile.cs(270,17): warning CS8602: Dereference of a possibly null reference. [/home/ubuntu/PROGRAMA-BETA/src/FiveMTool.csproj]
/home/ubuntu/PROGRAMA-BETA/src/External/CodeWalker.Core/GameFiles/FileTypes/FxcFile.cs(1403,17): warning CS8602: Dereference of a possibly null reference. [/home/ubuntu/PROGRAMA-BETA/src/FiveMTool.csproj]
/home/ubuntu/PROGRAMA-BETA/src/External/CodeWalker.Core/GameFiles/FileTypes/FxcFile.cs(1412,30): warning CS8602: Dereference of a possibly null reference. [/home/ubuntu/PROGRAMA-BETA/src/FiveMTool.csproj]
/home/ubuntu/PROGRAMA-BETA/src/External/CodeWalker.Core/GameFiles/FileTypes/FxcFile.cs(1421,30): warning CS8602: Dereference of a possibly null reference. [/home/ubuntu/PROGRAMA-BETA/src/FiveMTool.csproj]
/home/ubuntu/PROGRAMA-BETA/src/External/CodeWalker.Core/GameFiles/FileTypes/FxcFile.cs(1607,17): warning CS8602: Dereference of a possibly null reference. [/home/ubuntu/PROGRAMA-BETA/src/FiveMTool.csproj]
/home/ubuntu/PROGRAMA-BETA/src/External/CodeWalker.Core/GameFiles/FileTypes/FxcFile.cs(1698,17): warning CS8602: Dereference of a possibly null reference. [/home/ubuntu/PROGRAMA-BETA/src/FiveMTool.csproj]
/home/ubuntu/PROGRAMA-BETA/src/External/CodeWalker.Core/GameFiles/FileTypes/FxcFile.cs(1578,23): warning CS8618: Non-nullable property 'Name' must contain a non-null value when exiting constructor. Consider declaring the property as nullable. [/home/ubuntu/PROGRAMA-BETA/src/FiveMTool.csproj]
/home/ubuntu/PROGRAMA-BETA/src/External/CodeWalker.Core/GameFiles/FileTypes/FxcFile.cs(1580,26): warning CS8618: Non-nullable property 'Passes' must contain a non-null value when exiting constructor. Consider declaring the property as nullable. [/home/ubuntu/PROGRAMA-BETA/src/FiveMTool.csproj]
/home/ubuntu/PROGRAMA-BETA/src/External/CodeWalker.Core/GameFiles/FileTypes/FxcFile.cs(1730,22): warning CS8601: Possible null reference assignment. [/home/ubuntu/PROGRAMA-BETA/src/FiveMTool.csproj]
/home/ubuntu/PROGRAMA-BETA/src/External/CodeWalker.Core/GameFiles/FileTypes/FxcFile.cs(1731,22): warning CS8601: Possible null reference assignment. [/home/ubuntu/PROGRAMA-BETA/src/FiveMTool.csproj]
/home/ubuntu/PROGRAMA-BETA/src/External/CodeWalker.Core/GameFiles/FileTypes/FxcFile.cs(1732,22): warning CS8601: Possible null reference assignment. [/home/ubuntu/PROGRAMA-BETA/src/FiveMTool.csproj]
/home/ubuntu/PROGRAMA-BETA/src/External/CodeWalker.Core/GameFiles/FileTypes/FxcFile.cs(1733,22): warning CS8601: Possible null reference assignment. [/home/ubuntu/PROGRAMA-BETA/src/FiveMTool.csproj]
/home/ubuntu/PROGRAMA-BETA/src/External/CodeWalker.Core/GameFiles/FileTypes/FxcFile.cs(1734,22): warning CS8601: Possible null reference assignment. [/home/ubuntu/PROGRAMA-BETA/src/FiveMTool.csproj]
/home/ubuntu/PROGRAMA-BETA/src/External/CodeWalker.Core/GameFiles/FileTypes/FxcFile.cs(1735,22): warning CS8601: Possible null reference assignment. [/home/ubuntu/PROGRAMA-BETA/src/FiveMTool.csproj]
/home/ubuntu/PROGRAMA-BETA/src/External/CodeWalker.Core/GameFiles/FileTypes/FxcFile.cs(1274,23): warning CS8618: Non-nullable property 'Name1' must contain a non-null value when exiting constructor. Consider declaring the property as nullable. [/home/ubuntu/PROGRAMA-BETA/src/FiveMTool.csproj]
/home/ubuntu/PROGRAMA-BETA/src/External/CodeWalker.Core/GameFiles/FileTypes/FxcFile.cs(1275,23): warning CS8618: Non-nullable property 'Name2' must contain a non-null value when exiting constructor. Consider declaring the property as nullable. [/home/ubuntu/PROGRAMA-BETA/src/FiveMTool.csproj]
/home/ubuntu/PROGRAMA-BETA/src/External/CodeWalker.Core/GameFiles/FileTypes/FxcFile.cs(1282,35): warning CS8618: Non-nullable property 'Params' must contain a non-null value when exiting constructor. Consider declaring the property as nullable. [/home/ubuntu/PROGRAMA-BETA/src/FiveMTool.csproj]
/home/ubuntu/PROGRAMA-BETA/src/External/CodeWalker.Core/GameFiles/FileTypes/FxcFile.cs(1284,24): warning CS8618: Non-nullable property 'ValuesF' must contain a non-null value when exiting constructor. Consider declaring the property as nullable. [/home/ubuntu/PROGRAMA-BETA/src/FiveMTool.csproj]
/home/ubuntu/PROGRAMA-BETA/src/External/CodeWalker.Core/GameFiles/FileTypes/FxcFile.cs(1285,23): warning CS8618: Non-nullable property 'ValuesU' must contain a non-null value when exiting constructor. Consider declaring the property as nullable. [/home/ubuntu/PROGRAMA-BETA/src/FiveMTool.csproj]
/home/ubuntu/PROGRAMA-BETA/src/External/CodeWalker.Core/GameFiles/FileTypes/FxcFile.cs(1655,31): warning CS8618: Non-nullable property 'Params' must contain a non-null value when exiting constructor. Consider declaring the property as nullable. [/home/ubuntu/PROGRAMA-BETA/src/FiveMTool.csproj]
/home/ubuntu/PROGRAMA-BETA/src/External/CodeWalker.Core/GameFiles/FileTypes/FxcFile.cs(1657,23): warning CS8618: Non-nullable property 'VSName' must contain a non-null value when exiting constructor. Consider declaring the property as nullable. [/home/ubuntu/PROGRAMA-BETA/src/FiveMTool.csproj]
/home/ubuntu/PROGRAMA-BETA/src/External/CodeWalker.Core/GameFiles/FileTypes/FxcFile.cs(1658,23): warning CS8618: Non-nullable property 'PSName' must contain a non-null value when exiting constructor. Consider declaring the property as nullable. [/home/ubuntu/PROGRAMA-BETA/src/FiveMTool.csproj]
/home/ubuntu/PROGRAMA-BETA/src/External/CodeWalker.Core/GameFiles/FileTypes/FxcFile.cs(1659,23): warning CS8618: Non-nullable property 'CSName' must contain a non-null value when exiting constructor. Consider declaring the property as nullable. [/home/ubuntu/PROGRAMA-BETA/src/FiveMTool.csproj]
/home/ubuntu/PROGRAMA-BETA/src/External/CodeWalker.Core/GameFiles/FileTypes/FxcFile.cs(1660,23): warning CS8618: Non-nullable property 'DSName' must contain a non-null value when exiting constructor. Consider declaring the property as nullable. [/home/ubuntu/PROGRAMA-BETA/src/FiveMTool.csproj]
/home/ubuntu/PROGRAMA-BETA/src/External/CodeWalker.Core/GameFiles/FileTypes/FxcFile.cs(1661,23): warning CS8618: Non-nullable property 'GSName' must contain a non-null value when exiting constructor. Consider declaring the property as nullable. [/home/ubuntu/PROGRAMA-BETA/src/FiveMTool.csproj]
/home/ubuntu/PROGRAMA-BETA/src/External/CodeWalker.Core/GameFiles/FileTypes/FxcFile.cs(1662,23): warning CS8618: Non-nullable property 'HSName' must contain a non-null value when exiting constructor. Consider declaring the property as nullable. [/home/ubuntu/PROGRAMA-BETA/src/FiveMTool.csproj]
/home/ubuntu/PROGRAMA-BETA/src/External/CodeWalker.Core/GameFiles/FileTypes/FxcFile.cs(1888,25): warning CS8604: Possible null reference argument for parameter 'node' in 'void FxcFile.ReadXml(XmlNode node, string csofolder)'. [/home/ubuntu/PROGRAMA-BETA/src/FiveMTool.csproj]
/home/ubuntu/PROGRAMA-BETA/src/External/CodeWalker.Core/GameFiles/FileTypes/GtxdFile.cs(23,34): warning CS8625: Cannot convert null literal to non-nullable reference type. [/home/ubuntu/PROGRAMA-BETA/src/FiveMTool.csproj]
/home/ubuntu/PROGRAMA-BETA/src/External/CodeWalker.Core/GameFiles/FileTypes/GtxdFile.cs(23,16): warning CS8618: Non-nullable property 'Rbf' must contain a non-null value when exiting constructor. Consider declaring the property as nullable. [/home/ubuntu/PROGRAMA-BETA/src/FiveMTool.csproj]
/home/ubuntu/PROGRAMA-BETA/src/External/CodeWalker.Core/GameFiles/FileTypes/GtxdFile.cs(23,16): warning CS8618: Non-nullable property 'TxdRelationships' must contain a non-null value when exiting constructor. Consider declaring the property as nullable. [/home/ubuntu/PROGRAMA-BETA/src/FiveMTool.csproj]
/home/ubuntu/PROGRAMA-BETA/src/External/CodeWalker.Core/GameFiles/FileTypes/GtxdFile.cs(26,16): warning CS8618: Non-nullable property 'Rbf' must contain a non-null value when exiting constructor. Consider declaring the property as nullable. [/home/ubuntu/PROGRAMA-BETA/src/FiveMTool.csproj]
/home/ubuntu/PROGRAMA-BETA/src/External/CodeWalker.Core/GameFiles/FileTypes/GtxdFile.cs(26,16): warning CS8618: Non-nullable property 'TxdRelationships' must contain a non-null value when exiting constructor. Consider declaring the property as nullable. [/home/ubuntu/PROGRAMA-BETA/src/FiveMTool.csproj]
/home/ubuntu/PROGRAMA-BETA/src/External/CodeWalker.Core/GameFiles/FileTypes/FxcFile.cs(351,47): warning CS8603: Possible null reference return. [/home/ubuntu/PROGRAMA-BETA/src/FiveMTool.csproj]
/home/ubuntu/PROGRAMA-BETA/src/External/CodeWalker.Core/GameFiles/FileTypes/Gxt2File.cs(157,23): warning CS8618: Non-nullable property 'Text' must contain a non-null value when exiting constructor. Consider declaring the property as nullable. [/home/ubuntu/PROGRAMA-BETA/src/FiveMTool.csproj]
/home/ubuntu/PROGRAMA-BETA/src/External/CodeWalker.Core/GameFiles/FileTypes/Gxt2File.cs(24,25): warning CS8601: Possible null reference assignment. [/home/ubuntu/PROGRAMA-BETA/src/FiveMTool.csproj]
/home/ubuntu/PROGRAMA-BETA/src/External/CodeWalker.Core/GameFiles/FileTypes/Gxt2File.cs(221,50): warning CS8600: Converting null literal or possible null value to non-nullable type. [/home/ubuntu/PROGRAMA-BETA/src/FiveMTool.csproj]
/home/ubuntu/PROGRAMA-BETA/src/External/CodeWalker.Core/GameFiles/FileTypes/Gxt2File.cs(233,50): warning CS8600: Converting null literal or possible null value to non-nullable type. [/home/ubuntu/PROGRAMA-BETA/src/FiveMTool.csproj]
/home/ubuntu/PROGRAMA-BETA/src/External/CodeWalker.Core/GameFiles/FileTypes/GtxdFile.cs(141,33): warning CS8600: Converting null literal or possible null value to non-nullable type. [/home/ubuntu/PROGRAMA-BETA/src/FiveMTool.csproj]
/home/ubuntu/PROGRAMA-BETA/src/External/CodeWalker.Core/GameFiles/FileTypes/GtxdFile.cs(144,33): warning CS8602: Dereference of a possibly null reference. [/home/ubuntu/PROGRAMA-BETA/src/FiveMTool.csproj]
/home/ubuntu/PROGRAMA-BETA/src/External/CodeWalker.Core/GameFiles/FileTypes/GtxdFile.cs(146,58): warning CS8604: Possible null reference argument for parameter 'node' in 'string Xml.GetChildInnerText(XmlNode node, string name)'. [/home/ubuntu/PROGRAMA-BETA/src/FiveMTool.csproj]
/home/ubuntu/PROGRAMA-BETA/src/External/CodeWalker.Core/GameFiles/FileTypes/GtxdFile.cs(147,57): warning CS8604: Possible null reference argument for parameter 'node' in 'string Xml.GetChildInnerText(XmlNode node, string name)'. [/home/ubuntu/PROGRAMA-BETA/src/FiveMTool.csproj]
/home/ubuntu/PROGRAMA-BETA/src/External/CodeWalker.Core/GameFiles/FileTypes/HeightmapFile.cs(32,39): warning CS8625: Cannot convert null literal to non-nullable reference type. [/home/ubuntu/PROGRAMA-BETA/src/FiveMTool.csproj]
/home/ubuntu/PROGRAMA-BETA/src/External/CodeWalker.Core/GameFiles/FileTypes/HeightmapFile.cs(32,16): warning CS8618: Non-nullable property 'RawFileData' must contain a non-null value when exiting constructor. Consider declaring the property as nullable. [/home/ubuntu/PROGRAMA-BETA/src/FiveMTool.csproj]
/home/ubuntu/PROGRAMA-BETA/src/External/CodeWalker.Core/GameFiles/FileTypes/HeightmapFile.cs(32,16): warning CS8618: Non-nullable property 'CompHeaders' must contain a non-null value when exiting constructor. Consider declaring the property as nullable. [/home/ubuntu/PROGRAMA-BETA/src/FiveMTool.csproj]
/home/ubuntu/PROGRAMA-BETA/src/External/CodeWalker.Core/GameFiles/FileTypes/HeightmapFile.cs(32,16): warning CS8618: Non-nullable property 'MaxHeights' must contain a non-null value when exiting constructor. Consider declaring the property as nullable. [/home/ubuntu/PROGRAMA-BETA/src/FiveMTool.csproj]
/home/ubuntu/PROGRAMA-BETA/src/External/CodeWalker.Core/GameFiles/FileTypes/HeightmapFile.cs(32,16): warning CS8618: Non-nullable property 'MinHeights' must contain a non-null value when exiting constructor. Consider declaring the property as nullable. [/home/ubuntu/PROGRAMA-BETA/src/FiveMTool.csproj]
/home/ubuntu/PROGRAMA-BETA/src/External/CodeWalker.Core/GameFiles/FileTypes/HeightmapFile.cs(35,16): warning CS8618: Non-nullable property 'RawFileData' must contain a non-null value when exiting constructor. Consider declaring the property as nullable. [/home/ubuntu/PROGRAMA-BETA/src/FiveMTool.csproj]
/home/ubuntu/PROGRAMA-BETA/src/External/CodeWalker.Core/GameFiles/FileTypes/HeightmapFile.cs(35,16): warning CS8618: Non-nullable property 'CompHeaders' must contain a non-null value when exiting constructor. Consider declaring the property as nullable. [/home/ubuntu/PROGRAMA-BETA/src/FiveMTool.csproj]
/home/ubuntu/PROGRAMA-BETA/src/External/CodeWalker.Core/GameFiles/FileTypes/HeightmapFile.cs(35,16): warning CS8618: Non-nullable property 'MaxHeights' must contain a non-null value when exiting constructor. Consider declaring the property as nullable. [/home/ubuntu/PROGRAMA-BETA/src/FiveMTool.csproj]
/home/ubuntu/PROGRAMA-BETA/src/External/CodeWalker.Core/GameFiles/FileTypes/HeightmapFile.cs(35,16): warning CS8618: Non-nullable property 'MinHeights' must contain a non-null value when exiting constructor. Consider declaring the property as nullable. [/home/ubuntu/PROGRAMA-BETA/src/FiveMTool.csproj]
/home/ubuntu/PROGRAMA-BETA/src/External/CodeWalker.Core/GameFiles/FileTypes/HeightmapFile.cs(353,25): warning CS8604: Possible null reference argument for parameter 'node' in 'void HeightmapFile.ReadXml(XmlNode node)'. [/home/ubuntu/PROGRAMA-BETA/src/FiveMTool.csproj]
/home/ubuntu/PROGRAMA-BETA/src/External/CodeWalker.Core/GameFiles/FileTypes/JPsoFile.cs(12,29): warning CS8618: Non-nullable property 'FileEntry' must contain a non-null value when exiting constructor. Consider declaring the property as nullable. [/home/ubuntu/PROGRAMA-BETA/src/FiveMTool.csproj]
/home/ubuntu/PROGRAMA-BETA/src/External/CodeWalker.Core/GameFiles/FileTypes/JPsoFile.cs(13,24): warning CS8618: Non-nullable property 'Pso' must contain a non-null value when exiting constructor. Consider declaring the property as nullable. [/home/ubuntu/PROGRAMA-BETA/src/FiveMTool.csproj]
/home/ubuntu/PROGRAMA-BETA/src/External/CodeWalker.Core/GameFiles/RpfManager.cs(191,55): warning CS8600: Converting null literal or possible null value to non-nullable type. [/home/ubuntu/PROGRAMA-BETA/src/FiveMTool.csproj]
/home/ubuntu/PROGRAMA-BETA/src/External/CodeWalker.Core/GameFiles/FileTypes/MrfFile.cs(38,33): warning CS8625: Cannot convert null literal to non-nullable reference type. [/home/ubuntu/PROGRAMA-BETA/src/FiveMTool.csproj]
/home/ubuntu/PROGRAMA-BETA/src/External/CodeWalker.Core/GameFiles/FileTypes/MrfFile.cs(38,16): warning CS8618: Non-nullable property 'RawFileData' must contain a non-null value when exiting constructor. Consider declaring the property as nullable. [/home/ubuntu/PROGRAMA-BETA/src/FiveMTool.csproj]
/home/ubuntu/PROGRAMA-BETA/src/External/CodeWalker.Core/GameFiles/FileTypes/MrfFile.cs(38,16): warning CS8618: Non-nullable property 'Unk1_Items' must contain a non-null value when exiting constructor. Consider declaring the property as nullable. [/home/ubuntu/PROGRAMA-BETA/src/FiveMTool.csproj]
/home/ubuntu/PROGRAMA-BETA/src/External/CodeWalker.Core/GameFiles/FileTypes/MrfFile.cs(38,16): warning CS8618: Non-nullable property 'MoveNetworkTriggers' must contain a non-null value when exiting constructor. Consider declaring the property as nullable. [/home/ubuntu/PROGRAMA-BETA/src/FiveMTool.csproj]
/home/ubuntu/PROGRAMA-BETA/src/External/CodeWalker.Core/GameFiles/FileTypes/MrfFile.cs(38,16): warning CS8618: Non-nullable property 'MoveNetworkFlags' must contain a non-null value when exiting constructor. Consider declaring the property as nullable. [/home/ubuntu/PROGRAMA-BETA/src/FiveMTool.csproj]
/home/ubuntu/PROGRAMA-BETA/src/External/CodeWalker.Core/GameFiles/FileTypes/MrfFile.cs(38,16): warning CS8618: Non-nullable property 'UnkBytes' must contain a non-null value when exiting constructor. Consider declaring the property as nullable. [/home/ubuntu/PROGRAMA-BETA/src/FiveMTool.csproj]
/home/ubuntu/PROGRAMA-BETA/src/External/CodeWalker.Core/GameFiles/FileTypes/MrfFile.cs(38,16): warning CS8618: Non-nullable property 'AllNodes' must contain a non-null value when exiting constructor. Consider declaring the property as nullable. [/home/ubuntu/PROGRAMA-BETA/src/FiveMTool.csproj]
/home/ubuntu/PROGRAMA-BETA/src/External/CodeWalker.Core/GameFiles/FileTypes/MrfFile.cs(38,16): warning CS8618: Non-nullable property 'RootState' must contain a non-null value when exiting constructor. Consider declaring the property as nullable. [/home/ubuntu/PROGRAMA-BETA/src/FiveMTool.csproj]
/home/ubuntu/PROGRAMA-BETA/src/External/CodeWalker.Core/GameFiles/FileTypes/MrfFile.cs(38,16): warning CS8618: Non-nullable property 'DebugTreeGraph' must contain a non-null value when exiting constructor. Consider declaring the property as nullable. [/home/ubuntu/PROGRAMA-BETA/src/FiveMTool.csproj]
/home/ubuntu/PROGRAMA-BETA/src/External/CodeWalker.Core/GameFiles/FileTypes/MrfFile.cs(38,16): warning CS8618: Non-nullable property 'DebugStateGraph' must contain a non-null value when exiting constructor. Consider declaring the property as nullable. [/home/ubuntu/PROGRAMA-BETA/src/FiveMTool.csproj]
/home/ubuntu/PROGRAMA-BETA/src/External/CodeWalker.Core/GameFiles/FileTypes/MrfFile.cs(42,16): warning CS8618: Non-nullable property 'RawFileData' must contain a non-null value when exiting constructor. Consider declaring the property as nullable. [/home/ubuntu/PROGRAMA-BETA/src/FiveMTool.csproj]
/home/ubuntu/PROGRAMA-BETA/src/External/CodeWalker.Core/GameFiles/FileTypes/MrfFile.cs(42,16): warning CS8618: Non-nullable property 'Unk1_Items' must contain a non-null value when exiting constructor. Consider declaring the property as nullable. [/home/ubuntu/PROGRAMA-BETA/src/FiveMTool.csproj]
/home/ubuntu/PROGRAMA-BETA/src/External/CodeWalker.Core/GameFiles/FileTypes/MrfFile.cs(42,16): warning CS8618: Non-nullable property 'MoveNetworkTriggers' must contain a non-null value when exiting constructor. Consider declaring the property as nullable. [/home/ubuntu/PROGRAMA-BETA/src/FiveMTool.csproj]
/home/ubuntu/PROGRAMA-BETA/src/External/CodeWalker.Core/GameFiles/FileTypes/MrfFile.cs(42,16): warning CS8618: Non-nullable property 'MoveNetworkFlags' must contain a non-null value when exiting constructor. Consider declaring the property as nullable. [/home/ubuntu/PROGRAMA-BETA/src/FiveMTool.csproj]
/home/ubuntu/PROGRAMA-BETA/src/External/CodeWalker.Core/GameFiles/FileTypes/MrfFile.cs(42,16): warning CS8618: Non-nullable property 'UnkBytes' must contain a non-null value when exiting constructor. Consider declaring the property as nullable. [/home/ubuntu/PROGRAMA-BETA/src/FiveMTool.csproj]
/home/ubuntu/PROGRAMA-BETA/src/External/CodeWalker.Core/GameFiles/FileTypes/MrfFile.cs(42,16): warning CS8618: Non-nullable property 'AllNodes' must contain a non-null value when exiting constructor. Consider declaring the property as nullable. [/home/ubuntu/PROGRAMA-BETA/src/FiveMTool.csproj]
/home/ubuntu/PROGRAMA-BETA/src/External/CodeWalker.Core/GameFiles/FileTypes/MrfFile.cs(42,16): warning CS8618: Non-nullable property 'RootState' must contain a non-null value when exiting constructor. Consider declaring the property as nullable. [/home/ubuntu/PROGRAMA-BETA/src/FiveMTool.csproj]
/home/ubuntu/PROGRAMA-BETA/src/External/CodeWalker.Core/GameFiles/FileTypes/MrfFile.cs(42,16): warning CS8618: Non-nullable property 'DebugTreeGraph' must contain a non-null value when exiting constructor. Consider declaring the property as nullable. [/home/ubuntu/PROGRAMA-BETA/src/FiveMTool.csproj]
/home/ubuntu/PROGRAMA-BETA/src/External/CodeWalker.Core/GameFiles/FileTypes/MrfFile.cs(42,16): warning CS8618: Non-nullable property 'DebugStateGraph' must contain a non-null value when exiting constructor. Consider declaring the property as nullable. [/home/ubuntu/PROGRAMA-BETA/src/FiveMTool.csproj]
/home/ubuntu/PROGRAMA-BETA/src/External/CodeWalker.Core/GameFiles/RpfManager.cs(227,28): warning CS8600: Converting null literal or possible null value to non-nullable type. [/home/ubuntu/PROGRAMA-BETA/src/FiveMTool.csproj]
/home/ubuntu/PROGRAMA-BETA/src/External/CodeWalker.Core/GameFiles/RpfManager.cs(229,64): warning CS8600: Converting null literal or possible null value to non-nullable type. [/home/ubuntu/PROGRAMA-BETA/src/FiveMTool.csproj]
/home/ubuntu/PROGRAMA-BETA/src/External/CodeWalker.Core/GameFiles/RpfManager.cs(234,47): warning CS8600: Converting null literal or possible null value to non-nullable type. [/home/ubuntu/PROGRAMA-BETA/src/FiveMTool.csproj]
/home/ubuntu/PROGRAMA-BETA/src/External/CodeWalker.Core/GameFiles/RpfManager.cs(252,20): warning CS8603: Possible null reference return. [/home/ubuntu/PROGRAMA-BETA/src/FiveMTool.csproj]
/home/ubuntu/PROGRAMA-BETA/src/External/CodeWalker.Core/GameFiles/RpfManager.cs(260,67): warning CS8600: Converting null literal or possible null value to non-nullable type. [/home/ubuntu/PROGRAMA-BETA/src/FiveMTool.csproj]
/home/ubuntu/PROGRAMA-BETA/src/External/CodeWalker.Core/GameFiles/RpfManager.cs(264,46): warning CS8600: Converting null literal or possible null value to non-nullable type. [/home/ubuntu/PROGRAMA-BETA/src/FiveMTool.csproj]
/home/ubuntu/PROGRAMA-BETA/src/External/CodeWalker.Core/GameFiles/RpfManager.cs(269,71): warning CS8600: Converting null literal or possible null value to non-nullable type. [/home/ubuntu/PROGRAMA-BETA/src/FiveMTool.csproj]
/home/ubuntu/PROGRAMA-BETA/src/External/CodeWalker.Core/GameFiles/RpfManager.cs(273,50): warning CS8600: Converting null literal or possible null value to non-nullable type. [/home/ubuntu/PROGRAMA-BETA/src/FiveMTool.csproj]
/home/ubuntu/PROGRAMA-BETA/src/External/CodeWalker.Core/GameFiles/RpfManager.cs(275,20): warning CS8603: Possible null reference return. [/home/ubuntu/PROGRAMA-BETA/src/FiveMTool.csproj]
/home/ubuntu/PROGRAMA-BETA/src/External/CodeWalker.Core/GameFiles/RpfManager.cs(279,27): warning CS8600: Converting null literal or possible null value to non-nullable type. [/home/ubuntu/PROGRAMA-BETA/src/FiveMTool.csproj]
/home/ubuntu/PROGRAMA-BETA/src/External/CodeWalker.Core/GameFiles/RpfManager.cs(280,34): warning CS8600: Converting null literal or possible null value to non-nullable type. [/home/ubuntu/PROGRAMA-BETA/src/FiveMTool.csproj]
/home/ubuntu/PROGRAMA-BETA/src/External/CodeWalker.Core/GameFiles/RpfManager.cs(285,20): warning CS8603: Possible null reference return. [/home/ubuntu/PROGRAMA-BETA/src/FiveMTool.csproj]
/home/ubuntu/PROGRAMA-BETA/src/External/CodeWalker.Core/GameFiles/FileTypes/FxcFile.cs(558,24): warning CS8603: Possible null reference return. [/home/ubuntu/PROGRAMA-BETA/src/FiveMTool.csproj]
/home/ubuntu/PROGRAMA-BETA/src/External/CodeWalker.Core/GameFiles/FileTypes/FxcFile.cs(567,24): warning CS8603: Possible null reference return. [/home/ubuntu/PROGRAMA-BETA/src/FiveMTool.csproj]
/home/ubuntu/PROGRAMA-BETA/src/External/CodeWalker.Core/GameFiles/FileTypes/FxcFile.cs(576,24): warning CS8603: Possible null reference return. [/home/ubuntu/PROGRAMA-BETA/src/FiveMTool.csproj]
/home/ubuntu/PROGRAMA-BETA/src/External/CodeWalker.Core/GameFiles/RpfManager.cs(305,22): warning CS8600: Converting null literal or possible null value to non-nullable type. [/home/ubuntu/PROGRAMA-BETA/src/FiveMTool.csproj]
/home/ubuntu/PROGRAMA-BETA/src/External/CodeWalker.Core/GameFiles/RpfManager.cs(306,27): warning CS8600: Converting null literal or possible null value to non-nullable type. [/home/ubuntu/PROGRAMA-BETA/src/FiveMTool.csproj]
/home/ubuntu/PROGRAMA-BETA/src/External/CodeWalker.Core/GameFiles/RpfManager.cs(307,34): warning CS8600: Converting null literal or possible null value to non-nullable type. [/home/ubuntu/PROGRAMA-BETA/src/FiveMTool.csproj]
/home/ubuntu/PROGRAMA-BETA/src/External/CodeWalker.Core/GameFiles/RpfManager.cs(315,33): warning CS8604: Possible null reference argument for parameter 'entry' in 'void PackedFile.Load(byte[] data, RpfFileEntry entry)'. [/home/ubuntu/PROGRAMA-BETA/src/FiveMTool.csproj]
/home/ubuntu/PROGRAMA-BETA/src/External/CodeWalker.Core/GameFiles/RpfManager.cs(317,20): warning CS8603: Possible null reference return. [/home/ubuntu/PROGRAMA-BETA/src/FiveMTool.csproj]
/home/ubuntu/PROGRAMA-BETA/src/External/CodeWalker.Core/GameFiles/FileTypes/FxcFile.cs(585,24): warning CS8603: Possible null reference return. [/home/ubuntu/PROGRAMA-BETA/src/FiveMTool.csproj]
/home/ubuntu/PROGRAMA-BETA/src/External/CodeWalker.Core/GameFiles/RpfManager.cs(321,22): warning CS8600: Converting null literal or possible null value to non-nullable type. [/home/ubuntu/PROGRAMA-BETA/src/FiveMTool.csproj]
/home/ubuntu/PROGRAMA-BETA/src/External/CodeWalker.Core/GameFiles/RpfManager.cs(322,27): warning CS8600: Converting null literal or possible null value to non-nullable type. [/home/ubuntu/PROGRAMA-BETA/src/FiveMTool.csproj]
/home/ubuntu/PROGRAMA-BETA/src/External/CodeWalker.Core/GameFiles/RpfManager.cs(323,34): warning CS8600: Converting null literal or possible null value to non-nullable type. [/home/ubuntu/PROGRAMA-BETA/src/FiveMTool.csproj]
/home/ubuntu/PROGRAMA-BETA/src/External/CodeWalker.Core/GameFiles/RpfManager.cs(331,33): warning CS8604: Possible null reference argument for parameter 'entry' in 'void PackedFile.Load(byte[] data, RpfFileEntry entry)'. [/home/ubuntu/PROGRAMA-BETA/src/FiveMTool.csproj]
/home/ubuntu/PROGRAMA-BETA/src/External/CodeWalker.Core/GameFiles/RpfManager.cs(333,20): warning CS8603: Possible null reference return. [/home/ubuntu/PROGRAMA-BETA/src/FiveMTool.csproj]
/home/ubuntu/PROGRAMA-BETA/src/External/CodeWalker.Core/GameFiles/FileTypes/FxcFile.cs(594,24): warning CS8603: Possible null reference return. [/home/ubuntu/PROGRAMA-BETA/src/FiveMTool.csproj]
/home/ubuntu/PROGRAMA-BETA/src/External/CodeWalker.Core/GameFiles/RpfManager.cs(337,27): warning CS8600: Converting null literal or possible null value to non-nullable type. [/home/ubuntu/PROGRAMA-BETA/src/FiveMTool.csproj]
/home/ubuntu/PROGRAMA-BETA/src/External/CodeWalker.Core/GameFiles/RpfManager.cs(338,34): warning CS8600: Converting null literal or possible null value to non-nullable type. [/home/ubuntu/PROGRAMA-BETA/src/FiveMTool.csproj]
/home/ubuntu/PROGRAMA-BETA/src/External/CodeWalker.Core/GameFiles/RpfManager.cs(345,33): warning CS8604: Possible null reference argument for parameter 'entry' in 'void PackedFile.Load(byte[] data, RpfFileEntry entry)'. [/home/ubuntu/PROGRAMA-BETA/src/FiveMTool.csproj]
/home/ubuntu/PROGRAMA-BETA/src/External/CodeWalker.Core/GameFiles/FileTypes/FxcFile.cs(603,24): warning CS8603: Possible null reference return. [/home/ubuntu/PROGRAMA-BETA/src/FiveMTool.csproj]
/home/ubuntu/PROGRAMA-BETA/src/External/CodeWalker.Core/GameFiles/FileTypes/Gxt2File.cs(14,23): warning CS8618: Non-nullable property 'Name' must contain a non-null value when exiting constructor. Consider declaring the property as nullable. [/home/ubuntu/PROGRAMA-BETA/src/FiveMTool.csproj]
/home/ubuntu/PROGRAMA-BETA/src/External/CodeWalker.Core/GameFiles/FileTypes/Gxt2File.cs(15,29): warning CS8618: Non-nullable property 'FileEntry' must contain a non-null value when exiting constructor. Consider declaring the property as nullable. [/home/ubuntu/PROGRAMA-BETA/src/FiveMTool.csproj]
/home/ubuntu/PROGRAMA-BETA/src/External/CodeWalker.Core/GameFiles/FileTypes/Gxt2File.cs(17,28): warning CS8618: Non-nullable property 'TextEntries' must contain a non-null value when exiting constructor. Consider declaring the property as nullable. [/home/ubuntu/PROGRAMA-BETA/src/FiveMTool.csproj]
/home/ubuntu/PROGRAMA-BETA/src/External/CodeWalker.Core/GameFiles/FileTypes/FxcFile.cs(692,26): warning CS8600: Converting null literal or possible null value to non-nullable type. [/home/ubuntu/PROGRAMA-BETA/src/FiveMTool.csproj]
/home/ubuntu/PROGRAMA-BETA/src/External/CodeWalker.Core/GameFiles/FileTypes/FxcFile.cs(708,20): warning CS8603: Possible null reference return. [/home/ubuntu/PROGRAMA-BETA/src/FiveMTool.csproj]
/home/ubuntu/PROGRAMA-BETA/src/External/CodeWalker.Core/GameFiles/RpfManager.cs(449,60): warning CS8600: Converting null literal or possible null value to non-nullable type. [/home/ubuntu/PROGRAMA-BETA/src/FiveMTool.csproj]
/home/ubuntu/PROGRAMA-BETA/src/External/CodeWalker.Core/GameFiles/RpfManager.cs(506,38): warning CS8604: Possible null reference argument for parameter 'path1' in 'string Path.Combine(string path1, string path2)'. [/home/ubuntu/PROGRAMA-BETA/src/FiveMTool.csproj]
/home/ubuntu/PROGRAMA-BETA/src/External/CodeWalker.Core/GameFiles/FileTypes/FxcFile.cs(733,25): warning CS8602: Dereference of a possibly null reference. [/home/ubuntu/PROGRAMA-BETA/src/FiveMTool.csproj]
/home/ubuntu/PROGRAMA-BETA/src/External/CodeWalker.Core/GameFiles/RpfManager.cs(15,23): warning CS8618: Non-nullable property 'Folder' must contain a non-null value when exiting constructor. Consider declaring the property as nullable. [/home/ubuntu/PROGRAMA-BETA/src/FiveMTool.csproj]
/home/ubuntu/PROGRAMA-BETA/src/External/CodeWalker.Core/GameFiles/RpfManager.cs(16,25): warning CS8618: Non-nullable property 'ExcludePaths' must contain a non-null value when exiting constructor. Consider declaring the property as nullable. [/home/ubuntu/PROGRAMA-BETA/src/FiveMTool.csproj]
/home/ubuntu/PROGRAMA-BETA/src/External/CodeWalker.Core/GameFiles/RpfManager.cs(19,31): warning CS8618: Non-nullable property 'UpdateStatus' must contain a non-null value when exiting constructor. Consider declaring the property as nullable. [/home/ubuntu/PROGRAMA-BETA/src/FiveMTool.csproj]
/home/ubuntu/PROGRAMA-BETA/src/External/CodeWalker.Core/GameFiles/RpfManager.cs(20,31): warning CS8618: Non-nullable property 'ErrorLog' must contain a non-null value when exiting constructor. Consider declaring the property as nullable. [/home/ubuntu/PROGRAMA-BETA/src/FiveMTool.csproj]
/home/ubuntu/PROGRAMA-BETA/src/External/CodeWalker.Core/GameFiles/RpfManager.cs(22,30): warning CS8618: Non-nullable property 'BaseRpfs' must contain a non-null value when exiting constructor. Consider declaring the property as nullable. [/home/ubuntu/PROGRAMA-BETA/src/FiveMTool.csproj]
/home/ubuntu/PROGRAMA-BETA/src/External/CodeWalker.Core/GameFiles/RpfManager.cs(23,30): warning CS8618: Non-nullable property 'ModRpfs' must contain a non-null value when exiting constructor. Consider declaring the property as nullable. [/home/ubuntu/PROGRAMA-BETA/src/FiveMTool.csproj]
/home/ubuntu/PROGRAMA-BETA/src/External/CodeWalker.Core/GameFiles/RpfManager.cs(24,30): warning CS8618: Non-nullable property 'DlcRpfs' must contain a non-null value when exiting constructor. Consider declaring the property as nullable. [/home/ubuntu/PROGRAMA-BETA/src/FiveMTool.csproj]
/home/ubuntu/PROGRAMA-BETA/src/External/CodeWalker.Core/GameFiles/RpfManager.cs(25,30): warning CS8618: Non-nullable property 'AllRpfs' must contain a non-null value when exiting constructor. Consider declaring the property as nullable. [/home/ubuntu/PROGRAMA-BETA/src/FiveMTool.csproj]
/home/ubuntu/PROGRAMA-BETA/src/External/CodeWalker.Core/GameFiles/RpfManager.cs(26,30): warning CS8618: Non-nullable property 'DlcNoModRpfs' must contain a non-null value when exiting constructor. Consider declaring the property as nullable. [/home/ubuntu/PROGRAMA-BETA/src/FiveMTool.csproj]
/home/ubuntu/PROGRAMA-BETA/src/External/CodeWalker.Core/GameFiles/RpfManager.cs(27,30): warning CS8618: Non-nullable property 'AllNoModRpfs' must contain a non-null value when exiting constructor. Consider declaring the property as nullable. [/home/ubuntu/PROGRAMA-BETA/src/FiveMTool.csproj]
/home/ubuntu/PROGRAMA-BETA/src/External/CodeWalker.Core/GameFiles/RpfManager.cs(28,44): warning CS8618: Non-nullable property 'RpfDict' must contain a non-null value when exiting constructor. Consider declaring the property as nullable. [/home/ubuntu/PROGRAMA-BETA/src/FiveMTool.csproj]
/home/ubuntu/PROGRAMA-BETA/src/External/CodeWalker.Core/GameFiles/RpfManager.cs(29,45): warning CS8618: Non-nullable property 'EntryDict' must contain a non-null value when exiting constructor. Consider declaring the property as nullable. [/home/ubuntu/PROGRAMA-BETA/src/FiveMTool.csproj]
/home/ubuntu/PROGRAMA-BETA/src/External/CodeWalker.Core/GameFiles/RpfManager.cs(30,44): warning CS8618: Non-nullable property 'ModRpfDict' must contain a non-null value when exiting constructor. Consider declaring the property as nullable. [/home/ubuntu/PROGRAMA-BETA/src/FiveMTool.csproj]
/home/ubuntu/PROGRAMA-BETA/src/External/CodeWalker.Core/GameFiles/RpfManager.cs(31,45): warning CS8618: Non-nullable property 'ModEntryDict' must contain a non-null value when exiting constructor. Consider declaring the property as nullable. [/home/ubuntu/PROGRAMA-BETA/src/FiveMTool.csproj]
/home/ubuntu/PROGRAMA-BETA/src/External/CodeWalker.Core/GameFiles/FileTypes/FxcFile.cs(19,23): warning CS8618: Non-nullable property 'Name' must contain a non-null value when exiting constructor. Consider declaring the property as nullable. [/home/ubuntu/PROGRAMA-BETA/src/FiveMTool.csproj]
/home/ubuntu/PROGRAMA-BETA/src/External/CodeWalker.Core/GameFiles/FileTypes/FxcFile.cs(20,29): warning CS8618: Non-nullable property 'FileEntry' must contain a non-null value when exiting constructor. Consider declaring the property as nullable. [/home/ubuntu/PROGRAMA-BETA/src/FiveMTool.csproj]
/home/ubuntu/PROGRAMA-BETA/src/External/CodeWalker.Core/GameFiles/FileTypes/FxcFile.cs(24,33): warning CS8618: Non-nullable property 'PresetParams' must contain a non-null value when exiting constructor. Consider declaring the property as nullable. [/home/ubuntu/PROGRAMA-BETA/src/FiveMTool.csproj]
/home/ubuntu/PROGRAMA-BETA/src/External/CodeWalker.Core/GameFiles/FileTypes/FxcFile.cs(25,33): warning CS8618: Non-nullable property 'ShaderGroups' must contain a non-null value when exiting constructor. Consider declaring the property as nullable. [/home/ubuntu/PROGRAMA-BETA/src/FiveMTool.csproj]
/home/ubuntu/PROGRAMA-BETA/src/External/CodeWalker.Core/GameFiles/FileTypes/FxcFile.cs(26,29): warning CS8618: Non-nullable property 'CBuffers1' must contain a non-null value when exiting constructor. Consider declaring the property as nullable. [/home/ubuntu/PROGRAMA-BETA/src/FiveMTool.csproj]
/home/ubuntu/PROGRAMA-BETA/src/External/CodeWalker.Core/GameFiles/FileTypes/FxcFile.cs(27,30): warning CS8618: Non-nullable property 'Variables1' must contain a non-null value when exiting constructor. Consider declaring the property as nullable. [/home/ubuntu/PROGRAMA-BETA/src/FiveMTool.csproj]
/home/ubuntu/PROGRAMA-BETA/src/External/CodeWalker.Core/GameFiles/FileTypes/FxcFile.cs(28,29): warning CS8618: Non-nullable property 'CBuffers2' must contain a non-null value when exiting constructor. Consider declaring the property as nullable. [/home/ubuntu/PROGRAMA-BETA/src/FiveMTool.csproj]
/home/ubuntu/PROGRAMA-BETA/src/External/CodeWalker.Core/GameFiles/FileTypes/FxcFile.cs(29,30): warning CS8618: Non-nullable property 'Variables2' must contain a non-null value when exiting constructor. Consider declaring the property as nullable. [/home/ubuntu/PROGRAMA-BETA/src/FiveMTool.csproj]
/home/ubuntu/PROGRAMA-BETA/src/External/CodeWalker.Core/GameFiles/FileTypes/FxcFile.cs(30,31): warning CS8618: Non-nullable property 'Techniques' must contain a non-null value when exiting constructor. Consider declaring the property as nullable. [/home/ubuntu/PROGRAMA-BETA/src/FiveMTool.csproj]
/home/ubuntu/PROGRAMA-BETA/src/External/CodeWalker.Core/GameFiles/FileTypes/FxcFile.cs(33,28): warning CS8618: Non-nullable property 'Shaders' must contain a non-null value when exiting constructor. Consider declaring the property as nullable. [/home/ubuntu/PROGRAMA-BETA/src/FiveMTool.csproj]
/home/ubuntu/PROGRAMA-BETA/src/External/CodeWalker.Core/GameFiles/FileTypes/FxcFile.cs(34,28): warning CS8618: Non-nullable property 'VertexShaders' must contain a non-null value when exiting constructor. Consider declaring the property as nullable. [/home/ubuntu/PROGRAMA-BETA/src/FiveMTool.csproj]
/home/ubuntu/PROGRAMA-BETA/src/External/CodeWalker.Core/GameFiles/FileTypes/FxcFile.cs(35,28): warning CS8618: Non-nullable property 'PixelShaders' must contain a non-null value when exiting constructor. Consider declaring the property as nullable. [/home/ubuntu/PROGRAMA-BETA/src/FiveMTool.csproj]
/home/ubuntu/PROGRAMA-BETA/src/External/CodeWalker.Core/GameFiles/FileTypes/FxcFile.cs(36,28): warning CS8618: Non-nullable property 'ComputeShaders' must contain a non-null value when exiting constructor. Consider declaring the property as nullable. [/home/ubuntu/PROGRAMA-BETA/src/FiveMTool.csproj]
/home/ubuntu/PROGRAMA-BETA/src/External/CodeWalker.Core/GameFiles/FileTypes/FxcFile.cs(37,28): warning CS8618: Non-nullable property 'DomainShaders' must contain a non-null value when exiting constructor. Consider declaring the property as nullable. [/home/ubuntu/PROGRAMA-BETA/src/FiveMTool.csproj]
/home/ubuntu/PROGRAMA-BETA/src/External/CodeWalker.Core/GameFiles/FileTypes/FxcFile.cs(38,28): warning CS8618: Non-nullable property 'GeometryShaders' must contain a non-null value when exiting constructor. Consider declaring the property as nullable. [/home/ubuntu/PROGRAMA-BETA/src/FiveMTool.csproj]
/home/ubuntu/PROGRAMA-BETA/src/External/CodeWalker.Core/GameFiles/FileTypes/FxcFile.cs(39,28): warning CS8618: Non-nullable property 'HullShaders' must contain a non-null value when exiting constructor. Consider declaring the property as nullable. [/home/ubuntu/PROGRAMA-BETA/src/FiveMTool.csproj]
/home/ubuntu/PROGRAMA-BETA/src/External/CodeWalker.Core/GameFiles/FileTypes/FxcFile.cs(41,45): warning CS8618: Non-nullable property 'CBufferDict' must contain a non-null value when exiting constructor. Consider declaring the property as nullable. [/home/ubuntu/PROGRAMA-BETA/src/FiveMTool.csproj]
/home/ubuntu/PROGRAMA-BETA/src/External/CodeWalker.Core/GameFiles/FileTypes/FxcFile.cs(42,30): warning CS8618: Non-nullable property 'GlobalVariables' must contain a non-null value when exiting constructor. Consider declaring the property as nullable. [/home/ubuntu/PROGRAMA-BETA/src/FiveMTool.csproj]
/home/ubuntu/PROGRAMA-BETA/src/External/CodeWalker.Core/GameFiles/FileTypes/MrfFile.cs(1347,16): warning CS8618: Non-nullable property 'Child0' must contain a non-null value when exiting constructor. Consider declaring the property as nullable. [/home/ubuntu/PROGRAMA-BETA/src/FiveMTool.csproj]
/home/ubuntu/PROGRAMA-BETA/src/External/CodeWalker.Core/GameFiles/FileTypes/MrfFile.cs(1347,16): warning CS8618: Non-nullable property 'Child1' must contain a non-null value when exiting constructor. Consider declaring the property as nullable. [/home/ubuntu/PROGRAMA-BETA/src/FiveMTool.csproj]
/home/ubuntu/PROGRAMA-BETA/src/External/CodeWalker.Core/GameFiles/FileTypes/MrfFile.cs(1151,16): warning CS8618: Non-nullable property 'InitialNode' must contain a non-null value when exiting constructor. Consider declaring the property as nullable. [/home/ubuntu/PROGRAMA-BETA/src/FiveMTool.csproj]
/home/ubuntu/PROGRAMA-BETA/src/External/CodeWalker.Core/GameFiles/FileTypes/MrfFile.cs(1151,16): warning CS8618: Non-nullable property 'Transitions' must contain a non-null value when exiting constructor. Consider declaring the property as nullable. [/home/ubuntu/PROGRAMA-BETA/src/FiveMTool.csproj]
/home/ubuntu/PROGRAMA-BETA/src/External/CodeWalker.Core/GameFiles/FileTypes/MrfFile.cs(1613,16): warning CS8618: Non-nullable property 'Child' must contain a non-null value when exiting constructor. Consider declaring the property as nullable. [/home/ubuntu/PROGRAMA-BETA/src/FiveMTool.csproj]
/home/ubuntu/PROGRAMA-BETA/src/External/CodeWalker.Core/GameFiles/RpfFile.cs(2711,40): warning CS8603: Possible null reference return. [/home/ubuntu/PROGRAMA-BETA/src/FiveMTool.csproj]
/home/ubuntu/PROGRAMA-BETA/src/External/CodeWalker.Core/GameFiles/FileTypes/MrfFile.cs(1393,22): warning CS8601: Possible null reference assignment. [/home/ubuntu/PROGRAMA-BETA/src/FiveMTool.csproj]
/home/ubuntu/PROGRAMA-BETA/src/External/CodeWalker.Core/GameFiles/FileTypes/MrfFile.cs(1394,22): warning CS8601: Possible null reference assignment. [/home/ubuntu/PROGRAMA-BETA/src/FiveMTool.csproj]
/home/ubuntu/PROGRAMA-BETA/src/External/CodeWalker.Core/GameFiles/FileTypes/MrfFile.cs(211,25): warning CS8601: Possible null reference assignment. [/home/ubuntu/PROGRAMA-BETA/src/FiveMTool.csproj]
/home/ubuntu/PROGRAMA-BETA/src/External/CodeWalker.Core/GameFiles/FileTypes/MrfFile.cs(1650,21): warning CS8601: Possible null reference assignment. [/home/ubuntu/PROGRAMA-BETA/src/FiveMTool.csproj]
/home/ubuntu/PROGRAMA-BETA/src/External/CodeWalker.Core/GameFiles/FileTypes/MrfFile.cs(234,24): warning CS8603: Possible null reference return. [/home/ubuntu/PROGRAMA-BETA/src/FiveMTool.csproj]
/home/ubuntu/PROGRAMA-BETA/src/External/CodeWalker.Core/GameFiles/FileTypes/MrfFile.cs(1197,64): warning CS8604: Possible null reference argument for parameter 'text' in 'void MetaXmlBase.StringTag(StringBuilder sb, int indent, string name, string text)'. [/home/ubuntu/PROGRAMA-BETA/src/FiveMTool.csproj]
/home/ubuntu/PROGRAMA-BETA/src/External/CodeWalker.Core/GameFiles/FileTypes/MrfFile.cs(1198,63): warning CS8604: Possible null reference argument for parameter 'text' in 'void MetaXmlBase.StringTag(StringBuilder sb, int indent, string name, string text)'. [/home/ubuntu/PROGRAMA-BETA/src/FiveMTool.csproj]
/home/ubuntu/PROGRAMA-BETA/src/External/CodeWalker.Core/GameFiles/FileTypes/MrfFile.cs(1212,27): warning CS8601: Possible null reference assignment. [/home/ubuntu/PROGRAMA-BETA/src/FiveMTool.csproj]
/home/ubuntu/PROGRAMA-BETA/src/External/CodeWalker.Core/GameFiles/FileTypes/MrfFile.cs(1239,33): warning CS8600: Converting null literal or possible null value to non-nullable type. [/home/ubuntu/PROGRAMA-BETA/src/FiveMTool.csproj]
/home/ubuntu/PROGRAMA-BETA/src/External/CodeWalker.Core/GameFiles/FileTypes/MrfFile.cs(1239,33): warning CS8601: Possible null reference assignment. [/home/ubuntu/PROGRAMA-BETA/src/FiveMTool.csproj]
/home/ubuntu/PROGRAMA-BETA/src/External/CodeWalker.Core/GameFiles/FileTypes/MrfFile.cs(1259,27): warning CS8600: Converting null literal or possible null value to non-nullable type. [/home/ubuntu/PROGRAMA-BETA/src/FiveMTool.csproj]
/home/ubuntu/PROGRAMA-BETA/src/External/CodeWalker.Core/GameFiles/FileTypes/MrfFile.cs(1259,27): warning CS8601: Possible null reference assignment. [/home/ubuntu/PROGRAMA-BETA/src/FiveMTool.csproj]
/home/ubuntu/PROGRAMA-BETA/src/External/CodeWalker.Core/GameFiles/FileTypes/MrfFile.cs(1317,37): warning CS8601: Possible null reference assignment. [/home/ubuntu/PROGRAMA-BETA/src/FiveMTool.csproj]
/home/ubuntu/PROGRAMA-BETA/src/External/CodeWalker.Core/GameFiles/FileTypes/MrfFile.cs(318,39): warning CS8604: Possible null reference argument for parameter 'arr' in 'void MetaXmlBase.WriteItemArray<MrfMoveNetworkBit>(StringBuilder sb, MrfMoveNetworkBit[] arr, int ind, string name)'. [/home/ubuntu/PROGRAMA-BETA/src/FiveMTool.csproj]
/home/ubuntu/PROGRAMA-BETA/src/External/CodeWalker.Core/GameFiles/FileTypes/MrfFile.cs(319,39): warning CS8604: Possible null reference argument for parameter 'arr' in 'void MetaXmlBase.WriteItemArray<MrfMoveNetworkBit>(StringBuilder sb, MrfMoveNetworkBit[] arr, int ind, string name)'. [/home/ubuntu/PROGRAMA-BETA/src/FiveMTool.csproj]
/home/ubuntu/PROGRAMA-BETA/src/External/CodeWalker.Core/GameFiles/FileTypes/MrfFile.cs(354,37): warning CS8601: Possible null reference assignment. [/home/ubuntu/PROGRAMA-BETA/src/FiveMTool.csproj]
/home/ubuntu/PROGRAMA-BETA/src/External/CodeWalker.Core/GameFiles/FileTypes/MrfFile.cs(2111,16): warning CS8618: Non-nullable property 'Bytes' must contain a non-null value when exiting constructor. Consider declaring the property as nullable. [/home/ubuntu/PROGRAMA-BETA/src/FiveMTool.csproj]
/home/ubuntu/PROGRAMA-BETA/src/External/CodeWalker.Core/GameFiles/FileTypes/MrfFile.cs(1803,16): warning CS8618: Non-nullable property 'Unk2' must contain a non-null value when exiting constructor. Consider declaring the property as nullable. [/home/ubuntu/PROGRAMA-BETA/src/FiveMTool.csproj]
/home/ubuntu/PROGRAMA-BETA/src/External/CodeWalker.Core/GameFiles/FileTypes/MrfFile.cs(1803,16): warning CS8618: Non-nullable property 'ChildrenOffsets' must contain a non-null value when exiting constructor. Consider declaring the property as nullable. [/home/ubuntu/PROGRAMA-BETA/src/FiveMTool.csproj]
/home/ubuntu/PROGRAMA-BETA/src/External/CodeWalker.Core/GameFiles/FileTypes/MrfFile.cs(1803,16): warning CS8618: Non-nullable property 'ChildrenFileOffsets' must contain a non-null value when exiting constructor. Consider declaring the property as nullable. [/home/ubuntu/PROGRAMA-BETA/src/FiveMTool.csproj]
/home/ubuntu/PROGRAMA-BETA/src/External/CodeWalker.Core/GameFiles/FileTypes/MrfFile.cs(1803,16): warning CS8618: Non-nullable property 'ChildrenData' must contain a non-null value when exiting constructor. Consider declaring the property as nullable. [/home/ubuntu/PROGRAMA-BETA/src/FiveMTool.csproj]
/home/ubuntu/PROGRAMA-BETA/src/External/CodeWalker.Core/GameFiles/FileTypes/MrfFile.cs(1803,16): warning CS8618: Non-nullable property 'ChildrenFlags' must contain a non-null value when exiting constructor. Consider declaring the property as nullable. [/home/ubuntu/PROGRAMA-BETA/src/FiveMTool.csproj]
/home/ubuntu/PROGRAMA-BETA/src/External/CodeWalker.Core/GameFiles/FileTypes/MrfFile.cs(1803,16): warning CS8618: Non-nullable property 'Children' must contain a non-null value when exiting constructor. Consider declaring the property as nullable. [/home/ubuntu/PROGRAMA-BETA/src/FiveMTool.csproj]
/home/ubuntu/PROGRAMA-BETA/src/External/CodeWalker.Core/GameFiles/FileTypes/MrfFile.cs(372,49): warning CS8600: Converting null literal or possible null value to non-nullable type. [/home/ubuntu/PROGRAMA-BETA/src/FiveMTool.csproj]
/home/ubuntu/PROGRAMA-BETA/src/External/CodeWalker.Core/GameFiles/FileTypes/MrfFile.cs(403,20): warning CS8603: Possible null reference return. [/home/ubuntu/PROGRAMA-BETA/src/FiveMTool.csproj]
/home/ubuntu/PROGRAMA-BETA/src/External/CodeWalker.Core/GameFiles/FileTypes/MrfFile.cs(2275,16): warning CS8618: Non-nullable property 'Conditions' must contain a non-null value when exiting constructor. Consider declaring the property as nullable. [/home/ubuntu/PROGRAMA-BETA/src/FiveMTool.csproj]
/home/ubuntu/PROGRAMA-BETA/src/External/CodeWalker.Core/GameFiles/FileTypes/MrfFile.cs(2275,16): warning CS8618: Non-nullable property 'TargetState' must contain a non-null value when exiting constructor. Consider declaring the property as nullable. [/home/ubuntu/PROGRAMA-BETA/src/FiveMTool.csproj]
/home/ubuntu/PROGRAMA-BETA/src/External/CodeWalker.Core/GameFiles/FileTypes/MrfFile.cs(459,24): warning CS8603: Possible null reference return. [/home/ubuntu/PROGRAMA-BETA/src/FiveMTool.csproj]
/home/ubuntu/PROGRAMA-BETA/src/External/CodeWalker.Core/GameFiles/FileTypes/MrfFile.cs(2279,16): warning CS8618: Non-nullable property 'Conditions' must contain a non-null value when exiting constructor. Consider declaring the property as nullable. [/home/ubuntu/PROGRAMA-BETA/src/FiveMTool.csproj]
/home/ubuntu/PROGRAMA-BETA/src/External/CodeWalker.Core/GameFiles/FileTypes/MrfFile.cs(2279,16): warning CS8618: Non-nullable property 'TargetState' must contain a non-null value when exiting constructor. Consider declaring the property as nullable. [/home/ubuntu/PROGRAMA-BETA/src/FiveMTool.csproj]
/home/ubuntu/PROGRAMA-BETA/src/External/CodeWalker.Core/GameFiles/FileTypes/MrfFile.cs(1974,24): warning CS8625: Cannot convert null literal to non-nullable reference type. [/home/ubuntu/PROGRAMA-BETA/src/FiveMTool.csproj]
/home/ubuntu/PROGRAMA-BETA/src/External/CodeWalker.Core/GameFiles/FileTypes/MrfFile.cs(1975,28): warning CS8625: Cannot convert null literal to non-nullable reference type. [/home/ubuntu/PROGRAMA-BETA/src/FiveMTool.csproj]
/home/ubuntu/PROGRAMA-BETA/src/External/CodeWalker.Core/GameFiles/FileTypes/MrfFile.cs(1976,29): warning CS8625: Cannot convert null literal to non-nullable reference type. [/home/ubuntu/PROGRAMA-BETA/src/FiveMTool.csproj]
/home/ubuntu/PROGRAMA-BETA/src/External/CodeWalker.Core/GameFiles/FileTypes/MrfFile.cs(1977,31): warning CS8625: Cannot convert null literal to non-nullable reference type. [/home/ubuntu/PROGRAMA-BETA/src/FiveMTool.csproj]
/home/ubuntu/PROGRAMA-BETA/src/External/CodeWalker.Core/GameFiles/FileTypes/MrfFile.cs(2015,20): warning CS8625: Cannot convert null literal to non-nullable reference type. [/home/ubuntu/PROGRAMA-BETA/src/FiveMTool.csproj]
/home/ubuntu/PROGRAMA-BETA/src/External/CodeWalker.Core/GameFiles/FileTypes/MrfFile.cs(2055,35): warning CS8601: Possible null reference assignment. [/home/ubuntu/PROGRAMA-BETA/src/FiveMTool.csproj]
/home/ubuntu/PROGRAMA-BETA/src/External/CodeWalker.Core/GameFiles/FileTypes/MrfFile.cs(2398,26): warning CS8625: Cannot convert null literal to non-nullable reference type. [/home/ubuntu/PROGRAMA-BETA/src/FiveMTool.csproj]
/home/ubuntu/PROGRAMA-BETA/src/External/CodeWalker.Core/GameFiles/FileTypes/MrfFile.cs(2423,67): warning CS8604: Possible null reference argument for parameter 'text' in 'void MetaXmlBase.StringTag(StringBuilder sb, int indent, string name, string text)'. [/home/ubuntu/PROGRAMA-BETA/src/FiveMTool.csproj]
/home/ubuntu/PROGRAMA-BETA/src/External/CodeWalker.Core/GameFiles/FileTypes/MrfFile.cs(2424,67): warning CS8604: Possible null reference argument for parameter 'text' in 'void MetaXmlBase.StringTag(StringBuilder sb, int indent, string name, string text)'. [/home/ubuntu/PROGRAMA-BETA/src/FiveMTool.csproj]
/home/ubuntu/PROGRAMA-BETA/src/External/CodeWalker.Core/GameFiles/FileTypes/MrfFile.cs(520,56): warning CS8600: Converting null literal or possible null value to non-nullable type. [/home/ubuntu/PROGRAMA-BETA/src/FiveMTool.csproj]
/home/ubuntu/PROGRAMA-BETA/src/External/CodeWalker.Core/GameFiles/FileTypes/MrfFile.cs(521,39): warning CS8600: Converting null literal or possible null value to non-nullable type. [/home/ubuntu/PROGRAMA-BETA/src/FiveMTool.csproj]
/home/ubuntu/PROGRAMA-BETA/src/External/CodeWalker.Core/GameFiles/FileTypes/MrfFile.cs(594,40): warning CS8625: Cannot convert null literal to non-nullable reference type. [/home/ubuntu/PROGRAMA-BETA/src/FiveMTool.csproj]
/home/ubuntu/PROGRAMA-BETA/src/External/CodeWalker.Core/GameFiles/RpfFile.cs(2158,24): warning CS8618: Non-nullable property 'File' must contain a non-null value when exiting constructor. Consider declaring the property as nullable. [/home/ubuntu/PROGRAMA-BETA/src/FiveMTool.csproj]
/home/ubuntu/PROGRAMA-BETA/src/External/CodeWalker.Core/GameFiles/RpfFile.cs(2159,34): warning CS8618: Non-nullable property 'Parent' must contain a non-null value when exiting constructor. Consider declaring the property as nullable. [/home/ubuntu/PROGRAMA-BETA/src/FiveMTool.csproj]
/home/ubuntu/PROGRAMA-BETA/src/External/CodeWalker.Core/GameFiles/RpfFile.cs(2165,23): warning CS8618: Non-nullable property 'Name' must contain a non-null value when exiting constructor. Consider declaring the property as nullable. [/home/ubuntu/PROGRAMA-BETA/src/FiveMTool.csproj]
/home/ubuntu/PROGRAMA-BETA/src/External/CodeWalker.Core/GameFiles/RpfFile.cs(2166,23): warning CS8618: Non-nullable property 'NameLower' must contain a non-null value when exiting constructor. Consider declaring the property as nullable. [/home/ubuntu/PROGRAMA-BETA/src/FiveMTool.csproj]
/home/ubuntu/PROGRAMA-BETA/src/External/CodeWalker.Core/GameFiles/RpfFile.cs(2167,23): warning CS8618: Non-nullable property 'Path' must contain a non-null value when exiting constructor. Consider declaring the property as nullable. [/home/ubuntu/PROGRAMA-BETA/src/FiveMTool.csproj]
/home/ubuntu/PROGRAMA-BETA/src/External/CodeWalker.Core/GameFiles/FileTypes/MrfFile.cs(3075,16): warning CS8618: Non-nullable property 'State' must contain a non-null value when exiting constructor. Consider declaring the property as nullable. [/home/ubuntu/PROGRAMA-BETA/src/FiveMTool.csproj]
/home/ubuntu/PROGRAMA-BETA/src/External/CodeWalker.Core/GameFiles/FileTypes/MrfFile.cs(3079,16): warning CS8618: Non-nullable property 'State' must contain a non-null value when exiting constructor. Consider declaring the property as nullable. [/home/ubuntu/PROGRAMA-BETA/src/FiveMTool.csproj]
/home/ubuntu/PROGRAMA-BETA/src/External/CodeWalker.Core/GameFiles/FileTypes/MrfFile.cs(673,33): warning CS8625: Cannot convert null literal to non-nullable reference type. [/home/ubuntu/PROGRAMA-BETA/src/FiveMTool.csproj]
/home/ubuntu/PROGRAMA-BETA/src/External/CodeWalker.Core/GameFiles/RpfFile.cs(60,16): warning CS8618: Non-nullable property 'LastError' must contain a non-null value when exiting constructor. Consider declaring the property as nullable. [/home/ubuntu/PROGRAMA-BETA/src/FiveMTool.csproj]
/home/ubuntu/PROGRAMA-BETA/src/External/CodeWalker.Core/GameFiles/RpfFile.cs(60,16): warning CS8618: Non-nullable property 'LastException' must contain a non-null value when exiting constructor. Consider declaring the property as nullable. [/home/ubuntu/PROGRAMA-BETA/src/FiveMTool.csproj]
/home/ubuntu/PROGRAMA-BETA/src/External/CodeWalker.Core/GameFiles/RpfFile.cs(60,16): warning CS8618: Non-nullable property 'Root' must contain a non-null value when exiting constructor. Consider declaring the property as nullable. [/home/ubuntu/PROGRAMA-BETA/src/FiveMTool.csproj]
/home/ubuntu/PROGRAMA-BETA/src/External/CodeWalker.Core/GameFiles/RpfFile.cs(60,16): warning CS8618: Non-nullable property 'AllEntries' must contain a non-null value when exiting constructor. Consider declaring the property as nullable. [/home/ubuntu/PROGRAMA-BETA/src/FiveMTool.csproj]
/home/ubuntu/PROGRAMA-BETA/src/External/CodeWalker.Core/GameFiles/RpfFile.cs(60,16): warning CS8618: Non-nullable property 'Children' must contain a non-null value when exiting constructor. Consider declaring the property as nullable. [/home/ubuntu/PROGRAMA-BETA/src/FiveMTool.csproj]
/home/ubuntu/PROGRAMA-BETA/src/External/CodeWalker.Core/GameFiles/RpfFile.cs(60,16): warning CS8618: Non-nullable property 'Parent' must contain a non-null value when exiting constructor. Consider declaring the property as nullable. [/home/ubuntu/PROGRAMA-BETA/src/FiveMTool.csproj]
/home/ubuntu/PROGRAMA-BETA/src/External/CodeWalker.Core/GameFiles/RpfFile.cs(60,16): warning CS8618: Non-nullable property 'ParentFileEntry' must contain a non-null value when exiting constructor. Consider declaring the property as nullable. [/home/ubuntu/PROGRAMA-BETA/src/FiveMTool.csproj]
/home/ubuntu/PROGRAMA-BETA/src/External/CodeWalker.Core/GameFiles/RpfFile.cs(60,16): warning CS8618: Non-nullable property 'CurrentFileReader' must contain a non-null value when exiting constructor. Consider declaring the property as nullable. [/home/ubuntu/PROGRAMA-BETA/src/FiveMTool.csproj]
/home/ubuntu/PROGRAMA-BETA/src/External/CodeWalker.Core/GameFiles/RpfFile.cs(69,16): warning CS8618: Non-nullable property 'LastError' must contain a non-null value when exiting constructor. Consider declaring the property as nullable. [/home/ubuntu/PROGRAMA-BETA/src/FiveMTool.csproj]
/home/ubuntu/PROGRAMA-BETA/src/External/CodeWalker.Core/GameFiles/RpfFile.cs(69,16): warning CS8618: Non-nullable property 'LastException' must contain a non-null value when exiting constructor. Consider declaring the property as nullable. [/home/ubuntu/PROGRAMA-BETA/src/FiveMTool.csproj]
/home/ubuntu/PROGRAMA-BETA/src/External/CodeWalker.Core/GameFiles/RpfFile.cs(69,16): warning CS8618: Non-nullable property 'Root' must contain a non-null value when exiting constructor. Consider declaring the property as nullable. [/home/ubuntu/PROGRAMA-BETA/src/FiveMTool.csproj]
/home/ubuntu/PROGRAMA-BETA/src/External/CodeWalker.Core/GameFiles/RpfFile.cs(69,16): warning CS8618: Non-nullable property 'AllEntries' must contain a non-null value when exiting constructor. Consider declaring the property as nullable. [/home/ubuntu/PROGRAMA-BETA/src/FiveMTool.csproj]
/home/ubuntu/PROGRAMA-BETA/src/External/CodeWalker.Core/GameFiles/RpfFile.cs(69,16): warning CS8618: Non-nullable property 'Children' must contain a non-null value when exiting constructor. Consider declaring the property as nullable. [/home/ubuntu/PROGRAMA-BETA/src/FiveMTool.csproj]
/home/ubuntu/PROGRAMA-BETA/src/External/CodeWalker.Core/GameFiles/RpfFile.cs(69,16): warning CS8618: Non-nullable property 'Parent' must contain a non-null value when exiting constructor. Consider declaring the property as nullable. [/home/ubuntu/PROGRAMA-BETA/src/FiveMTool.csproj]
/home/ubuntu/PROGRAMA-BETA/src/External/CodeWalker.Core/GameFiles/RpfFile.cs(69,16): warning CS8618: Non-nullable property 'ParentFileEntry' must contain a non-null value when exiting constructor. Consider declaring the property as nullable. [/home/ubuntu/PROGRAMA-BETA/src/FiveMTool.csproj]
/home/ubuntu/PROGRAMA-BETA/src/External/CodeWalker.Core/GameFiles/RpfFile.cs(69,16): warning CS8618: Non-nullable property 'CurrentFileReader' must contain a non-null value when exiting constructor. Consider declaring the property as nullable. [/home/ubuntu/PROGRAMA-BETA/src/FiveMTool.csproj]
/home/ubuntu/PROGRAMA-BETA/src/External/CodeWalker.Core/GameFiles/RpfFile.cs(88,24): warning CS8603: Possible null reference return. [/home/ubuntu/PROGRAMA-BETA/src/FiveMTool.csproj]
/home/ubuntu/PROGRAMA-BETA/src/External/CodeWalker.Core/GameFiles/RpfFile.cs(107,24): warning CS8603: Possible null reference return. [/home/ubuntu/PROGRAMA-BETA/src/FiveMTool.csproj]
/home/ubuntu/PROGRAMA-BETA/src/External/CodeWalker.Core/GameFiles/FileTypes/MrfFile.cs(3384,16): warning CS8618: Non-nullable property 'Operators' must contain a non-null value when exiting constructor. Consider declaring the property as nullable. [/home/ubuntu/PROGRAMA-BETA/src/FiveMTool.csproj]
/home/ubuntu/PROGRAMA-BETA/src/External/CodeWalker.Core/GameFiles/FileTypes/MrfFile.cs(3275,16): warning CS8618: Non-nullable property 'Ranges' must contain a non-null value when exiting constructor. Consider declaring the property as nullable. [/home/ubuntu/PROGRAMA-BETA/src/FiveMTool.csproj]
/home/ubuntu/PROGRAMA-BETA/src/External/CodeWalker.Core/GameFiles/FileTypes/MrfFile.cs(717,34): warning CS8625: Cannot convert null literal to non-nullable reference type. [/home/ubuntu/PROGRAMA-BETA/src/FiveMTool.csproj]
/home/ubuntu/PROGRAMA-BETA/src/External/CodeWalker.Core/GameFiles/FileTypes/MrfFile.cs(3491,16): warning CS8618: Non-nullable property 'States' must contain a non-null value when exiting constructor. Consider declaring the property as nullable. [/home/ubuntu/PROGRAMA-BETA/src/FiveMTool.csproj]
/home/ubuntu/PROGRAMA-BETA/src/External/CodeWalker.Core/GameFiles/FileTypes/MrfFile.cs(3302,34): warning CS8602: Dereference of a possibly null reference. [/home/ubuntu/PROGRAMA-BETA/src/FiveMTool.csproj]
/home/ubuntu/PROGRAMA-BETA/src/External/CodeWalker.Core/GameFiles/FileTypes/MrfFile.cs(3441,25): warning CS8625: Cannot convert null literal to non-nullable reference type. [/home/ubuntu/PROGRAMA-BETA/src/FiveMTool.csproj]
/home/ubuntu/PROGRAMA-BETA/src/External/CodeWalker.Core/GameFiles/FileTypes/MrfFile.cs(797,44): warning CS8625: Cannot convert null literal to non-nullable reference type. [/home/ubuntu/PROGRAMA-BETA/src/FiveMTool.csproj]
/home/ubuntu/PROGRAMA-BETA/src/External/CodeWalker.Core/GameFiles/RpfFile.cs(231,21): warning CS8602: Dereference of a possibly null reference. [/home/ubuntu/PROGRAMA-BETA/src/FiveMTool.csproj]
/home/ubuntu/PROGRAMA-BETA/src/External/CodeWalker.Core/GameFiles/RpfFile.cs(256,49): warning CS8600: Converting null literal or possible null value to non-nullable type. [/home/ubuntu/PROGRAMA-BETA/src/FiveMTool.csproj]
/home/ubuntu/PROGRAMA-BETA/src/External/CodeWalker.Core/GameFiles/RpfFile.cs(257,25): warning CS8602: Dereference of a possibly null reference. [/home/ubuntu/PROGRAMA-BETA/src/FiveMTool.csproj]
/home/ubuntu/PROGRAMA-BETA/src/External/CodeWalker.Core/GameFiles/RpfFile.cs(263,44): warning CS8600: Converting null literal or possible null value to non-nullable type. [/home/ubuntu/PROGRAMA-BETA/src/FiveMTool.csproj]
/home/ubuntu/PROGRAMA-BETA/src/External/CodeWalker.Core/GameFiles/RpfFile.cs(264,25): warning CS8602: Dereference of a possibly null reference. [/home/ubuntu/PROGRAMA-BETA/src/FiveMTool.csproj]
/home/ubuntu/PROGRAMA-BETA/src/External/CodeWalker.Core/GameFiles/RpfFile.cs(272,33): warning CS8625: Cannot convert null literal to non-nullable reference type. [/home/ubuntu/PROGRAMA-BETA/src/FiveMTool.csproj]
/home/ubuntu/PROGRAMA-BETA/src/External/CodeWalker.Core/GameFiles/FileTypes/MrfFile.cs(3537,22): warning CS8625: Cannot convert null literal to non-nullable reference type. [/home/ubuntu/PROGRAMA-BETA/src/FiveMTool.csproj]
/home/ubuntu/PROGRAMA-BETA/src/External/CodeWalker.Core/GameFiles/FileTypes/MrfFile.cs(3558,27): warning CS8601: Possible null reference assignment. [/home/ubuntu/PROGRAMA-BETA/src/FiveMTool.csproj]
/home/ubuntu/PROGRAMA-BETA/src/External/CodeWalker.Core/GameFiles/FileTypes/MrfFile.cs(3562,49): warning CS8604: Possible null reference argument for parameter 'states' in 'void MrfNodeStateBase.ResolveXmlTargetStatesInTransitions(MrfStateRef[] states)'. [/home/ubuntu/PROGRAMA-BETA/src/FiveMTool.csproj]
/home/ubuntu/PROGRAMA-BETA/src/External/CodeWalker.Core/GameFiles/FileTypes/MrfFile.cs(3620,16): warning CS8618: Non-nullable property 'States' must contain a non-null value when exiting constructor. Consider declaring the property as nullable. [/home/ubuntu/PROGRAMA-BETA/src/FiveMTool.csproj]
/home/ubuntu/PROGRAMA-BETA/src/External/CodeWalker.Core/GameFiles/FileTypes/MrfFile.cs(3620,16): warning CS8618: Non-nullable property 'FallbackNode' must contain a non-null value when exiting constructor. Consider declaring the property as nullable. [/home/ubuntu/PROGRAMA-BETA/src/FiveMTool.csproj]
/home/ubuntu/PROGRAMA-BETA/src/External/CodeWalker.Core/GameFiles/FileTypes/MrfFile.cs(3753,16): warning CS8618: Non-nullable property 'AnimationUnkData' must contain a non-null value when exiting constructor. Consider declaring the property as nullable. [/home/ubuntu/PROGRAMA-BETA/src/FiveMTool.csproj]
/home/ubuntu/PROGRAMA-BETA/src/External/CodeWalker.Core/GameFiles/RpfFile.cs(316,55): warning CS8600: Converting null literal or possible null value to non-nullable type. [/home/ubuntu/PROGRAMA-BETA/src/FiveMTool.csproj]
/home/ubuntu/PROGRAMA-BETA/src/External/CodeWalker.Core/GameFiles/RpfFile.cs(318,37): warning CS8602: Dereference of a possibly null reference. [/home/ubuntu/PROGRAMA-BETA/src/FiveMTool.csproj]
/home/ubuntu/PROGRAMA-BETA/src/External/CodeWalker.Core/GameFiles/RpfFile.cs(329,55): warning CS8604: Possible null reference argument for parameter 'updateStatus' in 'void RpfFile.ScanStructure(BinaryReader br, Action<string> updateStatus, Action<string> errorLog)'. [/home/ubuntu/PROGRAMA-BETA/src/FiveMTool.csproj]
/home/ubuntu/PROGRAMA-BETA/src/External/CodeWalker.Core/GameFiles/RpfFile.cs(329,69): warning CS8604: Possible null reference argument for parameter 'errorLog' in 'void RpfFile.ScanStructure(BinaryReader br, Action<string> updateStatus, Action<string> errorLog)'. [/home/ubuntu/PROGRAMA-BETA/src/FiveMTool.csproj]
/home/ubuntu/PROGRAMA-BETA/src/External/CodeWalker.Core/GameFiles/FileTypes/MrfFile.cs(4169,16): warning CS8618: Non-nullable property 'MotionUnkData' must contain a non-null value when exiting constructor. Consider declaring the property as nullable. [/home/ubuntu/PROGRAMA-BETA/src/FiveMTool.csproj]
/home/ubuntu/PROGRAMA-BETA/src/External/CodeWalker.Core/GameFiles/FileTypes/MrfFile.cs(4169,16): warning CS8618: Non-nullable property 'Unk6' must contain a non-null value when exiting constructor. Consider declaring the property as nullable. [/home/ubuntu/PROGRAMA-BETA/src/FiveMTool.csproj]
/home/ubuntu/PROGRAMA-BETA/src/External/CodeWalker.Core/GameFiles/FileTypes/MrfFile.cs(3654,22): warning CS8625: Cannot convert null literal to non-nullable reference type. [/home/ubuntu/PROGRAMA-BETA/src/FiveMTool.csproj]
/home/ubuntu/PROGRAMA-BETA/src/External/CodeWalker.Core/GameFiles/FileTypes/MrfFile.cs(3675,27): warning CS8601: Possible null reference assignment. [/home/ubuntu/PROGRAMA-BETA/src/FiveMTool.csproj]
/home/ubuntu/PROGRAMA-BETA/src/External/CodeWalker.Core/GameFiles/FileTypes/MrfFile.cs(3678,49): warning CS8604: Possible null reference argument for parameter 'states' in 'void MrfNodeStateBase.ResolveXmlTargetStatesInTransitions(MrfStateRef[] states)'. [/home/ubuntu/PROGRAMA-BETA/src/FiveMTool.csproj]
/home/ubuntu/PROGRAMA-BETA/src/External/CodeWalker.Core/GameFiles/FileTypes/MrfFile.cs(3704,28): warning CS8601: Possible null reference assignment. [/home/ubuntu/PROGRAMA-BETA/src/FiveMTool.csproj]
/home/ubuntu/PROGRAMA-BETA/src/External/CodeWalker.Core/GameFiles/FileTypes/MrfFile.cs(3721,53): warning CS8625: Cannot convert null literal to non-nullable reference type. [/home/ubuntu/PROGRAMA-BETA/src/FiveMTool.csproj]
/home/ubuntu/PROGRAMA-BETA/src/External/CodeWalker.Core/GameFiles/RpfFile.cs(395,51): warning CS8600: Converting null literal or possible null value to non-nullable type. [/home/ubuntu/PROGRAMA-BETA/src/FiveMTool.csproj]
/home/ubuntu/PROGRAMA-BETA/src/External/CodeWalker.Core/GameFiles/RpfFile.cs(396,30): warning CS8602: Dereference of a possibly null reference. [/home/ubuntu/PROGRAMA-BETA/src/FiveMTool.csproj]
/home/ubuntu/PROGRAMA-BETA/src/External/CodeWalker.Core/GameFiles/RpfFile.cs(408,66): warning CS8604: Possible null reference argument for parameter 'updateStatus' in 'void RpfFile.ExtractScripts(BinaryReader br, string outputfolder, Action<string> updateStatus)'. [/home/ubuntu/PROGRAMA-BETA/src/FiveMTool.csproj]
/home/ubuntu/PROGRAMA-BETA/src/External/CodeWalker.Core/GameFiles/RpfFile.cs(415,53): warning CS8600: Converting null literal or possible null value to non-nullable type. [/home/ubuntu/PROGRAMA-BETA/src/FiveMTool.csproj]
/home/ubuntu/PROGRAMA-BETA/src/External/CodeWalker.Core/GameFiles/RpfFile.cs(417,36): warning CS8602: Dereference of a possibly null reference. [/home/ubuntu/PROGRAMA-BETA/src/FiveMTool.csproj]
/home/ubuntu/PROGRAMA-BETA/src/External/CodeWalker.Core/GameFiles/RpfFile.cs(510,50): warning CS8604: Possible null reference argument for parameter 'entry' in 'byte[] RpfFile.ExtractFileBinary(RpfBinaryFileEntry entry, BinaryReader br)'. [/home/ubuntu/PROGRAMA-BETA/src/FiveMTool.csproj]
/home/ubuntu/PROGRAMA-BETA/src/External/CodeWalker.Core/GameFiles/RpfFile.cs(514,52): warning CS8604: Possible null reference argument for parameter 'entry' in 'byte[] RpfFile.ExtractFileResource(RpfResourceFileEntry entry, BinaryReader br)'. [/home/ubuntu/PROGRAMA-BETA/src/FiveMTool.csproj]
/home/ubuntu/PROGRAMA-BETA/src/External/CodeWalker.Core/GameFiles/RpfFile.cs(518,32): warning CS8603: Possible null reference return. [/home/ubuntu/PROGRAMA-BETA/src/FiveMTool.csproj]
/home/ubuntu/PROGRAMA-BETA/src/External/CodeWalker.Core/GameFiles/RpfFile.cs(526,24): warning CS8603: Possible null reference return. [/home/ubuntu/PROGRAMA-BETA/src/FiveMTool.csproj]
/home/ubuntu/PROGRAMA-BETA/src/External/CodeWalker.Core/GameFiles/RpfFile.cs(574,20): warning CS8603: Possible null reference return. [/home/ubuntu/PROGRAMA-BETA/src/FiveMTool.csproj]
/home/ubuntu/PROGRAMA-BETA/src/External/CodeWalker.Core/GameFiles/FileTypes/MrfFile.cs(4361,16): warning CS8618: Non-nullable property 'Variables' must contain a non-null value when exiting constructor. Consider declaring the property as nullable. [/home/ubuntu/PROGRAMA-BETA/src/FiveMTool.csproj]
/home/ubuntu/PROGRAMA-BETA/src/External/CodeWalker.Core/GameFiles/RpfFile.cs(616,31): warning CS8600: Converting null literal or possible null value to non-nullable type. [/home/ubuntu/PROGRAMA-BETA/src/FiveMTool.csproj]
/home/ubuntu/PROGRAMA-BETA/src/External/CodeWalker.Core/GameFiles/RpfFile.cs(632,20): warning CS8603: Possible null reference return. [/home/ubuntu/PROGRAMA-BETA/src/FiveMTool.csproj]
/home/ubuntu/PROGRAMA-BETA/src/External/CodeWalker.Core/GameFiles/RpfFile.cs(637,22): warning CS8600: Converting null literal or possible null value to non-nullable type. [/home/ubuntu/PROGRAMA-BETA/src/FiveMTool.csproj]
/home/ubuntu/PROGRAMA-BETA/src/External/CodeWalker.Core/GameFiles/RpfFile.cs(638,27): warning CS8600: Converting null literal or possible null value to non-nullable type. [/home/ubuntu/PROGRAMA-BETA/src/FiveMTool.csproj]
/home/ubuntu/PROGRAMA-BETA/src/External/CodeWalker.Core/GameFiles/RpfFile.cs(639,34): warning CS8600: Converting null literal or possible null value to non-nullable type. [/home/ubuntu/PROGRAMA-BETA/src/FiveMTool.csproj]
/home/ubuntu/PROGRAMA-BETA/src/External/CodeWalker.Core/GameFiles/RpfFile.cs(647,33): warning CS8604: Possible null reference argument for parameter 'entry' in 'void PackedFile.Load(byte[] data, RpfFileEntry entry)'. [/home/ubuntu/PROGRAMA-BETA/src/FiveMTool.csproj]
/home/ubuntu/PROGRAMA-BETA/src/External/CodeWalker.Core/GameFiles/RpfFile.cs(649,20): warning CS8603: Possible null reference return. [/home/ubuntu/PROGRAMA-BETA/src/FiveMTool.csproj]
/home/ubuntu/PROGRAMA-BETA/src/External/CodeWalker.Core/GameFiles/RpfFile.cs(653,22): warning CS8600: Converting null literal or possible null value to non-nullable type. [/home/ubuntu/PROGRAMA-BETA/src/FiveMTool.csproj]
/home/ubuntu/PROGRAMA-BETA/src/External/CodeWalker.Core/GameFiles/RpfFile.cs(654,34): warning CS8600: Converting null literal or possible null value to non-nullable type. [/home/ubuntu/PROGRAMA-BETA/src/FiveMTool.csproj]
/home/ubuntu/PROGRAMA-BETA/src/External/CodeWalker.Core/GameFiles/RpfFile.cs(664,20): warning CS8603: Possible null reference return. [/home/ubuntu/PROGRAMA-BETA/src/FiveMTool.csproj]
/home/ubuntu/PROGRAMA-BETA/src/External/CodeWalker.Core/GameFiles/RpfFile.cs(671,22): warning CS8600: Converting null literal or possible null value to non-nullable type. [/home/ubuntu/PROGRAMA-BETA/src/FiveMTool.csproj]
/home/ubuntu/PROGRAMA-BETA/src/External/CodeWalker.Core/GameFiles/RpfFile.cs(679,20): warning CS8603: Possible null reference return. [/home/ubuntu/PROGRAMA-BETA/src/FiveMTool.csproj]
/home/ubuntu/PROGRAMA-BETA/src/External/CodeWalker.Core/GameFiles/RpfFile.cs(689,34): warning CS8600: Converting null literal or possible null value to non-nullable type. [/home/ubuntu/PROGRAMA-BETA/src/FiveMTool.csproj]
/home/ubuntu/PROGRAMA-BETA/src/External/CodeWalker.Core/GameFiles/RpfFile.cs(691,35): warning CS8602: Dereference of a possibly null reference. [/home/ubuntu/PROGRAMA-BETA/src/FiveMTool.csproj]
/home/ubuntu/PROGRAMA-BETA/src/External/CodeWalker.Core/GameFiles/FileTypes/MrfFile.cs(4471,25): warning CS8625: Cannot convert null literal to non-nullable reference type. [/home/ubuntu/PROGRAMA-BETA/src/FiveMTool.csproj]
/home/ubuntu/PROGRAMA-BETA/src/External/CodeWalker.Core/GameFiles/RpfFile.cs(764,45): warning CS8625: Cannot convert null literal to non-nullable reference type. [/home/ubuntu/PROGRAMA-BETA/src/FiveMTool.csproj]
/home/ubuntu/PROGRAMA-BETA/src/External/CodeWalker.Core/GameFiles/RpfFile.cs(769,67): warning CS8600: Converting null literal or possible null value to non-nullable type. [/home/ubuntu/PROGRAMA-BETA/src/FiveMTool.csproj]
/home/ubuntu/PROGRAMA-BETA/src/External/CodeWalker.Core/GameFiles/RpfFile.cs(770,69): warning CS8604: Possible null reference argument for parameter 'entry' in 'byte[] RpfFile.ExtractFileBinary(RpfBinaryFileEntry entry, BinaryReader br)'. [/home/ubuntu/PROGRAMA-BETA/src/FiveMTool.csproj]
/home/ubuntu/PROGRAMA-BETA/src/External/CodeWalker.Core/GameFiles/RpfFile.cs(796,69): warning CS8600: Converting null literal or possible null value to non-nullable type. [/home/ubuntu/PROGRAMA-BETA/src/FiveMTool.csproj]
/home/ubuntu/PROGRAMA-BETA/src/External/CodeWalker.Core/GameFiles/RpfFile.cs(797,71): warning CS8604: Possible null reference argument for parameter 'entry' in 'byte[] RpfFile.ExtractFileResource(RpfResourceFileEntry entry, BinaryReader br)'. [/home/ubuntu/PROGRAMA-BETA/src/FiveMTool.csproj]
/home/ubuntu/PROGRAMA-BETA/src/External/CodeWalker.Core/GameFiles/RpfFile.cs(839,24): warning CS8603: Possible null reference return. [/home/ubuntu/PROGRAMA-BETA/src/FiveMTool.csproj]
/home/ubuntu/PROGRAMA-BETA/src/External/CodeWalker.Core/GameFiles/FileTypes/MrfFile.cs(4847,16): warning CS8618: Non-nullable property 'InputParameters' must contain a non-null value when exiting constructor. Consider declaring the property as nullable. [/home/ubuntu/PROGRAMA-BETA/src/FiveMTool.csproj]
/home/ubuntu/PROGRAMA-BETA/src/External/CodeWalker.Core/GameFiles/FileTypes/MrfFile.cs(4847,16): warning CS8618: Non-nullable property 'Events' must contain a non-null value when exiting constructor. Consider declaring the property as nullable. [/home/ubuntu/PROGRAMA-BETA/src/FiveMTool.csproj]
/home/ubuntu/PROGRAMA-BETA/src/External/CodeWalker.Core/GameFiles/FileTypes/MrfFile.cs(4847,16): warning CS8618: Non-nullable property 'OutputParameters' must contain a non-null value when exiting constructor. Consider declaring the property as nullable. [/home/ubuntu/PROGRAMA-BETA/src/FiveMTool.csproj]
/home/ubuntu/PROGRAMA-BETA/src/External/CodeWalker.Core/GameFiles/FileTypes/MrfFile.cs(4847,16): warning CS8618: Non-nullable property 'Operations' must contain a non-null value when exiting constructor. Consider declaring the property as nullable. [/home/ubuntu/PROGRAMA-BETA/src/FiveMTool.csproj]
/home/ubuntu/PROGRAMA-BETA/src/External/CodeWalker.Core/GameFiles/RpfFile.cs(883,37): warning CS8603: Possible null reference return. [/home/ubuntu/PROGRAMA-BETA/src/FiveMTool.csproj]
/home/ubuntu/PROGRAMA-BETA/src/External/CodeWalker.Core/GameFiles/RpfFile.cs(884,49): warning CS8603: Possible null reference return. [/home/ubuntu/PROGRAMA-BETA/src/FiveMTool.csproj]
/home/ubuntu/PROGRAMA-BETA/src/External/CodeWalker.Core/GameFiles/RpfFile.cs(893,20): warning CS8603: Possible null reference return. [/home/ubuntu/PROGRAMA-BETA/src/FiveMTool.csproj]
/home/ubuntu/PROGRAMA-BETA/src/External/CodeWalker.Core/GameFiles/FileTypes/MrfFile.cs(5125,16): warning CS8618: Non-nullable property 'InitialParameters' must contain a non-null value when exiting constructor. Consider declaring the property as nullable. [/home/ubuntu/PROGRAMA-BETA/src/FiveMTool.csproj]
/home/ubuntu/PROGRAMA-BETA/src/External/CodeWalker.Core/GameFiles/FileTypes/MrfFile.cs(5125,16): warning CS8618: Non-nullable property 'ImportedParameters' must contain a non-null value when exiting constructor. Consider declaring the property as nullable. [/home/ubuntu/PROGRAMA-BETA/src/FiveMTool.csproj]
/home/ubuntu/PROGRAMA-BETA/src/External/CodeWalker.Core/GameFiles/FileTypes/MrfFile.cs(5125,16): warning CS8618: Non-nullable property 'MoveNetworkFlags' must contain a non-null value when exiting constructor. Consider declaring the property as nullable. [/home/ubuntu/PROGRAMA-BETA/src/FiveMTool.csproj]
/home/ubuntu/PROGRAMA-BETA/src/External/CodeWalker.Core/GameFiles/FileTypes/MrfFile.cs(5125,16): warning CS8618: Non-nullable property 'MoveNetworkTriggers' must contain a non-null value when exiting constructor. Consider declaring the property as nullable. [/home/ubuntu/PROGRAMA-BETA/src/FiveMTool.csproj]
/home/ubuntu/PROGRAMA-BETA/src/External/CodeWalker.Core/GameFiles/RpfFile.cs(926,24): warning CS8603: Possible null reference return. [/home/ubuntu/PROGRAMA-BETA/src/FiveMTool.csproj]
/home/ubuntu/PROGRAMA-BETA/src/External/CodeWalker.Core/GameFiles/RpfFile.cs(965,29): warning CS8625: Cannot convert null literal to non-nullable reference type. [/home/ubuntu/PROGRAMA-BETA/src/FiveMTool.csproj]
/home/ubuntu/PROGRAMA-BETA/src/External/CodeWalker.Core/GameFiles/FileTypes/MrfFile.cs(5467,25): warning CS8604: Possible null reference argument for parameter 'node' in 'void MrfFile.ReadXml(XmlNode node)'. [/home/ubuntu/PROGRAMA-BETA/src/FiveMTool.csproj]
/home/ubuntu/PROGRAMA-BETA/src/External/CodeWalker.Core/GameFiles/FileTypes/PedFile.cs(30,33): warning CS8625: Cannot convert null literal to non-nullable reference type. [/home/ubuntu/PROGRAMA-BETA/src/FiveMTool.csproj]
/home/ubuntu/PROGRAMA-BETA/src/External/CodeWalker.Core/GameFiles/FileTypes/PedFile.cs(30,16): warning CS8618: Non-nullable property 'Meta' must contain a non-null value when exiting constructor. Consider declaring the property as nullable. [/home/ubuntu/PROGRAMA-BETA/src/FiveMTool.csproj]
/home/ubuntu/PROGRAMA-BETA/src/External/CodeWalker.Core/GameFiles/FileTypes/PedFile.cs(30,16): warning CS8618: Non-nullable property 'Pso' must contain a non-null value when exiting constructor. Consider declaring the property as nullable. [/home/ubuntu/PROGRAMA-BETA/src/FiveMTool.csproj]
/home/ubuntu/PROGRAMA-BETA/src/External/CodeWalker.Core/GameFiles/FileTypes/PedFile.cs(30,16): warning CS8618: Non-nullable property 'Rbf' must contain a non-null value when exiting constructor. Consider declaring the property as nullable. [/home/ubuntu/PROGRAMA-BETA/src/FiveMTool.csproj]
/home/ubuntu/PROGRAMA-BETA/src/External/CodeWalker.Core/GameFiles/FileTypes/PedFile.cs(30,16): warning CS8618: Non-nullable property 'Xml' must contain a non-null value when exiting constructor. Consider declaring the property as nullable. [/home/ubuntu/PROGRAMA-BETA/src/FiveMTool.csproj]
/home/ubuntu/PROGRAMA-BETA/src/External/CodeWalker.Core/GameFiles/FileTypes/PedFile.cs(30,16): warning CS8618: Non-nullable property 'VariationInfo' must contain a non-null value when exiting constructor. Consider declaring the property as nullable. [/home/ubuntu/PROGRAMA-BETA/src/FiveMTool.csproj]
/home/ubuntu/PROGRAMA-BETA/src/External/CodeWalker.Core/GameFiles/FileTypes/PedFile.cs(30,16): warning CS8618: Non-nullable property 'Strings' must contain a non-null value when exiting constructor. Consider declaring the property as nullable. [/home/ubuntu/PROGRAMA-BETA/src/FiveMTool.csproj]
/home/ubuntu/PROGRAMA-BETA/src/External/CodeWalker.Core/GameFiles/FileTypes/MrfFile.cs(5210,39): warning CS8602: Dereference of a possibly null reference. [/home/ubuntu/PROGRAMA-BETA/src/FiveMTool.csproj]
/home/ubuntu/PROGRAMA-BETA/src/External/CodeWalker.Core/GameFiles/FileTypes/MrfFile.cs(5219,39): warning CS8602: Dereference of a possibly null reference. [/home/ubuntu/PROGRAMA-BETA/src/FiveMTool.csproj]
/home/ubuntu/PROGRAMA-BETA/src/External/CodeWalker.Core/GameFiles/FileTypes/MrfFile.cs(5228,39): warning CS8602: Dereference of a possibly null reference. [/home/ubuntu/PROGRAMA-BETA/src/FiveMTool.csproj]
/home/ubuntu/PROGRAMA-BETA/src/External/CodeWalker.Core/GameFiles/FileTypes/MrfFile.cs(5238,39): warning CS8602: Dereference of a possibly null reference. [/home/ubuntu/PROGRAMA-BETA/src/FiveMTool.csproj]
/home/ubuntu/PROGRAMA-BETA/src/External/CodeWalker.Core/GameFiles/FileTypes/MrfFile.cs(5473,29): warning CS8604: Possible null reference argument for parameter 'node' in 'MrfNode XmlMrf.ReadNode(XmlNode node)'. [/home/ubuntu/PROGRAMA-BETA/src/FiveMTool.csproj]
/home/ubuntu/PROGRAMA-BETA/src/External/CodeWalker.Core/GameFiles/FileTypes/PedFile.cs(32,16): warning CS8618: Non-nullable property 'Meta' must contain a non-null value when exiting constructor. Consider declaring the property as nullable. [/home/ubuntu/PROGRAMA-BETA/src/FiveMTool.csproj]
/home/ubuntu/PROGRAMA-BETA/src/External/CodeWalker.Core/GameFiles/FileTypes/PedFile.cs(32,16): warning CS8618: Non-nullable property 'Pso' must contain a non-null value when exiting constructor. Consider declaring the property as nullable. [/home/ubuntu/PROGRAMA-BETA/src/FiveMTool.csproj]
/home/ubuntu/PROGRAMA-BETA/src/External/CodeWalker.Core/GameFiles/FileTypes/PedFile.cs(32,16): warning CS8618: Non-nullable property 'Rbf' must contain a non-null value when exiting constructor. Consider declaring the property as nullable. [/home/ubuntu/PROGRAMA-BETA/src/FiveMTool.csproj]
/home/ubuntu/PROGRAMA-BETA/src/External/CodeWalker.Core/GameFiles/FileTypes/PedFile.cs(32,16): warning CS8618: Non-nullable property 'Xml' must contain a non-null value when exiting constructor. Consider declaring the property as nullable. [/home/ubuntu/PROGRAMA-BETA/src/FiveMTool.csproj]
/home/ubuntu/PROGRAMA-BETA/src/External/CodeWalker.Core/GameFiles/FileTypes/PedFile.cs(32,16): warning CS8618: Non-nullable property 'VariationInfo' must contain a non-null value when exiting constructor. Consider declaring the property as nullable. [/home/ubuntu/PROGRAMA-BETA/src/FiveMTool.csproj]
/home/ubuntu/PROGRAMA-BETA/src/External/CodeWalker.Core/GameFiles/FileTypes/PedFile.cs(32,16): warning CS8618: Non-nullable property 'Strings' must contain a non-null value when exiting constructor. Consider declaring the property as nullable. [/home/ubuntu/PROGRAMA-BETA/src/FiveMTool.csproj]
/home/ubuntu/PROGRAMA-BETA/src/External/CodeWalker.Core/GameFiles/FileTypes/MrfFile.cs(5484,20): warning CS8603: Possible null reference return. [/home/ubuntu/PROGRAMA-BETA/src/FiveMTool.csproj]
/home/ubuntu/PROGRAMA-BETA/src/External/CodeWalker.Core/GameFiles/FileTypes/PedFile.cs(42,45): warning CS8600: Converting null literal or possible null value to non-nullable type. [/home/ubuntu/PROGRAMA-BETA/src/FiveMTool.csproj]
/home/ubuntu/PROGRAMA-BETA/src/External/CodeWalker.Core/GameFiles/FileTypes/MrfFile.cs(5488,32): warning CS8604: Possible null reference argument for parameter 'node' in 'MetaHash XmlMrf.ReadNodeRef(XmlNode node)'. [/home/ubuntu/PROGRAMA-BETA/src/FiveMTool.csproj]
/home/ubuntu/PROGRAMA-BETA/src/External/CodeWalker.Core/GameFiles/RpfFile.cs(1057,45): warning CS8600: Converting null literal or possible null value to non-nullable type. [/home/ubuntu/PROGRAMA-BETA/src/FiveMTool.csproj]
/home/ubuntu/PROGRAMA-BETA/src/External/CodeWalker.Core/GameFiles/FileTypes/MrfFile.cs(5504,20): warning CS8603: Possible null reference return. [/home/ubuntu/PROGRAMA-BETA/src/FiveMTool.csproj]
/home/ubuntu/PROGRAMA-BETA/src/External/CodeWalker.Core/GameFiles/FileTypes/MrfFile.cs(5515,20): warning CS8603: Possible null reference return. [/home/ubuntu/PROGRAMA-BETA/src/FiveMTool.csproj]
/home/ubuntu/PROGRAMA-BETA/src/External/CodeWalker.Core/GameFiles/FileTypes/PedsFile.cs(23,34): warning CS8625: Cannot convert null literal to non-nullable reference type. [/home/ubuntu/PROGRAMA-BETA/src/FiveMTool.csproj]
/home/ubuntu/PROGRAMA-BETA/src/External/CodeWalker.Core/GameFiles/FileTypes/PedsFile.cs(23,16): warning CS8618: Non-nullable property 'Pso' must contain a non-null value when exiting constructor. Consider declaring the property as nullable. [/home/ubuntu/PROGRAMA-BETA/src/FiveMTool.csproj]
/home/ubuntu/PROGRAMA-BETA/src/External/CodeWalker.Core/GameFiles/FileTypes/PedsFile.cs(23,16): warning CS8618: Non-nullable property 'Xml' must contain a non-null value when exiting constructor. Consider declaring the property as nullable. [/home/ubuntu/PROGRAMA-BETA/src/FiveMTool.csproj]
/home/ubuntu/PROGRAMA-BETA/src/External/CodeWalker.Core/GameFiles/FileTypes/PedsFile.cs(23,16): warning CS8618: Non-nullable property 'InitDataList' must contain a non-null value when exiting constructor. Consider declaring the property as nullable. [/home/ubuntu/PROGRAMA-BETA/src/FiveMTool.csproj]
/home/ubuntu/PROGRAMA-BETA/src/External/CodeWalker.Core/GameFiles/FileTypes/PedsFile.cs(25,16): warning CS8618: Non-nullable property 'Pso' must contain a non-null value when exiting constructor. Consider declaring the property as nullable. [/home/ubuntu/PROGRAMA-BETA/src/FiveMTool.csproj]
/home/ubuntu/PROGRAMA-BETA/src/External/CodeWalker.Core/GameFiles/FileTypes/PedsFile.cs(25,16): warning CS8618: Non-nullable property 'Xml' must contain a non-null value when exiting constructor. Consider declaring the property as nullable. [/home/ubuntu/PROGRAMA-BETA/src/FiveMTool.csproj]
/home/ubuntu/PROGRAMA-BETA/src/External/CodeWalker.Core/GameFiles/FileTypes/PedsFile.cs(25,16): warning CS8618: Non-nullable property 'InitDataList' must contain a non-null value when exiting constructor. Consider declaring the property as nullable. [/home/ubuntu/PROGRAMA-BETA/src/FiveMTool.csproj]
/home/ubuntu/PROGRAMA-BETA/src/External/CodeWalker.Core/GameFiles/FileTypes/MrfFile.cs(5525,27): warning CS8602: Dereference of a possibly null reference. [/home/ubuntu/PROGRAMA-BETA/src/FiveMTool.csproj]
/home/ubuntu/PROGRAMA-BETA/src/External/CodeWalker.Core/GameFiles/FileTypes/MrfFile.cs(5530,32): warning CS8602: Dereference of a possibly null reference. [/home/ubuntu/PROGRAMA-BETA/src/FiveMTool.csproj]
/home/ubuntu/PROGRAMA-BETA/src/External/CodeWalker.Core/GameFiles/FileTypes/MrfFile.cs(5546,27): warning CS8602: Dereference of a possibly null reference. [/home/ubuntu/PROGRAMA-BETA/src/FiveMTool.csproj]
/home/ubuntu/PROGRAMA-BETA/src/External/CodeWalker.Core/GameFiles/FileTypes/MrfFile.cs(5551,32): warning CS8602: Dereference of a possibly null reference. [/home/ubuntu/PROGRAMA-BETA/src/FiveMTool.csproj]
/home/ubuntu/PROGRAMA-BETA/src/External/CodeWalker.Core/GameFiles/RpfFile.cs(1138,38): warning CS8600: Converting null literal or possible null value to non-nullable type. [/home/ubuntu/PROGRAMA-BETA/src/FiveMTool.csproj]
/home/ubuntu/PROGRAMA-BETA/src/External/CodeWalker.Core/GameFiles/RpfFile.cs(1141,35): warning CS8600: Converting null literal or possible null value to non-nullable type. [/home/ubuntu/PROGRAMA-BETA/src/FiveMTool.csproj]
/home/ubuntu/PROGRAMA-BETA/src/External/CodeWalker.Core/GameFiles/RpfFile.cs(1150,20): warning CS8603: Possible null reference return. [/home/ubuntu/PROGRAMA-BETA/src/FiveMTool.csproj]
/home/ubuntu/PROGRAMA-BETA/src/External/CodeWalker.Core/GameFiles/FileTypes/PedsFile.cs(93,21): warning CS8600: Converting null literal or possible null value to non-nullable type. [/home/ubuntu/PROGRAMA-BETA/src/FiveMTool.csproj]
/home/ubuntu/PROGRAMA-BETA/src/External/CodeWalker.Core/GameFiles/FileTypes/PedsFile.cs(99,40): warning CS8602: Dereference of a possibly null reference. [/home/ubuntu/PROGRAMA-BETA/src/FiveMTool.csproj]
/home/ubuntu/PROGRAMA-BETA/src/External/CodeWalker.Core/GameFiles/FileTypes/PedsFile.cs(102,21): warning CS8600: Converting null literal or possible null value to non-nullable type. [/home/ubuntu/PROGRAMA-BETA/src/FiveMTool.csproj]
/home/ubuntu/PROGRAMA-BETA/src/External/CodeWalker.Core/GameFiles/FileTypes/PedsFile.cs(108,64): warning CS8604: Possible null reference argument for parameter 'node' in 'CPedModelInfo__InitData.CPedModelInfo__InitData(XmlNode node)'. [/home/ubuntu/PROGRAMA-BETA/src/FiveMTool.csproj]
/home/ubuntu/PROGRAMA-BETA/src/External/CodeWalker.Core/GameFiles/FileTypes/PedsFile.cs(111,21): warning CS8600: Converting null literal or possible null value to non-nullable type. [/home/ubuntu/PROGRAMA-BETA/src/FiveMTool.csproj]
/home/ubuntu/PROGRAMA-BETA/src/External/CodeWalker.Core/GameFiles/FileTypes/PedsFile.cs(117,64): warning CS8604: Possible null reference argument for parameter 'node' in 'CTxdRelationship.CTxdRelationship(XmlNode node)'. [/home/ubuntu/PROGRAMA-BETA/src/FiveMTool.csproj]
/home/ubuntu/PROGRAMA-BETA/src/External/CodeWalker.Core/GameFiles/FileTypes/PedsFile.cs(120,21): warning CS8600: Converting null literal or possible null value to non-nullable type. [/home/ubuntu/PROGRAMA-BETA/src/FiveMTool.csproj]
/home/ubuntu/PROGRAMA-BETA/src/External/CodeWalker.Core/GameFiles/FileTypes/PedsFile.cs(126,74): warning CS8604: Possible null reference argument for parameter 'node' in 'CMultiTxdRelationship.CMultiTxdRelationship(XmlNode node)'. [/home/ubuntu/PROGRAMA-BETA/src/FiveMTool.csproj]
/home/ubuntu/PROGRAMA-BETA/src/External/CodeWalker.Core/GameFiles/FileTypes/PedsFile.cs(87,16): warning CS8618: Non-nullable property 'residentAnims' must contain a non-null value when exiting constructor. Consider declaring the property as nullable. [/home/ubuntu/PROGRAMA-BETA/src/FiveMTool.csproj]
/home/ubuntu/PROGRAMA-BETA/src/External/CodeWalker.Core/GameFiles/FileTypes/PedsFile.cs(87,16): warning CS8618: Non-nullable property 'InitDatas' must contain a non-null value when exiting constructor. Consider declaring the property as nullable. [/home/ubuntu/PROGRAMA-BETA/src/FiveMTool.csproj]
/home/ubuntu/PROGRAMA-BETA/src/External/CodeWalker.Core/GameFiles/FileTypes/PedsFile.cs(87,16): warning CS8618: Non-nullable property 'txdRelationships' must contain a non-null value when exiting constructor. Consider declaring the property as nullable. [/home/ubuntu/PROGRAMA-BETA/src/FiveMTool.csproj]
/home/ubuntu/PROGRAMA-BETA/src/External/CodeWalker.Core/GameFiles/FileTypes/PedsFile.cs(87,16): warning CS8618: Non-nullable property 'multiTxdRelationships' must contain a non-null value when exiting constructor. Consider declaring the property as nullable. [/home/ubuntu/PROGRAMA-BETA/src/FiveMTool.csproj]
/home/ubuntu/PROGRAMA-BETA/src/External/CodeWalker.Core/GameFiles/FileTypes/MrfFile.cs(5576,32): warning CS8602: Dereference of a possibly null reference. [/home/ubuntu/PROGRAMA-BETA/src/FiveMTool.csproj]
/home/ubuntu/PROGRAMA-BETA/src/External/CodeWalker.Core/GameFiles/RpfFile.cs(1163,36): warning CS8600: Converting null literal or possible null value to non-nullable type. [/home/ubuntu/PROGRAMA-BETA/src/FiveMTool.csproj]
/home/ubuntu/PROGRAMA-BETA/src/External/CodeWalker.Core/GameFiles/FileTypes/MrfFile.cs(5604,32): warning CS8602: Dereference of a possibly null reference. [/home/ubuntu/PROGRAMA-BETA/src/FiveMTool.csproj]
/home/ubuntu/PROGRAMA-BETA/src/External/CodeWalker.Core/GameFiles/FileTypes/PedsFile.cs(329,35): warning CS8602: Dereference of a possibly null reference. [/home/ubuntu/PROGRAMA-BETA/src/FiveMTool.csproj]
/home/ubuntu/PROGRAMA-BETA/src/External/CodeWalker.Core/GameFiles/FileTypes/PedsFile.cs(320,16): warning CS8618: Non-nullable property 'children' must contain a non-null value when exiting constructor. Consider declaring the property as nullable. [/home/ubuntu/PROGRAMA-BETA/src/FiveMTool.csproj]
/home/ubuntu/PROGRAMA-BETA/src/External/CodeWalker.Core/GameFiles/RpfFile.cs(1208,34): warning CS8600: Converting null literal or possible null value to non-nullable type. [/home/ubuntu/PROGRAMA-BETA/src/FiveMTool.csproj]
/home/ubuntu/PROGRAMA-BETA/src/External/CodeWalker.Core/GameFiles/FileTypes/RelFile.cs(95,44): warning CS8625: Cannot convert null literal to non-nullable reference type. [/home/ubuntu/PROGRAMA-BETA/src/FiveMTool.csproj]
/home/ubuntu/PROGRAMA-BETA/src/External/CodeWalker.Core/GameFiles/FileTypes/RelFile.cs(98,33): warning CS8625: Cannot convert null literal to non-nullable reference type. [/home/ubuntu/PROGRAMA-BETA/src/FiveMTool.csproj]
/home/ubuntu/PROGRAMA-BETA/src/External/CodeWalker.Core/GameFiles/FileTypes/RelFile.cs(98,16): warning CS8618: Non-nullable property 'RawFileData' must contain a non-null value when exiting constructor. Consider declaring the property as nullable. [/home/ubuntu/PROGRAMA-BETA/src/FiveMTool.csproj]
/home/ubuntu/PROGRAMA-BETA/src/External/CodeWalker.Core/GameFiles/FileTypes/RelFile.cs(98,16): warning CS8618: Non-nullable property 'DataBlock' must contain a non-null value when exiting constructor. Consider declaring the property as nullable. [/home/ubuntu/PROGRAMA-BETA/src/FiveMTool.csproj]
/home/ubuntu/PROGRAMA-BETA/src/External/CodeWalker.Core/GameFiles/FileTypes/RelFile.cs(98,16): warning CS8618: Non-nullable property 'NameTableOffsets' must contain a non-null value when exiting constructor. Consider declaring the property as nullable. [/home/ubuntu/PROGRAMA-BETA/src/FiveMTool.csproj]
/home/ubuntu/PROGRAMA-BETA/src/External/CodeWalker.Core/GameFiles/FileTypes/RelFile.cs(98,16): warning CS8618: Non-nullable property 'NameTable' must contain a non-null value when exiting constructor. Consider declaring the property as nullable. [/home/ubuntu/PROGRAMA-BETA/src/FiveMTool.csproj]
/home/ubuntu/PROGRAMA-BETA/src/External/CodeWalker.Core/GameFiles/FileTypes/RelFile.cs(98,16): warning CS8618: Non-nullable property 'IndexHashes' must contain a non-null value when exiting constructor. Consider declaring the property as nullable. [/home/ubuntu/PROGRAMA-BETA/src/FiveMTool.csproj]
/home/ubuntu/PROGRAMA-BETA/src/External/CodeWalker.Core/GameFiles/FileTypes/RelFile.cs(98,16): warning CS8618: Non-nullable property 'IndexStrings' must contain a non-null value when exiting constructor. Consider declaring the property as nullable. [/home/ubuntu/PROGRAMA-BETA/src/FiveMTool.csproj]
/home/ubuntu/PROGRAMA-BETA/src/External/CodeWalker.Core/GameFiles/FileTypes/RelFile.cs(98,16): warning CS8618: Non-nullable property 'HashTableOffsets' must contain a non-null value when exiting constructor. Consider declaring the property as nullable. [/home/ubuntu/PROGRAMA-BETA/src/FiveMTool.csproj]
/home/ubuntu/PROGRAMA-BETA/src/External/CodeWalker.Core/GameFiles/FileTypes/RelFile.cs(98,16): warning CS8618: Non-nullable property 'HashTable' must contain a non-null value when exiting constructor. Consider declaring the property as nullable. [/home/ubuntu/PROGRAMA-BETA/src/FiveMTool.csproj]
/home/ubuntu/PROGRAMA-BETA/src/External/CodeWalker.Core/GameFiles/FileTypes/RelFile.cs(98,16): warning CS8618: Non-nullable property 'PackTableOffsets' must contain a non-null value when exiting constructor. Consider declaring the property as nullable. [/home/ubuntu/PROGRAMA-BETA/src/FiveMTool.csproj]
/home/ubuntu/PROGRAMA-BETA/src/External/CodeWalker.Core/GameFiles/FileTypes/RelFile.cs(98,16): warning CS8618: Non-nullable property 'PackTable' must contain a non-null value when exiting constructor. Consider declaring the property as nullable. [/home/ubuntu/PROGRAMA-BETA/src/FiveMTool.csproj]
/home/ubuntu/PROGRAMA-BETA/src/External/CodeWalker.Core/GameFiles/FileTypes/RelFile.cs(98,16): warning CS8618: Non-nullable property 'RelDatas' must contain a non-null value when exiting constructor. Consider declaring the property as nullable. [/home/ubuntu/PROGRAMA-BETA/src/FiveMTool.csproj]
/home/ubuntu/PROGRAMA-BETA/src/External/CodeWalker.Core/GameFiles/FileTypes/RelFile.cs(98,16): warning CS8618: Non-nullable property 'RelDatasSorted' must contain a non-null value when exiting constructor. Consider declaring the property as nullable. [/home/ubuntu/PROGRAMA-BETA/src/FiveMTool.csproj]
/home/ubuntu/PROGRAMA-BETA/src/External/CodeWalker.Core/GameFiles/FileTypes/RelFile.cs(1678,16): warning CS8618: Non-nullable property 'Name' must contain a non-null value when exiting constructor. Consider declaring the property as nullable. [/home/ubuntu/PROGRAMA-BETA/src/FiveMTool.csproj]
/home/ubuntu/PROGRAMA-BETA/src/External/CodeWalker.Core/GameFiles/FileTypes/RelFile.cs(1678,16): warning CS8618: Non-nullable property 'Data' must contain a non-null value when exiting constructor. Consider declaring the property as nullable. [/home/ubuntu/PROGRAMA-BETA/src/FiveMTool.csproj]
/home/ubuntu/PROGRAMA-BETA/src/External/CodeWalker.Core/GameFiles/FileTypes/RelFile.cs(101,16): warning CS8618: Non-nullable property 'RawFileData' must contain a non-null value when exiting constructor. Consider declaring the property as nullable. [/home/ubuntu/PROGRAMA-BETA/src/FiveMTool.csproj]
/home/ubuntu/PROGRAMA-BETA/src/External/CodeWalker.Core/GameFiles/FileTypes/RelFile.cs(101,16): warning CS8618: Non-nullable property 'DataBlock' must contain a non-null value when exiting constructor. Consider declaring the property as nullable. [/home/ubuntu/PROGRAMA-BETA/src/FiveMTool.csproj]
/home/ubuntu/PROGRAMA-BETA/src/External/CodeWalker.Core/GameFiles/FileTypes/RelFile.cs(101,16): warning CS8618: Non-nullable property 'NameTableOffsets' must contain a non-null value when exiting constructor. Consider declaring the property as nullable. [/home/ubuntu/PROGRAMA-BETA/src/FiveMTool.csproj]
/home/ubuntu/PROGRAMA-BETA/src/External/CodeWalker.Core/GameFiles/FileTypes/RelFile.cs(101,16): warning CS8618: Non-nullable property 'NameTable' must contain a non-null value when exiting constructor. Consider declaring the property as nullable. [/home/ubuntu/PROGRAMA-BETA/src/FiveMTool.csproj]
/home/ubuntu/PROGRAMA-BETA/src/External/CodeWalker.Core/GameFiles/FileTypes/RelFile.cs(101,16): warning CS8618: Non-nullable property 'IndexHashes' must contain a non-null value when exiting constructor. Consider declaring the property as nullable. [/home/ubuntu/PROGRAMA-BETA/src/FiveMTool.csproj]
/home/ubuntu/PROGRAMA-BETA/src/External/CodeWalker.Core/GameFiles/FileTypes/RelFile.cs(101,16): warning CS8618: Non-nullable property 'IndexStrings' must contain a non-null value when exiting constructor. Consider declaring the property as nullable. [/home/ubuntu/PROGRAMA-BETA/src/FiveMTool.csproj]
/home/ubuntu/PROGRAMA-BETA/src/External/CodeWalker.Core/GameFiles/FileTypes/RelFile.cs(101,16): warning CS8618: Non-nullable property 'HashTableOffsets' must contain a non-null value when exiting constructor. Consider declaring the property as nullable. [/home/ubuntu/PROGRAMA-BETA/src/FiveMTool.csproj]
/home/ubuntu/PROGRAMA-BETA/src/External/CodeWalker.Core/GameFiles/FileTypes/RelFile.cs(101,16): warning CS8618: Non-nullable property 'HashTable' must contain a non-null value when exiting constructor. Consider declaring the property as nullable. [/home/ubuntu/PROGRAMA-BETA/src/FiveMTool.csproj]
/home/ubuntu/PROGRAMA-BETA/src/External/CodeWalker.Core/GameFiles/FileTypes/RelFile.cs(101,16): warning CS8618: Non-nullable property 'PackTableOffsets' must contain a non-null value when exiting constructor. Consider declaring the property as nullable. [/home/ubuntu/PROGRAMA-BETA/src/FiveMTool.csproj]
/home/ubuntu/PROGRAMA-BETA/src/External/CodeWalker.Core/GameFiles/FileTypes/RelFile.cs(101,16): warning CS8618: Non-nullable property 'PackTable' must contain a non-null value when exiting constructor. Consider declaring the property as nullable. [/home/ubuntu/PROGRAMA-BETA/src/FiveMTool.csproj]
/home/ubuntu/PROGRAMA-BETA/src/External/CodeWalker.Core/GameFiles/FileTypes/RelFile.cs(101,16): warning CS8618: Non-nullable property 'RelDatas' must contain a non-null value when exiting constructor. Consider declaring the property as nullable. [/home/ubuntu/PROGRAMA-BETA/src/FiveMTool.csproj]
/home/ubuntu/PROGRAMA-BETA/src/External/CodeWalker.Core/GameFiles/FileTypes/RelFile.cs(101,16): warning CS8618: Non-nullable property 'RelDatasSorted' must contain a non-null value when exiting constructor. Consider declaring the property as nullable. [/home/ubuntu/PROGRAMA-BETA/src/FiveMTool.csproj]
/home/ubuntu/PROGRAMA-BETA/src/External/CodeWalker.Core/GameFiles/FileTypes/RelFile.cs(2115,16): warning CS8618: Non-nullable property 'Header' must contain a non-null value when exiting constructor. Consider declaring the property as nullable. [/home/ubuntu/PROGRAMA-BETA/src/FiveMTool.csproj]
/home/ubuntu/PROGRAMA-BETA/src/External/CodeWalker.Core/GameFiles/FileTypes/RelFile.cs(2115,16): warning CS8618: Non-nullable property 'ChildSounds' must contain a non-null value when exiting constructor. Consider declaring the property as nullable. [/home/ubuntu/PROGRAMA-BETA/src/FiveMTool.csproj]
/home/ubuntu/PROGRAMA-BETA/src/External/CodeWalker.Core/GameFiles/FileTypes/RelFile.cs(2115,16): warning CS8618: Non-nullable property 'ChildSoundsHashes' must contain a non-null value when exiting constructor. Consider declaring the property as nullable. [/home/ubuntu/PROGRAMA-BETA/src/FiveMTool.csproj]
/home/ubuntu/PROGRAMA-BETA/src/External/CodeWalker.Core/GameFiles/FileTypes/RelFile.cs(2115,16): warning CS8618: Non-nullable property 'AudioContainers' must contain a non-null value when exiting constructor. Consider declaring the property as nullable. [/home/ubuntu/PROGRAMA-BETA/src/FiveMTool.csproj]
/home/ubuntu/PROGRAMA-BETA/src/External/CodeWalker.Core/GameFiles/FileTypes/RelFile.cs(2118,16): warning CS8618: Non-nullable property 'ChildSounds' must contain a non-null value when exiting constructor. Consider declaring the property as nullable. [/home/ubuntu/PROGRAMA-BETA/src/FiveMTool.csproj]
/home/ubuntu/PROGRAMA-BETA/src/External/CodeWalker.Core/GameFiles/FileTypes/RelFile.cs(2118,16): warning CS8618: Non-nullable property 'ChildSoundsHashes' must contain a non-null value when exiting constructor. Consider declaring the property as nullable. [/home/ubuntu/PROGRAMA-BETA/src/FiveMTool.csproj]
/home/ubuntu/PROGRAMA-BETA/src/External/CodeWalker.Core/GameFiles/FileTypes/RelFile.cs(2118,16): warning CS8618: Non-nullable property 'AudioContainers' must contain a non-null value when exiting constructor. Consider declaring the property as nullable. [/home/ubuntu/PROGRAMA-BETA/src/FiveMTool.csproj]
/home/ubuntu/PROGRAMA-BETA/src/External/CodeWalker.Core/GameFiles/FileTypes/RelFile.cs(1697,20): warning CS8603: Possible null reference return. [/home/ubuntu/PROGRAMA-BETA/src/FiveMTool.csproj]
/home/ubuntu/PROGRAMA-BETA/src/External/CodeWalker.Core/GameFiles/FileTypes/RelFile.cs(1701,20): warning CS8603: Possible null reference return. [/home/ubuntu/PROGRAMA-BETA/src/FiveMTool.csproj]
/home/ubuntu/PROGRAMA-BETA/src/External/CodeWalker.Core/GameFiles/FileTypes/RelFile.cs(1706,20): warning CS8603: Possible null reference return. [/home/ubuntu/PROGRAMA-BETA/src/FiveMTool.csproj]
/home/ubuntu/PROGRAMA-BETA/src/External/CodeWalker.Core/GameFiles/FileTypes/RelFile.cs(1710,20): warning CS8603: Possible null reference return. [/home/ubuntu/PROGRAMA-BETA/src/FiveMTool.csproj]
/home/ubuntu/PROGRAMA-BETA/src/External/CodeWalker.Core/GameFiles/FileTypes/RelFile.cs(1714,20): warning CS8603: Possible null reference return. [/home/ubuntu/PROGRAMA-BETA/src/FiveMTool.csproj]
/home/ubuntu/PROGRAMA-BETA/src/External/CodeWalker.Core/GameFiles/FileTypes/RelFile.cs(1718,20): warning CS8603: Possible null reference return. [/home/ubuntu/PROGRAMA-BETA/src/FiveMTool.csproj]
/home/ubuntu/PROGRAMA-BETA/src/External/CodeWalker.Core/GameFiles/FileTypes/RelFile.cs(1722,20): warning CS8603: Possible null reference return. [/home/ubuntu/PROGRAMA-BETA/src/FiveMTool.csproj]
/home/ubuntu/PROGRAMA-BETA/src/External/CodeWalker.Core/GameFiles/FileTypes/RelFile.cs(1726,20): warning CS8603: Possible null reference return. [/home/ubuntu/PROGRAMA-BETA/src/FiveMTool.csproj]
/home/ubuntu/PROGRAMA-BETA/src/External/CodeWalker.Core/GameFiles/FileTypes/RelFile.cs(1730,20): warning CS8603: Possible null reference return. [/home/ubuntu/PROGRAMA-BETA/src/FiveMTool.csproj]
/home/ubuntu/PROGRAMA-BETA/src/External/CodeWalker.Core/GameFiles/FileTypes/PedsFile.cs(225,43): warning CS8602: Dereference of a possibly null reference. [/home/ubuntu/PROGRAMA-BETA/src/FiveMTool.csproj]
/home/ubuntu/PROGRAMA-BETA/src/External/CodeWalker.Core/GameFiles/FileTypes/PedsFile.cs(208,16): warning CS8618: Non-nullable property 'MovementClipSets' must contain a non-null value when exiting constructor. Consider declaring the property as nullable. [/home/ubuntu/PROGRAMA-BETA/src/FiveMTool.csproj]
/home/ubuntu/PROGRAMA-BETA/src/External/CodeWalker.Core/GameFiles/FileTypes/RelFile.cs(2196,43): warning CS8602: Dereference of a possibly null reference. [/home/ubuntu/PROGRAMA-BETA/src/FiveMTool.csproj]
/home/ubuntu/PROGRAMA-BETA/src/External/CodeWalker.Core/GameFiles/RpfFile.cs(1400,43): warning CS8600: Converting null literal or possible null value to non-nullable type. [/home/ubuntu/PROGRAMA-BETA/src/FiveMTool.csproj]
/home/ubuntu/PROGRAMA-BETA/src/External/CodeWalker.Core/GameFiles/RpfFile.cs(1424,25): warning CS8600: Converting null literal or possible null value to non-nullable type. [/home/ubuntu/PROGRAMA-BETA/src/FiveMTool.csproj]
/home/ubuntu/PROGRAMA-BETA/src/External/CodeWalker.Core/GameFiles/RpfFile.cs(1436,20): warning CS8603: Possible null reference return. [/home/ubuntu/PROGRAMA-BETA/src/FiveMTool.csproj]
/home/ubuntu/PROGRAMA-BETA/src/External/CodeWalker.Core/GameFiles/FileTypes/RelFile.cs(2221,20): warning CS8603: Possible null reference return. [/home/ubuntu/PROGRAMA-BETA/src/FiveMTool.csproj]
/home/ubuntu/PROGRAMA-BETA/src/External/CodeWalker.Core/GameFiles/FileTypes/RelFile.cs(2226,20): warning CS8603: Possible null reference return. [/home/ubuntu/PROGRAMA-BETA/src/FiveMTool.csproj]
/home/ubuntu/PROGRAMA-BETA/src/External/CodeWalker.Core/GameFiles/FileTypes/RelFile.cs(2592,16): warning CS8618: Non-nullable property 'ContextName' must contain a non-null value when exiting constructor. Consider declaring the property as nullable. [/home/ubuntu/PROGRAMA-BETA/src/FiveMTool.csproj]
/home/ubuntu/PROGRAMA-BETA/src/External/CodeWalker.Core/GameFiles/RpfFile.cs(1661,34): warning CS8600: Converting null literal or possible null value to non-nullable type. [/home/ubuntu/PROGRAMA-BETA/src/FiveMTool.csproj]
/home/ubuntu/PROGRAMA-BETA/src/External/CodeWalker.Core/GameFiles/RpfFile.cs(1765,40): warning CS8601: Possible null reference assignment. [/home/ubuntu/PROGRAMA-BETA/src/FiveMTool.csproj]
/home/ubuntu/PROGRAMA-BETA/src/External/CodeWalker.Core/GameFiles/RpfFile.cs(1774,48): warning CS8625: Cannot convert null literal to non-nullable reference type. [/home/ubuntu/PROGRAMA-BETA/src/FiveMTool.csproj]
/home/ubuntu/PROGRAMA-BETA/src/External/CodeWalker.Core/GameFiles/RpfFile.cs(1774,54): warning CS8625: Cannot convert null literal to non-nullable reference type. [/home/ubuntu/PROGRAMA-BETA/src/FiveMTool.csproj]
/home/ubuntu/PROGRAMA-BETA/src/External/CodeWalker.Core/GameFiles/FileTypes/RelFile.cs(343,32): warning CS8600: Converting null literal or possible null value to non-nullable type. [/home/ubuntu/PROGRAMA-BETA/src/FiveMTool.csproj]
/home/ubuntu/PROGRAMA-BETA/src/External/CodeWalker.Core/GameFiles/FileTypes/RelFile.cs(352,47): warning CS8600: Converting null literal or possible null value to non-nullable type. [/home/ubuntu/PROGRAMA-BETA/src/FiveMTool.csproj]
/home/ubuntu/PROGRAMA-BETA/src/External/CodeWalker.Core/GameFiles/FileTypes/RelFile.cs(353,70): warning CS8600: Converting null literal or possible null value to non-nullable type. [/home/ubuntu/PROGRAMA-BETA/src/FiveMTool.csproj]
/home/ubuntu/PROGRAMA-BETA/src/External/CodeWalker.Core/GameFiles/FileTypes/RelFile.cs(392,21): warning CS8602: Dereference of a possibly null reference. [/home/ubuntu/PROGRAMA-BETA/src/FiveMTool.csproj]
/home/ubuntu/PROGRAMA-BETA/src/External/CodeWalker.Core/GameFiles/FileTypes/RelFile.cs(401,49): warning CS8600: Converting null literal or possible null value to non-nullable type. [/home/ubuntu/PROGRAMA-BETA/src/FiveMTool.csproj]
/home/ubuntu/PROGRAMA-BETA/src/External/CodeWalker.Core/GameFiles/FileTypes/RelFile.cs(402,60): warning CS8600: Converting null literal or possible null value to non-nullable type. [/home/ubuntu/PROGRAMA-BETA/src/FiveMTool.csproj]
/home/ubuntu/PROGRAMA-BETA/src/External/CodeWalker.Core/GameFiles/FileTypes/RelFile.cs(417,49): warning CS8600: Converting null literal or possible null value to non-nullable type. [/home/ubuntu/PROGRAMA-BETA/src/FiveMTool.csproj]
/home/ubuntu/PROGRAMA-BETA/src/External/CodeWalker.Core/GameFiles/FileTypes/RelFile.cs(418,60): warning CS8600: Converting null literal or possible null value to non-nullable type. [/home/ubuntu/PROGRAMA-BETA/src/FiveMTool.csproj]
/home/ubuntu/PROGRAMA-BETA/src/External/CodeWalker.Core/GameFiles/FileTypes/RelFile.cs(440,36): warning CS8625: Cannot convert null literal to non-nullable reference type. [/home/ubuntu/PROGRAMA-BETA/src/FiveMTool.csproj]
/home/ubuntu/PROGRAMA-BETA/src/External/CodeWalker.Core/GameFiles/RpfFile.cs(1828,36): warning CS8604: Possible null reference argument for parameter 'dir' in 'void RpfFile.UpdatePaths(RpfDirectoryEntry dir = null)'. [/home/ubuntu/PROGRAMA-BETA/src/FiveMTool.csproj]
/home/ubuntu/PROGRAMA-BETA/src/External/CodeWalker.Core/GameFiles/RpfFile.cs(1847,44): warning CS8600: Converting null literal or possible null value to non-nullable type. [/home/ubuntu/PROGRAMA-BETA/src/FiveMTool.csproj]
/home/ubuntu/PROGRAMA-BETA/src/External/CodeWalker.Core/GameFiles/RpfFile.cs(1848,40): warning CS8600: Converting null literal or possible null value to non-nullable type. [/home/ubuntu/PROGRAMA-BETA/src/FiveMTool.csproj]
/home/ubuntu/PROGRAMA-BETA/src/External/CodeWalker.Core/GameFiles/FileTypes/RelFile.cs(2681,16): warning CS8618: Non-nullable property 'VariableNames' must contain a non-null value when exiting constructor. Consider declaring the property as nullable. [/home/ubuntu/PROGRAMA-BETA/src/FiveMTool.csproj]
/home/ubuntu/PROGRAMA-BETA/src/External/CodeWalker.Core/GameFiles/FileTypes/RelFile.cs(2681,16): warning CS8618: Non-nullable property 'VariableValues' must contain a non-null value when exiting constructor. Consider declaring the property as nullable. [/home/ubuntu/PROGRAMA-BETA/src/FiveMTool.csproj]
/home/ubuntu/PROGRAMA-BETA/src/External/CodeWalker.Core/GameFiles/RpfFile.cs(2011,39): warning CS8602: Dereference of a possibly null reference. [/home/ubuntu/PROGRAMA-BETA/src/FiveMTool.csproj]
/home/ubuntu/PROGRAMA-BETA/src/External/CodeWalker.Core/GameFiles/RpfFile.cs(2015,62): warning CS8604: Possible null reference argument for parameter 'f' in 'RpfFile RpfFile.FindChildArchive(RpfFileEntry f)'. [/home/ubuntu/PROGRAMA-BETA/src/FiveMTool.csproj]
/home/ubuntu/PROGRAMA-BETA/src/External/CodeWalker.Core/GameFiles/RpfFile.cs(2018,50): warning CS8625: Cannot convert null literal to non-nullable reference type. [/home/ubuntu/PROGRAMA-BETA/src/FiveMTool.csproj]
/home/ubuntu/PROGRAMA-BETA/src/External/CodeWalker.Core/GameFiles/FileTypes/RelFile.cs(3175,16): warning CS8618: Non-nullable property 'HistorySpace' must contain a non-null value when exiting constructor. Consider declaring the property as nullable. [/home/ubuntu/PROGRAMA-BETA/src/FiveMTool.csproj]
/home/ubuntu/PROGRAMA-BETA/src/External/CodeWalker.Core/GameFiles/FileTypes/RelFile.cs(3175,16): warning CS8618: Non-nullable property 'VariationsValues' must contain a non-null value when exiting constructor. Consider declaring the property as nullable. [/home/ubuntu/PROGRAMA-BETA/src/FiveMTool.csproj]
/home/ubuntu/PROGRAMA-BETA/src/External/CodeWalker.Core/GameFiles/FileTypes/RelFile.cs(3300,16): warning CS8618: Non-nullable property 'Entities' must contain a non-null value when exiting constructor. Consider declaring the property as nullable. [/home/ubuntu/PROGRAMA-BETA/src/FiveMTool.csproj]
/home/ubuntu/PROGRAMA-BETA/src/External/CodeWalker.Core/GameFiles/FileTypes/RelFile.cs(3393,16): warning CS8618: Non-nullable property 'ExposedVariables' must contain a non-null value when exiting constructor. Consider declaring the property as nullable. [/home/ubuntu/PROGRAMA-BETA/src/FiveMTool.csproj]
/home/ubuntu/PROGRAMA-BETA/src/External/CodeWalker.Core/GameFiles/Resources/WaypointRecord.cs(109,38): warning CS8603: Possible null reference return. [/home/ubuntu/PROGRAMA-BETA/src/FiveMTool.csproj]
/home/ubuntu/PROGRAMA-BETA/src/External/CodeWalker.Core/GameFiles/Resources/WaypointRecord.cs(24,57): warning CS8618: Non-nullable field 'Entries' must contain a non-null value when exiting constructor. Consider declaring the field as nullable. [/home/ubuntu/PROGRAMA-BETA/src/FiveMTool.csproj]
/home/ubuntu/PROGRAMA-BETA/src/External/CodeWalker.Core/GameFiles/FileTypes/RelFile.cs(3536,16): warning CS8618: Non-nullable property 'Channel0' must contain a non-null value when exiting constructor. Consider declaring the property as nullable. [/home/ubuntu/PROGRAMA-BETA/src/FiveMTool.csproj]
/home/ubuntu/PROGRAMA-BETA/src/External/CodeWalker.Core/GameFiles/FileTypes/RelFile.cs(3536,16): warning CS8618: Non-nullable property 'Channel1' must contain a non-null value when exiting constructor. Consider declaring the property as nullable. [/home/ubuntu/PROGRAMA-BETA/src/FiveMTool.csproj]
/home/ubuntu/PROGRAMA-BETA/src/External/CodeWalker.Core/GameFiles/FileTypes/RelFile.cs(3536,16): warning CS8618: Non-nullable property 'Channel2' must contain a non-null value when exiting constructor. Consider declaring the property as nullable. [/home/ubuntu/PROGRAMA-BETA/src/FiveMTool.csproj]
/home/ubuntu/PROGRAMA-BETA/src/External/CodeWalker.Core/GameFiles/FileTypes/RelFile.cs(3536,16): warning CS8618: Non-nullable property 'Channel3' must contain a non-null value when exiting constructor. Consider declaring the property as nullable. [/home/ubuntu/PROGRAMA-BETA/src/FiveMTool.csproj]
/home/ubuntu/PROGRAMA-BETA/src/External/CodeWalker.Core/GameFiles/FileTypes/RelFile.cs(3536,16): warning CS8618: Non-nullable property 'Channel4' must contain a non-null value when exiting constructor. Consider declaring the property as nullable. [/home/ubuntu/PROGRAMA-BETA/src/FiveMTool.csproj]
/home/ubuntu/PROGRAMA-BETA/src/External/CodeWalker.Core/GameFiles/FileTypes/RelFile.cs(3536,16): warning CS8618: Non-nullable property 'Channel5' must contain a non-null value when exiting constructor. Consider declaring the property as nullable. [/home/ubuntu/PROGRAMA-BETA/src/FiveMTool.csproj]
/home/ubuntu/PROGRAMA-BETA/src/External/CodeWalker.Core/GameFiles/FileTypes/RelFile.cs(3536,16): warning CS8618: Non-nullable property 'ChannelSettings0' must contain a non-null value when exiting constructor. Consider declaring the property as nullable. [/home/ubuntu/PROGRAMA-BETA/src/FiveMTool.csproj]
/home/ubuntu/PROGRAMA-BETA/src/External/CodeWalker.Core/GameFiles/FileTypes/RelFile.cs(3536,16): warning CS8618: Non-nullable property 'ChannelSettings1' must contain a non-null value when exiting constructor. Consider declaring the property as nullable. [/home/ubuntu/PROGRAMA-BETA/src/FiveMTool.csproj]
/home/ubuntu/PROGRAMA-BETA/src/External/CodeWalker.Core/GameFiles/FileTypes/RelFile.cs(3536,16): warning CS8618: Non-nullable property 'ChannelSettings2' must contain a non-null value when exiting constructor. Consider declaring the property as nullable. [/home/ubuntu/PROGRAMA-BETA/src/FiveMTool.csproj]
/home/ubuntu/PROGRAMA-BETA/src/External/CodeWalker.Core/GameFiles/FileTypes/RelFile.cs(3536,16): warning CS8618: Non-nullable property 'ChannelSettings3' must contain a non-null value when exiting constructor. Consider declaring the property as nullable. [/home/ubuntu/PROGRAMA-BETA/src/FiveMTool.csproj]
/home/ubuntu/PROGRAMA-BETA/src/External/CodeWalker.Core/GameFiles/FileTypes/RelFile.cs(3536,16): warning CS8618: Non-nullable property 'ChannelSettings4' must contain a non-null value when exiting constructor. Consider declaring the property as nullable. [/home/ubuntu/PROGRAMA-BETA/src/FiveMTool.csproj]
/home/ubuntu/PROGRAMA-BETA/src/External/CodeWalker.Core/GameFiles/FileTypes/RelFile.cs(3536,16): warning CS8618: Non-nullable property 'ChannelSettings5' must contain a non-null value when exiting constructor. Consider declaring the property as nullable. [/home/ubuntu/PROGRAMA-BETA/src/FiveMTool.csproj]
/home/ubuntu/PROGRAMA-BETA/src/External/CodeWalker.Core/GameFiles/FileTypes/RelFile.cs(3536,16): warning CS8618: Non-nullable property 'GranularClock' must contain a non-null value when exiting constructor. Consider declaring the property as nullable. [/home/ubuntu/PROGRAMA-BETA/src/FiveMTool.csproj]
/home/ubuntu/PROGRAMA-BETA/src/External/CodeWalker.Core/GameFiles/FileTypes/RelFile.cs(3611,34): warning CS8629: Nullable value type may be null. [/home/ubuntu/PROGRAMA-BETA/src/FiveMTool.csproj]
/home/ubuntu/PROGRAMA-BETA/src/External/CodeWalker.Core/GameFiles/FileTypes/RelFile.cs(3706,66): warning CS8604: Possible null reference argument for parameter 'node' in 'string Xml.GetChildInnerText(XmlNode node, string name)'. [/home/ubuntu/PROGRAMA-BETA/src/FiveMTool.csproj]
/home/ubuntu/PROGRAMA-BETA/src/External/CodeWalker.Core/GameFiles/FileTypes/RelFile.cs(3752,59): warning CS8604: Possible null reference argument for parameter 'node' in 'int Xml.GetChildIntAttribute(XmlNode node, string name, string attribute = "value")'. [/home/ubuntu/PROGRAMA-BETA/src/FiveMTool.csproj]
/home/ubuntu/PROGRAMA-BETA/src/External/CodeWalker.Core/GameFiles/Resources/VehicleRecord.cs(84,38): warning CS8603: Possible null reference return. [/home/ubuntu/PROGRAMA-BETA/src/FiveMTool.csproj]
/home/ubuntu/PROGRAMA-BETA/src/External/CodeWalker.Core/GameFiles/FileTypes/RelFile.cs(3984,16): warning CS8618: Non-nullable property 'Value' must contain a non-null value when exiting constructor. Consider declaring the property as nullable. [/home/ubuntu/PROGRAMA-BETA/src/FiveMTool.csproj]
/home/ubuntu/PROGRAMA-BETA/src/External/CodeWalker.Core/GameFiles/Resources/Texture.cs(1082,23): warning CS8618: Non-nullable property 'FullData' must contain a non-null value when exiting constructor. Consider declaring the property as nullable. [/home/ubuntu/PROGRAMA-BETA/src/FiveMTool.csproj]
/home/ubuntu/PROGRAMA-BETA/src/External/CodeWalker.Core/GameFiles/FileTypes/RelFile.cs(757,25): warning CS8600: Converting null literal or possible null value to non-nullable type. [/home/ubuntu/PROGRAMA-BETA/src/FiveMTool.csproj]
/home/ubuntu/PROGRAMA-BETA/src/External/CodeWalker.Core/GameFiles/FileTypes/RelFile.cs(799,73): warning CS8602: Dereference of a possibly null reference. [/home/ubuntu/PROGRAMA-BETA/src/FiveMTool.csproj]
/home/ubuntu/PROGRAMA-BETA/src/External/CodeWalker.Core/GameFiles/FileTypes/RelFile.cs(944,26): warning CS8602: Dereference of a possibly null reference. [/home/ubuntu/PROGRAMA-BETA/src/FiveMTool.csproj]
/home/ubuntu/PROGRAMA-BETA/src/External/CodeWalker.Core/GameFiles/FileTypes/RelFile.cs(4018,16): warning CS8618: Non-nullable property 'Variables' must contain a non-null value when exiting constructor. Consider declaring the property as nullable. [/home/ubuntu/PROGRAMA-BETA/src/FiveMTool.csproj]
/home/ubuntu/PROGRAMA-BETA/src/External/CodeWalker.Core/GameFiles/FileTypes/RelFile.cs(1051,30): warning CS8600: Converting null literal or possible null value to non-nullable type. [/home/ubuntu/PROGRAMA-BETA/src/FiveMTool.csproj]
/home/ubuntu/PROGRAMA-BETA/src/External/CodeWalker.Core/GameFiles/FileTypes/RelFile.cs(4169,16): warning CS8618: Non-nullable property 'Operations' must contain a non-null value when exiting constructor. Consider declaring the property as nullable. [/home/ubuntu/PROGRAMA-BETA/src/FiveMTool.csproj]
/home/ubuntu/PROGRAMA-BETA/src/External/CodeWalker.Core/GameFiles/FileTypes/RelFile.cs(1257,36): warning CS8625: Cannot convert null literal to non-nullable reference type. [/home/ubuntu/PROGRAMA-BETA/src/FiveMTool.csproj]
/home/ubuntu/PROGRAMA-BETA/src/External/CodeWalker.Core/GameFiles/FileTypes/RelFile.cs(1305,36): warning CS8625: Cannot convert null literal to non-nullable reference type. [/home/ubuntu/PROGRAMA-BETA/src/FiveMTool.csproj]
/home/ubuntu/PROGRAMA-BETA/src/External/CodeWalker.Core/GameFiles/FileTypes/RelFile.cs(4282,16): warning CS8618: Non-nullable property 'ParameterTransforms' must contain a non-null value when exiting constructor. Consider declaring the property as nullable. [/home/ubuntu/PROGRAMA-BETA/src/FiveMTool.csproj]
/home/ubuntu/PROGRAMA-BETA/src/External/CodeWalker.Core/GameFiles/FileTypes/RelFile.cs(4333,16): warning CS8618: Non-nullable property 'Transforms' must contain a non-null value when exiting constructor. Consider declaring the property as nullable. [/home/ubuntu/PROGRAMA-BETA/src/FiveMTool.csproj]
/home/ubuntu/PROGRAMA-BETA/src/External/CodeWalker.Core/GameFiles/FileTypes/RelFile.cs(4390,16): warning CS8618: Non-nullable property 'Vectors' must contain a non-null value when exiting constructor. Consider declaring the property as nullable. [/home/ubuntu/PROGRAMA-BETA/src/FiveMTool.csproj]
/home/ubuntu/PROGRAMA-BETA/src/External/CodeWalker.Core/GameFiles/FileTypes/RelFile.cs(1445,43): warning CS8600: Converting null literal or possible null value to non-nullable type. [/home/ubuntu/PROGRAMA-BETA/src/FiveMTool.csproj]
/home/ubuntu/PROGRAMA-BETA/src/External/CodeWalker.Core/GameFiles/FileTypes/RelFile.cs(1446,49): warning CS8600: Converting null literal or possible null value to non-nullable type. [/home/ubuntu/PROGRAMA-BETA/src/FiveMTool.csproj]
/home/ubuntu/PROGRAMA-BETA/src/External/CodeWalker.Core/GameFiles/FileTypes/RelFile.cs(4452,16): warning CS8618: Non-nullable property 'Fluctuators' must contain a non-null value when exiting constructor. Consider declaring the property as nullable. [/home/ubuntu/PROGRAMA-BETA/src/FiveMTool.csproj]
/home/ubuntu/PROGRAMA-BETA/src/External/CodeWalker.Core/GameFiles/FileTypes/RelFile.cs(4600,16): warning CS8618: Non-nullable property 'VariableOutputs' must contain a non-null value when exiting constructor. Consider declaring the property as nullable. [/home/ubuntu/PROGRAMA-BETA/src/FiveMTool.csproj]
/home/ubuntu/PROGRAMA-BETA/src/External/CodeWalker.Core/GameFiles/Resources/Texture.cs(652,41): warning CS8604: Possible null reference argument for parameter 'text' in 'uint JenkHash.GenHash(string text)'. [/home/ubuntu/PROGRAMA-BETA/src/FiveMTool.csproj]
/home/ubuntu/PROGRAMA-BETA/src/External/CodeWalker.Core/GameFiles/FileTypes/RelFile.cs(1480,43): warning CS8603: Possible null reference return. [/home/ubuntu/PROGRAMA-BETA/src/FiveMTool.csproj]
/home/ubuntu/PROGRAMA-BETA/src/External/CodeWalker.Core/GameFiles/FileTypes/RelFile.cs(1619,37): warning CS8602: Dereference of a possibly null reference. [/home/ubuntu/PROGRAMA-BETA/src/FiveMTool.csproj]
/home/ubuntu/PROGRAMA-BETA/src/External/CodeWalker.Core/GameFiles/FileTypes/RelFile.cs(1432,28): warning CS8618: Non-nullable property 'Item' must contain a non-null value when exiting constructor. Consider declaring the property as nullable. [/home/ubuntu/PROGRAMA-BETA/src/FiveMTool.csproj]
/home/ubuntu/PROGRAMA-BETA/src/External/CodeWalker.Core/GameFiles/FileTypes/RelFile.cs(4773,16): warning CS8618: Non-nullable property 'SoundSets' must contain a non-null value when exiting constructor. Consider declaring the property as nullable. [/home/ubuntu/PROGRAMA-BETA/src/FiveMTool.csproj]
/home/ubuntu/PROGRAMA-BETA/src/External/CodeWalker.Core/GameFiles/FileTypes/RelFile.cs(4862,16): warning CS8618: Non-nullable property 'Ranges' must contain a non-null value when exiting constructor. Consider declaring the property as nullable. [/home/ubuntu/PROGRAMA-BETA/src/FiveMTool.csproj]
/home/ubuntu/PROGRAMA-BETA/src/External/CodeWalker.Core/GameFiles/Resources/Texture.cs(270,38): warning CS8625: Cannot convert null literal to non-nullable reference type. [/home/ubuntu/PROGRAMA-BETA/src/FiveMTool.csproj]
/home/ubuntu/PROGRAMA-BETA/src/External/CodeWalker.Core/GameFiles/Resources/Texture.cs(267,23): warning CS8618: Non-nullable property 'Name' must contain a non-null value when exiting constructor. Consider declaring the property as nullable. [/home/ubuntu/PROGRAMA-BETA/src/FiveMTool.csproj]
/home/ubuntu/PROGRAMA-BETA/src/External/CodeWalker.Core/GameFiles/Resources/Texture.cs(272,28): warning CS8618: Non-nullable property 'Data' must contain a non-null value when exiting constructor. Consider declaring the property as nullable. [/home/ubuntu/PROGRAMA-BETA/src/FiveMTool.csproj]
/home/ubuntu/PROGRAMA-BETA/src/External/CodeWalker.Core/GameFiles/Resources/Texture.cs(274,37): warning CS8618: Non-nullable property 'G9_SRV' must contain a non-null value when exiting constructor. Consider declaring the property as nullable. [/home/ubuntu/PROGRAMA-BETA/src/FiveMTool.csproj]
/home/ubuntu/PROGRAMA-BETA/src/External/CodeWalker.Core/GameFiles/FileTypes/RelFile.cs(4956,16): warning CS8618: Non-nullable property 'SoundSets' must contain a non-null value when exiting constructor. Consider declaring the property as nullable. [/home/ubuntu/PROGRAMA-BETA/src/FiveMTool.csproj]
/home/ubuntu/PROGRAMA-BETA/src/External/CodeWalker.Core/GameFiles/FileTypes/RelFile.cs(5009,16): warning CS8618: Non-nullable property 'SoundHashes' must contain a non-null value when exiting constructor. Consider declaring the property as nullable. [/home/ubuntu/PROGRAMA-BETA/src/FiveMTool.csproj]
/home/ubuntu/PROGRAMA-BETA/src/External/CodeWalker.Core/GameFiles/Resources/Texture.cs(49,16): warning CS8618: Non-nullable property 'TextureNameHashes' must contain a non-null value when exiting constructor. Consider declaring the property as nullable. [/home/ubuntu/PROGRAMA-BETA/src/FiveMTool.csproj]
/home/ubuntu/PROGRAMA-BETA/src/External/CodeWalker.Core/GameFiles/Resources/Texture.cs(49,16): warning CS8618: Non-nullable property 'Textures' must contain a non-null value when exiting constructor. Consider declaring the property as nullable. [/home/ubuntu/PROGRAMA-BETA/src/FiveMTool.csproj]
/home/ubuntu/PROGRAMA-BETA/src/External/CodeWalker.Core/GameFiles/Resources/Texture.cs(49,16): warning CS8618: Non-nullable property 'Dict' must contain a non-null value when exiting constructor. Consider declaring the property as nullable. [/home/ubuntu/PROGRAMA-BETA/src/FiveMTool.csproj]
/home/ubuntu/PROGRAMA-BETA/src/External/CodeWalker.Core/GameFiles/FileTypes/RelFile.cs(5291,16): warning CS8618: Non-nullable property 'EmitterHashes' must contain a non-null value when exiting constructor. Consider declaring the property as nullable. [/home/ubuntu/PROGRAMA-BETA/src/FiveMTool.csproj]
/home/ubuntu/PROGRAMA-BETA/src/External/CodeWalker.Core/GameFiles/FileTypes/RelFile.cs(5894,16): warning CS8618: Non-nullable property 'ZoneHashes' must contain a non-null value when exiting constructor. Consider declaring the property as nullable. [/home/ubuntu/PROGRAMA-BETA/src/FiveMTool.csproj]
/home/ubuntu/PROGRAMA-BETA/src/External/CodeWalker.Core/GameFiles/Resources/Texture.cs(126,38): warning CS8603: Possible null reference return. [/home/ubuntu/PROGRAMA-BETA/src/FiveMTool.csproj]
/home/ubuntu/PROGRAMA-BETA/src/External/CodeWalker.Core/GameFiles/Resources/Texture.cs(143,27): warning CS8600: Converting null literal or possible null value to non-nullable type. [/home/ubuntu/PROGRAMA-BETA/src/FiveMTool.csproj]
/home/ubuntu/PROGRAMA-BETA/src/External/CodeWalker.Core/GameFiles/Resources/Texture.cs(146,44): warning CS8600: Converting null literal or possible null value to non-nullable type. [/home/ubuntu/PROGRAMA-BETA/src/FiveMTool.csproj]
/home/ubuntu/PROGRAMA-BETA/src/External/CodeWalker.Core/GameFiles/Resources/Texture.cs(148,20): warning CS8603: Possible null reference return. [/home/ubuntu/PROGRAMA-BETA/src/FiveMTool.csproj]
/home/ubuntu/PROGRAMA-BETA/src/External/CodeWalker.Core/GameFiles/FileTypes/RelFile.cs(5739,16): warning CS8618: Non-nullable property 'Conditions' must contain a non-null value when exiting constructor. Consider declaring the property as nullable. [/home/ubuntu/PROGRAMA-BETA/src/FiveMTool.csproj]
/home/ubuntu/PROGRAMA-BETA/src/External/CodeWalker.Core/GameFiles/FileTypes/RelFile.cs(5420,16): warning CS8618: Non-nullable property 'Rules' must contain a non-null value when exiting constructor. Consider declaring the property as nullable. [/home/ubuntu/PROGRAMA-BETA/src/FiveMTool.csproj]
/home/ubuntu/PROGRAMA-BETA/src/External/CodeWalker.Core/GameFiles/FileTypes/RelFile.cs(5420,16): warning CS8618: Non-nullable property 'DirAmbiences' must contain a non-null value when exiting constructor. Consider declaring the property as nullable. [/home/ubuntu/PROGRAMA-BETA/src/FiveMTool.csproj]
/home/ubuntu/PROGRAMA-BETA/src/External/CodeWalker.Core/GameFiles/FileTypes/RelFile.cs(5744,16): warning CS8618: Non-nullable property 'Conditions' must contain a non-null value when exiting constructor. Consider declaring the property as nullable. [/home/ubuntu/PROGRAMA-BETA/src/FiveMTool.csproj]
/home/ubuntu/PROGRAMA-BETA/src/External/CodeWalker.Core/GameFiles/FileTypes/RelFile.cs(6110,16): warning CS8618: Non-nullable property 'Rooms' must contain a non-null value when exiting constructor. Consider declaring the property as nullable. [/home/ubuntu/PROGRAMA-BETA/src/FiveMTool.csproj]
/home/ubuntu/PROGRAMA-BETA/src/External/CodeWalker.Core/GameFiles/Resources/ResourceFile.cs(51,34): warning CS8618: Non-nullable property 'FilePagesInfo' must contain a non-null value when exiting constructor. Consider declaring the property as nullable. [/home/ubuntu/PROGRAMA-BETA/src/FiveMTool.csproj]
/home/ubuntu/PROGRAMA-BETA/src/External/CodeWalker.Core/GameFiles/FileTypes/RelFile.cs(6317,16): warning CS8618: Non-nullable property 'Stations' must contain a non-null value when exiting constructor. Consider declaring the property as nullable. [/home/ubuntu/PROGRAMA-BETA/src/FiveMTool.csproj]
/home/ubuntu/PROGRAMA-BETA/src/External/CodeWalker.Core/GameFiles/FileTypes/RelFile.cs(6380,16): warning CS8618: Non-nullable property 'RadioName' must contain a non-null value when exiting constructor. Consider declaring the property as nullable. [/home/ubuntu/PROGRAMA-BETA/src/FiveMTool.csproj]
/home/ubuntu/PROGRAMA-BETA/src/External/CodeWalker.Core/GameFiles/FileTypes/RelFile.cs(6380,16): warning CS8618: Non-nullable property 'TrackList' must contain a non-null value when exiting constructor. Consider declaring the property as nullable. [/home/ubuntu/PROGRAMA-BETA/src/FiveMTool.csproj]
/home/ubuntu/PROGRAMA-BETA/src/External/CodeWalker.Core/GameFiles/Resources/ResourceData.cs(493,20): warning CS8600: Converting null literal or possible null value to non-nullable type. [/home/ubuntu/PROGRAMA-BETA/src/FiveMTool.csproj]
/home/ubuntu/PROGRAMA-BETA/src/External/CodeWalker.Core/GameFiles/Resources/ResourceData.cs(493,20): warning CS8625: Cannot convert null literal to non-nullable reference type. [/home/ubuntu/PROGRAMA-BETA/src/FiveMTool.csproj]
/home/ubuntu/PROGRAMA-BETA/src/External/CodeWalker.Core/GameFiles/FileTypes/RelFile.cs(6491,16): warning CS8618: Non-nullable property 'Tracks' must contain a non-null value when exiting constructor. Consider declaring the property as nullable. [/home/ubuntu/PROGRAMA-BETA/src/FiveMTool.csproj]
/home/ubuntu/PROGRAMA-BETA/src/External/CodeWalker.Core/GameFiles/FileTypes/RelFile.cs(6420,41): warning CS8604: Possible null reference argument for parameter 's' in 'int Encoding.GetBytes(string s, int charIndex, int charCount, byte[] bytes, int byteIndex)'. [/home/ubuntu/PROGRAMA-BETA/src/FiveMTool.csproj]
/home/ubuntu/PROGRAMA-BETA/src/External/CodeWalker.Core/GameFiles/Resources/ResourceData.cs(82,20): warning CS8600: Converting null literal or possible null value to non-nullable type. [/home/ubuntu/PROGRAMA-BETA/src/FiveMTool.csproj]
/home/ubuntu/PROGRAMA-BETA/src/External/CodeWalker.Core/GameFiles/Resources/ResourceData.cs(82,20): warning CS8625: Cannot convert null literal to non-nullable reference type. [/home/ubuntu/PROGRAMA-BETA/src/FiveMTool.csproj]
/home/ubuntu/PROGRAMA-BETA/src/External/CodeWalker.Core/GameFiles/Resources/ResourceData.cs(81,16): warning CS8618: Non-nullable property 'FileEntry' must contain a non-null value when exiting constructor. Consider declaring the property as nullable. [/home/ubuntu/PROGRAMA-BETA/src/FiveMTool.csproj]
/home/ubuntu/PROGRAMA-BETA/src/External/CodeWalker.Core/GameFiles/Resources/ResourceData.cs(89,20): warning CS8600: Converting null literal or possible null value to non-nullable type. [/home/ubuntu/PROGRAMA-BETA/src/FiveMTool.csproj]
/home/ubuntu/PROGRAMA-BETA/src/External/CodeWalker.Core/GameFiles/Resources/ResourceData.cs(89,20): warning CS8625: Cannot convert null literal to non-nullable reference type. [/home/ubuntu/PROGRAMA-BETA/src/FiveMTool.csproj]
/home/ubuntu/PROGRAMA-BETA/src/External/CodeWalker.Core/GameFiles/FileTypes/RelFile.cs(6590,16): warning CS8618: Non-nullable property 'Tracks' must contain a non-null value when exiting constructor. Consider declaring the property as nullable. [/home/ubuntu/PROGRAMA-BETA/src/FiveMTool.csproj]
/home/ubuntu/PROGRAMA-BETA/src/External/CodeWalker.Core/GameFiles/Resources/ResourceData.cs(114,20): warning CS8600: Converting null literal or possible null value to non-nullable type. [/home/ubuntu/PROGRAMA-BETA/src/FiveMTool.csproj]
/home/ubuntu/PROGRAMA-BETA/src/External/CodeWalker.Core/GameFiles/Resources/ResourceData.cs(114,20): warning CS8625: Cannot convert null literal to non-nullable reference type. [/home/ubuntu/PROGRAMA-BETA/src/FiveMTool.csproj]
/home/ubuntu/PROGRAMA-BETA/src/External/CodeWalker.Core/GameFiles/Resources/ResourceData.cs(113,16): warning CS8618: Non-nullable property 'FileEntry' must contain a non-null value when exiting constructor. Consider declaring the property as nullable. [/home/ubuntu/PROGRAMA-BETA/src/FiveMTool.csproj]
/home/ubuntu/PROGRAMA-BETA/src/External/CodeWalker.Core/GameFiles/FileTypes/RelFile.cs(6649,16): warning CS8618: Non-nullable property 'Weapons' must contain a non-null value when exiting constructor. Consider declaring the property as nullable. [/home/ubuntu/PROGRAMA-BETA/src/FiveMTool.csproj]
/home/ubuntu/PROGRAMA-BETA/src/External/CodeWalker.Core/GameFiles/Resources/ResourceData.cs(205,24): warning CS8603: Possible null reference return. [/home/ubuntu/PROGRAMA-BETA/src/FiveMTool.csproj]
/home/ubuntu/PROGRAMA-BETA/src/External/CodeWalker.Core/GameFiles/FileTypes/RelFile.cs(6781,16): warning CS8618: Non-nullable property 'AltSongs' must contain a non-null value when exiting constructor. Consider declaring the property as nullable. [/home/ubuntu/PROGRAMA-BETA/src/FiveMTool.csproj]
/home/ubuntu/PROGRAMA-BETA/src/External/CodeWalker.Core/GameFiles/Resources/ResourceData.cs(235,24): warning CS8603: Possible null reference return. [/home/ubuntu/PROGRAMA-BETA/src/FiveMTool.csproj]
/home/ubuntu/PROGRAMA-BETA/src/External/CodeWalker.Core/GameFiles/Resources/ResourceData.cs(241,42): warning CS8603: Possible null reference return. [/home/ubuntu/PROGRAMA-BETA/src/FiveMTool.csproj]
/home/ubuntu/PROGRAMA-BETA/src/External/CodeWalker.Core/GameFiles/FileTypes/RelFile.cs(7020,16): warning CS8618: Non-nullable property 'StemMixes' must contain a non-null value when exiting constructor. Consider declaring the property as nullable. [/home/ubuntu/PROGRAMA-BETA/src/FiveMTool.csproj]
/home/ubuntu/PROGRAMA-BETA/src/External/CodeWalker.Core/GameFiles/Resources/ResourceData.cs(255,52): warning CS8603: Possible null reference return. [/home/ubuntu/PROGRAMA-BETA/src/FiveMTool.csproj]
/home/ubuntu/PROGRAMA-BETA/src/External/CodeWalker.Core/GameFiles/Resources/ResourceData.cs(265,57): warning CS8603: Possible null reference return. [/home/ubuntu/PROGRAMA-BETA/src/FiveMTool.csproj]
/home/ubuntu/PROGRAMA-BETA/src/External/CodeWalker.Core/GameFiles/Resources/ResourceData.cs(287,57): warning CS8603: Possible null reference return. [/home/ubuntu/PROGRAMA-BETA/src/FiveMTool.csproj]
/home/ubuntu/PROGRAMA-BETA/src/External/CodeWalker.Core/GameFiles/Resources/ResourceData.cs(299,57): warning CS8603: Possible null reference return. [/home/ubuntu/PROGRAMA-BETA/src/FiveMTool.csproj]
/home/ubuntu/PROGRAMA-BETA/src/External/CodeWalker.Core/GameFiles/Resources/ResourceData.cs(321,57): warning CS8603: Possible null reference return. [/home/ubuntu/PROGRAMA-BETA/src/FiveMTool.csproj]
/home/ubuntu/PROGRAMA-BETA/src/External/CodeWalker.Core/GameFiles/Resources/ResourceData.cs(343,57): warning CS8603: Possible null reference return. [/home/ubuntu/PROGRAMA-BETA/src/FiveMTool.csproj]
/home/ubuntu/PROGRAMA-BETA/src/External/CodeWalker.Core/GameFiles/Resources/ResourceData.cs(365,57): warning CS8603: Possible null reference return. [/home/ubuntu/PROGRAMA-BETA/src/FiveMTool.csproj]
/home/ubuntu/PROGRAMA-BETA/src/External/CodeWalker.Core/GameFiles/FileTypes/RelFile.cs(7264,16): warning CS8618: Non-nullable property 'Actions' must contain a non-null value when exiting constructor. Consider declaring the property as nullable. [/home/ubuntu/PROGRAMA-BETA/src/FiveMTool.csproj]
/home/ubuntu/PROGRAMA-BETA/src/External/CodeWalker.Core/GameFiles/Resources/ResourceData.cs(443,39): warning CS8603: Possible null reference return. [/home/ubuntu/PROGRAMA-BETA/src/FiveMTool.csproj]
/home/ubuntu/PROGRAMA-BETA/src/External/CodeWalker.Core/GameFiles/FileTypes/RelFile.cs(7669,16): warning CS8618: Non-nullable property 'Materials' must contain a non-null value when exiting constructor. Consider declaring the property as nullable. [/home/ubuntu/PROGRAMA-BETA/src/FiveMTool.csproj]
/home/ubuntu/PROGRAMA-BETA/src/External/CodeWalker.Core/GameFiles/FileTypes/RelFile.cs(7669,16): warning CS8618: Non-nullable property 'FragComponentSettings' must contain a non-null value when exiting constructor. Consider declaring the property as nullable. [/home/ubuntu/PROGRAMA-BETA/src/FiveMTool.csproj]
/home/ubuntu/PROGRAMA-BETA/src/External/CodeWalker.Core/GameFiles/FileTypes/RelFile.cs(7674,16): warning CS8618: Non-nullable property 'Materials' must contain a non-null value when exiting constructor. Consider declaring the property as nullable. [/home/ubuntu/PROGRAMA-BETA/src/FiveMTool.csproj]
/home/ubuntu/PROGRAMA-BETA/src/External/CodeWalker.Core/GameFiles/FileTypes/RelFile.cs(7674,16): warning CS8618: Non-nullable property 'FragComponentSettings' must contain a non-null value when exiting constructor. Consider declaring the property as nullable. [/home/ubuntu/PROGRAMA-BETA/src/FiveMTool.csproj]
/home/ubuntu/PROGRAMA-BETA/src/External/CodeWalker.Core/GameFiles/FileTypes/RelFile.cs(8546,16): warning CS8618: Non-nullable property 'MeleeMaterialOverrides' must contain a non-null value when exiting constructor. Consider declaring the property as nullable. [/home/ubuntu/PROGRAMA-BETA/src/FiveMTool.csproj]
/home/ubuntu/PROGRAMA-BETA/src/External/CodeWalker.Core/GameFiles/FileTypes/RelFile.cs(8899,16): warning CS8618: Non-nullable property 'AnimalFootstepSettings' must contain a non-null value when exiting constructor. Consider declaring the property as nullable. [/home/ubuntu/PROGRAMA-BETA/src/FiveMTool.csproj]
/home/ubuntu/PROGRAMA-BETA/src/External/CodeWalker.Core/GameFiles/FileTypes/RelFile.cs(9003,16): warning CS8618: Non-nullable property 'TrackList' must contain a non-null value when exiting constructor. Consider declaring the property as nullable. [/home/ubuntu/PROGRAMA-BETA/src/FiveMTool.csproj]
/home/ubuntu/PROGRAMA-BETA/src/External/CodeWalker.Core/GameFiles/Resources/ResourceBuilder.cs(407,36): warning CS8625: Cannot convert null literal to non-nullable reference type. [/home/ubuntu/PROGRAMA-BETA/src/FiveMTool.csproj]
/home/ubuntu/PROGRAMA-BETA/src/External/CodeWalker.Core/GameFiles/FileTypes/RelFile.cs(9195,16): warning CS8618: Non-nullable property 'Microphones' must contain a non-null value when exiting constructor. Consider declaring the property as nullable. [/home/ubuntu/PROGRAMA-BETA/src/FiveMTool.csproj]
/home/ubuntu/PROGRAMA-BETA/src/External/CodeWalker.Core/GameFiles/Resources/ResourceBuilder.cs(646,38): warning CS8603: Possible null reference return. [/home/ubuntu/PROGRAMA-BETA/src/FiveMTool.csproj]
/home/ubuntu/PROGRAMA-BETA/src/External/CodeWalker.Core/GameFiles/FileTypes/RelFile.cs(9290,16): warning CS8618: Non-nullable property 'Doors' must contain a non-null value when exiting constructor. Consider declaring the property as nullable. [/home/ubuntu/PROGRAMA-BETA/src/FiveMTool.csproj]
/home/ubuntu/PROGRAMA-BETA/src/External/CodeWalker.Core/GameFiles/Resources/ResourceBuilder.cs(32,53): warning CS8625: Cannot convert null literal to non-nullable reference type. [/home/ubuntu/PROGRAMA-BETA/src/FiveMTool.csproj]
/home/ubuntu/PROGRAMA-BETA/src/External/CodeWalker.Core/GameFiles/Resources/ResourceBuilder.cs(67,24): warning CS8603: Possible null reference return. [/home/ubuntu/PROGRAMA-BETA/src/FiveMTool.csproj]
/home/ubuntu/PROGRAMA-BETA/src/External/CodeWalker.Core/GameFiles/Resources/ResourceBuilder.cs(75,54): warning CS8600: Converting null literal or possible null value to non-nullable type. [/home/ubuntu/PROGRAMA-BETA/src/FiveMTool.csproj]
/home/ubuntu/PROGRAMA-BETA/src/External/CodeWalker.Core/GameFiles/Resources/ResourceBuilder.cs(81,24): warning CS8603: Possible null reference return. [/home/ubuntu/PROGRAMA-BETA/src/FiveMTool.csproj]
/home/ubuntu/PROGRAMA-BETA/src/External/CodeWalker.Core/GameFiles/Resources/ResourceBaseTypes.cs(1797,16): warning CS8618: Non-nullable property 'Items' must contain a non-null value when exiting constructor. Consider declaring the property as nullable. [/home/ubuntu/PROGRAMA-BETA/src/FiveMTool.csproj]
/home/ubuntu/PROGRAMA-BETA/src/External/CodeWalker.Core/GameFiles/FileTypes/RelFile.cs(9385,16): warning CS8618: Non-nullable property 'Shoes' must contain a non-null value when exiting constructor. Consider declaring the property as nullable. [/home/ubuntu/PROGRAMA-BETA/src/FiveMTool.csproj]
/home/ubuntu/PROGRAMA-BETA/src/External/CodeWalker.Core/GameFiles/Resources/ResourceBaseTypes.cs(1765,16): warning CS8618: Non-nullable property 'Data' must contain a non-null value when exiting constructor. Consider declaring the property as nullable. [/home/ubuntu/PROGRAMA-BETA/src/FiveMTool.csproj]
/home/ubuntu/PROGRAMA-BETA/src/External/CodeWalker.Core/GameFiles/FileTypes/RelFile.cs(9480,16): warning CS8618: Non-nullable property 'Clothes' must contain a non-null value when exiting constructor. Consider declaring the property as nullable. [/home/ubuntu/PROGRAMA-BETA/src/FiveMTool.csproj]
/home/ubuntu/PROGRAMA-BETA/src/External/CodeWalker.Core/GameFiles/Resources/ResourceBaseTypes.cs(1639,30): warning CS8625: Cannot convert null literal to non-nullable reference type. [/home/ubuntu/PROGRAMA-BETA/src/FiveMTool.csproj]
/home/ubuntu/PROGRAMA-BETA/src/External/CodeWalker.Core/GameFiles/Resources/ResourceBaseTypes.cs(1577,24): warning CS8618: Non-nullable property 'data_pointers' must contain a non-null value when exiting constructor. Consider declaring the property as nullable. [/home/ubuntu/PROGRAMA-BETA/src/FiveMTool.csproj]
/home/ubuntu/PROGRAMA-BETA/src/External/CodeWalker.Core/GameFiles/Resources/ResourceBaseTypes.cs(1578,20): warning CS8618: Non-nullable property 'data_items' must contain a non-null value when exiting constructor. Consider declaring the property as nullable. [/home/ubuntu/PROGRAMA-BETA/src/FiveMTool.csproj]
/home/ubuntu/PROGRAMA-BETA/src/External/CodeWalker.Core/GameFiles/Resources/ResourceBaseTypes.cs(1583,43): warning CS8618: Non-nullable field 'data_block' must contain a non-null value when exiting constructor. Consider declaring the field as nullable. [/home/ubuntu/PROGRAMA-BETA/src/FiveMTool.csproj]
/home/ubuntu/PROGRAMA-BETA/src/External/CodeWalker.Core/GameFiles/FileTypes/RelFile.cs(9575,16): warning CS8618: Non-nullable property 'CarRecordings' must contain a non-null value when exiting constructor. Consider declaring the property as nullable. [/home/ubuntu/PROGRAMA-BETA/src/FiveMTool.csproj]
/home/ubuntu/PROGRAMA-BETA/src/External/CodeWalker.Core/GameFiles/FileTypes/RelFile.cs(9670,16): warning CS8618: Non-nullable property 'WeatherTypes' must contain a non-null value when exiting constructor. Consider declaring the property as nullable. [/home/ubuntu/PROGRAMA-BETA/src/FiveMTool.csproj]
/home/ubuntu/PROGRAMA-BETA/src/External/CodeWalker.Core/GameFiles/Resources/ResourceBaseTypes.cs(1411,16): warning CS8618: Non-nullable property 'data_pointers' must contain a non-null value when exiting constructor. Consider declaring the property as nullable. [/home/ubuntu/PROGRAMA-BETA/src/FiveMTool.csproj]
/home/ubuntu/PROGRAMA-BETA/src/External/CodeWalker.Core/GameFiles/Resources/ResourceBaseTypes.cs(1411,16): warning CS8618: Non-nullable property 'data_items' must contain a non-null value when exiting constructor. Consider declaring the property as nullable. [/home/ubuntu/PROGRAMA-BETA/src/FiveMTool.csproj]
/home/ubuntu/PROGRAMA-BETA/src/External/CodeWalker.Core/GameFiles/FileTypes/RelFile.cs(8787,25): warning CS8603: Possible null reference return. [/home/ubuntu/PROGRAMA-BETA/src/FiveMTool.csproj]
/home/ubuntu/PROGRAMA-BETA/src/External/CodeWalker.Core/GameFiles/FileTypes/RelFile.cs(9779,16): warning CS8618: Non-nullable property 'Points' must contain a non-null value when exiting constructor. Consider declaring the property as nullable. [/home/ubuntu/PROGRAMA-BETA/src/FiveMTool.csproj]
/home/ubuntu/PROGRAMA-BETA/src/External/CodeWalker.Core/GameFiles/Resources/ResourceBaseTypes.cs(1371,30): warning CS8625: Cannot convert null literal to non-nullable reference type. [/home/ubuntu/PROGRAMA-BETA/src/FiveMTool.csproj]
/home/ubuntu/PROGRAMA-BETA/src/External/CodeWalker.Core/GameFiles/FileTypes/RelFile.cs(9883,16): warning CS8618: Non-nullable property 'Points' must contain a non-null value when exiting constructor. Consider declaring the property as nullable. [/home/ubuntu/PROGRAMA-BETA/src/FiveMTool.csproj]
/home/ubuntu/PROGRAMA-BETA/src/External/CodeWalker.Core/GameFiles/FileTypes/RelFile.cs(9961,16): warning CS8618: Non-nullable property 'Points' must contain a non-null value when exiting constructor. Consider declaring the property as nullable. [/home/ubuntu/PROGRAMA-BETA/src/FiveMTool.csproj]
/home/ubuntu/PROGRAMA-BETA/src/External/CodeWalker.Core/GameFiles/Resources/ResourceBaseTypes.cs(1317,24): warning CS8618: Non-nullable property 'data_items' must contain a non-null value when exiting constructor. Consider declaring the property as nullable. [/home/ubuntu/PROGRAMA-BETA/src/FiveMTool.csproj]
/home/ubuntu/PROGRAMA-BETA/src/External/CodeWalker.Core/GameFiles/Resources/ResourceBaseTypes.cs(1319,50): warning CS8618: Non-nullable field 'data_block' must contain a non-null value when exiting constructor. Consider declaring the field as nullable. [/home/ubuntu/PROGRAMA-BETA/src/FiveMTool.csproj]
/home/ubuntu/PROGRAMA-BETA/src/External/CodeWalker.Core/GameFiles/Resources/ResourceBaseTypes.cs(1293,30): warning CS8625: Cannot convert null literal to non-nullable reference type. [/home/ubuntu/PROGRAMA-BETA/src/FiveMTool.csproj]
/home/ubuntu/PROGRAMA-BETA/src/External/CodeWalker.Core/GameFiles/Resources/ResourceBaseTypes.cs(1239,24): warning CS8618: Non-nullable property 'data_items' must contain a non-null value when exiting constructor. Consider declaring the property as nullable. [/home/ubuntu/PROGRAMA-BETA/src/FiveMTool.csproj]
/home/ubuntu/PROGRAMA-BETA/src/External/CodeWalker.Core/GameFiles/Resources/ResourceBaseTypes.cs(1241,50): warning CS8618: Non-nullable field 'data_block' must contain a non-null value when exiting constructor. Consider declaring the field as nullable. [/home/ubuntu/PROGRAMA-BETA/src/FiveMTool.csproj]
/home/ubuntu/PROGRAMA-BETA/src/External/CodeWalker.Core/GameFiles/FileTypes/RelFile.cs(10148,16): warning CS8618: Non-nullable property 'ShoreLines' must contain a non-null value when exiting constructor. Consider declaring the property as nullable. [/home/ubuntu/PROGRAMA-BETA/src/FiveMTool.csproj]
/home/ubuntu/PROGRAMA-BETA/src/External/CodeWalker.Core/GameFiles/FileTypes/RelFile.cs(10050,16): warning CS8618: Non-nullable property 'Points' must contain a non-null value when exiting constructor. Consider declaring the property as nullable. [/home/ubuntu/PROGRAMA-BETA/src/FiveMTool.csproj]
/home/ubuntu/PROGRAMA-BETA/src/External/CodeWalker.Core/GameFiles/Resources/ResourceBaseTypes.cs(1215,30): warning CS8625: Cannot convert null literal to non-nullable reference type. [/home/ubuntu/PROGRAMA-BETA/src/FiveMTool.csproj]
/home/ubuntu/PROGRAMA-BETA/src/External/CodeWalker.Core/GameFiles/Resources/ResourceBaseTypes.cs(1161,23): warning CS8618: Non-nullable property 'data_items' must contain a non-null value when exiting constructor. Consider declaring the property as nullable. [/home/ubuntu/PROGRAMA-BETA/src/FiveMTool.csproj]
/home/ubuntu/PROGRAMA-BETA/src/External/CodeWalker.Core/GameFiles/Resources/ResourceBaseTypes.cs(1163,49): warning CS8618: Non-nullable field 'data_block' must contain a non-null value when exiting constructor. Consider declaring the field as nullable. [/home/ubuntu/PROGRAMA-BETA/src/FiveMTool.csproj]
/home/ubuntu/PROGRAMA-BETA/src/External/CodeWalker.Core/GameFiles/FileTypes/RelFile.cs(10226,16): warning CS8618: Non-nullable property 'Events' must contain a non-null value when exiting constructor. Consider declaring the property as nullable. [/home/ubuntu/PROGRAMA-BETA/src/FiveMTool.csproj]
/home/ubuntu/PROGRAMA-BETA/src/External/CodeWalker.Core/GameFiles/Resources/ResourceBaseTypes.cs(1137,30): warning CS8625: Cannot convert null literal to non-nullable reference type. [/home/ubuntu/PROGRAMA-BETA/src/FiveMTool.csproj]
/home/ubuntu/PROGRAMA-BETA/src/External/CodeWalker.Core/GameFiles/Resources/ResourceBaseTypes.cs(1083,25): warning CS8618: Non-nullable property 'data_items' must contain a non-null value when exiting constructor. Consider declaring the property as nullable. [/home/ubuntu/PROGRAMA-BETA/src/FiveMTool.csproj]
/home/ubuntu/PROGRAMA-BETA/src/External/CodeWalker.Core/GameFiles/Resources/ResourceBaseTypes.cs(1085,51): warning CS8618: Non-nullable field 'data_block' must contain a non-null value when exiting constructor. Consider declaring the field as nullable. [/home/ubuntu/PROGRAMA-BETA/src/FiveMTool.csproj]
/home/ubuntu/PROGRAMA-BETA/src/External/CodeWalker.Core/GameFiles/Resources/ResourceBaseTypes.cs(1059,30): warning CS8625: Cannot convert null literal to non-nullable reference type. [/home/ubuntu/PROGRAMA-BETA/src/FiveMTool.csproj]
/home/ubuntu/PROGRAMA-BETA/src/External/CodeWalker.Core/GameFiles/Resources/ResourceBaseTypes.cs(1005,23): warning CS8618: Non-nullable property 'data_items' must contain a non-null value when exiting constructor. Consider declaring the property as nullable. [/home/ubuntu/PROGRAMA-BETA/src/FiveMTool.csproj]
/home/ubuntu/PROGRAMA-BETA/src/External/CodeWalker.Core/GameFiles/Resources/ResourceBaseTypes.cs(1007,49): warning CS8618: Non-nullable field 'data_block' must contain a non-null value when exiting constructor. Consider declaring the field as nullable. [/home/ubuntu/PROGRAMA-BETA/src/FiveMTool.csproj]
/home/ubuntu/PROGRAMA-BETA/src/External/CodeWalker.Core/GameFiles/Resources/ResourceBaseTypes.cs(981,30): warning CS8625: Cannot convert null literal to non-nullable reference type. [/home/ubuntu/PROGRAMA-BETA/src/FiveMTool.csproj]
/home/ubuntu/PROGRAMA-BETA/src/External/CodeWalker.Core/GameFiles/Resources/ResourceBaseTypes.cs(927,20): warning CS8618: Non-nullable property 'data_items' must contain a non-null value when exiting constructor. Consider declaring the property as nullable. [/home/ubuntu/PROGRAMA-BETA/src/FiveMTool.csproj]
/home/ubuntu/PROGRAMA-BETA/src/External/CodeWalker.Core/GameFiles/Resources/ResourceBaseTypes.cs(929,46): warning CS8618: Non-nullable field 'data_block' must contain a non-null value when exiting constructor. Consider declaring the field as nullable. [/home/ubuntu/PROGRAMA-BETA/src/FiveMTool.csproj]
/home/ubuntu/PROGRAMA-BETA/src/External/CodeWalker.Core/GameFiles/FileTypes/RelFile.cs(11439,16): warning CS8618: Non-nullable field 'Params' must contain a non-null value when exiting constructor. Consider declaring the field as nullable. [/home/ubuntu/PROGRAMA-BETA/src/FiveMTool.csproj]
/home/ubuntu/PROGRAMA-BETA/src/External/CodeWalker.Core/GameFiles/Resources/ResourceBaseTypes.cs(901,30): warning CS8625: Cannot convert null literal to non-nullable reference type. [/home/ubuntu/PROGRAMA-BETA/src/FiveMTool.csproj]
/home/ubuntu/PROGRAMA-BETA/src/External/CodeWalker.Core/GameFiles/Resources/ResourceBaseTypes.cs(844,20): warning CS8618: Non-nullable property 'data_items' must contain a non-null value when exiting constructor. Consider declaring the property as nullable. [/home/ubuntu/PROGRAMA-BETA/src/FiveMTool.csproj]
/home/ubuntu/PROGRAMA-BETA/src/External/CodeWalker.Core/GameFiles/Resources/ResourceBaseTypes.cs(846,46): warning CS8618: Non-nullable field 'data_block' must contain a non-null value when exiting constructor. Consider declaring the field as nullable. [/home/ubuntu/PROGRAMA-BETA/src/FiveMTool.csproj]
/home/ubuntu/PROGRAMA-BETA/src/External/CodeWalker.Core/GameFiles/Resources/ResourceBaseTypes.cs(820,30): warning CS8625: Cannot convert null literal to non-nullable reference type. [/home/ubuntu/PROGRAMA-BETA/src/FiveMTool.csproj]
/home/ubuntu/PROGRAMA-BETA/src/External/CodeWalker.Core/GameFiles/Resources/ResourceBaseTypes.cs(753,20): warning CS8618: Non-nullable property 'data_items' must contain a non-null value when exiting constructor. Consider declaring the property as nullable. [/home/ubuntu/PROGRAMA-BETA/src/FiveMTool.csproj]
/home/ubuntu/PROGRAMA-BETA/src/External/CodeWalker.Core/GameFiles/Resources/ResourceBaseTypes.cs(755,40): warning CS8618: Non-nullable field 'data_block' must contain a non-null value when exiting constructor. Consider declaring the field as nullable. [/home/ubuntu/PROGRAMA-BETA/src/FiveMTool.csproj]
/home/ubuntu/PROGRAMA-BETA/src/External/CodeWalker.Core/GameFiles/Resources/ResourceBaseTypes.cs(419,16): warning CS8618: Non-nullable property 'Data' must contain a non-null value when exiting constructor. Consider declaring the property as nullable. [/home/ubuntu/PROGRAMA-BETA/src/FiveMTool.csproj]
/home/ubuntu/PROGRAMA-BETA/src/External/CodeWalker.Core/GameFiles/Resources/ResourceBaseTypes.cs(487,20): warning CS8603: Possible null reference return. [/home/ubuntu/PROGRAMA-BETA/src/FiveMTool.csproj]
/home/ubuntu/PROGRAMA-BETA/src/External/CodeWalker.Core/GameFiles/Resources/ResourceBaseTypes.cs(497,20): warning CS8603: Possible null reference return. [/home/ubuntu/PROGRAMA-BETA/src/FiveMTool.csproj]
/home/ubuntu/PROGRAMA-BETA/src/External/CodeWalker.Core/GameFiles/Resources/ResourceBaseTypes.cs(507,20): warning CS8603: Possible null reference return. [/home/ubuntu/PROGRAMA-BETA/src/FiveMTool.csproj]
/home/ubuntu/PROGRAMA-BETA/src/External/CodeWalker.Core/GameFiles/Resources/ResourceBaseTypes.cs(512,20): warning CS8603: Possible null reference return. [/home/ubuntu/PROGRAMA-BETA/src/FiveMTool.csproj]
/home/ubuntu/PROGRAMA-BETA/src/External/CodeWalker.Core/GameFiles/Resources/ResourceBaseTypes.cs(517,20): warning CS8603: Possible null reference return. [/home/ubuntu/PROGRAMA-BETA/src/FiveMTool.csproj]
/home/ubuntu/PROGRAMA-BETA/src/External/CodeWalker.Core/GameFiles/Resources/ResourceBaseTypes.cs(555,46): warning CS8625: Cannot convert null literal to non-nullable reference type. [/home/ubuntu/PROGRAMA-BETA/src/FiveMTool.csproj]
/home/ubuntu/PROGRAMA-BETA/src/External/CodeWalker.Core/GameFiles/Resources/ResourceBaseTypes.cs(597,28): warning CS8603: Possible null reference return. [/home/ubuntu/PROGRAMA-BETA/src/FiveMTool.csproj]
/home/ubuntu/PROGRAMA-BETA/src/External/CodeWalker.Core/GameFiles/Resources/ResourceBaseTypes.cs(55,23): warning CS8618: Non-nullable property 'Value' must contain a non-null value when exiting constructor. Consider declaring the property as nullable. [/home/ubuntu/PROGRAMA-BETA/src/FiveMTool.csproj]
/home/ubuntu/PROGRAMA-BETA/src/External/CodeWalker.Core/GameFiles/Resources/ResourceAnalyzer.cs(62,27): warning CS8601: Possible null reference assignment. [/home/ubuntu/PROGRAMA-BETA/src/FiveMTool.csproj]
/home/ubuntu/PROGRAMA-BETA/src/External/CodeWalker.Core/GameFiles/Resources/ResourceAnalyzer.cs(63,29): warning CS8601: Possible null reference assignment. [/home/ubuntu/PROGRAMA-BETA/src/FiveMTool.csproj]
/home/ubuntu/PROGRAMA-BETA/src/External/CodeWalker.Core/GameFiles/Resources/ResourceAnalyzer.cs(72,36): warning CS8601: Possible null reference assignment. [/home/ubuntu/PROGRAMA-BETA/src/FiveMTool.csproj]
/home/ubuntu/PROGRAMA-BETA/src/External/CodeWalker.Core/GameFiles/Resources/ResourceAnalyzer.cs(73,38): warning CS8601: Possible null reference assignment. [/home/ubuntu/PROGRAMA-BETA/src/FiveMTool.csproj]
/home/ubuntu/PROGRAMA-BETA/src/External/CodeWalker.Core/GameFiles/Resources/ResourceAnalyzer.cs(85,30): warning CS8601: Possible null reference assignment. [/home/ubuntu/PROGRAMA-BETA/src/FiveMTool.csproj]
/home/ubuntu/PROGRAMA-BETA/src/External/CodeWalker.Core/GameFiles/Resources/ResourceAnalyzer.cs(89,46): warning CS8604: Possible null reference argument for parameter 't' in 'int Marshal.SizeOf(Type t)'. [/home/ubuntu/PROGRAMA-BETA/src/FiveMTool.csproj]
/home/ubuntu/PROGRAMA-BETA/src/External/CodeWalker.Core/GameFiles/Resources/ResourceAnalyzer.cs(94,35): warning CS8601: Possible null reference assignment. [/home/ubuntu/PROGRAMA-BETA/src/FiveMTool.csproj]
/home/ubuntu/PROGRAMA-BETA/src/External/CodeWalker.Core/GameFiles/Resources/ResourceAnalyzer.cs(59,16): warning CS8618: Non-nullable property 'FileEntry' must contain a non-null value when exiting constructor. Consider declaring the property as nullable. [/home/ubuntu/PROGRAMA-BETA/src/FiveMTool.csproj]
/home/ubuntu/PROGRAMA-BETA/src/External/CodeWalker.Core/GameFiles/Resources/ResourceAnalyzer.cs(59,16): warning CS8618: Non-nullable property 'FilePagesInfo' must contain a non-null value when exiting constructor. Consider declaring the property as nullable. [/home/ubuntu/PROGRAMA-BETA/src/FiveMTool.csproj]
/home/ubuntu/PROGRAMA-BETA/src/External/CodeWalker.Core/GameFiles/Resources/ResourceAnalyzer.cs(59,16): warning CS8618: Non-nullable property 'SystemPages' must contain a non-null value when exiting constructor. Consider declaring the property as nullable. [/home/ubuntu/PROGRAMA-BETA/src/FiveMTool.csproj]
/home/ubuntu/PROGRAMA-BETA/src/External/CodeWalker.Core/GameFiles/Resources/ResourceAnalyzer.cs(59,16): warning CS8618: Non-nullable property 'GraphicsPages' must contain a non-null value when exiting constructor. Consider declaring the property as nullable. [/home/ubuntu/PROGRAMA-BETA/src/FiveMTool.csproj]
/home/ubuntu/PROGRAMA-BETA/src/External/CodeWalker.Core/GameFiles/Resources/ResourceAnalyzer.cs(25,40): warning CS8618: Non-nullable property 'SystemBlock' must contain a non-null value when exiting constructor. Consider declaring the property as nullable. [/home/ubuntu/PROGRAMA-BETA/src/FiveMTool.csproj]
/home/ubuntu/PROGRAMA-BETA/src/External/CodeWalker.Core/GameFiles/Resources/ResourceAnalyzer.cs(26,42): warning CS8618: Non-nullable property 'GraphicsBlock' must contain a non-null value when exiting constructor. Consider declaring the property as nullable. [/home/ubuntu/PROGRAMA-BETA/src/FiveMTool.csproj]
/home/ubuntu/PROGRAMA-BETA/src/External/CodeWalker.Core/GameFiles/Resources/ResourceAnalyzer.cs(27,26): warning CS8618: Non-nullable property 'Array' must contain a non-null value when exiting constructor. Consider declaring the property as nullable. [/home/ubuntu/PROGRAMA-BETA/src/FiveMTool.csproj]
/home/ubuntu/PROGRAMA-BETA/src/External/CodeWalker.Core/GameFiles/Resources/ResourceAnalyzer.cs(28,27): warning CS8618: Non-nullable property 'String' must contain a non-null value when exiting constructor. Consider declaring the property as nullable. [/home/ubuntu/PROGRAMA-BETA/src/FiveMTool.csproj]
/home/ubuntu/PROGRAMA-BETA/src/External/CodeWalker.Core/GameFiles/Resources/Particle.cs(6102,39): warning CS8604: Possible null reference argument for parameter 'arr' in 'void MetaXmlBase.WriteItemArray<ParticleShaderVarKeyframeItem>(StringBuilder sb, ParticleShaderVarKeyframeItem[] arr, int ind, string name)'. [/home/ubuntu/PROGRAMA-BETA/src/FiveMTool.csproj]
/home/ubuntu/PROGRAMA-BETA/src/External/CodeWalker.Core/GameFiles/Resources/Particle.cs(6061,68): warning CS8618: Non-nullable property 'Items' must contain a non-null value when exiting constructor. Consider declaring the property as nullable. [/home/ubuntu/PROGRAMA-BETA/src/FiveMTool.csproj]
/home/ubuntu/PROGRAMA-BETA/src/External/CodeWalker.Core/GameFiles/FileTypes/RelFile.cs(12073,16): warning CS8618: Non-nullable property 'PrimaryVoices' must contain a non-null value when exiting constructor. Consider declaring the property as nullable. [/home/ubuntu/PROGRAMA-BETA/src/FiveMTool.csproj]
/home/ubuntu/PROGRAMA-BETA/src/External/CodeWalker.Core/GameFiles/FileTypes/RelFile.cs(12073,16): warning CS8618: Non-nullable property 'MiniVoices' must contain a non-null value when exiting constructor. Consider declaring the property as nullable. [/home/ubuntu/PROGRAMA-BETA/src/FiveMTool.csproj]
/home/ubuntu/PROGRAMA-BETA/src/External/CodeWalker.Core/GameFiles/FileTypes/RelFile.cs(12073,16): warning CS8618: Non-nullable property 'GangVoices' must contain a non-null value when exiting constructor. Consider declaring the property as nullable. [/home/ubuntu/PROGRAMA-BETA/src/FiveMTool.csproj]
/home/ubuntu/PROGRAMA-BETA/src/External/CodeWalker.Core/GameFiles/FileTypes/RelFile.cs(12073,16): warning CS8618: Non-nullable property 'BackupPVGs' must contain a non-null value when exiting constructor. Consider declaring the property as nullable. [/home/ubuntu/PROGRAMA-BETA/src/FiveMTool.csproj]
/home/ubuntu/PROGRAMA-BETA/src/External/CodeWalker.Core/GameFiles/Resources/Particle.cs(6037,126): warning CS8625: Cannot convert null literal to non-nullable reference type. [/home/ubuntu/PROGRAMA-BETA/src/FiveMTool.csproj]
/home/ubuntu/PROGRAMA-BETA/src/External/CodeWalker.Core/GameFiles/FileTypes/RelFile.cs(12078,16): warning CS8618: Non-nullable property 'PrimaryVoices' must contain a non-null value when exiting constructor. Consider declaring the property as nullable. [/home/ubuntu/PROGRAMA-BETA/src/FiveMTool.csproj]
/home/ubuntu/PROGRAMA-BETA/src/External/CodeWalker.Core/GameFiles/FileTypes/RelFile.cs(12078,16): warning CS8618: Non-nullable property 'MiniVoices' must contain a non-null value when exiting constructor. Consider declaring the property as nullable. [/home/ubuntu/PROGRAMA-BETA/src/FiveMTool.csproj]
/home/ubuntu/PROGRAMA-BETA/src/External/CodeWalker.Core/GameFiles/FileTypes/RelFile.cs(12078,16): warning CS8618: Non-nullable property 'GangVoices' must contain a non-null value when exiting constructor. Consider declaring the property as nullable. [/home/ubuntu/PROGRAMA-BETA/src/FiveMTool.csproj]
/home/ubuntu/PROGRAMA-BETA/src/External/CodeWalker.Core/GameFiles/FileTypes/RelFile.cs(12078,16): warning CS8618: Non-nullable property 'BackupPVGs' must contain a non-null value when exiting constructor. Consider declaring the property as nullable. [/home/ubuntu/PROGRAMA-BETA/src/FiveMTool.csproj]
/home/ubuntu/PROGRAMA-BETA/src/External/CodeWalker.Core/GameFiles/Resources/Particle.cs(5976,24): warning CS8618: Non-nullable property 'Texture' must contain a non-null value when exiting constructor. Consider declaring the property as nullable. [/home/ubuntu/PROGRAMA-BETA/src/FiveMTool.csproj]
/home/ubuntu/PROGRAMA-BETA/src/External/CodeWalker.Core/GameFiles/Resources/Particle.cs(5977,25): warning CS8618: Non-nullable property 'TextureName' must contain a non-null value when exiting constructor. Consider declaring the property as nullable. [/home/ubuntu/PROGRAMA-BETA/src/FiveMTool.csproj]
/home/ubuntu/PROGRAMA-BETA/src/External/CodeWalker.Core/GameFiles/Resources/Particle.cs(5843,24): warning CS8603: Possible null reference return. [/home/ubuntu/PROGRAMA-BETA/src/FiveMTool.csproj]
/home/ubuntu/PROGRAMA-BETA/src/External/CodeWalker.Core/GameFiles/Resources/Particle.cs(5845,20): warning CS8603: Possible null reference return. [/home/ubuntu/PROGRAMA-BETA/src/FiveMTool.csproj]
/home/ubuntu/PROGRAMA-BETA/src/External/CodeWalker.Core/GameFiles/Resources/Particle.cs(5864,33): warning CS8603: Possible null reference return. [/home/ubuntu/PROGRAMA-BETA/src/FiveMTool.csproj]
/home/ubuntu/PROGRAMA-BETA/src/External/CodeWalker.Core/GameFiles/FileTypes/RelFile.cs(14319,16): warning CS8618: Non-nullable property 'ContextName' must contain a non-null value when exiting constructor. Consider declaring the property as nullable. [/home/ubuntu/PROGRAMA-BETA/src/FiveMTool.csproj]
/home/ubuntu/PROGRAMA-BETA/src/External/CodeWalker.Core/GameFiles/FileTypes/RelFile.cs(14340,41): warning CS8604: Possible null reference argument for parameter 's' in 'int Encoding.GetBytes(string s, int charIndex, int charCount, byte[] bytes, int byteIndex)'. [/home/ubuntu/PROGRAMA-BETA/src/FiveMTool.csproj]
/home/ubuntu/PROGRAMA-BETA/src/External/CodeWalker.Core/GameFiles/FileTypes/RelFile.cs(14394,16): warning CS8618: Non-nullable property 'Contexts' must contain a non-null value when exiting constructor. Consider declaring the property as nullable. [/home/ubuntu/PROGRAMA-BETA/src/FiveMTool.csproj]
/home/ubuntu/PROGRAMA-BETA/src/External/CodeWalker.Core/GameFiles/Resources/Particle.cs(5361,37): warning CS8618: Non-nullable property 'RGBTintMinKFP' must contain a non-null value when exiting constructor. Consider declaring the property as nullable. [/home/ubuntu/PROGRAMA-BETA/src/FiveMTool.csproj]
/home/ubuntu/PROGRAMA-BETA/src/External/CodeWalker.Core/GameFiles/Resources/Particle.cs(5362,37): warning CS8618: Non-nullable property 'RGBTintMaxKFP' must contain a non-null value when exiting constructor. Consider declaring the property as nullable. [/home/ubuntu/PROGRAMA-BETA/src/FiveMTool.csproj]
/home/ubuntu/PROGRAMA-BETA/src/External/CodeWalker.Core/GameFiles/Resources/Particle.cs(5363,37): warning CS8618: Non-nullable property 'DensityRangeKFP' must contain a non-null value when exiting constructor. Consider declaring the property as nullable. [/home/ubuntu/PROGRAMA-BETA/src/FiveMTool.csproj]
/home/ubuntu/PROGRAMA-BETA/src/External/CodeWalker.Core/GameFiles/Resources/Particle.cs(5364,37): warning CS8618: Non-nullable property 'ScaleMinKFP' must contain a non-null value when exiting constructor. Consider declaring the property as nullable. [/home/ubuntu/PROGRAMA-BETA/src/FiveMTool.csproj]
/home/ubuntu/PROGRAMA-BETA/src/External/CodeWalker.Core/GameFiles/Resources/Particle.cs(5365,37): warning CS8618: Non-nullable property 'ScaleMaxKFP' must contain a non-null value when exiting constructor. Consider declaring the property as nullable. [/home/ubuntu/PROGRAMA-BETA/src/FiveMTool.csproj]
/home/ubuntu/PROGRAMA-BETA/src/External/CodeWalker.Core/GameFiles/Resources/Particle.cs(5366,37): warning CS8618: Non-nullable property 'RotationMinKFP' must contain a non-null value when exiting constructor. Consider declaring the property as nullable. [/home/ubuntu/PROGRAMA-BETA/src/FiveMTool.csproj]
/home/ubuntu/PROGRAMA-BETA/src/External/CodeWalker.Core/GameFiles/Resources/Particle.cs(5367,37): warning CS8618: Non-nullable property 'RotationMaxKFP' must contain a non-null value when exiting constructor. Consider declaring the property as nullable. [/home/ubuntu/PROGRAMA-BETA/src/FiveMTool.csproj]
/home/ubuntu/PROGRAMA-BETA/src/External/CodeWalker.Core/GameFiles/FileTypes/RelFile.cs(14721,16): warning CS8618: Non-nullable property 'BackupSpeechContexts' must contain a non-null value when exiting constructor. Consider declaring the property as nullable. [/home/ubuntu/PROGRAMA-BETA/src/FiveMTool.csproj]
/home/ubuntu/PROGRAMA-BETA/src/External/CodeWalker.Core/GameFiles/Resources/Particle.cs(5240,37): warning CS8618: Non-nullable property 'TexInfoKFP' must contain a non-null value when exiting constructor. Consider declaring the property as nullable. [/home/ubuntu/PROGRAMA-BETA/src/FiveMTool.csproj]
/home/ubuntu/PROGRAMA-BETA/src/External/CodeWalker.Core/GameFiles/Resources/Particle.cs(5182,37): warning CS8618: Non-nullable property 'StrengthKFP' must contain a non-null value when exiting constructor. Consider declaring the property as nullable. [/home/ubuntu/PROGRAMA-BETA/src/FiveMTool.csproj]
/home/ubuntu/PROGRAMA-BETA/src/External/CodeWalker.Core/GameFiles/FileTypes/RelFile.cs(14952,16): warning CS8618: Non-nullable property 'Items' must contain a non-null value when exiting constructor. Consider declaring the property as nullable. [/home/ubuntu/PROGRAMA-BETA/src/FiveMTool.csproj]
/home/ubuntu/PROGRAMA-BETA/src/External/CodeWalker.Core/GameFiles/Resources/Particle.cs(5056,37): warning CS8618: Non-nullable property 'PosNoiseMinKFP' must contain a non-null value when exiting constructor. Consider declaring the property as nullable. [/home/ubuntu/PROGRAMA-BETA/src/FiveMTool.csproj]
/home/ubuntu/PROGRAMA-BETA/src/External/CodeWalker.Core/GameFiles/Resources/Particle.cs(5057,37): warning CS8618: Non-nullable property 'PosNoiseMaxKFP' must contain a non-null value when exiting constructor. Consider declaring the property as nullable. [/home/ubuntu/PROGRAMA-BETA/src/FiveMTool.csproj]
/home/ubuntu/PROGRAMA-BETA/src/External/CodeWalker.Core/GameFiles/Resources/Particle.cs(5058,37): warning CS8618: Non-nullable property 'VelNoiseMinKFP' must contain a non-null value when exiting constructor. Consider declaring the property as nullable. [/home/ubuntu/PROGRAMA-BETA/src/FiveMTool.csproj]
/home/ubuntu/PROGRAMA-BETA/src/External/CodeWalker.Core/GameFiles/Resources/Particle.cs(5059,37): warning CS8618: Non-nullable property 'VelNoiseMaxKFP' must contain a non-null value when exiting constructor. Consider declaring the property as nullable. [/home/ubuntu/PROGRAMA-BETA/src/FiveMTool.csproj]
/home/ubuntu/PROGRAMA-BETA/src/External/CodeWalker.Core/GameFiles/FileTypes/RelFile.cs(15087,16): warning CS8618: Non-nullable property 'TriggeredSpeechContexts' must contain a non-null value when exiting constructor. Consider declaring the property as nullable. [/home/ubuntu/PROGRAMA-BETA/src/FiveMTool.csproj]
/home/ubuntu/PROGRAMA-BETA/src/External/CodeWalker.Core/GameFiles/Resources/Particle.cs(4964,37): warning CS8618: Non-nullable property 'HeightKFP' must contain a non-null value when exiting constructor. Consider declaring the property as nullable. [/home/ubuntu/PROGRAMA-BETA/src/FiveMTool.csproj]
/home/ubuntu/PROGRAMA-BETA/src/External/CodeWalker.Core/GameFiles/Resources/Particle.cs(4965,37): warning CS8618: Non-nullable property 'FadeDistKFP' must contain a non-null value when exiting constructor. Consider declaring the property as nullable. [/home/ubuntu/PROGRAMA-BETA/src/FiveMTool.csproj]
/home/ubuntu/PROGRAMA-BETA/src/External/CodeWalker.Core/GameFiles/FileTypes/RelFile.cs(15338,16): warning CS8618: Non-nullable property 'Items' must contain a non-null value when exiting constructor. Consider declaring the property as nullable. [/home/ubuntu/PROGRAMA-BETA/src/FiveMTool.csproj]
/home/ubuntu/PROGRAMA-BETA/src/External/CodeWalker.Core/GameFiles/FileTypes/RelFile.cs(15485,16): warning CS8618: Non-nullable property 'Items' must contain a non-null value when exiting constructor. Consider declaring the property as nullable. [/home/ubuntu/PROGRAMA-BETA/src/FiveMTool.csproj]
/home/ubuntu/PROGRAMA-BETA/src/External/CodeWalker.Core/GameFiles/Resources/Particle.cs(4812,37): warning CS8618: Non-nullable property 'DimensionsKFP' must contain a non-null value when exiting constructor. Consider declaring the property as nullable. [/home/ubuntu/PROGRAMA-BETA/src/FiveMTool.csproj]
/home/ubuntu/PROGRAMA-BETA/src/External/CodeWalker.Core/GameFiles/Resources/Particle.cs(4813,37): warning CS8618: Non-nullable property 'AlphaKFP' must contain a non-null value when exiting constructor. Consider declaring the property as nullable. [/home/ubuntu/PROGRAMA-BETA/src/FiveMTool.csproj]
/home/ubuntu/PROGRAMA-BETA/src/External/CodeWalker.Core/GameFiles/FileTypes/RelFile.cs(15604,16): warning CS8618: Non-nullable property 'CrimeSets' must contain a non-null value when exiting constructor. Consider declaring the property as nullable. [/home/ubuntu/PROGRAMA-BETA/src/FiveMTool.csproj]
/home/ubuntu/PROGRAMA-BETA/src/External/CodeWalker.Core/GameFiles/FileTypes/RelFile.cs(15814,16): warning CS8618: Non-nullable property 'Phrase' must contain a non-null value when exiting constructor. Consider declaring the property as nullable. [/home/ubuntu/PROGRAMA-BETA/src/FiveMTool.csproj]
/home/ubuntu/PROGRAMA-BETA/src/External/CodeWalker.Core/GameFiles/FileTypes/RelFile.cs(15685,16): warning CS8618: Non-nullable property 'FriendGroups' must contain a non-null value when exiting constructor. Consider declaring the property as nullable. [/home/ubuntu/PROGRAMA-BETA/src/FiveMTool.csproj]
/home/ubuntu/PROGRAMA-BETA/src/External/CodeWalker.Core/GameFiles/FileTypes/RelFile.cs(15952,16): warning CS8618: Non-nullable property 'Sound' must contain a non-null value when exiting constructor. Consider declaring the property as nullable. [/home/ubuntu/PROGRAMA-BETA/src/FiveMTool.csproj]
/home/ubuntu/PROGRAMA-BETA/src/External/CodeWalker.Core/GameFiles/FileTypes/RelFile.cs(16035,16): warning CS8618: Non-nullable property 'Locations' must contain a non-null value when exiting constructor. Consider declaring the property as nullable. [/home/ubuntu/PROGRAMA-BETA/src/FiveMTool.csproj]
/home/ubuntu/PROGRAMA-BETA/src/External/CodeWalker.Core/GameFiles/FileTypes/RelFile.cs(16119,16): warning CS8618: Non-nullable property 'AmbienceSlots' must contain a non-null value when exiting constructor. Consider declaring the property as nullable. [/home/ubuntu/PROGRAMA-BETA/src/FiveMTool.csproj]
/home/ubuntu/PROGRAMA-BETA/src/External/CodeWalker.Core/GameFiles/FileTypes/RelFile.cs(16160,16): warning CS8618: Non-nullable property 'AmbienceBanks' must contain a non-null value when exiting constructor. Consider declaring the property as nullable. [/home/ubuntu/PROGRAMA-BETA/src/FiveMTool.csproj]
/home/ubuntu/PROGRAMA-BETA/src/External/CodeWalker.Core/GameFiles/Resources/Particle.cs(4516,37): warning CS8618: Non-nullable property 'RGBMinKFP' must contain a non-null value when exiting constructor. Consider declaring the property as nullable. [/home/ubuntu/PROGRAMA-BETA/src/FiveMTool.csproj]
/home/ubuntu/PROGRAMA-BETA/src/External/CodeWalker.Core/GameFiles/Resources/Particle.cs(4517,37): warning CS8618: Non-nullable property 'RGBMaxKFP' must contain a non-null value when exiting constructor. Consider declaring the property as nullable. [/home/ubuntu/PROGRAMA-BETA/src/FiveMTool.csproj]
/home/ubuntu/PROGRAMA-BETA/src/External/CodeWalker.Core/GameFiles/Resources/Particle.cs(4518,37): warning CS8618: Non-nullable property 'IntensityKFP' must contain a non-null value when exiting constructor. Consider declaring the property as nullable. [/home/ubuntu/PROGRAMA-BETA/src/FiveMTool.csproj]
/home/ubuntu/PROGRAMA-BETA/src/External/CodeWalker.Core/GameFiles/Resources/Particle.cs(4519,37): warning CS8618: Non-nullable property 'RangeKFP' must contain a non-null value when exiting constructor. Consider declaring the property as nullable. [/home/ubuntu/PROGRAMA-BETA/src/FiveMTool.csproj]
/home/ubuntu/PROGRAMA-BETA/src/External/CodeWalker.Core/GameFiles/Resources/Particle.cs(4520,37): warning CS8618: Non-nullable property 'CoronaRGBMinKFP' must contain a non-null value when exiting constructor. Consider declaring the property as nullable. [/home/ubuntu/PROGRAMA-BETA/src/FiveMTool.csproj]
/home/ubuntu/PROGRAMA-BETA/src/External/CodeWalker.Core/GameFiles/Resources/Particle.cs(4521,37): warning CS8618: Non-nullable property 'CoronaRGBMaxKFP' must contain a non-null value when exiting constructor. Consider declaring the property as nullable. [/home/ubuntu/PROGRAMA-BETA/src/FiveMTool.csproj]
/home/ubuntu/PROGRAMA-BETA/src/External/CodeWalker.Core/GameFiles/Resources/Particle.cs(4522,37): warning CS8618: Non-nullable property 'CoronaIntensityKFP' must contain a non-null value when exiting constructor. Consider declaring the property as nullable. [/home/ubuntu/PROGRAMA-BETA/src/FiveMTool.csproj]
/home/ubuntu/PROGRAMA-BETA/src/External/CodeWalker.Core/GameFiles/Resources/Particle.cs(4523,37): warning CS8618: Non-nullable property 'CoronaSizeKFP' must contain a non-null value when exiting constructor. Consider declaring the property as nullable. [/home/ubuntu/PROGRAMA-BETA/src/FiveMTool.csproj]
/home/ubuntu/PROGRAMA-BETA/src/External/CodeWalker.Core/GameFiles/Resources/Particle.cs(4524,37): warning CS8618: Non-nullable property 'CoronaFlareKFP' must contain a non-null value when exiting constructor. Consider declaring the property as nullable. [/home/ubuntu/PROGRAMA-BETA/src/FiveMTool.csproj]
/home/ubuntu/PROGRAMA-BETA/src/External/CodeWalker.Core/GameFiles/FileTypes/RelFile.cs(16495,16): warning CS8618: Non-nullable property 'WindSounds' must contain a non-null value when exiting constructor. Consider declaring the property as nullable. [/home/ubuntu/PROGRAMA-BETA/src/FiveMTool.csproj]
/home/ubuntu/PROGRAMA-BETA/src/External/CodeWalker.Core/GameFiles/Resources/Particle.cs(4418,37): warning CS8618: Non-nullable property 'InfluenceKFP' must contain a non-null value when exiting constructor. Consider declaring the property as nullable. [/home/ubuntu/PROGRAMA-BETA/src/FiveMTool.csproj]
/home/ubuntu/PROGRAMA-BETA/src/External/CodeWalker.Core/GameFiles/FileTypes/RelFile.cs(16978,16): warning CS8618: Non-nullable property 'AngryContexts' must contain a non-null value when exiting constructor. Consider declaring the property as nullable. [/home/ubuntu/PROGRAMA-BETA/src/FiveMTool.csproj]
/home/ubuntu/PROGRAMA-BETA/src/External/CodeWalker.Core/GameFiles/FileTypes/RelFile.cs(16978,16): warning CS8618: Non-nullable property 'PlayfulContexts' must contain a non-null value when exiting constructor. Consider declaring the property as nullable. [/home/ubuntu/PROGRAMA-BETA/src/FiveMTool.csproj]
/home/ubuntu/PROGRAMA-BETA/src/External/CodeWalker.Core/GameFiles/FileTypes/RelFile.cs(17056,16): warning CS8618: Non-nullable property 'Items' must contain a non-null value when exiting constructor. Consider declaring the property as nullable. [/home/ubuntu/PROGRAMA-BETA/src/FiveMTool.csproj]
/home/ubuntu/PROGRAMA-BETA/src/External/CodeWalker.Core/GameFiles/FileTypes/RelFile.cs(17573,16): warning CS8618: Non-nullable property 'Microphones' must contain a non-null value when exiting constructor. Consider declaring the property as nullable. [/home/ubuntu/PROGRAMA-BETA/src/FiveMTool.csproj]
/home/ubuntu/PROGRAMA-BETA/src/External/CodeWalker.Core/GameFiles/FileTypes/RelFile.cs(17632,16): warning CS8618: Non-nullable property 'Items' must contain a non-null value when exiting constructor. Consider declaring the property as nullable. [/home/ubuntu/PROGRAMA-BETA/src/FiveMTool.csproj]
/home/ubuntu/PROGRAMA-BETA/src/External/CodeWalker.Core/GameFiles/FileTypes/RelFile.cs(17632,16): warning CS8618: Non-nullable property 'Items2' must contain a non-null value when exiting constructor. Consider declaring the property as nullable. [/home/ubuntu/PROGRAMA-BETA/src/FiveMTool.csproj]
/home/ubuntu/PROGRAMA-BETA/src/External/CodeWalker.Core/GameFiles/FileTypes/RelFile.cs(17637,16): warning CS8618: Non-nullable property 'Items2' must contain a non-null value when exiting constructor. Consider declaring the property as nullable. [/home/ubuntu/PROGRAMA-BETA/src/FiveMTool.csproj]
/home/ubuntu/PROGRAMA-BETA/src/External/CodeWalker.Core/GameFiles/FileTypes/RelFile.cs(17700,26): warning CS8625: Cannot convert null literal to non-nullable reference type. [/home/ubuntu/PROGRAMA-BETA/src/FiveMTool.csproj]
/home/ubuntu/PROGRAMA-BETA/src/External/CodeWalker.Core/GameFiles/Resources/Particle.cs(4188,37): warning CS8618: Non-nullable property 'RGBAMinKFP' must contain a non-null value when exiting constructor. Consider declaring the property as nullable. [/home/ubuntu/PROGRAMA-BETA/src/FiveMTool.csproj]
/home/ubuntu/PROGRAMA-BETA/src/External/CodeWalker.Core/GameFiles/Resources/Particle.cs(4189,37): warning CS8618: Non-nullable property 'RGBAMaxKFP' must contain a non-null value when exiting constructor. Consider declaring the property as nullable. [/home/ubuntu/PROGRAMA-BETA/src/FiveMTool.csproj]
/home/ubuntu/PROGRAMA-BETA/src/External/CodeWalker.Core/GameFiles/Resources/Particle.cs(4190,37): warning CS8618: Non-nullable property 'EmissiveIntensityKFP' must contain a non-null value when exiting constructor. Consider declaring the property as nullable. [/home/ubuntu/PROGRAMA-BETA/src/FiveMTool.csproj]
/home/ubuntu/PROGRAMA-BETA/src/External/CodeWalker.Core/GameFiles/FileTypes/RelFile.cs(18212,16): warning CS8618: Non-nullable property 'Items' must contain a non-null value when exiting constructor. Consider declaring the property as nullable. [/home/ubuntu/PROGRAMA-BETA/src/FiveMTool.csproj]
/home/ubuntu/PROGRAMA-BETA/src/External/CodeWalker.Core/GameFiles/Resources/Particle.cs(4097,37): warning CS8618: Non-nullable property 'AnimRateKFP' must contain a non-null value when exiting constructor. Consider declaring the property as nullable. [/home/ubuntu/PROGRAMA-BETA/src/FiveMTool.csproj]
/home/ubuntu/PROGRAMA-BETA/src/External/CodeWalker.Core/GameFiles/Resources/Particle.cs(3987,37): warning CS8618: Non-nullable property 'BouncinessKFP' must contain a non-null value when exiting constructor. Consider declaring the property as nullable. [/home/ubuntu/PROGRAMA-BETA/src/FiveMTool.csproj]
/home/ubuntu/PROGRAMA-BETA/src/External/CodeWalker.Core/GameFiles/Resources/Particle.cs(3988,37): warning CS8618: Non-nullable property 'BounceDirVarKFP' must contain a non-null value when exiting constructor. Consider declaring the property as nullable. [/home/ubuntu/PROGRAMA-BETA/src/FiveMTool.csproj]
/home/ubuntu/PROGRAMA-BETA/src/External/CodeWalker.Core/GameFiles/Resources/Particle.cs(3920,37): warning CS8618: Non-nullable property 'mtxWeightKFP' must contain a non-null value when exiting constructor. Consider declaring the property as nullable. [/home/ubuntu/PROGRAMA-BETA/src/FiveMTool.csproj]
/home/ubuntu/PROGRAMA-BETA/src/External/CodeWalker.Core/GameFiles/FileTypes/RelFile.cs(18560,16): warning CS8618: Non-nullable property 'Variations' must contain a non-null value when exiting constructor. Consider declaring the property as nullable. [/home/ubuntu/PROGRAMA-BETA/src/FiveMTool.csproj]
/home/ubuntu/PROGRAMA-BETA/src/External/CodeWalker.Core/GameFiles/Resources/Particle.cs(3823,37): warning CS8618: Non-nullable property 'XYZMinKFP' must contain a non-null value when exiting constructor. Consider declaring the property as nullable. [/home/ubuntu/PROGRAMA-BETA/src/FiveMTool.csproj]
/home/ubuntu/PROGRAMA-BETA/src/External/CodeWalker.Core/GameFiles/Resources/Particle.cs(3824,37): warning CS8618: Non-nullable property 'XYZMaxKFP' must contain a non-null value when exiting constructor. Consider declaring the property as nullable. [/home/ubuntu/PROGRAMA-BETA/src/FiveMTool.csproj]
/home/ubuntu/PROGRAMA-BETA/src/External/CodeWalker.Core/GameFiles/FileTypes/RelFile.cs(18926,16): warning CS8618: Non-nullable property 'ContextName' must contain a non-null value when exiting constructor. Consider declaring the property as nullable. [/home/ubuntu/PROGRAMA-BETA/src/FiveMTool.csproj]
/home/ubuntu/PROGRAMA-BETA/src/External/CodeWalker.Core/GameFiles/FileTypes/RelFile.cs(18968,16): warning CS8618: Non-nullable property 'Items' must contain a non-null value when exiting constructor. Consider declaring the property as nullable. [/home/ubuntu/PROGRAMA-BETA/src/FiveMTool.csproj]
/home/ubuntu/PROGRAMA-BETA/src/External/CodeWalker.Core/GameFiles/FileTypes/RelFile.cs(18941,41): warning CS8604: Possible null reference argument for parameter 's' in 'int Encoding.GetBytes(string s, int charIndex, int charCount, byte[] bytes, int byteIndex)'. [/home/ubuntu/PROGRAMA-BETA/src/FiveMTool.csproj]
/home/ubuntu/PROGRAMA-BETA/src/External/CodeWalker.Core/GameFiles/Resources/Particle.cs(3697,37): warning CS8618: Non-nullable property 'WhdMinKFP' must contain a non-null value when exiting constructor. Consider declaring the property as nullable. [/home/ubuntu/PROGRAMA-BETA/src/FiveMTool.csproj]
/home/ubuntu/PROGRAMA-BETA/src/External/CodeWalker.Core/GameFiles/Resources/Particle.cs(3698,37): warning CS8618: Non-nullable property 'WhdMaxKFP' must contain a non-null value when exiting constructor. Consider declaring the property as nullable. [/home/ubuntu/PROGRAMA-BETA/src/FiveMTool.csproj]
/home/ubuntu/PROGRAMA-BETA/src/External/CodeWalker.Core/GameFiles/Resources/Particle.cs(3699,37): warning CS8618: Non-nullable property 'TblrScalarKFP' must contain a non-null value when exiting constructor. Consider declaring the property as nullable. [/home/ubuntu/PROGRAMA-BETA/src/FiveMTool.csproj]
/home/ubuntu/PROGRAMA-BETA/src/External/CodeWalker.Core/GameFiles/Resources/Particle.cs(3700,37): warning CS8618: Non-nullable property 'TblrVelScalarKFP' must contain a non-null value when exiting constructor. Consider declaring the property as nullable. [/home/ubuntu/PROGRAMA-BETA/src/FiveMTool.csproj]
/home/ubuntu/PROGRAMA-BETA/src/External/CodeWalker.Core/GameFiles/FileTypes/RelFile.cs(19406,16): warning CS8618: Non-nullable property 'Items' must contain a non-null value when exiting constructor. Consider declaring the property as nullable. [/home/ubuntu/PROGRAMA-BETA/src/FiveMTool.csproj]
/home/ubuntu/PROGRAMA-BETA/src/External/CodeWalker.Core/GameFiles/Resources/Particle.cs(3557,37): warning CS8618: Non-nullable property 'InitialAngleMinKFP' must contain a non-null value when exiting constructor. Consider declaring the property as nullable. [/home/ubuntu/PROGRAMA-BETA/src/FiveMTool.csproj]
/home/ubuntu/PROGRAMA-BETA/src/External/CodeWalker.Core/GameFiles/Resources/Particle.cs(3558,37): warning CS8618: Non-nullable property 'InitialAngleMaxKFP' must contain a non-null value when exiting constructor. Consider declaring the property as nullable. [/home/ubuntu/PROGRAMA-BETA/src/FiveMTool.csproj]
/home/ubuntu/PROGRAMA-BETA/src/External/CodeWalker.Core/GameFiles/Resources/Particle.cs(3559,37): warning CS8618: Non-nullable property 'AngleMinKFP' must contain a non-null value when exiting constructor. Consider declaring the property as nullable. [/home/ubuntu/PROGRAMA-BETA/src/FiveMTool.csproj]
/home/ubuntu/PROGRAMA-BETA/src/External/CodeWalker.Core/GameFiles/Resources/Particle.cs(3560,37): warning CS8618: Non-nullable property 'AngleMaxKFP' must contain a non-null value when exiting constructor. Consider declaring the property as nullable. [/home/ubuntu/PROGRAMA-BETA/src/FiveMTool.csproj]
/home/ubuntu/PROGRAMA-BETA/src/External/CodeWalker.Core/GameFiles/Resources/Particle.cs(3438,37): warning CS8618: Non-nullable property 'XYZMinKFP' must contain a non-null value when exiting constructor. Consider declaring the property as nullable. [/home/ubuntu/PROGRAMA-BETA/src/FiveMTool.csproj]
/home/ubuntu/PROGRAMA-BETA/src/External/CodeWalker.Core/GameFiles/Resources/Particle.cs(3439,37): warning CS8618: Non-nullable property 'XYZMaxKFP' must contain a non-null value when exiting constructor. Consider declaring the property as nullable. [/home/ubuntu/PROGRAMA-BETA/src/FiveMTool.csproj]
/home/ubuntu/PROGRAMA-BETA/src/External/CodeWalker.Core/GameFiles/FileTypes/RelFile.cs(20097,16): warning CS8618: Non-nullable property 'Items' must contain a non-null value when exiting constructor. Consider declaring the property as nullable. [/home/ubuntu/PROGRAMA-BETA/src/FiveMTool.csproj]
/home/ubuntu/PROGRAMA-BETA/src/External/CodeWalker.Core/GameFiles/Resources/Particle.cs(3332,24): warning CS8603: Possible null reference return. [/home/ubuntu/PROGRAMA-BETA/src/FiveMTool.csproj]
/home/ubuntu/PROGRAMA-BETA/src/External/CodeWalker.Core/GameFiles/Resources/Particle.cs(3334,20): warning CS8603: Possible null reference return. [/home/ubuntu/PROGRAMA-BETA/src/FiveMTool.csproj]
/home/ubuntu/PROGRAMA-BETA/src/External/CodeWalker.Core/GameFiles/FileTypes/RelFile.cs(20183,16): warning CS8618: Non-nullable property 'GameObjectHashes' must contain a non-null value when exiting constructor. Consider declaring the property as nullable. [/home/ubuntu/PROGRAMA-BETA/src/FiveMTool.csproj]
/home/ubuntu/PROGRAMA-BETA/src/External/CodeWalker.Core/GameFiles/FileTypes/RelFile.cs(20401,16): warning CS8618: Non-nullable property 'Value' must contain a non-null value when exiting constructor. Consider declaring the property as nullable. [/home/ubuntu/PROGRAMA-BETA/src/FiveMTool.csproj]
/home/ubuntu/PROGRAMA-BETA/src/External/CodeWalker.Core/GameFiles/FileTypes/RelFile.cs(20419,41): warning CS8604: Possible null reference argument for parameter 's' in 'int Encoding.GetBytes(string s, int charIndex, int charCount, byte[] bytes, int byteIndex)'. [/home/ubuntu/PROGRAMA-BETA/src/FiveMTool.csproj]
/home/ubuntu/PROGRAMA-BETA/src/External/CodeWalker.Core/GameFiles/FileTypes/RelFile.cs(20509,16): warning CS8618: Non-nullable property 'Variables' must contain a non-null value when exiting constructor. Consider declaring the property as nullable. [/home/ubuntu/PROGRAMA-BETA/src/FiveMTool.csproj]
/home/ubuntu/PROGRAMA-BETA/src/External/CodeWalker.Core/GameFiles/Resources/Particle.cs(3373,33): warning CS8603: Possible null reference return. [/home/ubuntu/PROGRAMA-BETA/src/FiveMTool.csproj]
/home/ubuntu/PROGRAMA-BETA/src/External/CodeWalker.Core/GameFiles/Resources/Particle.cs(3390,31): warning CS8625: Cannot convert null literal to non-nullable reference type. [/home/ubuntu/PROGRAMA-BETA/src/FiveMTool.csproj]
/home/ubuntu/PROGRAMA-BETA/src/External/CodeWalker.Core/GameFiles/Resources/Particle.cs(3262,60): warning CS8618: Non-nullable property 'KeyframeProps' must contain a non-null value when exiting constructor. Consider declaring the property as nullable. [/home/ubuntu/PROGRAMA-BETA/src/FiveMTool.csproj]
/home/ubuntu/PROGRAMA-BETA/src/External/CodeWalker.Core/GameFiles/FileTypes/RelFile.cs(20608,16): warning CS8618: Non-nullable property 'WaveSlots' must contain a non-null value when exiting constructor. Consider declaring the property as nullable. [/home/ubuntu/PROGRAMA-BETA/src/FiveMTool.csproj]
/home/ubuntu/PROGRAMA-BETA/src/External/CodeWalker.Core/GameFiles/FileTypes/RelFile.cs(20707,16): warning CS8618: Non-nullable property 'AllPasses' must contain a non-null value when exiting constructor. Consider declaring the property as nullable. [/home/ubuntu/PROGRAMA-BETA/src/FiveMTool.csproj]
/home/ubuntu/PROGRAMA-BETA/src/External/CodeWalker.Core/GameFiles/FileTypes/RelFile.cs(20707,16): warning CS8618: Non-nullable property 'NodeGainMatrix' must contain a non-null value when exiting constructor. Consider declaring the property as nullable. [/home/ubuntu/PROGRAMA-BETA/src/FiveMTool.csproj]
/home/ubuntu/PROGRAMA-BETA/src/External/CodeWalker.Core/GameFiles/FileTypes/RelFile.cs(20707,16): warning CS8618: Non-nullable property 'NodeLPF_1stOrder' must contain a non-null value when exiting constructor. Consider declaring the property as nullable. [/home/ubuntu/PROGRAMA-BETA/src/FiveMTool.csproj]
/home/ubuntu/PROGRAMA-BETA/src/External/CodeWalker.Core/GameFiles/FileTypes/RelFile.cs(20707,16): warning CS8618: Non-nullable property 'NodeLPF_2ndOrder' must contain a non-null value when exiting constructor. Consider declaring the property as nullable. [/home/ubuntu/PROGRAMA-BETA/src/FiveMTool.csproj]
/home/ubuntu/PROGRAMA-BETA/src/External/CodeWalker.Core/GameFiles/FileTypes/RelFile.cs(20707,16): warning CS8618: Non-nullable property 'NodeLPF_3rdOrder' must contain a non-null value when exiting constructor. Consider declaring the property as nullable. [/home/ubuntu/PROGRAMA-BETA/src/FiveMTool.csproj]
/home/ubuntu/PROGRAMA-BETA/src/External/CodeWalker.Core/GameFiles/FileTypes/RelFile.cs(21068,16): warning CS8618: Non-nullable property 'Variables' must contain a non-null value when exiting constructor. Consider declaring the property as nullable. [/home/ubuntu/PROGRAMA-BETA/src/FiveMTool.csproj]
/home/ubuntu/PROGRAMA-BETA/src/External/CodeWalker.Core/GameFiles/FileTypes/RelFile.cs(20946,20): warning CS8603: Possible null reference return. [/home/ubuntu/PROGRAMA-BETA/src/FiveMTool.csproj]
/home/ubuntu/PROGRAMA-BETA/src/External/CodeWalker.Core/GameFiles/FileTypes/RelFile.cs(20955,20): warning CS8603: Possible null reference return. [/home/ubuntu/PROGRAMA-BETA/src/FiveMTool.csproj]
/home/ubuntu/PROGRAMA-BETA/src/External/CodeWalker.Core/GameFiles/FileTypes/RelFile.cs(21161,16): warning CS8618: Non-nullable property 'OutputsIndices' must contain a non-null value when exiting constructor. Consider declaring the property as nullable. [/home/ubuntu/PROGRAMA-BETA/src/FiveMTool.csproj]
/home/ubuntu/PROGRAMA-BETA/src/External/CodeWalker.Core/GameFiles/FileTypes/RelFile.cs(21161,16): warning CS8618: Non-nullable property 'Bytecode' must contain a non-null value when exiting constructor. Consider declaring the property as nullable. [/home/ubuntu/PROGRAMA-BETA/src/FiveMTool.csproj]
/home/ubuntu/PROGRAMA-BETA/src/External/CodeWalker.Core/GameFiles/FileTypes/RelFile.cs(21161,16): warning CS8618: Non-nullable property 'Constants' must contain a non-null value when exiting constructor. Consider declaring the property as nullable. [/home/ubuntu/PROGRAMA-BETA/src/FiveMTool.csproj]
/home/ubuntu/PROGRAMA-BETA/src/External/CodeWalker.Core/GameFiles/FileTypes/RelFile.cs(21161,16): warning CS8618: Non-nullable property 'Variables' must contain a non-null value when exiting constructor. Consider declaring the property as nullable. [/home/ubuntu/PROGRAMA-BETA/src/FiveMTool.csproj]
/home/ubuntu/PROGRAMA-BETA/src/External/CodeWalker.Core/GameFiles/FileTypes/RelFile.cs(22934,16): warning CS8618: Non-nullable property 'MixCategories' must contain a non-null value when exiting constructor. Consider declaring the property as nullable. [/home/ubuntu/PROGRAMA-BETA/src/FiveMTool.csproj]
/home/ubuntu/PROGRAMA-BETA/src/External/CodeWalker.Core/GameFiles/FileTypes/RelFile.cs(23099,16): warning CS8618: Non-nullable property 'Items' must contain a non-null value when exiting constructor. Consider declaring the property as nullable. [/home/ubuntu/PROGRAMA-BETA/src/FiveMTool.csproj]
/home/ubuntu/PROGRAMA-BETA/src/External/CodeWalker.Core/GameFiles/FileTypes/RelFile.cs(23295,16): warning CS8618: Non-nullable property 'Groups' must contain a non-null value when exiting constructor. Consider declaring the property as nullable. [/home/ubuntu/PROGRAMA-BETA/src/FiveMTool.csproj]
/home/ubuntu/PROGRAMA-BETA/src/External/CodeWalker.Core/GameFiles/FileTypes/RelFile.cs(23537,16): warning CS8618: Non-nullable property 'Items' must contain a non-null value when exiting constructor. Consider declaring the property as nullable. [/home/ubuntu/PROGRAMA-BETA/src/FiveMTool.csproj]
/home/ubuntu/PROGRAMA-BETA/src/External/CodeWalker.Core/GameFiles/Resources/Particle.cs(3122,40): warning CS8619: Nullability of reference types in value of type 'ParticleKeyframeProp?[]' doesn't match target type 'ParticleKeyframeProp[]'. [/home/ubuntu/PROGRAMA-BETA/src/FiveMTool.csproj]
/home/ubuntu/PROGRAMA-BETA/src/External/CodeWalker.Core/GameFiles/Resources/Particle.cs(3145,24): warning CS8603: Possible null reference return. [/home/ubuntu/PROGRAMA-BETA/src/FiveMTool.csproj]
/home/ubuntu/PROGRAMA-BETA/src/External/CodeWalker.Core/GameFiles/Resources/Particle.cs(3147,20): warning CS8603: Possible null reference return. [/home/ubuntu/PROGRAMA-BETA/src/FiveMTool.csproj]
/home/ubuntu/PROGRAMA-BETA/src/External/CodeWalker.Core/GameFiles/FileTypes/RelFile.cs(23155,16): warning CS8618: Non-nullable property 'PatchGroups' must contain a non-null value when exiting constructor. Consider declaring the property as nullable. [/home/ubuntu/PROGRAMA-BETA/src/FiveMTool.csproj]
/home/ubuntu/PROGRAMA-BETA/src/External/CodeWalker.Core/GameFiles/FileTypes/RelFile.cs(23849,16): warning CS8618: Non-nullable property 'Points' must contain a non-null value when exiting constructor. Consider declaring the property as nullable. [/home/ubuntu/PROGRAMA-BETA/src/FiveMTool.csproj]
/home/ubuntu/PROGRAMA-BETA/src/External/CodeWalker.Core/GameFiles/FileTypes/RelFile.cs(23945,16): warning CS8618: Non-nullable property 'Values' must contain a non-null value when exiting constructor. Consider declaring the property as nullable. [/home/ubuntu/PROGRAMA-BETA/src/FiveMTool.csproj]
/home/ubuntu/PROGRAMA-BETA/src/External/CodeWalker.Core/GameFiles/FileTypes/RelFile.cs(24270,16): warning CS8618: Non-nullable property 'Values' must contain a non-null value when exiting constructor. Consider declaring the property as nullable. [/home/ubuntu/PROGRAMA-BETA/src/FiveMTool.csproj]
/home/ubuntu/PROGRAMA-BETA/src/External/CodeWalker.Core/GameFiles/FileTypes/RelFile.cs(24389,16): warning CS8618: Non-nullable property 'SubCategories' must contain a non-null value when exiting constructor. Consider declaring the property as nullable. [/home/ubuntu/PROGRAMA-BETA/src/FiveMTool.csproj]
/home/ubuntu/PROGRAMA-BETA/src/External/CodeWalker.Core/GameFiles/FileTypes/RelFile.cs(21225,28): warning CS8600: Converting null literal or possible null value to non-nullable type. [/home/ubuntu/PROGRAMA-BETA/src/FiveMTool.csproj]
/home/ubuntu/PROGRAMA-BETA/src/External/CodeWalker.Core/GameFiles/FileTypes/VehicleLayoutsFile.cs(15,44): warning CS8625: Cannot convert null literal to non-nullable reference type. [/home/ubuntu/PROGRAMA-BETA/src/FiveMTool.csproj]
/home/ubuntu/PROGRAMA-BETA/src/External/CodeWalker.Core/GameFiles/FileTypes/VehicleLayoutsFile.cs(15,16): warning CS8618: Non-nullable property 'Xml' must contain a non-null value when exiting constructor. Consider declaring the property as nullable. [/home/ubuntu/PROGRAMA-BETA/src/FiveMTool.csproj]
/home/ubuntu/PROGRAMA-BETA/src/External/CodeWalker.Core/GameFiles/FileTypes/VehicleLayoutsFile.cs(17,16): warning CS8618: Non-nullable property 'Xml' must contain a non-null value when exiting constructor. Consider declaring the property as nullable. [/home/ubuntu/PROGRAMA-BETA/src/FiveMTool.csproj]
/home/ubuntu/PROGRAMA-BETA/src/External/CodeWalker.Core/GameFiles/Resources/Particle.cs(3181,33): warning CS8603: Possible null reference return. [/home/ubuntu/PROGRAMA-BETA/src/FiveMTool.csproj]
/home/ubuntu/PROGRAMA-BETA/src/External/CodeWalker.Core/GameFiles/Resources/Particle.cs(2992,37): warning CS8618: Non-nullable property 'PositionKFP' must contain a non-null value when exiting constructor. Consider declaring the property as nullable. [/home/ubuntu/PROGRAMA-BETA/src/FiveMTool.csproj]
/home/ubuntu/PROGRAMA-BETA/src/External/CodeWalker.Core/GameFiles/Resources/Particle.cs(2993,37): warning CS8618: Non-nullable property 'RotationKFP' must contain a non-null value when exiting constructor. Consider declaring the property as nullable. [/home/ubuntu/PROGRAMA-BETA/src/FiveMTool.csproj]
/home/ubuntu/PROGRAMA-BETA/src/External/CodeWalker.Core/GameFiles/Resources/Particle.cs(2994,37): warning CS8618: Non-nullable property 'SizeOuterKFP' must contain a non-null value when exiting constructor. Consider declaring the property as nullable. [/home/ubuntu/PROGRAMA-BETA/src/FiveMTool.csproj]
/home/ubuntu/PROGRAMA-BETA/src/External/CodeWalker.Core/GameFiles/Resources/Particle.cs(2995,37): warning CS8618: Non-nullable property 'SizeInnerKFP' must contain a non-null value when exiting constructor. Consider declaring the property as nullable. [/home/ubuntu/PROGRAMA-BETA/src/FiveMTool.csproj]
/home/ubuntu/PROGRAMA-BETA/src/External/CodeWalker.Core/GameFiles/Resources/Particle.cs(2998,60): warning CS8618: Non-nullable property 'KeyframeProps' must contain a non-null value when exiting constructor. Consider declaring the property as nullable. [/home/ubuntu/PROGRAMA-BETA/src/FiveMTool.csproj]
/home/ubuntu/PROGRAMA-BETA/src/External/CodeWalker.Core/GameFiles/FileTypes/VehiclesFile.cs(22,38): warning CS8625: Cannot convert null literal to non-nullable reference type. [/home/ubuntu/PROGRAMA-BETA/src/FiveMTool.csproj]
/home/ubuntu/PROGRAMA-BETA/src/External/CodeWalker.Core/GameFiles/FileTypes/VehiclesFile.cs(22,16): warning CS8618: Non-nullable property 'ResidentTxd' must contain a non-null value when exiting constructor. Consider declaring the property as nullable. [/home/ubuntu/PROGRAMA-BETA/src/FiveMTool.csproj]
/home/ubuntu/PROGRAMA-BETA/src/External/CodeWalker.Core/GameFiles/FileTypes/VehiclesFile.cs(22,16): warning CS8618: Non-nullable property 'InitDatas' must contain a non-null value when exiting constructor. Consider declaring the property as nullable. [/home/ubuntu/PROGRAMA-BETA/src/FiveMTool.csproj]
/home/ubuntu/PROGRAMA-BETA/src/External/CodeWalker.Core/GameFiles/FileTypes/VehiclesFile.cs(22,16): warning CS8618: Non-nullable property 'TxdRelationships' must contain a non-null value when exiting constructor. Consider declaring the property as nullable. [/home/ubuntu/PROGRAMA-BETA/src/FiveMTool.csproj]
/home/ubuntu/PROGRAMA-BETA/src/External/CodeWalker.Core/GameFiles/FileTypes/VehiclesFile.cs(25,16): warning CS8618: Non-nullable property 'ResidentTxd' must contain a non-null value when exiting constructor. Consider declaring the property as nullable. [/home/ubuntu/PROGRAMA-BETA/src/FiveMTool.csproj]
/home/ubuntu/PROGRAMA-BETA/src/External/CodeWalker.Core/GameFiles/FileTypes/VehiclesFile.cs(25,16): warning CS8618: Non-nullable property 'InitDatas' must contain a non-null value when exiting constructor. Consider declaring the property as nullable. [/home/ubuntu/PROGRAMA-BETA/src/FiveMTool.csproj]
/home/ubuntu/PROGRAMA-BETA/src/External/CodeWalker.Core/GameFiles/FileTypes/VehiclesFile.cs(25,16): warning CS8618: Non-nullable property 'TxdRelationships' must contain a non-null value when exiting constructor. Consider declaring the property as nullable. [/home/ubuntu/PROGRAMA-BETA/src/FiveMTool.csproj]
/home/ubuntu/PROGRAMA-BETA/src/External/CodeWalker.Core/GameFiles/FileTypes/VehiclesFile.cs(46,53): warning CS8604: Possible null reference argument for parameter 'node' in 'string Xml.GetChildInnerText(XmlNode node, string name)'. [/home/ubuntu/PROGRAMA-BETA/src/FiveMTool.csproj]
/home/ubuntu/PROGRAMA-BETA/src/External/CodeWalker.Core/GameFiles/FileTypes/VehiclesFile.cs(59,33): warning CS8600: Converting null literal or possible null value to non-nullable type. [/home/ubuntu/PROGRAMA-BETA/src/FiveMTool.csproj]
/home/ubuntu/PROGRAMA-BETA/src/External/CodeWalker.Core/GameFiles/FileTypes/VehiclesFile.cs(62,33): warning CS8602: Dereference of a possibly null reference. [/home/ubuntu/PROGRAMA-BETA/src/FiveMTool.csproj]
/home/ubuntu/PROGRAMA-BETA/src/External/CodeWalker.Core/GameFiles/FileTypes/VehiclesFile.cs(66,24): warning CS8604: Possible null reference argument for parameter 'node' in 'void VehicleInitData.Load(XmlNode node)'. [/home/ubuntu/PROGRAMA-BETA/src/FiveMTool.csproj]
/home/ubuntu/PROGRAMA-BETA/src/External/CodeWalker.Core/GameFiles/FileTypes/VehiclesFile.cs(73,33): warning CS8600: Converting null literal or possible null value to non-nullable type. [/home/ubuntu/PROGRAMA-BETA/src/FiveMTool.csproj]
/home/ubuntu/PROGRAMA-BETA/src/External/CodeWalker.Core/GameFiles/FileTypes/VehiclesFile.cs(76,33): warning CS8602: Dereference of a possibly null reference. [/home/ubuntu/PROGRAMA-BETA/src/FiveMTool.csproj]
/home/ubuntu/PROGRAMA-BETA/src/External/CodeWalker.Core/GameFiles/FileTypes/VehiclesFile.cs(78,58): warning CS8604: Possible null reference argument for parameter 'node' in 'string Xml.GetChildInnerText(XmlNode node, string name)'. [/home/ubuntu/PROGRAMA-BETA/src/FiveMTool.csproj]
/home/ubuntu/PROGRAMA-BETA/src/External/CodeWalker.Core/GameFiles/FileTypes/VehiclesFile.cs(79,57): warning CS8604: Possible null reference argument for parameter 'node' in 'string Xml.GetChildInnerText(XmlNode node, string name)'. [/home/ubuntu/PROGRAMA-BETA/src/FiveMTool.csproj]
/home/ubuntu/PROGRAMA-BETA/src/External/CodeWalker.Core/GameFiles/FileTypes/VehiclesFile.cs(392,23): warning CS8618: Non-nullable property 'driverName' must contain a non-null value when exiting constructor. Consider declaring the property as nullable. [/home/ubuntu/PROGRAMA-BETA/src/FiveMTool.csproj]
/home/ubuntu/PROGRAMA-BETA/src/External/CodeWalker.Core/GameFiles/FileTypes/VehiclesFile.cs(393,23): warning CS8618: Non-nullable property 'npcName' must contain a non-null value when exiting constructor. Consider declaring the property as nullable. [/home/ubuntu/PROGRAMA-BETA/src/FiveMTool.csproj]
/home/ubuntu/PROGRAMA-BETA/src/External/CodeWalker.Core/GameFiles/FileTypes/Stats.cs(60,50): warning CS8600: Converting null literal or possible null value to non-nullable type. [/home/ubuntu/PROGRAMA-BETA/src/FiveMTool.csproj]
/home/ubuntu/PROGRAMA-BETA/src/External/CodeWalker.Core/GameFiles/FileTypes/YbnFile.cs(26,33): warning CS8625: Cannot convert null literal to non-nullable reference type. [/home/ubuntu/PROGRAMA-BETA/src/FiveMTool.csproj]
/home/ubuntu/PROGRAMA-BETA/src/External/CodeWalker.Core/GameFiles/FileTypes/YbnFile.cs(26,16): warning CS8618: Non-nullable property 'Bounds' must contain a non-null value when exiting constructor. Consider declaring the property as nullable. [/home/ubuntu/PROGRAMA-BETA/src/FiveMTool.csproj]
/home/ubuntu/PROGRAMA-BETA/src/External/CodeWalker.Core/GameFiles/FileTypes/Stats.cs(72,50): warning CS8600: Converting null literal or possible null value to non-nullable type. [/home/ubuntu/PROGRAMA-BETA/src/FiveMTool.csproj]
/home/ubuntu/PROGRAMA-BETA/src/External/CodeWalker.Core/GameFiles/FileTypes/YbnFile.cs(29,16): warning CS8618: Non-nullable property 'Bounds' must contain a non-null value when exiting constructor. Consider declaring the property as nullable. [/home/ubuntu/PROGRAMA-BETA/src/FiveMTool.csproj]
/home/ubuntu/PROGRAMA-BETA/src/External/CodeWalker.Core/GameFiles/FileTypes/YbnFile.cs(48,45): warning CS8600: Converting null literal or possible null value to non-nullable type. [/home/ubuntu/PROGRAMA-BETA/src/FiveMTool.csproj]
/home/ubuntu/PROGRAMA-BETA/src/External/CodeWalker.Core/GameFiles/FileTypes/YbnFile.cs(83,26): warning CS8625: Cannot convert null literal to non-nullable reference type. [/home/ubuntu/PROGRAMA-BETA/src/FiveMTool.csproj]
/home/ubuntu/PROGRAMA-BETA/src/External/CodeWalker.Core/GameFiles/FileTypes/WatermapFile.cs(54,38): warning CS8625: Cannot convert null literal to non-nullable reference type. [/home/ubuntu/PROGRAMA-BETA/src/FiveMTool.csproj]
/home/ubuntu/PROGRAMA-BETA/src/External/CodeWalker.Core/GameFiles/FileTypes/WatermapFile.cs(54,16): warning CS8618: Non-nullable property 'RawFileData' must contain a non-null value when exiting constructor. Consider declaring the property as nullable. [/home/ubuntu/PROGRAMA-BETA/src/FiveMTool.csproj]
/home/ubuntu/PROGRAMA-BETA/src/External/CodeWalker.Core/GameFiles/FileTypes/WatermapFile.cs(54,16): warning CS8618: Non-nullable property 'Unks1' must contain a non-null value when exiting constructor. Consider declaring the property as nullable. [/home/ubuntu/PROGRAMA-BETA/src/FiveMTool.csproj]
/home/ubuntu/PROGRAMA-BETA/src/External/CodeWalker.Core/GameFiles/FileTypes/WatermapFile.cs(54,16): warning CS8618: Non-nullable property 'CompHeaders' must contain a non-null value when exiting constructor. Consider declaring the property as nullable. [/home/ubuntu/PROGRAMA-BETA/src/FiveMTool.csproj]
/home/ubuntu/PROGRAMA-BETA/src/External/CodeWalker.Core/GameFiles/FileTypes/WatermapFile.cs(54,16): warning CS8618: Non-nullable property 'CompWatermapInds' must contain a non-null value when exiting constructor. Consider declaring the property as nullable. [/home/ubuntu/PROGRAMA-BETA/src/FiveMTool.csproj]
/home/ubuntu/PROGRAMA-BETA/src/External/CodeWalker.Core/GameFiles/FileTypes/WatermapFile.cs(54,16): warning CS8618: Non-nullable property 'CompWatermapRefs' must contain a non-null value when exiting constructor. Consider declaring the property as nullable. [/home/ubuntu/PROGRAMA-BETA/src/FiveMTool.csproj]
/home/ubuntu/PROGRAMA-BETA/src/External/CodeWalker.Core/GameFiles/FileTypes/WatermapFile.cs(54,16): warning CS8618: Non-nullable property 'Zeros1' must contain a non-null value when exiting constructor. Consider declaring the property as nullable. [/home/ubuntu/PROGRAMA-BETA/src/FiveMTool.csproj]
/home/ubuntu/PROGRAMA-BETA/src/External/CodeWalker.Core/GameFiles/FileTypes/WatermapFile.cs(54,16): warning CS8618: Non-nullable property 'RiverVecs' must contain a non-null value when exiting constructor. Consider declaring the property as nullable. [/home/ubuntu/PROGRAMA-BETA/src/FiveMTool.csproj]
/home/ubuntu/PROGRAMA-BETA/src/External/CodeWalker.Core/GameFiles/FileTypes/WatermapFile.cs(54,16): warning CS8618: Non-nullable property 'Rivers' must contain a non-null value when exiting constructor. Consider declaring the property as nullable. [/home/ubuntu/PROGRAMA-BETA/src/FiveMTool.csproj]
/home/ubuntu/PROGRAMA-BETA/src/External/CodeWalker.Core/GameFiles/FileTypes/WatermapFile.cs(54,16): warning CS8618: Non-nullable property 'LakeVecs' must contain a non-null value when exiting constructor. Consider declaring the property as nullable. [/home/ubuntu/PROGRAMA-BETA/src/FiveMTool.csproj]
/home/ubuntu/PROGRAMA-BETA/src/External/CodeWalker.Core/GameFiles/FileTypes/WatermapFile.cs(54,16): warning CS8618: Non-nullable property 'Lakes' must contain a non-null value when exiting constructor. Consider declaring the property as nullable. [/home/ubuntu/PROGRAMA-BETA/src/FiveMTool.csproj]
/home/ubuntu/PROGRAMA-BETA/src/External/CodeWalker.Core/GameFiles/FileTypes/WatermapFile.cs(54,16): warning CS8618: Non-nullable property 'Pools' must contain a non-null value when exiting constructor. Consider declaring the property as nullable. [/home/ubuntu/PROGRAMA-BETA/src/FiveMTool.csproj]
/home/ubuntu/PROGRAMA-BETA/src/External/CodeWalker.Core/GameFiles/FileTypes/WatermapFile.cs(54,16): warning CS8618: Non-nullable property 'Colours' must contain a non-null value when exiting constructor. Consider declaring the property as nullable. [/home/ubuntu/PROGRAMA-BETA/src/FiveMTool.csproj]
/home/ubuntu/PROGRAMA-BETA/src/External/CodeWalker.Core/GameFiles/FileTypes/WatermapFile.cs(54,16): warning CS8618: Non-nullable property 'GridWatermapInds' must contain a non-null value when exiting constructor. Consider declaring the property as nullable. [/home/ubuntu/PROGRAMA-BETA/src/FiveMTool.csproj]
/home/ubuntu/PROGRAMA-BETA/src/External/CodeWalker.Core/GameFiles/FileTypes/WatermapFile.cs(54,16): warning CS8618: Non-nullable property 'GridWatermapRefs' must contain a non-null value when exiting constructor. Consider declaring the property as nullable. [/home/ubuntu/PROGRAMA-BETA/src/FiveMTool.csproj]
/home/ubuntu/PROGRAMA-BETA/src/External/CodeWalker.Core/GameFiles/FileTypes/YbnFile.cs(94,32): warning CS8601: Possible null reference assignment. [/home/ubuntu/PROGRAMA-BETA/src/FiveMTool.csproj]
/home/ubuntu/PROGRAMA-BETA/src/External/CodeWalker.Core/GameFiles/FileTypes/WatermapFile.cs(57,16): warning CS8618: Non-nullable property 'RawFileData' must contain a non-null value when exiting constructor. Consider declaring the property as nullable. [/home/ubuntu/PROGRAMA-BETA/src/FiveMTool.csproj]
/home/ubuntu/PROGRAMA-BETA/src/External/CodeWalker.Core/GameFiles/FileTypes/WatermapFile.cs(57,16): warning CS8618: Non-nullable property 'Unks1' must contain a non-null value when exiting constructor. Consider declaring the property as nullable. [/home/ubuntu/PROGRAMA-BETA/src/FiveMTool.csproj]
/home/ubuntu/PROGRAMA-BETA/src/External/CodeWalker.Core/GameFiles/FileTypes/WatermapFile.cs(57,16): warning CS8618: Non-nullable property 'CompHeaders' must contain a non-null value when exiting constructor. Consider declaring the property as nullable. [/home/ubuntu/PROGRAMA-BETA/src/FiveMTool.csproj]
/home/ubuntu/PROGRAMA-BETA/src/External/CodeWalker.Core/GameFiles/FileTypes/WatermapFile.cs(57,16): warning CS8618: Non-nullable property 'CompWatermapInds' must contain a non-null value when exiting constructor. Consider declaring the property as nullable. [/home/ubuntu/PROGRAMA-BETA/src/FiveMTool.csproj]
/home/ubuntu/PROGRAMA-BETA/src/External/CodeWalker.Core/GameFiles/FileTypes/WatermapFile.cs(57,16): warning CS8618: Non-nullable property 'CompWatermapRefs' must contain a non-null value when exiting constructor. Consider declaring the property as nullable. [/home/ubuntu/PROGRAMA-BETA/src/FiveMTool.csproj]
/home/ubuntu/PROGRAMA-BETA/src/External/CodeWalker.Core/GameFiles/FileTypes/WatermapFile.cs(57,16): warning CS8618: Non-nullable property 'Zeros1' must contain a non-null value when exiting constructor. Consider declaring the property as nullable. [/home/ubuntu/PROGRAMA-BETA/src/FiveMTool.csproj]
/home/ubuntu/PROGRAMA-BETA/src/External/CodeWalker.Core/GameFiles/FileTypes/WatermapFile.cs(57,16): warning CS8618: Non-nullable property 'RiverVecs' must contain a non-null value when exiting constructor. Consider declaring the property as nullable. [/home/ubuntu/PROGRAMA-BETA/src/FiveMTool.csproj]
/home/ubuntu/PROGRAMA-BETA/src/External/CodeWalker.Core/GameFiles/FileTypes/WatermapFile.cs(57,16): warning CS8618: Non-nullable property 'Rivers' must contain a non-null value when exiting constructor. Consider declaring the property as nullable. [/home/ubuntu/PROGRAMA-BETA/src/FiveMTool.csproj]
/home/ubuntu/PROGRAMA-BETA/src/External/CodeWalker.Core/GameFiles/FileTypes/WatermapFile.cs(57,16): warning CS8618: Non-nullable property 'LakeVecs' must contain a non-null value when exiting constructor. Consider declaring the property as nullable. [/home/ubuntu/PROGRAMA-BETA/src/FiveMTool.csproj]
/home/ubuntu/PROGRAMA-BETA/src/External/CodeWalker.Core/GameFiles/FileTypes/WatermapFile.cs(57,16): warning CS8618: Non-nullable property 'Lakes' must contain a non-null value when exiting constructor. Consider declaring the property as nullable. [/home/ubuntu/PROGRAMA-BETA/src/FiveMTool.csproj]
/home/ubuntu/PROGRAMA-BETA/src/External/CodeWalker.Core/GameFiles/FileTypes/WatermapFile.cs(57,16): warning CS8618: Non-nullable property 'Pools' must contain a non-null value when exiting constructor. Consider declaring the property as nullable. [/home/ubuntu/PROGRAMA-BETA/src/FiveMTool.csproj]
/home/ubuntu/PROGRAMA-BETA/src/External/CodeWalker.Core/GameFiles/FileTypes/WatermapFile.cs(57,16): warning CS8618: Non-nullable property 'Colours' must contain a non-null value when exiting constructor. Consider declaring the property as nullable. [/home/ubuntu/PROGRAMA-BETA/src/FiveMTool.csproj]
/home/ubuntu/PROGRAMA-BETA/src/External/CodeWalker.Core/GameFiles/FileTypes/WatermapFile.cs(57,16): warning CS8618: Non-nullable property 'GridWatermapInds' must contain a non-null value when exiting constructor. Consider declaring the property as nullable. [/home/ubuntu/PROGRAMA-BETA/src/FiveMTool.csproj]
/home/ubuntu/PROGRAMA-BETA/src/External/CodeWalker.Core/GameFiles/FileTypes/WatermapFile.cs(57,16): warning CS8618: Non-nullable property 'GridWatermapRefs' must contain a non-null value when exiting constructor. Consider declaring the property as nullable. [/home/ubuntu/PROGRAMA-BETA/src/FiveMTool.csproj]
/home/ubuntu/PROGRAMA-BETA/src/External/CodeWalker.Core/GameFiles/FileTypes/YcdFile.cs(347,40): warning CS8604: Possible null reference argument for parameter 'node' in 'void ClipDictionary.ReadXml(XmlNode node)'. [/home/ubuntu/PROGRAMA-BETA/src/FiveMTool.csproj]
/home/ubuntu/PROGRAMA-BETA/src/External/CodeWalker.Core/GameFiles/FileTypes/YcdFile.cs(26,33): warning CS8625: Cannot convert null literal to non-nullable reference type. [/home/ubuntu/PROGRAMA-BETA/src/FiveMTool.csproj]
/home/ubuntu/PROGRAMA-BETA/src/External/CodeWalker.Core/GameFiles/FileTypes/YcdFile.cs(26,16): warning CS8618: Non-nullable property 'ClipDictionary' must contain a non-null value when exiting constructor. Consider declaring the property as nullable. [/home/ubuntu/PROGRAMA-BETA/src/FiveMTool.csproj]
/home/ubuntu/PROGRAMA-BETA/src/External/CodeWalker.Core/GameFiles/FileTypes/YcdFile.cs(26,16): warning CS8618: Non-nullable property 'ClipMap' must contain a non-null value when exiting constructor. Consider declaring the property as nullable. [/home/ubuntu/PROGRAMA-BETA/src/FiveMTool.csproj]
/home/ubuntu/PROGRAMA-BETA/src/External/CodeWalker.Core/GameFiles/FileTypes/YcdFile.cs(26,16): warning CS8618: Non-nullable property 'AnimMap' must contain a non-null value when exiting constructor. Consider declaring the property as nullable. [/home/ubuntu/PROGRAMA-BETA/src/FiveMTool.csproj]
/home/ubuntu/PROGRAMA-BETA/src/External/CodeWalker.Core/GameFiles/FileTypes/YcdFile.cs(26,16): warning CS8618: Non-nullable property 'CutsceneMap' must contain a non-null value when exiting constructor. Consider declaring the property as nullable. [/home/ubuntu/PROGRAMA-BETA/src/FiveMTool.csproj]
/home/ubuntu/PROGRAMA-BETA/src/External/CodeWalker.Core/GameFiles/FileTypes/YcdFile.cs(26,16): warning CS8618: Non-nullable property 'ClipMapEntries' must contain a non-null value when exiting constructor. Consider declaring the property as nullable. [/home/ubuntu/PROGRAMA-BETA/src/FiveMTool.csproj]
/home/ubuntu/PROGRAMA-BETA/src/External/CodeWalker.Core/GameFiles/FileTypes/YcdFile.cs(26,16): warning CS8618: Non-nullable property 'AnimMapEntries' must contain a non-null value when exiting constructor. Consider declaring the property as nullable. [/home/ubuntu/PROGRAMA-BETA/src/FiveMTool.csproj]
/home/ubuntu/PROGRAMA-BETA/src/External/CodeWalker.Core/GameFiles/FileTypes/YcdFile.cs(26,16): warning CS8618: Non-nullable property 'LoadException' must contain a non-null value when exiting constructor. Consider declaring the property as nullable. [/home/ubuntu/PROGRAMA-BETA/src/FiveMTool.csproj]
/home/ubuntu/PROGRAMA-BETA/src/External/CodeWalker.Core/GameFiles/FileTypes/WatermapFile.cs(544,25): warning CS8604: Possible null reference argument for parameter 'node' in 'void WatermapFile.ReadXml(XmlNode node)'. [/home/ubuntu/PROGRAMA-BETA/src/FiveMTool.csproj]
/home/ubuntu/PROGRAMA-BETA/src/External/CodeWalker.Core/GameFiles/FileTypes/YddFile.cs(19,33): warning CS8625: Cannot convert null literal to non-nullable reference type. [/home/ubuntu/PROGRAMA-BETA/src/FiveMTool.csproj]
/home/ubuntu/PROGRAMA-BETA/src/External/CodeWalker.Core/GameFiles/FileTypes/YddFile.cs(19,16): warning CS8618: Non-nullable property 'DrawableDict' must contain a non-null value when exiting constructor. Consider declaring the property as nullable. [/home/ubuntu/PROGRAMA-BETA/src/FiveMTool.csproj]
/home/ubuntu/PROGRAMA-BETA/src/External/CodeWalker.Core/GameFiles/FileTypes/YddFile.cs(19,16): warning CS8618: Non-nullable property 'Dict' must contain a non-null value when exiting constructor. Consider declaring the property as nullable. [/home/ubuntu/PROGRAMA-BETA/src/FiveMTool.csproj]
/home/ubuntu/PROGRAMA-BETA/src/External/CodeWalker.Core/GameFiles/FileTypes/YddFile.cs(19,16): warning CS8618: Non-nullable property 'Drawables' must contain a non-null value when exiting constructor. Consider declaring the property as nullable. [/home/ubuntu/PROGRAMA-BETA/src/FiveMTool.csproj]
/home/ubuntu/PROGRAMA-BETA/src/External/CodeWalker.Core/GameFiles/FileTypes/YddFile.cs(22,16): warning CS8618: Non-nullable property 'DrawableDict' must contain a non-null value when exiting constructor. Consider declaring the property as nullable. [/home/ubuntu/PROGRAMA-BETA/src/FiveMTool.csproj]
/home/ubuntu/PROGRAMA-BETA/src/External/CodeWalker.Core/GameFiles/FileTypes/YddFile.cs(22,16): warning CS8618: Non-nullable property 'Dict' must contain a non-null value when exiting constructor. Consider declaring the property as nullable. [/home/ubuntu/PROGRAMA-BETA/src/FiveMTool.csproj]
/home/ubuntu/PROGRAMA-BETA/src/External/CodeWalker.Core/GameFiles/FileTypes/YddFile.cs(22,16): warning CS8618: Non-nullable property 'Drawables' must contain a non-null value when exiting constructor. Consider declaring the property as nullable. [/home/ubuntu/PROGRAMA-BETA/src/FiveMTool.csproj]
/home/ubuntu/PROGRAMA-BETA/src/External/CodeWalker.Core/GameFiles/FileTypes/YbnFile.cs(160,38): warning CS8603: Possible null reference return. [/home/ubuntu/PROGRAMA-BETA/src/FiveMTool.csproj]
/home/ubuntu/PROGRAMA-BETA/src/External/CodeWalker.Core/GameFiles/FileTypes/YbnFile.cs(197,20): warning CS8603: Possible null reference return. [/home/ubuntu/PROGRAMA-BETA/src/FiveMTool.csproj]
/home/ubuntu/PROGRAMA-BETA/src/External/CodeWalker.Core/GameFiles/FileTypes/RelFile.cs(21266,48): warning CS8604: Possible null reference argument for parameter 'variables' in 'AssembleResult Dat10Synth.Assemble(string assembly, Dat10SynthVariable[] variables, Action<string, int> onError = null)'. [/home/ubuntu/PROGRAMA-BETA/src/FiveMTool.csproj]
/home/ubuntu/PROGRAMA-BETA/src/External/CodeWalker.Core/GameFiles/FileTypes/YbnFile.cs(202,51): warning CS8604: Possible null reference argument for parameter 'node' in 'BoundMaterialColour[] XmlYbn.GetRawBoundMaterialColourArray(XmlNode node)'. [/home/ubuntu/PROGRAMA-BETA/src/FiveMTool.csproj]
/home/ubuntu/PROGRAMA-BETA/src/External/CodeWalker.Core/GameFiles/FileTypes/YedFile.cs(24,33): warning CS8625: Cannot convert null literal to non-nullable reference type. [/home/ubuntu/PROGRAMA-BETA/src/FiveMTool.csproj]
/home/ubuntu/PROGRAMA-BETA/src/External/CodeWalker.Core/GameFiles/FileTypes/YedFile.cs(24,16): warning CS8618: Non-nullable property 'ExpressionDictionary' must contain a non-null value when exiting constructor. Consider declaring the property as nullable. [/home/ubuntu/PROGRAMA-BETA/src/FiveMTool.csproj]
/home/ubuntu/PROGRAMA-BETA/src/External/CodeWalker.Core/GameFiles/FileTypes/YedFile.cs(24,16): warning CS8618: Non-nullable property 'LoadException' must contain a non-null value when exiting constructor. Consider declaring the property as nullable. [/home/ubuntu/PROGRAMA-BETA/src/FiveMTool.csproj]
/home/ubuntu/PROGRAMA-BETA/src/External/CodeWalker.Core/GameFiles/FileTypes/YedFile.cs(24,16): warning CS8618: Non-nullable property 'ExprMap' must contain a non-null value when exiting constructor. Consider declaring the property as nullable. [/home/ubuntu/PROGRAMA-BETA/src/FiveMTool.csproj]
/home/ubuntu/PROGRAMA-BETA/src/External/CodeWalker.Core/GameFiles/FileTypes/YedFile.cs(27,16): warning CS8618: Non-nullable property 'ExpressionDictionary' must contain a non-null value when exiting constructor. Consider declaring the property as nullable. [/home/ubuntu/PROGRAMA-BETA/src/FiveMTool.csproj]
/home/ubuntu/PROGRAMA-BETA/src/External/CodeWalker.Core/GameFiles/FileTypes/YedFile.cs(27,16): warning CS8618: Non-nullable property 'LoadException' must contain a non-null value when exiting constructor. Consider declaring the property as nullable. [/home/ubuntu/PROGRAMA-BETA/src/FiveMTool.csproj]
/home/ubuntu/PROGRAMA-BETA/src/External/CodeWalker.Core/GameFiles/FileTypes/YedFile.cs(27,16): warning CS8618: Non-nullable property 'ExprMap' must contain a non-null value when exiting constructor. Consider declaring the property as nullable. [/home/ubuntu/PROGRAMA-BETA/src/FiveMTool.csproj]
/home/ubuntu/PROGRAMA-BETA/src/External/CodeWalker.Core/GameFiles/FileTypes/YfdFile.cs(19,33): warning CS8625: Cannot convert null literal to non-nullable reference type. [/home/ubuntu/PROGRAMA-BETA/src/FiveMTool.csproj]
/home/ubuntu/PROGRAMA-BETA/src/External/CodeWalker.Core/GameFiles/FileTypes/YfdFile.cs(19,16): warning CS8618: Non-nullable property 'FrameFilterDictionary' must contain a non-null value when exiting constructor. Consider declaring the property as nullable. [/home/ubuntu/PROGRAMA-BETA/src/FiveMTool.csproj]
/home/ubuntu/PROGRAMA-BETA/src/External/CodeWalker.Core/GameFiles/FileTypes/YfdFile.cs(19,16): warning CS8618: Non-nullable property 'LoadException' must contain a non-null value when exiting constructor. Consider declaring the property as nullable. [/home/ubuntu/PROGRAMA-BETA/src/FiveMTool.csproj]
/home/ubuntu/PROGRAMA-BETA/src/External/CodeWalker.Core/GameFiles/FileTypes/YfdFile.cs(22,16): warning CS8618: Non-nullable property 'FrameFilterDictionary' must contain a non-null value when exiting constructor. Consider declaring the property as nullable. [/home/ubuntu/PROGRAMA-BETA/src/FiveMTool.csproj]
/home/ubuntu/PROGRAMA-BETA/src/External/CodeWalker.Core/GameFiles/FileTypes/YfdFile.cs(22,16): warning CS8618: Non-nullable property 'LoadException' must contain a non-null value when exiting constructor. Consider declaring the property as nullable. [/home/ubuntu/PROGRAMA-BETA/src/FiveMTool.csproj]
/home/ubuntu/PROGRAMA-BETA/src/External/CodeWalker.Core/GameFiles/FileTypes/YedFile.cs(38,45): warning CS8600: Converting null literal or possible null value to non-nullable type. [/home/ubuntu/PROGRAMA-BETA/src/FiveMTool.csproj]
/home/ubuntu/PROGRAMA-BETA/src/External/CodeWalker.Core/GameFiles/FileTypes/YedFile.cs(44,37): warning CS8600: Converting null literal or possible null value to non-nullable type. [/home/ubuntu/PROGRAMA-BETA/src/FiveMTool.csproj]
/home/ubuntu/PROGRAMA-BETA/src/External/CodeWalker.Core/GameFiles/FileTypes/YedFile.cs(55,36): warning CS8601: Possible null reference assignment. [/home/ubuntu/PROGRAMA-BETA/src/FiveMTool.csproj]
/home/ubuntu/PROGRAMA-BETA/src/External/CodeWalker.Core/GameFiles/FileTypes/YddFile.cs(40,45): warning CS8600: Converting null literal or possible null value to non-nullable type. [/home/ubuntu/PROGRAMA-BETA/src/FiveMTool.csproj]
/home/ubuntu/PROGRAMA-BETA/src/External/CodeWalker.Core/GameFiles/FileTypes/YfdFile.cs(33,45): warning CS8600: Converting null literal or possible null value to non-nullable type. [/home/ubuntu/PROGRAMA-BETA/src/FiveMTool.csproj]
/home/ubuntu/PROGRAMA-BETA/src/External/CodeWalker.Core/GameFiles/FileTypes/YfdFile.cs(39,37): warning CS8600: Converting null literal or possible null value to non-nullable type. [/home/ubuntu/PROGRAMA-BETA/src/FiveMTool.csproj]
/home/ubuntu/PROGRAMA-BETA/src/External/CodeWalker.Core/GameFiles/FileTypes/YfdFile.cs(50,37): warning CS8601: Possible null reference assignment. [/home/ubuntu/PROGRAMA-BETA/src/FiveMTool.csproj]
/home/ubuntu/PROGRAMA-BETA/src/External/CodeWalker.Core/GameFiles/FileTypes/YftFile.cs(17,33): warning CS8625: Cannot convert null literal to non-nullable reference type. [/home/ubuntu/PROGRAMA-BETA/src/FiveMTool.csproj]
/home/ubuntu/PROGRAMA-BETA/src/External/CodeWalker.Core/GameFiles/FileTypes/YftFile.cs(17,16): warning CS8618: Non-nullable property 'Fragment' must contain a non-null value when exiting constructor. Consider declaring the property as nullable. [/home/ubuntu/PROGRAMA-BETA/src/FiveMTool.csproj]
/home/ubuntu/PROGRAMA-BETA/src/External/CodeWalker.Core/GameFiles/FileTypes/YftFile.cs(20,16): warning CS8618: Non-nullable property 'Fragment' must contain a non-null value when exiting constructor. Consider declaring the property as nullable. [/home/ubuntu/PROGRAMA-BETA/src/FiveMTool.csproj]
/home/ubuntu/PROGRAMA-BETA/src/External/CodeWalker.Core/GameFiles/FileTypes/YddFile.cs(118,49): warning CS8604: Possible null reference argument for parameter 'fileBase' in 'byte[] ResourceBuilder.Build(ResourceFileBase fileBase, int version, bool compress = true, bool gen9 = false)'. [/home/ubuntu/PROGRAMA-BETA/src/FiveMTool.csproj]
/home/ubuntu/PROGRAMA-BETA/src/External/CodeWalker.Core/GameFiles/FileTypes/YldFile.cs(23,33): warning CS8625: Cannot convert null literal to non-nullable reference type. [/home/ubuntu/PROGRAMA-BETA/src/FiveMTool.csproj]
/home/ubuntu/PROGRAMA-BETA/src/External/CodeWalker.Core/GameFiles/FileTypes/YldFile.cs(23,16): warning CS8618: Non-nullable property 'ClothDictionary' must contain a non-null value when exiting constructor. Consider declaring the property as nullable. [/home/ubuntu/PROGRAMA-BETA/src/FiveMTool.csproj]
/home/ubuntu/PROGRAMA-BETA/src/External/CodeWalker.Core/GameFiles/FileTypes/YldFile.cs(23,16): warning CS8618: Non-nullable property 'Dict' must contain a non-null value when exiting constructor. Consider declaring the property as nullable. [/home/ubuntu/PROGRAMA-BETA/src/FiveMTool.csproj]
/home/ubuntu/PROGRAMA-BETA/src/External/CodeWalker.Core/GameFiles/FileTypes/YldFile.cs(23,16): warning CS8618: Non-nullable property 'LoadException' must contain a non-null value when exiting constructor. Consider declaring the property as nullable. [/home/ubuntu/PROGRAMA-BETA/src/FiveMTool.csproj]
/home/ubuntu/PROGRAMA-BETA/src/External/CodeWalker.Core/GameFiles/FileTypes/YldFile.cs(26,16): warning CS8618: Non-nullable property 'ClothDictionary' must contain a non-null value when exiting constructor. Consider declaring the property as nullable. [/home/ubuntu/PROGRAMA-BETA/src/FiveMTool.csproj]
/home/ubuntu/PROGRAMA-BETA/src/External/CodeWalker.Core/GameFiles/FileTypes/YldFile.cs(26,16): warning CS8618: Non-nullable property 'Dict' must contain a non-null value when exiting constructor. Consider declaring the property as nullable. [/home/ubuntu/PROGRAMA-BETA/src/FiveMTool.csproj]
/home/ubuntu/PROGRAMA-BETA/src/External/CodeWalker.Core/GameFiles/FileTypes/YldFile.cs(26,16): warning CS8618: Non-nullable property 'LoadException' must contain a non-null value when exiting constructor. Consider declaring the property as nullable. [/home/ubuntu/PROGRAMA-BETA/src/FiveMTool.csproj]
/home/ubuntu/PROGRAMA-BETA/src/External/CodeWalker.Core/GameFiles/FileTypes/YftFile.cs(37,45): warning CS8600: Converting null literal or possible null value to non-nullable type. [/home/ubuntu/PROGRAMA-BETA/src/FiveMTool.csproj]
/home/ubuntu/PROGRAMA-BETA/src/External/CodeWalker.Core/GameFiles/FileTypes/YftFile.cs(87,49): warning CS8604: Possible null reference argument for parameter 'fileBase' in 'byte[] ResourceBuilder.Build(ResourceFileBase fileBase, int version, bool compress = true, bool gen9 = false)'. [/home/ubuntu/PROGRAMA-BETA/src/FiveMTool.csproj]
/home/ubuntu/PROGRAMA-BETA/src/External/CodeWalker.Core/GameFiles/FileTypes/YmapFile.cs(2857,25): warning CS8618: Non-nullable property 'Ymap' must contain a non-null value when exiting constructor. Consider declaring the property as nullable. [/home/ubuntu/PROGRAMA-BETA/src/FiveMTool.csproj]
/home/ubuntu/PROGRAMA-BETA/src/External/CodeWalker.Core/GameFiles/FileTypes/YfdFile.cs(93,47): warning CS8604: Possible null reference argument for parameter 'node' in 'void FrameFilterDictionary.ReadXml(XmlNode node)'. [/home/ubuntu/PROGRAMA-BETA/src/FiveMTool.csproj]
/home/ubuntu/PROGRAMA-BETA/src/External/CodeWalker.Core/GameFiles/FileTypes/YcdFile.cs(29,16): warning CS8618: Non-nullable property 'ClipDictionary' must contain a non-null value when exiting constructor. Consider declaring the property as nullable. [/home/ubuntu/PROGRAMA-BETA/src/FiveMTool.csproj]
/home/ubuntu/PROGRAMA-BETA/src/External/CodeWalker.Core/GameFiles/FileTypes/YcdFile.cs(29,16): warning CS8618: Non-nullable property 'ClipMap' must contain a non-null value when exiting constructor. Consider declaring the property as nullable. [/home/ubuntu/PROGRAMA-BETA/src/FiveMTool.csproj]
/home/ubuntu/PROGRAMA-BETA/src/External/CodeWalker.Core/GameFiles/FileTypes/YcdFile.cs(29,16): warning CS8618: Non-nullable property 'AnimMap' must contain a non-null value when exiting constructor. Consider declaring the property as nullable. [/home/ubuntu/PROGRAMA-BETA/src/FiveMTool.csproj]
/home/ubuntu/PROGRAMA-BETA/src/External/CodeWalker.Core/GameFiles/FileTypes/YcdFile.cs(29,16): warning CS8618: Non-nullable property 'CutsceneMap' must contain a non-null value when exiting constructor. Consider declaring the property as nullable. [/home/ubuntu/PROGRAMA-BETA/src/FiveMTool.csproj]
/home/ubuntu/PROGRAMA-BETA/src/External/CodeWalker.Core/GameFiles/FileTypes/YcdFile.cs(29,16): warning CS8618: Non-nullable property 'ClipMapEntries' must contain a non-null value when exiting constructor. Consider declaring the property as nullable. [/home/ubuntu/PROGRAMA-BETA/src/FiveMTool.csproj]
/home/ubuntu/PROGRAMA-BETA/src/External/CodeWalker.Core/GameFiles/FileTypes/YcdFile.cs(29,16): warning CS8618: Non-nullable property 'AnimMapEntries' must contain a non-null value when exiting constructor. Consider declaring the property as nullable. [/home/ubuntu/PROGRAMA-BETA/src/FiveMTool.csproj]
/home/ubuntu/PROGRAMA-BETA/src/External/CodeWalker.Core/GameFiles/FileTypes/YcdFile.cs(29,16): warning CS8618: Non-nullable property 'LoadException' must contain a non-null value when exiting constructor. Consider declaring the property as nullable. [/home/ubuntu/PROGRAMA-BETA/src/FiveMTool.csproj]
/home/ubuntu/PROGRAMA-BETA/src/External/CodeWalker.Core/GameFiles/FileTypes/YdrFile.cs(15,33): warning CS8625: Cannot convert null literal to non-nullable reference type. [/home/ubuntu/PROGRAMA-BETA/src/FiveMTool.csproj]
/home/ubuntu/PROGRAMA-BETA/src/External/CodeWalker.Core/GameFiles/FileTypes/YdrFile.cs(15,16): warning CS8618: Non-nullable property 'Drawable' must contain a non-null value when exiting constructor. Consider declaring the property as nullable. [/home/ubuntu/PROGRAMA-BETA/src/FiveMTool.csproj]
/home/ubuntu/PROGRAMA-BETA/src/External/CodeWalker.Core/GameFiles/FileTypes/YdrFile.cs(18,16): warning CS8618: Non-nullable property 'Drawable' must contain a non-null value when exiting constructor. Consider declaring the property as nullable. [/home/ubuntu/PROGRAMA-BETA/src/FiveMTool.csproj]
/home/ubuntu/PROGRAMA-BETA/src/External/CodeWalker.Core/GameFiles/FileTypes/YmapFile.cs(1715,63): warning CS8625: Cannot convert null literal to non-nullable reference type. [/home/ubuntu/PROGRAMA-BETA/src/FiveMTool.csproj]
/home/ubuntu/PROGRAMA-BETA/src/External/CodeWalker.Core/GameFiles/FileTypes/YmapFile.cs(1716,46): warning CS8625: Cannot convert null literal to non-nullable reference type. [/home/ubuntu/PROGRAMA-BETA/src/FiveMTool.csproj]
/home/ubuntu/PROGRAMA-BETA/src/External/CodeWalker.Core/GameFiles/FileTypes/YmapFile.cs(1734,16): warning CS8618: Non-nullable property 'Archetype' must contain a non-null value when exiting constructor. Consider declaring the property as nullable. [/home/ubuntu/PROGRAMA-BETA/src/FiveMTool.csproj]
/home/ubuntu/PROGRAMA-BETA/src/External/CodeWalker.Core/GameFiles/FileTypes/YmapFile.cs(1734,16): warning CS8618: Non-nullable property 'ChildList' must contain a non-null value when exiting constructor. Consider declaring the property as nullable. [/home/ubuntu/PROGRAMA-BETA/src/FiveMTool.csproj]
/home/ubuntu/PROGRAMA-BETA/src/External/CodeWalker.Core/GameFiles/FileTypes/YmapFile.cs(1734,16): warning CS8618: Non-nullable property 'Children' must contain a non-null value when exiting constructor. Consider declaring the property as nullable. [/home/ubuntu/PROGRAMA-BETA/src/FiveMTool.csproj]
/home/ubuntu/PROGRAMA-BETA/src/External/CodeWalker.Core/GameFiles/FileTypes/YmapFile.cs(1734,16): warning CS8618: Non-nullable field 'ChildrenMerged' must contain a non-null value when exiting constructor. Consider declaring the field as nullable. [/home/ubuntu/PROGRAMA-BETA/src/FiveMTool.csproj]
/home/ubuntu/PROGRAMA-BETA/src/External/CodeWalker.Core/GameFiles/FileTypes/YmapFile.cs(1734,16): warning CS8618: Non-nullable property 'MloInstance' must contain a non-null value when exiting constructor. Consider declaring the property as nullable. [/home/ubuntu/PROGRAMA-BETA/src/FiveMTool.csproj]
/home/ubuntu/PROGRAMA-BETA/src/External/CodeWalker.Core/GameFiles/FileTypes/YmapFile.cs(1734,16): warning CS8618: Non-nullable property 'MloParent' must contain a non-null value when exiting constructor. Consider declaring the property as nullable. [/home/ubuntu/PROGRAMA-BETA/src/FiveMTool.csproj]
/home/ubuntu/PROGRAMA-BETA/src/External/CodeWalker.Core/GameFiles/FileTypes/YmapFile.cs(1734,16): warning CS8618: Non-nullable property 'MloEntitySet' must contain a non-null value when exiting constructor. Consider declaring the property as nullable. [/home/ubuntu/PROGRAMA-BETA/src/FiveMTool.csproj]
/home/ubuntu/PROGRAMA-BETA/src/External/CodeWalker.Core/GameFiles/FileTypes/YmapFile.cs(1734,16): warning CS8618: Non-nullable property 'Extensions' must contain a non-null value when exiting constructor. Consider declaring the property as nullable. [/home/ubuntu/PROGRAMA-BETA/src/FiveMTool.csproj]
/home/ubuntu/PROGRAMA-BETA/src/External/CodeWalker.Core/GameFiles/FileTypes/YmapFile.cs(1734,16): warning CS8618: Non-nullable property 'Parent' must contain a non-null value when exiting constructor. Consider declaring the property as nullable. [/home/ubuntu/PROGRAMA-BETA/src/FiveMTool.csproj]
/home/ubuntu/PROGRAMA-BETA/src/External/CodeWalker.Core/GameFiles/FileTypes/YmapFile.cs(1734,16): warning CS8618: Non-nullable property 'Ymap' must contain a non-null value when exiting constructor. Consider declaring the property as nullable. [/home/ubuntu/PROGRAMA-BETA/src/FiveMTool.csproj]
/home/ubuntu/PROGRAMA-BETA/src/External/CodeWalker.Core/GameFiles/FileTypes/YmapFile.cs(1734,16): warning CS8618: Non-nullable property 'Lights' must contain a non-null value when exiting constructor. Consider declaring the property as nullable. [/home/ubuntu/PROGRAMA-BETA/src/FiveMTool.csproj]
/home/ubuntu/PROGRAMA-BETA/src/External/CodeWalker.Core/GameFiles/FileTypes/YmapFile.cs(3069,45): warning CS8603: Possible null reference return. [/home/ubuntu/PROGRAMA-BETA/src/FiveMTool.csproj]
/home/ubuntu/PROGRAMA-BETA/src/External/CodeWalker.Core/GameFiles/FileTypes/YmapFile.cs(1740,16): warning CS8618: Non-nullable property 'Archetype' must contain a non-null value when exiting constructor. Consider declaring the property as nullable. [/home/ubuntu/PROGRAMA-BETA/src/FiveMTool.csproj]
/home/ubuntu/PROGRAMA-BETA/src/External/CodeWalker.Core/GameFiles/FileTypes/YmapFile.cs(1740,16): warning CS8618: Non-nullable property 'ChildList' must contain a non-null value when exiting constructor. Consider declaring the property as nullable. [/home/ubuntu/PROGRAMA-BETA/src/FiveMTool.csproj]
/home/ubuntu/PROGRAMA-BETA/src/External/CodeWalker.Core/GameFiles/FileTypes/YmapFile.cs(1740,16): warning CS8618: Non-nullable property 'Children' must contain a non-null value when exiting constructor. Consider declaring the property as nullable. [/home/ubuntu/PROGRAMA-BETA/src/FiveMTool.csproj]
/home/ubuntu/PROGRAMA-BETA/src/External/CodeWalker.Core/GameFiles/FileTypes/YmapFile.cs(1740,16): warning CS8618: Non-nullable field 'ChildrenMerged' must contain a non-null value when exiting constructor. Consider declaring the field as nullable. [/home/ubuntu/PROGRAMA-BETA/src/FiveMTool.csproj]
/home/ubuntu/PROGRAMA-BETA/src/External/CodeWalker.Core/GameFiles/FileTypes/YmapFile.cs(1740,16): warning CS8618: Non-nullable property 'MloInstance' must contain a non-null value when exiting constructor. Consider declaring the property as nullable. [/home/ubuntu/PROGRAMA-BETA/src/FiveMTool.csproj]
/home/ubuntu/PROGRAMA-BETA/src/External/CodeWalker.Core/GameFiles/FileTypes/YmapFile.cs(1740,16): warning CS8618: Non-nullable property 'MloParent' must contain a non-null value when exiting constructor. Consider declaring the property as nullable. [/home/ubuntu/PROGRAMA-BETA/src/FiveMTool.csproj]
/home/ubuntu/PROGRAMA-BETA/src/External/CodeWalker.Core/GameFiles/FileTypes/YmapFile.cs(1740,16): warning CS8618: Non-nullable property 'MloEntitySet' must contain a non-null value when exiting constructor. Consider declaring the property as nullable. [/home/ubuntu/PROGRAMA-BETA/src/FiveMTool.csproj]
/home/ubuntu/PROGRAMA-BETA/src/External/CodeWalker.Core/GameFiles/FileTypes/YmapFile.cs(1740,16): warning CS8618: Non-nullable property 'Extensions' must contain a non-null value when exiting constructor. Consider declaring the property as nullable. [/home/ubuntu/PROGRAMA-BETA/src/FiveMTool.csproj]
/home/ubuntu/PROGRAMA-BETA/src/External/CodeWalker.Core/GameFiles/FileTypes/YmapFile.cs(1740,16): warning CS8618: Non-nullable property 'Parent' must contain a non-null value when exiting constructor. Consider declaring the property as nullable. [/home/ubuntu/PROGRAMA-BETA/src/FiveMTool.csproj]
/home/ubuntu/PROGRAMA-BETA/src/External/CodeWalker.Core/GameFiles/FileTypes/YmapFile.cs(1740,16): warning CS8618: Non-nullable property 'Lights' must contain a non-null value when exiting constructor. Consider declaring the property as nullable. [/home/ubuntu/PROGRAMA-BETA/src/FiveMTool.csproj]
/home/ubuntu/PROGRAMA-BETA/src/External/CodeWalker.Core/GameFiles/FileTypes/YmapFile.cs(1773,53): warning CS8625: Cannot convert null literal to non-nullable reference type. [/home/ubuntu/PROGRAMA-BETA/src/FiveMTool.csproj]
/home/ubuntu/PROGRAMA-BETA/src/External/CodeWalker.Core/GameFiles/FileTypes/YmapFile.cs(1759,16): warning CS8618: Non-nullable property 'Archetype' must contain a non-null value when exiting constructor. Consider declaring the property as nullable. [/home/ubuntu/PROGRAMA-BETA/src/FiveMTool.csproj]
/home/ubuntu/PROGRAMA-BETA/src/External/CodeWalker.Core/GameFiles/FileTypes/YmapFile.cs(1759,16): warning CS8618: Non-nullable property 'ChildList' must contain a non-null value when exiting constructor. Consider declaring the property as nullable. [/home/ubuntu/PROGRAMA-BETA/src/FiveMTool.csproj]
/home/ubuntu/PROGRAMA-BETA/src/External/CodeWalker.Core/GameFiles/FileTypes/YmapFile.cs(1759,16): warning CS8618: Non-nullable property 'Children' must contain a non-null value when exiting constructor. Consider declaring the property as nullable. [/home/ubuntu/PROGRAMA-BETA/src/FiveMTool.csproj]
/home/ubuntu/PROGRAMA-BETA/src/External/CodeWalker.Core/GameFiles/FileTypes/YmapFile.cs(1759,16): warning CS8618: Non-nullable field 'ChildrenMerged' must contain a non-null value when exiting constructor. Consider declaring the field as nullable. [/home/ubuntu/PROGRAMA-BETA/src/FiveMTool.csproj]
/home/ubuntu/PROGRAMA-BETA/src/External/CodeWalker.Core/GameFiles/FileTypes/YmapFile.cs(1759,16): warning CS8618: Non-nullable property 'MloParent' must contain a non-null value when exiting constructor. Consider declaring the property as nullable. [/home/ubuntu/PROGRAMA-BETA/src/FiveMTool.csproj]
/home/ubuntu/PROGRAMA-BETA/src/External/CodeWalker.Core/GameFiles/FileTypes/YmapFile.cs(1759,16): warning CS8618: Non-nullable property 'MloEntitySet' must contain a non-null value when exiting constructor. Consider declaring the property as nullable. [/home/ubuntu/PROGRAMA-BETA/src/FiveMTool.csproj]
/home/ubuntu/PROGRAMA-BETA/src/External/CodeWalker.Core/GameFiles/FileTypes/YmapFile.cs(1759,16): warning CS8618: Non-nullable property 'Extensions' must contain a non-null value when exiting constructor. Consider declaring the property as nullable. [/home/ubuntu/PROGRAMA-BETA/src/FiveMTool.csproj]
/home/ubuntu/PROGRAMA-BETA/src/External/CodeWalker.Core/GameFiles/FileTypes/YmapFile.cs(1759,16): warning CS8618: Non-nullable property 'Parent' must contain a non-null value when exiting constructor. Consider declaring the property as nullable. [/home/ubuntu/PROGRAMA-BETA/src/FiveMTool.csproj]
/home/ubuntu/PROGRAMA-BETA/src/External/CodeWalker.Core/GameFiles/FileTypes/YmapFile.cs(1759,16): warning CS8618: Non-nullable property 'Lights' must contain a non-null value when exiting constructor. Consider declaring the property as nullable. [/home/ubuntu/PROGRAMA-BETA/src/FiveMTool.csproj]
/home/ubuntu/PROGRAMA-BETA/src/External/CodeWalker.Core/GameFiles/FileTypes/YdrFile.cs(36,45): warning CS8600: Converting null literal or possible null value to non-nullable type. [/home/ubuntu/PROGRAMA-BETA/src/FiveMTool.csproj]
/home/ubuntu/PROGRAMA-BETA/src/External/CodeWalker.Core/GameFiles/FileTypes/YdrFile.cs(88,49): warning CS8604: Possible null reference argument for parameter 'fileBase' in 'byte[] ResourceBuilder.Build(ResourceFileBase fileBase, int version, bool compress = true, bool gen9 = false)'. [/home/ubuntu/PROGRAMA-BETA/src/FiveMTool.csproj]
/home/ubuntu/PROGRAMA-BETA/src/External/CodeWalker.Core/GameFiles/FileTypes/YmapFile.cs(1783,20): warning CS8625: Cannot convert null literal to non-nullable reference type. [/home/ubuntu/PROGRAMA-BETA/src/FiveMTool.csproj]
/home/ubuntu/PROGRAMA-BETA/src/External/CodeWalker.Core/GameFiles/FileTypes/YmapFile.cs(1781,16): warning CS8618: Non-nullable property 'Archetype' must contain a non-null value when exiting constructor. Consider declaring the property as nullable. [/home/ubuntu/PROGRAMA-BETA/src/FiveMTool.csproj]
/home/ubuntu/PROGRAMA-BETA/src/External/CodeWalker.Core/GameFiles/FileTypes/YmapFile.cs(1781,16): warning CS8618: Non-nullable property 'ChildList' must contain a non-null value when exiting constructor. Consider declaring the property as nullable. [/home/ubuntu/PROGRAMA-BETA/src/FiveMTool.csproj]
/home/ubuntu/PROGRAMA-BETA/src/External/CodeWalker.Core/GameFiles/FileTypes/YmapFile.cs(1781,16): warning CS8618: Non-nullable property 'Children' must contain a non-null value when exiting constructor. Consider declaring the property as nullable. [/home/ubuntu/PROGRAMA-BETA/src/FiveMTool.csproj]
/home/ubuntu/PROGRAMA-BETA/src/External/CodeWalker.Core/GameFiles/FileTypes/YmapFile.cs(1781,16): warning CS8618: Non-nullable field 'ChildrenMerged' must contain a non-null value when exiting constructor. Consider declaring the field as nullable. [/home/ubuntu/PROGRAMA-BETA/src/FiveMTool.csproj]
/home/ubuntu/PROGRAMA-BETA/src/External/CodeWalker.Core/GameFiles/FileTypes/YmapFile.cs(1781,16): warning CS8618: Non-nullable property 'MloInstance' must contain a non-null value when exiting constructor. Consider declaring the property as nullable. [/home/ubuntu/PROGRAMA-BETA/src/FiveMTool.csproj]
/home/ubuntu/PROGRAMA-BETA/src/External/CodeWalker.Core/GameFiles/FileTypes/YmapFile.cs(1781,16): warning CS8618: Non-nullable property 'MloEntitySet' must contain a non-null value when exiting constructor. Consider declaring the property as nullable. [/home/ubuntu/PROGRAMA-BETA/src/FiveMTool.csproj]
/home/ubuntu/PROGRAMA-BETA/src/External/CodeWalker.Core/GameFiles/FileTypes/YmapFile.cs(1781,16): warning CS8618: Non-nullable property 'Parent' must contain a non-null value when exiting constructor. Consider declaring the property as nullable. [/home/ubuntu/PROGRAMA-BETA/src/FiveMTool.csproj]
/home/ubuntu/PROGRAMA-BETA/src/External/CodeWalker.Core/GameFiles/FileTypes/YmapFile.cs(1781,16): warning CS8618: Non-nullable property 'Ymap' must contain a non-null value when exiting constructor. Consider declaring the property as nullable. [/home/ubuntu/PROGRAMA-BETA/src/FiveMTool.csproj]
/home/ubuntu/PROGRAMA-BETA/src/External/CodeWalker.Core/GameFiles/FileTypes/YmapFile.cs(1781,16): warning CS8618: Non-nullable property 'Lights' must contain a non-null value when exiting constructor. Consider declaring the property as nullable. [/home/ubuntu/PROGRAMA-BETA/src/FiveMTool.csproj]
/home/ubuntu/PROGRAMA-BETA/src/External/CodeWalker.Core/GameFiles/FileTypes/YmapFile.cs(3273,35): warning CS8618: Non-nullable property 'TimeCycleModData' must contain a non-null value when exiting constructor. Consider declaring the property as nullable. [/home/ubuntu/PROGRAMA-BETA/src/FiveMTool.csproj]
/home/ubuntu/PROGRAMA-BETA/src/External/CodeWalker.Core/GameFiles/FileTypes/YmapFile.cs(3278,25): warning CS8618: Non-nullable property 'Ymap' must contain a non-null value when exiting constructor. Consider declaring the property as nullable. [/home/ubuntu/PROGRAMA-BETA/src/FiveMTool.csproj]
/home/ubuntu/PROGRAMA-BETA/src/External/CodeWalker.Core/GameFiles/FileTypes/YmapFile.cs(3394,16): warning CS8618: Non-nullable property 'Data' must contain a non-null value when exiting constructor. Consider declaring the property as nullable. [/home/ubuntu/PROGRAMA-BETA/src/FiveMTool.csproj]
/home/ubuntu/PROGRAMA-BETA/src/External/CodeWalker.Core/GameFiles/FileTypes/YmapFile.cs(3394,16): warning CS8618: Non-nullable property 'Vertices' must contain a non-null value when exiting constructor. Consider declaring the property as nullable. [/home/ubuntu/PROGRAMA-BETA/src/FiveMTool.csproj]
/home/ubuntu/PROGRAMA-BETA/src/External/CodeWalker.Core/GameFiles/FileTypes/YmapFile.cs(3394,16): warning CS8618: Non-nullable property 'Indices' must contain a non-null value when exiting constructor. Consider declaring the property as nullable. [/home/ubuntu/PROGRAMA-BETA/src/FiveMTool.csproj]
/home/ubuntu/PROGRAMA-BETA/src/External/CodeWalker.Core/GameFiles/FileTypes/YmapFile.cs(3394,16): warning CS8618: Non-nullable property 'Triangles' must contain a non-null value when exiting constructor. Consider declaring the property as nullable. [/home/ubuntu/PROGRAMA-BETA/src/FiveMTool.csproj]
/home/ubuntu/PROGRAMA-BETA/src/External/CodeWalker.Core/GameFiles/FileTypes/YmapFile.cs(3394,16): warning CS8618: Non-nullable property 'BVH' must contain a non-null value when exiting constructor. Consider declaring the property as nullable. [/home/ubuntu/PROGRAMA-BETA/src/FiveMTool.csproj]
/home/ubuntu/PROGRAMA-BETA/src/External/CodeWalker.Core/GameFiles/FileTypes/YmapFile.cs(1819,61): warning CS8604: Possible null reference argument for parameter 'mloa' in 'MloInstanceData.MloInstanceData(YmapEntityDef owner, MloArchetype mloa)'. [/home/ubuntu/PROGRAMA-BETA/src/FiveMTool.csproj]
/home/ubuntu/PROGRAMA-BETA/src/External/CodeWalker.Core/GameFiles/FileTypes/YmapFile.cs(1853,35): warning CS8625: Cannot convert null literal to non-nullable reference type. [/home/ubuntu/PROGRAMA-BETA/src/FiveMTool.csproj]
/home/ubuntu/PROGRAMA-BETA/src/External/CodeWalker.Core/GameFiles/FileTypes/YmapFile.cs(2902,26): warning CS8602: Dereference of a possibly null reference. [/home/ubuntu/PROGRAMA-BETA/src/FiveMTool.csproj]
/home/ubuntu/PROGRAMA-BETA/src/External/CodeWalker.Core/GameFiles/FileTypes/YmapFile.cs(2925,20): warning CS8603: Possible null reference return. [/home/ubuntu/PROGRAMA-BETA/src/FiveMTool.csproj]
/home/ubuntu/PROGRAMA-BETA/src/External/CodeWalker.Core/GameFiles/FileTypes/YmapFile.cs(2865,23): warning CS8618: Non-nullable property 'colours' must contain a non-null value when exiting constructor. Consider declaring the property as nullable. [/home/ubuntu/PROGRAMA-BETA/src/FiveMTool.csproj]
/home/ubuntu/PROGRAMA-BETA/src/External/CodeWalker.Core/GameFiles/FileTypes/YmapFile.cs(2866,30): warning CS8618: Non-nullable property 'positions' must contain a non-null value when exiting constructor. Consider declaring the property as nullable. [/home/ubuntu/PROGRAMA-BETA/src/FiveMTool.csproj]
/home/ubuntu/PROGRAMA-BETA/src/External/CodeWalker.Core/GameFiles/FileTypes/YmapFile.cs(2870,25): warning CS8618: Non-nullable property 'Ymap' must contain a non-null value when exiting constructor. Consider declaring the property as nullable. [/home/ubuntu/PROGRAMA-BETA/src/FiveMTool.csproj]
/home/ubuntu/PROGRAMA-BETA/src/External/CodeWalker.Core/GameFiles/FileTypes/YmapFile.cs(3555,45): warning CS8603: Possible null reference return. [/home/ubuntu/PROGRAMA-BETA/src/FiveMTool.csproj]
/home/ubuntu/PROGRAMA-BETA/src/External/CodeWalker.Core/GameFiles/FileTypes/YmfFile.cs(30,45): warning CS8600: Converting null literal or possible null value to non-nullable type. [/home/ubuntu/PROGRAMA-BETA/src/FiveMTool.csproj]
/home/ubuntu/PROGRAMA-BETA/src/External/CodeWalker.Core/GameFiles/FileTypes/YmfFile.cs(116,27): warning CS8618: Non-nullable property 'Bounds' must contain a non-null value when exiting constructor. Consider declaring the property as nullable. [/home/ubuntu/PROGRAMA-BETA/src/FiveMTool.csproj]
/home/ubuntu/PROGRAMA-BETA/src/External/CodeWalker.Core/GameFiles/FileTypes/YmfFile.cs(117,27): warning CS8618: Non-nullable property 'WeatherTypes' must contain a non-null value when exiting constructor. Consider declaring the property as nullable. [/home/ubuntu/PROGRAMA-BETA/src/FiveMTool.csproj]
/home/ubuntu/PROGRAMA-BETA/src/External/CodeWalker.Core/GameFiles/FileTypes/YmapFile.cs(2055,43): warning CS8600: Converting null literal or possible null value to non-nullable type. [/home/ubuntu/PROGRAMA-BETA/src/FiveMTool.csproj]
/home/ubuntu/PROGRAMA-BETA/src/External/CodeWalker.Core/GameFiles/FileTypes/RelFile.cs(24682,30): warning CS8602: Dereference of a possibly null reference. [/home/ubuntu/PROGRAMA-BETA/src/FiveMTool.csproj]
/home/ubuntu/PROGRAMA-BETA/src/External/CodeWalker.Core/GameFiles/FileTypes/RelFile.cs(24706,44): warning CS8602: Dereference of a possibly null reference. [/home/ubuntu/PROGRAMA-BETA/src/FiveMTool.csproj]
/home/ubuntu/PROGRAMA-BETA/src/External/CodeWalker.Core/GameFiles/FileTypes/RelFile.cs(24719,42): warning CS8602: Dereference of a possibly null reference. [/home/ubuntu/PROGRAMA-BETA/src/FiveMTool.csproj]
/home/ubuntu/PROGRAMA-BETA/src/External/CodeWalker.Core/GameFiles/FileTypes/YmapFile.cs(2078,34): warning CS8600: Converting null literal or possible null value to non-nullable type. [/home/ubuntu/PROGRAMA-BETA/src/FiveMTool.csproj]
/home/ubuntu/PROGRAMA-BETA/src/External/CodeWalker.Core/GameFiles/FileTypes/YmapFile.cs(44,40): warning CS8625: Cannot convert null literal to non-nullable reference type. [/home/ubuntu/PROGRAMA-BETA/src/FiveMTool.csproj]
/home/ubuntu/PROGRAMA-BETA/src/External/CodeWalker.Core/GameFiles/FileTypes/YmapFile.cs(66,44): warning CS8625: Cannot convert null literal to non-nullable reference type. [/home/ubuntu/PROGRAMA-BETA/src/FiveMTool.csproj]
/home/ubuntu/PROGRAMA-BETA/src/External/CodeWalker.Core/GameFiles/FileTypes/YmapFile.cs(68,56): warning CS8625: Cannot convert null literal to non-nullable reference type. [/home/ubuntu/PROGRAMA-BETA/src/FiveMTool.csproj]
/home/ubuntu/PROGRAMA-BETA/src/External/CodeWalker.Core/GameFiles/FileTypes/YmapFile.cs(71,34): warning CS8625: Cannot convert null literal to non-nullable reference type. [/home/ubuntu/PROGRAMA-BETA/src/FiveMTool.csproj]
/home/ubuntu/PROGRAMA-BETA/src/External/CodeWalker.Core/GameFiles/FileTypes/YmapFile.cs(71,16): warning CS8618: Non-nullable property 'Meta' must contain a non-null value when exiting constructor. Consider declaring the property as nullable. [/home/ubuntu/PROGRAMA-BETA/src/FiveMTool.csproj]
/home/ubuntu/PROGRAMA-BETA/src/External/CodeWalker.Core/GameFiles/FileTypes/YmapFile.cs(71,16): warning CS8618: Non-nullable property 'Pso' must contain a non-null value when exiting constructor. Consider declaring the property as nullable. [/home/ubuntu/PROGRAMA-BETA/src/FiveMTool.csproj]
/home/ubuntu/PROGRAMA-BETA/src/External/CodeWalker.Core/GameFiles/FileTypes/YmapFile.cs(71,16): warning CS8618: Non-nullable property 'Rbf' must contain a non-null value when exiting constructor. Consider declaring the property as nullable. [/home/ubuntu/PROGRAMA-BETA/src/FiveMTool.csproj]
/home/ubuntu/PROGRAMA-BETA/src/External/CodeWalker.Core/GameFiles/FileTypes/YmapFile.cs(71,16): warning CS8618: Non-nullable property 'CEntityDefs' must contain a non-null value when exiting constructor. Consider declaring the property as nullable. [/home/ubuntu/PROGRAMA-BETA/src/FiveMTool.csproj]
/home/ubuntu/PROGRAMA-BETA/src/External/CodeWalker.Core/GameFiles/FileTypes/YmapFile.cs(71,16): warning CS8618: Non-nullable property 'CMloInstanceDefs' must contain a non-null value when exiting constructor. Consider declaring the property as nullable. [/home/ubuntu/PROGRAMA-BETA/src/FiveMTool.csproj]
/home/ubuntu/PROGRAMA-BETA/src/External/CodeWalker.Core/GameFiles/FileTypes/YmapFile.cs(71,16): warning CS8618: Non-nullable property 'CCarGens' must contain a non-null value when exiting constructor. Consider declaring the property as nullable. [/home/ubuntu/PROGRAMA-BETA/src/FiveMTool.csproj]
/home/ubuntu/PROGRAMA-BETA/src/External/CodeWalker.Core/GameFiles/FileTypes/YmapFile.cs(71,16): warning CS8618: Non-nullable property 'CTimeCycleModifiers' must contain a non-null value when exiting constructor. Consider declaring the property as nullable. [/home/ubuntu/PROGRAMA-BETA/src/FiveMTool.csproj]
/home/ubuntu/PROGRAMA-BETA/src/External/CodeWalker.Core/GameFiles/FileTypes/YmapFile.cs(71,16): warning CS8618: Non-nullable property 'physicsDictionaries' must contain a non-null value when exiting constructor. Consider declaring the property as nullable. [/home/ubuntu/PROGRAMA-BETA/src/FiveMTool.csproj]
/home/ubuntu/PROGRAMA-BETA/src/External/CodeWalker.Core/GameFiles/FileTypes/YmapFile.cs(71,16): warning CS8618: Non-nullable property 'CBoxOccluders' must contain a non-null value when exiting constructor. Consider declaring the property as nullable. [/home/ubuntu/PROGRAMA-BETA/src/FiveMTool.csproj]
/home/ubuntu/PROGRAMA-BETA/src/External/CodeWalker.Core/GameFiles/FileTypes/YmapFile.cs(71,16): warning CS8618: Non-nullable property 'COccludeModels' must contain a non-null value when exiting constructor. Consider declaring the property as nullable. [/home/ubuntu/PROGRAMA-BETA/src/FiveMTool.csproj]
/home/ubuntu/PROGRAMA-BETA/src/External/CodeWalker.Core/GameFiles/FileTypes/YmapFile.cs(71,16): warning CS8618: Non-nullable property 'Strings' must contain a non-null value when exiting constructor. Consider declaring the property as nullable. [/home/ubuntu/PROGRAMA-BETA/src/FiveMTool.csproj]
/home/ubuntu/PROGRAMA-BETA/src/External/CodeWalker.Core/GameFiles/FileTypes/YmapFile.cs(71,16): warning CS8618: Non-nullable field 'AllEntities' must contain a non-null value when exiting constructor. Consider declaring the field as nullable. [/home/ubuntu/PROGRAMA-BETA/src/FiveMTool.csproj]
/home/ubuntu/PROGRAMA-BETA/src/External/CodeWalker.Core/GameFiles/FileTypes/YmapFile.cs(71,16): warning CS8618: Non-nullable field 'RootEntities' must contain a non-null value when exiting constructor. Consider declaring the field as nullable. [/home/ubuntu/PROGRAMA-BETA/src/FiveMTool.csproj]
/home/ubuntu/PROGRAMA-BETA/src/External/CodeWalker.Core/GameFiles/FileTypes/YmapFile.cs(71,16): warning CS8618: Non-nullable field 'MloEntities' must contain a non-null value when exiting constructor. Consider declaring the field as nullable. [/home/ubuntu/PROGRAMA-BETA/src/FiveMTool.csproj]
/home/ubuntu/PROGRAMA-BETA/src/External/CodeWalker.Core/GameFiles/FileTypes/YmapFile.cs(71,16): warning CS8618: Non-nullable property 'Parent' must contain a non-null value when exiting constructor. Consider declaring the property as nullable. [/home/ubuntu/PROGRAMA-BETA/src/FiveMTool.csproj]
/home/ubuntu/PROGRAMA-BETA/src/External/CodeWalker.Core/GameFiles/FileTypes/YmapFile.cs(71,16): warning CS8618: Non-nullable property 'GrassInstanceBatches' must contain a non-null value when exiting constructor. Consider declaring the property as nullable. [/home/ubuntu/PROGRAMA-BETA/src/FiveMTool.csproj]
/home/ubuntu/PROGRAMA-BETA/src/External/CodeWalker.Core/GameFiles/FileTypes/YmapFile.cs(71,16): warning CS8618: Non-nullable property 'PropInstanceBatches' must contain a non-null value when exiting constructor. Consider declaring the property as nullable. [/home/ubuntu/PROGRAMA-BETA/src/FiveMTool.csproj]
/home/ubuntu/PROGRAMA-BETA/src/External/CodeWalker.Core/GameFiles/FileTypes/YmapFile.cs(71,16): warning CS8618: Non-nullable property 'DistantLODLights' must contain a non-null value when exiting constructor. Consider declaring the property as nullable. [/home/ubuntu/PROGRAMA-BETA/src/FiveMTool.csproj]
/home/ubuntu/PROGRAMA-BETA/src/External/CodeWalker.Core/GameFiles/FileTypes/YmapFile.cs(71,16): warning CS8618: Non-nullable property 'LODLights' must contain a non-null value when exiting constructor. Consider declaring the property as nullable. [/home/ubuntu/PROGRAMA-BETA/src/FiveMTool.csproj]
/home/ubuntu/PROGRAMA-BETA/src/External/CodeWalker.Core/GameFiles/FileTypes/YmapFile.cs(71,16): warning CS8618: Non-nullable property 'TimeCycleModifiers' must contain a non-null value when exiting constructor. Consider declaring the property as nullable. [/home/ubuntu/PROGRAMA-BETA/src/FiveMTool.csproj]
/home/ubuntu/PROGRAMA-BETA/src/External/CodeWalker.Core/GameFiles/FileTypes/YmapFile.cs(71,16): warning CS8618: Non-nullable property 'CarGenerators' must contain a non-null value when exiting constructor. Consider declaring the property as nullable. [/home/ubuntu/PROGRAMA-BETA/src/FiveMTool.csproj]
/home/ubuntu/PROGRAMA-BETA/src/External/CodeWalker.Core/GameFiles/FileTypes/YmapFile.cs(71,16): warning CS8618: Non-nullable property 'BoxOccluders' must contain a non-null value when exiting constructor. Consider declaring the property as nullable. [/home/ubuntu/PROGRAMA-BETA/src/FiveMTool.csproj]
/home/ubuntu/PROGRAMA-BETA/src/External/CodeWalker.Core/GameFiles/FileTypes/YmapFile.cs(71,16): warning CS8618: Non-nullable property 'OccludeModels' must contain a non-null value when exiting constructor. Consider declaring the property as nullable. [/home/ubuntu/PROGRAMA-BETA/src/FiveMTool.csproj]
/home/ubuntu/PROGRAMA-BETA/src/External/CodeWalker.Core/GameFiles/FileTypes/YmapFile.cs(74,16): warning CS8618: Non-nullable property 'Meta' must contain a non-null value when exiting constructor. Consider declaring the property as nullable. [/home/ubuntu/PROGRAMA-BETA/src/FiveMTool.csproj]
/home/ubuntu/PROGRAMA-BETA/src/External/CodeWalker.Core/GameFiles/FileTypes/YmapFile.cs(74,16): warning CS8618: Non-nullable property 'Pso' must contain a non-null value when exiting constructor. Consider declaring the property as nullable. [/home/ubuntu/PROGRAMA-BETA/src/FiveMTool.csproj]
/home/ubuntu/PROGRAMA-BETA/src/External/CodeWalker.Core/GameFiles/FileTypes/YmapFile.cs(74,16): warning CS8618: Non-nullable property 'Rbf' must contain a non-null value when exiting constructor. Consider declaring the property as nullable. [/home/ubuntu/PROGRAMA-BETA/src/FiveMTool.csproj]
/home/ubuntu/PROGRAMA-BETA/src/External/CodeWalker.Core/GameFiles/FileTypes/YmapFile.cs(74,16): warning CS8618: Non-nullable property 'CEntityDefs' must contain a non-null value when exiting constructor. Consider declaring the property as nullable. [/home/ubuntu/PROGRAMA-BETA/src/FiveMTool.csproj]
/home/ubuntu/PROGRAMA-BETA/src/External/CodeWalker.Core/GameFiles/FileTypes/YmapFile.cs(74,16): warning CS8618: Non-nullable property 'CMloInstanceDefs' must contain a non-null value when exiting constructor. Consider declaring the property as nullable. [/home/ubuntu/PROGRAMA-BETA/src/FiveMTool.csproj]
/home/ubuntu/PROGRAMA-BETA/src/External/CodeWalker.Core/GameFiles/FileTypes/YmapFile.cs(74,16): warning CS8618: Non-nullable property 'CCarGens' must contain a non-null value when exiting constructor. Consider declaring the property as nullable. [/home/ubuntu/PROGRAMA-BETA/src/FiveMTool.csproj]
/home/ubuntu/PROGRAMA-BETA/src/External/CodeWalker.Core/GameFiles/FileTypes/YmapFile.cs(74,16): warning CS8618: Non-nullable property 'CTimeCycleModifiers' must contain a non-null value when exiting constructor. Consider declaring the property as nullable. [/home/ubuntu/PROGRAMA-BETA/src/FiveMTool.csproj]
/home/ubuntu/PROGRAMA-BETA/src/External/CodeWalker.Core/GameFiles/FileTypes/YmapFile.cs(74,16): warning CS8618: Non-nullable property 'physicsDictionaries' must contain a non-null value when exiting constructor. Consider declaring the property as nullable. [/home/ubuntu/PROGRAMA-BETA/src/FiveMTool.csproj]
/home/ubuntu/PROGRAMA-BETA/src/External/CodeWalker.Core/GameFiles/FileTypes/YmapFile.cs(74,16): warning CS8618: Non-nullable property 'CBoxOccluders' must contain a non-null value when exiting constructor. Consider declaring the property as nullable. [/home/ubuntu/PROGRAMA-BETA/src/FiveMTool.csproj]
/home/ubuntu/PROGRAMA-BETA/src/External/CodeWalker.Core/GameFiles/FileTypes/YmapFile.cs(74,16): warning CS8618: Non-nullable property 'COccludeModels' must contain a non-null value when exiting constructor. Consider declaring the property as nullable. [/home/ubuntu/PROGRAMA-BETA/src/FiveMTool.csproj]
/home/ubuntu/PROGRAMA-BETA/src/External/CodeWalker.Core/GameFiles/FileTypes/YmapFile.cs(74,16): warning CS8618: Non-nullable property 'Strings' must contain a non-null value when exiting constructor. Consider declaring the property as nullable. [/home/ubuntu/PROGRAMA-BETA/src/FiveMTool.csproj]
/home/ubuntu/PROGRAMA-BETA/src/External/CodeWalker.Core/GameFiles/FileTypes/YmapFile.cs(74,16): warning CS8618: Non-nullable field 'AllEntities' must contain a non-null value when exiting constructor. Consider declaring the field as nullable. [/home/ubuntu/PROGRAMA-BETA/src/FiveMTool.csproj]
/home/ubuntu/PROGRAMA-BETA/src/External/CodeWalker.Core/GameFiles/FileTypes/YmapFile.cs(74,16): warning CS8618: Non-nullable field 'RootEntities' must contain a non-null value when exiting constructor. Consider declaring the field as nullable. [/home/ubuntu/PROGRAMA-BETA/src/FiveMTool.csproj]
/home/ubuntu/PROGRAMA-BETA/src/External/CodeWalker.Core/GameFiles/FileTypes/YmapFile.cs(74,16): warning CS8618: Non-nullable field 'MloEntities' must contain a non-null value when exiting constructor. Consider declaring the field as nullable. [/home/ubuntu/PROGRAMA-BETA/src/FiveMTool.csproj]
/home/ubuntu/PROGRAMA-BETA/src/External/CodeWalker.Core/GameFiles/FileTypes/YmapFile.cs(74,16): warning CS8618: Non-nullable property 'Parent' must contain a non-null value when exiting constructor. Consider declaring the property as nullable. [/home/ubuntu/PROGRAMA-BETA/src/FiveMTool.csproj]
/home/ubuntu/PROGRAMA-BETA/src/External/CodeWalker.Core/GameFiles/FileTypes/YmapFile.cs(74,16): warning CS8618: Non-nullable property 'GrassInstanceBatches' must contain a non-null value when exiting constructor. Consider declaring the property as nullable. [/home/ubuntu/PROGRAMA-BETA/src/FiveMTool.csproj]
/home/ubuntu/PROGRAMA-BETA/src/External/CodeWalker.Core/GameFiles/FileTypes/YmapFile.cs(74,16): warning CS8618: Non-nullable property 'PropInstanceBatches' must contain a non-null value when exiting constructor. Consider declaring the property as nullable. [/home/ubuntu/PROGRAMA-BETA/src/FiveMTool.csproj]
/home/ubuntu/PROGRAMA-BETA/src/External/CodeWalker.Core/GameFiles/FileTypes/YmapFile.cs(74,16): warning CS8618: Non-nullable property 'DistantLODLights' must contain a non-null value when exiting constructor. Consider declaring the property as nullable. [/home/ubuntu/PROGRAMA-BETA/src/FiveMTool.csproj]
/home/ubuntu/PROGRAMA-BETA/src/External/CodeWalker.Core/GameFiles/FileTypes/YmapFile.cs(74,16): warning CS8618: Non-nullable property 'LODLights' must contain a non-null value when exiting constructor. Consider declaring the property as nullable. [/home/ubuntu/PROGRAMA-BETA/src/FiveMTool.csproj]
/home/ubuntu/PROGRAMA-BETA/src/External/CodeWalker.Core/GameFiles/FileTypes/YmapFile.cs(74,16): warning CS8618: Non-nullable property 'TimeCycleModifiers' must contain a non-null value when exiting constructor. Consider declaring the property as nullable. [/home/ubuntu/PROGRAMA-BETA/src/FiveMTool.csproj]
/home/ubuntu/PROGRAMA-BETA/src/External/CodeWalker.Core/GameFiles/FileTypes/YmapFile.cs(74,16): warning CS8618: Non-nullable property 'CarGenerators' must contain a non-null value when exiting constructor. Consider declaring the property as nullable. [/home/ubuntu/PROGRAMA-BETA/src/FiveMTool.csproj]
/home/ubuntu/PROGRAMA-BETA/src/External/CodeWalker.Core/GameFiles/FileTypes/YmapFile.cs(74,16): warning CS8618: Non-nullable property 'BoxOccluders' must contain a non-null value when exiting constructor. Consider declaring the property as nullable. [/home/ubuntu/PROGRAMA-BETA/src/FiveMTool.csproj]
/home/ubuntu/PROGRAMA-BETA/src/External/CodeWalker.Core/GameFiles/FileTypes/YmapFile.cs(74,16): warning CS8618: Non-nullable property 'OccludeModels' must contain a non-null value when exiting constructor. Consider declaring the property as nullable. [/home/ubuntu/PROGRAMA-BETA/src/FiveMTool.csproj]
/home/ubuntu/PROGRAMA-BETA/src/External/CodeWalker.Core/GameFiles/FileTypes/YmapFile.cs(3420,29): warning CS8625: Cannot convert null literal to non-nullable reference type. [/home/ubuntu/PROGRAMA-BETA/src/FiveMTool.csproj]
/home/ubuntu/PROGRAMA-BETA/src/External/CodeWalker.Core/GameFiles/FileTypes/YmapFile.cs(3435,23): warning CS8625: Cannot convert null literal to non-nullable reference type. [/home/ubuntu/PROGRAMA-BETA/src/FiveMTool.csproj]
/home/ubuntu/PROGRAMA-BETA/src/External/CodeWalker.Core/GameFiles/FileTypes/YmapFile.cs(2424,17): warning CS8602: Dereference of a possibly null reference. [/home/ubuntu/PROGRAMA-BETA/src/FiveMTool.csproj]
/home/ubuntu/PROGRAMA-BETA/src/External/CodeWalker.Core/GameFiles/FileTypes/YmapFile.cs(2172,25): warning CS8625: Cannot convert null literal to non-nullable reference type. [/home/ubuntu/PROGRAMA-BETA/src/FiveMTool.csproj]
/home/ubuntu/PROGRAMA-BETA/src/External/CodeWalker.Core/GameFiles/FileTypes/YmfFile.cs(13,29): warning CS8618: Non-nullable property 'FileEntry' must contain a non-null value when exiting constructor. Consider declaring the property as nullable. [/home/ubuntu/PROGRAMA-BETA/src/FiveMTool.csproj]
/home/ubuntu/PROGRAMA-BETA/src/External/CodeWalker.Core/GameFiles/FileTypes/YmfFile.cs(15,21): warning CS8618: Non-nullable property 'Meta' must contain a non-null value when exiting constructor. Consider declaring the property as nullable. [/home/ubuntu/PROGRAMA-BETA/src/FiveMTool.csproj]
/home/ubuntu/PROGRAMA-BETA/src/External/CodeWalker.Core/GameFiles/FileTypes/YmfFile.cs(16,24): warning CS8618: Non-nullable property 'Pso' must contain a non-null value when exiting constructor. Consider declaring the property as nullable. [/home/ubuntu/PROGRAMA-BETA/src/FiveMTool.csproj]
/home/ubuntu/PROGRAMA-BETA/src/External/CodeWalker.Core/GameFiles/FileTypes/YmfFile.cs(17,24): warning CS8618: Non-nullable property 'Rbf' must contain a non-null value when exiting constructor. Consider declaring the property as nullable. [/home/ubuntu/PROGRAMA-BETA/src/FiveMTool.csproj]
/home/ubuntu/PROGRAMA-BETA/src/External/CodeWalker.Core/GameFiles/FileTypes/YmfFile.cs(19,34): warning CS8618: Non-nullable property 'MapDataGroups' must contain a non-null value when exiting constructor. Consider declaring the property as nullable. [/home/ubuntu/PROGRAMA-BETA/src/FiveMTool.csproj]
/home/ubuntu/PROGRAMA-BETA/src/External/CodeWalker.Core/GameFiles/FileTypes/YmfFile.cs(20,34): warning CS8618: Non-nullable property 'imapDependencies' must contain a non-null value when exiting constructor. Consider declaring the property as nullable. [/home/ubuntu/PROGRAMA-BETA/src/FiveMTool.csproj]
/home/ubuntu/PROGRAMA-BETA/src/External/CodeWalker.Core/GameFiles/FileTypes/YmfFile.cs(21,37): warning CS8618: Non-nullable property 'imapDependencies2' must contain a non-null value when exiting constructor. Consider declaring the property as nullable. [/home/ubuntu/PROGRAMA-BETA/src/FiveMTool.csproj]
/home/ubuntu/PROGRAMA-BETA/src/External/CodeWalker.Core/GameFiles/FileTypes/YmfFile.cs(22,37): warning CS8618: Non-nullable property 'itypDependencies2' must contain a non-null value when exiting constructor. Consider declaring the property as nullable. [/home/ubuntu/PROGRAMA-BETA/src/FiveMTool.csproj]
/home/ubuntu/PROGRAMA-BETA/src/External/CodeWalker.Core/GameFiles/FileTypes/YmfFile.cs(23,37): warning CS8618: Non-nullable property 'HDTxdAssetBindings' must contain a non-null value when exiting constructor. Consider declaring the property as nullable. [/home/ubuntu/PROGRAMA-BETA/src/FiveMTool.csproj]
/home/ubuntu/PROGRAMA-BETA/src/External/CodeWalker.Core/GameFiles/FileTypes/YmfFile.cs(24,30): warning CS8618: Non-nullable property 'Interiors' must contain a non-null value when exiting constructor. Consider declaring the property as nullable. [/home/ubuntu/PROGRAMA-BETA/src/FiveMTool.csproj]
/home/ubuntu/PROGRAMA-BETA/src/External/CodeWalker.Core/GameFiles/FileTypes/YmapFile.cs(3070,30): warning CS8618: Non-nullable property 'LodLights' must contain a non-null value when exiting constructor. Consider declaring the property as nullable. [/home/ubuntu/PROGRAMA-BETA/src/FiveMTool.csproj]
/home/ubuntu/PROGRAMA-BETA/src/External/CodeWalker.Core/GameFiles/FileTypes/YmapFile.cs(3071,37): warning CS8618: Non-nullable property 'DistLodLights' must contain a non-null value when exiting constructor. Consider declaring the property as nullable. [/home/ubuntu/PROGRAMA-BETA/src/FiveMTool.csproj]
/home/ubuntu/PROGRAMA-BETA/src/External/CodeWalker.Core/GameFiles/FileTypes/RelFile.cs(24888,20): warning CS8603: Possible null reference return. [/home/ubuntu/PROGRAMA-BETA/src/FiveMTool.csproj]
/home/ubuntu/PROGRAMA-BETA/src/External/CodeWalker.Core/GameFiles/FileTypes/YmapFile.cs(2189,25): warning CS8625: Cannot convert null literal to non-nullable reference type. [/home/ubuntu/PROGRAMA-BETA/src/FiveMTool.csproj]
/home/ubuntu/PROGRAMA-BETA/src/External/CodeWalker.Core/GameFiles/FileTypes/YmfFile.cs(175,27): warning CS8618: Non-nullable property 'Bounds' must contain a non-null value when exiting constructor. Consider declaring the property as nullable. [/home/ubuntu/PROGRAMA-BETA/src/FiveMTool.csproj]
/home/ubuntu/PROGRAMA-BETA/src/External/CodeWalker.Core/GameFiles/FileTypes/YmfFile.cs(141,27): warning CS8618: Non-nullable property 'itypDepArray' must contain a non-null value when exiting constructor. Consider declaring the property as nullable. [/home/ubuntu/PROGRAMA-BETA/src/FiveMTool.csproj]
/home/ubuntu/PROGRAMA-BETA/src/External/CodeWalker.Core/GameFiles/FileTypes/RelFile.cs(24906,20): warning CS8603: Possible null reference return. [/home/ubuntu/PROGRAMA-BETA/src/FiveMTool.csproj]
/home/ubuntu/PROGRAMA-BETA/src/External/CodeWalker.Core/GameFiles/FileTypes/YndFile.cs(52,44): warning CS8625: Cannot convert null literal to non-nullable reference type. [/home/ubuntu/PROGRAMA-BETA/src/FiveMTool.csproj]
/home/ubuntu/PROGRAMA-BETA/src/External/CodeWalker.Core/GameFiles/FileTypes/YndFile.cs(57,33): warning CS8625: Cannot convert null literal to non-nullable reference type. [/home/ubuntu/PROGRAMA-BETA/src/FiveMTool.csproj]
/home/ubuntu/PROGRAMA-BETA/src/External/CodeWalker.Core/GameFiles/FileTypes/YndFile.cs(57,16): warning CS8618: Non-nullable property 'NodeDictionary' must contain a non-null value when exiting constructor. Consider declaring the property as nullable. [/home/ubuntu/PROGRAMA-BETA/src/FiveMTool.csproj]
/home/ubuntu/PROGRAMA-BETA/src/External/CodeWalker.Core/GameFiles/FileTypes/YndFile.cs(57,16): warning CS8618: Non-nullable property 'Nodes' must contain a non-null value when exiting constructor. Consider declaring the property as nullable. [/home/ubuntu/PROGRAMA-BETA/src/FiveMTool.csproj]
/home/ubuntu/PROGRAMA-BETA/src/External/CodeWalker.Core/GameFiles/FileTypes/YndFile.cs(57,16): warning CS8618: Non-nullable property 'Links' must contain a non-null value when exiting constructor. Consider declaring the property as nullable. [/home/ubuntu/PROGRAMA-BETA/src/FiveMTool.csproj]
/home/ubuntu/PROGRAMA-BETA/src/External/CodeWalker.Core/GameFiles/FileTypes/YndFile.cs(57,16): warning CS8618: Non-nullable property 'Junctions' must contain a non-null value when exiting constructor. Consider declaring the property as nullable. [/home/ubuntu/PROGRAMA-BETA/src/FiveMTool.csproj]
/home/ubuntu/PROGRAMA-BETA/src/External/CodeWalker.Core/GameFiles/FileTypes/YndFile.cs(57,16): warning CS8618: Non-nullable property 'LinkedVerts' must contain a non-null value when exiting constructor. Consider declaring the property as nullable. [/home/ubuntu/PROGRAMA-BETA/src/FiveMTool.csproj]
/home/ubuntu/PROGRAMA-BETA/src/External/CodeWalker.Core/GameFiles/FileTypes/YndFile.cs(57,16): warning CS8618: Non-nullable property 'TriangleVerts' must contain a non-null value when exiting constructor. Consider declaring the property as nullable. [/home/ubuntu/PROGRAMA-BETA/src/FiveMTool.csproj]
/home/ubuntu/PROGRAMA-BETA/src/External/CodeWalker.Core/GameFiles/FileTypes/YndFile.cs(57,16): warning CS8618: Non-nullable property 'NodePositions' must contain a non-null value when exiting constructor. Consider declaring the property as nullable. [/home/ubuntu/PROGRAMA-BETA/src/FiveMTool.csproj]
/home/ubuntu/PROGRAMA-BETA/src/External/CodeWalker.Core/GameFiles/FileTypes/YndFile.cs(57,16): warning CS8618: Non-nullable property 'BVH' must contain a non-null value when exiting constructor. Consider declaring the property as nullable. [/home/ubuntu/PROGRAMA-BETA/src/FiveMTool.csproj]
/home/ubuntu/PROGRAMA-BETA/src/External/CodeWalker.Core/GameFiles/FileTypes/YndFile.cs(60,16): warning CS8618: Non-nullable property 'NodeDictionary' must contain a non-null value when exiting constructor. Consider declaring the property as nullable. [/home/ubuntu/PROGRAMA-BETA/src/FiveMTool.csproj]
/home/ubuntu/PROGRAMA-BETA/src/External/CodeWalker.Core/GameFiles/FileTypes/YndFile.cs(60,16): warning CS8618: Non-nullable property 'Nodes' must contain a non-null value when exiting constructor. Consider declaring the property as nullable. [/home/ubuntu/PROGRAMA-BETA/src/FiveMTool.csproj]
/home/ubuntu/PROGRAMA-BETA/src/External/CodeWalker.Core/GameFiles/FileTypes/YndFile.cs(60,16): warning CS8618: Non-nullable property 'Links' must contain a non-null value when exiting constructor. Consider declaring the property as nullable. [/home/ubuntu/PROGRAMA-BETA/src/FiveMTool.csproj]
/home/ubuntu/PROGRAMA-BETA/src/External/CodeWalker.Core/GameFiles/FileTypes/YndFile.cs(60,16): warning CS8618: Non-nullable property 'Junctions' must contain a non-null value when exiting constructor. Consider declaring the property as nullable. [/home/ubuntu/PROGRAMA-BETA/src/FiveMTool.csproj]
/home/ubuntu/PROGRAMA-BETA/src/External/CodeWalker.Core/GameFiles/FileTypes/YndFile.cs(60,16): warning CS8618: Non-nullable property 'LinkedVerts' must contain a non-null value when exiting constructor. Consider declaring the property as nullable. [/home/ubuntu/PROGRAMA-BETA/src/FiveMTool.csproj]
/home/ubuntu/PROGRAMA-BETA/src/External/CodeWalker.Core/GameFiles/FileTypes/YndFile.cs(60,16): warning CS8618: Non-nullable property 'TriangleVerts' must contain a non-null value when exiting constructor. Consider declaring the property as nullable. [/home/ubuntu/PROGRAMA-BETA/src/FiveMTool.csproj]
/home/ubuntu/PROGRAMA-BETA/src/External/CodeWalker.Core/GameFiles/FileTypes/YndFile.cs(60,16): warning CS8618: Non-nullable property 'NodePositions' must contain a non-null value when exiting constructor. Consider declaring the property as nullable. [/home/ubuntu/PROGRAMA-BETA/src/FiveMTool.csproj]
/home/ubuntu/PROGRAMA-BETA/src/External/CodeWalker.Core/GameFiles/FileTypes/YndFile.cs(60,16): warning CS8618: Non-nullable property 'BVH' must contain a non-null value when exiting constructor. Consider declaring the property as nullable. [/home/ubuntu/PROGRAMA-BETA/src/FiveMTool.csproj]
/home/ubuntu/PROGRAMA-BETA/src/External/CodeWalker.Core/GameFiles/FileTypes/YmapFile.cs(3447,28): warning CS8625: Cannot convert null literal to non-nullable reference type. [/home/ubuntu/PROGRAMA-BETA/src/FiveMTool.csproj]
/home/ubuntu/PROGRAMA-BETA/src/External/CodeWalker.Core/GameFiles/FileTypes/YmapFile.cs(3448,27): warning CS8625: Cannot convert null literal to non-nullable reference type. [/home/ubuntu/PROGRAMA-BETA/src/FiveMTool.csproj]
/home/ubuntu/PROGRAMA-BETA/src/External/CodeWalker.Core/GameFiles/FileTypes/YldFile.cs(37,45): warning CS8600: Converting null literal or possible null value to non-nullable type. [/home/ubuntu/PROGRAMA-BETA/src/FiveMTool.csproj]
/home/ubuntu/PROGRAMA-BETA/src/External/CodeWalker.Core/GameFiles/FileTypes/YldFile.cs(43,37): warning CS8600: Converting null literal or possible null value to non-nullable type. [/home/ubuntu/PROGRAMA-BETA/src/FiveMTool.csproj]
/home/ubuntu/PROGRAMA-BETA/src/External/CodeWalker.Core/GameFiles/FileTypes/YldFile.cs(54,31): warning CS8601: Possible null reference assignment. [/home/ubuntu/PROGRAMA-BETA/src/FiveMTool.csproj]
/home/ubuntu/PROGRAMA-BETA/src/External/CodeWalker.Core/GameFiles/FileTypes/YldFile.cs(65,32): warning CS8602: Dereference of a possibly null reference. [/home/ubuntu/PROGRAMA-BETA/src/FiveMTool.csproj]
/home/ubuntu/PROGRAMA-BETA/src/External/CodeWalker.Core/GameFiles/FileTypes/YldFile.cs(66,33): warning CS8602: Dereference of a possibly null reference. [/home/ubuntu/PROGRAMA-BETA/src/FiveMTool.csproj]
/home/ubuntu/PROGRAMA-BETA/src/External/CodeWalker.Core/GameFiles/FileTypes/YmapFile.cs(2223,44): warning CS8600: Converting null literal or possible null value to non-nullable type. [/home/ubuntu/PROGRAMA-BETA/src/FiveMTool.csproj]
/home/ubuntu/PROGRAMA-BETA/src/External/CodeWalker.Core/GameFiles/FileTypes/YmapFile.cs(2224,24): warning CS8600: Converting null literal or possible null value to non-nullable type. [/home/ubuntu/PROGRAMA-BETA/src/FiveMTool.csproj]
/home/ubuntu/PROGRAMA-BETA/src/External/CodeWalker.Core/GameFiles/FileTypes/YmapFile.cs(2227,30): warning CS8600: Converting null literal or possible null value to non-nullable type. [/home/ubuntu/PROGRAMA-BETA/src/FiveMTool.csproj]
/home/ubuntu/PROGRAMA-BETA/src/External/CodeWalker.Core/GameFiles/FileTypes/YmapFile.cs(2234,30): warning CS8600: Converting null literal or possible null value to non-nullable type. [/home/ubuntu/PROGRAMA-BETA/src/FiveMTool.csproj]
/home/ubuntu/PROGRAMA-BETA/src/External/CodeWalker.Core/GameFiles/FileTypes/YmapFile.cs(2235,21): warning CS8600: Converting null literal or possible null value to non-nullable type. [/home/ubuntu/PROGRAMA-BETA/src/FiveMTool.csproj]
/home/ubuntu/PROGRAMA-BETA/src/External/CodeWalker.Core/GameFiles/FileTypes/YmapFile.cs(2266,74): warning CS8600: Converting null literal or possible null value to non-nullable type. [/home/ubuntu/PROGRAMA-BETA/src/FiveMTool.csproj]
/home/ubuntu/PROGRAMA-BETA/src/External/CodeWalker.Core/GameFiles/FileTypes/YcdFile.cs(41,45): warning CS8600: Converting null literal or possible null value to non-nullable type. [/home/ubuntu/PROGRAMA-BETA/src/FiveMTool.csproj]
/home/ubuntu/PROGRAMA-BETA/src/External/CodeWalker.Core/GameFiles/FileTypes/YcdFile.cs(47,37): warning CS8600: Converting null literal or possible null value to non-nullable type. [/home/ubuntu/PROGRAMA-BETA/src/FiveMTool.csproj]
/home/ubuntu/PROGRAMA-BETA/src/External/CodeWalker.Core/GameFiles/FileTypes/YcdFile.cs(58,30): warning CS8601: Possible null reference assignment. [/home/ubuntu/PROGRAMA-BETA/src/FiveMTool.csproj]
/home/ubuntu/PROGRAMA-BETA/src/External/CodeWalker.Core/GameFiles/FileTypes/YmapFile.cs(3519,37): warning CS8603: Possible null reference return. [/home/ubuntu/PROGRAMA-BETA/src/FiveMTool.csproj]
/home/ubuntu/PROGRAMA-BETA/src/External/CodeWalker.Core/GameFiles/FileTypes/YmapFile.cs(3520,20): warning CS8603: Possible null reference return. [/home/ubuntu/PROGRAMA-BETA/src/FiveMTool.csproj]
/home/ubuntu/PROGRAMA-BETA/src/External/CodeWalker.Core/GameFiles/FileTypes/YmapFile.cs(2351,36): warning CS8618: Non-nullable property 'Attributes' must contain a non-null value when exiting constructor. Consider declaring the property as nullable. [/home/ubuntu/PROGRAMA-BETA/src/FiveMTool.csproj]
/home/ubuntu/PROGRAMA-BETA/src/External/CodeWalker.Core/GameFiles/FileTypes/YmapFile.cs(3019,29): warning CS8625: Cannot convert null literal to non-nullable reference type. [/home/ubuntu/PROGRAMA-BETA/src/FiveMTool.csproj]
/home/ubuntu/PROGRAMA-BETA/src/External/CodeWalker.Core/GameFiles/FileTypes/YmapFile.cs(3020,27): warning CS8625: Cannot convert null literal to non-nullable reference type. [/home/ubuntu/PROGRAMA-BETA/src/FiveMTool.csproj]
/home/ubuntu/PROGRAMA-BETA/src/External/CodeWalker.Core/GameFiles/FileTypes/YmapFile.cs(3021,35): warning CS8625: Cannot convert null literal to non-nullable reference type. [/home/ubuntu/PROGRAMA-BETA/src/FiveMTool.csproj]
/home/ubuntu/PROGRAMA-BETA/src/External/CodeWalker.Core/GameFiles/FileTypes/YmapFile.cs(3022,37): warning CS8625: Cannot convert null literal to non-nullable reference type. [/home/ubuntu/PROGRAMA-BETA/src/FiveMTool.csproj]
/home/ubuntu/PROGRAMA-BETA/src/External/CodeWalker.Core/GameFiles/FileTypes/YmapFile.cs(3023,24): warning CS8625: Cannot convert null literal to non-nullable reference type. [/home/ubuntu/PROGRAMA-BETA/src/FiveMTool.csproj]
/home/ubuntu/PROGRAMA-BETA/src/External/CodeWalker.Core/GameFiles/FileTypes/YmapFile.cs(3024,34): warning CS8625: Cannot convert null literal to non-nullable reference type. [/home/ubuntu/PROGRAMA-BETA/src/FiveMTool.csproj]
/home/ubuntu/PROGRAMA-BETA/src/External/CodeWalker.Core/GameFiles/FileTypes/YmapFile.cs(3025,42): warning CS8625: Cannot convert null literal to non-nullable reference type. [/home/ubuntu/PROGRAMA-BETA/src/FiveMTool.csproj]
/home/ubuntu/PROGRAMA-BETA/src/External/CodeWalker.Core/GameFiles/FileTypes/YmapFile.cs(3026,35): warning CS8625: Cannot convert null literal to non-nullable reference type. [/home/ubuntu/PROGRAMA-BETA/src/FiveMTool.csproj]
/home/ubuntu/PROGRAMA-BETA/src/External/CodeWalker.Core/GameFiles/FileTypes/YmapFile.cs(3041,30): warning CS8602: Dereference of a possibly null reference. [/home/ubuntu/PROGRAMA-BETA/src/FiveMTool.csproj]
/home/ubuntu/PROGRAMA-BETA/src/External/CodeWalker.Core/GameFiles/FileTypes/YmtFile.cs(308,42): warning CS8618: Non-nullable property 'RegionDefs' must contain a non-null value when exiting constructor. Consider declaring the property as nullable. [/home/ubuntu/PROGRAMA-BETA/src/FiveMTool.csproj]
/home/ubuntu/PROGRAMA-BETA/src/External/CodeWalker.Core/GameFiles/FileTypes/YmtFile.cs(309,38): warning CS8618: Non-nullable property 'Groups' must contain a non-null value when exiting constructor. Consider declaring the property as nullable. [/home/ubuntu/PROGRAMA-BETA/src/FiveMTool.csproj]
/home/ubuntu/PROGRAMA-BETA/src/External/CodeWalker.Core/GameFiles/FileTypes/YmtFile.cs(310,27): warning CS8618: Non-nullable property 'InteriorNames' must contain a non-null value when exiting constructor. Consider declaring the property as nullable. [/home/ubuntu/PROGRAMA-BETA/src/FiveMTool.csproj]
/home/ubuntu/PROGRAMA-BETA/src/External/CodeWalker.Core/GameFiles/FileTypes/RelFile.cs(21383,27): warning CS8618: Non-nullable property 'Disassembly' must contain a non-null value when exiting constructor. Consider declaring the property as nullable. [/home/ubuntu/PROGRAMA-BETA/src/FiveMTool.csproj]
/home/ubuntu/PROGRAMA-BETA/src/External/CodeWalker.Core/GameFiles/FileTypes/YndFile.cs(81,45): warning CS8600: Converting null literal or possible null value to non-nullable type. [/home/ubuntu/PROGRAMA-BETA/src/FiveMTool.csproj]
/home/ubuntu/PROGRAMA-BETA/src/External/CodeWalker.Core/GameFiles/FileTypes/YndFile.cs(1520,24): warning CS8618: Non-nullable property 'Ynd' must contain a non-null value when exiting constructor. Consider declaring the property as nullable. [/home/ubuntu/PROGRAMA-BETA/src/FiveMTool.csproj]
/home/ubuntu/PROGRAMA-BETA/src/External/CodeWalker.Core/GameFiles/FileTypes/YndFile.cs(1524,37): warning CS8618: Non-nullable property 'Heightmap' must contain a non-null value when exiting constructor. Consider declaring the property as nullable. [/home/ubuntu/PROGRAMA-BETA/src/FiveMTool.csproj]
/home/ubuntu/PROGRAMA-BETA/src/External/CodeWalker.Core/GameFiles/FileTypes/YnvFile.cs(56,53): warning CS8603: Possible null reference return. [/home/ubuntu/PROGRAMA-BETA/src/FiveMTool.csproj]
/home/ubuntu/PROGRAMA-BETA/src/External/CodeWalker.Core/GameFiles/FileTypes/YmapFile.cs(3525,65): warning CS8603: Possible null reference return. [/home/ubuntu/PROGRAMA-BETA/src/FiveMTool.csproj]
/home/ubuntu/PROGRAMA-BETA/src/External/CodeWalker.Core/GameFiles/FileTypes/YnvFile.cs(57,51): warning CS8603: Possible null reference return. [/home/ubuntu/PROGRAMA-BETA/src/FiveMTool.csproj]
/home/ubuntu/PROGRAMA-BETA/src/External/CodeWalker.Core/GameFiles/FileTypes/YmapFile.cs(3538,20): warning CS8603: Possible null reference return. [/home/ubuntu/PROGRAMA-BETA/src/FiveMTool.csproj]
/home/ubuntu/PROGRAMA-BETA/src/External/CodeWalker.Core/GameFiles/FileTypes/YnvFile.cs(58,50): warning CS8603: Possible null reference return. [/home/ubuntu/PROGRAMA-BETA/src/FiveMTool.csproj]
/home/ubuntu/PROGRAMA-BETA/src/External/CodeWalker.Core/GameFiles/FileTypes/YmapFile.cs(3542,20): warning CS8603: Possible null reference return. [/home/ubuntu/PROGRAMA-BETA/src/FiveMTool.csproj]
/home/ubuntu/PROGRAMA-BETA/src/External/CodeWalker.Core/GameFiles/FileTypes/YnvFile.cs(59,50): warning CS8603: Possible null reference return. [/home/ubuntu/PROGRAMA-BETA/src/FiveMTool.csproj]
/home/ubuntu/PROGRAMA-BETA/src/External/CodeWalker.Core/GameFiles/FileTypes/YmapFile.cs(3062,20): warning CS8603: Possible null reference return. [/home/ubuntu/PROGRAMA-BETA/src/FiveMTool.csproj]
/home/ubuntu/PROGRAMA-BETA/src/External/CodeWalker.Core/GameFiles/FileTypes/YmapFile.cs(2933,30): warning CS8618: Non-nullable property 'direction' must contain a non-null value when exiting constructor. Consider declaring the property as nullable. [/home/ubuntu/PROGRAMA-BETA/src/FiveMTool.csproj]
/home/ubuntu/PROGRAMA-BETA/src/External/CodeWalker.Core/GameFiles/FileTypes/YmapFile.cs(2934,24): warning CS8618: Non-nullable property 'falloff' must contain a non-null value when exiting constructor. Consider declaring the property as nullable. [/home/ubuntu/PROGRAMA-BETA/src/FiveMTool.csproj]
/home/ubuntu/PROGRAMA-BETA/src/External/CodeWalker.Core/GameFiles/FileTypes/YmapFile.cs(2935,24): warning CS8618: Non-nullable property 'falloffExponent' must contain a non-null value when exiting constructor. Consider declaring the property as nullable. [/home/ubuntu/PROGRAMA-BETA/src/FiveMTool.csproj]
/home/ubuntu/PROGRAMA-BETA/src/External/CodeWalker.Core/GameFiles/FileTypes/YmapFile.cs(2936,23): warning CS8618: Non-nullable property 'timeAndStateFlags' must contain a non-null value when exiting constructor. Consider declaring the property as nullable. [/home/ubuntu/PROGRAMA-BETA/src/FiveMTool.csproj]
/home/ubuntu/PROGRAMA-BETA/src/External/CodeWalker.Core/GameFiles/FileTypes/YmapFile.cs(2937,23): warning CS8618: Non-nullable property 'hash' must contain a non-null value when exiting constructor. Consider declaring the property as nullable. [/home/ubuntu/PROGRAMA-BETA/src/FiveMTool.csproj]
/home/ubuntu/PROGRAMA-BETA/src/External/CodeWalker.Core/GameFiles/FileTypes/YmapFile.cs(2938,23): warning CS8618: Non-nullable property 'coneInnerAngle' must contain a non-null value when exiting constructor. Consider declaring the property as nullable. [/home/ubuntu/PROGRAMA-BETA/src/FiveMTool.csproj]
/home/ubuntu/PROGRAMA-BETA/src/External/CodeWalker.Core/GameFiles/FileTypes/YmapFile.cs(2939,23): warning CS8618: Non-nullable property 'coneOuterAngleOrCapExt' must contain a non-null value when exiting constructor. Consider declaring the property as nullable. [/home/ubuntu/PROGRAMA-BETA/src/FiveMTool.csproj]
/home/ubuntu/PROGRAMA-BETA/src/External/CodeWalker.Core/GameFiles/FileTypes/YmapFile.cs(2940,23): warning CS8618: Non-nullable property 'coronaIntensity' must contain a non-null value when exiting constructor. Consider declaring the property as nullable. [/home/ubuntu/PROGRAMA-BETA/src/FiveMTool.csproj]
/home/ubuntu/PROGRAMA-BETA/src/External/CodeWalker.Core/GameFiles/FileTypes/YmapFile.cs(2944,25): warning CS8618: Non-nullable property 'Ymap' must contain a non-null value when exiting constructor. Consider declaring the property as nullable. [/home/ubuntu/PROGRAMA-BETA/src/FiveMTool.csproj]
/home/ubuntu/PROGRAMA-BETA/src/External/CodeWalker.Core/GameFiles/FileTypes/YmapFile.cs(2946,31): warning CS8618: Non-nullable property 'LodLights' must contain a non-null value when exiting constructor. Consider declaring the property as nullable. [/home/ubuntu/PROGRAMA-BETA/src/FiveMTool.csproj]
/home/ubuntu/PROGRAMA-BETA/src/External/CodeWalker.Core/GameFiles/FileTypes/YmapFile.cs(2948,24): warning CS8618: Non-nullable property 'BVH' must contain a non-null value when exiting constructor. Consider declaring the property as nullable. [/home/ubuntu/PROGRAMA-BETA/src/FiveMTool.csproj]
/home/ubuntu/PROGRAMA-BETA/src/External/CodeWalker.Core/GameFiles/FileTypes/YnvFile.cs(60,54): warning CS8603: Possible null reference return. [/home/ubuntu/PROGRAMA-BETA/src/FiveMTool.csproj]
/home/ubuntu/PROGRAMA-BETA/src/External/CodeWalker.Core/GameFiles/FileTypes/YnvFile.cs(61,52): warning CS8603: Possible null reference return. [/home/ubuntu/PROGRAMA-BETA/src/FiveMTool.csproj]
/home/ubuntu/PROGRAMA-BETA/src/External/CodeWalker.Core/GameFiles/FileTypes/YnvFile.cs(31,44): warning CS8625: Cannot convert null literal to non-nullable reference type. [/home/ubuntu/PROGRAMA-BETA/src/FiveMTool.csproj]
/home/ubuntu/PROGRAMA-BETA/src/External/CodeWalker.Core/GameFiles/FileTypes/YnvFile.cs(66,33): warning CS8625: Cannot convert null literal to non-nullable reference type. [/home/ubuntu/PROGRAMA-BETA/src/FiveMTool.csproj]
/home/ubuntu/PROGRAMA-BETA/src/External/CodeWalker.Core/GameFiles/FileTypes/YnvFile.cs(66,16): warning CS8618: Non-nullable property 'Nav' must contain a non-null value when exiting constructor. Consider declaring the property as nullable. [/home/ubuntu/PROGRAMA-BETA/src/FiveMTool.csproj]
/home/ubuntu/PROGRAMA-BETA/src/External/CodeWalker.Core/GameFiles/FileTypes/YnvFile.cs(66,16): warning CS8618: Non-nullable property 'Vertices' must contain a non-null value when exiting constructor. Consider declaring the property as nullable. [/home/ubuntu/PROGRAMA-BETA/src/FiveMTool.csproj]
/home/ubuntu/PROGRAMA-BETA/src/External/CodeWalker.Core/GameFiles/FileTypes/YnvFile.cs(66,16): warning CS8618: Non-nullable property 'Indices' must contain a non-null value when exiting constructor. Consider declaring the property as nullable. [/home/ubuntu/PROGRAMA-BETA/src/FiveMTool.csproj]
/home/ubuntu/PROGRAMA-BETA/src/External/CodeWalker.Core/GameFiles/FileTypes/YnvFile.cs(66,16): warning CS8618: Non-nullable property 'Edges' must contain a non-null value when exiting constructor. Consider declaring the property as nullable. [/home/ubuntu/PROGRAMA-BETA/src/FiveMTool.csproj]
/home/ubuntu/PROGRAMA-BETA/src/External/CodeWalker.Core/GameFiles/FileTypes/YnvFile.cs(66,16): warning CS8618: Non-nullable property 'Polys' must contain a non-null value when exiting constructor. Consider declaring the property as nullable. [/home/ubuntu/PROGRAMA-BETA/src/FiveMTool.csproj]
/home/ubuntu/PROGRAMA-BETA/src/External/CodeWalker.Core/GameFiles/FileTypes/YnvFile.cs(66,16): warning CS8618: Non-nullable property 'Portals' must contain a non-null value when exiting constructor. Consider declaring the property as nullable. [/home/ubuntu/PROGRAMA-BETA/src/FiveMTool.csproj]
/home/ubuntu/PROGRAMA-BETA/src/External/CodeWalker.Core/GameFiles/FileTypes/YnvFile.cs(66,16): warning CS8618: Non-nullable property 'Points' must contain a non-null value when exiting constructor. Consider declaring the property as nullable. [/home/ubuntu/PROGRAMA-BETA/src/FiveMTool.csproj]
/home/ubuntu/PROGRAMA-BETA/src/External/CodeWalker.Core/GameFiles/FileTypes/YnvFile.cs(66,16): warning CS8618: Non-nullable property 'PathVertices' must contain a non-null value when exiting constructor. Consider declaring the property as nullable. [/home/ubuntu/PROGRAMA-BETA/src/FiveMTool.csproj]
/home/ubuntu/PROGRAMA-BETA/src/External/CodeWalker.Core/GameFiles/FileTypes/YnvFile.cs(66,16): warning CS8618: Non-nullable property 'TriangleVerts' must contain a non-null value when exiting constructor. Consider declaring the property as nullable. [/home/ubuntu/PROGRAMA-BETA/src/FiveMTool.csproj]
/home/ubuntu/PROGRAMA-BETA/src/External/CodeWalker.Core/GameFiles/FileTypes/YnvFile.cs(66,16): warning CS8618: Non-nullable property 'NodePositions' must contain a non-null value when exiting constructor. Consider declaring the property as nullable. [/home/ubuntu/PROGRAMA-BETA/src/FiveMTool.csproj]
/home/ubuntu/PROGRAMA-BETA/src/External/CodeWalker.Core/GameFiles/FileTypes/YnvFile.cs(66,16): warning CS8618: Non-nullable property 'BVH' must contain a non-null value when exiting constructor. Consider declaring the property as nullable. [/home/ubuntu/PROGRAMA-BETA/src/FiveMTool.csproj]
/home/ubuntu/PROGRAMA-BETA/src/External/CodeWalker.Core/GameFiles/FileTypes/YmtFile.cs(35,44): warning CS8625: Cannot convert null literal to non-nullable reference type. [/home/ubuntu/PROGRAMA-BETA/src/FiveMTool.csproj]
/home/ubuntu/PROGRAMA-BETA/src/External/CodeWalker.Core/GameFiles/FileTypes/YmtFile.cs(37,33): warning CS8625: Cannot convert null literal to non-nullable reference type. [/home/ubuntu/PROGRAMA-BETA/src/FiveMTool.csproj]
/home/ubuntu/PROGRAMA-BETA/src/External/CodeWalker.Core/GameFiles/FileTypes/YmtFile.cs(37,16): warning CS8618: Non-nullable property 'Meta' must contain a non-null value when exiting constructor. Consider declaring the property as nullable. [/home/ubuntu/PROGRAMA-BETA/src/FiveMTool.csproj]
/home/ubuntu/PROGRAMA-BETA/src/External/CodeWalker.Core/GameFiles/FileTypes/YmtFile.cs(37,16): warning CS8618: Non-nullable property 'Pso' must contain a non-null value when exiting constructor. Consider declaring the property as nullable. [/home/ubuntu/PROGRAMA-BETA/src/FiveMTool.csproj]
/home/ubuntu/PROGRAMA-BETA/src/External/CodeWalker.Core/GameFiles/FileTypes/YmtFile.cs(37,16): warning CS8618: Non-nullable property 'Rbf' must contain a non-null value when exiting constructor. Consider declaring the property as nullable. [/home/ubuntu/PROGRAMA-BETA/src/FiveMTool.csproj]
/home/ubuntu/PROGRAMA-BETA/src/External/CodeWalker.Core/GameFiles/FileTypes/YmtFile.cs(37,16): warning CS8618: Non-nullable property 'CMapParentTxds' must contain a non-null value when exiting constructor. Consider declaring the property as nullable. [/home/ubuntu/PROGRAMA-BETA/src/FiveMTool.csproj]
/home/ubuntu/PROGRAMA-BETA/src/External/CodeWalker.Core/GameFiles/FileTypes/YmtFile.cs(37,16): warning CS8618: Non-nullable property 'CScenarioPointManifest' must contain a non-null value when exiting constructor. Consider declaring the property as nullable. [/home/ubuntu/PROGRAMA-BETA/src/FiveMTool.csproj]
/home/ubuntu/PROGRAMA-BETA/src/External/CodeWalker.Core/GameFiles/FileTypes/YmtFile.cs(37,16): warning CS8618: Non-nullable property 'CScenarioPointRegion' must contain a non-null value when exiting constructor. Consider declaring the property as nullable. [/home/ubuntu/PROGRAMA-BETA/src/FiveMTool.csproj]
/home/ubuntu/PROGRAMA-BETA/src/External/CodeWalker.Core/GameFiles/FileTypes/YmtFile.cs(37,16): warning CS8618: Non-nullable property 'ScenarioRegion' must contain a non-null value when exiting constructor. Consider declaring the property as nullable. [/home/ubuntu/PROGRAMA-BETA/src/FiveMTool.csproj]
/home/ubuntu/PROGRAMA-BETA/src/External/CodeWalker.Core/GameFiles/FileTypes/YnvFile.cs(69,16): warning CS8618: Non-nullable property 'Nav' must contain a non-null value when exiting constructor. Consider declaring the property as nullable. [/home/ubuntu/PROGRAMA-BETA/src/FiveMTool.csproj]
/home/ubuntu/PROGRAMA-BETA/src/External/CodeWalker.Core/GameFiles/FileTypes/YnvFile.cs(69,16): warning CS8618: Non-nullable property 'Vertices' must contain a non-null value when exiting constructor. Consider declaring the property as nullable. [/home/ubuntu/PROGRAMA-BETA/src/FiveMTool.csproj]
/home/ubuntu/PROGRAMA-BETA/src/External/CodeWalker.Core/GameFiles/FileTypes/YnvFile.cs(69,16): warning CS8618: Non-nullable property 'Indices' must contain a non-null value when exiting constructor. Consider declaring the property as nullable. [/home/ubuntu/PROGRAMA-BETA/src/FiveMTool.csproj]
/home/ubuntu/PROGRAMA-BETA/src/External/CodeWalker.Core/GameFiles/FileTypes/YnvFile.cs(69,16): warning CS8618: Non-nullable property 'Edges' must contain a non-null value when exiting constructor. Consider declaring the property as nullable. [/home/ubuntu/PROGRAMA-BETA/src/FiveMTool.csproj]
/home/ubuntu/PROGRAMA-BETA/src/External/CodeWalker.Core/GameFiles/FileTypes/YnvFile.cs(69,16): warning CS8618: Non-nullable property 'Polys' must contain a non-null value when exiting constructor. Consider declaring the property as nullable. [/home/ubuntu/PROGRAMA-BETA/src/FiveMTool.csproj]
/home/ubuntu/PROGRAMA-BETA/src/External/CodeWalker.Core/GameFiles/FileTypes/YnvFile.cs(69,16): warning CS8618: Non-nullable property 'Portals' must contain a non-null value when exiting constructor. Consider declaring the property as nullable. [/home/ubuntu/PROGRAMA-BETA/src/FiveMTool.csproj]
/home/ubuntu/PROGRAMA-BETA/src/External/CodeWalker.Core/GameFiles/FileTypes/YnvFile.cs(69,16): warning CS8618: Non-nullable property 'Points' must contain a non-null value when exiting constructor. Consider declaring the property as nullable. [/home/ubuntu/PROGRAMA-BETA/src/FiveMTool.csproj]
/home/ubuntu/PROGRAMA-BETA/src/External/CodeWalker.Core/GameFiles/FileTypes/YnvFile.cs(69,16): warning CS8618: Non-nullable property 'PathVertices' must contain a non-null value when exiting constructor. Consider declaring the property as nullable. [/home/ubuntu/PROGRAMA-BETA/src/FiveMTool.csproj]
/home/ubuntu/PROGRAMA-BETA/src/External/CodeWalker.Core/GameFiles/FileTypes/YnvFile.cs(69,16): warning CS8618: Non-nullable property 'TriangleVerts' must contain a non-null value when exiting constructor. Consider declaring the property as nullable. [/home/ubuntu/PROGRAMA-BETA/src/FiveMTool.csproj]
/home/ubuntu/PROGRAMA-BETA/src/External/CodeWalker.Core/GameFiles/FileTypes/YnvFile.cs(69,16): warning CS8618: Non-nullable property 'NodePositions' must contain a non-null value when exiting constructor. Consider declaring the property as nullable. [/home/ubuntu/PROGRAMA-BETA/src/FiveMTool.csproj]
/home/ubuntu/PROGRAMA-BETA/src/External/CodeWalker.Core/GameFiles/FileTypes/YnvFile.cs(69,16): warning CS8618: Non-nullable property 'BVH' must contain a non-null value when exiting constructor. Consider declaring the property as nullable. [/home/ubuntu/PROGRAMA-BETA/src/FiveMTool.csproj]
/home/ubuntu/PROGRAMA-BETA/src/External/CodeWalker.Core/GameFiles/FileTypes/YmtFile.cs(40,16): warning CS8618: Non-nullable property 'Meta' must contain a non-null value when exiting constructor. Consider declaring the property as nullable. [/home/ubuntu/PROGRAMA-BETA/src/FiveMTool.csproj]
/home/ubuntu/PROGRAMA-BETA/src/External/CodeWalker.Core/GameFiles/FileTypes/YmtFile.cs(40,16): warning CS8618: Non-nullable property 'Pso' must contain a non-null value when exiting constructor. Consider declaring the property as nullable. [/home/ubuntu/PROGRAMA-BETA/src/FiveMTool.csproj]
/home/ubuntu/PROGRAMA-BETA/src/External/CodeWalker.Core/GameFiles/FileTypes/YmtFile.cs(40,16): warning CS8618: Non-nullable property 'Rbf' must contain a non-null value when exiting constructor. Consider declaring the property as nullable. [/home/ubuntu/PROGRAMA-BETA/src/FiveMTool.csproj]
/home/ubuntu/PROGRAMA-BETA/src/External/CodeWalker.Core/GameFiles/FileTypes/YmtFile.cs(40,16): warning CS8618: Non-nullable property 'CMapParentTxds' must contain a non-null value when exiting constructor. Consider declaring the property as nullable. [/home/ubuntu/PROGRAMA-BETA/src/FiveMTool.csproj]
/home/ubuntu/PROGRAMA-BETA/src/External/CodeWalker.Core/GameFiles/FileTypes/YmtFile.cs(40,16): warning CS8618: Non-nullable property 'CScenarioPointManifest' must contain a non-null value when exiting constructor. Consider declaring the property as nullable. [/home/ubuntu/PROGRAMA-BETA/src/FiveMTool.csproj]
/home/ubuntu/PROGRAMA-BETA/src/External/CodeWalker.Core/GameFiles/FileTypes/YmtFile.cs(40,16): warning CS8618: Non-nullable property 'CScenarioPointRegion' must contain a non-null value when exiting constructor. Consider declaring the property as nullable. [/home/ubuntu/PROGRAMA-BETA/src/FiveMTool.csproj]
/home/ubuntu/PROGRAMA-BETA/src/External/CodeWalker.Core/GameFiles/FileTypes/YmtFile.cs(40,16): warning CS8618: Non-nullable property 'ScenarioRegion' must contain a non-null value when exiting constructor. Consider declaring the property as nullable. [/home/ubuntu/PROGRAMA-BETA/src/FiveMTool.csproj]
/home/ubuntu/PROGRAMA-BETA/src/External/CodeWalker.Core/GameFiles/FileTypes/YnvFile.cs(87,45): warning CS8600: Converting null literal or possible null value to non-nullable type. [/home/ubuntu/PROGRAMA-BETA/src/FiveMTool.csproj]
/home/ubuntu/PROGRAMA-BETA/src/External/CodeWalker.Core/GameFiles/FileTypes/YnvFile.cs(1375,25): warning CS8604: Possible null reference argument for parameter 'node' in 'void YnvFile.ReadXml(XmlNode node)'. [/home/ubuntu/PROGRAMA-BETA/src/FiveMTool.csproj]
/home/ubuntu/PROGRAMA-BETA/src/External/CodeWalker.Core/GameFiles/FileTypes/YnvFile.cs(1401,20): warning CS8603: Possible null reference return. [/home/ubuntu/PROGRAMA-BETA/src/FiveMTool.csproj]
/home/ubuntu/PROGRAMA-BETA/src/External/CodeWalker.Core/GameFiles/FileTypes/YmapFile.cs(93,45): warning CS8600: Converting null literal or possible null value to non-nullable type. [/home/ubuntu/PROGRAMA-BETA/src/FiveMTool.csproj]
/home/ubuntu/PROGRAMA-BETA/src/External/CodeWalker.Core/GameFiles/FileTypes/YcdFile.cs(101,34): warning CS8601: Possible null reference assignment. [/home/ubuntu/PROGRAMA-BETA/src/FiveMTool.csproj]
/home/ubuntu/PROGRAMA-BETA/src/External/CodeWalker.Core/GameFiles/FileTypes/YmtFile.cs(62,45): warning CS8600: Converting null literal or possible null value to non-nullable type. [/home/ubuntu/PROGRAMA-BETA/src/FiveMTool.csproj]
/home/ubuntu/PROGRAMA-BETA/src/External/CodeWalker.Core/GameFiles/FileTypes/YndFile.cs(205,40): warning CS8625: Cannot convert null literal to non-nullable reference type. [/home/ubuntu/PROGRAMA-BETA/src/FiveMTool.csproj]
/home/ubuntu/PROGRAMA-BETA/src/External/CodeWalker.Core/GameFiles/FileTypes/YndFile.cs(207,40): warning CS8625: Cannot convert null literal to non-nullable reference type. [/home/ubuntu/PROGRAMA-BETA/src/FiveMTool.csproj]
/home/ubuntu/PROGRAMA-BETA/src/External/CodeWalker.Core/GameFiles/FileTypes/YndFile.cs(209,44): warning CS8625: Cannot convert null literal to non-nullable reference type. [/home/ubuntu/PROGRAMA-BETA/src/FiveMTool.csproj]
/home/ubuntu/PROGRAMA-BETA/src/External/CodeWalker.Core/GameFiles/FileTypes/YndFile.cs(211,47): warning CS8625: Cannot convert null literal to non-nullable reference type. [/home/ubuntu/PROGRAMA-BETA/src/FiveMTool.csproj]
/home/ubuntu/PROGRAMA-BETA/src/External/CodeWalker.Core/GameFiles/FileTypes/YndFile.cs(214,57): warning CS8625: Cannot convert null literal to non-nullable reference type. [/home/ubuntu/PROGRAMA-BETA/src/FiveMTool.csproj]
/home/ubuntu/PROGRAMA-BETA/src/External/CodeWalker.Core/GameFiles/FileTypes/YndFile.cs(1567,16): warning CS8618: Non-nullable property 'Rows' must contain a non-null value when exiting constructor. Consider declaring the property as nullable. [/home/ubuntu/PROGRAMA-BETA/src/FiveMTool.csproj]
/home/ubuntu/PROGRAMA-BETA/src/External/CodeWalker.Core/GameFiles/FileTypes/WatermapFile.cs(199,45): warning CS8600: Converting null literal or possible null value to non-nullable type. [/home/ubuntu/PROGRAMA-BETA/src/FiveMTool.csproj]
/home/ubuntu/PROGRAMA-BETA/src/External/CodeWalker.Core/GameFiles/FileTypes/WatermapFile.cs(216,43): warning CS8601: Possible null reference assignment. [/home/ubuntu/PROGRAMA-BETA/src/FiveMTool.csproj]
/home/ubuntu/PROGRAMA-BETA/src/External/CodeWalker.Core/GameFiles/FileTypes/YmfFile.cs(158,27): warning CS8618: Non-nullable property 'itypDepArray' must contain a non-null value when exiting constructor. Consider declaring the property as nullable. [/home/ubuntu/PROGRAMA-BETA/src/FiveMTool.csproj]
/home/ubuntu/PROGRAMA-BETA/src/External/CodeWalker.Core/GameFiles/FileTypes/YpdbFile.cs(246,16): warning CS8618: Non-nullable property 'Points' must contain a non-null value when exiting constructor. Consider declaring the property as nullable. [/home/ubuntu/PROGRAMA-BETA/src/FiveMTool.csproj]
/home/ubuntu/PROGRAMA-BETA/src/External/CodeWalker.Core/GameFiles/FileTypes/YpdbFile.cs(246,16): warning CS8618: Non-nullable property 'Weights' must contain a non-null value when exiting constructor. Consider declaring the property as nullable. [/home/ubuntu/PROGRAMA-BETA/src/FiveMTool.csproj]
/home/ubuntu/PROGRAMA-BETA/src/External/CodeWalker.Core/GameFiles/FileTypes/YnvFile.cs(1205,24): warning CS8618: Non-nullable property 'Ynv' must contain a non-null value when exiting constructor. Consider declaring the property as nullable. [/home/ubuntu/PROGRAMA-BETA/src/FiveMTool.csproj]
/home/ubuntu/PROGRAMA-BETA/src/External/CodeWalker.Core/GameFiles/FileTypes/YpdbFile.cs(330,16): warning CS8618: Non-nullable property 'Weights' must contain a non-null value when exiting constructor. Consider declaring the property as nullable. [/home/ubuntu/PROGRAMA-BETA/src/FiveMTool.csproj]
/home/ubuntu/PROGRAMA-BETA/src/External/CodeWalker.Core/GameFiles/FileTypes/YpdbFile.cs(341,16): warning CS8618: Non-nullable property 'Weights' must contain a non-null value when exiting constructor. Consider declaring the property as nullable. [/home/ubuntu/PROGRAMA-BETA/src/FiveMTool.csproj]
/home/ubuntu/PROGRAMA-BETA/src/External/CodeWalker.Core/GameFiles/FileTypes/YnvFile.cs(1291,16): warning CS8618: Non-nullable property 'Ynv' must contain a non-null value when exiting constructor. Consider declaring the property as nullable. [/home/ubuntu/PROGRAMA-BETA/src/FiveMTool.csproj]
/home/ubuntu/PROGRAMA-BETA/src/External/CodeWalker.Core/GameFiles/FileTypes/YnvFile.cs(1291,16): warning CS8618: Non-nullable property 'Poly1' must contain a non-null value when exiting constructor. Consider declaring the property as nullable. [/home/ubuntu/PROGRAMA-BETA/src/FiveMTool.csproj]
/home/ubuntu/PROGRAMA-BETA/src/External/CodeWalker.Core/GameFiles/FileTypes/YnvFile.cs(1291,16): warning CS8618: Non-nullable property 'Poly2' must contain a non-null value when exiting constructor. Consider declaring the property as nullable. [/home/ubuntu/PROGRAMA-BETA/src/FiveMTool.csproj]
/home/ubuntu/PROGRAMA-BETA/src/External/CodeWalker.Core/GameFiles/FileTypes/YnvFile.cs(1292,16): warning CS8618: Non-nullable property 'Ynv' must contain a non-null value when exiting constructor. Consider declaring the property as nullable. [/home/ubuntu/PROGRAMA-BETA/src/FiveMTool.csproj]
/home/ubuntu/PROGRAMA-BETA/src/External/CodeWalker.Core/GameFiles/FileTypes/YndFile.cs(1878,40): warning CS8604: Possible null reference argument for parameter 'node' in 'void NodeDictionary.ReadXml(XmlNode node)'. [/home/ubuntu/PROGRAMA-BETA/src/FiveMTool.csproj]
/home/ubuntu/PROGRAMA-BETA/src/External/CodeWalker.Core/GameFiles/FileTypes/YmtFile.cs(238,20): warning CS8603: Possible null reference return. [/home/ubuntu/PROGRAMA-BETA/src/FiveMTool.csproj]
/home/ubuntu/PROGRAMA-BETA/src/External/CodeWalker.Core/GameFiles/FileTypes/YmtFile.cs(244,20): warning CS8603: Possible null reference return. [/home/ubuntu/PROGRAMA-BETA/src/FiveMTool.csproj]
/home/ubuntu/PROGRAMA-BETA/src/External/CodeWalker.Core/GameFiles/FileTypes/YmtFile.cs(249,20): warning CS8603: Possible null reference return. [/home/ubuntu/PROGRAMA-BETA/src/FiveMTool.csproj]
/home/ubuntu/PROGRAMA-BETA/src/External/CodeWalker.Core/GameFiles/FileTypes/VehiclesFile.cs(268,21): warning CS8602: Dereference of a possibly null reference. [/home/ubuntu/PROGRAMA-BETA/src/FiveMTool.csproj]
/home/ubuntu/PROGRAMA-BETA/src/External/CodeWalker.Core/GameFiles/FileTypes/VehiclesFile.cs(275,67): warning CS8604: Possible null reference argument for parameter 'node' in 'string Xml.GetChildInnerText(XmlNode node, string name)'. [/home/ubuntu/PROGRAMA-BETA/src/FiveMTool.csproj]
/home/ubuntu/PROGRAMA-BETA/src/External/CodeWalker.Core/GameFiles/FileTypes/VehiclesFile.cs(295,29): warning CS8602: Dereference of a possibly null reference. [/home/ubuntu/PROGRAMA-BETA/src/FiveMTool.csproj]
/home/ubuntu/PROGRAMA-BETA/src/External/CodeWalker.Core/GameFiles/FileTypes/YndFile.cs(272,29): warning CS8602: Dereference of a possibly null reference. [/home/ubuntu/PROGRAMA-BETA/src/FiveMTool.csproj]
/home/ubuntu/PROGRAMA-BETA/src/External/CodeWalker.Core/GameFiles/FileTypes/YmtFile.cs(258,20): warning CS8603: Possible null reference return. [/home/ubuntu/PROGRAMA-BETA/src/FiveMTool.csproj]
/home/ubuntu/PROGRAMA-BETA/src/External/CodeWalker.Core/GameFiles/FileTypes/YptFile.cs(28,33): warning CS8625: Cannot convert null literal to non-nullable reference type. [/home/ubuntu/PROGRAMA-BETA/src/FiveMTool.csproj]
/home/ubuntu/PROGRAMA-BETA/src/External/CodeWalker.Core/GameFiles/FileTypes/YptFile.cs(28,16): warning CS8618: Non-nullable property 'PtfxList' must contain a non-null value when exiting constructor. Consider declaring the property as nullable. [/home/ubuntu/PROGRAMA-BETA/src/FiveMTool.csproj]
/home/ubuntu/PROGRAMA-BETA/src/External/CodeWalker.Core/GameFiles/FileTypes/YptFile.cs(28,16): warning CS8618: Non-nullable property 'DrawableDict' must contain a non-null value when exiting constructor. Consider declaring the property as nullable. [/home/ubuntu/PROGRAMA-BETA/src/FiveMTool.csproj]
/home/ubuntu/PROGRAMA-BETA/src/External/CodeWalker.Core/GameFiles/FileTypes/YptFile.cs(28,16): warning CS8618: Non-nullable property 'EffectDict' must contain a non-null value when exiting constructor. Consider declaring the property as nullable. [/home/ubuntu/PROGRAMA-BETA/src/FiveMTool.csproj]
/home/ubuntu/PROGRAMA-BETA/src/External/CodeWalker.Core/GameFiles/FileTypes/YptFile.cs(28,16): warning CS8618: Non-nullable property 'AllEffects' must contain a non-null value when exiting constructor. Consider declaring the property as nullable. [/home/ubuntu/PROGRAMA-BETA/src/FiveMTool.csproj]
/home/ubuntu/PROGRAMA-BETA/src/External/CodeWalker.Core/GameFiles/FileTypes/YptFile.cs(28,16): warning CS8618: Non-nullable property 'ErrorMessage' must contain a non-null value when exiting constructor. Consider declaring the property as nullable. [/home/ubuntu/PROGRAMA-BETA/src/FiveMTool.csproj]
/home/ubuntu/PROGRAMA-BETA/src/External/CodeWalker.Core/GameFiles/FileTypes/YptFile.cs(31,16): warning CS8618: Non-nullable property 'PtfxList' must contain a non-null value when exiting constructor. Consider declaring the property as nullable. [/home/ubuntu/PROGRAMA-BETA/src/FiveMTool.csproj]
/home/ubuntu/PROGRAMA-BETA/src/External/CodeWalker.Core/GameFiles/FileTypes/YptFile.cs(31,16): warning CS8618: Non-nullable property 'DrawableDict' must contain a non-null value when exiting constructor. Consider declaring the property as nullable. [/home/ubuntu/PROGRAMA-BETA/src/FiveMTool.csproj]
/home/ubuntu/PROGRAMA-BETA/src/External/CodeWalker.Core/GameFiles/FileTypes/YptFile.cs(31,16): warning CS8618: Non-nullable property 'EffectDict' must contain a non-null value when exiting constructor. Consider declaring the property as nullable. [/home/ubuntu/PROGRAMA-BETA/src/FiveMTool.csproj]
/home/ubuntu/PROGRAMA-BETA/src/External/CodeWalker.Core/GameFiles/FileTypes/YptFile.cs(31,16): warning CS8618: Non-nullable property 'AllEffects' must contain a non-null value when exiting constructor. Consider declaring the property as nullable. [/home/ubuntu/PROGRAMA-BETA/src/FiveMTool.csproj]
/home/ubuntu/PROGRAMA-BETA/src/External/CodeWalker.Core/GameFiles/FileTypes/YptFile.cs(31,16): warning CS8618: Non-nullable property 'ErrorMessage' must contain a non-null value when exiting constructor. Consider declaring the property as nullable. [/home/ubuntu/PROGRAMA-BETA/src/FiveMTool.csproj]
/home/ubuntu/PROGRAMA-BETA/src/External/CodeWalker.Core/GameFiles/FileTypes/VehiclesFile.cs(315,39): warning CS8603: Possible null reference return. [/home/ubuntu/PROGRAMA-BETA/src/FiveMTool.csproj]
/home/ubuntu/PROGRAMA-BETA/src/External/CodeWalker.Core/GameFiles/FileTypes/VehiclesFile.cs(317,39): warning CS8603: Possible null reference return. [/home/ubuntu/PROGRAMA-BETA/src/FiveMTool.csproj]
/home/ubuntu/PROGRAMA-BETA/src/External/CodeWalker.Core/GameFiles/FileTypes/VehiclesFile.cs(327,55): warning CS8603: Possible null reference return. [/home/ubuntu/PROGRAMA-BETA/src/FiveMTool.csproj]
/home/ubuntu/PROGRAMA-BETA/src/External/CodeWalker.Core/GameFiles/FileTypes/YpdbFile.cs(178,16): warning CS8618: Non-nullable property 'PointCloud' must contain a non-null value when exiting constructor. Consider declaring the property as nullable. [/home/ubuntu/PROGRAMA-BETA/src/FiveMTool.csproj]
/home/ubuntu/PROGRAMA-BETA/src/External/CodeWalker.Core/GameFiles/FileTypes/VehiclesFile.cs(334,39): warning CS8603: Possible null reference return. [/home/ubuntu/PROGRAMA-BETA/src/FiveMTool.csproj]
/home/ubuntu/PROGRAMA-BETA/src/External/CodeWalker.Core/GameFiles/FileTypes/VehiclesFile.cs(344,55): warning CS8603: Possible null reference return. [/home/ubuntu/PROGRAMA-BETA/src/FiveMTool.csproj]
/home/ubuntu/PROGRAMA-BETA/src/External/CodeWalker.Core/GameFiles/FileTypes/YndFile.cs(294,29): warning CS8602: Dereference of a possibly null reference. [/home/ubuntu/PROGRAMA-BETA/src/FiveMTool.csproj]
/home/ubuntu/PROGRAMA-BETA/src/External/CodeWalker.Core/GameFiles/FileTypes/YndFile.cs(1698,35): warning CS8618: Non-nullable field 'Nodes' must contain a non-null value when exiting constructor. Consider declaring the field as nullable. [/home/ubuntu/PROGRAMA-BETA/src/FiveMTool.csproj]
/home/ubuntu/PROGRAMA-BETA/src/External/CodeWalker.Core/GameFiles/FileTypes/YndFile.cs(1701,28): warning CS8618: Non-nullable field 'Node1' must contain a non-null value when exiting constructor. Consider declaring the field as nullable. [/home/ubuntu/PROGRAMA-BETA/src/FiveMTool.csproj]
/home/ubuntu/PROGRAMA-BETA/src/External/CodeWalker.Core/GameFiles/FileTypes/YndFile.cs(1702,28): warning CS8618: Non-nullable field 'Node2' must contain a non-null value when exiting constructor. Consider declaring the field as nullable. [/home/ubuntu/PROGRAMA-BETA/src/FiveMTool.csproj]
/home/ubuntu/PROGRAMA-BETA/src/External/CodeWalker.Core/GameFiles/FileTypes/YpdbFile.cs(404,26): warning CS8604: Possible null reference argument for parameter 'node' in 'void YpdbFile.ReadXml(XmlNode node)'. [/home/ubuntu/PROGRAMA-BETA/src/FiveMTool.csproj]
/home/ubuntu/PROGRAMA-BETA/src/External/CodeWalker.Core/GameFiles/FileTypes/WatermapFile.cs(383,20): warning CS8618: Non-nullable property 'Vectors' must contain a non-null value when exiting constructor. Consider declaring the property as nullable. [/home/ubuntu/PROGRAMA-BETA/src/FiveMTool.csproj]
/home/ubuntu/PROGRAMA-BETA/src/External/CodeWalker.Core/GameFiles/FileTypes/YpdbFile.cs(23,34): warning CS8625: Cannot convert null literal to non-nullable reference type. [/home/ubuntu/PROGRAMA-BETA/src/FiveMTool.csproj]
/home/ubuntu/PROGRAMA-BETA/src/External/CodeWalker.Core/GameFiles/FileTypes/YpdbFile.cs(23,16): warning CS8618: Non-nullable property 'Samples' must contain a non-null value when exiting constructor. Consider declaring the property as nullable. [/home/ubuntu/PROGRAMA-BETA/src/FiveMTool.csproj]
/home/ubuntu/PROGRAMA-BETA/src/External/CodeWalker.Core/GameFiles/FileTypes/YpdbFile.cs(23,16): warning CS8618: Non-nullable property 'BoneTags' must contain a non-null value when exiting constructor. Consider declaring the property as nullable. [/home/ubuntu/PROGRAMA-BETA/src/FiveMTool.csproj]
/home/ubuntu/PROGRAMA-BETA/src/External/CodeWalker.Core/GameFiles/FileTypes/YpdbFile.cs(23,16): warning CS8618: Non-nullable property 'WeightSet' must contain a non-null value when exiting constructor. Consider declaring the property as nullable. [/home/ubuntu/PROGRAMA-BETA/src/FiveMTool.csproj]
/home/ubuntu/PROGRAMA-BETA/src/External/CodeWalker.Core/GameFiles/FileTypes/YpdbFile.cs(26,16): warning CS8618: Non-nullable property 'Samples' must contain a non-null value when exiting constructor. Consider declaring the property as nullable. [/home/ubuntu/PROGRAMA-BETA/src/FiveMTool.csproj]
/home/ubuntu/PROGRAMA-BETA/src/External/CodeWalker.Core/GameFiles/FileTypes/YpdbFile.cs(26,16): warning CS8618: Non-nullable property 'BoneTags' must contain a non-null value when exiting constructor. Consider declaring the property as nullable. [/home/ubuntu/PROGRAMA-BETA/src/FiveMTool.csproj]
/home/ubuntu/PROGRAMA-BETA/src/External/CodeWalker.Core/GameFiles/FileTypes/YpdbFile.cs(26,16): warning CS8618: Non-nullable property 'WeightSet' must contain a non-null value when exiting constructor. Consider declaring the property as nullable. [/home/ubuntu/PROGRAMA-BETA/src/FiveMTool.csproj]
/home/ubuntu/PROGRAMA-BETA/src/External/CodeWalker.Core/GameFiles/FileTypes/YptFile.cs(49,45): warning CS8600: Converting null literal or possible null value to non-nullable type. [/home/ubuntu/PROGRAMA-BETA/src/FiveMTool.csproj]
/home/ubuntu/PROGRAMA-BETA/src/External/CodeWalker.Core/GameFiles/FileTypes/YtdFile.cs(18,33): warning CS8625: Cannot convert null literal to non-nullable reference type. [/home/ubuntu/PROGRAMA-BETA/src/FiveMTool.csproj]
/home/ubuntu/PROGRAMA-BETA/src/External/CodeWalker.Core/GameFiles/FileTypes/YtdFile.cs(18,16): warning CS8618: Non-nullable property 'TextureDict' must contain a non-null value when exiting constructor. Consider declaring the property as nullable. [/home/ubuntu/PROGRAMA-BETA/src/FiveMTool.csproj]
/home/ubuntu/PROGRAMA-BETA/src/External/CodeWalker.Core/GameFiles/FileTypes/YtdFile.cs(21,16): warning CS8618: Non-nullable property 'TextureDict' must contain a non-null value when exiting constructor. Consider declaring the property as nullable. [/home/ubuntu/PROGRAMA-BETA/src/FiveMTool.csproj]
/home/ubuntu/PROGRAMA-BETA/src/External/CodeWalker.Core/GameFiles/FileTypes/YptFile.cs(113,49): warning CS8604: Possible null reference argument for parameter 'fileBase' in 'byte[] ResourceBuilder.Build(ResourceFileBase fileBase, int version, bool compress = true, bool gen9 = false)'. [/home/ubuntu/PROGRAMA-BETA/src/FiveMTool.csproj]
/home/ubuntu/PROGRAMA-BETA/src/External/CodeWalker.Core/GameFiles/FileTypes/YpdbFile.cs(259,16): warning CS8618: Non-nullable property 'Points' must contain a non-null value when exiting constructor. Consider declaring the property as nullable. [/home/ubuntu/PROGRAMA-BETA/src/FiveMTool.csproj]
/home/ubuntu/PROGRAMA-BETA/src/External/CodeWalker.Core/GameFiles/FileTypes/YpdbFile.cs(259,16): warning CS8618: Non-nullable property 'Weights' must contain a non-null value when exiting constructor. Consider declaring the property as nullable. [/home/ubuntu/PROGRAMA-BETA/src/FiveMTool.csproj]
/home/ubuntu/PROGRAMA-BETA/src/External/CodeWalker.Core/GameFiles/FileTypes/VehiclesFile.cs(351,39): warning CS8603: Possible null reference return. [/home/ubuntu/PROGRAMA-BETA/src/FiveMTool.csproj]
/home/ubuntu/PROGRAMA-BETA/src/External/CodeWalker.Core/GameFiles/FileTypes/VehiclesFile.cs(365,54): warning CS8603: Possible null reference return. [/home/ubuntu/PROGRAMA-BETA/src/FiveMTool.csproj]
/home/ubuntu/PROGRAMA-BETA/src/External/CodeWalker.Core/GameFiles/FileTypes/YtdFile.cs(40,45): warning CS8600: Converting null literal or possible null value to non-nullable type. [/home/ubuntu/PROGRAMA-BETA/src/FiveMTool.csproj]
/home/ubuntu/PROGRAMA-BETA/src/External/CodeWalker.Core/GameFiles/FileTypes/YtdFile.cs(84,49): warning CS8604: Possible null reference argument for parameter 'fileBase' in 'byte[] ResourceBuilder.Build(ResourceFileBase fileBase, int version, bool compress = true, bool gen9 = false)'. [/home/ubuntu/PROGRAMA-BETA/src/FiveMTool.csproj]
/home/ubuntu/PROGRAMA-BETA/src/External/CodeWalker.Core/GameFiles/FileTypes/YvrFile.cs(15,33): warning CS8625: Cannot convert null literal to non-nullable reference type. [/home/ubuntu/PROGRAMA-BETA/src/FiveMTool.csproj]
/home/ubuntu/PROGRAMA-BETA/src/External/CodeWalker.Core/GameFiles/FileTypes/YvrFile.cs(15,16): warning CS8618: Non-nullable property 'Records' must contain a non-null value when exiting constructor. Consider declaring the property as nullable. [/home/ubuntu/PROGRAMA-BETA/src/FiveMTool.csproj]
/home/ubuntu/PROGRAMA-BETA/src/External/CodeWalker.Core/GameFiles/FileTypes/YtypFile.cs(36,44): warning CS8625: Cannot convert null literal to non-nullable reference type. [/home/ubuntu/PROGRAMA-BETA/src/FiveMTool.csproj]
/home/ubuntu/PROGRAMA-BETA/src/External/CodeWalker.Core/GameFiles/FileTypes/YtypFile.cs(40,34): warning CS8625: Cannot convert null literal to non-nullable reference type. [/home/ubuntu/PROGRAMA-BETA/src/FiveMTool.csproj]
/home/ubuntu/PROGRAMA-BETA/src/External/CodeWalker.Core/GameFiles/FileTypes/YtypFile.cs(40,16): warning CS8618: Non-nullable property 'Meta' must contain a non-null value when exiting constructor. Consider declaring the property as nullable. [/home/ubuntu/PROGRAMA-BETA/src/FiveMTool.csproj]
/home/ubuntu/PROGRAMA-BETA/src/External/CodeWalker.Core/GameFiles/FileTypes/YtypFile.cs(40,16): warning CS8618: Non-nullable property 'Pso' must contain a non-null value when exiting constructor. Consider declaring the property as nullable. [/home/ubuntu/PROGRAMA-BETA/src/FiveMTool.csproj]
/home/ubuntu/PROGRAMA-BETA/src/External/CodeWalker.Core/GameFiles/FileTypes/YtypFile.cs(40,16): warning CS8618: Non-nullable property 'Rbf' must contain a non-null value when exiting constructor. Consider declaring the property as nullable. [/home/ubuntu/PROGRAMA-BETA/src/FiveMTool.csproj]
/home/ubuntu/PROGRAMA-BETA/src/External/CodeWalker.Core/GameFiles/FileTypes/YtypFile.cs(40,16): warning CS8618: Non-nullable property 'Strings' must contain a non-null value when exiting constructor. Consider declaring the property as nullable. [/home/ubuntu/PROGRAMA-BETA/src/FiveMTool.csproj]
/home/ubuntu/PROGRAMA-BETA/src/External/CodeWalker.Core/GameFiles/FileTypes/YtypFile.cs(40,16): warning CS8618: Non-nullable property 'AllArchetypes' must contain a non-null value when exiting constructor. Consider declaring the property as nullable. [/home/ubuntu/PROGRAMA-BETA/src/FiveMTool.csproj]
/home/ubuntu/PROGRAMA-BETA/src/External/CodeWalker.Core/GameFiles/FileTypes/YtypFile.cs(40,16): warning CS8618: Non-nullable property 'Extensions' must contain a non-null value when exiting constructor. Consider declaring the property as nullable. [/home/ubuntu/PROGRAMA-BETA/src/FiveMTool.csproj]
/home/ubuntu/PROGRAMA-BETA/src/External/CodeWalker.Core/GameFiles/FileTypes/YtypFile.cs(40,16): warning CS8618: Non-nullable property 'CompositeEntityTypes' must contain a non-null value when exiting constructor. Consider declaring the property as nullable. [/home/ubuntu/PROGRAMA-BETA/src/FiveMTool.csproj]
/home/ubuntu/PROGRAMA-BETA/src/External/CodeWalker.Core/GameFiles/FileTypes/VehiclesFile.cs(100,23): warning CS8618: Non-nullable property 'modelName' must contain a non-null value when exiting constructor. Consider declaring the property as nullable. [/home/ubuntu/PROGRAMA-BETA/src/FiveMTool.csproj]
/home/ubuntu/PROGRAMA-BETA/src/External/CodeWalker.Core/GameFiles/FileTypes/VehiclesFile.cs(101,23): warning CS8618: Non-nullable property 'txdName' must contain a non-null value when exiting constructor. Consider declaring the property as nullable. [/home/ubuntu/PROGRAMA-BETA/src/FiveMTool.csproj]
/home/ubuntu/PROGRAMA-BETA/src/External/CodeWalker.Core/GameFiles/FileTypes/VehiclesFile.cs(102,23): warning CS8618: Non-nullable property 'handlingId' must contain a non-null value when exiting constructor. Consider declaring the property as nullable. [/home/ubuntu/PROGRAMA-BETA/src/FiveMTool.csproj]
/home/ubuntu/PROGRAMA-BETA/src/External/CodeWalker.Core/GameFiles/FileTypes/VehiclesFile.cs(103,23): warning CS8618: Non-nullable property 'gameName' must contain a non-null value when exiting constructor. Consider declaring the property as nullable. [/home/ubuntu/PROGRAMA-BETA/src/FiveMTool.csproj]
/home/ubuntu/PROGRAMA-BETA/src/External/CodeWalker.Core/GameFiles/FileTypes/VehiclesFile.cs(104,23): warning CS8618: Non-nullable property 'vehicleMakeName' must contain a non-null value when exiting constructor. Consider declaring the property as nullable. [/home/ubuntu/PROGRAMA-BETA/src/FiveMTool.csproj]
/home/ubuntu/PROGRAMA-BETA/src/External/CodeWalker.Core/GameFiles/FileTypes/VehiclesFile.cs(105,23): warning CS8618: Non-nullable property 'expressionDictName' must contain a non-null value when exiting constructor. Consider declaring the property as nullable. [/home/ubuntu/PROGRAMA-BETA/src/FiveMTool.csproj]
/home/ubuntu/PROGRAMA-BETA/src/External/CodeWalker.Core/GameFiles/FileTypes/VehiclesFile.cs(106,23): warning CS8618: Non-nullable property 'expressionName' must contain a non-null value when exiting constructor. Consider declaring the property as nullable. [/home/ubuntu/PROGRAMA-BETA/src/FiveMTool.csproj]
/home/ubuntu/PROGRAMA-BETA/src/External/CodeWalker.Core/GameFiles/FileTypes/VehiclesFile.cs(107,23): warning CS8618: Non-nullable property 'animConvRoofDictName' must contain a non-null value when exiting constructor. Consider declaring the property as nullable. [/home/ubuntu/PROGRAMA-BETA/src/FiveMTool.csproj]
/home/ubuntu/PROGRAMA-BETA/src/External/CodeWalker.Core/GameFiles/FileTypes/VehiclesFile.cs(108,23): warning CS8618: Non-nullable property 'animConvRoofName' must contain a non-null value when exiting constructor. Consider declaring the property as nullable. [/home/ubuntu/PROGRAMA-BETA/src/FiveMTool.csproj]
/home/ubuntu/PROGRAMA-BETA/src/External/CodeWalker.Core/GameFiles/FileTypes/VehiclesFile.cs(109,23): warning CS8618: Non-nullable property 'animConvRoofWindowsAffected' must contain a non-null value when exiting constructor. Consider declaring the property as nullable. [/home/ubuntu/PROGRAMA-BETA/src/FiveMTool.csproj]
/home/ubuntu/PROGRAMA-BETA/src/External/CodeWalker.Core/GameFiles/FileTypes/VehiclesFile.cs(110,23): warning CS8618: Non-nullable property 'ptfxAssetName' must contain a non-null value when exiting constructor. Consider declaring the property as nullable. [/home/ubuntu/PROGRAMA-BETA/src/FiveMTool.csproj]
/home/ubuntu/PROGRAMA-BETA/src/External/CodeWalker.Core/GameFiles/FileTypes/VehiclesFile.cs(111,23): warning CS8618: Non-nullable property 'audioNameHash' must contain a non-null value when exiting constructor. Consider declaring the property as nullable. [/home/ubuntu/PROGRAMA-BETA/src/FiveMTool.csproj]
/home/ubuntu/PROGRAMA-BETA/src/External/CodeWalker.Core/GameFiles/FileTypes/VehiclesFile.cs(112,23): warning CS8618: Non-nullable property 'layout' must contain a non-null value when exiting constructor. Consider declaring the property as nullable. [/home/ubuntu/PROGRAMA-BETA/src/FiveMTool.csproj]
/home/ubuntu/PROGRAMA-BETA/src/External/CodeWalker.Core/GameFiles/FileTypes/VehiclesFile.cs(113,23): warning CS8618: Non-nullable property 'coverBoundOffsets' must contain a non-null value when exiting constructor. Consider declaring the property as nullable. [/home/ubuntu/PROGRAMA-BETA/src/FiveMTool.csproj]
/home/ubuntu/PROGRAMA-BETA/src/External/CodeWalker.Core/GameFiles/FileTypes/VehiclesFile.cs(114,23): warning CS8618: Non-nullable property 'explosionInfo' must contain a non-null value when exiting constructor. Consider declaring the property as nullable. [/home/ubuntu/PROGRAMA-BETA/src/FiveMTool.csproj]
/home/ubuntu/PROGRAMA-BETA/src/External/CodeWalker.Core/GameFiles/FileTypes/VehiclesFile.cs(115,23): warning CS8618: Non-nullable property 'scenarioLayout' must contain a non-null value when exiting constructor. Consider declaring the property as nullable. [/home/ubuntu/PROGRAMA-BETA/src/FiveMTool.csproj]
/home/ubuntu/PROGRAMA-BETA/src/External/CodeWalker.Core/GameFiles/FileTypes/VehiclesFile.cs(116,23): warning CS8618: Non-nullable property 'cameraName' must contain a non-null value when exiting constructor. Consider declaring the property as nullable. [/home/ubuntu/PROGRAMA-BETA/src/FiveMTool.csproj]
/home/ubuntu/PROGRAMA-BETA/src/External/CodeWalker.Core/GameFiles/FileTypes/VehiclesFile.cs(117,23): warning CS8618: Non-nullable property 'aimCameraName' must contain a non-null value when exiting constructor. Consider declaring the property as nullable. [/home/ubuntu/PROGRAMA-BETA/src/FiveMTool.csproj]
/home/ubuntu/PROGRAMA-BETA/src/External/CodeWalker.Core/GameFiles/FileTypes/VehiclesFile.cs(118,23): warning CS8618: Non-nullable property 'bonnetCameraName' must contain a non-null value when exiting constructor. Consider declaring the property as nullable. [/home/ubuntu/PROGRAMA-BETA/src/FiveMTool.csproj]
/home/ubuntu/PROGRAMA-BETA/src/External/CodeWalker.Core/GameFiles/FileTypes/VehiclesFile.cs(119,23): warning CS8618: Non-nullable property 'povCameraName' must contain a non-null value when exiting constructor. Consider declaring the property as nullable. [/home/ubuntu/PROGRAMA-BETA/src/FiveMTool.csproj]
/home/ubuntu/PROGRAMA-BETA/src/External/CodeWalker.Core/GameFiles/FileTypes/VehiclesFile.cs(132,23): warning CS8618: Non-nullable property 'vfxInfoName' must contain a non-null value when exiting constructor. Consider declaring the property as nullable. [/home/ubuntu/PROGRAMA-BETA/src/FiveMTool.csproj]
/home/ubuntu/PROGRAMA-BETA/src/External/CodeWalker.Core/GameFiles/FileTypes/VehiclesFile.cs(153,24): warning CS8618: Non-nullable property 'lodDistances' must contain a non-null value when exiting constructor. Consider declaring the property as nullable. [/home/ubuntu/PROGRAMA-BETA/src/FiveMTool.csproj]
/home/ubuntu/PROGRAMA-BETA/src/External/CodeWalker.Core/GameFiles/FileTypes/VehiclesFile.cs(163,23): warning CS8618: Non-nullable property 'swankness' must contain a non-null value when exiting constructor. Consider declaring the property as nullable. [/home/ubuntu/PROGRAMA-BETA/src/FiveMTool.csproj]
/home/ubuntu/PROGRAMA-BETA/src/External/CodeWalker.Core/GameFiles/FileTypes/VehiclesFile.cs(165,25): warning CS8618: Non-nullable property 'flags' must contain a non-null value when exiting constructor. Consider declaring the property as nullable. [/home/ubuntu/PROGRAMA-BETA/src/FiveMTool.csproj]
/home/ubuntu/PROGRAMA-BETA/src/External/CodeWalker.Core/GameFiles/FileTypes/VehiclesFile.cs(166,23): warning CS8618: Non-nullable property 'type' must contain a non-null value when exiting constructor. Consider declaring the property as nullable. [/home/ubuntu/PROGRAMA-BETA/src/FiveMTool.csproj]
/home/ubuntu/PROGRAMA-BETA/src/External/CodeWalker.Core/GameFiles/FileTypes/VehiclesFile.cs(167,23): warning CS8618: Non-nullable property 'plateType' must contain a non-null value when exiting constructor. Consider declaring the property as nullable. [/home/ubuntu/PROGRAMA-BETA/src/FiveMTool.csproj]
/home/ubuntu/PROGRAMA-BETA/src/External/CodeWalker.Core/GameFiles/FileTypes/VehiclesFile.cs(168,23): warning CS8618: Non-nullable property 'dashboardType' must contain a non-null value when exiting constructor. Consider declaring the property as nullable. [/home/ubuntu/PROGRAMA-BETA/src/FiveMTool.csproj]
/home/ubuntu/PROGRAMA-BETA/src/External/CodeWalker.Core/GameFiles/FileTypes/VehiclesFile.cs(169,23): warning CS8618: Non-nullable property 'vehicleClass' must contain a non-null value when exiting constructor. Consider declaring the property as nullable. [/home/ubuntu/PROGRAMA-BETA/src/FiveMTool.csproj]
/home/ubuntu/PROGRAMA-BETA/src/External/CodeWalker.Core/GameFiles/FileTypes/VehiclesFile.cs(170,23): warning CS8618: Non-nullable property 'wheelType' must contain a non-null value when exiting constructor. Consider declaring the property as nullable. [/home/ubuntu/PROGRAMA-BETA/src/FiveMTool.csproj]
/home/ubuntu/PROGRAMA-BETA/src/External/CodeWalker.Core/GameFiles/FileTypes/VehiclesFile.cs(171,25): warning CS8618: Non-nullable property 'trailers' must contain a non-null value when exiting constructor. Consider declaring the property as nullable. [/home/ubuntu/PROGRAMA-BETA/src/FiveMTool.csproj]
/home/ubuntu/PROGRAMA-BETA/src/External/CodeWalker.Core/GameFiles/FileTypes/VehiclesFile.cs(172,25): warning CS8618: Non-nullable property 'additionalTrailers' must contain a non-null value when exiting constructor. Consider declaring the property as nullable. [/home/ubuntu/PROGRAMA-BETA/src/FiveMTool.csproj]
/home/ubuntu/PROGRAMA-BETA/src/External/CodeWalker.Core/GameFiles/FileTypes/VehiclesFile.cs(173,32): warning CS8618: Non-nullable property 'drivers' must contain a non-null value when exiting constructor. Consider declaring the property as nullable. [/home/ubuntu/PROGRAMA-BETA/src/FiveMTool.csproj]
/home/ubuntu/PROGRAMA-BETA/src/External/CodeWalker.Core/GameFiles/FileTypes/VehiclesFile.cs(174,25): warning CS8618: Non-nullable property 'extraIncludes' must contain a non-null value when exiting constructor. Consider declaring the property as nullable. [/home/ubuntu/PROGRAMA-BETA/src/FiveMTool.csproj]
/home/ubuntu/PROGRAMA-BETA/src/External/CodeWalker.Core/GameFiles/FileTypes/VehiclesFile.cs(175,25): warning CS8618: Non-nullable property 'doorsWithCollisionWhenClosed' must contain a non-null value when exiting constructor. Consider declaring the property as nullable. [/home/ubuntu/PROGRAMA-BETA/src/FiveMTool.csproj]
/home/ubuntu/PROGRAMA-BETA/src/External/CodeWalker.Core/GameFiles/FileTypes/VehiclesFile.cs(176,25): warning CS8618: Non-nullable property 'driveableDoors' must contain a non-null value when exiting constructor. Consider declaring the property as nullable. [/home/ubuntu/PROGRAMA-BETA/src/FiveMTool.csproj]
/home/ubuntu/PROGRAMA-BETA/src/External/CodeWalker.Core/GameFiles/FileTypes/VehiclesFile.cs(179,25): warning CS8618: Non-nullable property 'requiredExtras' must contain a non-null value when exiting constructor. Consider declaring the property as nullable. [/home/ubuntu/PROGRAMA-BETA/src/FiveMTool.csproj]
/home/ubuntu/PROGRAMA-BETA/src/External/CodeWalker.Core/GameFiles/FileTypes/VehiclesFile.cs(180,25): warning CS8618: Non-nullable property 'rewards' must contain a non-null value when exiting constructor. Consider declaring the property as nullable. [/home/ubuntu/PROGRAMA-BETA/src/FiveMTool.csproj]
/home/ubuntu/PROGRAMA-BETA/src/External/CodeWalker.Core/GameFiles/FileTypes/VehiclesFile.cs(181,25): warning CS8618: Non-nullable property 'cinematicPartCamera' must contain a non-null value when exiting constructor. Consider declaring the property as nullable. [/home/ubuntu/PROGRAMA-BETA/src/FiveMTool.csproj]
/home/ubuntu/PROGRAMA-BETA/src/External/CodeWalker.Core/GameFiles/FileTypes/VehiclesFile.cs(182,23): warning CS8618: Non-nullable property 'NmBraceOverrideSet' must contain a non-null value when exiting constructor. Consider declaring the property as nullable. [/home/ubuntu/PROGRAMA-BETA/src/FiveMTool.csproj]
/home/ubuntu/PROGRAMA-BETA/src/External/CodeWalker.Core/GameFiles/FileTypes/VehiclesFile.cs(185,48): warning CS8618: Non-nullable property 'pOverrideRagdollThreshold' must contain a non-null value when exiting constructor. Consider declaring the property as nullable. [/home/ubuntu/PROGRAMA-BETA/src/FiveMTool.csproj]
/home/ubuntu/PROGRAMA-BETA/src/External/CodeWalker.Core/GameFiles/FileTypes/VehiclesFile.cs(186,25): warning CS8618: Non-nullable property 'firstPersonDrivebyData' must contain a non-null value when exiting constructor. Consider declaring the property as nullable. [/home/ubuntu/PROGRAMA-BETA/src/FiveMTool.csproj]
/home/ubuntu/PROGRAMA-BETA/src/External/CodeWalker.Core/GameFiles/FileTypes/YwrFile.cs(15,33): warning CS8625: Cannot convert null literal to non-nullable reference type. [/home/ubuntu/PROGRAMA-BETA/src/FiveMTool.csproj]
/home/ubuntu/PROGRAMA-BETA/src/External/CodeWalker.Core/GameFiles/FileTypes/YwrFile.cs(15,16): warning CS8618: Non-nullable property 'Waypoints' must contain a non-null value when exiting constructor. Consider declaring the property as nullable. [/home/ubuntu/PROGRAMA-BETA/src/FiveMTool.csproj]
/home/ubuntu/PROGRAMA-BETA/src/External/CodeWalker.Core/GameFiles/FileTypes/YwrFile.cs(18,16): warning CS8618: Non-nullable property 'Waypoints' must contain a non-null value when exiting constructor. Consider declaring the property as nullable. [/home/ubuntu/PROGRAMA-BETA/src/FiveMTool.csproj]
/home/ubuntu/PROGRAMA-BETA/src/External/CodeWalker.Core/GameFiles/FileTypes/YwrFile.cs(28,45): warning CS8600: Converting null literal or possible null value to non-nullable type. [/home/ubuntu/PROGRAMA-BETA/src/FiveMTool.csproj]
/home/ubuntu/PROGRAMA-BETA/src/External/CodeWalker.Core/GameFiles/FileTypes/YvrFile.cs(18,16): warning CS8618: Non-nullable property 'Records' must contain a non-null value when exiting constructor. Consider declaring the property as nullable. [/home/ubuntu/PROGRAMA-BETA/src/FiveMTool.csproj]
/home/ubuntu/PROGRAMA-BETA/src/External/CodeWalker.Core/GameFiles/FileTypes/YmapFile.cs(3655,20): warning CS8603: Possible null reference return. [/home/ubuntu/PROGRAMA-BETA/src/FiveMTool.csproj]
/home/ubuntu/PROGRAMA-BETA/src/External/CodeWalker.Core/GameFiles/FileTypes/YtypFile.cs(43,16): warning CS8618: Non-nullable property 'Meta' must contain a non-null value when exiting constructor. Consider declaring the property as nullable. [/home/ubuntu/PROGRAMA-BETA/src/FiveMTool.csproj]
/home/ubuntu/PROGRAMA-BETA/src/External/CodeWalker.Core/GameFiles/FileTypes/YtypFile.cs(43,16): warning CS8618: Non-nullable property 'Pso' must contain a non-null value when exiting constructor. Consider declaring the property as nullable. [/home/ubuntu/PROGRAMA-BETA/src/FiveMTool.csproj]
/home/ubuntu/PROGRAMA-BETA/src/External/CodeWalker.Core/GameFiles/FileTypes/YtypFile.cs(43,16): warning CS8618: Non-nullable property 'Rbf' must contain a non-null value when exiting constructor. Consider declaring the property as nullable. [/home/ubuntu/PROGRAMA-BETA/src/FiveMTool.csproj]
/home/ubuntu/PROGRAMA-BETA/src/External/CodeWalker.Core/GameFiles/FileTypes/YtypFile.cs(43,16): warning CS8618: Non-nullable property 'Strings' must contain a non-null value when exiting constructor. Consider declaring the property as nullable. [/home/ubuntu/PROGRAMA-BETA/src/FiveMTool.csproj]
/home/ubuntu/PROGRAMA-BETA/src/External/CodeWalker.Core/GameFiles/FileTypes/YtypFile.cs(43,16): warning CS8618: Non-nullable property 'AllArchetypes' must contain a non-null value when exiting constructor. Consider declaring the property as nullable. [/home/ubuntu/PROGRAMA-BETA/src/FiveMTool.csproj]
/home/ubuntu/PROGRAMA-BETA/src/External/CodeWalker.Core/GameFiles/FileTypes/YtypFile.cs(43,16): warning CS8618: Non-nullable property 'Extensions' must contain a non-null value when exiting constructor. Consider declaring the property as nullable. [/home/ubuntu/PROGRAMA-BETA/src/FiveMTool.csproj]
/home/ubuntu/PROGRAMA-BETA/src/External/CodeWalker.Core/GameFiles/FileTypes/YtypFile.cs(43,16): warning CS8618: Non-nullable property 'CompositeEntityTypes' must contain a non-null value when exiting constructor. Consider declaring the property as nullable. [/home/ubuntu/PROGRAMA-BETA/src/FiveMTool.csproj]
/home/ubuntu/PROGRAMA-BETA/src/External/CodeWalker.Core/GameFiles/FileTypes/YnvFile.cs(1116,24): warning CS8618: Non-nullable property 'Ynv' must contain a non-null value when exiting constructor. Consider declaring the property as nullable. [/home/ubuntu/PROGRAMA-BETA/src/FiveMTool.csproj]
/home/ubuntu/PROGRAMA-BETA/src/External/CodeWalker.Core/GameFiles/FileTypes/YvrFile.cs(28,45): warning CS8600: Converting null literal or possible null value to non-nullable type. [/home/ubuntu/PROGRAMA-BETA/src/FiveMTool.csproj]
/home/ubuntu/PROGRAMA-BETA/src/External/CodeWalker.Core/GameFiles/FileTypes/YmapFile.cs(3659,20): warning CS8603: Possible null reference return. [/home/ubuntu/PROGRAMA-BETA/src/FiveMTool.csproj]
/home/ubuntu/PROGRAMA-BETA/src/External/CodeWalker.Core/GameFiles/FileTypes/WatermapFile.cs(355,76): warning CS8625: Cannot convert null literal to non-nullable reference type. [/home/ubuntu/PROGRAMA-BETA/src/FiveMTool.csproj]
/home/ubuntu/PROGRAMA-BETA/src/External/CodeWalker.Core/GameFiles/FileTypes/WatermapFile.cs(355,20): warning CS8618: Non-nullable property 'Item' must contain a non-null value when exiting constructor. Consider declaring the property as nullable. [/home/ubuntu/PROGRAMA-BETA/src/FiveMTool.csproj]
/home/ubuntu/PROGRAMA-BETA/src/External/CodeWalker.Core/GameFiles/MetaTypes/Archetype.cs(608,16): warning CS8618: Non-nullable property 'defaultEntitySets' must contain a non-null value when exiting constructor. Consider declaring the property as nullable. [/home/ubuntu/PROGRAMA-BETA/src/FiveMTool.csproj]
/home/ubuntu/PROGRAMA-BETA/src/External/CodeWalker.Core/GameFiles/MetaTypes/Archetype.cs(608,16): warning CS8618: Non-nullable property 'Entities' must contain a non-null value when exiting constructor. Consider declaring the property as nullable. [/home/ubuntu/PROGRAMA-BETA/src/FiveMTool.csproj]
/home/ubuntu/PROGRAMA-BETA/src/External/CodeWalker.Core/GameFiles/MetaTypes/Archetype.cs(608,16): warning CS8618: Non-nullable property 'EntitySets' must contain a non-null value when exiting constructor. Consider declaring the property as nullable. [/home/ubuntu/PROGRAMA-BETA/src/FiveMTool.csproj]
/home/ubuntu/PROGRAMA-BETA/src/External/CodeWalker.Core/GameFiles/FileTypes/YmapFile.cs(287,47): warning CS8600: Converting null literal or possible null value to non-nullable type. [/home/ubuntu/PROGRAMA-BETA/src/FiveMTool.csproj]
/home/ubuntu/PROGRAMA-BETA/src/External/CodeWalker.Core/GameFiles/FileTypes/YmapFile.cs(331,33): warning CS8600: Converting null literal or possible null value to non-nullable type. [/home/ubuntu/PROGRAMA-BETA/src/FiveMTool.csproj]
/home/ubuntu/PROGRAMA-BETA/src/External/CodeWalker.Core/GameFiles/GameFile.cs(28,30): warning CS8602: Dereference of a possibly null reference. [/home/ubuntu/PROGRAMA-BETA/src/FiveMTool.csproj]
/home/ubuntu/PROGRAMA-BETA/src/External/CodeWalker.Core/GameFiles/GameFile.cs(34,30): warning CS8602: Dereference of a possibly null reference. [/home/ubuntu/PROGRAMA-BETA/src/FiveMTool.csproj]
/home/ubuntu/PROGRAMA-BETA/src/External/CodeWalker.Core/GameFiles/GameFile.cs(20,16): warning CS8618: Non-nullable property 'Name' must contain a non-null value when exiting constructor. Consider declaring the property as nullable. [/home/ubuntu/PROGRAMA-BETA/src/FiveMTool.csproj]
/home/ubuntu/PROGRAMA-BETA/src/External/CodeWalker.Core/GameFiles/GameFile.cs(20,16): warning CS8618: Non-nullable property 'FilePath' must contain a non-null value when exiting constructor. Consider declaring the property as nullable. [/home/ubuntu/PROGRAMA-BETA/src/FiveMTool.csproj]
/home/ubuntu/PROGRAMA-BETA/src/External/CodeWalker.Core/GameFiles/FileTypes/RelFile.cs(21659,32): warning CS8600: Converting null literal or possible null value to non-nullable type. [/home/ubuntu/PROGRAMA-BETA/src/FiveMTool.csproj]
/home/ubuntu/PROGRAMA-BETA/src/External/CodeWalker.Core/GameFiles/MetaTypes/Archetype.cs(20,25): warning CS8618: Non-nullable property 'Ytyp' must contain a non-null value when exiting constructor. Consider declaring the property as nullable. [/home/ubuntu/PROGRAMA-BETA/src/FiveMTool.csproj]
/home/ubuntu/PROGRAMA-BETA/src/External/CodeWalker.Core/GameFiles/MetaTypes/Archetype.cs(29,30): warning CS8618: Non-nullable property 'Extensions' must contain a non-null value when exiting constructor. Consider declaring the property as nullable. [/home/ubuntu/PROGRAMA-BETA/src/FiveMTool.csproj]
/home/ubuntu/PROGRAMA-BETA/src/External/CodeWalker.Core/GameFiles/FileTypes/YndFile.cs(1297,24): warning CS8618: Non-nullable property 'Ynd' must contain a non-null value when exiting constructor. Consider declaring the property as nullable. [/home/ubuntu/PROGRAMA-BETA/src/FiveMTool.csproj]
/home/ubuntu/PROGRAMA-BETA/src/External/CodeWalker.Core/GameFiles/FileTypes/YndFile.cs(1298,24): warning CS8618: Non-nullable property 'Node1' must contain a non-null value when exiting constructor. Consider declaring the property as nullable. [/home/ubuntu/PROGRAMA-BETA/src/FiveMTool.csproj]
/home/ubuntu/PROGRAMA-BETA/src/External/CodeWalker.Core/GameFiles/FileTypes/YndFile.cs(1300,25): warning CS8618: Non-nullable field '_node2' must contain a non-null value when exiting constructor. Consider declaring the field as nullable. [/home/ubuntu/PROGRAMA-BETA/src/FiveMTool.csproj]
/home/ubuntu/PROGRAMA-BETA/src/External/CodeWalker.Core/GameFiles/MetaTypes/Archetype.cs(90,23): warning CS8618: Non-nullable property 'ActiveHours' must contain a non-null value when exiting constructor. Consider declaring the property as nullable. [/home/ubuntu/PROGRAMA-BETA/src/FiveMTool.csproj]
/home/ubuntu/PROGRAMA-BETA/src/External/CodeWalker.Core/GameFiles/MetaTypes/Archetype.cs(91,25): warning CS8618: Non-nullable property 'ActiveHoursText' must contain a non-null value when exiting constructor. Consider declaring the property as nullable. [/home/ubuntu/PROGRAMA-BETA/src/FiveMTool.csproj]
/home/ubuntu/PROGRAMA-BETA/src/External/CodeWalker.Core/GameFiles/MetaTypes/Meta.cs(438,79): warning CS8625: Cannot convert null literal to non-nullable reference type. [/home/ubuntu/PROGRAMA-BETA/src/FiveMTool.csproj]
/home/ubuntu/PROGRAMA-BETA/src/External/CodeWalker.Core/GameFiles/MetaTypes/Meta.cs(441,16): warning CS8618: Non-nullable property 'Entries' must contain a non-null value when exiting constructor. Consider declaring the property as nullable. [/home/ubuntu/PROGRAMA-BETA/src/FiveMTool.csproj]
/home/ubuntu/PROGRAMA-BETA/src/External/CodeWalker.Core/GameFiles/MetaTypes/Meta.cs(611,23): warning CS8618: Non-nullable property 'EncryptedData' must contain a non-null value when exiting constructor. Consider declaring the property as nullable. [/home/ubuntu/PROGRAMA-BETA/src/FiveMTool.csproj]
/home/ubuntu/PROGRAMA-BETA/src/External/CodeWalker.Core/GameFiles/MetaTypes/Meta.cs(251,84): warning CS8625: Cannot convert null literal to non-nullable reference type. [/home/ubuntu/PROGRAMA-BETA/src/FiveMTool.csproj]
/home/ubuntu/PROGRAMA-BETA/src/External/CodeWalker.Core/GameFiles/MetaTypes/Meta.cs(254,16): warning CS8618: Non-nullable property 'Entries' must contain a non-null value when exiting constructor. Consider declaring the property as nullable. [/home/ubuntu/PROGRAMA-BETA/src/FiveMTool.csproj]
/home/ubuntu/PROGRAMA-BETA/src/External/CodeWalker.Core/GameFiles/MetaTypes/Meta.cs(545,53): warning CS8625: Cannot convert null literal to non-nullable reference type. [/home/ubuntu/PROGRAMA-BETA/src/FiveMTool.csproj]
/home/ubuntu/PROGRAMA-BETA/src/External/CodeWalker.Core/GameFiles/MetaTypes/Meta.cs(544,23): warning CS8618: Non-nullable property 'Data' must contain a non-null value when exiting constructor. Consider declaring the property as nullable. [/home/ubuntu/PROGRAMA-BETA/src/FiveMTool.csproj]
/home/ubuntu/PROGRAMA-BETA/src/External/CodeWalker.Core/GameFiles/MetaTypes/Archetype.cs(1026,26): warning CS8603: Possible null reference return. [/home/ubuntu/PROGRAMA-BETA/src/FiveMTool.csproj]
/home/ubuntu/PROGRAMA-BETA/src/External/CodeWalker.Core/GameFiles/GameFileCache.cs(147,16): warning CS8618: Non-nullable field 'RpfMan' must contain a non-null value when exiting constructor. Consider declaring the field as nullable. [/home/ubuntu/PROGRAMA-BETA/src/FiveMTool.csproj]
/home/ubuntu/PROGRAMA-BETA/src/External/CodeWalker.Core/GameFiles/GameFileCache.cs(147,16): warning CS8618: Non-nullable field 'UpdateStatus' must contain a non-null value when exiting constructor. Consider declaring the field as nullable. [/home/ubuntu/PROGRAMA-BETA/src/FiveMTool.csproj]
/home/ubuntu/PROGRAMA-BETA/src/External/CodeWalker.Core/GameFiles/GameFileCache.cs(147,16): warning CS8618: Non-nullable field 'ErrorLog' must contain a non-null value when exiting constructor. Consider declaring the field as nullable. [/home/ubuntu/PROGRAMA-BETA/src/FiveMTool.csproj]
/home/ubuntu/PROGRAMA-BETA/src/External/CodeWalker.Core/GameFiles/GameFileCache.cs(147,16): warning CS8618: Non-nullable field 'textureParents' must contain a non-null value when exiting constructor. Consider declaring the field as nullable. [/home/ubuntu/PROGRAMA-BETA/src/FiveMTool.csproj]
/home/ubuntu/PROGRAMA-BETA/src/External/CodeWalker.Core/GameFiles/GameFileCache.cs(147,16): warning CS8618: Non-nullable field 'hdtexturelookup' must contain a non-null value when exiting constructor. Consider declaring the field as nullable. [/home/ubuntu/PROGRAMA-BETA/src/FiveMTool.csproj]
/home/ubuntu/PROGRAMA-BETA/src/External/CodeWalker.Core/GameFiles/GameFileCache.cs(147,16): warning CS8618: Non-nullable property 'YdrDict' must contain a non-null value when exiting constructor. Consider declaring the property as nullable. [/home/ubuntu/PROGRAMA-BETA/src/FiveMTool.csproj]
/home/ubuntu/PROGRAMA-BETA/src/External/CodeWalker.Core/GameFiles/GameFileCache.cs(147,16): warning CS8618: Non-nullable property 'YddDict' must contain a non-null value when exiting constructor. Consider declaring the property as nullable. [/home/ubuntu/PROGRAMA-BETA/src/FiveMTool.csproj]
/home/ubuntu/PROGRAMA-BETA/src/External/CodeWalker.Core/GameFiles/GameFileCache.cs(147,16): warning CS8618: Non-nullable property 'YtdDict' must contain a non-null value when exiting constructor. Consider declaring the property as nullable. [/home/ubuntu/PROGRAMA-BETA/src/FiveMTool.csproj]
/home/ubuntu/PROGRAMA-BETA/src/External/CodeWalker.Core/GameFiles/GameFileCache.cs(147,16): warning CS8618: Non-nullable property 'YmapDict' must contain a non-null value when exiting constructor. Consider declaring the property as nullable. [/home/ubuntu/PROGRAMA-BETA/src/FiveMTool.csproj]
/home/ubuntu/PROGRAMA-BETA/src/External/CodeWalker.Core/GameFiles/GameFileCache.cs(147,16): warning CS8618: Non-nullable property 'YftDict' must contain a non-null value when exiting constructor. Consider declaring the property as nullable. [/home/ubuntu/PROGRAMA-BETA/src/FiveMTool.csproj]
/home/ubuntu/PROGRAMA-BETA/src/External/CodeWalker.Core/GameFiles/GameFileCache.cs(147,16): warning CS8618: Non-nullable property 'YbnDict' must contain a non-null value when exiting constructor. Consider declaring the property as nullable. [/home/ubuntu/PROGRAMA-BETA/src/FiveMTool.csproj]
/home/ubuntu/PROGRAMA-BETA/src/External/CodeWalker.Core/GameFiles/GameFileCache.cs(147,16): warning CS8618: Non-nullable property 'YcdDict' must contain a non-null value when exiting constructor. Consider declaring the property as nullable. [/home/ubuntu/PROGRAMA-BETA/src/FiveMTool.csproj]
/home/ubuntu/PROGRAMA-BETA/src/External/CodeWalker.Core/GameFiles/GameFileCache.cs(147,16): warning CS8618: Non-nullable property 'YedDict' must contain a non-null value when exiting constructor. Consider declaring the property as nullable. [/home/ubuntu/PROGRAMA-BETA/src/FiveMTool.csproj]
/home/ubuntu/PROGRAMA-BETA/src/External/CodeWalker.Core/GameFiles/GameFileCache.cs(147,16): warning CS8618: Non-nullable property 'YnvDict' must contain a non-null value when exiting constructor. Consider declaring the property as nullable. [/home/ubuntu/PROGRAMA-BETA/src/FiveMTool.csproj]
/home/ubuntu/PROGRAMA-BETA/src/External/CodeWalker.Core/GameFiles/GameFileCache.cs(147,16): warning CS8618: Non-nullable property 'Gxt2Dict' must contain a non-null value when exiting constructor. Consider declaring the property as nullable. [/home/ubuntu/PROGRAMA-BETA/src/FiveMTool.csproj]
/home/ubuntu/PROGRAMA-BETA/src/External/CodeWalker.Core/GameFiles/GameFileCache.cs(147,16): warning CS8618: Non-nullable property 'AllYmapsDict' must contain a non-null value when exiting constructor. Consider declaring the property as nullable. [/home/ubuntu/PROGRAMA-BETA/src/FiveMTool.csproj]
/home/ubuntu/PROGRAMA-BETA/src/External/CodeWalker.Core/GameFiles/GameFileCache.cs(147,16): warning CS8618: Non-nullable property 'YtypDict' must contain a non-null value when exiting constructor. Consider declaring the property as nullable. [/home/ubuntu/PROGRAMA-BETA/src/FiveMTool.csproj]
/home/ubuntu/PROGRAMA-BETA/src/External/CodeWalker.Core/GameFiles/GameFileCache.cs(147,16): warning CS8618: Non-nullable property 'AllCacheFiles' must contain a non-null value when exiting constructor. Consider declaring the property as nullable. [/home/ubuntu/PROGRAMA-BETA/src/FiveMTool.csproj]
/home/ubuntu/PROGRAMA-BETA/src/External/CodeWalker.Core/GameFiles/GameFileCache.cs(147,16): warning CS8618: Non-nullable property 'YmapHierarchyDict' must contain a non-null value when exiting constructor. Consider declaring the property as nullable. [/home/ubuntu/PROGRAMA-BETA/src/FiveMTool.csproj]
/home/ubuntu/PROGRAMA-BETA/src/External/CodeWalker.Core/GameFiles/GameFileCache.cs(147,16): warning CS8618: Non-nullable property 'AllManifests' must contain a non-null value when exiting constructor. Consider declaring the property as nullable. [/home/ubuntu/PROGRAMA-BETA/src/FiveMTool.csproj]
/home/ubuntu/PROGRAMA-BETA/src/External/CodeWalker.Core/GameFiles/GameFileCache.cs(147,16): warning CS8618: Non-nullable property 'VehiclesInitDict' must contain a non-null value when exiting constructor. Consider declaring the property as nullable. [/home/ubuntu/PROGRAMA-BETA/src/FiveMTool.csproj]
/home/ubuntu/PROGRAMA-BETA/src/External/CodeWalker.Core/GameFiles/GameFileCache.cs(147,16): warning CS8618: Non-nullable property 'PedsInitDict' must contain a non-null value when exiting constructor. Consider declaring the property as nullable. [/home/ubuntu/PROGRAMA-BETA/src/FiveMTool.csproj]
/home/ubuntu/PROGRAMA-BETA/src/External/CodeWalker.Core/GameFiles/GameFileCache.cs(147,16): warning CS8618: Non-nullable property 'PedVariationsDict' must contain a non-null value when exiting constructor. Consider declaring the property as nullable. [/home/ubuntu/PROGRAMA-BETA/src/FiveMTool.csproj]
/home/ubuntu/PROGRAMA-BETA/src/External/CodeWalker.Core/GameFiles/GameFileCache.cs(147,16): warning CS8618: Non-nullable property 'PedDrawableDicts' must contain a non-null value when exiting constructor. Consider declaring the property as nullable. [/home/ubuntu/PROGRAMA-BETA/src/FiveMTool.csproj]
/home/ubuntu/PROGRAMA-BETA/src/External/CodeWalker.Core/GameFiles/GameFileCache.cs(147,16): warning CS8618: Non-nullable property 'PedTextureDicts' must contain a non-null value when exiting constructor. Consider declaring the property as nullable. [/home/ubuntu/PROGRAMA-BETA/src/FiveMTool.csproj]
/home/ubuntu/PROGRAMA-BETA/src/External/CodeWalker.Core/GameFiles/GameFileCache.cs(147,16): warning CS8618: Non-nullable property 'PedClothDicts' must contain a non-null value when exiting constructor. Consider declaring the property as nullable. [/home/ubuntu/PROGRAMA-BETA/src/FiveMTool.csproj]
/home/ubuntu/PROGRAMA-BETA/src/External/CodeWalker.Core/GameFiles/GameFileCache.cs(147,16): warning CS8618: Non-nullable property 'BaseRpfs' must contain a non-null value when exiting constructor. Consider declaring the property as nullable. [/home/ubuntu/PROGRAMA-BETA/src/FiveMTool.csproj]
/home/ubuntu/PROGRAMA-BETA/src/External/CodeWalker.Core/GameFiles/GameFileCache.cs(147,16): warning CS8618: Non-nullable property 'AllRpfs' must contain a non-null value when exiting constructor. Consider declaring the property as nullable. [/home/ubuntu/PROGRAMA-BETA/src/FiveMTool.csproj]
/home/ubuntu/PROGRAMA-BETA/src/External/CodeWalker.Core/GameFiles/GameFileCache.cs(147,16): warning CS8618: Non-nullable property 'DlcRpfs' must contain a non-null value when exiting constructor. Consider declaring the property as nullable. [/home/ubuntu/PROGRAMA-BETA/src/FiveMTool.csproj]
/home/ubuntu/PROGRAMA-BETA/src/External/CodeWalker.Core/GameFiles/GameFileCache.cs(168,48): warning CS8600: Converting null literal or possible null value to non-nullable type. [/home/ubuntu/PROGRAMA-BETA/src/FiveMTool.csproj]
/home/ubuntu/PROGRAMA-BETA/src/External/CodeWalker.Core/GameFiles/FileTypes/YndFile.cs(428,33): warning CS8625: Cannot convert null literal to non-nullable reference type. [/home/ubuntu/PROGRAMA-BETA/src/FiveMTool.csproj]
/home/ubuntu/PROGRAMA-BETA/src/External/CodeWalker.Core/GameFiles/FileTypes/YndFile.cs(434,37): warning CS8602: Dereference of a possibly null reference. [/home/ubuntu/PROGRAMA-BETA/src/FiveMTool.csproj]
/home/ubuntu/PROGRAMA-BETA/src/External/CodeWalker.Core/GameFiles/MetaTypes/Archetype.cs(197,40): warning CS8602: Dereference of a possibly null reference. [/home/ubuntu/PROGRAMA-BETA/src/FiveMTool.csproj]
/home/ubuntu/PROGRAMA-BETA/src/External/CodeWalker.Core/GameFiles/MetaTypes/Archetype.cs(203,40): warning CS8602: Dereference of a possibly null reference. [/home/ubuntu/PROGRAMA-BETA/src/FiveMTool.csproj]
/home/ubuntu/PROGRAMA-BETA/src/External/CodeWalker.Core/GameFiles/MetaTypes/Archetype.cs(210,30): warning CS8602: Dereference of a possibly null reference. [/home/ubuntu/PROGRAMA-BETA/src/FiveMTool.csproj]
/home/ubuntu/PROGRAMA-BETA/src/External/CodeWalker.Core/GameFiles/MetaTypes/MetaBuilder.cs(433,40): warning CS8603: Possible null reference return. [/home/ubuntu/PROGRAMA-BETA/src/FiveMTool.csproj]
/home/ubuntu/PROGRAMA-BETA/src/External/CodeWalker.Core/GameFiles/MetaTypes/MetaNames.cs(21,19): warning CS8625: Cannot convert null literal to non-nullable reference type. [/home/ubuntu/PROGRAMA-BETA/src/FiveMTool.csproj]
/home/ubuntu/PROGRAMA-BETA/src/External/CodeWalker.Core/GameFiles/MetaTypes/MetaTypes.cs(2087,51): warning CS8603: Possible null reference return. [/home/ubuntu/PROGRAMA-BETA/src/FiveMTool.csproj]
/home/ubuntu/PROGRAMA-BETA/src/External/CodeWalker.Core/GameFiles/MetaTypes/Meta.cs(196,44): warning CS8603: Possible null reference return. [/home/ubuntu/PROGRAMA-BETA/src/FiveMTool.csproj]
/home/ubuntu/PROGRAMA-BETA/src/External/CodeWalker.Core/GameFiles/MetaTypes/Meta.cs(204,20): warning CS8603: Possible null reference return. [/home/ubuntu/PROGRAMA-BETA/src/FiveMTool.csproj]
/home/ubuntu/PROGRAMA-BETA/src/External/CodeWalker.Core/GameFiles/MetaTypes/Meta.cs(210,35): warning CS8600: Converting null literal or possible null value to non-nullable type. [/home/ubuntu/PROGRAMA-BETA/src/FiveMTool.csproj]
/home/ubuntu/PROGRAMA-BETA/src/External/CodeWalker.Core/GameFiles/MetaTypes/Meta.cs(216,20): warning CS8603: Possible null reference return. [/home/ubuntu/PROGRAMA-BETA/src/FiveMTool.csproj]
/home/ubuntu/PROGRAMA-BETA/src/External/CodeWalker.Core/GameFiles/MetaTypes/Meta.cs(220,35): warning CS8600: Converting null literal or possible null value to non-nullable type. [/home/ubuntu/PROGRAMA-BETA/src/FiveMTool.csproj]
/home/ubuntu/PROGRAMA-BETA/src/External/CodeWalker.Core/GameFiles/MetaTypes/Meta.cs(226,20): warning CS8603: Possible null reference return. [/home/ubuntu/PROGRAMA-BETA/src/FiveMTool.csproj]
/home/ubuntu/PROGRAMA-BETA/src/External/CodeWalker.Core/GameFiles/MetaTypes/MetaTypes.cs(2564,16): warning CS8618: Non-nullable property 'Corners' must contain a non-null value when exiting constructor. Consider declaring the property as nullable. [/home/ubuntu/PROGRAMA-BETA/src/FiveMTool.csproj]
/home/ubuntu/PROGRAMA-BETA/src/External/CodeWalker.Core/GameFiles/MetaTypes/MetaTypes.cs(2564,16): warning CS8618: Non-nullable property 'AttachedObjects' must contain a non-null value when exiting constructor. Consider declaring the property as nullable. [/home/ubuntu/PROGRAMA-BETA/src/FiveMTool.csproj]
/home/ubuntu/PROGRAMA-BETA/src/External/CodeWalker.Core/GameFiles/MetaTypes/MetaTypes.cs(2564,16): warning CS8618: Non-nullable property 'OwnerMlo' must contain a non-null value when exiting constructor. Consider declaring the property as nullable. [/home/ubuntu/PROGRAMA-BETA/src/FiveMTool.csproj]
/home/ubuntu/PROGRAMA-BETA/src/External/CodeWalker.Core/GameFiles/MetaTypes/MetaTypes.cs(2638,16): warning CS8618: Non-nullable property 'Locations' must contain a non-null value when exiting constructor. Consider declaring the property as nullable. [/home/ubuntu/PROGRAMA-BETA/src/FiveMTool.csproj]
/home/ubuntu/PROGRAMA-BETA/src/External/CodeWalker.Core/GameFiles/MetaTypes/MetaTypes.cs(2638,16): warning CS8618: Non-nullable property 'Entities' must contain a non-null value when exiting constructor. Consider declaring the property as nullable. [/home/ubuntu/PROGRAMA-BETA/src/FiveMTool.csproj]
/home/ubuntu/PROGRAMA-BETA/src/External/CodeWalker.Core/GameFiles/MetaTypes/MetaTypes.cs(2638,16): warning CS8618: Non-nullable property 'OwnerMlo' must contain a non-null value when exiting constructor. Consider declaring the property as nullable. [/home/ubuntu/PROGRAMA-BETA/src/FiveMTool.csproj]
/home/ubuntu/PROGRAMA-BETA/src/External/CodeWalker.Core/GameFiles/MetaTypes/MetaTypes.cs(2565,16): warning CS8618: Non-nullable property 'OwnerMlo' must contain a non-null value when exiting constructor. Consider declaring the property as nullable. [/home/ubuntu/PROGRAMA-BETA/src/FiveMTool.csproj]
/home/ubuntu/PROGRAMA-BETA/src/External/CodeWalker.Core/GameFiles/FileTypes/YtypFile.cs(186,45): warning CS8600: Converting null literal or possible null value to non-nullable type. [/home/ubuntu/PROGRAMA-BETA/src/FiveMTool.csproj]
/home/ubuntu/PROGRAMA-BETA/src/External/CodeWalker.Core/GameFiles/FileTypes/YtypFile.cs(234,35): warning CS8600: Converting null literal or possible null value to non-nullable type. [/home/ubuntu/PROGRAMA-BETA/src/FiveMTool.csproj]
/home/ubuntu/PROGRAMA-BETA/src/External/CodeWalker.Core/GameFiles/MetaTypes/MetaTypes.cs(2809,16): warning CS8618: Non-nullable property 'Extensions' must contain a non-null value when exiting constructor. Consider declaring the property as nullable. [/home/ubuntu/PROGRAMA-BETA/src/FiveMTool.csproj]
/home/ubuntu/PROGRAMA-BETA/src/External/CodeWalker.Core/GameFiles/MetaTypes/MetaTypes.cs(2809,16): warning CS8618: Non-nullable property 'OwnerMlo' must contain a non-null value when exiting constructor. Consider declaring the property as nullable. [/home/ubuntu/PROGRAMA-BETA/src/FiveMTool.csproj]
/home/ubuntu/PROGRAMA-BETA/src/External/CodeWalker.Core/GameFiles/MetaTypes/MetaTypes.cs(2813,16): warning CS8618: Non-nullable property 'OwnerMlo' must contain a non-null value when exiting constructor. Consider declaring the property as nullable. [/home/ubuntu/PROGRAMA-BETA/src/FiveMTool.csproj]
/home/ubuntu/PROGRAMA-BETA/src/External/CodeWalker.Core/GameFiles/MetaTypes/MetaTypes.cs(2818,16): warning CS8618: Non-nullable property 'Extensions' must contain a non-null value when exiting constructor. Consider declaring the property as nullable. [/home/ubuntu/PROGRAMA-BETA/src/FiveMTool.csproj]
/home/ubuntu/PROGRAMA-BETA/src/External/CodeWalker.Core/GameFiles/MetaTypes/MetaTypes.cs(2473,16): warning CS8618: Non-nullable property 'RoomName' must contain a non-null value when exiting constructor. Consider declaring the property as nullable. [/home/ubuntu/PROGRAMA-BETA/src/FiveMTool.csproj]
/home/ubuntu/PROGRAMA-BETA/src/External/CodeWalker.Core/GameFiles/MetaTypes/MetaTypes.cs(2473,16): warning CS8618: Non-nullable property 'AttachedObjects' must contain a non-null value when exiting constructor. Consider declaring the property as nullable. [/home/ubuntu/PROGRAMA-BETA/src/FiveMTool.csproj]
/home/ubuntu/PROGRAMA-BETA/src/External/CodeWalker.Core/GameFiles/MetaTypes/MetaTypes.cs(2473,16): warning CS8618: Non-nullable property 'OwnerMlo' must contain a non-null value when exiting constructor. Consider declaring the property as nullable. [/home/ubuntu/PROGRAMA-BETA/src/FiveMTool.csproj]
/home/ubuntu/PROGRAMA-BETA/src/External/CodeWalker.Core/GameFiles/MetaTypes/MetaTypes.cs(2474,16): warning CS8618: Non-nullable property 'OwnerMlo' must contain a non-null value when exiting constructor. Consider declaring the property as nullable. [/home/ubuntu/PROGRAMA-BETA/src/FiveMTool.csproj]
/home/ubuntu/PROGRAMA-BETA/src/External/CodeWalker.Core/GameFiles/MetaTypes/Meta.cs(58,38): warning CS8625: Cannot convert null literal to non-nullable reference type. [/home/ubuntu/PROGRAMA-BETA/src/FiveMTool.csproj]
/home/ubuntu/PROGRAMA-BETA/src/External/CodeWalker.Core/GameFiles/MetaTypes/Meta.cs(51,55): warning CS8618: Non-nullable property 'StructureInfos' must contain a non-null value when exiting constructor. Consider declaring the property as nullable. [/home/ubuntu/PROGRAMA-BETA/src/FiveMTool.csproj]
/home/ubuntu/PROGRAMA-BETA/src/External/CodeWalker.Core/GameFiles/MetaTypes/Meta.cs(52,50): warning CS8618: Non-nullable property 'EnumInfos' must contain a non-null value when exiting constructor. Consider declaring the property as nullable. [/home/ubuntu/PROGRAMA-BETA/src/FiveMTool.csproj]
/home/ubuntu/PROGRAMA-BETA/src/External/CodeWalker.Core/GameFiles/MetaTypes/Meta.cs(53,51): warning CS8618: Non-nullable property 'DataBlocks' must contain a non-null value when exiting constructor. Consider declaring the property as nullable. [/home/ubuntu/PROGRAMA-BETA/src/FiveMTool.csproj]
/home/ubuntu/PROGRAMA-BETA/src/External/CodeWalker.Core/GameFiles/MetaTypes/Meta.cs(54,23): warning CS8618: Non-nullable property 'Name' must contain a non-null value when exiting constructor. Consider declaring the property as nullable. [/home/ubuntu/PROGRAMA-BETA/src/FiveMTool.csproj]
/home/ubuntu/PROGRAMA-BETA/src/External/CodeWalker.Core/GameFiles/MetaTypes/Meta.cs(56,42): warning CS8618: Non-nullable property 'EncryptedStrings' must contain a non-null value when exiting constructor. Consider declaring the property as nullable. [/home/ubuntu/PROGRAMA-BETA/src/FiveMTool.csproj]
/home/ubuntu/PROGRAMA-BETA/src/External/CodeWalker.Core/GameFiles/FileTypes/YmapFile.cs(509,27): warning CS8625: Cannot convert null literal to non-nullable reference type. [/home/ubuntu/PROGRAMA-BETA/src/FiveMTool.csproj]
/home/ubuntu/PROGRAMA-BETA/src/External/CodeWalker.Core/GameFiles/FileTypes/YmapFile.cs(510,32): warning CS8625: Cannot convert null literal to non-nullable reference type. [/home/ubuntu/PROGRAMA-BETA/src/FiveMTool.csproj]
/home/ubuntu/PROGRAMA-BETA/src/External/CodeWalker.Core/GameFiles/FileTypes/YmapFile.cs(547,28): warning CS8625: Cannot convert null literal to non-nullable reference type. [/home/ubuntu/PROGRAMA-BETA/src/FiveMTool.csproj]
/home/ubuntu/PROGRAMA-BETA/src/External/CodeWalker.Core/GameFiles/FileTypes/YndFile.cs(528,33): warning CS8625: Cannot convert null literal to non-nullable reference type. [/home/ubuntu/PROGRAMA-BETA/src/FiveMTool.csproj]
/home/ubuntu/PROGRAMA-BETA/src/External/CodeWalker.Core/GameFiles/MetaTypes/MetaTypes.cs(2639,16): warning CS8618: Non-nullable property 'Locations' must contain a non-null value when exiting constructor. Consider declaring the property as nullable. [/home/ubuntu/PROGRAMA-BETA/src/FiveMTool.csproj]
/home/ubuntu/PROGRAMA-BETA/src/External/CodeWalker.Core/GameFiles/MetaTypes/MetaTypes.cs(2639,16): warning CS8618: Non-nullable property 'Entities' must contain a non-null value when exiting constructor. Consider declaring the property as nullable. [/home/ubuntu/PROGRAMA-BETA/src/FiveMTool.csproj]
/home/ubuntu/PROGRAMA-BETA/src/External/CodeWalker.Core/GameFiles/MetaTypes/Archetype.cs(775,44): warning CS8603: Possible null reference return. [/home/ubuntu/PROGRAMA-BETA/src/FiveMTool.csproj]
/home/ubuntu/PROGRAMA-BETA/src/External/CodeWalker.Core/GameFiles/MetaTypes/Archetype.cs(776,50): warning CS8603: Possible null reference return. [/home/ubuntu/PROGRAMA-BETA/src/FiveMTool.csproj]
/home/ubuntu/PROGRAMA-BETA/src/External/CodeWalker.Core/GameFiles/MetaTypes/Archetype.cs(777,65): warning CS8603: Possible null reference return. [/home/ubuntu/PROGRAMA-BETA/src/FiveMTool.csproj]
/home/ubuntu/PROGRAMA-BETA/src/External/CodeWalker.Core/GameFiles/MetaTypes/Archetype.cs(802,20): warning CS8603: Possible null reference return. [/home/ubuntu/PROGRAMA-BETA/src/FiveMTool.csproj]
/home/ubuntu/PROGRAMA-BETA/src/External/CodeWalker.Core/GameFiles/MetaTypes/MetaTypes.cs(3069,23): warning CS8618: Non-nullable property 'fxName' must contain a non-null value when exiting constructor. Consider declaring the property as nullable. [/home/ubuntu/PROGRAMA-BETA/src/FiveMTool.csproj]
/home/ubuntu/PROGRAMA-BETA/src/External/CodeWalker.Core/GameFiles/FileTypes/YndFile.cs(1053,29): warning CS8602: Dereference of a possibly null reference. [/home/ubuntu/PROGRAMA-BETA/src/FiveMTool.csproj]
/home/ubuntu/PROGRAMA-BETA/src/External/CodeWalker.Core/GameFiles/FileTypes/YmapFile.cs(2369,26): warning CS8618: Non-nullable property 'Archetype' must contain a non-null value when exiting constructor. Consider declaring the property as nullable. [/home/ubuntu/PROGRAMA-BETA/src/FiveMTool.csproj]
/home/ubuntu/PROGRAMA-BETA/src/External/CodeWalker.Core/GameFiles/FileTypes/YmapFile.cs(2371,61): warning CS8618: Non-nullable property 'Instances' must contain a non-null value when exiting constructor. Consider declaring the property as nullable. [/home/ubuntu/PROGRAMA-BETA/src/FiveMTool.csproj]
/home/ubuntu/PROGRAMA-BETA/src/External/CodeWalker.Core/GameFiles/FileTypes/YmapFile.cs(2378,25): warning CS8618: Non-nullable property 'Ymap' must contain a non-null value when exiting constructor. Consider declaring the property as nullable. [/home/ubuntu/PROGRAMA-BETA/src/FiveMTool.csproj]
/home/ubuntu/PROGRAMA-BETA/src/External/CodeWalker.Core/GameFiles/FileTypes/YmapFile.cs(2380,35): warning CS8618: Non-nullable field 'grassBounds' must contain a non-null value when exiting constructor. Consider declaring the field as nullable. [/home/ubuntu/PROGRAMA-BETA/src/FiveMTool.csproj]
/home/ubuntu/PROGRAMA-BETA/src/External/CodeWalker.Core/GameFiles/MetaTypes/MetaTypes.cs(3122,32): warning CS8618: Non-nullable property 'instances' must contain a non-null value when exiting constructor. Consider declaring the property as nullable. [/home/ubuntu/PROGRAMA-BETA/src/FiveMTool.csproj]
/home/ubuntu/PROGRAMA-BETA/src/External/CodeWalker.Core/GameFiles/MetaTypes/Archetype.cs(807,42): warning CS8603: Possible null reference return. [/home/ubuntu/PROGRAMA-BETA/src/FiveMTool.csproj]
/home/ubuntu/PROGRAMA-BETA/src/External/CodeWalker.Core/GameFiles/MetaTypes/Archetype.cs(808,50): warning CS8603: Possible null reference return. [/home/ubuntu/PROGRAMA-BETA/src/FiveMTool.csproj]
/home/ubuntu/PROGRAMA-BETA/src/External/CodeWalker.Core/GameFiles/MetaTypes/Archetype.cs(809,65): warning CS8603: Possible null reference return. [/home/ubuntu/PROGRAMA-BETA/src/FiveMTool.csproj]
/home/ubuntu/PROGRAMA-BETA/src/External/CodeWalker.Core/GameFiles/MetaTypes/Archetype.cs(834,20): warning CS8603: Possible null reference return. [/home/ubuntu/PROGRAMA-BETA/src/FiveMTool.csproj]
/home/ubuntu/PROGRAMA-BETA/src/External/CodeWalker.Core/GameFiles/FileTypes/YndFile.cs(1081,20): warning CS8625: Cannot convert null literal to non-nullable reference type. [/home/ubuntu/PROGRAMA-BETA/src/FiveMTool.csproj]
/home/ubuntu/PROGRAMA-BETA/src/External/CodeWalker.Core/GameFiles/FileTypes/YndFile.cs(1092,26): warning CS8602: Dereference of a possibly null reference. [/home/ubuntu/PROGRAMA-BETA/src/FiveMTool.csproj]
/home/ubuntu/PROGRAMA-BETA/src/External/CodeWalker.Core/GameFiles/MetaTypes/MetaTypes.cs(3320,23): warning CS8618: Non-nullable property 'explosionName' must contain a non-null value when exiting constructor. Consider declaring the property as nullable. [/home/ubuntu/PROGRAMA-BETA/src/FiveMTool.csproj]
/home/ubuntu/PROGRAMA-BETA/src/External/CodeWalker.Core/GameFiles/FileTypes/YnvFile.cs(975,24): warning CS8629: Nullable value type may be null. [/home/ubuntu/PROGRAMA-BETA/src/FiveMTool.csproj]
/home/ubuntu/PROGRAMA-BETA/src/External/CodeWalker.Core/GameFiles/MetaTypes/Archetype.cs(524,39): warning CS8603: Possible null reference return. [/home/ubuntu/PROGRAMA-BETA/src/FiveMTool.csproj]
/home/ubuntu/PROGRAMA-BETA/src/External/CodeWalker.Core/GameFiles/MetaTypes/Archetype.cs(527,41): warning CS8603: Possible null reference return. [/home/ubuntu/PROGRAMA-BETA/src/FiveMTool.csproj]
/home/ubuntu/PROGRAMA-BETA/src/External/CodeWalker.Core/GameFiles/MetaTypes/Archetype.cs(545,20): warning CS8603: Possible null reference return. [/home/ubuntu/PROGRAMA-BETA/src/FiveMTool.csproj]
/home/ubuntu/PROGRAMA-BETA/src/External/CodeWalker.Core/GameFiles/MetaTypes/Archetype.cs(549,41): warning CS8603: Possible null reference return. [/home/ubuntu/PROGRAMA-BETA/src/FiveMTool.csproj]
/home/ubuntu/PROGRAMA-BETA/src/External/CodeWalker.Core/GameFiles/MetaTypes/Archetype.cs(552,41): warning CS8603: Possible null reference return. [/home/ubuntu/PROGRAMA-BETA/src/FiveMTool.csproj]
/home/ubuntu/PROGRAMA-BETA/src/External/CodeWalker.Core/GameFiles/MetaTypes/Archetype.cs(570,20): warning CS8603: Possible null reference return. [/home/ubuntu/PROGRAMA-BETA/src/FiveMTool.csproj]
/home/ubuntu/PROGRAMA-BETA/src/External/CodeWalker.Core/GameFiles/FileTypes/YnvFile.cs(261,37): warning CS8602: Dereference of a possibly null reference. [/home/ubuntu/PROGRAMA-BETA/src/FiveMTool.csproj]
/home/ubuntu/PROGRAMA-BETA/src/External/CodeWalker.Core/GameFiles/FileTypes/YnvFile.cs(262,37): warning CS8600: Converting null literal or possible null value to non-nullable type. [/home/ubuntu/PROGRAMA-BETA/src/FiveMTool.csproj]
/home/ubuntu/PROGRAMA-BETA/src/External/CodeWalker.Core/GameFiles/FileTypes/YnvFile.cs(380,27): warning CS8601: Possible null reference assignment. [/home/ubuntu/PROGRAMA-BETA/src/FiveMTool.csproj]
/home/ubuntu/PROGRAMA-BETA/src/External/CodeWalker.Core/GameFiles/FileTypes/YnvFile.cs(382,31): warning CS8601: Possible null reference assignment. [/home/ubuntu/PROGRAMA-BETA/src/FiveMTool.csproj]
/home/ubuntu/PROGRAMA-BETA/src/External/CodeWalker.Core/GameFiles/FileTypes/YnvFile.cs(409,34): warning CS8600: Converting null literal or possible null value to non-nullable type. [/home/ubuntu/PROGRAMA-BETA/src/FiveMTool.csproj]
/home/ubuntu/PROGRAMA-BETA/src/External/CodeWalker.Core/GameFiles/FileTypes/YnvFile.cs(411,27): warning CS8602: Dereference of a possibly null reference. [/home/ubuntu/PROGRAMA-BETA/src/FiveMTool.csproj]
/home/ubuntu/PROGRAMA-BETA/src/External/CodeWalker.Core/GameFiles/GameFileCache.cs(408,59): warning CS8600: Converting null literal or possible null value to non-nullable type. [/home/ubuntu/PROGRAMA-BETA/src/FiveMTool.csproj]
/home/ubuntu/PROGRAMA-BETA/src/External/CodeWalker.Core/GameFiles/GameFileCache.cs(441,51): warning CS8600: Converting null literal or possible null value to non-nullable type. [/home/ubuntu/PROGRAMA-BETA/src/FiveMTool.csproj]
/home/ubuntu/PROGRAMA-BETA/src/External/CodeWalker.Core/GameFiles/MetaTypes/Archetype.cs(574,44): warning CS8603: Possible null reference return. [/home/ubuntu/PROGRAMA-BETA/src/FiveMTool.csproj]
/home/ubuntu/PROGRAMA-BETA/src/External/CodeWalker.Core/GameFiles/MetaTypes/Archetype.cs(591,20): warning CS8603: Possible null reference return. [/home/ubuntu/PROGRAMA-BETA/src/FiveMTool.csproj]
/home/ubuntu/PROGRAMA-BETA/src/External/CodeWalker.Core/GameFiles/MetaTypes/Archetype.cs(153,30): warning CS8618: Non-nullable property 'entities' must contain a non-null value when exiting constructor. Consider declaring the property as nullable. [/home/ubuntu/PROGRAMA-BETA/src/FiveMTool.csproj]
/home/ubuntu/PROGRAMA-BETA/src/External/CodeWalker.Core/GameFiles/MetaTypes/Archetype.cs(154,31): warning CS8618: Non-nullable property 'rooms' must contain a non-null value when exiting constructor. Consider declaring the property as nullable. [/home/ubuntu/PROGRAMA-BETA/src/FiveMTool.csproj]
/home/ubuntu/PROGRAMA-BETA/src/External/CodeWalker.Core/GameFiles/MetaTypes/Archetype.cs(155,33): warning CS8618: Non-nullable property 'portals' must contain a non-null value when exiting constructor. Consider declaring the property as nullable. [/home/ubuntu/PROGRAMA-BETA/src/FiveMTool.csproj]
/home/ubuntu/PROGRAMA-BETA/src/External/CodeWalker.Core/GameFiles/MetaTypes/Archetype.cs(156,33): warning CS8618: Non-nullable property 'entitySets' must contain a non-null value when exiting constructor. Consider declaring the property as nullable. [/home/ubuntu/PROGRAMA-BETA/src/FiveMTool.csproj]
/home/ubuntu/PROGRAMA-BETA/src/External/CodeWalker.Core/GameFiles/MetaTypes/Archetype.cs(157,40): warning CS8618: Non-nullable property 'timeCycleModifiers' must contain a non-null value when exiting constructor. Consider declaring the property as nullable. [/home/ubuntu/PROGRAMA-BETA/src/FiveMTool.csproj]
/home/ubuntu/PROGRAMA-BETA/src/External/CodeWalker.Core/GameFiles/FileTypes/RelFile.cs(21763,82): warning CS8604: Possible null reference argument for parameter 'str' in 'ushort Dat10Synth.ParseBuffer(string str, AssembleResult result, Action<string> onError)'. [/home/ubuntu/PROGRAMA-BETA/src/FiveMTool.csproj]
/home/ubuntu/PROGRAMA-BETA/src/External/CodeWalker.Core/GameFiles/FileTypes/RelFile.cs(21764,86): warning CS8604: Possible null reference argument for parameter 'str' in 'ushort Dat10Synth.ParseRegister(string str, AssembleResult result, Action<string> onError)'. [/home/ubuntu/PROGRAMA-BETA/src/FiveMTool.csproj]
/home/ubuntu/PROGRAMA-BETA/src/External/CodeWalker.Core/GameFiles/FileTypes/RelFile.cs(21766,42): warning CS8602: Dereference of a possibly null reference. [/home/ubuntu/PROGRAMA-BETA/src/FiveMTool.csproj]
/home/ubuntu/PROGRAMA-BETA/src/External/CodeWalker.Core/GameFiles/FileTypes/RelFile.cs(21770,86): warning CS8604: Possible null reference argument for parameter 'str' in 'ushort Dat10Synth.ParseVariable(string str, Dat10SynthVariable[] variables, AssembleResult result, Action<string> onError)'. [/home/ubuntu/PROGRAMA-BETA/src/FiveMTool.csproj]
/home/ubuntu/PROGRAMA-BETA/src/External/CodeWalker.Core/GameFiles/FileTypes/RelFile.cs(21771,83): warning CS8604: Possible null reference argument for parameter 'str' in 'ushort Dat10Synth.ParseBuffer(string str, AssembleResult result, Action<string> onError)'. [/home/ubuntu/PROGRAMA-BETA/src/FiveMTool.csproj]
/home/ubuntu/PROGRAMA-BETA/src/External/CodeWalker.Core/GameFiles/FileTypes/RelFile.cs(21772,87): warning CS8604: Possible null reference argument for parameter 'str' in 'ushort Dat10Synth.ParseRegister(string str, AssembleResult result, Action<string> onError)'. [/home/ubuntu/PROGRAMA-BETA/src/FiveMTool.csproj]
/home/ubuntu/PROGRAMA-BETA/src/External/CodeWalker.Core/GameFiles/FileTypes/RelFile.cs(21779,54): warning CS8604: Possible null reference argument for parameter 'str' in 'ushort Dat10Synth.ParseBuffer(string str, AssembleResult result, Action<string> onError)'. [/home/ubuntu/PROGRAMA-BETA/src/FiveMTool.csproj]
/home/ubuntu/PROGRAMA-BETA/src/External/CodeWalker.Core/GameFiles/FileTypes/YndFile.cs(1197,44): warning CS8604: Possible null reference argument for parameter 'item' in 'void List<YndFile>.Add(YndFile item)'. [/home/ubuntu/PROGRAMA-BETA/src/FiveMTool.csproj]
/home/ubuntu/PROGRAMA-BETA/src/External/CodeWalker.Core/GameFiles/MetaTypes/MetaBuilder.cs(372,36): warning CS8625: Cannot convert null literal to non-nullable reference type. [/home/ubuntu/PROGRAMA-BETA/src/FiveMTool.csproj]
/home/ubuntu/PROGRAMA-BETA/src/External/CodeWalker.Core/GameFiles/MetaTypes/MetaBuilder.cs(387,31): warning CS8625: Cannot convert null literal to non-nullable reference type. [/home/ubuntu/PROGRAMA-BETA/src/FiveMTool.csproj]
/home/ubuntu/PROGRAMA-BETA/src/External/CodeWalker.Core/GameFiles/FileTypes/YnvFile.cs(761,24): warning CS8618: Non-nullable property 'Ynv' must contain a non-null value when exiting constructor. Consider declaring the property as nullable. [/home/ubuntu/PROGRAMA-BETA/src/FiveMTool.csproj]
/home/ubuntu/PROGRAMA-BETA/src/External/CodeWalker.Core/GameFiles/FileTypes/YnvFile.cs(812,25): warning CS8618: Non-nullable property 'Indices' must contain a non-null value when exiting constructor. Consider declaring the property as nullable. [/home/ubuntu/PROGRAMA-BETA/src/FiveMTool.csproj]
/home/ubuntu/PROGRAMA-BETA/src/External/CodeWalker.Core/GameFiles/FileTypes/YnvFile.cs(813,26): warning CS8618: Non-nullable property 'Vertices' must contain a non-null value when exiting constructor. Consider declaring the property as nullable. [/home/ubuntu/PROGRAMA-BETA/src/FiveMTool.csproj]
/home/ubuntu/PROGRAMA-BETA/src/External/CodeWalker.Core/GameFiles/FileTypes/YnvFile.cs(814,26): warning CS8618: Non-nullable property 'Edges' must contain a non-null value when exiting constructor. Consider declaring the property as nullable. [/home/ubuntu/PROGRAMA-BETA/src/FiveMTool.csproj]
/home/ubuntu/PROGRAMA-BETA/src/External/CodeWalker.Core/GameFiles/FileTypes/YnvFile.cs(815,25): warning CS8618: Non-nullable property 'PortalLinks' must contain a non-null value when exiting constructor. Consider declaring the property as nullable. [/home/ubuntu/PROGRAMA-BETA/src/FiveMTool.csproj]
/home/ubuntu/PROGRAMA-BETA/src/External/CodeWalker.Core/GameFiles/GameFileCache.cs(663,82): warning CS8600: Converting null literal or possible null value to non-nullable type. [/home/ubuntu/PROGRAMA-BETA/src/FiveMTool.csproj]
/home/ubuntu/PROGRAMA-BETA/src/External/CodeWalker.Core/GameFiles/GameFileCache.cs(674,88): warning CS8600: Converting null literal or possible null value to non-nullable type. [/home/ubuntu/PROGRAMA-BETA/src/FiveMTool.csproj]
/home/ubuntu/PROGRAMA-BETA/src/External/CodeWalker.Core/GameFiles/GameFileCache.cs(769,50): warning CS8600: Converting null literal or possible null value to non-nullable type. [/home/ubuntu/PROGRAMA-BETA/src/FiveMTool.csproj]
/home/ubuntu/PROGRAMA-BETA/src/External/CodeWalker.Core/GameFiles/GameFileCache.cs(779,49): warning CS8600: Converting null literal or possible null value to non-nullable type. [/home/ubuntu/PROGRAMA-BETA/src/FiveMTool.csproj]
/home/ubuntu/PROGRAMA-BETA/src/External/CodeWalker.Core/GameFiles/FileTypes/YndFile.cs(733,24): warning CS8618: Non-nullable property 'Ynd' must contain a non-null value when exiting constructor. Consider declaring the property as nullable. [/home/ubuntu/PROGRAMA-BETA/src/FiveMTool.csproj]
/home/ubuntu/PROGRAMA-BETA/src/External/CodeWalker.Core/GameFiles/FileTypes/YndFile.cs(738,26): warning CS8618: Non-nullable property 'Links' must contain a non-null value when exiting constructor. Consider declaring the property as nullable. [/home/ubuntu/PROGRAMA-BETA/src/FiveMTool.csproj]
/home/ubuntu/PROGRAMA-BETA/src/External/CodeWalker.Core/GameFiles/FileTypes/YndFile.cs(752,28): warning CS8618: Non-nullable property 'Junction' must contain a non-null value when exiting constructor. Consider declaring the property as nullable. [/home/ubuntu/PROGRAMA-BETA/src/FiveMTool.csproj]
/home/ubuntu/PROGRAMA-BETA/src/External/CodeWalker.Core/GameFiles/FileTypes/YnvFile.cs(643,34): warning CS8602: Dereference of a possibly null reference. [/home/ubuntu/PROGRAMA-BETA/src/FiveMTool.csproj]
/home/ubuntu/PROGRAMA-BETA/src/External/CodeWalker.Core/GameFiles/FileTypes/YnvFile.cs(657,33): warning CS8602: Dereference of a possibly null reference. [/home/ubuntu/PROGRAMA-BETA/src/FiveMTool.csproj]
/home/ubuntu/PROGRAMA-BETA/src/External/CodeWalker.Core/GameFiles/FileTypes/YnvFile.cs(663,29): warning CS8601: Possible null reference assignment. [/home/ubuntu/PROGRAMA-BETA/src/FiveMTool.csproj]
/home/ubuntu/PROGRAMA-BETA/src/External/CodeWalker.Core/GameFiles/FileTypes/YnvFile.cs(664,28): warning CS8601: Possible null reference assignment. [/home/ubuntu/PROGRAMA-BETA/src/FiveMTool.csproj]
/home/ubuntu/PROGRAMA-BETA/src/External/CodeWalker.Core/GameFiles/GameFileCache.cs(913,55): warning CS8600: Converting null literal or possible null value to non-nullable type. [/home/ubuntu/PROGRAMA-BETA/src/FiveMTool.csproj]
/home/ubuntu/PROGRAMA-BETA/src/External/CodeWalker.Core/GameFiles/GameFileCache.cs(939,70): warning CS8600: Converting null literal or possible null value to non-nullable type. [/home/ubuntu/PROGRAMA-BETA/src/FiveMTool.csproj]
/home/ubuntu/PROGRAMA-BETA/src/External/CodeWalker.Core/GameFiles/FileTypes/YmapFile.cs(957,43): warning CS8600: Converting null literal or possible null value to non-nullable type. [/home/ubuntu/PROGRAMA-BETA/src/FiveMTool.csproj]
/home/ubuntu/PROGRAMA-BETA/src/External/CodeWalker.Core/GameFiles/GameFileCache.cs(979,47): warning CS8600: Converting null literal or possible null value to non-nullable type. [/home/ubuntu/PROGRAMA-BETA/src/FiveMTool.csproj]
/home/ubuntu/PROGRAMA-BETA/src/External/CodeWalker.Core/GameFiles/GameFileCache.cs(982,60): warning CS8601: Possible null reference assignment. [/home/ubuntu/PROGRAMA-BETA/src/FiveMTool.csproj]
/home/ubuntu/PROGRAMA-BETA/src/External/CodeWalker.Core/GameFiles/GameFileCache.cs(986,60): warning CS8601: Possible null reference assignment. [/home/ubuntu/PROGRAMA-BETA/src/FiveMTool.csproj]
/home/ubuntu/PROGRAMA-BETA/src/External/CodeWalker.Core/GameFiles/GameFileCache.cs(990,60): warning CS8601: Possible null reference assignment. [/home/ubuntu/PROGRAMA-BETA/src/FiveMTool.csproj]
/home/ubuntu/PROGRAMA-BETA/src/External/CodeWalker.Core/GameFiles/GameFileCache.cs(994,60): warning CS8601: Possible null reference assignment. [/home/ubuntu/PROGRAMA-BETA/src/FiveMTool.csproj]
/home/ubuntu/PROGRAMA-BETA/src/External/CodeWalker.Core/GameFiles/GameFileCache.cs(998,60): warning CS8601: Possible null reference assignment. [/home/ubuntu/PROGRAMA-BETA/src/FiveMTool.csproj]
/home/ubuntu/PROGRAMA-BETA/src/External/CodeWalker.Core/GameFiles/GameFileCache.cs(1002,60): warning CS8601: Possible null reference assignment. [/home/ubuntu/PROGRAMA-BETA/src/FiveMTool.csproj]
/home/ubuntu/PROGRAMA-BETA/src/External/CodeWalker.Core/GameFiles/FileTypes/YmapFile.cs(1107,34): warning CS8601: Possible null reference assignment. [/home/ubuntu/PROGRAMA-BETA/src/FiveMTool.csproj]
/home/ubuntu/PROGRAMA-BETA/src/External/CodeWalker.Core/GameFiles/FileTypes/YmapFile.cs(1110,13): warning CS8602: Dereference of a possibly null reference. [/home/ubuntu/PROGRAMA-BETA/src/FiveMTool.csproj]
/home/ubuntu/PROGRAMA-BETA/src/External/CodeWalker.Core/GameFiles/GameFileCache.cs(1022,47): warning CS8600: Converting null literal or possible null value to non-nullable type. [/home/ubuntu/PROGRAMA-BETA/src/FiveMTool.csproj]
/home/ubuntu/PROGRAMA-BETA/src/External/CodeWalker.Core/GameFiles/GameFileCache.cs(1026,61): warning CS8601: Possible null reference assignment. [/home/ubuntu/PROGRAMA-BETA/src/FiveMTool.csproj]
/home/ubuntu/PROGRAMA-BETA/src/External/CodeWalker.Core/GameFiles/GameFileCache.cs(1031,60): warning CS8601: Possible null reference assignment. [/home/ubuntu/PROGRAMA-BETA/src/FiveMTool.csproj]
/home/ubuntu/PROGRAMA-BETA/src/External/CodeWalker.Core/GameFiles/GameFileCache.cs(1035,60): warning CS8601: Possible null reference assignment. [/home/ubuntu/PROGRAMA-BETA/src/FiveMTool.csproj]
/home/ubuntu/PROGRAMA-BETA/src/External/CodeWalker.Core/GameFiles/GameFileCache.cs(1049,47): warning CS8600: Converting null literal or possible null value to non-nullable type. [/home/ubuntu/PROGRAMA-BETA/src/FiveMTool.csproj]
/home/ubuntu/PROGRAMA-BETA/src/External/CodeWalker.Core/GameFiles/GameFileCache.cs(1052,65): warning CS8601: Possible null reference assignment. [/home/ubuntu/PROGRAMA-BETA/src/FiveMTool.csproj]
/home/ubuntu/PROGRAMA-BETA/src/External/CodeWalker.Core/GameFiles/FileTypes/YmapFile.cs(1149,13): warning CS8602: Dereference of a possibly null reference. [/home/ubuntu/PROGRAMA-BETA/src/FiveMTool.csproj]
/home/ubuntu/PROGRAMA-BETA/src/External/CodeWalker.Core/GameFiles/FileTypes/RelFile.cs(22626,33): warning CS8625: Cannot convert null literal to non-nullable reference type. [/home/ubuntu/PROGRAMA-BETA/src/FiveMTool.csproj]
/home/ubuntu/PROGRAMA-BETA/src/External/CodeWalker.Core/GameFiles/FileTypes/RelFile.cs(22626,39): warning CS8625: Cannot convert null literal to non-nullable reference type. [/home/ubuntu/PROGRAMA-BETA/src/FiveMTool.csproj]
/home/ubuntu/PROGRAMA-BETA/src/External/CodeWalker.Core/GameFiles/GameFileCache.cs(1248,38): warning CS8600: Converting null literal or possible null value to non-nullable type. [/home/ubuntu/PROGRAMA-BETA/src/FiveMTool.csproj]
/home/ubuntu/PROGRAMA-BETA/src/External/CodeWalker.Core/GameFiles/GameFileCache.cs(1238,28): warning CS8603: Possible null reference return. [/home/ubuntu/PROGRAMA-BETA/src/FiveMTool.csproj]
/home/ubuntu/PROGRAMA-BETA/src/External/CodeWalker.Core/GameFiles/GameFileCache.cs(1244,24): warning CS8603: Possible null reference return. [/home/ubuntu/PROGRAMA-BETA/src/FiveMTool.csproj]
/home/ubuntu/PROGRAMA-BETA/src/External/CodeWalker.Core/GameFiles/Resources/Particle.cs(2911,48): warning CS8600: Converting null literal or possible null value to non-nullable type. [/home/ubuntu/PROGRAMA-BETA/src/FiveMTool.csproj]
/home/ubuntu/PROGRAMA-BETA/src/External/CodeWalker.Core/GameFiles/Resources/Particle.cs(2736,64): warning CS8618: Non-nullable property 'Values' must contain a non-null value when exiting constructor. Consider declaring the property as nullable. [/home/ubuntu/PROGRAMA-BETA/src/FiveMTool.csproj]
/home/ubuntu/PROGRAMA-BETA/src/External/CodeWalker.Core/GameFiles/Resources/Particle.cs(2917,49): warning CS8618: Non-nullable field 'NameDict' must contain a non-null value when exiting constructor. Consider declaring the field as nullable. [/home/ubuntu/PROGRAMA-BETA/src/FiveMTool.csproj]
/home/ubuntu/PROGRAMA-BETA/src/External/CodeWalker.Core/GameFiles/Resources/Particle.cs(2600,98): warning CS8625: Cannot convert null literal to non-nullable reference type. [/home/ubuntu/PROGRAMA-BETA/src/FiveMTool.csproj]
/home/ubuntu/PROGRAMA-BETA/src/External/CodeWalker.Core/GameFiles/Resources/Particle.cs(2604,60): warning CS8604: Possible null reference argument for parameter 'node' in 'ParticleDomain ParticleDomain.ReadXmlNode(XmlNode node)'. [/home/ubuntu/PROGRAMA-BETA/src/FiveMTool.csproj]
/home/ubuntu/PROGRAMA-BETA/src/External/CodeWalker.Core/GameFiles/Resources/Particle.cs(2605,58): warning CS8604: Possible null reference argument for parameter 'node' in 'ParticleDomain ParticleDomain.ReadXmlNode(XmlNode node)'. [/home/ubuntu/PROGRAMA-BETA/src/FiveMTool.csproj]
/home/ubuntu/PROGRAMA-BETA/src/External/CodeWalker.Core/GameFiles/Resources/Particle.cs(2606,61): warning CS8604: Possible null reference argument for parameter 'node' in 'ParticleDomain ParticleDomain.ReadXmlNode(XmlNode node)'. [/home/ubuntu/PROGRAMA-BETA/src/FiveMTool.csproj]
/home/ubuntu/PROGRAMA-BETA/src/External/CodeWalker.Core/GameFiles/Resources/Particle.cs(2653,20): warning CS8603: Possible null reference return. [/home/ubuntu/PROGRAMA-BETA/src/FiveMTool.csproj]
/home/ubuntu/PROGRAMA-BETA/src/External/CodeWalker.Core/GameFiles/Resources/Particle.cs(2489,25): warning CS8618: Non-nullable property 'Name' must contain a non-null value when exiting constructor. Consider declaring the property as nullable. [/home/ubuntu/PROGRAMA-BETA/src/FiveMTool.csproj]
/home/ubuntu/PROGRAMA-BETA/src/External/CodeWalker.Core/GameFiles/Resources/Particle.cs(2491,31): warning CS8618: Non-nullable property 'CreationDomainObj' must contain a non-null value when exiting constructor. Consider declaring the property as nullable. [/home/ubuntu/PROGRAMA-BETA/src/FiveMTool.csproj]
/home/ubuntu/PROGRAMA-BETA/src/External/CodeWalker.Core/GameFiles/Resources/Particle.cs(2492,31): warning CS8618: Non-nullable property 'TargetDomainObj' must contain a non-null value when exiting constructor. Consider declaring the property as nullable. [/home/ubuntu/PROGRAMA-BETA/src/FiveMTool.csproj]
/home/ubuntu/PROGRAMA-BETA/src/External/CodeWalker.Core/GameFiles/Resources/Particle.cs(2493,31): warning CS8618: Non-nullable property 'AttractorDomainObj' must contain a non-null value when exiting constructor. Consider declaring the property as nullable. [/home/ubuntu/PROGRAMA-BETA/src/FiveMTool.csproj]
/home/ubuntu/PROGRAMA-BETA/src/External/CodeWalker.Core/GameFiles/Resources/Particle.cs(2494,61): warning CS8618: Non-nullable property 'KeyframePropList' must contain a non-null value when exiting constructor. Consider declaring the property as nullable. [/home/ubuntu/PROGRAMA-BETA/src/FiveMTool.csproj]
/home/ubuntu/PROGRAMA-BETA/src/External/CodeWalker.Core/GameFiles/MetaTypes/MetaTypes.cs(1240,28): warning CS8603: Possible null reference return. [/home/ubuntu/PROGRAMA-BETA/src/FiveMTool.csproj]
/home/ubuntu/PROGRAMA-BETA/src/External/CodeWalker.Core/GameFiles/Resources/Particle.cs(2386,64): warning CS8618: Non-nullable property 'Keyframe' must contain a non-null value when exiting constructor. Consider declaring the property as nullable. [/home/ubuntu/PROGRAMA-BETA/src/FiveMTool.csproj]
/home/ubuntu/PROGRAMA-BETA/src/External/CodeWalker.Core/GameFiles/FileTypes/RelFile.cs(22596,33): warning CS8625: Cannot convert null literal to non-nullable reference type. [/home/ubuntu/PROGRAMA-BETA/src/FiveMTool.csproj]
/home/ubuntu/PROGRAMA-BETA/src/External/CodeWalker.Core/GameFiles/FileTypes/RelFile.cs(22596,39): warning CS8625: Cannot convert null literal to non-nullable reference type. [/home/ubuntu/PROGRAMA-BETA/src/FiveMTool.csproj]
/home/ubuntu/PROGRAMA-BETA/src/External/CodeWalker.Core/GameFiles/Resources/Particle.cs(2331,63): warning CS8618: Non-nullable property 'EvolvedKeyframes' must contain a non-null value when exiting constructor. Consider declaring the property as nullable. [/home/ubuntu/PROGRAMA-BETA/src/FiveMTool.csproj]
/home/ubuntu/PROGRAMA-BETA/src/External/CodeWalker.Core/GameFiles/FileTypes/RelFile.cs(22601,85): warning CS8629: Nullable value type may be null. [/home/ubuntu/PROGRAMA-BETA/src/FiveMTool.csproj]
/home/ubuntu/PROGRAMA-BETA/src/External/CodeWalker.Core/GameFiles/GameFileCache.cs(1456,54): warning CS8602: Dereference of a possibly null reference. [/home/ubuntu/PROGRAMA-BETA/src/FiveMTool.csproj]
/home/ubuntu/PROGRAMA-BETA/src/External/CodeWalker.Core/GameFiles/Resources/Particle.cs(2294,45): warning CS8618: Non-nullable property 'Item' must contain a non-null value when exiting constructor. Consider declaring the property as nullable. [/home/ubuntu/PROGRAMA-BETA/src/FiveMTool.csproj]
/home/ubuntu/PROGRAMA-BETA/src/External/CodeWalker.Core/GameFiles/Resources/Particle.cs(2279,20): warning CS8603: Possible null reference return. [/home/ubuntu/PROGRAMA-BETA/src/FiveMTool.csproj]
/home/ubuntu/PROGRAMA-BETA/src/External/CodeWalker.Core/GameFiles/Resources/Particle.cs(2247,25): warning CS8618: Non-nullable property 'Name' must contain a non-null value when exiting constructor. Consider declaring the property as nullable. [/home/ubuntu/PROGRAMA-BETA/src/FiveMTool.csproj]
/home/ubuntu/PROGRAMA-BETA/src/External/CodeWalker.Core/GameFiles/MetaTypes/MetaTypes.cs(1412,28): warning CS8603: Possible null reference return. [/home/ubuntu/PROGRAMA-BETA/src/FiveMTool.csproj]
/home/ubuntu/PROGRAMA-BETA/src/External/CodeWalker.Core/GameFiles/MetaTypes/MetaTypes.cs(1451,39): warning CS8603: Possible null reference return. [/home/ubuntu/PROGRAMA-BETA/src/FiveMTool.csproj]
/home/ubuntu/PROGRAMA-BETA/src/External/CodeWalker.Core/GameFiles/FileTypes/YmapFile.cs(1652,97): warning CS8600: Converting null literal or possible null value to non-nullable type. [/home/ubuntu/PROGRAMA-BETA/src/FiveMTool.csproj]
/home/ubuntu/PROGRAMA-BETA/src/External/CodeWalker.Core/GameFiles/Resources/Particle.cs(2192,43): warning CS8602: Dereference of a possibly null reference. [/home/ubuntu/PROGRAMA-BETA/src/FiveMTool.csproj]
/home/ubuntu/PROGRAMA-BETA/src/External/CodeWalker.Core/GameFiles/Resources/Particle.cs(2232,20): warning CS8603: Possible null reference return. [/home/ubuntu/PROGRAMA-BETA/src/FiveMTool.csproj]
/home/ubuntu/PROGRAMA-BETA/src/External/CodeWalker.Core/GameFiles/Resources/Particle.cs(2137,57): warning CS8618: Non-nullable property 'Evolutions' must contain a non-null value when exiting constructor. Consider declaring the property as nullable. [/home/ubuntu/PROGRAMA-BETA/src/FiveMTool.csproj]
/home/ubuntu/PROGRAMA-BETA/src/External/CodeWalker.Core/GameFiles/Resources/Particle.cs(2138,67): warning CS8618: Non-nullable property 'EvolvedKeyframeProps' must contain a non-null value when exiting constructor. Consider declaring the property as nullable. [/home/ubuntu/PROGRAMA-BETA/src/FiveMTool.csproj]
/home/ubuntu/PROGRAMA-BETA/src/External/CodeWalker.Core/GameFiles/Resources/Particle.cs(2140,69): warning CS8618: Non-nullable property 'EvolvedKeyframePropMap' must contain a non-null value when exiting constructor. Consider declaring the property as nullable. [/home/ubuntu/PROGRAMA-BETA/src/FiveMTool.csproj]
/home/ubuntu/PROGRAMA-BETA/src/External/CodeWalker.Core/GameFiles/MetaTypes/MetaTypes.cs(1516,36): warning CS8603: Possible null reference return. [/home/ubuntu/PROGRAMA-BETA/src/FiveMTool.csproj]
/home/ubuntu/PROGRAMA-BETA/src/External/CodeWalker.Core/GameFiles/MetaTypes/MetaTypes.cs(1518,38): warning CS8603: Possible null reference return. [/home/ubuntu/PROGRAMA-BETA/src/FiveMTool.csproj]
/home/ubuntu/PROGRAMA-BETA/src/External/CodeWalker.Core/GameFiles/MetaTypes/MetaTypes.cs(1520,22): warning CS8603: Possible null reference return. [/home/ubuntu/PROGRAMA-BETA/src/FiveMTool.csproj]
/home/ubuntu/PROGRAMA-BETA/src/External/CodeWalker.Core/GameFiles/MetaTypes/MetaTypes.cs(1540,26): warning CS8603: Possible null reference return. [/home/ubuntu/PROGRAMA-BETA/src/FiveMTool.csproj]
/home/ubuntu/PROGRAMA-BETA/src/External/CodeWalker.Core/GameFiles/MetaTypes/MetaTypes.cs(1554,36): warning CS8603: Possible null reference return. [/home/ubuntu/PROGRAMA-BETA/src/FiveMTool.csproj]
/home/ubuntu/PROGRAMA-BETA/src/External/CodeWalker.Core/GameFiles/MetaTypes/MetaTypes.cs(1564,22): warning CS8603: Possible null reference return. [/home/ubuntu/PROGRAMA-BETA/src/FiveMTool.csproj]
/home/ubuntu/PROGRAMA-BETA/src/External/CodeWalker.Core/GameFiles/MetaTypes/MetaTypes.cs(1595,20): warning CS8603: Possible null reference return. [/home/ubuntu/PROGRAMA-BETA/src/FiveMTool.csproj]
/home/ubuntu/PROGRAMA-BETA/src/External/CodeWalker.Core/GameFiles/MetaTypes/MetaTypes.cs(1687,36): warning CS8603: Possible null reference return. [/home/ubuntu/PROGRAMA-BETA/src/FiveMTool.csproj]
/home/ubuntu/PROGRAMA-BETA/src/External/CodeWalker.Core/GameFiles/MetaTypes/MetaTypes.cs(1694,22): warning CS8603: Possible null reference return. [/home/ubuntu/PROGRAMA-BETA/src/FiveMTool.csproj]
/home/ubuntu/PROGRAMA-BETA/src/External/CodeWalker.Core/GameFiles/MetaTypes/MetaTypes.cs(1737,22): warning CS8603: Possible null reference return. [/home/ubuntu/PROGRAMA-BETA/src/FiveMTool.csproj]
/home/ubuntu/PROGRAMA-BETA/src/External/CodeWalker.Core/GameFiles/MetaTypes/MetaTypes.cs(1740,22): warning CS8603: Possible null reference return. [/home/ubuntu/PROGRAMA-BETA/src/FiveMTool.csproj]
/home/ubuntu/PROGRAMA-BETA/src/External/CodeWalker.Core/GameFiles/MetaTypes/MetaTypes.cs(1752,22): warning CS8603: Possible null reference return. [/home/ubuntu/PROGRAMA-BETA/src/FiveMTool.csproj]
/home/ubuntu/PROGRAMA-BETA/src/External/CodeWalker.Core/GameFiles/MetaTypes/MetaTypes.cs(1755,22): warning CS8603: Possible null reference return. [/home/ubuntu/PROGRAMA-BETA/src/FiveMTool.csproj]
/home/ubuntu/PROGRAMA-BETA/src/External/CodeWalker.Core/GameFiles/GameFileCache.cs(1643,59): warning CS8600: Converting null literal or possible null value to non-nullable type. [/home/ubuntu/PROGRAMA-BETA/src/FiveMTool.csproj]
/home/ubuntu/PROGRAMA-BETA/src/External/CodeWalker.Core/GameFiles/GameFileCache.cs(1633,49): warning CS8600: Converting null literal or possible null value to non-nullable type. [/home/ubuntu/PROGRAMA-BETA/src/FiveMTool.csproj]
/home/ubuntu/PROGRAMA-BETA/src/External/CodeWalker.Core/GameFiles/MetaTypes/MetaTypes.cs(1768,37): warning CS8603: Possible null reference return. [/home/ubuntu/PROGRAMA-BETA/src/FiveMTool.csproj]
/home/ubuntu/PROGRAMA-BETA/src/External/CodeWalker.Core/GameFiles/MetaTypes/MetaTypes.cs(1770,44): warning CS8603: Possible null reference return. [/home/ubuntu/PROGRAMA-BETA/src/FiveMTool.csproj]
/home/ubuntu/PROGRAMA-BETA/src/External/CodeWalker.Core/GameFiles/MetaTypes/MetaTypes.cs(1789,41): warning CS8603: Possible null reference return. [/home/ubuntu/PROGRAMA-BETA/src/FiveMTool.csproj]
/home/ubuntu/PROGRAMA-BETA/src/External/CodeWalker.Core/GameFiles/MetaTypes/MetaTypes.cs(1807,69): warning CS8603: Possible null reference return. [/home/ubuntu/PROGRAMA-BETA/src/FiveMTool.csproj]
/home/ubuntu/PROGRAMA-BETA/src/External/CodeWalker.Core/GameFiles/MetaTypes/MetaTypes.cs(1811,40): warning CS8600: Converting null literal or possible null value to non-nullable type. [/home/ubuntu/PROGRAMA-BETA/src/FiveMTool.csproj]
/home/ubuntu/PROGRAMA-BETA/src/External/CodeWalker.Core/GameFiles/MetaTypes/MetaTypes.cs(1825,24): warning CS8603: Possible null reference return. [/home/ubuntu/PROGRAMA-BETA/src/FiveMTool.csproj]
/home/ubuntu/PROGRAMA-BETA/src/External/CodeWalker.Core/GameFiles/MetaTypes/MetaTypes.cs(1874,24): warning CS8603: Possible null reference return. [/home/ubuntu/PROGRAMA-BETA/src/FiveMTool.csproj]
/home/ubuntu/PROGRAMA-BETA/src/External/CodeWalker.Core/GameFiles/MetaTypes/MetaTypes.cs(1883,22): warning CS8603: Possible null reference return. [/home/ubuntu/PROGRAMA-BETA/src/FiveMTool.csproj]
/home/ubuntu/PROGRAMA-BETA/src/External/CodeWalker.Core/GameFiles/MetaTypes/MetaTypes.cs(1886,22): warning CS8603: Possible null reference return. [/home/ubuntu/PROGRAMA-BETA/src/FiveMTool.csproj]
/home/ubuntu/PROGRAMA-BETA/src/External/CodeWalker.Core/GameFiles/MetaTypes/MetaTypes.cs(1891,22): warning CS8603: Possible null reference return. [/home/ubuntu/PROGRAMA-BETA/src/FiveMTool.csproj]
/home/ubuntu/PROGRAMA-BETA/src/External/CodeWalker.Core/GameFiles/GameFileCache.cs(1807,47): warning CS8600: Converting null literal or possible null value to non-nullable type. [/home/ubuntu/PROGRAMA-BETA/src/FiveMTool.csproj]
/home/ubuntu/PROGRAMA-BETA/src/External/CodeWalker.Core/GameFiles/GameFileCache.cs(1810,61): warning CS8601: Possible null reference assignment. [/home/ubuntu/PROGRAMA-BETA/src/FiveMTool.csproj]
/home/ubuntu/PROGRAMA-BETA/src/External/CodeWalker.Core/GameFiles/MetaTypes/MetaTypes.cs(1904,41): warning CS8603: Possible null reference return. [/home/ubuntu/PROGRAMA-BETA/src/FiveMTool.csproj]
/home/ubuntu/PROGRAMA-BETA/src/External/CodeWalker.Core/GameFiles/MetaTypes/MetaTypes.cs(1912,39): warning CS8600: Converting null literal or possible null value to non-nullable type. [/home/ubuntu/PROGRAMA-BETA/src/FiveMTool.csproj]
/home/ubuntu/PROGRAMA-BETA/src/External/CodeWalker.Core/GameFiles/MetaTypes/MetaTypes.cs(1978,37): warning CS8601: Possible null reference assignment. [/home/ubuntu/PROGRAMA-BETA/src/FiveMTool.csproj]
/home/ubuntu/PROGRAMA-BETA/src/External/CodeWalker.Core/GameFiles/GameFileCache.cs(2028,35): warning CS8602: Dereference of a possibly null reference. [/home/ubuntu/PROGRAMA-BETA/src/FiveMTool.csproj]
/home/ubuntu/PROGRAMA-BETA/src/External/CodeWalker.Core/GameFiles/GameFileCache.cs(2034,31): warning CS8600: Converting null literal or possible null value to non-nullable type. [/home/ubuntu/PROGRAMA-BETA/src/FiveMTool.csproj]
/home/ubuntu/PROGRAMA-BETA/src/External/CodeWalker.Core/GameFiles/GameFileCache.cs(2037,47): warning CS8602: Dereference of a possibly null reference. [/home/ubuntu/PROGRAMA-BETA/src/FiveMTool.csproj]
/home/ubuntu/PROGRAMA-BETA/src/External/CodeWalker.Core/GameFiles/GameFileCache.cs(2037,59): warning CS8600: Converting null literal or possible null value to non-nullable type. [/home/ubuntu/PROGRAMA-BETA/src/FiveMTool.csproj]
/home/ubuntu/PROGRAMA-BETA/src/External/CodeWalker.Core/GameFiles/Resources/Particle.cs(2094,138): warning CS8625: Cannot convert null literal to non-nullable reference type. [/home/ubuntu/PROGRAMA-BETA/src/FiveMTool.csproj]
/home/ubuntu/PROGRAMA-BETA/src/External/CodeWalker.Core/GameFiles/Resources/Particle.cs(2095,142): warning CS8625: Cannot convert null literal to non-nullable reference type. [/home/ubuntu/PROGRAMA-BETA/src/FiveMTool.csproj]
/home/ubuntu/PROGRAMA-BETA/src/External/CodeWalker.Core/GameFiles/GameFileCache.cs(2064,43): warning CS8603: Possible null reference return. [/home/ubuntu/PROGRAMA-BETA/src/FiveMTool.csproj]
/home/ubuntu/PROGRAMA-BETA/src/External/CodeWalker.Core/GameFiles/GameFileCache.cs(2065,30): warning CS8600: Converting null literal or possible null value to non-nullable type. [/home/ubuntu/PROGRAMA-BETA/src/FiveMTool.csproj]
/home/ubuntu/PROGRAMA-BETA/src/External/CodeWalker.Core/GameFiles/GameFileCache.cs(2066,53): warning CS8600: Converting null literal or possible null value to non-nullable type. [/home/ubuntu/PROGRAMA-BETA/src/FiveMTool.csproj]
/home/ubuntu/PROGRAMA-BETA/src/External/CodeWalker.Core/GameFiles/GameFileCache.cs(2068,49): warning CS8600: Converting null literal or possible null value to non-nullable type. [/home/ubuntu/PROGRAMA-BETA/src/FiveMTool.csproj]
/home/ubuntu/PROGRAMA-BETA/src/External/CodeWalker.Core/GameFiles/GameFileCache.cs(2069,20): warning CS8603: Possible null reference return. [/home/ubuntu/PROGRAMA-BETA/src/FiveMTool.csproj]
/home/ubuntu/PROGRAMA-BETA/src/External/CodeWalker.Core/GameFiles/GameFileCache.cs(2073,35): warning CS8603: Possible null reference return. [/home/ubuntu/PROGRAMA-BETA/src/FiveMTool.csproj]
/home/ubuntu/PROGRAMA-BETA/src/External/CodeWalker.Core/GameFiles/GameFileCache.cs(2074,37): warning CS8600: Converting null literal or possible null value to non-nullable type. [/home/ubuntu/PROGRAMA-BETA/src/FiveMTool.csproj]
/home/ubuntu/PROGRAMA-BETA/src/External/CodeWalker.Core/GameFiles/GameFileCache.cs(2075,53): warning CS8600: Converting null literal or possible null value to non-nullable type. [/home/ubuntu/PROGRAMA-BETA/src/FiveMTool.csproj]
/home/ubuntu/PROGRAMA-BETA/src/External/CodeWalker.Core/GameFiles/GameFileCache.cs(2076,20): warning CS8603: Possible null reference return. [/home/ubuntu/PROGRAMA-BETA/src/FiveMTool.csproj]
/home/ubuntu/PROGRAMA-BETA/src/External/CodeWalker.Core/GameFiles/Resources/Particle.cs(2126,20): warning CS8603: Possible null reference return. [/home/ubuntu/PROGRAMA-BETA/src/FiveMTool.csproj]
/home/ubuntu/PROGRAMA-BETA/src/External/CodeWalker.Core/GameFiles/Resources/Particle.cs(1993,38): warning CS8618: Non-nullable property 'EvolutionList' must contain a non-null value when exiting constructor. Consider declaring the property as nullable. [/home/ubuntu/PROGRAMA-BETA/src/FiveMTool.csproj]
/home/ubuntu/PROGRAMA-BETA/src/External/CodeWalker.Core/GameFiles/Resources/Particle.cs(1994,25): warning CS8618: Non-nullable property 'EmitterRuleName' must contain a non-null value when exiting constructor. Consider declaring the property as nullable. [/home/ubuntu/PROGRAMA-BETA/src/FiveMTool.csproj]
/home/ubuntu/PROGRAMA-BETA/src/External/CodeWalker.Core/GameFiles/Resources/Particle.cs(1995,25): warning CS8618: Non-nullable property 'ParticleRuleName' must contain a non-null value when exiting constructor. Consider declaring the property as nullable. [/home/ubuntu/PROGRAMA-BETA/src/FiveMTool.csproj]
/home/ubuntu/PROGRAMA-BETA/src/External/CodeWalker.Core/GameFiles/Resources/Particle.cs(1996,36): warning CS8618: Non-nullable property 'EmitterRule' must contain a non-null value when exiting constructor. Consider declaring the property as nullable. [/home/ubuntu/PROGRAMA-BETA/src/FiveMTool.csproj]
/home/ubuntu/PROGRAMA-BETA/src/External/CodeWalker.Core/GameFiles/Resources/Particle.cs(1997,29): warning CS8618: Non-nullable property 'ParticleRule' must contain a non-null value when exiting constructor. Consider declaring the property as nullable. [/home/ubuntu/PROGRAMA-BETA/src/FiveMTool.csproj]
/home/ubuntu/PROGRAMA-BETA/src/External/CodeWalker.Core/GameFiles/GameFileCache.cs(2081,35): warning CS8603: Possible null reference return. [/home/ubuntu/PROGRAMA-BETA/src/FiveMTool.csproj]
/home/ubuntu/PROGRAMA-BETA/src/External/CodeWalker.Core/GameFiles/GameFileCache.cs(2085,55): warning CS8600: Converting null literal or possible null value to non-nullable type. [/home/ubuntu/PROGRAMA-BETA/src/FiveMTool.csproj]
/home/ubuntu/PROGRAMA-BETA/src/External/CodeWalker.Core/GameFiles/GameFileCache.cs(2087,28): warning CS8603: Possible null reference return. [/home/ubuntu/PROGRAMA-BETA/src/FiveMTool.csproj]
/home/ubuntu/PROGRAMA-BETA/src/External/CodeWalker.Core/GameFiles/GameFileCache.cs(2089,31): warning CS8600: Converting null literal or possible null value to non-nullable type. [/home/ubuntu/PROGRAMA-BETA/src/FiveMTool.csproj]
/home/ubuntu/PROGRAMA-BETA/src/External/CodeWalker.Core/GameFiles/GameFileCache.cs(2115,24): warning CS8603: Possible null reference return. [/home/ubuntu/PROGRAMA-BETA/src/FiveMTool.csproj]
/home/ubuntu/PROGRAMA-BETA/src/External/CodeWalker.Core/GameFiles/GameFileCache.cs(2120,35): warning CS8603: Possible null reference return. [/home/ubuntu/PROGRAMA-BETA/src/FiveMTool.csproj]
/home/ubuntu/PROGRAMA-BETA/src/External/CodeWalker.Core/GameFiles/GameFileCache.cs(2124,55): warning CS8600: Converting null literal or possible null value to non-nullable type. [/home/ubuntu/PROGRAMA-BETA/src/FiveMTool.csproj]
/home/ubuntu/PROGRAMA-BETA/src/External/CodeWalker.Core/GameFiles/GameFileCache.cs(2126,28): warning CS8603: Possible null reference return. [/home/ubuntu/PROGRAMA-BETA/src/FiveMTool.csproj]
/home/ubuntu/PROGRAMA-BETA/src/External/CodeWalker.Core/GameFiles/GameFileCache.cs(2128,31): warning CS8600: Converting null literal or possible null value to non-nullable type. [/home/ubuntu/PROGRAMA-BETA/src/FiveMTool.csproj]
/home/ubuntu/PROGRAMA-BETA/src/External/CodeWalker.Core/GameFiles/GameFileCache.cs(2154,24): warning CS8603: Possible null reference return. [/home/ubuntu/PROGRAMA-BETA/src/FiveMTool.csproj]
/home/ubuntu/PROGRAMA-BETA/src/External/CodeWalker.Core/GameFiles/GameFileCache.cs(2159,35): warning CS8603: Possible null reference return. [/home/ubuntu/PROGRAMA-BETA/src/FiveMTool.csproj]
/home/ubuntu/PROGRAMA-BETA/src/External/CodeWalker.Core/GameFiles/GameFileCache.cs(2163,55): warning CS8600: Converting null literal or possible null value to non-nullable type. [/home/ubuntu/PROGRAMA-BETA/src/FiveMTool.csproj]
/home/ubuntu/PROGRAMA-BETA/src/External/CodeWalker.Core/GameFiles/GameFileCache.cs(2165,28): warning CS8603: Possible null reference return. [/home/ubuntu/PROGRAMA-BETA/src/FiveMTool.csproj]
/home/ubuntu/PROGRAMA-BETA/src/External/CodeWalker.Core/GameFiles/GameFileCache.cs(2167,31): warning CS8600: Converting null literal or possible null value to non-nullable type. [/home/ubuntu/PROGRAMA-BETA/src/FiveMTool.csproj]
/home/ubuntu/PROGRAMA-BETA/src/External/CodeWalker.Core/GameFiles/GameFileCache.cs(2193,24): warning CS8603: Possible null reference return. [/home/ubuntu/PROGRAMA-BETA/src/FiveMTool.csproj]
/home/ubuntu/PROGRAMA-BETA/src/External/CodeWalker.Core/GameFiles/Resources/Particle.cs(1855,98): warning CS8625: Cannot convert null literal to non-nullable reference type. [/home/ubuntu/PROGRAMA-BETA/src/FiveMTool.csproj]
/home/ubuntu/PROGRAMA-BETA/src/External/CodeWalker.Core/GameFiles/Resources/Particle.cs(1898,64): warning CS8625: Cannot convert null literal to non-nullable reference type. [/home/ubuntu/PROGRAMA-BETA/src/FiveMTool.csproj]
/home/ubuntu/PROGRAMA-BETA/src/External/CodeWalker.Core/GameFiles/Resources/Particle.cs(1903,21): warning CS8602: Dereference of a possibly null reference. [/home/ubuntu/PROGRAMA-BETA/src/FiveMTool.csproj]
/home/ubuntu/PROGRAMA-BETA/src/External/CodeWalker.Core/GameFiles/Resources/Particle.cs(1916,64): warning CS8625: Cannot convert null literal to non-nullable reference type. [/home/ubuntu/PROGRAMA-BETA/src/FiveMTool.csproj]
/home/ubuntu/PROGRAMA-BETA/src/External/CodeWalker.Core/GameFiles/GameFileCache.cs(2198,35): warning CS8603: Possible null reference return. [/home/ubuntu/PROGRAMA-BETA/src/FiveMTool.csproj]
/home/ubuntu/PROGRAMA-BETA/src/External/CodeWalker.Core/GameFiles/GameFileCache.cs(2202,33): warning CS8600: Converting null literal or possible null value to non-nullable type. [/home/ubuntu/PROGRAMA-BETA/src/FiveMTool.csproj]
/home/ubuntu/PROGRAMA-BETA/src/External/CodeWalker.Core/GameFiles/GameFileCache.cs(2228,24): warning CS8603: Possible null reference return. [/home/ubuntu/PROGRAMA-BETA/src/FiveMTool.csproj]
/home/ubuntu/PROGRAMA-BETA/src/External/CodeWalker.Core/GameFiles/Resources/Particle.cs(1505,98): warning CS8625: Cannot convert null literal to non-nullable reference type. [/home/ubuntu/PROGRAMA-BETA/src/FiveMTool.csproj]
/home/ubuntu/PROGRAMA-BETA/src/External/CodeWalker.Core/GameFiles/GameFileCache.cs(2233,35): warning CS8603: Possible null reference return. [/home/ubuntu/PROGRAMA-BETA/src/FiveMTool.csproj]
/home/ubuntu/PROGRAMA-BETA/src/External/CodeWalker.Core/GameFiles/GameFileCache.cs(2237,31): warning CS8600: Converting null literal or possible null value to non-nullable type. [/home/ubuntu/PROGRAMA-BETA/src/FiveMTool.csproj]
/home/ubuntu/PROGRAMA-BETA/src/External/CodeWalker.Core/GameFiles/GameFileCache.cs(2238,55): warning CS8600: Converting null literal or possible null value to non-nullable type. [/home/ubuntu/PROGRAMA-BETA/src/FiveMTool.csproj]
/home/ubuntu/PROGRAMA-BETA/src/External/CodeWalker.Core/GameFiles/GameFileCache.cs(2240,28): warning CS8603: Possible null reference return. [/home/ubuntu/PROGRAMA-BETA/src/FiveMTool.csproj]
/home/ubuntu/PROGRAMA-BETA/src/External/CodeWalker.Core/GameFiles/GameFileCache.cs(2267,24): warning CS8603: Possible null reference return. [/home/ubuntu/PROGRAMA-BETA/src/FiveMTool.csproj]
/home/ubuntu/PROGRAMA-BETA/src/External/CodeWalker.Core/GameFiles/Resources/Particle.cs(1959,20): warning CS8603: Possible null reference return. [/home/ubuntu/PROGRAMA-BETA/src/FiveMTool.csproj]
/home/ubuntu/PROGRAMA-BETA/src/External/CodeWalker.Core/GameFiles/Resources/Particle.cs(1600,37): warning CS8618: Non-nullable property 'ColourTintMinKFP' must contain a non-null value when exiting constructor. Consider declaring the property as nullable. [/home/ubuntu/PROGRAMA-BETA/src/FiveMTool.csproj]
/home/ubuntu/PROGRAMA-BETA/src/External/CodeWalker.Core/GameFiles/Resources/Particle.cs(1601,37): warning CS8618: Non-nullable property 'ColourTintMaxKFP' must contain a non-null value when exiting constructor. Consider declaring the property as nullable. [/home/ubuntu/PROGRAMA-BETA/src/FiveMTool.csproj]
/home/ubuntu/PROGRAMA-BETA/src/External/CodeWalker.Core/GameFiles/Resources/Particle.cs(1602,37): warning CS8618: Non-nullable property 'ZoomScalarKFP' must contain a non-null value when exiting constructor. Consider declaring the property as nullable. [/home/ubuntu/PROGRAMA-BETA/src/FiveMTool.csproj]
/home/ubuntu/PROGRAMA-BETA/src/External/CodeWalker.Core/GameFiles/Resources/Particle.cs(1603,37): warning CS8618: Non-nullable property 'DataSphereKFP' must contain a non-null value when exiting constructor. Consider declaring the property as nullable. [/home/ubuntu/PROGRAMA-BETA/src/FiveMTool.csproj]
/home/ubuntu/PROGRAMA-BETA/src/External/CodeWalker.Core/GameFiles/Resources/Particle.cs(1604,37): warning CS8618: Non-nullable property 'DataCapsuleKFP' must contain a non-null value when exiting constructor. Consider declaring the property as nullable. [/home/ubuntu/PROGRAMA-BETA/src/FiveMTool.csproj]
/home/ubuntu/PROGRAMA-BETA/src/External/CodeWalker.Core/GameFiles/Resources/Particle.cs(1620,25): warning CS8618: Non-nullable property 'Name' must contain a non-null value when exiting constructor. Consider declaring the property as nullable. [/home/ubuntu/PROGRAMA-BETA/src/FiveMTool.csproj]
/home/ubuntu/PROGRAMA-BETA/src/External/CodeWalker.Core/GameFiles/Resources/Particle.cs(1622,61): warning CS8618: Non-nullable property 'EventEmitters' must contain a non-null value when exiting constructor. Consider declaring the property as nullable. [/home/ubuntu/PROGRAMA-BETA/src/FiveMTool.csproj]
/home/ubuntu/PROGRAMA-BETA/src/External/CodeWalker.Core/GameFiles/Resources/Particle.cs(1623,38): warning CS8618: Non-nullable property 'EvolutionList' must contain a non-null value when exiting constructor. Consider declaring the property as nullable. [/home/ubuntu/PROGRAMA-BETA/src/FiveMTool.csproj]
/home/ubuntu/PROGRAMA-BETA/src/External/CodeWalker.Core/GameFiles/Resources/Particle.cs(1624,61): warning CS8618: Non-nullable property 'KeyframeProps' must contain a non-null value when exiting constructor. Consider declaring the property as nullable. [/home/ubuntu/PROGRAMA-BETA/src/FiveMTool.csproj]
/home/ubuntu/PROGRAMA-BETA/src/External/CodeWalker.Core/GameFiles/GameFileCache.cs(2272,35): warning CS8603: Possible null reference return. [/home/ubuntu/PROGRAMA-BETA/src/FiveMTool.csproj]
/home/ubuntu/PROGRAMA-BETA/src/External/CodeWalker.Core/GameFiles/GameFileCache.cs(2276,31): warning CS8600: Converting null literal or possible null value to non-nullable type. [/home/ubuntu/PROGRAMA-BETA/src/FiveMTool.csproj]
/home/ubuntu/PROGRAMA-BETA/src/External/CodeWalker.Core/GameFiles/GameFileCache.cs(2302,24): warning CS8603: Possible null reference return. [/home/ubuntu/PROGRAMA-BETA/src/FiveMTool.csproj]
/home/ubuntu/PROGRAMA-BETA/src/External/CodeWalker.Core/GameFiles/Resources/Particle.cs(1525,20): warning CS8603: Possible null reference return. [/home/ubuntu/PROGRAMA-BETA/src/FiveMTool.csproj]
/home/ubuntu/PROGRAMA-BETA/src/External/CodeWalker.Core/GameFiles/Resources/Particle.cs(1450,25): warning CS8618: Non-nullable property 'Name' must contain a non-null value when exiting constructor. Consider declaring the property as nullable. [/home/ubuntu/PROGRAMA-BETA/src/FiveMTool.csproj]
/home/ubuntu/PROGRAMA-BETA/src/External/CodeWalker.Core/GameFiles/Resources/Particle.cs(1451,29): warning CS8618: Non-nullable property 'Drawable' must contain a non-null value when exiting constructor. Consider declaring the property as nullable. [/home/ubuntu/PROGRAMA-BETA/src/FiveMTool.csproj]
/home/ubuntu/PROGRAMA-BETA/src/External/CodeWalker.Core/GameFiles/GameFileCache.cs(2307,35): warning CS8603: Possible null reference return. [/home/ubuntu/PROGRAMA-BETA/src/FiveMTool.csproj]
/home/ubuntu/PROGRAMA-BETA/src/External/CodeWalker.Core/GameFiles/GameFileCache.cs(2311,31): warning CS8600: Converting null literal or possible null value to non-nullable type. [/home/ubuntu/PROGRAMA-BETA/src/FiveMTool.csproj]
/home/ubuntu/PROGRAMA-BETA/src/External/CodeWalker.Core/GameFiles/GameFileCache.cs(2337,24): warning CS8603: Possible null reference return. [/home/ubuntu/PROGRAMA-BETA/src/FiveMTool.csproj]
/home/ubuntu/PROGRAMA-BETA/src/External/CodeWalker.Core/GameFiles/GameFileCache.cs(2342,35): warning CS8603: Possible null reference return. [/home/ubuntu/PROGRAMA-BETA/src/FiveMTool.csproj]
/home/ubuntu/PROGRAMA-BETA/src/External/CodeWalker.Core/GameFiles/GameFileCache.cs(2346,31): warning CS8600: Converting null literal or possible null value to non-nullable type. [/home/ubuntu/PROGRAMA-BETA/src/FiveMTool.csproj]
/home/ubuntu/PROGRAMA-BETA/src/External/CodeWalker.Core/GameFiles/GameFileCache.cs(2372,24): warning CS8603: Possible null reference return. [/home/ubuntu/PROGRAMA-BETA/src/FiveMTool.csproj]
/home/ubuntu/PROGRAMA-BETA/src/External/CodeWalker.Core/GameFiles/Resources/Particle.cs(1244,43): warning CS8604: Possible null reference argument for parameter 'arr' in 'void MetaXmlBase.WriteHashItemArray(StringBuilder sb, MetaHash[] arr, int ind, string name)'. [/home/ubuntu/PROGRAMA-BETA/src/FiveMTool.csproj]
/home/ubuntu/PROGRAMA-BETA/src/External/CodeWalker.Core/GameFiles/GameFileCache.cs(2377,35): warning CS8603: Possible null reference return. [/home/ubuntu/PROGRAMA-BETA/src/FiveMTool.csproj]
/home/ubuntu/PROGRAMA-BETA/src/External/CodeWalker.Core/GameFiles/GameFileCache.cs(2381,31): warning CS8600: Converting null literal or possible null value to non-nullable type. [/home/ubuntu/PROGRAMA-BETA/src/FiveMTool.csproj]
/home/ubuntu/PROGRAMA-BETA/src/External/CodeWalker.Core/GameFiles/GameFileCache.cs(2407,24): warning CS8603: Possible null reference return. [/home/ubuntu/PROGRAMA-BETA/src/FiveMTool.csproj]
/home/ubuntu/PROGRAMA-BETA/src/External/CodeWalker.Core/GameFiles/GameFileCache.cs(2415,43): warning CS8600: Converting null literal or possible null value to non-nullable type. [/home/ubuntu/PROGRAMA-BETA/src/FiveMTool.csproj]
/home/ubuntu/PROGRAMA-BETA/src/External/CodeWalker.Core/GameFiles/GameFileCache.cs(2416,20): warning CS8603: Possible null reference return. [/home/ubuntu/PROGRAMA-BETA/src/FiveMTool.csproj]
/home/ubuntu/PROGRAMA-BETA/src/External/CodeWalker.Core/GameFiles/GameFileCache.cs(2421,43): warning CS8600: Converting null literal or possible null value to non-nullable type. [/home/ubuntu/PROGRAMA-BETA/src/FiveMTool.csproj]
/home/ubuntu/PROGRAMA-BETA/src/External/CodeWalker.Core/GameFiles/GameFileCache.cs(2422,20): warning CS8603: Possible null reference return. [/home/ubuntu/PROGRAMA-BETA/src/FiveMTool.csproj]
/home/ubuntu/PROGRAMA-BETA/src/External/CodeWalker.Core/GameFiles/GameFileCache.cs(2427,43): warning CS8600: Converting null literal or possible null value to non-nullable type. [/home/ubuntu/PROGRAMA-BETA/src/FiveMTool.csproj]
/home/ubuntu/PROGRAMA-BETA/src/External/CodeWalker.Core/GameFiles/GameFileCache.cs(2428,20): warning CS8603: Possible null reference return. [/home/ubuntu/PROGRAMA-BETA/src/FiveMTool.csproj]
/home/ubuntu/PROGRAMA-BETA/src/External/CodeWalker.Core/GameFiles/Resources/Particle.cs(1264,20): warning CS8603: Possible null reference return. [/home/ubuntu/PROGRAMA-BETA/src/FiveMTool.csproj]
/home/ubuntu/PROGRAMA-BETA/src/External/CodeWalker.Core/GameFiles/Resources/Particle.cs(1206,49): warning CS8618: Non-nullable property 'KeyframePropIDs' must contain a non-null value when exiting constructor. Consider declaring the property as nullable. [/home/ubuntu/PROGRAMA-BETA/src/FiveMTool.csproj]
/home/ubuntu/PROGRAMA-BETA/src/External/CodeWalker.Core/GameFiles/GameFileCache.cs(2433,49): warning CS8600: Converting null literal or possible null value to non-nullable type. [/home/ubuntu/PROGRAMA-BETA/src/FiveMTool.csproj]
/home/ubuntu/PROGRAMA-BETA/src/External/CodeWalker.Core/GameFiles/GameFileCache.cs(2435,52): warning CS8600: Converting null literal or possible null value to non-nullable type. [/home/ubuntu/PROGRAMA-BETA/src/FiveMTool.csproj]
/home/ubuntu/PROGRAMA-BETA/src/External/CodeWalker.Core/GameFiles/GameFileCache.cs(2437,20): warning CS8603: Possible null reference return. [/home/ubuntu/PROGRAMA-BETA/src/FiveMTool.csproj]
/home/ubuntu/PROGRAMA-BETA/src/External/CodeWalker.Core/GameFiles/GameFileCache.cs(2442,43): warning CS8600: Converting null literal or possible null value to non-nullable type. [/home/ubuntu/PROGRAMA-BETA/src/FiveMTool.csproj]
/home/ubuntu/PROGRAMA-BETA/src/External/CodeWalker.Core/GameFiles/GameFileCache.cs(2443,20): warning CS8603: Possible null reference return. [/home/ubuntu/PROGRAMA-BETA/src/FiveMTool.csproj]
/home/ubuntu/PROGRAMA-BETA/src/External/CodeWalker.Core/GameFiles/GameFileCache.cs(2448,43): warning CS8600: Converting null literal or possible null value to non-nullable type. [/home/ubuntu/PROGRAMA-BETA/src/FiveMTool.csproj]
/home/ubuntu/PROGRAMA-BETA/src/External/CodeWalker.Core/GameFiles/GameFileCache.cs(2449,20): warning CS8603: Possible null reference return. [/home/ubuntu/PROGRAMA-BETA/src/FiveMTool.csproj]
/home/ubuntu/PROGRAMA-BETA/src/External/CodeWalker.Core/GameFiles/GameFileCache.cs(2454,43): warning CS8600: Converting null literal or possible null value to non-nullable type. [/home/ubuntu/PROGRAMA-BETA/src/FiveMTool.csproj]
/home/ubuntu/PROGRAMA-BETA/src/External/CodeWalker.Core/GameFiles/GameFileCache.cs(2455,20): warning CS8603: Possible null reference return. [/home/ubuntu/PROGRAMA-BETA/src/FiveMTool.csproj]
/home/ubuntu/PROGRAMA-BETA/src/External/CodeWalker.Core/GameFiles/GameFileCache.cs(2460,43): warning CS8600: Converting null literal or possible null value to non-nullable type. [/home/ubuntu/PROGRAMA-BETA/src/FiveMTool.csproj]
/home/ubuntu/PROGRAMA-BETA/src/External/CodeWalker.Core/GameFiles/GameFileCache.cs(2461,20): warning CS8603: Possible null reference return. [/home/ubuntu/PROGRAMA-BETA/src/FiveMTool.csproj]
/home/ubuntu/PROGRAMA-BETA/src/External/CodeWalker.Core/GameFiles/GameFileCache.cs(2466,43): warning CS8600: Converting null literal or possible null value to non-nullable type. [/home/ubuntu/PROGRAMA-BETA/src/FiveMTool.csproj]
/home/ubuntu/PROGRAMA-BETA/src/External/CodeWalker.Core/GameFiles/GameFileCache.cs(2467,20): warning CS8603: Possible null reference return. [/home/ubuntu/PROGRAMA-BETA/src/FiveMTool.csproj]
/home/ubuntu/PROGRAMA-BETA/src/External/CodeWalker.Core/GameFiles/Resources/Particle.cs(578,49): warning CS8618: Non-nullable property 'EmitterRuleNameHashes' must contain a non-null value when exiting constructor. Consider declaring the property as nullable. [/home/ubuntu/PROGRAMA-BETA/src/FiveMTool.csproj]
/home/ubuntu/PROGRAMA-BETA/src/External/CodeWalker.Core/GameFiles/Resources/Particle.cs(579,59): warning CS8618: Non-nullable property 'EmitterRules' must contain a non-null value when exiting constructor. Consider declaring the property as nullable. [/home/ubuntu/PROGRAMA-BETA/src/FiveMTool.csproj]
/home/ubuntu/PROGRAMA-BETA/src/External/CodeWalker.Core/GameFiles/GameFileCache.cs(2511,48): warning CS8600: Converting null literal or possible null value to non-nullable type. [/home/ubuntu/PROGRAMA-BETA/src/FiveMTool.csproj]
/home/ubuntu/PROGRAMA-BETA/src/External/CodeWalker.Core/GameFiles/GameFileCache.cs(2534,38): warning CS8631: The type 'CodeWalker.GameFiles.YdrFile?' cannot be used as type parameter 'T' in the generic type or method 'GameFileCache.LoadFile<T>(T)'. Nullability of type argument 'CodeWalker.GameFiles.YdrFile?' doesn't match constraint type 'CodeWalker.GameFiles.GameFile'. [/home/ubuntu/PROGRAMA-BETA/src/FiveMTool.csproj]
/home/ubuntu/PROGRAMA-BETA/src/External/CodeWalker.Core/GameFiles/GameFileCache.cs(2534,38): warning CS8631: The type 'CodeWalker.GameFiles.YdrFile?' cannot be used as type parameter 'T' in the generic type or method 'GameFileCache.LoadFile<T>(T)'. Nullability of type argument 'CodeWalker.GameFiles.YdrFile?' doesn't match constraint type 'CodeWalker.GameFiles.PackedFile'. [/home/ubuntu/PROGRAMA-BETA/src/FiveMTool.csproj]
/home/ubuntu/PROGRAMA-BETA/src/External/CodeWalker.Core/GameFiles/GameFileCache.cs(2537,38): warning CS8631: The type 'CodeWalker.GameFiles.YddFile?' cannot be used as type parameter 'T' in the generic type or method 'GameFileCache.LoadFile<T>(T)'. Nullability of type argument 'CodeWalker.GameFiles.YddFile?' doesn't match constraint type 'CodeWalker.GameFiles.GameFile'. [/home/ubuntu/PROGRAMA-BETA/src/FiveMTool.csproj]
/home/ubuntu/PROGRAMA-BETA/src/External/CodeWalker.Core/GameFiles/GameFileCache.cs(2537,38): warning CS8631: The type 'CodeWalker.GameFiles.YddFile?' cannot be used as type parameter 'T' in the generic type or method 'GameFileCache.LoadFile<T>(T)'. Nullability of type argument 'CodeWalker.GameFiles.YddFile?' doesn't match constraint type 'CodeWalker.GameFiles.PackedFile'. [/home/ubuntu/PROGRAMA-BETA/src/FiveMTool.csproj]
/home/ubuntu/PROGRAMA-BETA/src/External/CodeWalker.Core/GameFiles/GameFileCache.cs(2540,38): warning CS8631: The type 'CodeWalker.GameFiles.YtdFile?' cannot be used as type parameter 'T' in the generic type or method 'GameFileCache.LoadFile<T>(T)'. Nullability of type argument 'CodeWalker.GameFiles.YtdFile?' doesn't match constraint type 'CodeWalker.GameFiles.GameFile'. [/home/ubuntu/PROGRAMA-BETA/src/FiveMTool.csproj]
/home/ubuntu/PROGRAMA-BETA/src/External/CodeWalker.Core/GameFiles/GameFileCache.cs(2540,38): warning CS8631: The type 'CodeWalker.GameFiles.YtdFile?' cannot be used as type parameter 'T' in the generic type or method 'GameFileCache.LoadFile<T>(T)'. Nullability of type argument 'CodeWalker.GameFiles.YtdFile?' doesn't match constraint type 'CodeWalker.GameFiles.PackedFile'. [/home/ubuntu/PROGRAMA-BETA/src/FiveMTool.csproj]
/home/ubuntu/PROGRAMA-BETA/src/External/CodeWalker.Core/GameFiles/GameFileCache.cs(2544,38): warning CS8600: Converting null literal or possible null value to non-nullable type. [/home/ubuntu/PROGRAMA-BETA/src/FiveMTool.csproj]
/home/ubuntu/PROGRAMA-BETA/src/External/CodeWalker.Core/GameFiles/GameFileCache.cs(2545,38): warning CS8631: The type 'CodeWalker.GameFiles.YmapFile?' cannot be used as type parameter 'T' in the generic type or method 'GameFileCache.LoadFile<T>(T)'. Nullability of type argument 'CodeWalker.GameFiles.YmapFile?' doesn't match constraint type 'CodeWalker.GameFiles.GameFile'. [/home/ubuntu/PROGRAMA-BETA/src/FiveMTool.csproj]
/home/ubuntu/PROGRAMA-BETA/src/External/CodeWalker.Core/GameFiles/GameFileCache.cs(2545,38): warning CS8631: The type 'CodeWalker.GameFiles.YmapFile?' cannot be used as type parameter 'T' in the generic type or method 'GameFileCache.LoadFile<T>(T)'. Nullability of type argument 'CodeWalker.GameFiles.YmapFile?' doesn't match constraint type 'CodeWalker.GameFiles.PackedFile'. [/home/ubuntu/PROGRAMA-BETA/src/FiveMTool.csproj]
/home/ubuntu/PROGRAMA-BETA/src/External/CodeWalker.Core/GameFiles/GameFileCache.cs(2546,41): warning CS8602: Dereference of a possibly null reference. [/home/ubuntu/PROGRAMA-BETA/src/FiveMTool.csproj]
/home/ubuntu/PROGRAMA-BETA/src/External/CodeWalker.Core/GameFiles/GameFileCache.cs(2549,38): warning CS8631: The type 'CodeWalker.GameFiles.YftFile?' cannot be used as type parameter 'T' in the generic type or method 'GameFileCache.LoadFile<T>(T)'. Nullability of type argument 'CodeWalker.GameFiles.YftFile?' doesn't match constraint type 'CodeWalker.GameFiles.GameFile'. [/home/ubuntu/PROGRAMA-BETA/src/FiveMTool.csproj]
/home/ubuntu/PROGRAMA-BETA/src/External/CodeWalker.Core/GameFiles/GameFileCache.cs(2549,38): warning CS8631: The type 'CodeWalker.GameFiles.YftFile?' cannot be used as type parameter 'T' in the generic type or method 'GameFileCache.LoadFile<T>(T)'. Nullability of type argument 'CodeWalker.GameFiles.YftFile?' doesn't match constraint type 'CodeWalker.GameFiles.PackedFile'. [/home/ubuntu/PROGRAMA-BETA/src/FiveMTool.csproj]
/home/ubuntu/PROGRAMA-BETA/src/External/CodeWalker.Core/GameFiles/GameFileCache.cs(2552,38): warning CS8631: The type 'CodeWalker.GameFiles.YbnFile?' cannot be used as type parameter 'T' in the generic type or method 'GameFileCache.LoadFile<T>(T)'. Nullability of type argument 'CodeWalker.GameFiles.YbnFile?' doesn't match constraint type 'CodeWalker.GameFiles.GameFile'. [/home/ubuntu/PROGRAMA-BETA/src/FiveMTool.csproj]
/home/ubuntu/PROGRAMA-BETA/src/External/CodeWalker.Core/GameFiles/GameFileCache.cs(2552,38): warning CS8631: The type 'CodeWalker.GameFiles.YbnFile?' cannot be used as type parameter 'T' in the generic type or method 'GameFileCache.LoadFile<T>(T)'. Nullability of type argument 'CodeWalker.GameFiles.YbnFile?' doesn't match constraint type 'CodeWalker.GameFiles.PackedFile'. [/home/ubuntu/PROGRAMA-BETA/src/FiveMTool.csproj]
/home/ubuntu/PROGRAMA-BETA/src/External/CodeWalker.Core/GameFiles/GameFileCache.cs(2555,38): warning CS8631: The type 'CodeWalker.GameFiles.YcdFile?' cannot be used as type parameter 'T' in the generic type or method 'GameFileCache.LoadFile<T>(T)'. Nullability of type argument 'CodeWalker.GameFiles.YcdFile?' doesn't match constraint type 'CodeWalker.GameFiles.GameFile'. [/home/ubuntu/PROGRAMA-BETA/src/FiveMTool.csproj]
/home/ubuntu/PROGRAMA-BETA/src/External/CodeWalker.Core/GameFiles/GameFileCache.cs(2555,38): warning CS8631: The type 'CodeWalker.GameFiles.YcdFile?' cannot be used as type parameter 'T' in the generic type or method 'GameFileCache.LoadFile<T>(T)'. Nullability of type argument 'CodeWalker.GameFiles.YcdFile?' doesn't match constraint type 'CodeWalker.GameFiles.PackedFile'. [/home/ubuntu/PROGRAMA-BETA/src/FiveMTool.csproj]
/home/ubuntu/PROGRAMA-BETA/src/External/CodeWalker.Core/GameFiles/GameFileCache.cs(2558,38): warning CS8631: The type 'CodeWalker.GameFiles.YedFile?' cannot be used as type parameter 'T' in the generic type or method 'GameFileCache.LoadFile<T>(T)'. Nullability of type argument 'CodeWalker.GameFiles.YedFile?' doesn't match constraint type 'CodeWalker.GameFiles.GameFile'. [/home/ubuntu/PROGRAMA-BETA/src/FiveMTool.csproj]
/home/ubuntu/PROGRAMA-BETA/src/External/CodeWalker.Core/GameFiles/GameFileCache.cs(2558,38): warning CS8631: The type 'CodeWalker.GameFiles.YedFile?' cannot be used as type parameter 'T' in the generic type or method 'GameFileCache.LoadFile<T>(T)'. Nullability of type argument 'CodeWalker.GameFiles.YedFile?' doesn't match constraint type 'CodeWalker.GameFiles.PackedFile'. [/home/ubuntu/PROGRAMA-BETA/src/FiveMTool.csproj]
/home/ubuntu/PROGRAMA-BETA/src/External/CodeWalker.Core/GameFiles/GameFileCache.cs(2561,38): warning CS8631: The type 'CodeWalker.GameFiles.YnvFile?' cannot be used as type parameter 'T' in the generic type or method 'GameFileCache.LoadFile<T>(T)'. Nullability of type argument 'CodeWalker.GameFiles.YnvFile?' doesn't match constraint type 'CodeWalker.GameFiles.GameFile'. [/home/ubuntu/PROGRAMA-BETA/src/FiveMTool.csproj]
/home/ubuntu/PROGRAMA-BETA/src/External/CodeWalker.Core/GameFiles/GameFileCache.cs(2561,38): warning CS8631: The type 'CodeWalker.GameFiles.YnvFile?' cannot be used as type parameter 'T' in the generic type or method 'GameFileCache.LoadFile<T>(T)'. Nullability of type argument 'CodeWalker.GameFiles.YnvFile?' doesn't match constraint type 'CodeWalker.GameFiles.PackedFile'. [/home/ubuntu/PROGRAMA-BETA/src/FiveMTool.csproj]
/home/ubuntu/PROGRAMA-BETA/src/External/CodeWalker.Core/GameFiles/GameFileCache.cs(2564,38): warning CS8631: The type 'CodeWalker.GameFiles.YldFile?' cannot be used as type parameter 'T' in the generic type or method 'GameFileCache.LoadFile<T>(T)'. Nullability of type argument 'CodeWalker.GameFiles.YldFile?' doesn't match constraint type 'CodeWalker.GameFiles.GameFile'. [/home/ubuntu/PROGRAMA-BETA/src/FiveMTool.csproj]
/home/ubuntu/PROGRAMA-BETA/src/External/CodeWalker.Core/GameFiles/GameFileCache.cs(2564,38): warning CS8631: The type 'CodeWalker.GameFiles.YldFile?' cannot be used as type parameter 'T' in the generic type or method 'GameFileCache.LoadFile<T>(T)'. Nullability of type argument 'CodeWalker.GameFiles.YldFile?' doesn't match constraint type 'CodeWalker.GameFiles.PackedFile'. [/home/ubuntu/PROGRAMA-BETA/src/FiveMTool.csproj]
/home/ubuntu/PROGRAMA-BETA/src/External/CodeWalker.Core/GameFiles/GameFileCache.cs(2621,57): warning CS8600: Converting null literal or possible null value to non-nullable type. [/home/ubuntu/PROGRAMA-BETA/src/FiveMTool.csproj]
/home/ubuntu/PROGRAMA-BETA/src/External/CodeWalker.Core/GameFiles/GameFileCache.cs(2627,20): warning CS8603: Possible null reference return. [/home/ubuntu/PROGRAMA-BETA/src/FiveMTool.csproj]
/home/ubuntu/PROGRAMA-BETA/src/External/CodeWalker.Core/GameFiles/GameFileCache.cs(2636,20): warning CS8603: Possible null reference return. [/home/ubuntu/PROGRAMA-BETA/src/FiveMTool.csproj]
/home/ubuntu/PROGRAMA-BETA/src/External/CodeWalker.Core/GameFiles/GameFileCache.cs(2656,27): warning CS8600: Converting null literal or possible null value to non-nullable type. [/home/ubuntu/PROGRAMA-BETA/src/FiveMTool.csproj]
/home/ubuntu/PROGRAMA-BETA/src/External/CodeWalker.Core/GameFiles/GameFileCache.cs(2671,20): warning CS8603: Possible null reference return. [/home/ubuntu/PROGRAMA-BETA/src/FiveMTool.csproj]
/home/ubuntu/PROGRAMA-BETA/src/External/CodeWalker.Core/GameFiles/GameFileCache.cs(2683,39): warning CS8603: Possible null reference return. [/home/ubuntu/PROGRAMA-BETA/src/FiveMTool.csproj]
/home/ubuntu/PROGRAMA-BETA/src/External/CodeWalker.Core/GameFiles/GameFileCache.cs(2685,37): warning CS8600: Converting null literal or possible null value to non-nullable type. [/home/ubuntu/PROGRAMA-BETA/src/FiveMTool.csproj]
/home/ubuntu/PROGRAMA-BETA/src/External/CodeWalker.Core/GameFiles/GameFileCache.cs(2695,60): warning CS8600: Converting null literal or possible null value to non-nullable type. [/home/ubuntu/PROGRAMA-BETA/src/FiveMTool.csproj]
/home/ubuntu/PROGRAMA-BETA/src/External/CodeWalker.Core/GameFiles/GameFileCache.cs(2696,36): warning CS8600: Converting null literal or possible null value to non-nullable type. [/home/ubuntu/PROGRAMA-BETA/src/FiveMTool.csproj]
/home/ubuntu/PROGRAMA-BETA/src/External/CodeWalker.Core/GameFiles/GameFileCache.cs(2699,36): warning CS8603: Possible null reference return. [/home/ubuntu/PROGRAMA-BETA/src/FiveMTool.csproj]
/home/ubuntu/PROGRAMA-BETA/src/External/CodeWalker.Core/GameFiles/GameFileCache.cs(2704,32): warning CS8603: Possible null reference return. [/home/ubuntu/PROGRAMA-BETA/src/FiveMTool.csproj]
/home/ubuntu/PROGRAMA-BETA/src/External/CodeWalker.Core/GameFiles/GameFileCache.cs(2739,20): warning CS8603: Possible null reference return. [/home/ubuntu/PROGRAMA-BETA/src/FiveMTool.csproj]
/home/ubuntu/PROGRAMA-BETA/src/External/CodeWalker.Core/GameFiles/Resources/Particle.cs(480,49): warning CS8618: Non-nullable property 'EffectRuleNameHashes' must contain a non-null value when exiting constructor. Consider declaring the property as nullable. [/home/ubuntu/PROGRAMA-BETA/src/FiveMTool.csproj]
/home/ubuntu/PROGRAMA-BETA/src/External/CodeWalker.Core/GameFiles/Resources/Particle.cs(481,58): warning CS8618: Non-nullable property 'EffectRules' must contain a non-null value when exiting constructor. Consider declaring the property as nullable. [/home/ubuntu/PROGRAMA-BETA/src/FiveMTool.csproj]
/home/ubuntu/PROGRAMA-BETA/src/External/CodeWalker.Core/GameFiles/Resources/Particle.cs(380,49): warning CS8618: Non-nullable property 'ParticleRuleNameHashes' must contain a non-null value when exiting constructor. Consider declaring the property as nullable. [/home/ubuntu/PROGRAMA-BETA/src/FiveMTool.csproj]
/home/ubuntu/PROGRAMA-BETA/src/External/CodeWalker.Core/GameFiles/Resources/Particle.cs(381,52): warning CS8618: Non-nullable property 'ParticleRules' must contain a non-null value when exiting constructor. Consider declaring the property as nullable. [/home/ubuntu/PROGRAMA-BETA/src/FiveMTool.csproj]
/home/ubuntu/PROGRAMA-BETA/src/External/CodeWalker.Core/GameFiles/Resources/Particle.cs(1429,20): warning CS8603: Possible null reference return. [/home/ubuntu/PROGRAMA-BETA/src/FiveMTool.csproj]
/home/ubuntu/PROGRAMA-BETA/src/External/CodeWalker.Core/GameFiles/Resources/Particle.cs(1308,35): warning CS8618: Non-nullable property 'EffectRule' must contain a non-null value when exiting constructor. Consider declaring the property as nullable. [/home/ubuntu/PROGRAMA-BETA/src/FiveMTool.csproj]
/home/ubuntu/PROGRAMA-BETA/src/External/CodeWalker.Core/GameFiles/Resources/Particle.cs(1309,25): warning CS8618: Non-nullable property 'EffectRuleName' must contain a non-null value when exiting constructor. Consider declaring the property as nullable. [/home/ubuntu/PROGRAMA-BETA/src/FiveMTool.csproj]
/home/ubuntu/PROGRAMA-BETA/src/External/CodeWalker.Core/GameFiles/Resources/Particle.cs(1004,98): warning CS8625: Cannot convert null literal to non-nullable reference type. [/home/ubuntu/PROGRAMA-BETA/src/FiveMTool.csproj]
/home/ubuntu/PROGRAMA-BETA/src/External/CodeWalker.Core/GameFiles/Resources/Particle.cs(1007,122): warning CS8625: Cannot convert null literal to non-nullable reference type. [/home/ubuntu/PROGRAMA-BETA/src/FiveMTool.csproj]
/home/ubuntu/PROGRAMA-BETA/src/External/CodeWalker.Core/GameFiles/Resources/Particle.cs(1008,142): warning CS8625: Cannot convert null literal to non-nullable reference type. [/home/ubuntu/PROGRAMA-BETA/src/FiveMTool.csproj]
/home/ubuntu/PROGRAMA-BETA/src/External/CodeWalker.Core/GameFiles/Resources/Particle.cs(1030,42): warning CS8604: Possible null reference argument for parameter 'node' in 'void ParticleEffectSpawner.ReadXml(XmlNode node)'. [/home/ubuntu/PROGRAMA-BETA/src/FiveMTool.csproj]
/home/ubuntu/PROGRAMA-BETA/src/External/CodeWalker.Core/GameFiles/Resources/Particle.cs(1032,46): warning CS8604: Possible null reference argument for parameter 'node' in 'void ParticleEffectSpawner.ReadXml(XmlNode node)'. [/home/ubuntu/PROGRAMA-BETA/src/FiveMTool.csproj]
/home/ubuntu/PROGRAMA-BETA/src/External/CodeWalker.Core/GameFiles/Resources/Node.cs(506,29): warning CS8600: Converting null literal or possible null value to non-nullable type. [/home/ubuntu/PROGRAMA-BETA/src/FiveMTool.csproj]
/home/ubuntu/PROGRAMA-BETA/src/External/CodeWalker.Core/GameFiles/Resources/Node.cs(513,38): warning CS8604: Possible null reference argument for parameter 'arr' in 'void MetaXmlBase.WriteRawArray<byte>(StringBuilder sb, byte[] arr, int ind, string name, string typeName, Func<byte, string> formatter = null, int arrRowSize = 10)'. [/home/ubuntu/PROGRAMA-BETA/src/FiveMTool.csproj]
/home/ubuntu/PROGRAMA-BETA/src/External/CodeWalker.Core/GameFiles/Resources/Particle.cs(203,38): warning CS8603: Possible null reference return. [/home/ubuntu/PROGRAMA-BETA/src/FiveMTool.csproj]
/home/ubuntu/PROGRAMA-BETA/src/External/CodeWalker.Core/GameFiles/Resources/Node.cs(397,32): warning CS8600: Converting null literal or possible null value to non-nullable type. [/home/ubuntu/PROGRAMA-BETA/src/FiveMTool.csproj]
/home/ubuntu/PROGRAMA-BETA/src/External/CodeWalker.Core/GameFiles/Resources/Node.cs(406,39): warning CS8604: Possible null reference argument for parameter 'arr' in 'void MetaXmlBase.WriteItemArray<NodeLink>(StringBuilder sb, NodeLink[] arr, int ind, string name)'. [/home/ubuntu/PROGRAMA-BETA/src/FiveMTool.csproj]
/home/ubuntu/PROGRAMA-BETA/src/External/CodeWalker.Core/GameFiles/Resources/Particle.cs(1188,20): warning CS8603: Possible null reference return. [/home/ubuntu/PROGRAMA-BETA/src/FiveMTool.csproj]
/home/ubuntu/PROGRAMA-BETA/src/External/CodeWalker.Core/GameFiles/Resources/Particle.cs(687,38): warning CS8618: Non-nullable property 'EffectSpawnerAtRatio' must contain a non-null value when exiting constructor. Consider declaring the property as nullable. [/home/ubuntu/PROGRAMA-BETA/src/FiveMTool.csproj]
/home/ubuntu/PROGRAMA-BETA/src/External/CodeWalker.Core/GameFiles/Resources/Particle.cs(688,38): warning CS8618: Non-nullable property 'EffectSpawnerOnCollision' must contain a non-null value when exiting constructor. Consider declaring the property as nullable. [/home/ubuntu/PROGRAMA-BETA/src/FiveMTool.csproj]
/home/ubuntu/PROGRAMA-BETA/src/External/CodeWalker.Core/GameFiles/Resources/Particle.cs(705,57): warning CS8618: Non-nullable property 'AllBehaviours' must contain a non-null value when exiting constructor. Consider declaring the property as nullable. [/home/ubuntu/PROGRAMA-BETA/src/FiveMTool.csproj]
/home/ubuntu/PROGRAMA-BETA/src/External/CodeWalker.Core/GameFiles/Resources/Particle.cs(706,57): warning CS8618: Non-nullable property 'InitBehaviours' must contain a non-null value when exiting constructor. Consider declaring the property as nullable. [/home/ubuntu/PROGRAMA-BETA/src/FiveMTool.csproj]
/home/ubuntu/PROGRAMA-BETA/src/External/CodeWalker.Core/GameFiles/Resources/Particle.cs(707,57): warning CS8618: Non-nullable property 'UpdateBehaviours' must contain a non-null value when exiting constructor. Consider declaring the property as nullable. [/home/ubuntu/PROGRAMA-BETA/src/FiveMTool.csproj]
/home/ubuntu/PROGRAMA-BETA/src/External/CodeWalker.Core/GameFiles/Resources/Particle.cs(708,57): warning CS8618: Non-nullable property 'UpdateFinalizeBehaviours' must contain a non-null value when exiting constructor. Consider declaring the property as nullable. [/home/ubuntu/PROGRAMA-BETA/src/FiveMTool.csproj]
/home/ubuntu/PROGRAMA-BETA/src/External/CodeWalker.Core/GameFiles/Resources/Particle.cs(709,57): warning CS8618: Non-nullable property 'DrawBehaviours' must contain a non-null value when exiting constructor. Consider declaring the property as nullable. [/home/ubuntu/PROGRAMA-BETA/src/FiveMTool.csproj]
/home/ubuntu/PROGRAMA-BETA/src/External/CodeWalker.Core/GameFiles/Resources/Particle.cs(712,59): warning CS8618: Non-nullable property 'BiasLinks' must contain a non-null value when exiting constructor. Consider declaring the property as nullable. [/home/ubuntu/PROGRAMA-BETA/src/FiveMTool.csproj]
/home/ubuntu/PROGRAMA-BETA/src/External/CodeWalker.Core/GameFiles/Resources/Particle.cs(740,57): warning CS8618: Non-nullable property 'ShaderVars' must contain a non-null value when exiting constructor. Consider declaring the property as nullable. [/home/ubuntu/PROGRAMA-BETA/src/FiveMTool.csproj]
/home/ubuntu/PROGRAMA-BETA/src/External/CodeWalker.Core/GameFiles/Resources/Particle.cs(749,55): warning CS8618: Non-nullable property 'Drawables' must contain a non-null value when exiting constructor. Consider declaring the property as nullable. [/home/ubuntu/PROGRAMA-BETA/src/FiveMTool.csproj]
/home/ubuntu/PROGRAMA-BETA/src/External/CodeWalker.Core/GameFiles/Resources/Particle.cs(760,25): warning CS8618: Non-nullable property 'Name' must contain a non-null value when exiting constructor. Consider declaring the property as nullable. [/home/ubuntu/PROGRAMA-BETA/src/FiveMTool.csproj]
/home/ubuntu/PROGRAMA-BETA/src/External/CodeWalker.Core/GameFiles/Resources/Particle.cs(762,25): warning CS8618: Non-nullable property 'ShaderFile' must contain a non-null value when exiting constructor. Consider declaring the property as nullable. [/home/ubuntu/PROGRAMA-BETA/src/FiveMTool.csproj]
/home/ubuntu/PROGRAMA-BETA/src/External/CodeWalker.Core/GameFiles/Resources/Particle.cs(763,25): warning CS8618: Non-nullable property 'ShaderTechnique' must contain a non-null value when exiting constructor. Consider declaring the property as nullable. [/home/ubuntu/PROGRAMA-BETA/src/FiveMTool.csproj]
/home/ubuntu/PROGRAMA-BETA/src/External/CodeWalker.Core/GameFiles/GameFileCache.cs(2745,39): warning CS8619: Nullability of reference types in value of type '(DrawableBase?, bool)' doesn't match target type '(DrawableBase drawable, bool waitingForLoad)'. [/home/ubuntu/PROGRAMA-BETA/src/FiveMTool.csproj]
/home/ubuntu/PROGRAMA-BETA/src/External/CodeWalker.Core/GameFiles/GameFileCache.cs(2748,37): warning CS8600: Converting null literal or possible null value to non-nullable type. [/home/ubuntu/PROGRAMA-BETA/src/FiveMTool.csproj]
/home/ubuntu/PROGRAMA-BETA/src/External/CodeWalker.Core/GameFiles/GameFileCache.cs(2751,85): warning CS8601: Possible null reference assignment. [/home/ubuntu/PROGRAMA-BETA/src/FiveMTool.csproj]
/home/ubuntu/PROGRAMA-BETA/src/External/CodeWalker.Core/GameFiles/GameFileCache.cs(2752,78): warning CS8601: Possible null reference assignment. [/home/ubuntu/PROGRAMA-BETA/src/FiveMTool.csproj]
/home/ubuntu/PROGRAMA-BETA/src/External/CodeWalker.Core/GameFiles/GameFileCache.cs(2753,78): warning CS8601: Possible null reference assignment. [/home/ubuntu/PROGRAMA-BETA/src/FiveMTool.csproj]
/home/ubuntu/PROGRAMA-BETA/src/External/CodeWalker.Core/GameFiles/GameFileCache.cs(2765,24): warning CS8619: Nullability of reference types in value of type '(DrawableBase?, bool)' doesn't match target type '(DrawableBase drawable, bool waitingForLoad)'. [/home/ubuntu/PROGRAMA-BETA/src/FiveMTool.csproj]
/home/ubuntu/PROGRAMA-BETA/src/External/CodeWalker.Core/GameFiles/GameFileCache.cs(2768,20): warning CS8619: Nullability of reference types in value of type '(DrawableBase? drawable, bool waitingForLoad)' doesn't match target type '(DrawableBase drawable, bool waitingForLoad)'. [/home/ubuntu/PROGRAMA-BETA/src/FiveMTool.csproj]
/home/ubuntu/PROGRAMA-BETA/src/External/CodeWalker.Core/GameFiles/Resources/Node.cs(431,46): warning CS8602: Dereference of a possibly null reference. [/home/ubuntu/PROGRAMA-BETA/src/FiveMTool.csproj]
/home/ubuntu/PROGRAMA-BETA/src/External/CodeWalker.Core/GameFiles/GameFileCache.cs(2778,105): warning CS8600: Converting null literal or possible null value to non-nullable type. [/home/ubuntu/PROGRAMA-BETA/src/FiveMTool.csproj]
/home/ubuntu/PROGRAMA-BETA/src/External/CodeWalker.Core/GameFiles/GameFileCache.cs(2804,32): warning CS8601: Possible null reference assignment. [/home/ubuntu/PROGRAMA-BETA/src/FiveMTool.csproj]
/home/ubuntu/PROGRAMA-BETA/src/External/CodeWalker.Core/GameFiles/GameFileCache.cs(2830,29): warning CS8600: Converting null literal or possible null value to non-nullable type. [/home/ubuntu/PROGRAMA-BETA/src/FiveMTool.csproj]
/home/ubuntu/PROGRAMA-BETA/src/External/CodeWalker.Core/GameFiles/GameFileCache.cs(2832,20): warning CS8603: Possible null reference return. [/home/ubuntu/PROGRAMA-BETA/src/FiveMTool.csproj]
/home/ubuntu/PROGRAMA-BETA/src/External/CodeWalker.Core/GameFiles/Resources/Particle.cs(230,29): warning CS8602: Dereference of a possibly null reference. [/home/ubuntu/PROGRAMA-BETA/src/FiveMTool.csproj]
/home/ubuntu/PROGRAMA-BETA/src/External/CodeWalker.Core/GameFiles/Resources/Particle.cs(275,66): warning CS8600: Converting null literal or possible null value to non-nullable type. [/home/ubuntu/PROGRAMA-BETA/src/FiveMTool.csproj]
/home/ubuntu/PROGRAMA-BETA/src/External/CodeWalker.Core/GameFiles/Resources/Particle.cs(283,66): warning CS8600: Converting null literal or possible null value to non-nullable type. [/home/ubuntu/PROGRAMA-BETA/src/FiveMTool.csproj]
/home/ubuntu/PROGRAMA-BETA/src/External/CodeWalker.Core/GameFiles/Resources/Particle.cs(302,62): warning CS8600: Converting null literal or possible null value to non-nullable type. [/home/ubuntu/PROGRAMA-BETA/src/FiveMTool.csproj]
/home/ubuntu/PROGRAMA-BETA/src/External/CodeWalker.Core/GameFiles/Resources/Particle.cs(312,62): warning CS8600: Converting null literal or possible null value to non-nullable type. [/home/ubuntu/PROGRAMA-BETA/src/FiveMTool.csproj]
/home/ubuntu/PROGRAMA-BETA/src/External/CodeWalker.Core/GameFiles/Resources/Particle.cs(323,72): warning CS8600: Converting null literal or possible null value to non-nullable type. [/home/ubuntu/PROGRAMA-BETA/src/FiveMTool.csproj]
/home/ubuntu/PROGRAMA-BETA/src/External/CodeWalker.Core/GameFiles/Resources/Particle.cs(337,85): warning CS8600: Converting null literal or possible null value to non-nullable type. [/home/ubuntu/PROGRAMA-BETA/src/FiveMTool.csproj]
/home/ubuntu/PROGRAMA-BETA/src/External/CodeWalker.Core/GameFiles/Resources/Particle.cs(62,25): warning CS8618: Non-nullable property 'Name' must contain a non-null value when exiting constructor. Consider declaring the property as nullable. [/home/ubuntu/PROGRAMA-BETA/src/FiveMTool.csproj]
/home/ubuntu/PROGRAMA-BETA/src/External/CodeWalker.Core/GameFiles/Resources/Particle.cs(63,34): warning CS8618: Non-nullable property 'TextureDictionary' must contain a non-null value when exiting constructor. Consider declaring the property as nullable. [/home/ubuntu/PROGRAMA-BETA/src/FiveMTool.csproj]
/home/ubuntu/PROGRAMA-BETA/src/External/CodeWalker.Core/GameFiles/Resources/Particle.cs(64,39): warning CS8618: Non-nullable property 'DrawableDictionary' must contain a non-null value when exiting constructor. Consider declaring the property as nullable. [/home/ubuntu/PROGRAMA-BETA/src/FiveMTool.csproj]
/home/ubuntu/PROGRAMA-BETA/src/External/CodeWalker.Core/GameFiles/Resources/Particle.cs(65,39): warning CS8618: Non-nullable property 'ParticleRuleDictionary' must contain a non-null value when exiting constructor. Consider declaring the property as nullable. [/home/ubuntu/PROGRAMA-BETA/src/FiveMTool.csproj]
/home/ubuntu/PROGRAMA-BETA/src/External/CodeWalker.Core/GameFiles/Resources/Particle.cs(66,45): warning CS8618: Non-nullable property 'EffectRuleDictionary' must contain a non-null value when exiting constructor. Consider declaring the property as nullable. [/home/ubuntu/PROGRAMA-BETA/src/FiveMTool.csproj]
/home/ubuntu/PROGRAMA-BETA/src/External/CodeWalker.Core/GameFiles/Resources/Particle.cs(67,46): warning CS8618: Non-nullable property 'EmitterRuleDictionary' must contain a non-null value when exiting constructor. Consider declaring the property as nullable. [/home/ubuntu/PROGRAMA-BETA/src/FiveMTool.csproj]
/home/ubuntu/PROGRAMA-BETA/src/External/CodeWalker.Core/GameFiles/Resources/Nav.cs(1008,65): warning CS8625: Cannot convert null literal to non-nullable reference type. [/home/ubuntu/PROGRAMA-BETA/src/FiveMTool.csproj]
/home/ubuntu/PROGRAMA-BETA/src/External/CodeWalker.Core/GameFiles/Resources/Nav.cs(1009,70): warning CS8625: Cannot convert null literal to non-nullable reference type. [/home/ubuntu/PROGRAMA-BETA/src/FiveMTool.csproj]
/home/ubuntu/PROGRAMA-BETA/src/External/CodeWalker.Core/GameFiles/Resources/Nav.cs(1005,25): warning CS8618: Non-nullable property 'PolyIDs' must contain a non-null value when exiting constructor. Consider declaring the property as nullable. [/home/ubuntu/PROGRAMA-BETA/src/FiveMTool.csproj]
/home/ubuntu/PROGRAMA-BETA/src/External/CodeWalker.Core/GameFiles/Resources/Nav.cs(1006,31): warning CS8618: Non-nullable property 'Points' must contain a non-null value when exiting constructor. Consider declaring the property as nullable. [/home/ubuntu/PROGRAMA-BETA/src/FiveMTool.csproj]
/home/ubuntu/PROGRAMA-BETA/src/External/CodeWalker.Core/GameFiles/Resources/Node.cs(198,38): warning CS8600: Converting null literal or possible null value to non-nullable type. [/home/ubuntu/PROGRAMA-BETA/src/FiveMTool.csproj]
/home/ubuntu/PROGRAMA-BETA/src/External/CodeWalker.Core/GameFiles/Resources/Node.cs(205,51): warning CS8602: Dereference of a possibly null reference. [/home/ubuntu/PROGRAMA-BETA/src/FiveMTool.csproj]
/home/ubuntu/PROGRAMA-BETA/src/External/CodeWalker.Core/GameFiles/Resources/Node.cs(208,39): warning CS8604: Possible null reference argument for parameter 'arr' in 'void MetaXmlBase.WriteItemArray<XmlNodeWrapper>(StringBuilder sb, XmlNodeWrapper[] arr, int ind, string name)'. [/home/ubuntu/PROGRAMA-BETA/src/FiveMTool.csproj]
/home/ubuntu/PROGRAMA-BETA/src/External/CodeWalker.Core/GameFiles/Resources/Node.cs(211,42): warning CS8600: Converting null literal or possible null value to non-nullable type. [/home/ubuntu/PROGRAMA-BETA/src/FiveMTool.csproj]
/home/ubuntu/PROGRAMA-BETA/src/External/CodeWalker.Core/GameFiles/Resources/Node.cs(218,55): warning CS8602: Dereference of a possibly null reference. [/home/ubuntu/PROGRAMA-BETA/src/FiveMTool.csproj]
/home/ubuntu/PROGRAMA-BETA/src/External/CodeWalker.Core/GameFiles/Resources/Node.cs(221,39): warning CS8604: Possible null reference argument for parameter 'arr' in 'void MetaXmlBase.WriteItemArray<XmlJunctionWrapper>(StringBuilder sb, XmlJunctionWrapper[] arr, int ind, string name)'. [/home/ubuntu/PROGRAMA-BETA/src/FiveMTool.csproj]
/home/ubuntu/PROGRAMA-BETA/src/External/CodeWalker.Core/GameFiles/GameFileCache.cs(2947,51): warning CS8602: Dereference of a possibly null reference. [/home/ubuntu/PROGRAMA-BETA/src/FiveMTool.csproj]
/home/ubuntu/PROGRAMA-BETA/src/External/CodeWalker.Core/GameFiles/Resources/Nav.cs(893,34): warning CS8618: Non-nullable property 'Data' must contain a non-null value when exiting constructor. Consider declaring the property as nullable. [/home/ubuntu/PROGRAMA-BETA/src/FiveMTool.csproj]
/home/ubuntu/PROGRAMA-BETA/src/External/CodeWalker.Core/GameFiles/Resources/Nav.cs(894,30): warning CS8618: Non-nullable property 'SubTree1' must contain a non-null value when exiting constructor. Consider declaring the property as nullable. [/home/ubuntu/PROGRAMA-BETA/src/FiveMTool.csproj]
/home/ubuntu/PROGRAMA-BETA/src/External/CodeWalker.Core/GameFiles/Resources/Nav.cs(895,30): warning CS8618: Non-nullable property 'SubTree2' must contain a non-null value when exiting constructor. Consider declaring the property as nullable. [/home/ubuntu/PROGRAMA-BETA/src/FiveMTool.csproj]
/home/ubuntu/PROGRAMA-BETA/src/External/CodeWalker.Core/GameFiles/Resources/Nav.cs(896,30): warning CS8618: Non-nullable property 'SubTree3' must contain a non-null value when exiting constructor. Consider declaring the property as nullable. [/home/ubuntu/PROGRAMA-BETA/src/FiveMTool.csproj]
/home/ubuntu/PROGRAMA-BETA/src/External/CodeWalker.Core/GameFiles/Resources/Nav.cs(897,30): warning CS8618: Non-nullable property 'SubTree4' must contain a non-null value when exiting constructor. Consider declaring the property as nullable. [/home/ubuntu/PROGRAMA-BETA/src/FiveMTool.csproj]
/home/ubuntu/PROGRAMA-BETA/src/External/CodeWalker.Core/GameFiles/Resources/Node.cs(241,46): warning CS8602: Dereference of a possibly null reference. [/home/ubuntu/PROGRAMA-BETA/src/FiveMTool.csproj]
/home/ubuntu/PROGRAMA-BETA/src/External/CodeWalker.Core/GameFiles/Resources/Node.cs(253,46): warning CS8602: Dereference of a possibly null reference. [/home/ubuntu/PROGRAMA-BETA/src/FiveMTool.csproj]
/home/ubuntu/PROGRAMA-BETA/src/External/CodeWalker.Core/GameFiles/Resources/Node.cs(265,46): warning CS8602: Dereference of a possibly null reference. [/home/ubuntu/PROGRAMA-BETA/src/FiveMTool.csproj]
/home/ubuntu/PROGRAMA-BETA/src/External/CodeWalker.Core/GameFiles/Resources/Node.cs(72,62): warning CS8625: Cannot convert null literal to non-nullable reference type. [/home/ubuntu/PROGRAMA-BETA/src/FiveMTool.csproj]
/home/ubuntu/PROGRAMA-BETA/src/External/CodeWalker.Core/GameFiles/Resources/Node.cs(73,66): warning CS8625: Cannot convert null literal to non-nullable reference type. [/home/ubuntu/PROGRAMA-BETA/src/FiveMTool.csproj]
/home/ubuntu/PROGRAMA-BETA/src/External/CodeWalker.Core/GameFiles/Resources/Node.cs(74,74): warning CS8625: Cannot convert null literal to non-nullable reference type. [/home/ubuntu/PROGRAMA-BETA/src/FiveMTool.csproj]
/home/ubuntu/PROGRAMA-BETA/src/External/CodeWalker.Core/GameFiles/Resources/Node.cs(75,79): warning CS8625: Cannot convert null literal to non-nullable reference type. [/home/ubuntu/PROGRAMA-BETA/src/FiveMTool.csproj]
/home/ubuntu/PROGRAMA-BETA/src/External/CodeWalker.Core/GameFiles/Resources/Node.cs(76,80): warning CS8625: Cannot convert null literal to non-nullable reference type. [/home/ubuntu/PROGRAMA-BETA/src/FiveMTool.csproj]
/home/ubuntu/PROGRAMA-BETA/src/External/CodeWalker.Core/GameFiles/Resources/Node.cs(65,23): warning CS8618: Non-nullable property 'Nodes' must contain a non-null value when exiting constructor. Consider declaring the property as nullable. [/home/ubuntu/PROGRAMA-BETA/src/FiveMTool.csproj]
/home/ubuntu/PROGRAMA-BETA/src/External/CodeWalker.Core/GameFiles/Resources/Node.cs(66,27): warning CS8618: Non-nullable property 'Links' must contain a non-null value when exiting constructor. Consider declaring the property as nullable. [/home/ubuntu/PROGRAMA-BETA/src/FiveMTool.csproj]
/home/ubuntu/PROGRAMA-BETA/src/External/CodeWalker.Core/GameFiles/Resources/Node.cs(67,31): warning CS8618: Non-nullable property 'Junctions' must contain a non-null value when exiting constructor. Consider declaring the property as nullable. [/home/ubuntu/PROGRAMA-BETA/src/FiveMTool.csproj]
/home/ubuntu/PROGRAMA-BETA/src/External/CodeWalker.Core/GameFiles/Resources/Node.cs(68,23): warning CS8618: Non-nullable property 'JunctionHeightmapBytes' must contain a non-null value when exiting constructor. Consider declaring the property as nullable. [/home/ubuntu/PROGRAMA-BETA/src/FiveMTool.csproj]
/home/ubuntu/PROGRAMA-BETA/src/External/CodeWalker.Core/GameFiles/Resources/Node.cs(69,34): warning CS8618: Non-nullable property 'JunctionRefs' must contain a non-null value when exiting constructor. Consider declaring the property as nullable. [/home/ubuntu/PROGRAMA-BETA/src/FiveMTool.csproj]
/home/ubuntu/PROGRAMA-BETA/src/External/CodeWalker.Core/GameFiles/Resources/Node.cs(319,20): warning CS8618: Non-nullable field 'AllHeightmapDataList' must contain a non-null value when exiting constructor. Consider declaring the field as nullable. [/home/ubuntu/PROGRAMA-BETA/src/FiveMTool.csproj]
/home/ubuntu/PROGRAMA-BETA/src/External/CodeWalker.Core/GameFiles/Resources/Node.cs(324,20): warning CS8618: Non-nullable field 'AllHeightmapData' must contain a non-null value when exiting constructor. Consider declaring the field as nullable. [/home/ubuntu/PROGRAMA-BETA/src/FiveMTool.csproj]
/home/ubuntu/PROGRAMA-BETA/src/External/CodeWalker.Core/GameFiles/Resources/Node.cs(294,20): warning CS8618: Non-nullable field 'AllLinksList' must contain a non-null value when exiting constructor. Consider declaring the field as nullable. [/home/ubuntu/PROGRAMA-BETA/src/FiveMTool.csproj]
/home/ubuntu/PROGRAMA-BETA/src/External/CodeWalker.Core/GameFiles/Resources/Node.cs(299,20): warning CS8618: Non-nullable field 'AllLinks' must contain a non-null value when exiting constructor. Consider declaring the field as nullable. [/home/ubuntu/PROGRAMA-BETA/src/FiveMTool.csproj]
/home/ubuntu/PROGRAMA-BETA/src/External/CodeWalker.Core/GameFiles/GameFileCache.cs(3212,59): warning CS8604: Possible null reference argument for parameter 'entry' in 'byte[] RpfFile.ExtractFile(RpfFileEntry entry)'. [/home/ubuntu/PROGRAMA-BETA/src/FiveMTool.csproj]
/home/ubuntu/PROGRAMA-BETA/src/External/CodeWalker.Core/GameFiles/Resources/Nav.cs(666,59): warning CS8625: Cannot convert null literal to non-nullable reference type. [/home/ubuntu/PROGRAMA-BETA/src/FiveMTool.csproj]
/home/ubuntu/PROGRAMA-BETA/src/External/CodeWalker.Core/GameFiles/Resources/Nav.cs(664,20): warning CS8618: Non-nullable property 'Items' must contain a non-null value when exiting constructor. Consider declaring the property as nullable. [/home/ubuntu/PROGRAMA-BETA/src/FiveMTool.csproj]
/home/ubuntu/PROGRAMA-BETA/src/External/CodeWalker.Core/GameFiles/GameFileCache.cs(3303,55): warning CS8604: Possible null reference argument for parameter 'entry' in 'byte[] RpfFile.ExtractFile(RpfFileEntry entry)'. [/home/ubuntu/PROGRAMA-BETA/src/FiveMTool.csproj]
/home/ubuntu/PROGRAMA-BETA/src/External/CodeWalker.Core/GameFiles/Resources/Nav.cs(528,68): warning CS8625: Cannot convert null literal to non-nullable reference type. [/home/ubuntu/PROGRAMA-BETA/src/FiveMTool.csproj]
/home/ubuntu/PROGRAMA-BETA/src/External/CodeWalker.Core/GameFiles/Resources/Nav.cs(525,56): warning CS8618: Non-nullable property 'ListParts' must contain a non-null value when exiting constructor. Consider declaring the property as nullable. [/home/ubuntu/PROGRAMA-BETA/src/FiveMTool.csproj]
/home/ubuntu/PROGRAMA-BETA/src/External/CodeWalker.Core/GameFiles/Resources/Nav.cs(526,23): warning CS8618: Non-nullable property 'ListOffsets' must contain a non-null value when exiting constructor. Consider declaring the property as nullable. [/home/ubuntu/PROGRAMA-BETA/src/FiveMTool.csproj]
/home/ubuntu/PROGRAMA-BETA/src/External/CodeWalker.Core/GameFiles/Resources/Frag.cs(4325,22): warning CS8601: Possible null reference assignment. [/home/ubuntu/PROGRAMA-BETA/src/FiveMTool.csproj]
/home/ubuntu/PROGRAMA-BETA/src/External/CodeWalker.Core/GameFiles/Resources/Frag.cs(4311,24): warning CS8618: Non-nullable property 'data_pointers' must contain a non-null value when exiting constructor. Consider declaring the property as nullable. [/home/ubuntu/PROGRAMA-BETA/src/FiveMTool.csproj]
/home/ubuntu/PROGRAMA-BETA/src/External/CodeWalker.Core/GameFiles/Resources/Frag.cs(4312,39): warning CS8618: Non-nullable property 'data_items' must contain a non-null value when exiting constructor. Consider declaring the property as nullable. [/home/ubuntu/PROGRAMA-BETA/src/FiveMTool.csproj]
/home/ubuntu/PROGRAMA-BETA/src/External/CodeWalker.Core/GameFiles/Resources/Frag.cs(4318,36): warning CS8618: Non-nullable field 'Groups' must contain a non-null value when exiting constructor. Consider declaring the field as nullable. [/home/ubuntu/PROGRAMA-BETA/src/FiveMTool.csproj]
/home/ubuntu/PROGRAMA-BETA/src/External/CodeWalker.Core/GameFiles/Resources/Frag.cs(3724,48): warning CS8603: Possible null reference return. [/home/ubuntu/PROGRAMA-BETA/src/FiveMTool.csproj]
/home/ubuntu/PROGRAMA-BETA/src/External/CodeWalker.Core/GameFiles/Resources/Nav.cs(92,73): warning CS8625: Cannot convert null literal to non-nullable reference type. [/home/ubuntu/PROGRAMA-BETA/src/FiveMTool.csproj]
/home/ubuntu/PROGRAMA-BETA/src/External/CodeWalker.Core/GameFiles/Resources/Nav.cs(93,70): warning CS8625: Cannot convert null literal to non-nullable reference type. [/home/ubuntu/PROGRAMA-BETA/src/FiveMTool.csproj]
/home/ubuntu/PROGRAMA-BETA/src/External/CodeWalker.Core/GameFiles/Resources/Nav.cs(81,43): warning CS8618: Non-nullable property 'Vertices' must contain a non-null value when exiting constructor. Consider declaring the property as nullable. [/home/ubuntu/PROGRAMA-BETA/src/FiveMTool.csproj]
/home/ubuntu/PROGRAMA-BETA/src/External/CodeWalker.Core/GameFiles/Resources/Nav.cs(82,36): warning CS8618: Non-nullable property 'Indices' must contain a non-null value when exiting constructor. Consider declaring the property as nullable. [/home/ubuntu/PROGRAMA-BETA/src/FiveMTool.csproj]
/home/ubuntu/PROGRAMA-BETA/src/External/CodeWalker.Core/GameFiles/Resources/Nav.cs(83,41): warning CS8618: Non-nullable property 'Edges' must contain a non-null value when exiting constructor. Consider declaring the property as nullable. [/home/ubuntu/PROGRAMA-BETA/src/FiveMTool.csproj]
/home/ubuntu/PROGRAMA-BETA/src/External/CodeWalker.Core/GameFiles/Resources/Nav.cs(84,41): warning CS8618: Non-nullable property 'Polys' must contain a non-null value when exiting constructor. Consider declaring the property as nullable. [/home/ubuntu/PROGRAMA-BETA/src/FiveMTool.csproj]
/home/ubuntu/PROGRAMA-BETA/src/External/CodeWalker.Core/GameFiles/Resources/Nav.cs(85,30): warning CS8618: Non-nullable property 'SectorTree' must contain a non-null value when exiting constructor. Consider declaring the property as nullable. [/home/ubuntu/PROGRAMA-BETA/src/FiveMTool.csproj]
/home/ubuntu/PROGRAMA-BETA/src/External/CodeWalker.Core/GameFiles/Resources/Nav.cs(86,32): warning CS8618: Non-nullable property 'Portals' must contain a non-null value when exiting constructor. Consider declaring the property as nullable. [/home/ubuntu/PROGRAMA-BETA/src/FiveMTool.csproj]
/home/ubuntu/PROGRAMA-BETA/src/External/CodeWalker.Core/GameFiles/Resources/Nav.cs(87,25): warning CS8618: Non-nullable property 'PortalLinks' must contain a non-null value when exiting constructor. Consider declaring the property as nullable. [/home/ubuntu/PROGRAMA-BETA/src/FiveMTool.csproj]
/home/ubuntu/PROGRAMA-BETA/src/External/CodeWalker.Core/GameFiles/Resources/Frag.cs(3363,33): warning CS8604: Possible null reference argument for parameter 'val' in 'void ResourceDataWriter.WriteStructs<Matrix>(Matrix[] val)'. [/home/ubuntu/PROGRAMA-BETA/src/FiveMTool.csproj]
/home/ubuntu/PROGRAMA-BETA/src/External/CodeWalker.Core/GameFiles/Resources/Frag.cs(3382,39): warning CS8602: Dereference of a possibly null reference. [/home/ubuntu/PROGRAMA-BETA/src/FiveMTool.csproj]
/home/ubuntu/PROGRAMA-BETA/src/External/CodeWalker.Core/GameFiles/Resources/Frag.cs(3387,24): warning CS8601: Possible null reference assignment. [/home/ubuntu/PROGRAMA-BETA/src/FiveMTool.csproj]
/home/ubuntu/PROGRAMA-BETA/src/External/CodeWalker.Core/GameFiles/Resources/Frag.cs(3330,25): warning CS8618: Non-nullable property 'Matrices' must contain a non-null value when exiting constructor. Consider declaring the property as nullable. [/home/ubuntu/PROGRAMA-BETA/src/FiveMTool.csproj]
/home/ubuntu/PROGRAMA-BETA/src/External/CodeWalker.Core/GameFiles/GameFileCache.cs(3507,33): warning CS8602: Dereference of a possibly null reference. [/home/ubuntu/PROGRAMA-BETA/src/FiveMTool.csproj]
/home/ubuntu/PROGRAMA-BETA/src/External/CodeWalker.Core/GameFiles/GameFileCache.cs(3609,65): warning CS8602: Dereference of a possibly null reference. [/home/ubuntu/PROGRAMA-BETA/src/FiveMTool.csproj]
/home/ubuntu/PROGRAMA-BETA/src/External/CodeWalker.Core/GameFiles/GameFileCache.cs(3609,79): warning CS8602: Dereference of a possibly null reference. [/home/ubuntu/PROGRAMA-BETA/src/FiveMTool.csproj]
/home/ubuntu/PROGRAMA-BETA/src/External/CodeWalker.Core/GameFiles/GameFileCache.cs(3619,65): warning CS8602: Dereference of a possibly null reference. [/home/ubuntu/PROGRAMA-BETA/src/FiveMTool.csproj]
/home/ubuntu/PROGRAMA-BETA/src/External/CodeWalker.Core/GameFiles/GameFileCache.cs(3619,79): warning CS8602: Dereference of a possibly null reference. [/home/ubuntu/PROGRAMA-BETA/src/FiveMTool.csproj]
/home/ubuntu/PROGRAMA-BETA/src/External/CodeWalker.Core/GameFiles/GameFileCache.cs(3629,74): warning CS8602: Dereference of a possibly null reference. [/home/ubuntu/PROGRAMA-BETA/src/FiveMTool.csproj]
/home/ubuntu/PROGRAMA-BETA/src/External/CodeWalker.Core/GameFiles/GameFileCache.cs(3629,88): warning CS8602: Dereference of a possibly null reference. [/home/ubuntu/PROGRAMA-BETA/src/FiveMTool.csproj]
/home/ubuntu/PROGRAMA-BETA/src/External/CodeWalker.Core/GameFiles/GameFileCache.cs(3638,73): warning CS8602: Dereference of a possibly null reference. [/home/ubuntu/PROGRAMA-BETA/src/FiveMTool.csproj]
/home/ubuntu/PROGRAMA-BETA/src/External/CodeWalker.Core/GameFiles/GameFileCache.cs(3641,66): warning CS8602: Dereference of a possibly null reference. [/home/ubuntu/PROGRAMA-BETA/src/FiveMTool.csproj]
/home/ubuntu/PROGRAMA-BETA/src/External/CodeWalker.Core/GameFiles/GameFileCache.cs(3652,57): warning CS8602: Dereference of a possibly null reference. [/home/ubuntu/PROGRAMA-BETA/src/FiveMTool.csproj]
/home/ubuntu/PROGRAMA-BETA/src/External/CodeWalker.Core/GameFiles/GameFileCache.cs(3652,76): warning CS8602: Dereference of a possibly null reference. [/home/ubuntu/PROGRAMA-BETA/src/FiveMTool.csproj]
/home/ubuntu/PROGRAMA-BETA/src/External/CodeWalker.Core/GameFiles/GameFileCache.cs(3672,57): warning CS8602: Dereference of a possibly null reference. [/home/ubuntu/PROGRAMA-BETA/src/FiveMTool.csproj]
/home/ubuntu/PROGRAMA-BETA/src/External/CodeWalker.Core/GameFiles/GameFileCache.cs(3672,77): warning CS8602: Dereference of a possibly null reference. [/home/ubuntu/PROGRAMA-BETA/src/FiveMTool.csproj]
/home/ubuntu/PROGRAMA-BETA/src/External/CodeWalker.Core/GameFiles/GameFileCache.cs(3699,57): warning CS8602: Dereference of a possibly null reference. [/home/ubuntu/PROGRAMA-BETA/src/FiveMTool.csproj]
/home/ubuntu/PROGRAMA-BETA/src/External/CodeWalker.Core/GameFiles/GameFileCache.cs(3699,76): warning CS8602: Dereference of a possibly null reference. [/home/ubuntu/PROGRAMA-BETA/src/FiveMTool.csproj]
/home/ubuntu/PROGRAMA-BETA/src/External/CodeWalker.Core/GameFiles/Resources/Frag.cs(3439,38): warning CS8625: Cannot convert null literal to non-nullable reference type. [/home/ubuntu/PROGRAMA-BETA/src/FiveMTool.csproj]
/home/ubuntu/PROGRAMA-BETA/src/External/CodeWalker.Core/GameFiles/Resources/Frag.cs(3435,23): warning CS8618: Non-nullable property 'Name' must contain a non-null value when exiting constructor. Consider declaring the property as nullable. [/home/ubuntu/PROGRAMA-BETA/src/FiveMTool.csproj]
/home/ubuntu/PROGRAMA-BETA/src/External/CodeWalker.Core/GameFiles/Resources/Frag.cs(3436,23): warning CS8618: Non-nullable property 'Bound' must contain a non-null value when exiting constructor. Consider declaring the property as nullable. [/home/ubuntu/PROGRAMA-BETA/src/FiveMTool.csproj]
/home/ubuntu/PROGRAMA-BETA/src/External/CodeWalker.Core/GameFiles/Resources/Frag.cs(3441,31): warning CS8618: Non-nullable property 'Owner' must contain a non-null value when exiting constructor. Consider declaring the property as nullable. [/home/ubuntu/PROGRAMA-BETA/src/FiveMTool.csproj]
/home/ubuntu/PROGRAMA-BETA/src/External/CodeWalker.Core/GameFiles/Resources/Frag.cs(3712,29): warning CS8618: Non-nullable property 'Drawable1' must contain a non-null value when exiting constructor. Consider declaring the property as nullable. [/home/ubuntu/PROGRAMA-BETA/src/FiveMTool.csproj]
/home/ubuntu/PROGRAMA-BETA/src/External/CodeWalker.Core/GameFiles/Resources/Frag.cs(3713,29): warning CS8618: Non-nullable property 'Drawable2' must contain a non-null value when exiting constructor. Consider declaring the property as nullable. [/home/ubuntu/PROGRAMA-BETA/src/FiveMTool.csproj]
/home/ubuntu/PROGRAMA-BETA/src/External/CodeWalker.Core/GameFiles/Resources/Frag.cs(3714,31): warning CS8618: Non-nullable property 'EvtSet' must contain a non-null value when exiting constructor. Consider declaring the property as nullable. [/home/ubuntu/PROGRAMA-BETA/src/FiveMTool.csproj]
/home/ubuntu/PROGRAMA-BETA/src/External/CodeWalker.Core/GameFiles/Resources/Frag.cs(3721,31): warning CS8618: Non-nullable property 'OwnerFragPhysLod' must contain a non-null value when exiting constructor. Consider declaring the property as nullable. [/home/ubuntu/PROGRAMA-BETA/src/FiveMTool.csproj]
/home/ubuntu/PROGRAMA-BETA/src/External/CodeWalker.Core/GameFiles/Resources/Frag.cs(3723,34): warning CS8618: Non-nullable property 'Group' must contain a non-null value when exiting constructor. Consider declaring the property as nullable. [/home/ubuntu/PROGRAMA-BETA/src/FiveMTool.csproj]
/home/ubuntu/PROGRAMA-BETA/src/External/CodeWalker.Core/GameFiles/Resources/Frag.cs(3080,33): warning CS8603: Possible null reference return. [/home/ubuntu/PROGRAMA-BETA/src/FiveMTool.csproj]
/home/ubuntu/PROGRAMA-BETA/src/External/CodeWalker.Core/GameFiles/GameFileCache.cs(3765,47): warning CS8600: Converting null literal or possible null value to non-nullable type. [/home/ubuntu/PROGRAMA-BETA/src/FiveMTool.csproj]
/home/ubuntu/PROGRAMA-BETA/src/External/CodeWalker.Core/GameFiles/GameFileCache.cs(3816,53): warning CS8602: Dereference of a possibly null reference. [/home/ubuntu/PROGRAMA-BETA/src/FiveMTool.csproj]
/home/ubuntu/PROGRAMA-BETA/src/External/CodeWalker.Core/GameFiles/GameFileCache.cs(3819,47): warning CS8602: Dereference of a possibly null reference. [/home/ubuntu/PROGRAMA-BETA/src/FiveMTool.csproj]
/home/ubuntu/PROGRAMA-BETA/src/External/CodeWalker.Core/GameFiles/Resources/Frag.cs(2926,82): warning CS8625: Cannot convert null literal to non-nullable reference type. [/home/ubuntu/PROGRAMA-BETA/src/FiveMTool.csproj]
/home/ubuntu/PROGRAMA-BETA/src/External/CodeWalker.Core/GameFiles/Resources/Frag.cs(2930,78): warning CS8625: Cannot convert null literal to non-nullable reference type. [/home/ubuntu/PROGRAMA-BETA/src/FiveMTool.csproj]
/home/ubuntu/PROGRAMA-BETA/src/External/CodeWalker.Core/GameFiles/Resources/Frag.cs(2081,31): warning CS8618: Non-nullable property 'PhysicsLOD1' must contain a non-null value when exiting constructor. Consider declaring the property as nullable. [/home/ubuntu/PROGRAMA-BETA/src/FiveMTool.csproj]
/home/ubuntu/PROGRAMA-BETA/src/External/CodeWalker.Core/GameFiles/Resources/Frag.cs(2082,31): warning CS8618: Non-nullable property 'PhysicsLOD2' must contain a non-null value when exiting constructor. Consider declaring the property as nullable. [/home/ubuntu/PROGRAMA-BETA/src/FiveMTool.csproj]
/home/ubuntu/PROGRAMA-BETA/src/External/CodeWalker.Core/GameFiles/Resources/Frag.cs(2083,31): warning CS8618: Non-nullable property 'PhysicsLOD3' must contain a non-null value when exiting constructor. Consider declaring the property as nullable. [/home/ubuntu/PROGRAMA-BETA/src/FiveMTool.csproj]
/home/ubuntu/PROGRAMA-BETA/src/External/CodeWalker.Core/GameFiles/Resources/Frag.cs(2964,27): warning CS8601: Possible null reference assignment. [/home/ubuntu/PROGRAMA-BETA/src/FiveMTool.csproj]
/home/ubuntu/PROGRAMA-BETA/src/External/CodeWalker.Core/GameFiles/Resources/Frag.cs(2965,25): warning CS8601: Possible null reference assignment. [/home/ubuntu/PROGRAMA-BETA/src/FiveMTool.csproj]
/home/ubuntu/PROGRAMA-BETA/src/External/CodeWalker.Core/GameFiles/Resources/Frag.cs(2966,30): warning CS8601: Possible null reference assignment. [/home/ubuntu/PROGRAMA-BETA/src/FiveMTool.csproj]
/home/ubuntu/PROGRAMA-BETA/src/External/CodeWalker.Core/GameFiles/Resources/Frag.cs(2972,43): warning CS8602: Dereference of a possibly null reference. [/home/ubuntu/PROGRAMA-BETA/src/FiveMTool.csproj]
/home/ubuntu/PROGRAMA-BETA/src/External/CodeWalker.Core/GameFiles/Resources/Frag.cs(2978,31): warning CS8604: Possible null reference argument for parameter 'item' in 'void List<FragPhysJointType>.Add(FragPhysJointType item)'. [/home/ubuntu/PROGRAMA-BETA/src/FiveMTool.csproj]
/home/ubuntu/PROGRAMA-BETA/src/External/CodeWalker.Core/GameFiles/Resources/Frag.cs(2855,74): warning CS8625: Cannot convert null literal to non-nullable reference type. [/home/ubuntu/PROGRAMA-BETA/src/FiveMTool.csproj]
/home/ubuntu/PROGRAMA-BETA/src/External/CodeWalker.Core/GameFiles/Resources/Frag.cs(2839,23): warning CS8618: Non-nullable property 'ItemIndices' must contain a non-null value when exiting constructor. Consider declaring the property as nullable. [/home/ubuntu/PROGRAMA-BETA/src/FiveMTool.csproj]
/home/ubuntu/PROGRAMA-BETA/src/External/CodeWalker.Core/GameFiles/Resources/Frag.cs(2847,23): warning CS8618: Non-nullable property 'ItemFlags' must contain a non-null value when exiting constructor. Consider declaring the property as nullable. [/home/ubuntu/PROGRAMA-BETA/src/FiveMTool.csproj]
/home/ubuntu/PROGRAMA-BETA/src/External/CodeWalker.Core/GameFiles/Resources/Frag.cs(2852,58): warning CS8618: Non-nullable property 'Joints' must contain a non-null value when exiting constructor. Consider declaring the property as nullable. [/home/ubuntu/PROGRAMA-BETA/src/FiveMTool.csproj]
/home/ubuntu/PROGRAMA-BETA/src/External/CodeWalker.Core/GameFiles/Resources/Frag.cs(2853,26): warning CS8618: Non-nullable property 'UnknownVectors' must contain a non-null value when exiting constructor. Consider declaring the property as nullable. [/home/ubuntu/PROGRAMA-BETA/src/FiveMTool.csproj]
/home/ubuntu/PROGRAMA-BETA/src/External/CodeWalker.Core/GameFiles/Resources/Frag.cs(1901,31): warning CS8618: Non-nullable property 'WindowOffsets' must contain a non-null value when exiting constructor. Consider declaring the property as nullable. [/home/ubuntu/PROGRAMA-BETA/src/FiveMTool.csproj]
/home/ubuntu/PROGRAMA-BETA/src/External/CodeWalker.Core/GameFiles/Resources/Frag.cs(1903,25): warning CS8618: Non-nullable property 'Windows' must contain a non-null value when exiting constructor. Consider declaring the property as nullable. [/home/ubuntu/PROGRAMA-BETA/src/FiveMTool.csproj]
/home/ubuntu/PROGRAMA-BETA/src/External/CodeWalker.Core/GameFiles/GameFileCache.cs(3860,43): warning CS8600: Converting null literal or possible null value to non-nullable type. [/home/ubuntu/PROGRAMA-BETA/src/FiveMTool.csproj]
/home/ubuntu/PROGRAMA-BETA/src/External/CodeWalker.Core/GameFiles/GameFileCache.cs(3934,49): warning CS8602: Dereference of a possibly null reference. [/home/ubuntu/PROGRAMA-BETA/src/FiveMTool.csproj]
/home/ubuntu/PROGRAMA-BETA/src/External/CodeWalker.Core/GameFiles/GameFileCache.cs(3936,65): warning CS8602: Dereference of a possibly null reference. [/home/ubuntu/PROGRAMA-BETA/src/FiveMTool.csproj]
/home/ubuntu/PROGRAMA-BETA/src/External/CodeWalker.Core/GameFiles/GameFileCache.cs(3939,58): warning CS8602: Dereference of a possibly null reference. [/home/ubuntu/PROGRAMA-BETA/src/FiveMTool.csproj]
/home/ubuntu/PROGRAMA-BETA/src/External/CodeWalker.Core/GameFiles/GameFileCache.cs(3951,49): warning CS8602: Dereference of a possibly null reference. [/home/ubuntu/PROGRAMA-BETA/src/FiveMTool.csproj]
/home/ubuntu/PROGRAMA-BETA/src/External/CodeWalker.Core/GameFiles/GameFileCache.cs(3955,65): warning CS8602: Dereference of a possibly null reference. [/home/ubuntu/PROGRAMA-BETA/src/FiveMTool.csproj]
/home/ubuntu/PROGRAMA-BETA/src/External/CodeWalker.Core/GameFiles/GameFileCache.cs(3958,58): warning CS8602: Dereference of a possibly null reference. [/home/ubuntu/PROGRAMA-BETA/src/FiveMTool.csproj]
/home/ubuntu/PROGRAMA-BETA/src/External/CodeWalker.Core/GameFiles/GameFileCache.cs(3970,49): warning CS8602: Dereference of a possibly null reference. [/home/ubuntu/PROGRAMA-BETA/src/FiveMTool.csproj]
/home/ubuntu/PROGRAMA-BETA/src/External/CodeWalker.Core/GameFiles/Resources/Frag.cs(1167,25): warning CS8601: Possible null reference assignment. [/home/ubuntu/PROGRAMA-BETA/src/FiveMTool.csproj]
/home/ubuntu/PROGRAMA-BETA/src/External/CodeWalker.Core/GameFiles/Resources/Frag.cs(1094,28): warning CS8618: Non-nullable property 'Items' must contain a non-null value when exiting constructor. Consider declaring the property as nullable. [/home/ubuntu/PROGRAMA-BETA/src/FiveMTool.csproj]
/home/ubuntu/PROGRAMA-BETA/src/External/CodeWalker.Core/GameFiles/GameFileCache.cs(4030,43): warning CS8600: Converting null literal or possible null value to non-nullable type. [/home/ubuntu/PROGRAMA-BETA/src/FiveMTool.csproj]
/home/ubuntu/PROGRAMA-BETA/src/External/CodeWalker.Core/GameFiles/Resources/Frag.cs(1307,46): warning CS8602: Dereference of a possibly null reference. [/home/ubuntu/PROGRAMA-BETA/src/FiveMTool.csproj]
/home/ubuntu/PROGRAMA-BETA/src/External/CodeWalker.Core/GameFiles/Resources/Frag.cs(1320,39): warning CS8604: Possible null reference argument for parameter 'node' in 'void VertexDeclaration.ReadXml(XmlNode node)'. [/home/ubuntu/PROGRAMA-BETA/src/FiveMTool.csproj]
/home/ubuntu/PROGRAMA-BETA/src/External/CodeWalker.Core/GameFiles/Resources/Frag.cs(1759,109): warning CS8625: Cannot convert null literal to non-nullable reference type. [/home/ubuntu/PROGRAMA-BETA/src/FiveMTool.csproj]
/home/ubuntu/PROGRAMA-BETA/src/External/CodeWalker.Core/GameFiles/Resources/Frag.cs(1760,109): warning CS8625: Cannot convert null literal to non-nullable reference type. [/home/ubuntu/PROGRAMA-BETA/src/FiveMTool.csproj]
/home/ubuntu/PROGRAMA-BETA/src/External/CodeWalker.Core/GameFiles/Resources/Frag.cs(1191,34): warning CS8618: Non-nullable property 'VertexDeclaration' must contain a non-null value when exiting constructor. Consider declaring the property as nullable. [/home/ubuntu/PROGRAMA-BETA/src/FiveMTool.csproj]
/home/ubuntu/PROGRAMA-BETA/src/External/CodeWalker.Core/GameFiles/Resources/Frag.cs(1192,36): warning CS8618: Non-nullable property 'VertexDeclarationG9' must contain a non-null value when exiting constructor. Consider declaring the property as nullable. [/home/ubuntu/PROGRAMA-BETA/src/FiveMTool.csproj]
/home/ubuntu/PROGRAMA-BETA/src/External/CodeWalker.Core/GameFiles/Resources/Frag.cs(1203,34): warning CS8618: Non-nullable property 'Group' must contain a non-null value when exiting constructor. Consider declaring the property as nullable. [/home/ubuntu/PROGRAMA-BETA/src/FiveMTool.csproj]
/home/ubuntu/PROGRAMA-BETA/src/External/CodeWalker.Core/GameFiles/Resources/Frag.cs(1204,31): warning CS8618: Non-nullable property 'GroupLOD' must contain a non-null value when exiting constructor. Consider declaring the property as nullable. [/home/ubuntu/PROGRAMA-BETA/src/FiveMTool.csproj]
/home/ubuntu/PROGRAMA-BETA/src/External/CodeWalker.Core/GameFiles/Resources/Frag.cs(2313,117): warning CS8604: Possible null reference argument for parameter 'parameters' in 'FragPhysGroupNamesBlock ResourceDataReader.ReadBlockAt<FragPhysGroupNamesBlock>(ulong position, params object[] parameters)'. [/home/ubuntu/PROGRAMA-BETA/src/FiveMTool.csproj]
/home/ubuntu/PROGRAMA-BETA/src/External/CodeWalker.Core/GameFiles/GameFileCache.cs(4087,43): warning CS8600: Converting null literal or possible null value to non-nullable type. [/home/ubuntu/PROGRAMA-BETA/src/FiveMTool.csproj]
/home/ubuntu/PROGRAMA-BETA/src/External/CodeWalker.Core/GameFiles/Resources/Frag.cs(1866,25): warning CS8601: Possible null reference assignment. [/home/ubuntu/PROGRAMA-BETA/src/FiveMTool.csproj]
/home/ubuntu/PROGRAMA-BETA/src/External/CodeWalker.Core/GameFiles/Resources/Frag.cs(1867,25): warning CS8601: Possible null reference assignment. [/home/ubuntu/PROGRAMA-BETA/src/FiveMTool.csproj]
/home/ubuntu/PROGRAMA-BETA/src/External/CodeWalker.Core/GameFiles/Resources/Frag.cs(988,28): warning CS8625: Cannot convert null literal to non-nullable reference type. [/home/ubuntu/PROGRAMA-BETA/src/FiveMTool.csproj]
/home/ubuntu/PROGRAMA-BETA/src/External/CodeWalker.Core/GameFiles/Resources/Frag.cs(989,25): warning CS8625: Cannot convert null literal to non-nullable reference type. [/home/ubuntu/PROGRAMA-BETA/src/FiveMTool.csproj]
/home/ubuntu/PROGRAMA-BETA/src/External/CodeWalker.Core/GameFiles/Resources/Frag.cs(1667,27): warning CS8618: Non-nullable property 'Data1' must contain a non-null value when exiting constructor. Consider declaring the property as nullable. [/home/ubuntu/PROGRAMA-BETA/src/FiveMTool.csproj]
/home/ubuntu/PROGRAMA-BETA/src/External/CodeWalker.Core/GameFiles/Resources/Frag.cs(1670,27): warning CS8618: Non-nullable property 'Data2' must contain a non-null value when exiting constructor. Consider declaring the property as nullable. [/home/ubuntu/PROGRAMA-BETA/src/FiveMTool.csproj]
/home/ubuntu/PROGRAMA-BETA/src/External/CodeWalker.Core/GameFiles/Resources/Frag.cs(1004,96): warning CS8625: Cannot convert null literal to non-nullable reference type. [/home/ubuntu/PROGRAMA-BETA/src/FiveMTool.csproj]
/home/ubuntu/PROGRAMA-BETA/src/External/CodeWalker.Core/GameFiles/Resources/Frag.cs(1014,43): warning CS8602: Dereference of a possibly null reference. [/home/ubuntu/PROGRAMA-BETA/src/FiveMTool.csproj]
/home/ubuntu/PROGRAMA-BETA/src/External/CodeWalker.Core/GameFiles/GameFileCache.cs(4156,43): warning CS8600: Converting null literal or possible null value to non-nullable type. [/home/ubuntu/PROGRAMA-BETA/src/FiveMTool.csproj]
/home/ubuntu/PROGRAMA-BETA/src/External/CodeWalker.Core/GameFiles/Resources/Frag.cs(1050,38): warning CS8603: Possible null reference return. [/home/ubuntu/PROGRAMA-BETA/src/FiveMTool.csproj]
/home/ubuntu/PROGRAMA-BETA/src/External/CodeWalker.Core/GameFiles/Resources/Frag.cs(828,74): warning CS8625: Cannot convert null literal to non-nullable reference type. [/home/ubuntu/PROGRAMA-BETA/src/FiveMTool.csproj]
/home/ubuntu/PROGRAMA-BETA/src/External/CodeWalker.Core/GameFiles/Resources/Frag.cs(829,75): warning CS8625: Cannot convert null literal to non-nullable reference type. [/home/ubuntu/PROGRAMA-BETA/src/FiveMTool.csproj]
/home/ubuntu/PROGRAMA-BETA/src/External/CodeWalker.Core/GameFiles/Resources/Frag.cs(830,38): warning CS8625: Cannot convert null literal to non-nullable reference type. [/home/ubuntu/PROGRAMA-BETA/src/FiveMTool.csproj]
/home/ubuntu/PROGRAMA-BETA/src/External/CodeWalker.Core/GameFiles/Resources/Frag.cs(818,23): warning CS8618: Non-nullable property 'Bound' must contain a non-null value when exiting constructor. Consider declaring the property as nullable. [/home/ubuntu/PROGRAMA-BETA/src/FiveMTool.csproj]
/home/ubuntu/PROGRAMA-BETA/src/External/CodeWalker.Core/GameFiles/Resources/Frag.cs(819,24): warning CS8618: Non-nullable property 'FragMatricesInds' must contain a non-null value when exiting constructor. Consider declaring the property as nullable. [/home/ubuntu/PROGRAMA-BETA/src/FiveMTool.csproj]
/home/ubuntu/PROGRAMA-BETA/src/External/CodeWalker.Core/GameFiles/Resources/Frag.cs(820,29): warning CS8618: Non-nullable property 'FragMatrices' must contain a non-null value when exiting constructor. Consider declaring the property as nullable. [/home/ubuntu/PROGRAMA-BETA/src/FiveMTool.csproj]
/home/ubuntu/PROGRAMA-BETA/src/External/CodeWalker.Core/GameFiles/Resources/Frag.cs(821,23): warning CS8618: Non-nullable property 'Name' must contain a non-null value when exiting constructor. Consider declaring the property as nullable. [/home/ubuntu/PROGRAMA-BETA/src/FiveMTool.csproj]
/home/ubuntu/PROGRAMA-BETA/src/External/CodeWalker.Core/GameFiles/Resources/Frag.cs(823,25): warning CS8618: Non-nullable property 'OwnerFragment' must contain a non-null value when exiting constructor. Consider declaring the property as nullable. [/home/ubuntu/PROGRAMA-BETA/src/FiveMTool.csproj]
/home/ubuntu/PROGRAMA-BETA/src/External/CodeWalker.Core/GameFiles/Resources/Frag.cs(824,33): warning CS8618: Non-nullable property 'OwnerCloth' must contain a non-null value when exiting constructor. Consider declaring the property as nullable. [/home/ubuntu/PROGRAMA-BETA/src/FiveMTool.csproj]
/home/ubuntu/PROGRAMA-BETA/src/External/CodeWalker.Core/GameFiles/Resources/Frag.cs(825,34): warning CS8618: Non-nullable property 'OwnerFragmentPhys' must contain a non-null value when exiting constructor. Consider declaring the property as nullable. [/home/ubuntu/PROGRAMA-BETA/src/FiveMTool.csproj]
/home/ubuntu/PROGRAMA-BETA/src/External/CodeWalker.Core/GameFiles/Resources/Frag.cs(826,29): warning CS8618: Non-nullable property 'OwnerDrawable' must contain a non-null value when exiting constructor. Consider declaring the property as nullable. [/home/ubuntu/PROGRAMA-BETA/src/FiveMTool.csproj]
/home/ubuntu/PROGRAMA-BETA/src/External/CodeWalker.Core/GameFiles/GameFileCache.cs(4239,43): warning CS8600: Converting null literal or possible null value to non-nullable type. [/home/ubuntu/PROGRAMA-BETA/src/FiveMTool.csproj]
/home/ubuntu/PROGRAMA-BETA/src/External/CodeWalker.Core/GameFiles/Resources/Filter.cs(338,16): warning CS8618: Non-nullable property 'Entries' must contain a non-null value when exiting constructor. Consider declaring the property as nullable. [/home/ubuntu/PROGRAMA-BETA/src/FiveMTool.csproj]
/home/ubuntu/PROGRAMA-BETA/src/External/CodeWalker.Core/GameFiles/Resources/Filter.cs(338,16): warning CS8618: Non-nullable property 'Weights' must contain a non-null value when exiting constructor. Consider declaring the property as nullable. [/home/ubuntu/PROGRAMA-BETA/src/FiveMTool.csproj]
/home/ubuntu/PROGRAMA-BETA/src/External/CodeWalker.Core/GameFiles/Resources/Filter.cs(378,39): warning CS8604: Possible null reference argument for parameter 'arr' in 'void MetaXmlBase.WriteItemArray<TrackIdIndex>(StringBuilder sb, TrackIdIndex[] arr, int ind, string name)'. [/home/ubuntu/PROGRAMA-BETA/src/FiveMTool.csproj]
/home/ubuntu/PROGRAMA-BETA/src/External/CodeWalker.Core/GameFiles/Resources/Filter.cs(379,38): warning CS8604: Possible null reference argument for parameter 'arr' in 'void MetaXmlBase.WriteRawArray<float>(StringBuilder sb, float[] arr, int ind, string name, string typeName, Func<float, string> formatter = null, int arrRowSize = 10)'. [/home/ubuntu/PROGRAMA-BETA/src/FiveMTool.csproj]
/home/ubuntu/PROGRAMA-BETA/src/External/CodeWalker.Core/GameFiles/Resources/Frag.cs(2563,39): warning CS8602: Dereference of a possibly null reference. [/home/ubuntu/PROGRAMA-BETA/src/FiveMTool.csproj]
/home/ubuntu/PROGRAMA-BETA/src/External/CodeWalker.Core/GameFiles/GameFileCache.cs(4295,43): warning CS8600: Converting null literal or possible null value to non-nullable type. [/home/ubuntu/PROGRAMA-BETA/src/FiveMTool.csproj]
/home/ubuntu/PROGRAMA-BETA/src/External/CodeWalker.Core/GameFiles/GameFileCache.cs(4310,58): warning CS8604: Possible null reference argument for parameter 'xml' in 'YnvFile XmlYnv.GetYnv(string xml)'. [/home/ubuntu/PROGRAMA-BETA/src/FiveMTool.csproj]
/home/ubuntu/PROGRAMA-BETA/src/External/CodeWalker.Core/GameFiles/GameFileCache.cs(4313,45): warning CS8602: Dereference of a possibly null reference. [/home/ubuntu/PROGRAMA-BETA/src/FiveMTool.csproj]
/home/ubuntu/PROGRAMA-BETA/src/External/CodeWalker.Core/GameFiles/GameFileCache.cs(4317,64): warning CS8604: Possible null reference argument for parameter 'data' in 'void RpfFile.LoadResourceFile<YnvFile>(YnvFile file, byte[] data, uint ver)'. [/home/ubuntu/PROGRAMA-BETA/src/FiveMTool.csproj]
/home/ubuntu/PROGRAMA-BETA/src/External/CodeWalker.Core/GameFiles/Resources/Frag.cs(2635,37): warning CS8601: Possible null reference assignment. [/home/ubuntu/PROGRAMA-BETA/src/FiveMTool.csproj]
/home/ubuntu/PROGRAMA-BETA/src/External/CodeWalker.Core/GameFiles/Resources/Frag.cs(2644,47): warning CS8602: Dereference of a possibly null reference. [/home/ubuntu/PROGRAMA-BETA/src/FiveMTool.csproj]
/home/ubuntu/PROGRAMA-BETA/src/External/CodeWalker.Core/GameFiles/Resources/Frag.cs(2654,39): warning CS8625: Cannot convert null literal to non-nullable reference type. [/home/ubuntu/PROGRAMA-BETA/src/FiveMTool.csproj]
/home/ubuntu/PROGRAMA-BETA/src/External/CodeWalker.Core/GameFiles/Resources/Frag.cs(2668,28): warning CS8601: Possible null reference assignment. [/home/ubuntu/PROGRAMA-BETA/src/FiveMTool.csproj]
/home/ubuntu/PROGRAMA-BETA/src/External/CodeWalker.Core/GameFiles/Resources/Frag.cs(2669,28): warning CS8601: Possible null reference assignment. [/home/ubuntu/PROGRAMA-BETA/src/FiveMTool.csproj]
/home/ubuntu/PROGRAMA-BETA/src/External/CodeWalker.Core/GameFiles/Resources/Frag.cs(397,37): warning CS8602: Dereference of a possibly null reference. [/home/ubuntu/PROGRAMA-BETA/src/FiveMTool.csproj]
/home/ubuntu/PROGRAMA-BETA/src/External/CodeWalker.Core/GameFiles/Resources/Frag.cs(400,63): warning CS8602: Dereference of a possibly null reference. [/home/ubuntu/PROGRAMA-BETA/src/FiveMTool.csproj]
/home/ubuntu/PROGRAMA-BETA/src/External/CodeWalker.Core/GameFiles/Resources/Frag.cs(401,35): warning CS8602: Dereference of a possibly null reference. [/home/ubuntu/PROGRAMA-BETA/src/FiveMTool.csproj]
/home/ubuntu/PROGRAMA-BETA/src/External/CodeWalker.Core/GameFiles/Resources/Frag.cs(438,37): warning CS8602: Dereference of a possibly null reference. [/home/ubuntu/PROGRAMA-BETA/src/FiveMTool.csproj]
/home/ubuntu/PROGRAMA-BETA/src/External/CodeWalker.Core/GameFiles/Resources/Frag.cs(1370,29): warning CS8618: Non-nullable property 'ShatterMapRowOffsets' must contain a non-null value when exiting constructor. Consider declaring the property as nullable. [/home/ubuntu/PROGRAMA-BETA/src/FiveMTool.csproj]
/home/ubuntu/PROGRAMA-BETA/src/External/CodeWalker.Core/GameFiles/Resources/Frag.cs(1371,42): warning CS8618: Non-nullable property 'ShatterMap' must contain a non-null value when exiting constructor. Consider declaring the property as nullable. [/home/ubuntu/PROGRAMA-BETA/src/FiveMTool.csproj]
/home/ubuntu/PROGRAMA-BETA/src/External/CodeWalker.Core/GameFiles/Resources/Frag.cs(1373,27): warning CS8618: Non-nullable property 'Padding' must contain a non-null value when exiting constructor. Consider declaring the property as nullable. [/home/ubuntu/PROGRAMA-BETA/src/FiveMTool.csproj]
/home/ubuntu/PROGRAMA-BETA/src/External/CodeWalker.Core/GameFiles/Resources/Filter.cs(237,33): warning CS8603: Possible null reference return. [/home/ubuntu/PROGRAMA-BETA/src/FiveMTool.csproj]
/home/ubuntu/PROGRAMA-BETA/src/External/CodeWalker.Core/GameFiles/GameFileCache.cs(4483,68): warning CS8604: Possible null reference argument for parameter 'entry' in 'byte[] RpfFile.ExtractFile(RpfFileEntry entry)'. [/home/ubuntu/PROGRAMA-BETA/src/FiveMTool.csproj]
/home/ubuntu/PROGRAMA-BETA/src/External/CodeWalker.Core/GameFiles/Resources/Frag.cs(2741,37): warning CS8602: Dereference of a possibly null reference. [/home/ubuntu/PROGRAMA-BETA/src/FiveMTool.csproj]
/home/ubuntu/PROGRAMA-BETA/src/External/CodeWalker.Core/GameFiles/Resources/Frag.cs(2775,37): warning CS8601: Possible null reference assignment. [/home/ubuntu/PROGRAMA-BETA/src/FiveMTool.csproj]
/home/ubuntu/PROGRAMA-BETA/src/External/CodeWalker.Core/GameFiles/Resources/Frag.cs(2779,30): warning CS8625: Cannot convert null literal to non-nullable reference type. [/home/ubuntu/PROGRAMA-BETA/src/FiveMTool.csproj]
/home/ubuntu/PROGRAMA-BETA/src/External/CodeWalker.Core/GameFiles/Resources/Frag.cs(478,40): warning CS8602: Dereference of a possibly null reference. [/home/ubuntu/PROGRAMA-BETA/src/FiveMTool.csproj]
/home/ubuntu/PROGRAMA-BETA/src/External/CodeWalker.Core/GameFiles/Resources/Frag.cs(482,41): warning CS8604: Possible null reference argument for parameter 'value' in 'string_r.explicit operator string_r(string value)'. [/home/ubuntu/PROGRAMA-BETA/src/FiveMTool.csproj]
/home/ubuntu/PROGRAMA-BETA/src/External/CodeWalker.Core/GameFiles/Resources/Frag.cs(511,43): warning CS8601: Possible null reference assignment. [/home/ubuntu/PROGRAMA-BETA/src/FiveMTool.csproj]
/home/ubuntu/PROGRAMA-BETA/src/External/CodeWalker.Core/GameFiles/Resources/Frag.cs(539,40): warning CS8601: Possible null reference assignment. [/home/ubuntu/PROGRAMA-BETA/src/FiveMTool.csproj]
/home/ubuntu/PROGRAMA-BETA/src/External/CodeWalker.Core/GameFiles/Resources/Frag.cs(543,45): warning CS8601: Possible null reference assignment. [/home/ubuntu/PROGRAMA-BETA/src/FiveMTool.csproj]
/home/ubuntu/PROGRAMA-BETA/src/External/CodeWalker.Core/GameFiles/Resources/Frag.cs(2250,75): warning CS8625: Cannot convert null literal to non-nullable reference type. [/home/ubuntu/PROGRAMA-BETA/src/FiveMTool.csproj]
/home/ubuntu/PROGRAMA-BETA/src/External/CodeWalker.Core/GameFiles/Resources/Frag.cs(2251,82): warning CS8625: Cannot convert null literal to non-nullable reference type. [/home/ubuntu/PROGRAMA-BETA/src/FiveMTool.csproj]
/home/ubuntu/PROGRAMA-BETA/src/External/CodeWalker.Core/GameFiles/Resources/Frag.cs(2252,75): warning CS8625: Cannot convert null literal to non-nullable reference type. [/home/ubuntu/PROGRAMA-BETA/src/FiveMTool.csproj]
/home/ubuntu/PROGRAMA-BETA/src/External/CodeWalker.Core/GameFiles/Resources/Frag.cs(2253,69): warning CS8625: Cannot convert null literal to non-nullable reference type. [/home/ubuntu/PROGRAMA-BETA/src/FiveMTool.csproj]
/home/ubuntu/PROGRAMA-BETA/src/External/CodeWalker.Core/GameFiles/Resources/Frag.cs(2254,69): warning CS8625: Cannot convert null literal to non-nullable reference type. [/home/ubuntu/PROGRAMA-BETA/src/FiveMTool.csproj]
/home/ubuntu/PROGRAMA-BETA/src/External/CodeWalker.Core/GameFiles/Resources/Frag.cs(2235,44): warning CS8618: Non-nullable property 'ArticulatedBodyType' must contain a non-null value when exiting constructor. Consider declaring the property as nullable. [/home/ubuntu/PROGRAMA-BETA/src/FiveMTool.csproj]
/home/ubuntu/PROGRAMA-BETA/src/External/CodeWalker.Core/GameFiles/Resources/Frag.cs(2236,24): warning CS8618: Non-nullable property 'ChildrenUnkFloats' must contain a non-null value when exiting constructor. Consider declaring the property as nullable. [/home/ubuntu/PROGRAMA-BETA/src/FiveMTool.csproj]
/home/ubuntu/PROGRAMA-BETA/src/External/CodeWalker.Core/GameFiles/Resources/Frag.cs(2237,40): warning CS8618: Non-nullable property 'GroupNames' must contain a non-null value when exiting constructor. Consider declaring the property as nullable. [/home/ubuntu/PROGRAMA-BETA/src/FiveMTool.csproj]
/home/ubuntu/PROGRAMA-BETA/src/External/CodeWalker.Core/GameFiles/Resources/Frag.cs(2238,58): warning CS8618: Non-nullable property 'Groups' must contain a non-null value when exiting constructor. Consider declaring the property as nullable. [/home/ubuntu/PROGRAMA-BETA/src/FiveMTool.csproj]
/home/ubuntu/PROGRAMA-BETA/src/External/CodeWalker.Core/GameFiles/Resources/Frag.cs(2239,58): warning CS8618: Non-nullable property 'Children' must contain a non-null value when exiting constructor. Consider declaring the property as nullable. [/home/ubuntu/PROGRAMA-BETA/src/FiveMTool.csproj]
/home/ubuntu/PROGRAMA-BETA/src/External/CodeWalker.Core/GameFiles/Resources/Frag.cs(2240,34): warning CS8618: Non-nullable property 'Archetype1' must contain a non-null value when exiting constructor. Consider declaring the property as nullable. [/home/ubuntu/PROGRAMA-BETA/src/FiveMTool.csproj]
/home/ubuntu/PROGRAMA-BETA/src/External/CodeWalker.Core/GameFiles/Resources/Frag.cs(2241,34): warning CS8618: Non-nullable property 'Archetype2' must contain a non-null value when exiting constructor. Consider declaring the property as nullable. [/home/ubuntu/PROGRAMA-BETA/src/FiveMTool.csproj]
/home/ubuntu/PROGRAMA-BETA/src/External/CodeWalker.Core/GameFiles/Resources/Frag.cs(2242,23): warning CS8618: Non-nullable property 'Bound' must contain a non-null value when exiting constructor. Consider declaring the property as nullable. [/home/ubuntu/PROGRAMA-BETA/src/FiveMTool.csproj]
/home/ubuntu/PROGRAMA-BETA/src/External/CodeWalker.Core/GameFiles/Resources/Frag.cs(2243,26): warning CS8618: Non-nullable property 'ChildrenInertiaTensors' must contain a non-null value when exiting constructor. Consider declaring the property as nullable. [/home/ubuntu/PROGRAMA-BETA/src/FiveMTool.csproj]
/home/ubuntu/PROGRAMA-BETA/src/External/CodeWalker.Core/GameFiles/Resources/Frag.cs(2244,26): warning CS8618: Non-nullable property 'ChildrenUnkVecs' must contain a non-null value when exiting constructor. Consider declaring the property as nullable. [/home/ubuntu/PROGRAMA-BETA/src/FiveMTool.csproj]
/home/ubuntu/PROGRAMA-BETA/src/External/CodeWalker.Core/GameFiles/Resources/Frag.cs(2245,35): warning CS8618: Non-nullable property 'FragTransforms' must contain a non-null value when exiting constructor. Consider declaring the property as nullable. [/home/ubuntu/PROGRAMA-BETA/src/FiveMTool.csproj]
/home/ubuntu/PROGRAMA-BETA/src/External/CodeWalker.Core/GameFiles/Resources/Frag.cs(2246,23): warning CS8618: Non-nullable property 'UnknownData1' must contain a non-null value when exiting constructor. Consider declaring the property as nullable. [/home/ubuntu/PROGRAMA-BETA/src/FiveMTool.csproj]
/home/ubuntu/PROGRAMA-BETA/src/External/CodeWalker.Core/GameFiles/Resources/Frag.cs(2247,23): warning CS8618: Non-nullable property 'UnknownData2' must contain a non-null value when exiting constructor. Consider declaring the property as nullable. [/home/ubuntu/PROGRAMA-BETA/src/FiveMTool.csproj]
/home/ubuntu/PROGRAMA-BETA/src/External/CodeWalker.Core/GameFiles/Resources/Frag.cs(564,38): warning CS8603: Possible null reference return. [/home/ubuntu/PROGRAMA-BETA/src/FiveMTool.csproj]
/home/ubuntu/PROGRAMA-BETA/src/External/CodeWalker.Core/GameFiles/Resources/Expression.cs(1368,20): warning CS8603: Possible null reference return. [/home/ubuntu/PROGRAMA-BETA/src/FiveMTool.csproj]
/home/ubuntu/PROGRAMA-BETA/src/External/CodeWalker.Core/GameFiles/Resources/Expression.cs(1353,44): warning CS8618: Non-nullable property 'Spring' must contain a non-null value when exiting constructor. Consider declaring the property as nullable. [/home/ubuntu/PROGRAMA-BETA/src/FiveMTool.csproj]
/home/ubuntu/PROGRAMA-BETA/src/External/CodeWalker.Core/GameFiles/Resources/Filter.cs(46,49): warning CS8618: Non-nullable property 'FilterNameHashes' must contain a non-null value when exiting constructor. Consider declaring the property as nullable. [/home/ubuntu/PROGRAMA-BETA/src/FiveMTool.csproj]
/home/ubuntu/PROGRAMA-BETA/src/External/CodeWalker.Core/GameFiles/Resources/Filter.cs(47,55): warning CS8618: Non-nullable property 'Filters' must contain a non-null value when exiting constructor. Consider declaring the property as nullable. [/home/ubuntu/PROGRAMA-BETA/src/FiveMTool.csproj]
/home/ubuntu/PROGRAMA-BETA/src/External/CodeWalker.Core/GameFiles/Resources/Frag.cs(634,36): warning CS8625: Cannot convert null literal to non-nullable reference type. [/home/ubuntu/PROGRAMA-BETA/src/FiveMTool.csproj]
/home/ubuntu/PROGRAMA-BETA/src/External/CodeWalker.Core/GameFiles/Resources/Frag.cs(619,30): warning CS8604: Possible null reference argument for parameter 'dr' in 'void assigndr(FragDrawable dr, BoundComposite pbcmp, int i)'. [/home/ubuntu/PROGRAMA-BETA/src/FiveMTool.csproj]
/home/ubuntu/PROGRAMA-BETA/src/External/CodeWalker.Core/GameFiles/Resources/Frag.cs(619,48): warning CS8604: Possible null reference argument for parameter 'pbcmp' in 'void assigndr(FragDrawable dr, BoundComposite pbcmp, int i)'. [/home/ubuntu/PROGRAMA-BETA/src/FiveMTool.csproj]
/home/ubuntu/PROGRAMA-BETA/src/External/CodeWalker.Core/GameFiles/Resources/Frag.cs(620,30): warning CS8604: Possible null reference argument for parameter 'dr' in 'void assigndr(FragDrawable dr, BoundComposite pbcmp, int i)'. [/home/ubuntu/PROGRAMA-BETA/src/FiveMTool.csproj]
/home/ubuntu/PROGRAMA-BETA/src/External/CodeWalker.Core/GameFiles/Resources/Frag.cs(620,48): warning CS8604: Possible null reference argument for parameter 'pbcmp' in 'void assigndr(FragDrawable dr, BoundComposite pbcmp, int i)'. [/home/ubuntu/PROGRAMA-BETA/src/FiveMTool.csproj]
/home/ubuntu/PROGRAMA-BETA/src/External/CodeWalker.Core/GameFiles/Resources/Expression.cs(1214,44): warning CS8618: Non-nullable property 'SpringDescription' must contain a non-null value when exiting constructor. Consider declaring the property as nullable. [/home/ubuntu/PROGRAMA-BETA/src/FiveMTool.csproj]
/home/ubuntu/PROGRAMA-BETA/src/External/CodeWalker.Core/GameFiles/GameFileCache.cs(4575,68): warning CS8604: Possible null reference argument for parameter 'entry' in 'byte[] RpfFile.ExtractFile(RpfFileEntry entry)'. [/home/ubuntu/PROGRAMA-BETA/src/FiveMTool.csproj]
/home/ubuntu/PROGRAMA-BETA/src/External/CodeWalker.Core/GameFiles/Resources/Frag.cs(653,31): warning CS8601: Possible null reference assignment. [/home/ubuntu/PROGRAMA-BETA/src/FiveMTool.csproj]
/home/ubuntu/PROGRAMA-BETA/src/External/CodeWalker.Core/GameFiles/Resources/Frag.cs(654,28): warning CS8601: Possible null reference assignment. [/home/ubuntu/PROGRAMA-BETA/src/FiveMTool.csproj]
/home/ubuntu/PROGRAMA-BETA/src/External/CodeWalker.Core/GameFiles/Resources/Frag.cs(659,29): warning CS8601: Possible null reference assignment. [/home/ubuntu/PROGRAMA-BETA/src/FiveMTool.csproj]
/home/ubuntu/PROGRAMA-BETA/src/External/CodeWalker.Core/GameFiles/Resources/Frag.cs(667,31): warning CS8604: Possible null reference argument for parameter 'dr' in 'void assignskb(FragDrawable dr, BoundComposite pbcmp, int i)'. [/home/ubuntu/PROGRAMA-BETA/src/FiveMTool.csproj]
/home/ubuntu/PROGRAMA-BETA/src/External/CodeWalker.Core/GameFiles/Resources/Frag.cs(667,49): warning CS8604: Possible null reference argument for parameter 'pbcmp' in 'void assignskb(FragDrawable dr, BoundComposite pbcmp, int i)'. [/home/ubuntu/PROGRAMA-BETA/src/FiveMTool.csproj]
/home/ubuntu/PROGRAMA-BETA/src/External/CodeWalker.Core/GameFiles/Resources/Frag.cs(668,31): warning CS8604: Possible null reference argument for parameter 'dr' in 'void assignskb(FragDrawable dr, BoundComposite pbcmp, int i)'. [/home/ubuntu/PROGRAMA-BETA/src/FiveMTool.csproj]
/home/ubuntu/PROGRAMA-BETA/src/External/CodeWalker.Core/GameFiles/Resources/Frag.cs(668,49): warning CS8604: Possible null reference argument for parameter 'pbcmp' in 'void assignskb(FragDrawable dr, BoundComposite pbcmp, int i)'. [/home/ubuntu/PROGRAMA-BETA/src/FiveMTool.csproj]
/home/ubuntu/PROGRAMA-BETA/src/External/CodeWalker.Core/GameFiles/Resources/Frag.cs(702,20): warning CS8604: Possible null reference argument for parameter 'lod' in 'void assign(FragPhysicsLOD lod)'. [/home/ubuntu/PROGRAMA-BETA/src/FiveMTool.csproj]
/home/ubuntu/PROGRAMA-BETA/src/External/CodeWalker.Core/GameFiles/Resources/Frag.cs(703,20): warning CS8604: Possible null reference argument for parameter 'lod' in 'void assign(FragPhysicsLOD lod)'. [/home/ubuntu/PROGRAMA-BETA/src/FiveMTool.csproj]
/home/ubuntu/PROGRAMA-BETA/src/External/CodeWalker.Core/GameFiles/Resources/Frag.cs(704,20): warning CS8604: Possible null reference argument for parameter 'lod' in 'void assign(FragPhysicsLOD lod)'. [/home/ubuntu/PROGRAMA-BETA/src/FiveMTool.csproj]
/home/ubuntu/PROGRAMA-BETA/src/External/CodeWalker.Core/GameFiles/GameFileCache.cs(4743,68): warning CS8604: Possible null reference argument for parameter 'entry' in 'byte[] RpfFile.ExtractFile(RpfFileEntry entry)'. [/home/ubuntu/PROGRAMA-BETA/src/FiveMTool.csproj]
/home/ubuntu/PROGRAMA-BETA/src/External/CodeWalker.Core/GameFiles/Resources/Frag.cs(755,20): warning CS8604: Possible null reference argument for parameter 'lod' in 'void ensure(FragPhysicsLOD lod)'. [/home/ubuntu/PROGRAMA-BETA/src/FiveMTool.csproj]
/home/ubuntu/PROGRAMA-BETA/src/External/CodeWalker.Core/GameFiles/Resources/Frag.cs(756,20): warning CS8604: Possible null reference argument for parameter 'lod' in 'void ensure(FragPhysicsLOD lod)'. [/home/ubuntu/PROGRAMA-BETA/src/FiveMTool.csproj]
/home/ubuntu/PROGRAMA-BETA/src/External/CodeWalker.Core/GameFiles/Resources/Frag.cs(757,20): warning CS8604: Possible null reference argument for parameter 'lod' in 'void ensure(FragPhysicsLOD lod)'. [/home/ubuntu/PROGRAMA-BETA/src/FiveMTool.csproj]
/home/ubuntu/PROGRAMA-BETA/src/External/CodeWalker.Core/GameFiles/Resources/Frag.cs(105,38): warning CS8625: Cannot convert null literal to non-nullable reference type. [/home/ubuntu/PROGRAMA-BETA/src/FiveMTool.csproj]
/home/ubuntu/PROGRAMA-BETA/src/External/CodeWalker.Core/GameFiles/Resources/Frag.cs(60,56): warning CS8618: Non-nullable property 'Cloths' must contain a non-null value when exiting constructor. Consider declaring the property as nullable. [/home/ubuntu/PROGRAMA-BETA/src/FiveMTool.csproj]
/home/ubuntu/PROGRAMA-BETA/src/External/CodeWalker.Core/GameFiles/Resources/Frag.cs(89,54): warning CS8618: Non-nullable property 'LightAttributes' must contain a non-null value when exiting constructor. Consider declaring the property as nullable. [/home/ubuntu/PROGRAMA-BETA/src/FiveMTool.csproj]
/home/ubuntu/PROGRAMA-BETA/src/External/CodeWalker.Core/GameFiles/Resources/Frag.cs(94,29): warning CS8618: Non-nullable property 'Drawable' must contain a non-null value when exiting constructor. Consider declaring the property as nullable. [/home/ubuntu/PROGRAMA-BETA/src/FiveMTool.csproj]
/home/ubuntu/PROGRAMA-BETA/src/External/CodeWalker.Core/GameFiles/Resources/Frag.cs(95,53): warning CS8618: Non-nullable property 'DrawableArray' must contain a non-null value when exiting constructor. Consider declaring the property as nullable. [/home/ubuntu/PROGRAMA-BETA/src/FiveMTool.csproj]
/home/ubuntu/PROGRAMA-BETA/src/External/CodeWalker.Core/GameFiles/Resources/Frag.cs(96,49): warning CS8618: Non-nullable property 'DrawableArrayNames' must contain a non-null value when exiting constructor. Consider declaring the property as nullable. [/home/ubuntu/PROGRAMA-BETA/src/FiveMTool.csproj]
/home/ubuntu/PROGRAMA-BETA/src/External/CodeWalker.Core/GameFiles/Resources/Frag.cs(97,23): warning CS8618: Non-nullable property 'Name' must contain a non-null value when exiting constructor. Consider declaring the property as nullable. [/home/ubuntu/PROGRAMA-BETA/src/FiveMTool.csproj]
/home/ubuntu/PROGRAMA-BETA/src/External/CodeWalker.Core/GameFiles/Resources/Frag.cs(98,35): warning CS8618: Non-nullable property 'BoneTransforms' must contain a non-null value when exiting constructor. Consider declaring the property as nullable. [/home/ubuntu/PROGRAMA-BETA/src/FiveMTool.csproj]
/home/ubuntu/PROGRAMA-BETA/src/External/CodeWalker.Core/GameFiles/Resources/Frag.cs(99,56): warning CS8618: Non-nullable property 'GlassWindows' must contain a non-null value when exiting constructor. Consider declaring the property as nullable. [/home/ubuntu/PROGRAMA-BETA/src/FiveMTool.csproj]
/home/ubuntu/PROGRAMA-BETA/src/External/CodeWalker.Core/GameFiles/Resources/Frag.cs(100,36): warning CS8618: Non-nullable property 'PhysicsLODGroup' must contain a non-null value when exiting constructor. Consider declaring the property as nullable. [/home/ubuntu/PROGRAMA-BETA/src/FiveMTool.csproj]
/home/ubuntu/PROGRAMA-BETA/src/External/CodeWalker.Core/GameFiles/Resources/Frag.cs(101,29): warning CS8618: Non-nullable property 'DrawableCloth' must contain a non-null value when exiting constructor. Consider declaring the property as nullable. [/home/ubuntu/PROGRAMA-BETA/src/FiveMTool.csproj]
/home/ubuntu/PROGRAMA-BETA/src/External/CodeWalker.Core/GameFiles/Resources/Frag.cs(102,40): warning CS8618: Non-nullable property 'VehicleGlassWindows' must contain a non-null value when exiting constructor. Consider declaring the property as nullable. [/home/ubuntu/PROGRAMA-BETA/src/FiveMTool.csproj]
/home/ubuntu/PROGRAMA-BETA/src/External/CodeWalker.Core/GameFiles/Resources/Frag.cs(107,24): warning CS8618: Non-nullable property 'Yft' must contain a non-null value when exiting constructor. Consider declaring the property as nullable. [/home/ubuntu/PROGRAMA-BETA/src/FiveMTool.csproj]
/home/ubuntu/PROGRAMA-BETA/src/External/CodeWalker.Core/GameFiles/Resources/Expression.cs(1006,26): warning CS8602: Dereference of a possibly null reference. [/home/ubuntu/PROGRAMA-BETA/src/FiveMTool.csproj]
/home/ubuntu/PROGRAMA-BETA/src/External/CodeWalker.Core/GameFiles/Resources/Expression.cs(1037,25): warning CS8602: Dereference of a possibly null reference. [/home/ubuntu/PROGRAMA-BETA/src/FiveMTool.csproj]
/home/ubuntu/PROGRAMA-BETA/src/External/CodeWalker.Core/GameFiles/Resources/Expression.cs(964,29): warning CS8618: Non-nullable property 'SourceInfos' must contain a non-null value when exiting constructor. Consider declaring the property as nullable. [/home/ubuntu/PROGRAMA-BETA/src/FiveMTool.csproj]
/home/ubuntu/PROGRAMA-BETA/src/External/CodeWalker.Core/GameFiles/Resources/Expression.cs(965,26): warning CS8618: Non-nullable property 'Values' must contain a non-null value when exiting constructor. Consider declaring the property as nullable. [/home/ubuntu/PROGRAMA-BETA/src/FiveMTool.csproj]
/home/ubuntu/PROGRAMA-BETA/src/External/CodeWalker.Core/GameFiles/Resources/Expression.cs(853,20): warning CS8618: Non-nullable property 'X' must contain a non-null value when exiting constructor. Consider declaring the property as nullable. [/home/ubuntu/PROGRAMA-BETA/src/FiveMTool.csproj]
/home/ubuntu/PROGRAMA-BETA/src/External/CodeWalker.Core/GameFiles/Resources/Expression.cs(853,20): warning CS8618: Non-nullable property 'Y' must contain a non-null value when exiting constructor. Consider declaring the property as nullable. [/home/ubuntu/PROGRAMA-BETA/src/FiveMTool.csproj]
/home/ubuntu/PROGRAMA-BETA/src/External/CodeWalker.Core/GameFiles/Resources/Expression.cs(853,20): warning CS8618: Non-nullable property 'Z' must contain a non-null value when exiting constructor. Consider declaring the property as nullable. [/home/ubuntu/PROGRAMA-BETA/src/FiveMTool.csproj]
/home/ubuntu/PROGRAMA-BETA/src/External/CodeWalker.Core/GameFiles/Resources/Expression.cs(132,38): warning CS8603: Possible null reference return. [/home/ubuntu/PROGRAMA-BETA/src/FiveMTool.csproj]
/home/ubuntu/PROGRAMA-BETA/src/External/CodeWalker.Core/GameFiles/Resources/Expression.cs(294,43): warning CS8602: Dereference of a possibly null reference. [/home/ubuntu/PROGRAMA-BETA/src/FiveMTool.csproj]
/home/ubuntu/PROGRAMA-BETA/src/External/CodeWalker.Core/GameFiles/Resources/Expression.cs(299,43): warning CS8602: Dereference of a possibly null reference. [/home/ubuntu/PROGRAMA-BETA/src/FiveMTool.csproj]
/home/ubuntu/PROGRAMA-BETA/src/External/CodeWalker.Core/GameFiles/GameFileCache.cs(5156,68): warning CS8604: Possible null reference argument for parameter 'entry' in 'byte[] RpfFile.ExtractFile(RpfFileEntry entry)'. [/home/ubuntu/PROGRAMA-BETA/src/FiveMTool.csproj]
/home/ubuntu/PROGRAMA-BETA/src/External/CodeWalker.Core/GameFiles/Resources/Expression.cs(908,27): warning CS8604: Possible null reference argument for parameter 'node' in 'void SourceComponent.ReadXml(XmlNode node)'. [/home/ubuntu/PROGRAMA-BETA/src/FiveMTool.csproj]
/home/ubuntu/PROGRAMA-BETA/src/External/CodeWalker.Core/GameFiles/Resources/Expression.cs(910,27): warning CS8604: Possible null reference argument for parameter 'node' in 'void SourceComponent.ReadXml(XmlNode node)'. [/home/ubuntu/PROGRAMA-BETA/src/FiveMTool.csproj]
/home/ubuntu/PROGRAMA-BETA/src/External/CodeWalker.Core/GameFiles/Resources/Expression.cs(912,27): warning CS8604: Possible null reference argument for parameter 'node' in 'void SourceComponent.ReadXml(XmlNode node)'. [/home/ubuntu/PROGRAMA-BETA/src/FiveMTool.csproj]
/home/ubuntu/PROGRAMA-BETA/src/External/CodeWalker.Core/GameFiles/Resources/Expression.cs(166,21): warning CS8602: Dereference of a possibly null reference. [/home/ubuntu/PROGRAMA-BETA/src/FiveMTool.csproj]
/home/ubuntu/PROGRAMA-BETA/src/External/CodeWalker.Core/GameFiles/Resources/Expression.cs(47,49): warning CS8618: Non-nullable property 'ExpressionNameHashes' must contain a non-null value when exiting constructor. Consider declaring the property as nullable. [/home/ubuntu/PROGRAMA-BETA/src/FiveMTool.csproj]
/home/ubuntu/PROGRAMA-BETA/src/External/CodeWalker.Core/GameFiles/Resources/Expression.cs(48,50): warning CS8618: Non-nullable property 'Expressions' must contain a non-null value when exiting constructor. Consider declaring the property as nullable. [/home/ubuntu/PROGRAMA-BETA/src/FiveMTool.csproj]
/home/ubuntu/PROGRAMA-BETA/src/External/CodeWalker.Core/GameFiles/Resources/Expression.cs(50,49): warning CS8618: Non-nullable property 'ExprMap' must contain a non-null value when exiting constructor. Consider declaring the property as nullable. [/home/ubuntu/PROGRAMA-BETA/src/FiveMTool.csproj]
/home/ubuntu/PROGRAMA-BETA/src/External/CodeWalker.Core/GameFiles/GameFileCache.cs(5195,45): warning CS8600: Converting null literal or possible null value to non-nullable type. [/home/ubuntu/PROGRAMA-BETA/src/FiveMTool.csproj]
/home/ubuntu/PROGRAMA-BETA/src/External/CodeWalker.Core/GameFiles/GameFileCache.cs(5230,44): warning CS8600: Converting null literal or possible null value to non-nullable type. [/home/ubuntu/PROGRAMA-BETA/src/FiveMTool.csproj]
/home/ubuntu/PROGRAMA-BETA/src/External/CodeWalker.Core/GameFiles/Resources/Expression.cs(483,23): warning CS8618: Non-nullable property 'Data1' must contain a non-null value when exiting constructor. Consider declaring the property as nullable. [/home/ubuntu/PROGRAMA-BETA/src/FiveMTool.csproj]
/home/ubuntu/PROGRAMA-BETA/src/External/CodeWalker.Core/GameFiles/Resources/Expression.cs(484,23): warning CS8618: Non-nullable property 'Data2' must contain a non-null value when exiting constructor. Consider declaring the property as nullable. [/home/ubuntu/PROGRAMA-BETA/src/FiveMTool.csproj]
/home/ubuntu/PROGRAMA-BETA/src/External/CodeWalker.Core/GameFiles/Resources/Expression.cs(485,23): warning CS8618: Non-nullable property 'Data3' must contain a non-null value when exiting constructor. Consider declaring the property as nullable. [/home/ubuntu/PROGRAMA-BETA/src/FiveMTool.csproj]
/home/ubuntu/PROGRAMA-BETA/src/External/CodeWalker.Core/GameFiles/Resources/Expression.cs(488,38): warning CS8618: Non-nullable property 'Instructions' must contain a non-null value when exiting constructor. Consider declaring the property as nullable. [/home/ubuntu/PROGRAMA-BETA/src/FiveMTool.csproj]
/home/ubuntu/PROGRAMA-BETA/src/External/CodeWalker.Core/GameFiles/Resources/Expression.cs(932,36): warning CS8602: Dereference of a possibly null reference. [/home/ubuntu/PROGRAMA-BETA/src/FiveMTool.csproj]
/home/ubuntu/PROGRAMA-BETA/src/External/CodeWalker.Core/GameFiles/Resources/Expression.cs(933,36): warning CS8602: Dereference of a possibly null reference. [/home/ubuntu/PROGRAMA-BETA/src/FiveMTool.csproj]
/home/ubuntu/PROGRAMA-BETA/src/External/CodeWalker.Core/GameFiles/Resources/Expression.cs(934,36): warning CS8602: Dereference of a possibly null reference. [/home/ubuntu/PROGRAMA-BETA/src/FiveMTool.csproj]
/home/ubuntu/PROGRAMA-BETA/src/External/CodeWalker.Core/GameFiles/Resources/Expression.cs(935,36): warning CS8602: Dereference of a possibly null reference. [/home/ubuntu/PROGRAMA-BETA/src/FiveMTool.csproj]
/home/ubuntu/PROGRAMA-BETA/src/External/CodeWalker.Core/GameFiles/Resources/Expression.cs(936,36): warning CS8602: Dereference of a possibly null reference. [/home/ubuntu/PROGRAMA-BETA/src/FiveMTool.csproj]
/home/ubuntu/PROGRAMA-BETA/src/External/CodeWalker.Core/GameFiles/Resources/Expression.cs(937,36): warning CS8602: Dereference of a possibly null reference. [/home/ubuntu/PROGRAMA-BETA/src/FiveMTool.csproj]
/home/ubuntu/PROGRAMA-BETA/src/External/CodeWalker.Core/GameFiles/Resources/Expression.cs(942,40): warning CS8602: Dereference of a possibly null reference. [/home/ubuntu/PROGRAMA-BETA/src/FiveMTool.csproj]
/home/ubuntu/PROGRAMA-BETA/src/External/CodeWalker.Core/GameFiles/Resources/Expression.cs(943,40): warning CS8602: Dereference of a possibly null reference. [/home/ubuntu/PROGRAMA-BETA/src/FiveMTool.csproj]
/home/ubuntu/PROGRAMA-BETA/src/External/CodeWalker.Core/GameFiles/Resources/Expression.cs(944,40): warning CS8602: Dereference of a possibly null reference. [/home/ubuntu/PROGRAMA-BETA/src/FiveMTool.csproj]
/home/ubuntu/PROGRAMA-BETA/src/External/CodeWalker.Core/GameFiles/Resources/Expression.cs(824,20): warning CS8618: Non-nullable property 'Weights' must contain a non-null value when exiting constructor. Consider declaring the property as nullable. [/home/ubuntu/PROGRAMA-BETA/src/FiveMTool.csproj]
/home/ubuntu/PROGRAMA-BETA/src/External/CodeWalker.Core/GameFiles/Resources/Expression.cs(824,20): warning CS8618: Non-nullable property 'Offsets' must contain a non-null value when exiting constructor. Consider declaring the property as nullable. [/home/ubuntu/PROGRAMA-BETA/src/FiveMTool.csproj]
/home/ubuntu/PROGRAMA-BETA/src/External/CodeWalker.Core/GameFiles/Resources/Expression.cs(824,20): warning CS8618: Non-nullable property 'Thresholds' must contain a non-null value when exiting constructor. Consider declaring the property as nullable. [/home/ubuntu/PROGRAMA-BETA/src/FiveMTool.csproj]
/home/ubuntu/PROGRAMA-BETA/src/External/CodeWalker.Core/GameFiles/Resources/Drawable.cs(6969,70): warning CS8602: Dereference of a possibly null reference. [/home/ubuntu/PROGRAMA-BETA/src/FiveMTool.csproj]
/home/ubuntu/PROGRAMA-BETA/src/External/CodeWalker.Core/GameFiles/Resources/Drawable.cs(7172,38): warning CS8603: Possible null reference return. [/home/ubuntu/PROGRAMA-BETA/src/FiveMTool.csproj]
/home/ubuntu/PROGRAMA-BETA/src/External/CodeWalker.Core/GameFiles/Resources/Drawable.cs(7054,63): warning CS8625: Cannot convert null literal to non-nullable reference type. [/home/ubuntu/PROGRAMA-BETA/src/FiveMTool.csproj]
/home/ubuntu/PROGRAMA-BETA/src/External/CodeWalker.Core/GameFiles/Resources/Drawable.cs(7050,23): warning CS8618: Non-nullable property 'Hashes' must contain a non-null value when exiting constructor. Consider declaring the property as nullable. [/home/ubuntu/PROGRAMA-BETA/src/FiveMTool.csproj]
/home/ubuntu/PROGRAMA-BETA/src/External/CodeWalker.Core/GameFiles/Resources/Drawable.cs(7051,49): warning CS8618: Non-nullable property 'Drawables' must contain a non-null value when exiting constructor. Consider declaring the property as nullable. [/home/ubuntu/PROGRAMA-BETA/src/FiveMTool.csproj]
/home/ubuntu/PROGRAMA-BETA/src/External/CodeWalker.Core/GameFiles/Resources/Drawable.cs(6873,38): warning CS8603: Possible null reference return. [/home/ubuntu/PROGRAMA-BETA/src/FiveMTool.csproj]
/home/ubuntu/PROGRAMA-BETA/src/External/CodeWalker.Core/GameFiles/Resources/Drawable.cs(7010,38): warning CS8603: Possible null reference return. [/home/ubuntu/PROGRAMA-BETA/src/FiveMTool.csproj]
/home/ubuntu/PROGRAMA-BETA/src/External/CodeWalker.Core/GameFiles/Resources/Drawable.cs(6906,63): warning CS8625: Cannot convert null literal to non-nullable reference type. [/home/ubuntu/PROGRAMA-BETA/src/FiveMTool.csproj]
/home/ubuntu/PROGRAMA-BETA/src/External/CodeWalker.Core/GameFiles/Resources/Drawable.cs(6902,23): warning CS8618: Non-nullable property 'Hashes' must contain a non-null value when exiting constructor. Consider declaring the property as nullable. [/home/ubuntu/PROGRAMA-BETA/src/FiveMTool.csproj]
/home/ubuntu/PROGRAMA-BETA/src/External/CodeWalker.Core/GameFiles/Resources/Drawable.cs(6903,53): warning CS8618: Non-nullable property 'Drawables' must contain a non-null value when exiting constructor. Consider declaring the property as nullable. [/home/ubuntu/PROGRAMA-BETA/src/FiveMTool.csproj]
/home/ubuntu/PROGRAMA-BETA/src/External/CodeWalker.Core/GameFiles/Resources/Expression.cs(469,20): warning CS8603: Possible null reference return. [/home/ubuntu/PROGRAMA-BETA/src/FiveMTool.csproj]
/home/ubuntu/PROGRAMA-BETA/src/External/CodeWalker.Core/GameFiles/Resources/Expression.cs(189,56): warning CS8618: Non-nullable property 'Streams' must contain a non-null value when exiting constructor. Consider declaring the property as nullable. [/home/ubuntu/PROGRAMA-BETA/src/FiveMTool.csproj]
/home/ubuntu/PROGRAMA-BETA/src/External/CodeWalker.Core/GameFiles/Resources/Expression.cs(190,56): warning CS8618: Non-nullable property 'Tracks' must contain a non-null value when exiting constructor. Consider declaring the property as nullable. [/home/ubuntu/PROGRAMA-BETA/src/FiveMTool.csproj]
/home/ubuntu/PROGRAMA-BETA/src/External/CodeWalker.Core/GameFiles/Resources/Expression.cs(191,71): warning CS8618: Non-nullable property 'Springs' must contain a non-null value when exiting constructor. Consider declaring the property as nullable. [/home/ubuntu/PROGRAMA-BETA/src/FiveMTool.csproj]
/home/ubuntu/PROGRAMA-BETA/src/External/CodeWalker.Core/GameFiles/Resources/Expression.cs(192,49): warning CS8618: Non-nullable property 'Variables' must contain a non-null value when exiting constructor. Consider declaring the property as nullable. [/home/ubuntu/PROGRAMA-BETA/src/FiveMTool.csproj]
/home/ubuntu/PROGRAMA-BETA/src/External/CodeWalker.Core/GameFiles/Resources/Expression.cs(206,25): warning CS8618: Non-nullable property 'Name' must contain a non-null value when exiting constructor. Consider declaring the property as nullable. [/home/ubuntu/PROGRAMA-BETA/src/FiveMTool.csproj]
/home/ubuntu/PROGRAMA-BETA/src/External/CodeWalker.Core/GameFiles/Resources/Expression.cs(209,61): warning CS8618: Non-nullable property 'BoneTracksDict' must contain a non-null value when exiting constructor. Consider declaring the property as nullable. [/home/ubuntu/PROGRAMA-BETA/src/FiveMTool.csproj]
/home/ubuntu/PROGRAMA-BETA/src/External/CodeWalker.Core/GameFiles/Resources/Drawable.cs(6796,38): warning CS8603: Possible null reference return. [/home/ubuntu/PROGRAMA-BETA/src/FiveMTool.csproj]
/home/ubuntu/PROGRAMA-BETA/src/External/CodeWalker.Core/GameFiles/Resources/Drawable.cs(6702,38): warning CS8625: Cannot convert null literal to non-nullable reference type. [/home/ubuntu/PROGRAMA-BETA/src/FiveMTool.csproj]
/home/ubuntu/PROGRAMA-BETA/src/External/CodeWalker.Core/GameFiles/Resources/Drawable.cs(6691,54): warning CS8618: Non-nullable property 'LightAttributes' must contain a non-null value when exiting constructor. Consider declaring the property as nullable. [/home/ubuntu/PROGRAMA-BETA/src/FiveMTool.csproj]
/home/ubuntu/PROGRAMA-BETA/src/External/CodeWalker.Core/GameFiles/Resources/Drawable.cs(6696,23): warning CS8618: Non-nullable property 'Name' must contain a non-null value when exiting constructor. Consider declaring the property as nullable. [/home/ubuntu/PROGRAMA-BETA/src/FiveMTool.csproj]
/home/ubuntu/PROGRAMA-BETA/src/External/CodeWalker.Core/GameFiles/Resources/Drawable.cs(6697,23): warning CS8618: Non-nullable property 'Bound' must contain a non-null value when exiting constructor. Consider declaring the property as nullable. [/home/ubuntu/PROGRAMA-BETA/src/FiveMTool.csproj]
/home/ubuntu/PROGRAMA-BETA/src/External/CodeWalker.Core/GameFiles/Resources/Drawable.cs(6699,23): warning CS8618: Non-nullable property 'ErrorMessage' must contain a non-null value when exiting constructor. Consider declaring the property as nullable. [/home/ubuntu/PROGRAMA-BETA/src/FiveMTool.csproj]
/home/ubuntu/PROGRAMA-BETA/src/External/CodeWalker.Core/GameFiles/GameFileCache.cs(5405,41): warning CS8602: Dereference of a possibly null reference. [/home/ubuntu/PROGRAMA-BETA/src/FiveMTool.csproj]
/home/ubuntu/PROGRAMA-BETA/src/External/CodeWalker.Core/GameFiles/GameFileCache.cs(5274,54): warning CS8600: Converting null literal or possible null value to non-nullable type. [/home/ubuntu/PROGRAMA-BETA/src/FiveMTool.csproj]
/home/ubuntu/PROGRAMA-BETA/src/External/CodeWalker.Core/GameFiles/GameFileCache.cs(5275,59): warning CS8600: Converting null literal or possible null value to non-nullable type. [/home/ubuntu/PROGRAMA-BETA/src/FiveMTool.csproj]
/home/ubuntu/PROGRAMA-BETA/src/External/CodeWalker.Core/GameFiles/GameFileCache.cs(5281,44): warning CS8604: Possible null reference argument for parameter 'g' in 'void ShaderXmlDataCollection.AddShaderUse(ShaderFX s, DrawableGeometry g)'. [/home/ubuntu/PROGRAMA-BETA/src/FiveMTool.csproj]
/home/ubuntu/PROGRAMA-BETA/src/External/CodeWalker.Core/GameFiles/Resources/Drawable.cs(5627,71): warning CS8625: Cannot convert null literal to non-nullable reference type. [/home/ubuntu/PROGRAMA-BETA/src/FiveMTool.csproj]
/home/ubuntu/PROGRAMA-BETA/src/External/CodeWalker.Core/GameFiles/Resources/Drawable.cs(5115,43): warning CS8603: Possible null reference return. [/home/ubuntu/PROGRAMA-BETA/src/FiveMTool.csproj]
/home/ubuntu/PROGRAMA-BETA/src/External/CodeWalker.Core/GameFiles/Resources/Drawable.cs(5484,66): warning CS8625: Cannot convert null literal to non-nullable reference type. [/home/ubuntu/PROGRAMA-BETA/src/FiveMTool.csproj]
/home/ubuntu/PROGRAMA-BETA/src/External/CodeWalker.Core/GameFiles/Resources/Drawable.cs(5475,37): warning CS8618: Non-nullable property 'G9_SRV' must contain a non-null value when exiting constructor. Consider declaring the property as nullable. [/home/ubuntu/PROGRAMA-BETA/src/FiveMTool.csproj]
/home/ubuntu/PROGRAMA-BETA/src/External/CodeWalker.Core/GameFiles/Resources/Drawable.cs(5481,25): warning CS8618: Non-nullable property 'Indices' must contain a non-null value when exiting constructor. Consider declaring the property as nullable. [/home/ubuntu/PROGRAMA-BETA/src/FiveMTool.csproj]
/home/ubuntu/PROGRAMA-BETA/src/External/CodeWalker.Core/GameFiles/Resources/Drawable.cs(5074,23): warning CS8618: Non-nullable property 'Offsets' must contain a non-null value when exiting constructor. Consider declaring the property as nullable. [/home/ubuntu/PROGRAMA-BETA/src/FiveMTool.csproj]
/home/ubuntu/PROGRAMA-BETA/src/External/CodeWalker.Core/GameFiles/Resources/Drawable.cs(5075,23): warning CS8618: Non-nullable property 'Sizes' must contain a non-null value when exiting constructor. Consider declaring the property as nullable. [/home/ubuntu/PROGRAMA-BETA/src/FiveMTool.csproj]
/home/ubuntu/PROGRAMA-BETA/src/External/CodeWalker.Core/GameFiles/Resources/Drawable.cs(5076,23): warning CS8618: Non-nullable property 'Types' must contain a non-null value when exiting constructor. Consider declaring the property as nullable. [/home/ubuntu/PROGRAMA-BETA/src/FiveMTool.csproj]
/home/ubuntu/PROGRAMA-BETA/src/External/CodeWalker.Core/GameFiles/Resources/Drawable.cs(6419,34): warning CS8625: Cannot convert null literal to non-nullable reference type. [/home/ubuntu/PROGRAMA-BETA/src/FiveMTool.csproj]
/home/ubuntu/PROGRAMA-BETA/src/External/CodeWalker.Core/GameFiles/Resources/Drawable.cs(6460,39): warning CS8601: Possible null reference assignment. [/home/ubuntu/PROGRAMA-BETA/src/FiveMTool.csproj]
/home/ubuntu/PROGRAMA-BETA/src/External/CodeWalker.Core/GameFiles/Resources/Drawable.cs(6513,41): warning CS8604: Possible null reference argument for parameter 'models' in 'byte DrawableBase.BuildRenderMask(DrawableModel[] models)'. [/home/ubuntu/PROGRAMA-BETA/src/FiveMTool.csproj]
/home/ubuntu/PROGRAMA-BETA/src/External/CodeWalker.Core/GameFiles/Resources/Drawable.cs(6514,41): warning CS8604: Possible null reference argument for parameter 'models' in 'byte DrawableBase.BuildRenderMask(DrawableModel[] models)'. [/home/ubuntu/PROGRAMA-BETA/src/FiveMTool.csproj]
/home/ubuntu/PROGRAMA-BETA/src/External/CodeWalker.Core/GameFiles/Resources/Drawable.cs(6515,41): warning CS8604: Possible null reference argument for parameter 'models' in 'byte DrawableBase.BuildRenderMask(DrawableModel[] models)'. [/home/ubuntu/PROGRAMA-BETA/src/FiveMTool.csproj]
/home/ubuntu/PROGRAMA-BETA/src/External/CodeWalker.Core/GameFiles/Resources/Drawable.cs(6516,41): warning CS8604: Possible null reference argument for parameter 'models' in 'byte DrawableBase.BuildRenderMask(DrawableModel[] models)'. [/home/ubuntu/PROGRAMA-BETA/src/FiveMTool.csproj]
/home/ubuntu/PROGRAMA-BETA/src/External/CodeWalker.Core/GameFiles/Resources/Drawable.cs(6550,30): warning CS8600: Converting null literal or possible null value to non-nullable type. [/home/ubuntu/PROGRAMA-BETA/src/FiveMTool.csproj]
/home/ubuntu/PROGRAMA-BETA/src/External/CodeWalker.Core/GameFiles/Resources/Drawable.cs(6591,30): warning CS8601: Possible null reference assignment. [/home/ubuntu/PROGRAMA-BETA/src/FiveMTool.csproj]
/home/ubuntu/PROGRAMA-BETA/src/External/CodeWalker.Core/GameFiles/Resources/Drawable.cs(6593,41): warning CS8601: Possible null reference assignment. [/home/ubuntu/PROGRAMA-BETA/src/FiveMTool.csproj]
/home/ubuntu/PROGRAMA-BETA/src/External/CodeWalker.Core/GameFiles/Resources/Drawable.cs(6594,40): warning CS8601: Possible null reference assignment. [/home/ubuntu/PROGRAMA-BETA/src/FiveMTool.csproj]
/home/ubuntu/PROGRAMA-BETA/src/External/CodeWalker.Core/GameFiles/Resources/Drawable.cs(6595,40): warning CS8601: Possible null reference assignment. [/home/ubuntu/PROGRAMA-BETA/src/FiveMTool.csproj]
/home/ubuntu/PROGRAMA-BETA/src/External/CodeWalker.Core/GameFiles/Resources/Drawable.cs(6596,41): warning CS8601: Possible null reference assignment. [/home/ubuntu/PROGRAMA-BETA/src/FiveMTool.csproj]
/home/ubuntu/PROGRAMA-BETA/src/External/CodeWalker.Core/GameFiles/Resources/Drawable.cs(6597,42): warning CS8601: Possible null reference assignment. [/home/ubuntu/PROGRAMA-BETA/src/FiveMTool.csproj]
/home/ubuntu/PROGRAMA-BETA/src/External/CodeWalker.Core/GameFiles/Resources/Drawable.cs(6603,20): warning CS8603: Possible null reference return. [/home/ubuntu/PROGRAMA-BETA/src/FiveMTool.csproj]
/home/ubuntu/PROGRAMA-BETA/src/External/CodeWalker.Core/GameFiles/Resources/Drawable.cs(6032,28): warning CS8618: Non-nullable property 'ShaderGroup' must contain a non-null value when exiting constructor. Consider declaring the property as nullable. [/home/ubuntu/PROGRAMA-BETA/src/FiveMTool.csproj]
/home/ubuntu/PROGRAMA-BETA/src/External/CodeWalker.Core/GameFiles/Resources/Drawable.cs(6033,25): warning CS8618: Non-nullable property 'Skeleton' must contain a non-null value when exiting constructor. Consider declaring the property as nullable. [/home/ubuntu/PROGRAMA-BETA/src/FiveMTool.csproj]
/home/ubuntu/PROGRAMA-BETA/src/External/CodeWalker.Core/GameFiles/Resources/Drawable.cs(6034,23): warning CS8618: Non-nullable property 'Joints' must contain a non-null value when exiting constructor. Consider declaring the property as nullable. [/home/ubuntu/PROGRAMA-BETA/src/FiveMTool.csproj]
/home/ubuntu/PROGRAMA-BETA/src/External/CodeWalker.Core/GameFiles/Resources/Drawable.cs(6035,36): warning CS8618: Non-nullable property 'DrawableModels' must contain a non-null value when exiting constructor. Consider declaring the property as nullable. [/home/ubuntu/PROGRAMA-BETA/src/FiveMTool.csproj]
/home/ubuntu/PROGRAMA-BETA/src/External/CodeWalker.Core/GameFiles/Resources/Drawable.cs(6038,32): warning CS8618: Non-nullable property 'AllModels' must contain a non-null value when exiting constructor. Consider declaring the property as nullable. [/home/ubuntu/PROGRAMA-BETA/src/FiveMTool.csproj]
/home/ubuntu/PROGRAMA-BETA/src/External/CodeWalker.Core/GameFiles/Resources/Drawable.cs(6039,53): warning CS8618: Non-nullable property 'VertexDecls' must contain a non-null value when exiting constructor. Consider declaring the property as nullable. [/home/ubuntu/PROGRAMA-BETA/src/FiveMTool.csproj]
/home/ubuntu/PROGRAMA-BETA/src/External/CodeWalker.Core/GameFiles/Resources/Drawable.cs(6041,23): warning CS8618: Non-nullable property 'Owner' must contain a non-null value when exiting constructor. Consider declaring the property as nullable. [/home/ubuntu/PROGRAMA-BETA/src/FiveMTool.csproj]
/home/ubuntu/PROGRAMA-BETA/src/External/CodeWalker.Core/GameFiles/Resources/Drawable.cs(3941,27): warning CS8601: Possible null reference assignment. [/home/ubuntu/PROGRAMA-BETA/src/FiveMTool.csproj]
/home/ubuntu/PROGRAMA-BETA/src/External/CodeWalker.Core/GameFiles/Resources/Drawable.cs(3711,29): warning CS8618: Non-nullable property 'VertexBuffer' must contain a non-null value when exiting constructor. Consider declaring the property as nullable. [/home/ubuntu/PROGRAMA-BETA/src/FiveMTool.csproj]
/home/ubuntu/PROGRAMA-BETA/src/External/CodeWalker.Core/GameFiles/Resources/Drawable.cs(3712,28): warning CS8618: Non-nullable property 'IndexBuffer' must contain a non-null value when exiting constructor. Consider declaring the property as nullable. [/home/ubuntu/PROGRAMA-BETA/src/FiveMTool.csproj]
/home/ubuntu/PROGRAMA-BETA/src/External/CodeWalker.Core/GameFiles/Resources/Drawable.cs(3713,27): warning CS8618: Non-nullable property 'VertexData' must contain a non-null value when exiting constructor. Consider declaring the property as nullable. [/home/ubuntu/PROGRAMA-BETA/src/FiveMTool.csproj]
/home/ubuntu/PROGRAMA-BETA/src/External/CodeWalker.Core/GameFiles/Resources/Drawable.cs(3714,25): warning CS8618: Non-nullable property 'BoneIds' must contain a non-null value when exiting constructor. Consider declaring the property as nullable. [/home/ubuntu/PROGRAMA-BETA/src/FiveMTool.csproj]
/home/ubuntu/PROGRAMA-BETA/src/External/CodeWalker.Core/GameFiles/Resources/Drawable.cs(3715,25): warning CS8618: Non-nullable property 'Shader' must contain a non-null value when exiting constructor. Consider declaring the property as nullable. [/home/ubuntu/PROGRAMA-BETA/src/FiveMTool.csproj]
/home/ubuntu/PROGRAMA-BETA/src/External/CodeWalker.Core/GameFiles/Resources/Drawable.cs(4295,38): warning CS8603: Possible null reference return. [/home/ubuntu/PROGRAMA-BETA/src/FiveMTool.csproj]
/home/ubuntu/PROGRAMA-BETA/src/External/CodeWalker.Core/GameFiles/Resources/Drawable.cs(4296,52): warning CS8603: Possible null reference return. [/home/ubuntu/PROGRAMA-BETA/src/FiveMTool.csproj]
/home/ubuntu/PROGRAMA-BETA/src/External/CodeWalker.Core/GameFiles/Resources/Drawable.cs(4365,21): warning CS8601: Possible null reference assignment. [/home/ubuntu/PROGRAMA-BETA/src/FiveMTool.csproj]
/home/ubuntu/PROGRAMA-BETA/src/External/CodeWalker.Core/GameFiles/GameFileCache.cs(5658,40): warning CS8602: Dereference of a possibly null reference. [/home/ubuntu/PROGRAMA-BETA/src/FiveMTool.csproj]
/home/ubuntu/PROGRAMA-BETA/src/External/CodeWalker.Core/GameFiles/GameFileCache.cs(5661,58): warning CS8604: Possible null reference argument for parameter 'text' in 'uint JenkHash.GenHash(string text)'. [/home/ubuntu/PROGRAMA-BETA/src/FiveMTool.csproj]
/home/ubuntu/PROGRAMA-BETA/src/External/CodeWalker.Core/GameFiles/GameFileCache.cs(5685,39): warning CS8602: Dereference of a possibly null reference. [/home/ubuntu/PROGRAMA-BETA/src/FiveMTool.csproj]
/home/ubuntu/PROGRAMA-BETA/src/External/CodeWalker.Core/GameFiles/GameFileCache.cs(5689,63): warning CS8604: Possible null reference argument for parameter 'text' in 'uint JenkHash.GenHash(string text)'. [/home/ubuntu/PROGRAMA-BETA/src/FiveMTool.csproj]
/home/ubuntu/PROGRAMA-BETA/src/External/CodeWalker.Core/GameFiles/Resources/Drawable.cs(4006,37): warning CS8618: Non-nullable property 'G9_SRV' must contain a non-null value when exiting constructor. Consider declaring the property as nullable. [/home/ubuntu/PROGRAMA-BETA/src/FiveMTool.csproj]
/home/ubuntu/PROGRAMA-BETA/src/External/CodeWalker.Core/GameFiles/Resources/Drawable.cs(4007,36): warning CS8618: Non-nullable property 'G9_Info' must contain a non-null value when exiting constructor. Consider declaring the property as nullable. [/home/ubuntu/PROGRAMA-BETA/src/FiveMTool.csproj]
/home/ubuntu/PROGRAMA-BETA/src/External/CodeWalker.Core/GameFiles/Resources/Drawable.cs(4011,27): warning CS8618: Non-nullable property 'Data1' must contain a non-null value when exiting constructor. Consider declaring the property as nullable. [/home/ubuntu/PROGRAMA-BETA/src/FiveMTool.csproj]
/home/ubuntu/PROGRAMA-BETA/src/External/CodeWalker.Core/GameFiles/Resources/Drawable.cs(4012,27): warning CS8618: Non-nullable property 'Data2' must contain a non-null value when exiting constructor. Consider declaring the property as nullable. [/home/ubuntu/PROGRAMA-BETA/src/FiveMTool.csproj]
/home/ubuntu/PROGRAMA-BETA/src/External/CodeWalker.Core/GameFiles/Resources/Drawable.cs(4013,34): warning CS8618: Non-nullable property 'Info' must contain a non-null value when exiting constructor. Consider declaring the property as nullable. [/home/ubuntu/PROGRAMA-BETA/src/FiveMTool.csproj]
/home/ubuntu/PROGRAMA-BETA/src/External/CodeWalker.Core/GameFiles/Resources/Drawable.cs(3103,21): warning CS8601: Possible null reference assignment. [/home/ubuntu/PROGRAMA-BETA/src/FiveMTool.csproj]
/home/ubuntu/PROGRAMA-BETA/src/External/CodeWalker.Core/GameFiles/GameFileCache.cs(5739,33): warning CS8602: Dereference of a possibly null reference. [/home/ubuntu/PROGRAMA-BETA/src/FiveMTool.csproj]
/home/ubuntu/PROGRAMA-BETA/src/External/CodeWalker.Core/GameFiles/GameFileCache.cs(5770,38): warning CS8604: Possible null reference argument for parameter 'path1' in 'string Path.Combine(string path1, string path2)'. [/home/ubuntu/PROGRAMA-BETA/src/FiveMTool.csproj]
/home/ubuntu/PROGRAMA-BETA/src/External/CodeWalker.Core/GameFiles/GameFileCache.cs(5779,40): warning CS8602: Dereference of a possibly null reference. [/home/ubuntu/PROGRAMA-BETA/src/FiveMTool.csproj]
/home/ubuntu/PROGRAMA-BETA/src/External/CodeWalker.Core/GameFiles/GameFileCache.cs(5785,58): warning CS8604: Possible null reference argument for parameter 'text' in 'uint JenkHash.GenHash(string text)'. [/home/ubuntu/PROGRAMA-BETA/src/FiveMTool.csproj]
/home/ubuntu/PROGRAMA-BETA/src/External/CodeWalker.Core/GameFiles/GameFileCache.cs(5793,39): warning CS8602: Dereference of a possibly null reference. [/home/ubuntu/PROGRAMA-BETA/src/FiveMTool.csproj]
/home/ubuntu/PROGRAMA-BETA/src/External/CodeWalker.Core/GameFiles/GameFileCache.cs(5798,50): warning CS8604: Possible null reference argument for parameter 'text' in 'uint JenkHash.GenHash(string text)'. [/home/ubuntu/PROGRAMA-BETA/src/FiveMTool.csproj]
/home/ubuntu/PROGRAMA-BETA/src/External/CodeWalker.Core/GameFiles/GameFileCache.cs(5799,53): warning CS8604: Possible null reference argument for parameter 'text' in 'uint JenkHash.GenHash(string text)'. [/home/ubuntu/PROGRAMA-BETA/src/FiveMTool.csproj]
/home/ubuntu/PROGRAMA-BETA/src/External/CodeWalker.Core/GameFiles/GameFileCache.cs(5763,73): warning CS8618: Non-nullable field 'ShadersGen9ConversionData' must contain a non-null value when exiting constructor. Consider declaring the field as nullable. [/home/ubuntu/PROGRAMA-BETA/src/FiveMTool.csproj]
/home/ubuntu/PROGRAMA-BETA/src/External/CodeWalker.Core/GameFiles/Resources/Drawable.cs(3080,29): warning CS8618: Non-nullable field 'Owner' must contain a non-null value when exiting constructor. Consider declaring the field as nullable. [/home/ubuntu/PROGRAMA-BETA/src/FiveMTool.csproj]
/home/ubuntu/PROGRAMA-BETA/src/External/CodeWalker.Core/GameFiles/Resources/Drawable.cs(3082,32): warning CS8618: Non-nullable property 'High' must contain a non-null value when exiting constructor. Consider declaring the property as nullable. [/home/ubuntu/PROGRAMA-BETA/src/FiveMTool.csproj]
/home/ubuntu/PROGRAMA-BETA/src/External/CodeWalker.Core/GameFiles/Resources/Drawable.cs(3083,32): warning CS8618: Non-nullable property 'Med' must contain a non-null value when exiting constructor. Consider declaring the property as nullable. [/home/ubuntu/PROGRAMA-BETA/src/FiveMTool.csproj]
/home/ubuntu/PROGRAMA-BETA/src/External/CodeWalker.Core/GameFiles/Resources/Drawable.cs(3084,32): warning CS8618: Non-nullable property 'Low' must contain a non-null value when exiting constructor. Consider declaring the property as nullable. [/home/ubuntu/PROGRAMA-BETA/src/FiveMTool.csproj]
/home/ubuntu/PROGRAMA-BETA/src/External/CodeWalker.Core/GameFiles/Resources/Drawable.cs(3085,32): warning CS8618: Non-nullable property 'VLow' must contain a non-null value when exiting constructor. Consider declaring the property as nullable. [/home/ubuntu/PROGRAMA-BETA/src/FiveMTool.csproj]
/home/ubuntu/PROGRAMA-BETA/src/External/CodeWalker.Core/GameFiles/Resources/Drawable.cs(3086,32): warning CS8618: Non-nullable property 'Extra' must contain a non-null value when exiting constructor. Consider declaring the property as nullable. [/home/ubuntu/PROGRAMA-BETA/src/FiveMTool.csproj]
/home/ubuntu/PROGRAMA-BETA/src/External/CodeWalker.Core/GameFiles/Resources/Drawable.cs(3094,24): warning CS8618: Non-nullable property 'HighPointers' must contain a non-null value when exiting constructor. Consider declaring the property as nullable. [/home/ubuntu/PROGRAMA-BETA/src/FiveMTool.csproj]
/home/ubuntu/PROGRAMA-BETA/src/External/CodeWalker.Core/GameFiles/Resources/Drawable.cs(3095,24): warning CS8618: Non-nullable property 'MedPointers' must contain a non-null value when exiting constructor. Consider declaring the property as nullable. [/home/ubuntu/PROGRAMA-BETA/src/FiveMTool.csproj]
/home/ubuntu/PROGRAMA-BETA/src/External/CodeWalker.Core/GameFiles/Resources/Drawable.cs(3096,24): warning CS8618: Non-nullable property 'LowPointers' must contain a non-null value when exiting constructor. Consider declaring the property as nullable. [/home/ubuntu/PROGRAMA-BETA/src/FiveMTool.csproj]
/home/ubuntu/PROGRAMA-BETA/src/External/CodeWalker.Core/GameFiles/Resources/Drawable.cs(3097,24): warning CS8618: Non-nullable property 'VLowPointers' must contain a non-null value when exiting constructor. Consider declaring the property as nullable. [/home/ubuntu/PROGRAMA-BETA/src/FiveMTool.csproj]
/home/ubuntu/PROGRAMA-BETA/src/External/CodeWalker.Core/GameFiles/Resources/Drawable.cs(3098,24): warning CS8618: Non-nullable property 'ExtraPointers' must contain a non-null value when exiting constructor. Consider declaring the property as nullable. [/home/ubuntu/PROGRAMA-BETA/src/FiveMTool.csproj]
/home/ubuntu/PROGRAMA-BETA/src/External/CodeWalker.Core/GameFiles/Resources/Drawable.cs(2817,87): warning CS8625: Cannot convert null literal to non-nullable reference type. [/home/ubuntu/PROGRAMA-BETA/src/FiveMTool.csproj]
/home/ubuntu/PROGRAMA-BETA/src/External/CodeWalker.Core/GameFiles/Resources/Drawable.cs(2818,93): warning CS8625: Cannot convert null literal to non-nullable reference type. [/home/ubuntu/PROGRAMA-BETA/src/FiveMTool.csproj]
/home/ubuntu/PROGRAMA-BETA/src/External/CodeWalker.Core/GameFiles/Resources/Drawable.cs(2814,39): warning CS8618: Non-nullable property 'RotationLimits' must contain a non-null value when exiting constructor. Consider declaring the property as nullable. [/home/ubuntu/PROGRAMA-BETA/src/FiveMTool.csproj]
/home/ubuntu/PROGRAMA-BETA/src/External/CodeWalker.Core/GameFiles/Resources/Drawable.cs(2815,42): warning CS8618: Non-nullable property 'TranslationLimits' must contain a non-null value when exiting constructor. Consider declaring the property as nullable. [/home/ubuntu/PROGRAMA-BETA/src/FiveMTool.csproj]
/home/ubuntu/PROGRAMA-BETA/src/External/CodeWalker.Core/GameFiles/GameFileCache.cs(5956,23): warning CS8600: Converting null literal or possible null value to non-nullable type. [/home/ubuntu/PROGRAMA-BETA/src/FiveMTool.csproj]
/home/ubuntu/PROGRAMA-BETA/src/External/CodeWalker.Core/GameFiles/GameFileCache.cs(5957,43): warning CS8600: Converting null literal or possible null value to non-nullable type. [/home/ubuntu/PROGRAMA-BETA/src/FiveMTool.csproj]
/home/ubuntu/PROGRAMA-BETA/src/External/CodeWalker.Core/GameFiles/Resources/Drawable.cs(2153,32): warning CS8618: Non-nullable property 'Next' must contain a non-null value when exiting constructor. Consider declaring the property as nullable. [/home/ubuntu/PROGRAMA-BETA/src/FiveMTool.csproj]
/home/ubuntu/PROGRAMA-BETA/src/External/CodeWalker.Core/GameFiles/GameFileCache.cs(5859,26): warning CS8618: Non-nullable field 'BufferSizes' must contain a non-null value when exiting constructor. Consider declaring the field as nullable. [/home/ubuntu/PROGRAMA-BETA/src/FiveMTool.csproj]
/home/ubuntu/PROGRAMA-BETA/src/External/CodeWalker.Core/GameFiles/GameFileCache.cs(5860,27): warning CS8618: Non-nullable field 'SamplerValues' must contain a non-null value when exiting constructor. Consider declaring the field as nullable. [/home/ubuntu/PROGRAMA-BETA/src/FiveMTool.csproj]
/home/ubuntu/PROGRAMA-BETA/src/External/CodeWalker.Core/GameFiles/GameFileCache.cs(5861,40): warning CS8618: Non-nullable field 'ParamInfos' must contain a non-null value when exiting constructor. Consider declaring the field as nullable. [/home/ubuntu/PROGRAMA-BETA/src/FiveMTool.csproj]
/home/ubuntu/PROGRAMA-BETA/src/External/CodeWalker.Core/GameFiles/GameFileCache.cs(5862,51): warning CS8618: Non-nullable field 'ParamsMapGen9ToLegacy' must contain a non-null value when exiting constructor. Consider declaring the field as nullable. [/home/ubuntu/PROGRAMA-BETA/src/FiveMTool.csproj]
/home/ubuntu/PROGRAMA-BETA/src/External/CodeWalker.Core/GameFiles/GameFileCache.cs(5863,51): warning CS8618: Non-nullable field 'ParamsMapLegacyToGen9' must contain a non-null value when exiting constructor. Consider declaring the field as nullable. [/home/ubuntu/PROGRAMA-BETA/src/FiveMTool.csproj]
/home/ubuntu/PROGRAMA-BETA/src/External/CodeWalker.Core/GameFiles/Resources/Drawable.cs(4410,34): warning CS8618: Non-nullable property 'Info' must contain a non-null value when exiting constructor. Consider declaring the property as nullable. [/home/ubuntu/PROGRAMA-BETA/src/FiveMTool.csproj]
/home/ubuntu/PROGRAMA-BETA/src/External/CodeWalker.Core/GameFiles/Resources/Drawable.cs(4413,23): warning CS8618: Non-nullable property 'VertexBytes' must contain a non-null value when exiting constructor. Consider declaring the property as nullable. [/home/ubuntu/PROGRAMA-BETA/src/FiveMTool.csproj]
/home/ubuntu/PROGRAMA-BETA/src/External/CodeWalker.Core/GameFiles/Resources/Drawable.cs(4414,23): warning CS8618: Non-nullable property 'G9_VertexBytes' must contain a non-null value when exiting constructor. Consider declaring the property as nullable. [/home/ubuntu/PROGRAMA-BETA/src/FiveMTool.csproj]
/home/ubuntu/PROGRAMA-BETA/src/External/CodeWalker.Core/GameFiles/Resources/Drawable.cs(2118,31): warning CS8602: Dereference of a possibly null reference. [/home/ubuntu/PROGRAMA-BETA/src/FiveMTool.csproj]
/home/ubuntu/PROGRAMA-BETA/src/External/CodeWalker.Core/GameFiles/Resources/Drawable.cs(2604,38): warning CS8625: Cannot convert null literal to non-nullable reference type. [/home/ubuntu/PROGRAMA-BETA/src/FiveMTool.csproj]
/home/ubuntu/PROGRAMA-BETA/src/External/CodeWalker.Core/GameFiles/Resources/Drawable.cs(2600,23): warning CS8618: Non-nullable property 'Name' must contain a non-null value when exiting constructor. Consider declaring the property as nullable. [/home/ubuntu/PROGRAMA-BETA/src/FiveMTool.csproj]
/home/ubuntu/PROGRAMA-BETA/src/External/CodeWalker.Core/GameFiles/Resources/Drawable.cs(2602,21): warning CS8618: Non-nullable property 'Parent' must contain a non-null value when exiting constructor. Consider declaring the property as nullable. [/home/ubuntu/PROGRAMA-BETA/src/FiveMTool.csproj]
/home/ubuntu/PROGRAMA-BETA/src/External/CodeWalker.Core/GameFiles/Resources/Drawable.cs(2079,23): warning CS8618: Non-nullable property 'Items' must contain a non-null value when exiting constructor. Consider declaring the property as nullable. [/home/ubuntu/PROGRAMA-BETA/src/FiveMTool.csproj]
/home/ubuntu/PROGRAMA-BETA/src/External/CodeWalker.Core/GameFiles/Resources/Drawable.cs(1292,36): warning CS8618: Non-nullable property 'Params' must contain a non-null value when exiting constructor. Consider declaring the property as nullable. [/home/ubuntu/PROGRAMA-BETA/src/FiveMTool.csproj]
/home/ubuntu/PROGRAMA-BETA/src/External/CodeWalker.Core/GameFiles/Resources/Drawable.cs(608,35): warning CS8602: Dereference of a possibly null reference. [/home/ubuntu/PROGRAMA-BETA/src/FiveMTool.csproj]
/home/ubuntu/PROGRAMA-BETA/src/External/CodeWalker.Core/GameFiles/Resources/Drawable.cs(568,20): warning CS8603: Possible null reference return. [/home/ubuntu/PROGRAMA-BETA/src/FiveMTool.csproj]
/home/ubuntu/PROGRAMA-BETA/src/External/CodeWalker.Core/GameFiles/Resources/Drawable.cs(547,23): warning CS8618: Non-nullable property 'Data' must contain a non-null value when exiting constructor. Consider declaring the property as nullable. [/home/ubuntu/PROGRAMA-BETA/src/FiveMTool.csproj]
/home/ubuntu/PROGRAMA-BETA/src/External/CodeWalker.Core/GameFiles/Resources/Drawable.cs(3629,26): warning CS8601: Possible null reference assignment. [/home/ubuntu/PROGRAMA-BETA/src/FiveMTool.csproj]
/home/ubuntu/PROGRAMA-BETA/src/External/CodeWalker.Core/GameFiles/Resources/Drawable.cs(3630,29): warning CS8601: Possible null reference assignment. [/home/ubuntu/PROGRAMA-BETA/src/FiveMTool.csproj]
/home/ubuntu/PROGRAMA-BETA/src/External/CodeWalker.Core/GameFiles/Resources/Drawable.cs(322,45): warning CS8602: Dereference of a possibly null reference. [/home/ubuntu/PROGRAMA-BETA/src/FiveMTool.csproj]
/home/ubuntu/PROGRAMA-BETA/src/External/CodeWalker.Core/GameFiles/Resources/Drawable.cs(325,89): warning CS8602: Dereference of a possibly null reference. [/home/ubuntu/PROGRAMA-BETA/src/FiveMTool.csproj]
/home/ubuntu/PROGRAMA-BETA/src/External/CodeWalker.Core/GameFiles/Resources/Drawable.cs(326,91): warning CS8602: Dereference of a possibly null reference. [/home/ubuntu/PROGRAMA-BETA/src/FiveMTool.csproj]
/home/ubuntu/PROGRAMA-BETA/src/External/CodeWalker.Core/GameFiles/Resources/Drawable.cs(1612,92): warning CS8602: Dereference of a possibly null reference. [/home/ubuntu/PROGRAMA-BETA/src/FiveMTool.csproj]
/home/ubuntu/PROGRAMA-BETA/src/External/CodeWalker.Core/GameFiles/Resources/Drawable.cs(1615,80): warning CS8602: Dereference of a possibly null reference. [/home/ubuntu/PROGRAMA-BETA/src/FiveMTool.csproj]
/home/ubuntu/PROGRAMA-BETA/src/External/CodeWalker.Core/GameFiles/Resources/Drawable.cs(3330,25): warning CS8618: Non-nullable property 'ShaderMapping' must contain a non-null value when exiting constructor. Consider declaring the property as nullable. [/home/ubuntu/PROGRAMA-BETA/src/FiveMTool.csproj]
/home/ubuntu/PROGRAMA-BETA/src/External/CodeWalker.Core/GameFiles/Resources/Drawable.cs(3331,24): warning CS8618: Non-nullable property 'GeometryPointers' must contain a non-null value when exiting constructor. Consider declaring the property as nullable. [/home/ubuntu/PROGRAMA-BETA/src/FiveMTool.csproj]
/home/ubuntu/PROGRAMA-BETA/src/External/CodeWalker.Core/GameFiles/Resources/Drawable.cs(3332,25): warning CS8618: Non-nullable property 'BoundsData' must contain a non-null value when exiting constructor. Consider declaring the property as nullable. [/home/ubuntu/PROGRAMA-BETA/src/FiveMTool.csproj]
/home/ubuntu/PROGRAMA-BETA/src/External/CodeWalker.Core/GameFiles/Resources/Drawable.cs(3333,35): warning CS8618: Non-nullable property 'Geometries' must contain a non-null value when exiting constructor. Consider declaring the property as nullable. [/home/ubuntu/PROGRAMA-BETA/src/FiveMTool.csproj]
/home/ubuntu/PROGRAMA-BETA/src/External/CodeWalker.Core/GameFiles/Resources/Drawable.cs(663,21): warning CS8601: Possible null reference assignment. [/home/ubuntu/PROGRAMA-BETA/src/FiveMTool.csproj]
/home/ubuntu/PROGRAMA-BETA/src/External/CodeWalker.Core/GameFiles/Resources/Drawable.cs(668,69): warning CS8602: Dereference of a possibly null reference. [/home/ubuntu/PROGRAMA-BETA/src/FiveMTool.csproj]
/home/ubuntu/PROGRAMA-BETA/src/External/CodeWalker.Core/GameFiles/Resources/Drawable.cs(445,29): warning CS8601: Possible null reference assignment. [/home/ubuntu/PROGRAMA-BETA/src/FiveMTool.csproj]
/home/ubuntu/PROGRAMA-BETA/src/External/CodeWalker.Core/GameFiles/Resources/Drawable.cs(477,42): warning CS8601: Possible null reference assignment. [/home/ubuntu/PROGRAMA-BETA/src/FiveMTool.csproj]
/home/ubuntu/PROGRAMA-BETA/src/External/CodeWalker.Core/GameFiles/Resources/Drawable.cs(203,38): warning CS8618: Non-nullable property 'ParametersList' must contain a non-null value when exiting constructor. Consider declaring the property as nullable. [/home/ubuntu/PROGRAMA-BETA/src/FiveMTool.csproj]
/home/ubuntu/PROGRAMA-BETA/src/External/CodeWalker.Core/GameFiles/Resources/Drawable.cs(213,35): warning CS8618: Non-nullable property 'G9_ParamInfos' must contain a non-null value when exiting constructor. Consider declaring the property as nullable. [/home/ubuntu/PROGRAMA-BETA/src/FiveMTool.csproj]
/home/ubuntu/PROGRAMA-BETA/src/External/CodeWalker.Core/GameFiles/Resources/Drawable.cs(1681,37): warning CS8600: Converting null literal or possible null value to non-nullable type. [/home/ubuntu/PROGRAMA-BETA/src/FiveMTool.csproj]
/home/ubuntu/PROGRAMA-BETA/src/External/CodeWalker.Core/GameFiles/Resources/Drawable.cs(1644,41): warning CS8602: Dereference of a possibly null reference. [/home/ubuntu/PROGRAMA-BETA/src/FiveMTool.csproj]
/home/ubuntu/PROGRAMA-BETA/src/External/CodeWalker.Core/GameFiles/Resources/Drawable.cs(1753,29): warning CS8601: Possible null reference assignment. [/home/ubuntu/PROGRAMA-BETA/src/FiveMTool.csproj]
/home/ubuntu/PROGRAMA-BETA/src/External/CodeWalker.Core/GameFiles/Resources/Drawable.cs(1754,28): warning CS8601: Possible null reference assignment. [/home/ubuntu/PROGRAMA-BETA/src/FiveMTool.csproj]
/home/ubuntu/PROGRAMA-BETA/src/External/CodeWalker.Core/GameFiles/Resources/Clothes.cs(2507,18): warning CS8604: Possible null reference argument for parameter 'cc' in 'void ClothInstance.Init(ClothController cc)'. [/home/ubuntu/PROGRAMA-BETA/src/FiveMTool.csproj]
/home/ubuntu/PROGRAMA-BETA/src/External/CodeWalker.Core/GameFiles/Resources/Clothes.cs(2529,27): warning CS8602: Dereference of a possibly null reference. [/home/ubuntu/PROGRAMA-BETA/src/FiveMTool.csproj]
/home/ubuntu/PROGRAMA-BETA/src/External/CodeWalker.Core/GameFiles/Resources/Clothes.cs(2536,33): warning CS8600: Converting null literal or possible null value to non-nullable type. [/home/ubuntu/PROGRAMA-BETA/src/FiveMTool.csproj]
/home/ubuntu/PROGRAMA-BETA/src/External/CodeWalker.Core/GameFiles/Resources/Clothes.cs(2537,63): warning CS8600: Converting null literal or possible null value to non-nullable type. [/home/ubuntu/PROGRAMA-BETA/src/FiveMTool.csproj]
/home/ubuntu/PROGRAMA-BETA/src/External/CodeWalker.Core/GameFiles/Resources/Clothes.cs(2538,32): warning CS8601: Possible null reference assignment. [/home/ubuntu/PROGRAMA-BETA/src/FiveMTool.csproj]
/home/ubuntu/PROGRAMA-BETA/src/External/CodeWalker.Core/GameFiles/Resources/Clothes.cs(2549,18): warning CS8604: Possible null reference argument for parameter 'cc' in 'void ClothInstance.Init(ClothController cc)'. [/home/ubuntu/PROGRAMA-BETA/src/FiveMTool.csproj]
/home/ubuntu/PROGRAMA-BETA/src/External/CodeWalker.Core/GameFiles/Resources/Drawable.cs(1777,28): warning CS8625: Cannot convert null literal to non-nullable reference type. [/home/ubuntu/PROGRAMA-BETA/src/FiveMTool.csproj]
/home/ubuntu/PROGRAMA-BETA/src/External/CodeWalker.Core/GameFiles/Resources/Drawable.cs(1799,55): warning CS8625: Cannot convert null literal to non-nullable reference type. [/home/ubuntu/PROGRAMA-BETA/src/FiveMTool.csproj]
/home/ubuntu/PROGRAMA-BETA/src/External/CodeWalker.Core/GameFiles/Resources/Drawable.cs(1802,21): warning CS8602: Dereference of a possibly null reference. [/home/ubuntu/PROGRAMA-BETA/src/FiveMTool.csproj]
/home/ubuntu/PROGRAMA-BETA/src/External/CodeWalker.Core/GameFiles/Resources/Drawable.cs(1808,34): warning CS8625: Cannot convert null literal to non-nullable reference type. [/home/ubuntu/PROGRAMA-BETA/src/FiveMTool.csproj]
/home/ubuntu/PROGRAMA-BETA/src/External/CodeWalker.Core/GameFiles/Resources/Drawable.cs(130,39): warning CS8604: Possible null reference argument for parameter 'arr' in 'void MetaXmlBase.WriteItemArray<ShaderFX>(StringBuilder sb, ShaderFX[] arr, int ind, string name)'. [/home/ubuntu/PROGRAMA-BETA/src/FiveMTool.csproj]
/home/ubuntu/PROGRAMA-BETA/src/External/CodeWalker.Core/GameFiles/Resources/Drawable.cs(1908,31): warning CS8601: Possible null reference assignment. [/home/ubuntu/PROGRAMA-BETA/src/FiveMTool.csproj]
/home/ubuntu/PROGRAMA-BETA/src/External/CodeWalker.Core/GameFiles/Resources/Drawable.cs(1909,39): warning CS8601: Possible null reference assignment. [/home/ubuntu/PROGRAMA-BETA/src/FiveMTool.csproj]
/home/ubuntu/PROGRAMA-BETA/src/External/CodeWalker.Core/GameFiles/Resources/Clothes.cs(2600,23): warning CS8602: Dereference of a possibly null reference. [/home/ubuntu/PROGRAMA-BETA/src/FiveMTool.csproj]
/home/ubuntu/PROGRAMA-BETA/src/External/CodeWalker.Core/GameFiles/Resources/Clothes.cs(2616,26): warning CS8602: Dereference of a possibly null reference. [/home/ubuntu/PROGRAMA-BETA/src/FiveMTool.csproj]
/home/ubuntu/PROGRAMA-BETA/src/External/CodeWalker.Core/GameFiles/Resources/Clothes.cs(2490,31): warning CS8618: Non-nullable property 'CharCloth' must contain a non-null value when exiting constructor. Consider declaring the property as nullable. [/home/ubuntu/PROGRAMA-BETA/src/FiveMTool.csproj]
/home/ubuntu/PROGRAMA-BETA/src/External/CodeWalker.Core/GameFiles/Resources/Clothes.cs(2491,33): warning CS8618: Non-nullable property 'EnvCloth' must contain a non-null value when exiting constructor. Consider declaring the property as nullable. [/home/ubuntu/PROGRAMA-BETA/src/FiveMTool.csproj]
/home/ubuntu/PROGRAMA-BETA/src/External/CodeWalker.Core/GameFiles/Resources/Clothes.cs(2492,32): warning CS8618: Non-nullable property 'Controller' must contain a non-null value when exiting constructor. Consider declaring the property as nullable. [/home/ubuntu/PROGRAMA-BETA/src/FiveMTool.csproj]
/home/ubuntu/PROGRAMA-BETA/src/External/CodeWalker.Core/GameFiles/Resources/Clothes.cs(2494,23): warning CS8618: Non-nullable property 'Bones' must contain a non-null value when exiting constructor. Consider declaring the property as nullable. [/home/ubuntu/PROGRAMA-BETA/src/FiveMTool.csproj]
/home/ubuntu/PROGRAMA-BETA/src/External/CodeWalker.Core/GameFiles/Resources/Clothes.cs(2496,26): warning CS8618: Non-nullable property 'Vertices' must contain a non-null value when exiting constructor. Consider declaring the property as nullable. [/home/ubuntu/PROGRAMA-BETA/src/FiveMTool.csproj]
/home/ubuntu/PROGRAMA-BETA/src/External/CodeWalker.Core/GameFiles/Resources/Clothes.cs(2498,25): warning CS8618: Non-nullable property 'Skeleton' must contain a non-null value when exiting constructor. Consider declaring the property as nullable. [/home/ubuntu/PROGRAMA-BETA/src/FiveMTool.csproj]
/home/ubuntu/PROGRAMA-BETA/src/External/CodeWalker.Core/GameFiles/Resources/Drawable.cs(38,34): warning CS8618: Non-nullable property 'TextureDictionary' must contain a non-null value when exiting constructor. Consider declaring the property as nullable. [/home/ubuntu/PROGRAMA-BETA/src/FiveMTool.csproj]
/home/ubuntu/PROGRAMA-BETA/src/External/CodeWalker.Core/GameFiles/Resources/Drawable.cs(39,49): warning CS8618: Non-nullable property 'Shaders' must contain a non-null value when exiting constructor. Consider declaring the property as nullable. [/home/ubuntu/PROGRAMA-BETA/src/FiveMTool.csproj]
/home/ubuntu/PROGRAMA-BETA/src/External/CodeWalker.Core/GameFiles/Resources/Drawable.cs(917,33): warning CS8602: Dereference of a possibly null reference. [/home/ubuntu/PROGRAMA-BETA/src/FiveMTool.csproj]
/home/ubuntu/PROGRAMA-BETA/src/External/CodeWalker.Core/GameFiles/Resources/Drawable.cs(921,37): warning CS8602: Dereference of a possibly null reference. [/home/ubuntu/PROGRAMA-BETA/src/FiveMTool.csproj]
/home/ubuntu/PROGRAMA-BETA/src/External/CodeWalker.Core/GameFiles/Resources/Drawable.cs(942,44): warning CS8602: Dereference of a possibly null reference. [/home/ubuntu/PROGRAMA-BETA/src/FiveMTool.csproj]
/home/ubuntu/PROGRAMA-BETA/src/External/CodeWalker.Core/GameFiles/Resources/Drawable.cs(1000,55): warning CS8604: Possible null reference argument for parameter 'val' in 'void writeStructs<Vector4>(int o, Vector4[] val)'. [/home/ubuntu/PROGRAMA-BETA/src/FiveMTool.csproj]
/home/ubuntu/PROGRAMA-BETA/src/External/CodeWalker.Core/GameFiles/Resources/Drawable.cs(1014,34): warning CS8601: Possible null reference assignment. [/home/ubuntu/PROGRAMA-BETA/src/FiveMTool.csproj]
/home/ubuntu/PROGRAMA-BETA/src/External/CodeWalker.Core/GameFiles/Resources/Drawable.cs(1022,34): warning CS8601: Possible null reference assignment. [/home/ubuntu/PROGRAMA-BETA/src/FiveMTool.csproj]
/home/ubuntu/PROGRAMA-BETA/src/External/CodeWalker.Core/GameFiles/Resources/Drawable.cs(2042,44): warning CS8600: Converting null literal or possible null value to non-nullable type. [/home/ubuntu/PROGRAMA-BETA/src/FiveMTool.csproj]
/home/ubuntu/PROGRAMA-BETA/src/External/CodeWalker.Core/GameFiles/Resources/Drawable.cs(2042,44): warning CS8601: Possible null reference assignment. [/home/ubuntu/PROGRAMA-BETA/src/FiveMTool.csproj]
/home/ubuntu/PROGRAMA-BETA/src/External/CodeWalker.Core/GameFiles/Resources/Drawable.cs(2043,36): warning CS8600: Converting null literal or possible null value to non-nullable type. [/home/ubuntu/PROGRAMA-BETA/src/FiveMTool.csproj]
/home/ubuntu/PROGRAMA-BETA/src/External/CodeWalker.Core/GameFiles/Resources/Drawable.cs(2043,36): warning CS8601: Possible null reference assignment. [/home/ubuntu/PROGRAMA-BETA/src/FiveMTool.csproj]
/home/ubuntu/PROGRAMA-BETA/src/External/CodeWalker.Core/GameFiles/Resources/Drawable.cs(2044,34): warning CS8600: Converting null literal or possible null value to non-nullable type. [/home/ubuntu/PROGRAMA-BETA/src/FiveMTool.csproj]
/home/ubuntu/PROGRAMA-BETA/src/External/CodeWalker.Core/GameFiles/Resources/Drawable.cs(2044,34): warning CS8601: Possible null reference assignment. [/home/ubuntu/PROGRAMA-BETA/src/FiveMTool.csproj]
/home/ubuntu/PROGRAMA-BETA/src/External/CodeWalker.Core/GameFiles/Resources/Drawable.cs(2045,33): warning CS8600: Converting null literal or possible null value to non-nullable type. [/home/ubuntu/PROGRAMA-BETA/src/FiveMTool.csproj]
/home/ubuntu/PROGRAMA-BETA/src/External/CodeWalker.Core/GameFiles/Resources/Drawable.cs(2045,33): warning CS8601: Possible null reference assignment. [/home/ubuntu/PROGRAMA-BETA/src/FiveMTool.csproj]
/home/ubuntu/PROGRAMA-BETA/src/External/CodeWalker.Core/GameFiles/Resources/Drawable.cs(1395,82): warning CS8625: Cannot convert null literal to non-nullable reference type. [/home/ubuntu/PROGRAMA-BETA/src/FiveMTool.csproj]
/home/ubuntu/PROGRAMA-BETA/src/External/CodeWalker.Core/GameFiles/Resources/Drawable.cs(1396,74): warning CS8625: Cannot convert null literal to non-nullable reference type. [/home/ubuntu/PROGRAMA-BETA/src/FiveMTool.csproj]
/home/ubuntu/PROGRAMA-BETA/src/External/CodeWalker.Core/GameFiles/Resources/Drawable.cs(1397,71): warning CS8625: Cannot convert null literal to non-nullable reference type. [/home/ubuntu/PROGRAMA-BETA/src/FiveMTool.csproj]
/home/ubuntu/PROGRAMA-BETA/src/External/CodeWalker.Core/GameFiles/Resources/Drawable.cs(1398,70): warning CS8625: Cannot convert null literal to non-nullable reference type. [/home/ubuntu/PROGRAMA-BETA/src/FiveMTool.csproj]
/home/ubuntu/PROGRAMA-BETA/src/External/CodeWalker.Core/GameFiles/Resources/Drawable.cs(1387,56): warning CS8618: Non-nullable property 'BoneTags' must contain a non-null value when exiting constructor. Consider declaring the property as nullable. [/home/ubuntu/PROGRAMA-BETA/src/FiveMTool.csproj]
/home/ubuntu/PROGRAMA-BETA/src/External/CodeWalker.Core/GameFiles/Resources/Drawable.cs(1388,35): warning CS8618: Non-nullable property 'Bones' must contain a non-null value when exiting constructor. Consider declaring the property as nullable. [/home/ubuntu/PROGRAMA-BETA/src/FiveMTool.csproj]
/home/ubuntu/PROGRAMA-BETA/src/External/CodeWalker.Core/GameFiles/Resources/Drawable.cs(1390,25): warning CS8618: Non-nullable property 'TransformationsInverted' must contain a non-null value when exiting constructor. Consider declaring the property as nullable. [/home/ubuntu/PROGRAMA-BETA/src/FiveMTool.csproj]
/home/ubuntu/PROGRAMA-BETA/src/External/CodeWalker.Core/GameFiles/Resources/Drawable.cs(1391,25): warning CS8618: Non-nullable property 'Transformations' must contain a non-null value when exiting constructor. Consider declaring the property as nullable. [/home/ubuntu/PROGRAMA-BETA/src/FiveMTool.csproj]
/home/ubuntu/PROGRAMA-BETA/src/External/CodeWalker.Core/GameFiles/Resources/Drawable.cs(1392,24): warning CS8618: Non-nullable property 'ParentIndices' must contain a non-null value when exiting constructor. Consider declaring the property as nullable. [/home/ubuntu/PROGRAMA-BETA/src/FiveMTool.csproj]
/home/ubuntu/PROGRAMA-BETA/src/External/CodeWalker.Core/GameFiles/Resources/Drawable.cs(1393,24): warning CS8618: Non-nullable property 'ChildIndices' must contain a non-null value when exiting constructor. Consider declaring the property as nullable. [/home/ubuntu/PROGRAMA-BETA/src/FiveMTool.csproj]
/home/ubuntu/PROGRAMA-BETA/src/External/CodeWalker.Core/GameFiles/Resources/Drawable.cs(1401,41): warning CS8618: Non-nullable property 'BonesMap' must contain a non-null value when exiting constructor. Consider declaring the property as nullable. [/home/ubuntu/PROGRAMA-BETA/src/FiveMTool.csproj]
/home/ubuntu/PROGRAMA-BETA/src/External/CodeWalker.Core/GameFiles/Resources/Drawable.cs(1402,23): warning CS8618: Non-nullable property 'BonesSorted' must contain a non-null value when exiting constructor. Consider declaring the property as nullable. [/home/ubuntu/PROGRAMA-BETA/src/FiveMTool.csproj]
/home/ubuntu/PROGRAMA-BETA/src/External/CodeWalker.Core/GameFiles/Resources/Drawable.cs(1405,28): warning CS8618: Non-nullable field 'BoneTransforms' must contain a non-null value when exiting constructor. Consider declaring the field as nullable. [/home/ubuntu/PROGRAMA-BETA/src/FiveMTool.csproj]
/home/ubuntu/PROGRAMA-BETA/src/External/CodeWalker.Core/GameFiles/Resources/Clothes.cs(1957,30): warning CS8618: Non-nullable property 'Unknown_18h_Data' must contain a non-null value when exiting constructor. Consider declaring the property as nullable. [/home/ubuntu/PROGRAMA-BETA/src/FiveMTool.csproj]
/home/ubuntu/PROGRAMA-BETA/src/External/CodeWalker.Core/GameFiles/Resources/Clothes.cs(1958,30): warning CS8618: Non-nullable property 'Unknown_20h_Data' must contain a non-null value when exiting constructor. Consider declaring the property as nullable. [/home/ubuntu/PROGRAMA-BETA/src/FiveMTool.csproj]
/home/ubuntu/PROGRAMA-BETA/src/External/CodeWalker.Core/GameFiles/Resources/Clothes.cs(1959,30): warning CS8618: Non-nullable property 'Unknown_28h_Data' must contain a non-null value when exiting constructor. Consider declaring the property as nullable. [/home/ubuntu/PROGRAMA-BETA/src/FiveMTool.csproj]
/home/ubuntu/PROGRAMA-BETA/src/External/CodeWalker.Core/GameFiles/Resources/Drawable.cs(1157,39): warning CS8602: Dereference of a possibly null reference. [/home/ubuntu/PROGRAMA-BETA/src/FiveMTool.csproj]
/home/ubuntu/PROGRAMA-BETA/src/External/CodeWalker.Core/GameFiles/Resources/Drawable.cs(1160,57): warning CS8604: Possible null reference argument for parameter 'str' in 'MetaHash XmlMeta.GetHash(string str)'. [/home/ubuntu/PROGRAMA-BETA/src/FiveMTool.csproj]
/home/ubuntu/PROGRAMA-BETA/src/External/CodeWalker.Core/GameFiles/Resources/Drawable.cs(1168,44): warning CS8625: Cannot convert null literal to non-nullable reference type. [/home/ubuntu/PROGRAMA-BETA/src/FiveMTool.csproj]
/home/ubuntu/PROGRAMA-BETA/src/External/CodeWalker.Core/GameFiles/Resources/Drawable.cs(1186,47): warning CS8602: Dereference of a possibly null reference. [/home/ubuntu/PROGRAMA-BETA/src/FiveMTool.csproj]
/home/ubuntu/PROGRAMA-BETA/src/External/CodeWalker.Core/GameFiles/Resources/Drawable.cs(1238,30): warning CS8604: Possible null reference argument for parameter 'item' in 'void List<IResourceBlock>.Add(IResourceBlock item)'. [/home/ubuntu/PROGRAMA-BETA/src/FiveMTool.csproj]
/home/ubuntu/PROGRAMA-BETA/src/External/CodeWalker.Core/GameFiles/Resources/Clothes.cs(1814,44): warning CS8618: Non-nullable property 'Indices' must contain a non-null value when exiting constructor. Consider declaring the property as nullable. [/home/ubuntu/PROGRAMA-BETA/src/FiveMTool.csproj]
/home/ubuntu/PROGRAMA-BETA/src/External/CodeWalker.Core/GameFiles/Resources/Clothes.cs(1815,48): warning CS8618: Non-nullable property 'Vertices' must contain a non-null value when exiting constructor. Consider declaring the property as nullable. [/home/ubuntu/PROGRAMA-BETA/src/FiveMTool.csproj]
/home/ubuntu/PROGRAMA-BETA/src/External/CodeWalker.Core/GameFiles/Resources/Clothes.cs(1819,42): warning CS8618: Non-nullable property 'Unknown_B0h' must contain a non-null value when exiting constructor. Consider declaring the property as nullable. [/home/ubuntu/PROGRAMA-BETA/src/FiveMTool.csproj]
/home/ubuntu/PROGRAMA-BETA/src/External/CodeWalker.Core/GameFiles/Resources/Clothes.cs(1820,65): warning CS8618: Non-nullable property 'BoneWeightsInds' must contain a non-null value when exiting constructor. Consider declaring the property as nullable. [/home/ubuntu/PROGRAMA-BETA/src/FiveMTool.csproj]
/home/ubuntu/PROGRAMA-BETA/src/External/CodeWalker.Core/GameFiles/Resources/Clothes.cs(1824,42): warning CS8618: Non-nullable property 'BoneIds' must contain a non-null value when exiting constructor. Consider declaring the property as nullable. [/home/ubuntu/PROGRAMA-BETA/src/FiveMTool.csproj]
/home/ubuntu/PROGRAMA-BETA/src/External/CodeWalker.Core/GameFiles/Resources/Drawable.cs(1264,72): warning CS8604: Possible null reference argument for parameter 'items' in 'ResourceSystemStructBlock<Vector4>.ResourceSystemStructBlock(Vector4[] items)'. [/home/ubuntu/PROGRAMA-BETA/src/FiveMTool.csproj]
/home/ubuntu/PROGRAMA-BETA/src/External/CodeWalker.Core/GameFiles/Resources/Drawable.cs(1270,31): warning CS8625: Cannot convert null literal to non-nullable reference type. [/home/ubuntu/PROGRAMA-BETA/src/FiveMTool.csproj]
/home/ubuntu/PROGRAMA-BETA/src/External/CodeWalker.Core/GameFiles/Resources/Drawable.cs(644,76): warning CS8625: Cannot convert null literal to non-nullable reference type. [/home/ubuntu/PROGRAMA-BETA/src/FiveMTool.csproj]
/home/ubuntu/PROGRAMA-BETA/src/External/CodeWalker.Core/GameFiles/Resources/Drawable.cs(638,34): warning CS8618: Non-nullable property 'Parameters' must contain a non-null value when exiting constructor. Consider declaring the property as nullable. [/home/ubuntu/PROGRAMA-BETA/src/FiveMTool.csproj]
/home/ubuntu/PROGRAMA-BETA/src/External/CodeWalker.Core/GameFiles/Resources/Drawable.cs(639,27): warning CS8618: Non-nullable property 'Hashes' must contain a non-null value when exiting constructor. Consider declaring the property as nullable. [/home/ubuntu/PROGRAMA-BETA/src/FiveMTool.csproj]
/home/ubuntu/PROGRAMA-BETA/src/External/CodeWalker.Core/GameFiles/Resources/Drawable.cs(642,25): warning CS8618: Non-nullable property 'Owner' must contain a non-null value when exiting constructor. Consider declaring the property as nullable. [/home/ubuntu/PROGRAMA-BETA/src/FiveMTool.csproj]
/home/ubuntu/PROGRAMA-BETA/src/External/CodeWalker.Core/GameFiles/Resources/Drawable.cs(649,35): warning CS8618: Non-nullable property 'G9_ParamInfos' must contain a non-null value when exiting constructor. Consider declaring the property as nullable. [/home/ubuntu/PROGRAMA-BETA/src/FiveMTool.csproj]
/home/ubuntu/PROGRAMA-BETA/src/External/CodeWalker.Core/GameFiles/Resources/Drawable.cs(650,24): warning CS8618: Non-nullable property 'G9_BufferPtrs' must contain a non-null value when exiting constructor. Consider declaring the property as nullable. [/home/ubuntu/PROGRAMA-BETA/src/FiveMTool.csproj]
/home/ubuntu/PROGRAMA-BETA/src/External/CodeWalker.Core/GameFiles/Resources/Drawable.cs(651,23): warning CS8618: Non-nullable property 'G9_BufferSizes' must contain a non-null value when exiting constructor. Consider declaring the property as nullable. [/home/ubuntu/PROGRAMA-BETA/src/FiveMTool.csproj]
/home/ubuntu/PROGRAMA-BETA/src/External/CodeWalker.Core/GameFiles/Resources/Drawable.cs(655,24): warning CS8618: Non-nullable property 'G9_TexturePtrs' must contain a non-null value when exiting constructor. Consider declaring the property as nullable. [/home/ubuntu/PROGRAMA-BETA/src/FiveMTool.csproj]
/home/ubuntu/PROGRAMA-BETA/src/External/CodeWalker.Core/GameFiles/Resources/Drawable.cs(656,24): warning CS8618: Non-nullable property 'G9_UnknownData' must contain a non-null value when exiting constructor. Consider declaring the property as nullable. [/home/ubuntu/PROGRAMA-BETA/src/FiveMTool.csproj]
/home/ubuntu/PROGRAMA-BETA/src/External/CodeWalker.Core/GameFiles/Resources/Drawable.cs(657,23): warning CS8618: Non-nullable property 'G9_Samplers' must contain a non-null value when exiting constructor. Consider declaring the property as nullable. [/home/ubuntu/PROGRAMA-BETA/src/FiveMTool.csproj]
/home/ubuntu/PROGRAMA-BETA/src/External/CodeWalker.Core/GameFiles/Resources/Clothes.cs(1639,48): warning CS8618: Non-nullable property 'Unknown_10h' must contain a non-null value when exiting constructor. Consider declaring the property as nullable. [/home/ubuntu/PROGRAMA-BETA/src/FiveMTool.csproj]
/home/ubuntu/PROGRAMA-BETA/src/External/CodeWalker.Core/GameFiles/Resources/Clothes.cs(1642,42): warning CS8618: Non-nullable property 'Unknown_30h' must contain a non-null value when exiting constructor. Consider declaring the property as nullable. [/home/ubuntu/PROGRAMA-BETA/src/FiveMTool.csproj]
/home/ubuntu/PROGRAMA-BETA/src/External/CodeWalker.Core/GameFiles/Resources/Clothes.cs(1646,42): warning CS8618: Non-nullable property 'Unknown_90h' must contain a non-null value when exiting constructor. Consider declaring the property as nullable. [/home/ubuntu/PROGRAMA-BETA/src/FiveMTool.csproj]
/home/ubuntu/PROGRAMA-BETA/src/External/CodeWalker.Core/GameFiles/Resources/Clothes.cs(1655,41): warning CS8618: Non-nullable property 'Controller' must contain a non-null value when exiting constructor. Consider declaring the property as nullable. [/home/ubuntu/PROGRAMA-BETA/src/FiveMTool.csproj]
/home/ubuntu/PROGRAMA-BETA/src/External/CodeWalker.Core/GameFiles/Resources/Clothes.cs(1656,23): warning CS8618: Non-nullable property 'Bound' must contain a non-null value when exiting constructor. Consider declaring the property as nullable. [/home/ubuntu/PROGRAMA-BETA/src/FiveMTool.csproj]
/home/ubuntu/PROGRAMA-BETA/src/External/CodeWalker.Core/GameFiles/Resources/Clothes.cs(1456,68): warning CS8625: Cannot convert null literal to non-nullable reference type. [/home/ubuntu/PROGRAMA-BETA/src/FiveMTool.csproj]
/home/ubuntu/PROGRAMA-BETA/src/External/CodeWalker.Core/GameFiles/Resources/Clothes.cs(1451,36): warning CS8618: Non-nullable property 'InstanceTuning' must contain a non-null value when exiting constructor. Consider declaring the property as nullable. [/home/ubuntu/PROGRAMA-BETA/src/FiveMTool.csproj]
/home/ubuntu/PROGRAMA-BETA/src/External/CodeWalker.Core/GameFiles/Resources/Clothes.cs(1452,29): warning CS8618: Non-nullable property 'Drawable' must contain a non-null value when exiting constructor. Consider declaring the property as nullable. [/home/ubuntu/PROGRAMA-BETA/src/FiveMTool.csproj]
/home/ubuntu/PROGRAMA-BETA/src/External/CodeWalker.Core/GameFiles/Resources/Clothes.cs(1453,32): warning CS8618: Non-nullable property 'Controller' must contain a non-null value when exiting constructor. Consider declaring the property as nullable. [/home/ubuntu/PROGRAMA-BETA/src/FiveMTool.csproj]
/home/ubuntu/PROGRAMA-BETA/src/External/CodeWalker.Core/GameFiles/Resources/Clothes.cs(1454,23): warning CS8618: Non-nullable property 'UnknownData' must contain a non-null value when exiting constructor. Consider declaring the property as nullable. [/home/ubuntu/PROGRAMA-BETA/src/FiveMTool.csproj]
/home/ubuntu/PROGRAMA-BETA/src/External/CodeWalker.Core/GameFiles/Resources/Clothes.cs(2144,48): warning CS8618: Non-nullable property 'Unknown_50h' must contain a non-null value when exiting constructor. Consider declaring the property as nullable. [/home/ubuntu/PROGRAMA-BETA/src/FiveMTool.csproj]
/home/ubuntu/PROGRAMA-BETA/src/External/CodeWalker.Core/GameFiles/Resources/Clothes.cs(2145,44): warning CS8618: Non-nullable property 'Unknown_60h' must contain a non-null value when exiting constructor. Consider declaring the property as nullable. [/home/ubuntu/PROGRAMA-BETA/src/FiveMTool.csproj]
/home/ubuntu/PROGRAMA-BETA/src/External/CodeWalker.Core/GameFiles/Resources/Clothes.cs(2146,44): warning CS8618: Non-nullable property 'Unknown_70h' must contain a non-null value when exiting constructor. Consider declaring the property as nullable. [/home/ubuntu/PROGRAMA-BETA/src/FiveMTool.csproj]
/home/ubuntu/PROGRAMA-BETA/src/External/CodeWalker.Core/GameFiles/Resources/Clothes.cs(2147,44): warning CS8618: Non-nullable property 'Unknown_80h' must contain a non-null value when exiting constructor. Consider declaring the property as nullable. [/home/ubuntu/PROGRAMA-BETA/src/FiveMTool.csproj]
/home/ubuntu/PROGRAMA-BETA/src/External/CodeWalker.Core/GameFiles/Resources/Clothes.cs(2148,44): warning CS8618: Non-nullable property 'Unknown_90h' must contain a non-null value when exiting constructor. Consider declaring the property as nullable. [/home/ubuntu/PROGRAMA-BETA/src/FiveMTool.csproj]
/home/ubuntu/PROGRAMA-BETA/src/External/CodeWalker.Core/GameFiles/Resources/Clothes.cs(2149,48): warning CS8618: Non-nullable property 'Unknown_A0h' must contain a non-null value when exiting constructor. Consider declaring the property as nullable. [/home/ubuntu/PROGRAMA-BETA/src/FiveMTool.csproj]
/home/ubuntu/PROGRAMA-BETA/src/External/CodeWalker.Core/GameFiles/Resources/Clothes.cs(2150,44): warning CS8618: Non-nullable property 'Unknown_B0h' must contain a non-null value when exiting constructor. Consider declaring the property as nullable. [/home/ubuntu/PROGRAMA-BETA/src/FiveMTool.csproj]
/home/ubuntu/PROGRAMA-BETA/src/External/CodeWalker.Core/GameFiles/Resources/Clothes.cs(2151,44): warning CS8618: Non-nullable property 'Unknown_C0h' must contain a non-null value when exiting constructor. Consider declaring the property as nullable. [/home/ubuntu/PROGRAMA-BETA/src/FiveMTool.csproj]
/home/ubuntu/PROGRAMA-BETA/src/External/CodeWalker.Core/GameFiles/Resources/Clothes.cs(2152,44): warning CS8618: Non-nullable property 'Unknown_D0h' must contain a non-null value when exiting constructor. Consider declaring the property as nullable. [/home/ubuntu/PROGRAMA-BETA/src/FiveMTool.csproj]
/home/ubuntu/PROGRAMA-BETA/src/External/CodeWalker.Core/GameFiles/Resources/Clothes.cs(2153,44): warning CS8618: Non-nullable property 'Unknown_E0h' must contain a non-null value when exiting constructor. Consider declaring the property as nullable. [/home/ubuntu/PROGRAMA-BETA/src/FiveMTool.csproj]
/home/ubuntu/PROGRAMA-BETA/src/External/CodeWalker.Core/GameFiles/Resources/Clothes.cs(2166,44): warning CS8618: Non-nullable property 'Unknown_150h' must contain a non-null value when exiting constructor. Consider declaring the property as nullable. [/home/ubuntu/PROGRAMA-BETA/src/FiveMTool.csproj]
/home/ubuntu/PROGRAMA-BETA/src/External/CodeWalker.Core/GameFiles/Resources/Clothes.cs(2167,44): warning CS8618: Non-nullable property 'Unknown_160h' must contain a non-null value when exiting constructor. Consider declaring the property as nullable. [/home/ubuntu/PROGRAMA-BETA/src/FiveMTool.csproj]
/home/ubuntu/PROGRAMA-BETA/src/External/CodeWalker.Core/GameFiles/Resources/Clothes.cs(181,34): warning CS8618: Non-nullable property 'BridgeSimGfx' must contain a non-null value when exiting constructor. Consider declaring the property as nullable. [/home/ubuntu/PROGRAMA-BETA/src/FiveMTool.csproj]
/home/ubuntu/PROGRAMA-BETA/src/External/CodeWalker.Core/GameFiles/Resources/Clothes.cs(182,32): warning CS8618: Non-nullable property 'MorphController' must contain a non-null value when exiting constructor. Consider declaring the property as nullable. [/home/ubuntu/PROGRAMA-BETA/src/FiveMTool.csproj]
/home/ubuntu/PROGRAMA-BETA/src/External/CodeWalker.Core/GameFiles/Resources/Clothes.cs(183,28): warning CS8618: Non-nullable property 'VerletCloth1' must contain a non-null value when exiting constructor. Consider declaring the property as nullable. [/home/ubuntu/PROGRAMA-BETA/src/FiveMTool.csproj]
/home/ubuntu/PROGRAMA-BETA/src/External/CodeWalker.Core/GameFiles/Resources/Clothes.cs(184,28): warning CS8618: Non-nullable property 'VerletCloth2' must contain a non-null value when exiting constructor. Consider declaring the property as nullable. [/home/ubuntu/PROGRAMA-BETA/src/FiveMTool.csproj]
/home/ubuntu/PROGRAMA-BETA/src/External/CodeWalker.Core/GameFiles/Resources/Clothes.cs(185,28): warning CS8618: Non-nullable property 'VerletCloth3' must contain a non-null value when exiting constructor. Consider declaring the property as nullable. [/home/ubuntu/PROGRAMA-BETA/src/FiveMTool.csproj]
/home/ubuntu/PROGRAMA-BETA/src/External/CodeWalker.Core/GameFiles/Resources/Clip.cs(4408,28): warning CS8618: Non-nullable property 'Tags' must contain a non-null value when exiting constructor. Consider declaring the property as nullable. [/home/ubuntu/PROGRAMA-BETA/src/FiveMTool.csproj]
/home/ubuntu/PROGRAMA-BETA/src/External/CodeWalker.Core/GameFiles/Resources/Clothes.cs(868,48): warning CS8618: Non-nullable property 'Vertices2' must contain a non-null value when exiting constructor. Consider declaring the property as nullable. [/home/ubuntu/PROGRAMA-BETA/src/FiveMTool.csproj]
/home/ubuntu/PROGRAMA-BETA/src/External/CodeWalker.Core/GameFiles/Resources/Clothes.cs(869,48): warning CS8618: Non-nullable property 'Vertices' must contain a non-null value when exiting constructor. Consider declaring the property as nullable. [/home/ubuntu/PROGRAMA-BETA/src/FiveMTool.csproj]
/home/ubuntu/PROGRAMA-BETA/src/External/CodeWalker.Core/GameFiles/Resources/Clothes.cs(889,54): warning CS8618: Non-nullable property 'Constraints2' must contain a non-null value when exiting constructor. Consider declaring the property as nullable. [/home/ubuntu/PROGRAMA-BETA/src/FiveMTool.csproj]
/home/ubuntu/PROGRAMA-BETA/src/External/CodeWalker.Core/GameFiles/Resources/Clothes.cs(890,54): warning CS8618: Non-nullable property 'Constraints' must contain a non-null value when exiting constructor. Consider declaring the property as nullable. [/home/ubuntu/PROGRAMA-BETA/src/FiveMTool.csproj]
/home/ubuntu/PROGRAMA-BETA/src/External/CodeWalker.Core/GameFiles/Resources/Clothes.cs(908,23): warning CS8618: Non-nullable property 'Bound' must contain a non-null value when exiting constructor. Consider declaring the property as nullable. [/home/ubuntu/PROGRAMA-BETA/src/FiveMTool.csproj]
/home/ubuntu/PROGRAMA-BETA/src/External/CodeWalker.Core/GameFiles/Resources/Clothes.cs(909,39): warning CS8618: Non-nullable property 'Behavior' must contain a non-null value when exiting constructor. Consider declaring the property as nullable. [/home/ubuntu/PROGRAMA-BETA/src/FiveMTool.csproj]
/home/ubuntu/PROGRAMA-BETA/src/External/CodeWalker.Core/GameFiles/Resources/Clothes.cs(910,30): warning CS8618: Non-nullable property 'Unknown_140h_Data' must contain a non-null value when exiting constructor. Consider declaring the property as nullable. [/home/ubuntu/PROGRAMA-BETA/src/FiveMTool.csproj]
/home/ubuntu/PROGRAMA-BETA/src/External/CodeWalker.Core/GameFiles/Resources/Clothes.cs(361,43): warning CS8618: Non-nullable property 'Unknown_20h' must contain a non-null value when exiting constructor. Consider declaring the property as nullable. [/home/ubuntu/PROGRAMA-BETA/src/FiveMTool.csproj]
/home/ubuntu/PROGRAMA-BETA/src/External/CodeWalker.Core/GameFiles/Resources/Clothes.cs(362,43): warning CS8618: Non-nullable property 'Unknown_30h' must contain a non-null value when exiting constructor. Consider declaring the property as nullable. [/home/ubuntu/PROGRAMA-BETA/src/FiveMTool.csproj]
/home/ubuntu/PROGRAMA-BETA/src/External/CodeWalker.Core/GameFiles/Resources/Clothes.cs(363,43): warning CS8618: Non-nullable property 'Unknown_40h' must contain a non-null value when exiting constructor. Consider declaring the property as nullable. [/home/ubuntu/PROGRAMA-BETA/src/FiveMTool.csproj]
/home/ubuntu/PROGRAMA-BETA/src/External/CodeWalker.Core/GameFiles/Resources/Clothes.cs(366,43): warning CS8618: Non-nullable property 'Unknown_60h' must contain a non-null value when exiting constructor. Consider declaring the property as nullable. [/home/ubuntu/PROGRAMA-BETA/src/FiveMTool.csproj]
/home/ubuntu/PROGRAMA-BETA/src/External/CodeWalker.Core/GameFiles/Resources/Clothes.cs(367,42): warning CS8618: Non-nullable property 'Unknown_70h' must contain a non-null value when exiting constructor. Consider declaring the property as nullable. [/home/ubuntu/PROGRAMA-BETA/src/FiveMTool.csproj]
/home/ubuntu/PROGRAMA-BETA/src/External/CodeWalker.Core/GameFiles/Resources/Clothes.cs(368,42): warning CS8618: Non-nullable property 'Unknown_80h' must contain a non-null value when exiting constructor. Consider declaring the property as nullable. [/home/ubuntu/PROGRAMA-BETA/src/FiveMTool.csproj]
/home/ubuntu/PROGRAMA-BETA/src/External/CodeWalker.Core/GameFiles/Resources/Clothes.cs(371,43): warning CS8618: Non-nullable property 'Unknown_A0h' must contain a non-null value when exiting constructor. Consider declaring the property as nullable. [/home/ubuntu/PROGRAMA-BETA/src/FiveMTool.csproj]
/home/ubuntu/PROGRAMA-BETA/src/External/CodeWalker.Core/GameFiles/Resources/Clothes.cs(372,42): warning CS8618: Non-nullable property 'Unknown_B0h' must contain a non-null value when exiting constructor. Consider declaring the property as nullable. [/home/ubuntu/PROGRAMA-BETA/src/FiveMTool.csproj]
/home/ubuntu/PROGRAMA-BETA/src/External/CodeWalker.Core/GameFiles/Resources/Clothes.cs(373,42): warning CS8618: Non-nullable property 'Unknown_C0h' must contain a non-null value when exiting constructor. Consider declaring the property as nullable. [/home/ubuntu/PROGRAMA-BETA/src/FiveMTool.csproj]
/home/ubuntu/PROGRAMA-BETA/src/External/CodeWalker.Core/GameFiles/Resources/Clothes.cs(376,44): warning CS8618: Non-nullable property 'Unknown_E0h' must contain a non-null value when exiting constructor. Consider declaring the property as nullable. [/home/ubuntu/PROGRAMA-BETA/src/FiveMTool.csproj]
/home/ubuntu/PROGRAMA-BETA/src/External/CodeWalker.Core/GameFiles/Resources/Clothes.cs(377,44): warning CS8618: Non-nullable property 'Unknown_F0h' must contain a non-null value when exiting constructor. Consider declaring the property as nullable. [/home/ubuntu/PROGRAMA-BETA/src/FiveMTool.csproj]
/home/ubuntu/PROGRAMA-BETA/src/External/CodeWalker.Core/GameFiles/Resources/Clothes.cs(378,44): warning CS8618: Non-nullable property 'Unknown_100h' must contain a non-null value when exiting constructor. Consider declaring the property as nullable. [/home/ubuntu/PROGRAMA-BETA/src/FiveMTool.csproj]
/home/ubuntu/PROGRAMA-BETA/src/External/CodeWalker.Core/GameFiles/Resources/Clothes.cs(382,42): warning CS8618: Non-nullable property 'Unknown_128h' must contain a non-null value when exiting constructor. Consider declaring the property as nullable. [/home/ubuntu/PROGRAMA-BETA/src/FiveMTool.csproj]
/home/ubuntu/PROGRAMA-BETA/src/External/CodeWalker.Core/GameFiles/Resources/Clothes.cs(141,38): warning CS8603: Possible null reference return. [/home/ubuntu/PROGRAMA-BETA/src/FiveMTool.csproj]
/home/ubuntu/PROGRAMA-BETA/src/External/CodeWalker.Core/GameFiles/Resources/Clothes.cs(46,49): warning CS8618: Non-nullable property 'ClothNameHashes' must contain a non-null value when exiting constructor. Consider declaring the property as nullable. [/home/ubuntu/PROGRAMA-BETA/src/FiveMTool.csproj]
/home/ubuntu/PROGRAMA-BETA/src/External/CodeWalker.Core/GameFiles/Resources/Clothes.cs(47,54): warning CS8618: Non-nullable property 'Clothes' must contain a non-null value when exiting constructor. Consider declaring the property as nullable. [/home/ubuntu/PROGRAMA-BETA/src/FiveMTool.csproj]
/home/ubuntu/PROGRAMA-BETA/src/External/CodeWalker.Core/GameFiles/Resources/Clip.cs(4063,39): warning CS8625: Cannot convert null literal to non-nullable reference type. [/home/ubuntu/PROGRAMA-BETA/src/FiveMTool.csproj]
/home/ubuntu/PROGRAMA-BETA/src/External/CodeWalker.Core/GameFiles/Resources/Clip.cs(4062,23): warning CS8618: Non-nullable field 'Value' must contain a non-null value when exiting constructor. Consider declaring the field as nullable. [/home/ubuntu/PROGRAMA-BETA/src/FiveMTool.csproj]
/home/ubuntu/PROGRAMA-BETA/src/External/CodeWalker.Core/GameFiles/Resources/Clip.cs(3882,33): warning CS8603: Possible null reference return. [/home/ubuntu/PROGRAMA-BETA/src/FiveMTool.csproj]
/home/ubuntu/PROGRAMA-BETA/src/External/CodeWalker.Core/GameFiles/Resources/Clip.cs(3606,29): warning CS8618: Non-nullable property 'Data' must contain a non-null value when exiting constructor. Consider declaring the property as nullable. [/home/ubuntu/PROGRAMA-BETA/src/FiveMTool.csproj]
/home/ubuntu/PROGRAMA-BETA/src/External/CodeWalker.Core/GameFiles/Resources/Clip.cs(3607,37): warning CS8618: Non-nullable property 'Next' must contain a non-null value when exiting constructor. Consider declaring the property as nullable. [/home/ubuntu/PROGRAMA-BETA/src/FiveMTool.csproj]
/home/ubuntu/PROGRAMA-BETA/src/External/CodeWalker.Core/GameFiles/Resources/Clip.cs(4292,48): warning CS8618: Non-nullable property 'Tags' must contain a non-null value when exiting constructor. Consider declaring the property as nullable. [/home/ubuntu/PROGRAMA-BETA/src/FiveMTool.csproj]
/home/ubuntu/PROGRAMA-BETA/src/External/CodeWalker.Core/GameFiles/Resources/Clip.cs(4294,26): warning CS8618: Non-nullable property 'AllTags' must contain a non-null value when exiting constructor. Consider declaring the property as nullable. [/home/ubuntu/PROGRAMA-BETA/src/FiveMTool.csproj]
/home/ubuntu/PROGRAMA-BETA/src/External/CodeWalker.Core/GameFiles/Resources/Clip.cs(3292,16): warning CS8618: Non-nullable property 'Animations' must contain a non-null value when exiting constructor. Consider declaring the property as nullable. [/home/ubuntu/PROGRAMA-BETA/src/FiveMTool.csproj]
/home/ubuntu/PROGRAMA-BETA/src/External/CodeWalker.Core/GameFiles/Resources/Clip.cs(3771,39): warning CS8604: Possible null reference argument for parameter 'arr' in 'void MetaXmlBase.WriteItemArray<ClipPropertyAttribute>(StringBuilder sb, ClipPropertyAttribute[] arr, int ind, string name)'. [/home/ubuntu/PROGRAMA-BETA/src/FiveMTool.csproj]
/home/ubuntu/PROGRAMA-BETA/src/External/CodeWalker.Core/GameFiles/Resources/Clip.cs(3678,62): warning CS8618: Non-nullable property 'Attributes' must contain a non-null value when exiting constructor. Consider declaring the property as nullable. [/home/ubuntu/PROGRAMA-BETA/src/FiveMTool.csproj]
/home/ubuntu/PROGRAMA-BETA/src/External/CodeWalker.Core/GameFiles/Resources/Clip.cs(3384,26): warning CS8618: Non-nullable property 'Animation' must contain a non-null value when exiting constructor. Consider declaring the property as nullable. [/home/ubuntu/PROGRAMA-BETA/src/FiveMTool.csproj]
/home/ubuntu/PROGRAMA-BETA/src/External/CodeWalker.Core/GameFiles/Resources/Clip.cs(3202,16): warning CS8618: Non-nullable property 'Animation' must contain a non-null value when exiting constructor. Consider declaring the property as nullable. [/home/ubuntu/PROGRAMA-BETA/src/FiveMTool.csproj]
/home/ubuntu/PROGRAMA-BETA/src/External/CodeWalker.Core/GameFiles/Resources/Clip.cs(3356,39): warning CS8604: Possible null reference argument for parameter 'arr' in 'void MetaXmlBase.WriteItemArray<ClipAnimationsEntry>(StringBuilder sb, ClipAnimationsEntry[] arr, int ind, string name)'. [/home/ubuntu/PROGRAMA-BETA/src/FiveMTool.csproj]
/home/ubuntu/PROGRAMA-BETA/src/External/CodeWalker.Core/GameFiles/Resources/Clip.cs(3004,56): warning CS8603: Possible null reference return. [/home/ubuntu/PROGRAMA-BETA/src/FiveMTool.csproj]
/home/ubuntu/PROGRAMA-BETA/src/External/CodeWalker.Core/GameFiles/Resources/Clip.cs(3568,61): warning CS8625: Cannot convert null literal to non-nullable reference type. [/home/ubuntu/PROGRAMA-BETA/src/FiveMTool.csproj]
/home/ubuntu/PROGRAMA-BETA/src/External/CodeWalker.Core/GameFiles/Resources/Clip.cs(3571,39): warning CS8602: Dereference of a possibly null reference. [/home/ubuntu/PROGRAMA-BETA/src/FiveMTool.csproj]
/home/ubuntu/PROGRAMA-BETA/src/External/CodeWalker.Core/GameFiles/Resources/Clip.cs(3576,34): warning CS8625: Cannot convert null literal to non-nullable reference type. [/home/ubuntu/PROGRAMA-BETA/src/FiveMTool.csproj]
/home/ubuntu/PROGRAMA-BETA/src/External/CodeWalker.Core/GameFiles/Resources/Clip.cs(3586,29): warning CS8601: Possible null reference assignment. [/home/ubuntu/PROGRAMA-BETA/src/FiveMTool.csproj]
/home/ubuntu/PROGRAMA-BETA/src/External/CodeWalker.Core/GameFiles/Resources/Clip.cs(3468,61): warning CS8618: Non-nullable property 'Properties' must contain a non-null value when exiting constructor. Consider declaring the property as nullable. [/home/ubuntu/PROGRAMA-BETA/src/FiveMTool.csproj]
/home/ubuntu/PROGRAMA-BETA/src/External/CodeWalker.Core/GameFiles/Resources/Clip.cs(3470,31): warning CS8618: Non-nullable property 'AllProperties' must contain a non-null value when exiting constructor. Consider declaring the property as nullable. [/home/ubuntu/PROGRAMA-BETA/src/FiveMTool.csproj]
/home/ubuntu/PROGRAMA-BETA/src/External/CodeWalker.Core/GameFiles/Resources/Clip.cs(3471,51): warning CS8618: Non-nullable property 'PropertyMap' must contain a non-null value when exiting constructor. Consider declaring the property as nullable. [/home/ubuntu/PROGRAMA-BETA/src/FiveMTool.csproj]
/home/ubuntu/PROGRAMA-BETA/src/External/CodeWalker.Core/GameFiles/Resources/Clip.cs(2901,25): warning CS8618: Non-nullable property 'Clip' must contain a non-null value when exiting constructor. Consider declaring the property as nullable. [/home/ubuntu/PROGRAMA-BETA/src/FiveMTool.csproj]
/home/ubuntu/PROGRAMA-BETA/src/External/CodeWalker.Core/GameFiles/Resources/Clip.cs(2902,29): warning CS8618: Non-nullable property 'Next' must contain a non-null value when exiting constructor. Consider declaring the property as nullable. [/home/ubuntu/PROGRAMA-BETA/src/FiveMTool.csproj]
/home/ubuntu/PROGRAMA-BETA/src/External/CodeWalker.Core/GameFiles/Resources/Clip.cs(2189,30): warning CS8602: Dereference of a possibly null reference. [/home/ubuntu/PROGRAMA-BETA/src/FiveMTool.csproj]
/home/ubuntu/PROGRAMA-BETA/src/External/CodeWalker.Core/GameFiles/Resources/Clip.cs(3141,33): warning CS8603: Possible null reference return. [/home/ubuntu/PROGRAMA-BETA/src/FiveMTool.csproj]
/home/ubuntu/PROGRAMA-BETA/src/External/CodeWalker.Core/GameFiles/Resources/Clip.cs(3158,39): warning CS8604: Possible null reference argument for parameter 'arr' in 'void MetaXmlBase.WriteItemArray<ClipTag>(StringBuilder sb, ClipTag[] arr, int ind, string name)'. [/home/ubuntu/PROGRAMA-BETA/src/FiveMTool.csproj]
/home/ubuntu/PROGRAMA-BETA/src/External/CodeWalker.Core/GameFiles/Resources/Clip.cs(3159,39): warning CS8604: Possible null reference argument for parameter 'arr' in 'void MetaXmlBase.WriteItemArray<ClipProperty>(StringBuilder sb, ClipProperty[] arr, int ind, string name)'. [/home/ubuntu/PROGRAMA-BETA/src/FiveMTool.csproj]
/home/ubuntu/PROGRAMA-BETA/src/External/CodeWalker.Core/GameFiles/Resources/Clip.cs(1964,42): warning CS8625: Cannot convert null literal to non-nullable reference type. [/home/ubuntu/PROGRAMA-BETA/src/FiveMTool.csproj]
/home/ubuntu/PROGRAMA-BETA/src/External/CodeWalker.Core/GameFiles/Resources/Clip.cs(1965,42): warning CS8625: Cannot convert null literal to non-nullable reference type. [/home/ubuntu/PROGRAMA-BETA/src/FiveMTool.csproj]
/home/ubuntu/PROGRAMA-BETA/src/External/CodeWalker.Core/GameFiles/Resources/Clip.cs(1966,35): warning CS8625: Cannot convert null literal to non-nullable reference type. [/home/ubuntu/PROGRAMA-BETA/src/FiveMTool.csproj]
/home/ubuntu/PROGRAMA-BETA/src/External/CodeWalker.Core/GameFiles/Resources/Clip.cs(2996,38): warning CS8625: Cannot convert null literal to non-nullable reference type. [/home/ubuntu/PROGRAMA-BETA/src/FiveMTool.csproj]
/home/ubuntu/PROGRAMA-BETA/src/External/CodeWalker.Core/GameFiles/Resources/Clip.cs(2992,23): warning CS8618: Non-nullable property 'Name' must contain a non-null value when exiting constructor. Consider declaring the property as nullable. [/home/ubuntu/PROGRAMA-BETA/src/FiveMTool.csproj]
/home/ubuntu/PROGRAMA-BETA/src/External/CodeWalker.Core/GameFiles/Resources/Clip.cs(2993,28): warning CS8618: Non-nullable property 'Tags' must contain a non-null value when exiting constructor. Consider declaring the property as nullable. [/home/ubuntu/PROGRAMA-BETA/src/FiveMTool.csproj]
/home/ubuntu/PROGRAMA-BETA/src/External/CodeWalker.Core/GameFiles/Resources/Clip.cs(2994,32): warning CS8618: Non-nullable property 'Properties' must contain a non-null value when exiting constructor. Consider declaring the property as nullable. [/home/ubuntu/PROGRAMA-BETA/src/FiveMTool.csproj]
/home/ubuntu/PROGRAMA-BETA/src/External/CodeWalker.Core/GameFiles/Resources/Clip.cs(2998,24): warning CS8618: Non-nullable property 'Ycd' must contain a non-null value when exiting constructor. Consider declaring the property as nullable. [/home/ubuntu/PROGRAMA-BETA/src/FiveMTool.csproj]
/home/ubuntu/PROGRAMA-BETA/src/External/CodeWalker.Core/GameFiles/Resources/Clip.cs(3022,24): warning CS8618: Non-nullable field '_ShortName' must contain a non-null value when exiting constructor. Consider declaring the field as nullable. [/home/ubuntu/PROGRAMA-BETA/src/FiveMTool.csproj]
/home/ubuntu/PROGRAMA-BETA/src/External/CodeWalker.Core/GameFiles/Resources/Clip.cs(2166,30): warning CS8618: Non-nullable property 'Channels' must contain a non-null value when exiting constructor. Consider declaring the property as nullable. [/home/ubuntu/PROGRAMA-BETA/src/FiveMTool.csproj]
/home/ubuntu/PROGRAMA-BETA/src/External/CodeWalker.Core/GameFiles/Resources/Clip.cs(1818,16): warning CS8618: Non-nullable property 'Sequences' must contain a non-null value when exiting constructor. Consider declaring the property as nullable. [/home/ubuntu/PROGRAMA-BETA/src/FiveMTool.csproj]
/home/ubuntu/PROGRAMA-BETA/src/External/CodeWalker.Core/GameFiles/Resources/Clip.cs(1769,16): warning CS8618: Non-nullable field 'blockStream' must contain a non-null value when exiting constructor. Consider declaring the field as nullable. [/home/ubuntu/PROGRAMA-BETA/src/FiveMTool.csproj]
/home/ubuntu/PROGRAMA-BETA/src/External/CodeWalker.Core/GameFiles/Resources/Clip.cs(1769,16): warning CS8618: Non-nullable field 'valueCache' must contain a non-null value when exiting constructor. Consider declaring the field as nullable. [/home/ubuntu/PROGRAMA-BETA/src/FiveMTool.csproj]
/home/ubuntu/PROGRAMA-BETA/src/External/CodeWalker.Core/GameFiles/Resources/Clip.cs(1673,16): warning CS8618: Non-nullable property 'Values' must contain a non-null value when exiting constructor. Consider declaring the property as nullable. [/home/ubuntu/PROGRAMA-BETA/src/FiveMTool.csproj]
/home/ubuntu/PROGRAMA-BETA/src/External/CodeWalker.Core/GameFiles/Resources/Clip.cs(1420,16): warning CS8618: Non-nullable property 'Values' must contain a non-null value when exiting constructor. Consider declaring the property as nullable. [/home/ubuntu/PROGRAMA-BETA/src/FiveMTool.csproj]
/home/ubuntu/PROGRAMA-BETA/src/External/CodeWalker.Core/GameFiles/Resources/Clip.cs(1420,16): warning CS8618: Non-nullable property 'ValueList' must contain a non-null value when exiting constructor. Consider declaring the property as nullable. [/home/ubuntu/PROGRAMA-BETA/src/FiveMTool.csproj]
/home/ubuntu/PROGRAMA-BETA/src/External/CodeWalker.Core/GameFiles/Resources/Clip.cs(1314,16): warning CS8618: Non-nullable property 'Values' must contain a non-null value when exiting constructor. Consider declaring the property as nullable. [/home/ubuntu/PROGRAMA-BETA/src/FiveMTool.csproj]
/home/ubuntu/PROGRAMA-BETA/src/External/CodeWalker.Core/GameFiles/Resources/Clip.cs(1314,16): warning CS8618: Non-nullable property 'ValueList' must contain a non-null value when exiting constructor. Consider declaring the property as nullable. [/home/ubuntu/PROGRAMA-BETA/src/FiveMTool.csproj]
/home/ubuntu/PROGRAMA-BETA/src/External/CodeWalker.Core/GameFiles/Resources/Clip.cs(1336,39): warning CS8602: Dereference of a possibly null reference. [/home/ubuntu/PROGRAMA-BETA/src/FiveMTool.csproj]
/home/ubuntu/PROGRAMA-BETA/src/External/CodeWalker.Core/GameFiles/Resources/Clip.cs(2522,48): warning CS8601: Possible null reference assignment. [/home/ubuntu/PROGRAMA-BETA/src/FiveMTool.csproj]
/home/ubuntu/PROGRAMA-BETA/src/External/CodeWalker.Core/GameFiles/Resources/Clip.cs(1171,16): warning CS8618: Non-nullable property 'Values' must contain a non-null value when exiting constructor. Consider declaring the property as nullable. [/home/ubuntu/PROGRAMA-BETA/src/FiveMTool.csproj]
/home/ubuntu/PROGRAMA-BETA/src/External/CodeWalker.Core/GameFiles/Resources/Clip.cs(1171,16): warning CS8618: Non-nullable property 'ValueList' must contain a non-null value when exiting constructor. Consider declaring the property as nullable. [/home/ubuntu/PROGRAMA-BETA/src/FiveMTool.csproj]
/home/ubuntu/PROGRAMA-BETA/src/External/CodeWalker.Core/GameFiles/Resources/Clip.cs(1171,16): warning CS8618: Non-nullable property 'Frames' must contain a non-null value when exiting constructor. Consider declaring the property as nullable. [/home/ubuntu/PROGRAMA-BETA/src/FiveMTool.csproj]
/home/ubuntu/PROGRAMA-BETA/src/External/CodeWalker.Core/GameFiles/Resources/Clip.cs(1227,38): warning CS8602: Dereference of a possibly null reference. [/home/ubuntu/PROGRAMA-BETA/src/FiveMTool.csproj]
/home/ubuntu/PROGRAMA-BETA/src/External/CodeWalker.Core/GameFiles/Resources/Clip.cs(1524,38): warning CS8602: Dereference of a possibly null reference. [/home/ubuntu/PROGRAMA-BETA/src/FiveMTool.csproj]
/home/ubuntu/PROGRAMA-BETA/src/External/CodeWalker.Core/GameFiles/Resources/Clip.cs(2607,35): warning CS8602: Dereference of a possibly null reference. [/home/ubuntu/PROGRAMA-BETA/src/FiveMTool.csproj]
/home/ubuntu/PROGRAMA-BETA/src/External/CodeWalker.Core/GameFiles/Resources/Clip.cs(2628,39): warning CS8602: Dereference of a possibly null reference. [/home/ubuntu/PROGRAMA-BETA/src/FiveMTool.csproj]
/home/ubuntu/PROGRAMA-BETA/src/External/CodeWalker.Core/GameFiles/Resources/Clip.cs(1295,68): warning CS8625: Cannot convert null literal to non-nullable reference type. [/home/ubuntu/PROGRAMA-BETA/src/FiveMTool.csproj]
/home/ubuntu/PROGRAMA-BETA/src/External/CodeWalker.Core/GameFiles/Resources/Clip.cs(1052,28): warning CS8603: Possible null reference return. [/home/ubuntu/PROGRAMA-BETA/src/FiveMTool.csproj]
/home/ubuntu/PROGRAMA-BETA/src/External/CodeWalker.Core/GameFiles/Resources/Clip.cs(2749,30): warning CS8602: Dereference of a possibly null reference. [/home/ubuntu/PROGRAMA-BETA/src/FiveMTool.csproj]
/home/ubuntu/PROGRAMA-BETA/src/External/CodeWalker.Core/GameFiles/Resources/Clip.cs(2765,30): warning CS8602: Dereference of a possibly null reference. [/home/ubuntu/PROGRAMA-BETA/src/FiveMTool.csproj]
/home/ubuntu/PROGRAMA-BETA/src/External/CodeWalker.Core/GameFiles/Resources/Clip.cs(572,26): warning CS8618: Non-nullable property 'Animation' must contain a non-null value when exiting constructor. Consider declaring the property as nullable. [/home/ubuntu/PROGRAMA-BETA/src/FiveMTool.csproj]
/home/ubuntu/PROGRAMA-BETA/src/External/CodeWalker.Core/GameFiles/Resources/Clip.cs(573,34): warning CS8618: Non-nullable property 'NextEntry' must contain a non-null value when exiting constructor. Consider declaring the property as nullable. [/home/ubuntu/PROGRAMA-BETA/src/FiveMTool.csproj]
/home/ubuntu/PROGRAMA-BETA/src/External/CodeWalker.Core/GameFiles/Resources/Clip.cs(502,58): warning CS8618: Non-nullable property 'Animations' must contain a non-null value when exiting constructor. Consider declaring the property as nullable. [/home/ubuntu/PROGRAMA-BETA/src/FiveMTool.csproj]
/home/ubuntu/PROGRAMA-BETA/src/External/CodeWalker.Core/GameFiles/Resources/Clip.cs(2858,32): warning CS8601: Possible null reference assignment. [/home/ubuntu/PROGRAMA-BETA/src/FiveMTool.csproj]
/home/ubuntu/PROGRAMA-BETA/src/External/CodeWalker.Core/GameFiles/Resources/Clip.cs(2859,32): warning CS8601: Possible null reference assignment. [/home/ubuntu/PROGRAMA-BETA/src/FiveMTool.csproj]
/home/ubuntu/PROGRAMA-BETA/src/External/CodeWalker.Core/GameFiles/Resources/Clip.cs(2366,23): warning CS8618: Non-nullable property 'Data' must contain a non-null value when exiting constructor. Consider declaring the property as nullable. [/home/ubuntu/PROGRAMA-BETA/src/FiveMTool.csproj]
/home/ubuntu/PROGRAMA-BETA/src/External/CodeWalker.Core/GameFiles/Resources/Clip.cs(2371,31): warning CS8618: Non-nullable property 'Sequences' must contain a non-null value when exiting constructor. Consider declaring the property as nullable. [/home/ubuntu/PROGRAMA-BETA/src/FiveMTool.csproj]
/home/ubuntu/PROGRAMA-BETA/src/External/CodeWalker.Core/GameFiles/Resources/Clip.cs(2373,41): warning CS8618: Non-nullable property 'RootPositionRefs' must contain a non-null value when exiting constructor. Consider declaring the property as nullable. [/home/ubuntu/PROGRAMA-BETA/src/FiveMTool.csproj]
/home/ubuntu/PROGRAMA-BETA/src/External/CodeWalker.Core/GameFiles/Resources/Clip.cs(2374,41): warning CS8618: Non-nullable property 'RootRotationRefs' must contain a non-null value when exiting constructor. Consider declaring the property as nullable. [/home/ubuntu/PROGRAMA-BETA/src/FiveMTool.csproj]
/home/ubuntu/PROGRAMA-BETA/src/External/CodeWalker.Core/GameFiles/Resources/Clip.cs(859,39): warning CS8604: Possible null reference argument for parameter 'arr' in 'void MetaXmlBase.WriteItemArray<AnimationBoneId>(StringBuilder sb, AnimationBoneId[] arr, int ind, string name)'. [/home/ubuntu/PROGRAMA-BETA/src/FiveMTool.csproj]
/home/ubuntu/PROGRAMA-BETA/src/External/CodeWalker.Core/GameFiles/Resources/Clip.cs(860,39): warning CS8604: Possible null reference argument for parameter 'arr' in 'void MetaXmlBase.WriteItemArray<Sequence>(StringBuilder sb, Sequence[] arr, int ind, string name)'. [/home/ubuntu/PROGRAMA-BETA/src/FiveMTool.csproj]
/home/ubuntu/PROGRAMA-BETA/src/External/CodeWalker.Core/GameFiles/Resources/Clip.cs(657,48): warning CS8618: Non-nullable property 'Sequences' must contain a non-null value when exiting constructor. Consider declaring the property as nullable. [/home/ubuntu/PROGRAMA-BETA/src/FiveMTool.csproj]
/home/ubuntu/PROGRAMA-BETA/src/External/CodeWalker.Core/GameFiles/Resources/Clip.cs(658,56): warning CS8618: Non-nullable property 'BoneIds' must contain a non-null value when exiting constructor. Consider declaring the property as nullable. [/home/ubuntu/PROGRAMA-BETA/src/FiveMTool.csproj]
/home/ubuntu/PROGRAMA-BETA/src/External/CodeWalker.Core/GameFiles/Resources/Clip.cs(660,24): warning CS8618: Non-nullable property 'Ycd' must contain a non-null value when exiting constructor. Consider declaring the property as nullable. [/home/ubuntu/PROGRAMA-BETA/src/FiveMTool.csproj]
/home/ubuntu/PROGRAMA-BETA/src/External/CodeWalker.Core/GameFiles/Resources/Bounds.cs(5461,43): warning CS8603: Possible null reference return. [/home/ubuntu/PROGRAMA-BETA/src/FiveMTool.csproj]
/home/ubuntu/PROGRAMA-BETA/src/External/CodeWalker.Core/GameFiles/Resources/Bounds.cs(5462,55): warning CS8603: Possible null reference return. [/home/ubuntu/PROGRAMA-BETA/src/FiveMTool.csproj]
/home/ubuntu/PROGRAMA-BETA/src/External/CodeWalker.Core/GameFiles/Resources/Bounds.cs(5468,43): warning CS8603: Possible null reference return. [/home/ubuntu/PROGRAMA-BETA/src/FiveMTool.csproj]
/home/ubuntu/PROGRAMA-BETA/src/External/CodeWalker.Core/GameFiles/Resources/Bounds.cs(5469,55): warning CS8603: Possible null reference return. [/home/ubuntu/PROGRAMA-BETA/src/FiveMTool.csproj]
/home/ubuntu/PROGRAMA-BETA/src/External/CodeWalker.Core/GameFiles/Resources/Bounds.cs(5133,23): warning CS8618: Non-nullable field 'Bounds' must contain a non-null value when exiting constructor. Consider declaring the field as nullable. [/home/ubuntu/PROGRAMA-BETA/src/FiveMTool.csproj]
/home/ubuntu/PROGRAMA-BETA/src/External/CodeWalker.Core/GameFiles/Resources/Bounds.cs(5134,29): warning CS8618: Non-nullable field 'Polygon' must contain a non-null value when exiting constructor. Consider declaring the field as nullable. [/home/ubuntu/PROGRAMA-BETA/src/FiveMTool.csproj]
/home/ubuntu/PROGRAMA-BETA/src/External/CodeWalker.Core/GameFiles/Resources/Bounds.cs(5316,50): warning CS8618: Non-nullable field 'ColourDict' must contain a non-null value when exiting constructor. Consider declaring the field as nullable. [/home/ubuntu/PROGRAMA-BETA/src/FiveMTool.csproj]
/home/ubuntu/PROGRAMA-BETA/src/External/CodeWalker.Core/GameFiles/Resources/Bounds.cs(5317,48): warning CS8618: Non-nullable field 'Materials' must contain a non-null value when exiting constructor. Consider declaring the field as nullable. [/home/ubuntu/PROGRAMA-BETA/src/FiveMTool.csproj]
/home/ubuntu/PROGRAMA-BETA/src/External/CodeWalker.Core/GameFiles/Resources/Bounds.cs(5282,23): warning CS8618: Non-nullable property 'Name' must contain a non-null value when exiting constructor. Consider declaring the property as nullable. [/home/ubuntu/PROGRAMA-BETA/src/FiveMTool.csproj]
/home/ubuntu/PROGRAMA-BETA/src/External/CodeWalker.Core/GameFiles/Resources/Bounds.cs(5283,23): warning CS8618: Non-nullable property 'Filter' must contain a non-null value when exiting constructor. Consider declaring the property as nullable. [/home/ubuntu/PROGRAMA-BETA/src/FiveMTool.csproj]
/home/ubuntu/PROGRAMA-BETA/src/External/CodeWalker.Core/GameFiles/Resources/Bounds.cs(5284,23): warning CS8618: Non-nullable property 'FXGroup' must contain a non-null value when exiting constructor. Consider declaring the property as nullable. [/home/ubuntu/PROGRAMA-BETA/src/FiveMTool.csproj]
/home/ubuntu/PROGRAMA-BETA/src/External/CodeWalker.Core/GameFiles/Resources/Bounds.cs(5285,23): warning CS8618: Non-nullable property 'VFXDisturbanceType' must contain a non-null value when exiting constructor. Consider declaring the property as nullable. [/home/ubuntu/PROGRAMA-BETA/src/FiveMTool.csproj]
/home/ubuntu/PROGRAMA-BETA/src/External/CodeWalker.Core/GameFiles/Resources/Bounds.cs(5286,23): warning CS8618: Non-nullable property 'RumbleProfile' must contain a non-null value when exiting constructor. Consider declaring the property as nullable. [/home/ubuntu/PROGRAMA-BETA/src/FiveMTool.csproj]
/home/ubuntu/PROGRAMA-BETA/src/External/CodeWalker.Core/GameFiles/Resources/Bounds.cs(5287,23): warning CS8618: Non-nullable property 'ReactWeaponType' must contain a non-null value when exiting constructor. Consider declaring the property as nullable. [/home/ubuntu/PROGRAMA-BETA/src/FiveMTool.csproj]
/home/ubuntu/PROGRAMA-BETA/src/External/CodeWalker.Core/GameFiles/Resources/Bounds.cs(5288,23): warning CS8618: Non-nullable property 'Friction' must contain a non-null value when exiting constructor. Consider declaring the property as nullable. [/home/ubuntu/PROGRAMA-BETA/src/FiveMTool.csproj]
/home/ubuntu/PROGRAMA-BETA/src/External/CodeWalker.Core/GameFiles/Resources/Bounds.cs(5289,23): warning CS8618: Non-nullable property 'Elasticity' must contain a non-null value when exiting constructor. Consider declaring the property as nullable. [/home/ubuntu/PROGRAMA-BETA/src/FiveMTool.csproj]
/home/ubuntu/PROGRAMA-BETA/src/External/CodeWalker.Core/GameFiles/Resources/Bounds.cs(5290,23): warning CS8618: Non-nullable property 'Density' must contain a non-null value when exiting constructor. Consider declaring the property as nullable. [/home/ubuntu/PROGRAMA-BETA/src/FiveMTool.csproj]
/home/ubuntu/PROGRAMA-BETA/src/External/CodeWalker.Core/GameFiles/Resources/Bounds.cs(5291,23): warning CS8618: Non-nullable property 'TyreGrip' must contain a non-null value when exiting constructor. Consider declaring the property as nullable. [/home/ubuntu/PROGRAMA-BETA/src/FiveMTool.csproj]
/home/ubuntu/PROGRAMA-BETA/src/External/CodeWalker.Core/GameFiles/Resources/Bounds.cs(5292,23): warning CS8618: Non-nullable property 'WetGrip' must contain a non-null value when exiting constructor. Consider declaring the property as nullable. [/home/ubuntu/PROGRAMA-BETA/src/FiveMTool.csproj]
/home/ubuntu/PROGRAMA-BETA/src/External/CodeWalker.Core/GameFiles/Resources/Bounds.cs(5293,23): warning CS8618: Non-nullable property 'TyreDrag' must contain a non-null value when exiting constructor. Consider declaring the property as nullable. [/home/ubuntu/PROGRAMA-BETA/src/FiveMTool.csproj]
/home/ubuntu/PROGRAMA-BETA/src/External/CodeWalker.Core/GameFiles/Resources/Bounds.cs(5294,23): warning CS8618: Non-nullable property 'TopSpeedMult' must contain a non-null value when exiting constructor. Consider declaring the property as nullable. [/home/ubuntu/PROGRAMA-BETA/src/FiveMTool.csproj]
/home/ubuntu/PROGRAMA-BETA/src/External/CodeWalker.Core/GameFiles/Resources/Bounds.cs(5295,23): warning CS8618: Non-nullable property 'Softness' must contain a non-null value when exiting constructor. Consider declaring the property as nullable. [/home/ubuntu/PROGRAMA-BETA/src/FiveMTool.csproj]
/home/ubuntu/PROGRAMA-BETA/src/External/CodeWalker.Core/GameFiles/Resources/Bounds.cs(5296,23): warning CS8618: Non-nullable property 'Noisiness' must contain a non-null value when exiting constructor. Consider declaring the property as nullable. [/home/ubuntu/PROGRAMA-BETA/src/FiveMTool.csproj]
/home/ubuntu/PROGRAMA-BETA/src/External/CodeWalker.Core/GameFiles/Resources/Bounds.cs(5297,23): warning CS8618: Non-nullable property 'PenetrationResistance' must contain a non-null value when exiting constructor. Consider declaring the property as nullable. [/home/ubuntu/PROGRAMA-BETA/src/FiveMTool.csproj]
/home/ubuntu/PROGRAMA-BETA/src/External/CodeWalker.Core/GameFiles/Resources/Bounds.cs(5298,23): warning CS8618: Non-nullable property 'SeeThru' must contain a non-null value when exiting constructor. Consider declaring the property as nullable. [/home/ubuntu/PROGRAMA-BETA/src/FiveMTool.csproj]
/home/ubuntu/PROGRAMA-BETA/src/External/CodeWalker.Core/GameFiles/Resources/Bounds.cs(5299,23): warning CS8618: Non-nullable property 'ShootThru' must contain a non-null value when exiting constructor. Consider declaring the property as nullable. [/home/ubuntu/PROGRAMA-BETA/src/FiveMTool.csproj]
/home/ubuntu/PROGRAMA-BETA/src/External/CodeWalker.Core/GameFiles/Resources/Bounds.cs(5300,23): warning CS8618: Non-nullable property 'ShootThruFX' must contain a non-null value when exiting constructor. Consider declaring the property as nullable. [/home/ubuntu/PROGRAMA-BETA/src/FiveMTool.csproj]
/home/ubuntu/PROGRAMA-BETA/src/External/CodeWalker.Core/GameFiles/Resources/Bounds.cs(5301,23): warning CS8618: Non-nullable property 'NoDecal' must contain a non-null value when exiting constructor. Consider declaring the property as nullable. [/home/ubuntu/PROGRAMA-BETA/src/FiveMTool.csproj]
/home/ubuntu/PROGRAMA-BETA/src/External/CodeWalker.Core/GameFiles/Resources/Bounds.cs(5302,23): warning CS8618: Non-nullable property 'Porous' must contain a non-null value when exiting constructor. Consider declaring the property as nullable. [/home/ubuntu/PROGRAMA-BETA/src/FiveMTool.csproj]
/home/ubuntu/PROGRAMA-BETA/src/External/CodeWalker.Core/GameFiles/Resources/Bounds.cs(5303,23): warning CS8618: Non-nullable property 'HeatsTyre' must contain a non-null value when exiting constructor. Consider declaring the property as nullable. [/home/ubuntu/PROGRAMA-BETA/src/FiveMTool.csproj]
/home/ubuntu/PROGRAMA-BETA/src/External/CodeWalker.Core/GameFiles/Resources/Bounds.cs(5304,23): warning CS8618: Non-nullable property 'Material' must contain a non-null value when exiting constructor. Consider declaring the property as nullable. [/home/ubuntu/PROGRAMA-BETA/src/FiveMTool.csproj]
/home/ubuntu/PROGRAMA-BETA/src/External/CodeWalker.Core/GameFiles/Resources/Bounds.cs(4524,32): warning CS8602: Dereference of a possibly null reference. [/home/ubuntu/PROGRAMA-BETA/src/FiveMTool.csproj]
/home/ubuntu/PROGRAMA-BETA/src/External/CodeWalker.Core/GameFiles/Resources/Bounds.cs(4783,39): warning CS8603: Possible null reference return. [/home/ubuntu/PROGRAMA-BETA/src/FiveMTool.csproj]
/home/ubuntu/PROGRAMA-BETA/src/External/CodeWalker.Core/GameFiles/Resources/Bounds.cs(4837,59): warning CS8602: Dereference of a possibly null reference. [/home/ubuntu/PROGRAMA-BETA/src/FiveMTool.csproj]
/home/ubuntu/PROGRAMA-BETA/src/External/CodeWalker.Core/GameFiles/Resources/Bounds.cs(4585,65): warning CS8602: Dereference of a possibly null reference. [/home/ubuntu/PROGRAMA-BETA/src/FiveMTool.csproj]
/home/ubuntu/PROGRAMA-BETA/src/External/CodeWalker.Core/GameFiles/Resources/Clip.cs(343,70): warning CS8600: Converting null literal or possible null value to non-nullable type. [/home/ubuntu/PROGRAMA-BETA/src/FiveMTool.csproj]
/home/ubuntu/PROGRAMA-BETA/src/External/CodeWalker.Core/GameFiles/Resources/Clip.cs(344,42): warning CS8601: Possible null reference assignment. [/home/ubuntu/PROGRAMA-BETA/src/FiveMTool.csproj]
/home/ubuntu/PROGRAMA-BETA/src/External/CodeWalker.Core/GameFiles/Resources/Clip.cs(351,69): warning CS8600: Converting null literal or possible null value to non-nullable type. [/home/ubuntu/PROGRAMA-BETA/src/FiveMTool.csproj]
/home/ubuntu/PROGRAMA-BETA/src/External/CodeWalker.Core/GameFiles/Resources/Clip.cs(352,41): warning CS8601: Possible null reference assignment. [/home/ubuntu/PROGRAMA-BETA/src/FiveMTool.csproj]
/home/ubuntu/PROGRAMA-BETA/src/External/CodeWalker.Core/GameFiles/Resources/Bounds.cs(4883,94): warning CS8603: Possible null reference return. [/home/ubuntu/PROGRAMA-BETA/src/FiveMTool.csproj]
/home/ubuntu/PROGRAMA-BETA/src/External/CodeWalker.Core/GameFiles/Resources/Bounds.cs(4426,16): warning CS8618: Non-nullable property 'Triangle2' must contain a non-null value when exiting constructor. Consider declaring the property as nullable. [/home/ubuntu/PROGRAMA-BETA/src/FiveMTool.csproj]
/home/ubuntu/PROGRAMA-BETA/src/External/CodeWalker.Core/GameFiles/Resources/Clip.cs(391,56): warning CS8625: Cannot convert null literal to non-nullable reference type. [/home/ubuntu/PROGRAMA-BETA/src/FiveMTool.csproj]
/home/ubuntu/PROGRAMA-BETA/src/External/CodeWalker.Core/GameFiles/Resources/Clip.cs(394,34): warning CS8602: Dereference of a possibly null reference. [/home/ubuntu/PROGRAMA-BETA/src/FiveMTool.csproj]
/home/ubuntu/PROGRAMA-BETA/src/External/CodeWalker.Core/GameFiles/Resources/Clip.cs(399,34): warning CS8625: Cannot convert null literal to non-nullable reference type. [/home/ubuntu/PROGRAMA-BETA/src/FiveMTool.csproj]
/home/ubuntu/PROGRAMA-BETA/src/External/CodeWalker.Core/GameFiles/Resources/Bounds.cs(4649,51): warning CS8618: Non-nullable property 'Nodes' must contain a non-null value when exiting constructor. Consider declaring the property as nullable. [/home/ubuntu/PROGRAMA-BETA/src/FiveMTool.csproj]
/home/ubuntu/PROGRAMA-BETA/src/External/CodeWalker.Core/GameFiles/Resources/Bounds.cs(4659,54): warning CS8618: Non-nullable property 'Trees' must contain a non-null value when exiting constructor. Consider declaring the property as nullable. [/home/ubuntu/PROGRAMA-BETA/src/FiveMTool.csproj]
/home/ubuntu/PROGRAMA-BETA/src/External/CodeWalker.Core/GameFiles/Resources/Clip.cs(432,56): warning CS8625: Cannot convert null literal to non-nullable reference type. [/home/ubuntu/PROGRAMA-BETA/src/FiveMTool.csproj]
/home/ubuntu/PROGRAMA-BETA/src/External/CodeWalker.Core/GameFiles/Resources/Clip.cs(435,34): warning CS8602: Dereference of a possibly null reference. [/home/ubuntu/PROGRAMA-BETA/src/FiveMTool.csproj]
/home/ubuntu/PROGRAMA-BETA/src/External/CodeWalker.Core/GameFiles/Resources/Clip.cs(440,39): warning CS8625: Cannot convert null literal to non-nullable reference type. [/home/ubuntu/PROGRAMA-BETA/src/FiveMTool.csproj]
/home/ubuntu/PROGRAMA-BETA/src/External/CodeWalker.Core/GameFiles/Resources/Clip.cs(63,29): warning CS8618: Non-nullable property 'Animations' must contain a non-null value when exiting constructor. Consider declaring the property as nullable. [/home/ubuntu/PROGRAMA-BETA/src/FiveMTool.csproj]
/home/ubuntu/PROGRAMA-BETA/src/External/CodeWalker.Core/GameFiles/Resources/Clip.cs(64,53): warning CS8618: Non-nullable property 'Clips' must contain a non-null value when exiting constructor. Consider declaring the property as nullable. [/home/ubuntu/PROGRAMA-BETA/src/FiveMTool.csproj]
/home/ubuntu/PROGRAMA-BETA/src/External/CodeWalker.Core/GameFiles/Resources/Clip.cs(67,51): warning CS8618: Non-nullable property 'ClipMap' must contain a non-null value when exiting constructor. Consider declaring the property as nullable. [/home/ubuntu/PROGRAMA-BETA/src/FiveMTool.csproj]
/home/ubuntu/PROGRAMA-BETA/src/External/CodeWalker.Core/GameFiles/Resources/Clip.cs(68,56): warning CS8618: Non-nullable property 'AnimMap' must contain a non-null value when exiting constructor. Consider declaring the property as nullable. [/home/ubuntu/PROGRAMA-BETA/src/FiveMTool.csproj]
/home/ubuntu/PROGRAMA-BETA/src/External/CodeWalker.Core/GameFiles/Resources/Bounds.cs(3412,30): warning CS8618: Non-nullable property 'Owner' must contain a non-null value when exiting constructor. Consider declaring the property as nullable. [/home/ubuntu/PROGRAMA-BETA/src/FiveMTool.csproj]
/home/ubuntu/PROGRAMA-BETA/src/External/CodeWalker.Core/GameFiles/Resources/Bounds.cs(5005,21): warning CS8625: Cannot convert null literal to non-nullable reference type. [/home/ubuntu/PROGRAMA-BETA/src/FiveMTool.csproj]
/home/ubuntu/PROGRAMA-BETA/src/External/CodeWalker.Core/GameFiles/Resources/Bounds.cs(5064,39): warning CS8602: Dereference of a possibly null reference. [/home/ubuntu/PROGRAMA-BETA/src/FiveMTool.csproj]
/home/ubuntu/PROGRAMA-BETA/src/External/CodeWalker.Core/GameFiles/Resources/Bounds.cs(4899,37): warning CS8618: Non-nullable field 'Children' must contain a non-null value when exiting constructor. Consider declaring the field as nullable. [/home/ubuntu/PROGRAMA-BETA/src/FiveMTool.csproj]
/home/ubuntu/PROGRAMA-BETA/src/External/CodeWalker.Core/GameFiles/Resources/Bounds.cs(4900,37): warning CS8618: Non-nullable field 'Items' must contain a non-null value when exiting constructor. Consider declaring the field as nullable. [/home/ubuntu/PROGRAMA-BETA/src/FiveMTool.csproj]
/home/ubuntu/PROGRAMA-BETA/src/External/CodeWalker.Core/GameFiles/Resources/Bounds.cs(3120,23): warning CS8625: Cannot convert null literal to non-nullable reference type. [/home/ubuntu/PROGRAMA-BETA/src/FiveMTool.csproj]
/home/ubuntu/PROGRAMA-BETA/src/External/CodeWalker.Core/GameFiles/Resources/Bounds.cs(3127,23): warning CS8625: Cannot convert null literal to non-nullable reference type. [/home/ubuntu/PROGRAMA-BETA/src/FiveMTool.csproj]
/home/ubuntu/PROGRAMA-BETA/src/External/CodeWalker.Core/GameFiles/Resources/Bounds.cs(3144,27): warning CS8625: Cannot convert null literal to non-nullable reference type. [/home/ubuntu/PROGRAMA-BETA/src/FiveMTool.csproj]
/home/ubuntu/PROGRAMA-BETA/src/External/CodeWalker.Core/GameFiles/Resources/Bounds.cs(3166,31): warning CS8625: Cannot convert null literal to non-nullable reference type. [/home/ubuntu/PROGRAMA-BETA/src/FiveMTool.csproj]
/home/ubuntu/PROGRAMA-BETA/src/External/CodeWalker.Core/GameFiles/Resources/Bounds.cs(2609,23): warning CS8625: Cannot convert null literal to non-nullable reference type. [/home/ubuntu/PROGRAMA-BETA/src/FiveMTool.csproj]
/home/ubuntu/PROGRAMA-BETA/src/External/CodeWalker.Core/GameFiles/Resources/Bounds.cs(2618,33): warning CS8602: Dereference of a possibly null reference. [/home/ubuntu/PROGRAMA-BETA/src/FiveMTool.csproj]
/home/ubuntu/PROGRAMA-BETA/src/External/CodeWalker.Core/GameFiles/Resources/Bounds.cs(3177,34): warning CS8625: Cannot convert null literal to non-nullable reference type. [/home/ubuntu/PROGRAMA-BETA/src/FiveMTool.csproj]
/home/ubuntu/PROGRAMA-BETA/src/External/CodeWalker.Core/GameFiles/Resources/Bounds.cs(3178,34): warning CS8625: Cannot convert null literal to non-nullable reference type. [/home/ubuntu/PROGRAMA-BETA/src/FiveMTool.csproj]
/home/ubuntu/PROGRAMA-BETA/src/External/CodeWalker.Core/GameFiles/Resources/Bounds.cs(3183,34): warning CS8625: Cannot convert null literal to non-nullable reference type. [/home/ubuntu/PROGRAMA-BETA/src/FiveMTool.csproj]
/home/ubuntu/PROGRAMA-BETA/src/External/CodeWalker.Core/GameFiles/Resources/Bounds.cs(3184,34): warning CS8625: Cannot convert null literal to non-nullable reference type. [/home/ubuntu/PROGRAMA-BETA/src/FiveMTool.csproj]
/home/ubuntu/PROGRAMA-BETA/src/External/CodeWalker.Core/GameFiles/Resources/Bounds.cs(3212,41): warning CS8625: Cannot convert null literal to non-nullable reference type. [/home/ubuntu/PROGRAMA-BETA/src/FiveMTool.csproj]
/home/ubuntu/PROGRAMA-BETA/src/External/CodeWalker.Core/GameFiles/Resources/Bounds.cs(3236,43): warning CS8625: Cannot convert null literal to non-nullable reference type. [/home/ubuntu/PROGRAMA-BETA/src/FiveMTool.csproj]
/home/ubuntu/PROGRAMA-BETA/src/External/CodeWalker.Core/GameFiles/Resources/Bounds.cs(3237,43): warning CS8625: Cannot convert null literal to non-nullable reference type. [/home/ubuntu/PROGRAMA-BETA/src/FiveMTool.csproj]
/home/ubuntu/PROGRAMA-BETA/src/External/CodeWalker.Core/GameFiles/Resources/Bounds.cs(3270,39): warning CS8625: Cannot convert null literal to non-nullable reference type. [/home/ubuntu/PROGRAMA-BETA/src/FiveMTool.csproj]
/home/ubuntu/PROGRAMA-BETA/src/External/CodeWalker.Core/GameFiles/Resources/Bounds.cs(2527,20): warning CS8618: Non-nullable property 'BVH' must contain a non-null value when exiting constructor. Consider declaring the property as nullable. [/home/ubuntu/PROGRAMA-BETA/src/FiveMTool.csproj]
/home/ubuntu/PROGRAMA-BETA/src/External/CodeWalker.Core/GameFiles/Resources/Bounds.cs(3353,47): warning CS8601: Possible null reference assignment. [/home/ubuntu/PROGRAMA-BETA/src/FiveMTool.csproj]
/home/ubuntu/PROGRAMA-BETA/src/External/CodeWalker.Core/GameFiles/Resources/Bounds.cs(3354,47): warning CS8601: Possible null reference assignment. [/home/ubuntu/PROGRAMA-BETA/src/FiveMTool.csproj]
/home/ubuntu/PROGRAMA-BETA/src/External/CodeWalker.Core/GameFiles/Resources/Bounds.cs(3355,45): warning CS8601: Possible null reference assignment. [/home/ubuntu/PROGRAMA-BETA/src/FiveMTool.csproj]
/home/ubuntu/PROGRAMA-BETA/src/External/CodeWalker.Core/GameFiles/Resources/Bounds.cs(3356,38): warning CS8601: Possible null reference assignment. [/home/ubuntu/PROGRAMA-BETA/src/FiveMTool.csproj]
/home/ubuntu/PROGRAMA-BETA/src/External/CodeWalker.Core/GameFiles/Resources/Bounds.cs(3357,38): warning CS8601: Possible null reference assignment. [/home/ubuntu/PROGRAMA-BETA/src/FiveMTool.csproj]
/home/ubuntu/PROGRAMA-BETA/src/External/CodeWalker.Core/GameFiles/Resources/Bounds.cs(3389,30): warning CS8601: Possible null reference assignment. [/home/ubuntu/PROGRAMA-BETA/src/FiveMTool.csproj]
/home/ubuntu/PROGRAMA-BETA/src/External/CodeWalker.Core/GameFiles/Resources/Bounds.cs(3390,30): warning CS8601: Possible null reference assignment. [/home/ubuntu/PROGRAMA-BETA/src/FiveMTool.csproj]
/home/ubuntu/PROGRAMA-BETA/src/External/CodeWalker.Core/GameFiles/Resources/Bounds.cs(2853,86): warning CS8625: Cannot convert null literal to non-nullable reference type. [/home/ubuntu/PROGRAMA-BETA/src/FiveMTool.csproj]
/home/ubuntu/PROGRAMA-BETA/src/External/CodeWalker.Core/GameFiles/Resources/Bounds.cs(2854,86): warning CS8625: Cannot convert null literal to non-nullable reference type. [/home/ubuntu/PROGRAMA-BETA/src/FiveMTool.csproj]
/home/ubuntu/PROGRAMA-BETA/src/External/CodeWalker.Core/GameFiles/Resources/Bounds.cs(2855,80): warning CS8625: Cannot convert null literal to non-nullable reference type. [/home/ubuntu/PROGRAMA-BETA/src/FiveMTool.csproj]
/home/ubuntu/PROGRAMA-BETA/src/External/CodeWalker.Core/GameFiles/Resources/Bounds.cs(2856,94): warning CS8625: Cannot convert null literal to non-nullable reference type. [/home/ubuntu/PROGRAMA-BETA/src/FiveMTool.csproj]
/home/ubuntu/PROGRAMA-BETA/src/External/CodeWalker.Core/GameFiles/Resources/Bounds.cs(2857,94): warning CS8625: Cannot convert null literal to non-nullable reference type. [/home/ubuntu/PROGRAMA-BETA/src/FiveMTool.csproj]
/home/ubuntu/PROGRAMA-BETA/src/External/CodeWalker.Core/GameFiles/Resources/Bounds.cs(2843,47): warning CS8618: Non-nullable property 'Children' must contain a non-null value when exiting constructor. Consider declaring the property as nullable. [/home/ubuntu/PROGRAMA-BETA/src/FiveMTool.csproj]
/home/ubuntu/PROGRAMA-BETA/src/External/CodeWalker.Core/GameFiles/Resources/Bounds.cs(2844,29): warning CS8618: Non-nullable property 'ChildrenTransformation1' must contain a non-null value when exiting constructor. Consider declaring the property as nullable. [/home/ubuntu/PROGRAMA-BETA/src/FiveMTool.csproj]
/home/ubuntu/PROGRAMA-BETA/src/External/CodeWalker.Core/GameFiles/Resources/Bounds.cs(2845,29): warning CS8618: Non-nullable property 'ChildrenTransformation2' must contain a non-null value when exiting constructor. Consider declaring the property as nullable. [/home/ubuntu/PROGRAMA-BETA/src/FiveMTool.csproj]
/home/ubuntu/PROGRAMA-BETA/src/External/CodeWalker.Core/GameFiles/Resources/Bounds.cs(2846,25): warning CS8618: Non-nullable property 'ChildrenBoundingBoxes' must contain a non-null value when exiting constructor. Consider declaring the property as nullable. [/home/ubuntu/PROGRAMA-BETA/src/FiveMTool.csproj]
/home/ubuntu/PROGRAMA-BETA/src/External/CodeWalker.Core/GameFiles/Resources/Bounds.cs(2847,46): warning CS8618: Non-nullable property 'ChildrenFlags1' must contain a non-null value when exiting constructor. Consider declaring the property as nullable. [/home/ubuntu/PROGRAMA-BETA/src/FiveMTool.csproj]
/home/ubuntu/PROGRAMA-BETA/src/External/CodeWalker.Core/GameFiles/Resources/Bounds.cs(2848,46): warning CS8618: Non-nullable property 'ChildrenFlags2' must contain a non-null value when exiting constructor. Consider declaring the property as nullable. [/home/ubuntu/PROGRAMA-BETA/src/FiveMTool.csproj]
/home/ubuntu/PROGRAMA-BETA/src/External/CodeWalker.Core/GameFiles/Resources/Bounds.cs(2850,20): warning CS8618: Non-nullable property 'BVH' must contain a non-null value when exiting constructor. Consider declaring the property as nullable. [/home/ubuntu/PROGRAMA-BETA/src/FiveMTool.csproj]
/home/ubuntu/PROGRAMA-BETA/src/External/CodeWalker.Core/GameFiles/MetaTypes/XmlRbf.cs(24,55): warning CS8604: Possible null reference argument for parameter 'node' in 'IRbfType XmlRbf.Traverse(XNode node)'. [/home/ubuntu/PROGRAMA-BETA/src/FiveMTool.csproj]
/home/ubuntu/PROGRAMA-BETA/src/External/CodeWalker.Core/GameFiles/Resources/Bounds.cs(58,42): warning CS8618: Non-nullable field 'BoundNameHashes' must contain a non-null value when exiting constructor. Consider declaring the field as nullable. [/home/ubuntu/PROGRAMA-BETA/src/FiveMTool.csproj]
/home/ubuntu/PROGRAMA-BETA/src/External/CodeWalker.Core/GameFiles/Resources/Bounds.cs(59,46): warning CS8618: Non-nullable property 'Bounds' must contain a non-null value when exiting constructor. Consider declaring the property as nullable. [/home/ubuntu/PROGRAMA-BETA/src/FiveMTool.csproj]
/home/ubuntu/PROGRAMA-BETA/src/External/CodeWalker.Core/GameFiles/MetaTypes/XmlPso.cs(19,22): warning CS8604: Possible null reference argument for parameter 'node' in 'byte[] XmlPso.Traverse(XmlNode node, PsoBuilder pb, MetaName type = (MetaName)0, bool isRoot = false)'. [/home/ubuntu/PROGRAMA-BETA/src/FiveMTool.csproj]
/home/ubuntu/PROGRAMA-BETA/src/External/CodeWalker.Core/GameFiles/MetaTypes/XmlRbf.cs(36,31): warning CS8602: Dereference of a possibly null reference. [/home/ubuntu/PROGRAMA-BETA/src/FiveMTool.csproj]
/home/ubuntu/PROGRAMA-BETA/src/External/CodeWalker.Core/GameFiles/MetaTypes/XmlRbf.cs(48,40): warning CS8602: Dereference of a possibly null reference. [/home/ubuntu/PROGRAMA-BETA/src/FiveMTool.csproj]
/home/ubuntu/PROGRAMA-BETA/src/External/CodeWalker.Core/GameFiles/MetaTypes/XmlRbf.cs(49,40): warning CS8602: Dereference of a possibly null reference. [/home/ubuntu/PROGRAMA-BETA/src/FiveMTool.csproj]
/home/ubuntu/PROGRAMA-BETA/src/External/CodeWalker.Core/GameFiles/MetaTypes/XmlRbf.cs(50,40): warning CS8602: Dereference of a possibly null reference. [/home/ubuntu/PROGRAMA-BETA/src/FiveMTool.csproj]
/home/ubuntu/PROGRAMA-BETA/src/External/CodeWalker.Core/GameFiles/MetaTypes/XmlRbf.cs(94,32): warning CS8600: Converting null literal or possible null value to non-nullable type. [/home/ubuntu/PROGRAMA-BETA/src/FiveMTool.csproj]
/home/ubuntu/PROGRAMA-BETA/src/External/CodeWalker.Core/GameFiles/MetaTypes/XmlRbf.cs(123,20): warning CS8603: Possible null reference return. [/home/ubuntu/PROGRAMA-BETA/src/FiveMTool.csproj]
/home/ubuntu/PROGRAMA-BETA/src/External/CodeWalker.Core/GameFiles/MetaTypes/Rbf.cs(396,20): warning CS8603: Possible null reference return. [/home/ubuntu/PROGRAMA-BETA/src/FiveMTool.csproj]
/home/ubuntu/PROGRAMA-BETA/src/External/CodeWalker.Core/GameFiles/MetaTypes/XmlMeta.cs(67,20): warning CS8603: Possible null reference return. [/home/ubuntu/PROGRAMA-BETA/src/FiveMTool.csproj]
/home/ubuntu/PROGRAMA-BETA/src/External/CodeWalker.Core/GameFiles/MetaTypes/Rbf.cs(405,20): warning CS8603: Possible null reference return. [/home/ubuntu/PROGRAMA-BETA/src/FiveMTool.csproj]
/home/ubuntu/PROGRAMA-BETA/src/External/CodeWalker.Core/GameFiles/MetaTypes/XmlMeta.cs(72,89): warning CS8603: Possible null reference return. [/home/ubuntu/PROGRAMA-BETA/src/FiveMTool.csproj]
/home/ubuntu/PROGRAMA-BETA/src/External/CodeWalker.Core/GameFiles/MetaTypes/XmlMeta.cs(78,114): warning CS8603: Possible null reference return. [/home/ubuntu/PROGRAMA-BETA/src/FiveMTool.csproj]
/home/ubuntu/PROGRAMA-BETA/src/External/CodeWalker.Core/GameFiles/MetaTypes/XmlMeta.cs(84,45): warning CS8603: Possible null reference return. [/home/ubuntu/PROGRAMA-BETA/src/FiveMTool.csproj]
/home/ubuntu/PROGRAMA-BETA/src/External/CodeWalker.Core/GameFiles/MetaTypes/XmlRbf.cs(178,52): warning CS8603: Possible null reference return. [/home/ubuntu/PROGRAMA-BETA/src/FiveMTool.csproj]
/home/ubuntu/PROGRAMA-BETA/src/External/CodeWalker.Core/GameFiles/MetaTypes/XmlMeta.cs(90,80): warning CS8603: Possible null reference return. [/home/ubuntu/PROGRAMA-BETA/src/FiveMTool.csproj]
/home/ubuntu/PROGRAMA-BETA/src/External/CodeWalker.Core/GameFiles/MetaTypes/Rbf.cs(383,23): warning CS8618: Non-nullable property 'Name' must contain a non-null value when exiting constructor. Consider declaring the property as nullable. [/home/ubuntu/PROGRAMA-BETA/src/FiveMTool.csproj]
/home/ubuntu/PROGRAMA-BETA/src/External/CodeWalker.Core/GameFiles/MetaTypes/XmlMeta.cs(96,52): warning CS8603: Possible null reference return. [/home/ubuntu/PROGRAMA-BETA/src/FiveMTool.csproj]
/home/ubuntu/PROGRAMA-BETA/src/External/CodeWalker.Core/GameFiles/MetaTypes/XmlMeta.cs(102,41): warning CS8603: Possible null reference return. [/home/ubuntu/PROGRAMA-BETA/src/FiveMTool.csproj]
/home/ubuntu/PROGRAMA-BETA/src/External/CodeWalker.Core/GameFiles/MetaTypes/XmlMeta.cs(108,52): warning CS8603: Possible null reference return. [/home/ubuntu/PROGRAMA-BETA/src/FiveMTool.csproj]
/home/ubuntu/PROGRAMA-BETA/src/External/CodeWalker.Core/GameFiles/MetaTypes/Rbf.cs(370,23): warning CS8618: Non-nullable property 'Name' must contain a non-null value when exiting constructor. Consider declaring the property as nullable. [/home/ubuntu/PROGRAMA-BETA/src/FiveMTool.csproj]
/home/ubuntu/PROGRAMA-BETA/src/External/CodeWalker.Core/GameFiles/MetaTypes/Rbf.cs(371,23): warning CS8618: Non-nullable property 'Value' must contain a non-null value when exiting constructor. Consider declaring the property as nullable. [/home/ubuntu/PROGRAMA-BETA/src/FiveMTool.csproj]
/home/ubuntu/PROGRAMA-BETA/src/External/CodeWalker.Core/GameFiles/MetaTypes/XmlMeta.cs(114,44): warning CS8603: Possible null reference return. [/home/ubuntu/PROGRAMA-BETA/src/FiveMTool.csproj]
/home/ubuntu/PROGRAMA-BETA/src/External/CodeWalker.Core/GameFiles/MetaTypes/XmlMeta.cs(120,49): warning CS8603: Possible null reference return. [/home/ubuntu/PROGRAMA-BETA/src/FiveMTool.csproj]
/home/ubuntu/PROGRAMA-BETA/src/External/CodeWalker.Core/GameFiles/MetaTypes/Rbf.cs(342,23): warning CS8618: Non-nullable property 'Name' must contain a non-null value when exiting constructor. Consider declaring the property as nullable. [/home/ubuntu/PROGRAMA-BETA/src/FiveMTool.csproj]
/home/ubuntu/PROGRAMA-BETA/src/External/CodeWalker.Core/GameFiles/MetaTypes/Rbf.cs(354,23): warning CS8618: Non-nullable property 'Name' must contain a non-null value when exiting constructor. Consider declaring the property as nullable. [/home/ubuntu/PROGRAMA-BETA/src/FiveMTool.csproj]
/home/ubuntu/PROGRAMA-BETA/src/External/CodeWalker.Core/GameFiles/MetaTypes/XmlMeta.cs(126,46): warning CS8603: Possible null reference return. [/home/ubuntu/PROGRAMA-BETA/src/FiveMTool.csproj]
/home/ubuntu/PROGRAMA-BETA/src/External/CodeWalker.Core/GameFiles/MetaTypes/XmlMeta.cs(132,50): warning CS8603: Possible null reference return. [/home/ubuntu/PROGRAMA-BETA/src/FiveMTool.csproj]
/home/ubuntu/PROGRAMA-BETA/src/External/CodeWalker.Core/GameFiles/MetaTypes/Rbf.cs(331,23): warning CS8618: Non-nullable property 'Name' must contain a non-null value when exiting constructor. Consider declaring the property as nullable. [/home/ubuntu/PROGRAMA-BETA/src/FiveMTool.csproj]
/home/ubuntu/PROGRAMA-BETA/src/External/CodeWalker.Core/GameFiles/MetaTypes/Rbf.cs(319,23): warning CS8618: Non-nullable property 'Name' must contain a non-null value when exiting constructor. Consider declaring the property as nullable. [/home/ubuntu/PROGRAMA-BETA/src/FiveMTool.csproj]
/home/ubuntu/PROGRAMA-BETA/src/External/CodeWalker.Core/GameFiles/MetaTypes/XmlMeta.cs(138,46): warning CS8603: Possible null reference return. [/home/ubuntu/PROGRAMA-BETA/src/FiveMTool.csproj]
/home/ubuntu/PROGRAMA-BETA/src/External/CodeWalker.Core/GameFiles/MetaTypes/XmlMeta.cs(144,46): warning CS8603: Possible null reference return. [/home/ubuntu/PROGRAMA-BETA/src/FiveMTool.csproj]
/home/ubuntu/PROGRAMA-BETA/src/External/CodeWalker.Core/GameFiles/MetaTypes/Rbf.cs(293,23): warning CS8618: Non-nullable property 'Name' must contain a non-null value when exiting constructor. Consider declaring the property as nullable. [/home/ubuntu/PROGRAMA-BETA/src/FiveMTool.csproj]
/home/ubuntu/PROGRAMA-BETA/src/External/CodeWalker.Core/GameFiles/MetaTypes/XmlMeta.cs(150,53): warning CS8603: Possible null reference return. [/home/ubuntu/PROGRAMA-BETA/src/FiveMTool.csproj]
/home/ubuntu/PROGRAMA-BETA/src/External/CodeWalker.Core/GameFiles/MetaTypes/Rbf.cs(305,23): warning CS8618: Non-nullable property 'Name' must contain a non-null value when exiting constructor. Consider declaring the property as nullable. [/home/ubuntu/PROGRAMA-BETA/src/FiveMTool.csproj]
/home/ubuntu/PROGRAMA-BETA/src/External/CodeWalker.Core/GameFiles/MetaTypes/Rbf.cs(306,23): warning CS8618: Non-nullable property 'Value' must contain a non-null value when exiting constructor. Consider declaring the property as nullable. [/home/ubuntu/PROGRAMA-BETA/src/FiveMTool.csproj]
/home/ubuntu/PROGRAMA-BETA/src/External/CodeWalker.Core/GameFiles/MetaTypes/XmlMeta.cs(156,58): warning CS8603: Possible null reference return. [/home/ubuntu/PROGRAMA-BETA/src/FiveMTool.csproj]
/home/ubuntu/PROGRAMA-BETA/src/External/CodeWalker.Core/GameFiles/MetaTypes/XmlMeta.cs(162,47): warning CS8603: Possible null reference return. [/home/ubuntu/PROGRAMA-BETA/src/FiveMTool.csproj]
/home/ubuntu/PROGRAMA-BETA/src/External/CodeWalker.Core/GameFiles/MetaTypes/XmlMeta.cs(168,45): warning CS8603: Possible null reference return. [/home/ubuntu/PROGRAMA-BETA/src/FiveMTool.csproj]
/home/ubuntu/PROGRAMA-BETA/src/External/CodeWalker.Core/GameFiles/MetaTypes/XmlMeta.cs(174,45): warning CS8603: Possible null reference return. [/home/ubuntu/PROGRAMA-BETA/src/FiveMTool.csproj]
/home/ubuntu/PROGRAMA-BETA/src/External/CodeWalker.Core/GameFiles/MetaTypes/XmlMeta.cs(180,45): warning CS8603: Possible null reference return. [/home/ubuntu/PROGRAMA-BETA/src/FiveMTool.csproj]
/home/ubuntu/PROGRAMA-BETA/src/External/CodeWalker.Core/GameFiles/Resources/Bounds.cs(1380,31): warning CS8601: Possible null reference assignment. [/home/ubuntu/PROGRAMA-BETA/src/FiveMTool.csproj]
/home/ubuntu/PROGRAMA-BETA/src/External/CodeWalker.Core/GameFiles/MetaTypes/XmlMeta.cs(186,37): warning CS8603: Possible null reference return. [/home/ubuntu/PROGRAMA-BETA/src/FiveMTool.csproj]
/home/ubuntu/PROGRAMA-BETA/src/External/CodeWalker.Core/GameFiles/Resources/Bounds.cs(481,38): warning CS8603: Possible null reference return. [/home/ubuntu/PROGRAMA-BETA/src/FiveMTool.csproj]
/home/ubuntu/PROGRAMA-BETA/src/External/CodeWalker.Core/GameFiles/Resources/Bounds.cs(492,20): warning CS8603: Possible null reference return. [/home/ubuntu/PROGRAMA-BETA/src/FiveMTool.csproj]
/home/ubuntu/PROGRAMA-BETA/src/External/CodeWalker.Core/GameFiles/MetaTypes/XmlMeta.cs(192,48): warning CS8603: Possible null reference return. [/home/ubuntu/PROGRAMA-BETA/src/FiveMTool.csproj]
/home/ubuntu/PROGRAMA-BETA/src/External/CodeWalker.Core/GameFiles/Resources/Bounds.cs(1387,42): warning CS8603: Possible null reference return. [/home/ubuntu/PROGRAMA-BETA/src/FiveMTool.csproj]
/home/ubuntu/PROGRAMA-BETA/src/External/CodeWalker.Core/GameFiles/Resources/Bounds.cs(1388,67): warning CS8603: Possible null reference return. [/home/ubuntu/PROGRAMA-BETA/src/FiveMTool.csproj]
/home/ubuntu/PROGRAMA-BETA/src/External/CodeWalker.Core/GameFiles/Resources/Bounds.cs(1393,55): warning CS8603: Possible null reference return. [/home/ubuntu/PROGRAMA-BETA/src/FiveMTool.csproj]
/home/ubuntu/PROGRAMA-BETA/src/External/CodeWalker.Core/GameFiles/MetaTypes/XmlMeta.cs(198,48): warning CS8603: Possible null reference return. [/home/ubuntu/PROGRAMA-BETA/src/FiveMTool.csproj]
/home/ubuntu/PROGRAMA-BETA/src/External/CodeWalker.Core/GameFiles/MetaTypes/XmlMeta.cs(204,59): warning CS8603: Possible null reference return. [/home/ubuntu/PROGRAMA-BETA/src/FiveMTool.csproj]
/home/ubuntu/PROGRAMA-BETA/src/External/CodeWalker.Core/GameFiles/MetaTypes/XmlMeta.cs(210,37): warning CS8603: Possible null reference return. [/home/ubuntu/PROGRAMA-BETA/src/FiveMTool.csproj]
/home/ubuntu/PROGRAMA-BETA/src/External/CodeWalker.Core/GameFiles/Resources/Bounds.cs(506,46): warning CS8603: Possible null reference return. [/home/ubuntu/PROGRAMA-BETA/src/FiveMTool.csproj]
/home/ubuntu/PROGRAMA-BETA/src/External/CodeWalker.Core/GameFiles/Resources/Bounds.cs(516,33): warning CS8603: Possible null reference return. [/home/ubuntu/PROGRAMA-BETA/src/FiveMTool.csproj]
/home/ubuntu/PROGRAMA-BETA/src/External/CodeWalker.Core/GameFiles/Resources/Bounds.cs(170,31): warning CS8618: Non-nullable property 'Parent' must contain a non-null value when exiting constructor. Consider declaring the property as nullable. [/home/ubuntu/PROGRAMA-BETA/src/FiveMTool.csproj]
/home/ubuntu/PROGRAMA-BETA/src/External/CodeWalker.Core/GameFiles/Resources/Bounds.cs(171,24): warning CS8618: Non-nullable property 'OwnerYbn' must contain a non-null value when exiting constructor. Consider declaring the property as nullable. [/home/ubuntu/PROGRAMA-BETA/src/FiveMTool.csproj]
/home/ubuntu/PROGRAMA-BETA/src/External/CodeWalker.Core/GameFiles/Resources/Bounds.cs(172,23): warning CS8618: Non-nullable property 'Owner' must contain a non-null value when exiting constructor. Consider declaring the property as nullable. [/home/ubuntu/PROGRAMA-BETA/src/FiveMTool.csproj]
/home/ubuntu/PROGRAMA-BETA/src/External/CodeWalker.Core/GameFiles/Resources/Bounds.cs(173,23): warning CS8618: Non-nullable property 'OwnerName' must contain a non-null value when exiting constructor. Consider declaring the property as nullable. [/home/ubuntu/PROGRAMA-BETA/src/FiveMTool.csproj]
/home/ubuntu/PROGRAMA-BETA/src/External/CodeWalker.Core/GameFiles/MetaTypes/XmlMeta.cs(358,22): warning CS8604: Possible null reference argument for parameter 'node' in 'byte[] XmlMeta.Traverse(XmlNode node, MetaBuilder mb, MetaName type = (MetaName)0, bool isRoot = false)'. [/home/ubuntu/PROGRAMA-BETA/src/FiveMTool.csproj]
/home/ubuntu/PROGRAMA-BETA/src/External/CodeWalker.Core/GameFiles/MetaTypes/XmlMeta.cs(360,32): warning CS8600: Converting null literal or possible null value to non-nullable type. [/home/ubuntu/PROGRAMA-BETA/src/FiveMTool.csproj]
/home/ubuntu/PROGRAMA-BETA/src/External/CodeWalker.Core/GameFiles/MetaTypes/XmlMeta.cs(363,35): warning CS8604: Possible null reference argument for parameter 'metaName' in 'Meta MetaBuilder.GetMeta(string metaName = "")'. [/home/ubuntu/PROGRAMA-BETA/src/FiveMTool.csproj]
/home/ubuntu/PROGRAMA-BETA/src/External/CodeWalker.Core/GameFiles/MetaTypes/XmlPso.cs(52,50): warning CS8600: Converting null literal or possible null value to non-nullable type. [/home/ubuntu/PROGRAMA-BETA/src/FiveMTool.csproj]
/home/ubuntu/PROGRAMA-BETA/src/External/CodeWalker.Core/GameFiles/MetaTypes/XmlPso.cs(81,65): warning CS8604: Possible null reference argument for parameter 'arrEntry' in 'void XmlPso.TraverseArray(XmlNode node, PsoBuilder pb, PsoStructureEntryInfo entry, PsoStructureEntryInfo arrEntry, PsoArrayResults results, byte[] data, PsoStructureInfo structInfo)'. [/home/ubuntu/PROGRAMA-BETA/src/FiveMTool.csproj]
/home/ubuntu/PROGRAMA-BETA/src/External/CodeWalker.Core/GameFiles/MetaTypes/XmlPso.cs(134,45): warning CS8602: Dereference of a possibly null reference. [/home/ubuntu/PROGRAMA-BETA/src/FiveMTool.csproj]
/home/ubuntu/PROGRAMA-BETA/src/External/CodeWalker.Core/GameFiles/MetaTypes/XmlPso.cs(134,45): warning CS8602: Dereference of a possibly null reference. [/home/ubuntu/PROGRAMA-BETA/src/FiveMTool.csproj]
/home/ubuntu/PROGRAMA-BETA/src/External/CodeWalker.Core/GameFiles/MetaTypes/XmlPso.cs(140,59): warning CS8602: Dereference of a possibly null reference. [/home/ubuntu/PROGRAMA-BETA/src/FiveMTool.csproj]
/home/ubuntu/PROGRAMA-BETA/src/External/CodeWalker.Core/GameFiles/MetaTypes/XmlPso.cs(140,59): warning CS8602: Dereference of a possibly null reference. [/home/ubuntu/PROGRAMA-BETA/src/FiveMTool.csproj]
/home/ubuntu/PROGRAMA-BETA/src/External/CodeWalker.Core/GameFiles/MetaTypes/XmlPso.cs(146,58): warning CS8602: Dereference of a possibly null reference. [/home/ubuntu/PROGRAMA-BETA/src/FiveMTool.csproj]
/home/ubuntu/PROGRAMA-BETA/src/External/CodeWalker.Core/GameFiles/MetaTypes/XmlPso.cs(146,58): warning CS8602: Dereference of a possibly null reference. [/home/ubuntu/PROGRAMA-BETA/src/FiveMTool.csproj]
/home/ubuntu/PROGRAMA-BETA/src/External/CodeWalker.Core/GameFiles/MetaTypes/XmlPso.cs(152,59): warning CS8602: Dereference of a possibly null reference. [/home/ubuntu/PROGRAMA-BETA/src/FiveMTool.csproj]
/home/ubuntu/PROGRAMA-BETA/src/External/CodeWalker.Core/GameFiles/MetaTypes/XmlPso.cs(152,59): warning CS8602: Dereference of a possibly null reference. [/home/ubuntu/PROGRAMA-BETA/src/FiveMTool.csproj]
/home/ubuntu/PROGRAMA-BETA/src/External/CodeWalker.Core/GameFiles/MetaTypes/XmlPso.cs(158,60): warning CS8602: Dereference of a possibly null reference. [/home/ubuntu/PROGRAMA-BETA/src/FiveMTool.csproj]
/home/ubuntu/PROGRAMA-BETA/src/External/CodeWalker.Core/GameFiles/MetaTypes/XmlPso.cs(158,60): warning CS8602: Dereference of a possibly null reference. [/home/ubuntu/PROGRAMA-BETA/src/FiveMTool.csproj]
/home/ubuntu/PROGRAMA-BETA/src/External/CodeWalker.Core/GameFiles/MetaTypes/XmlPso.cs(164,59): warning CS8602: Dereference of a possibly null reference. [/home/ubuntu/PROGRAMA-BETA/src/FiveMTool.csproj]
/home/ubuntu/PROGRAMA-BETA/src/External/CodeWalker.Core/GameFiles/MetaTypes/XmlPso.cs(164,59): warning CS8602: Dereference of a possibly null reference. [/home/ubuntu/PROGRAMA-BETA/src/FiveMTool.csproj]
/home/ubuntu/PROGRAMA-BETA/src/External/CodeWalker.Core/GameFiles/MetaTypes/XmlPso.cs(176,68): warning CS8602: Dereference of a possibly null reference. [/home/ubuntu/PROGRAMA-BETA/src/FiveMTool.csproj]
/home/ubuntu/PROGRAMA-BETA/src/External/CodeWalker.Core/GameFiles/MetaTypes/XmlPso.cs(176,68): warning CS8602: Dereference of a possibly null reference. [/home/ubuntu/PROGRAMA-BETA/src/FiveMTool.csproj]
/home/ubuntu/PROGRAMA-BETA/src/External/CodeWalker.Core/GameFiles/MetaTypes/XmlPso.cs(180,52): warning CS8602: Dereference of a possibly null reference. [/home/ubuntu/PROGRAMA-BETA/src/FiveMTool.csproj]
/home/ubuntu/PROGRAMA-BETA/src/External/CodeWalker.Core/GameFiles/MetaTypes/XmlPso.cs(180,52): warning CS8602: Dereference of a possibly null reference. [/home/ubuntu/PROGRAMA-BETA/src/FiveMTool.csproj]
/home/ubuntu/PROGRAMA-BETA/src/External/CodeWalker.Core/GameFiles/MetaTypes/XmlPso.cs(199,61): warning CS8602: Dereference of a possibly null reference. [/home/ubuntu/PROGRAMA-BETA/src/FiveMTool.csproj]
/home/ubuntu/PROGRAMA-BETA/src/External/CodeWalker.Core/GameFiles/MetaTypes/XmlPso.cs(199,61): warning CS8602: Dereference of a possibly null reference. [/home/ubuntu/PROGRAMA-BETA/src/FiveMTool.csproj]
/home/ubuntu/PROGRAMA-BETA/src/External/CodeWalker.Core/GameFiles/MetaTypes/XmlPso.cs(205,59): warning CS8602: Dereference of a possibly null reference. [/home/ubuntu/PROGRAMA-BETA/src/FiveMTool.csproj]
/home/ubuntu/PROGRAMA-BETA/src/External/CodeWalker.Core/GameFiles/MetaTypes/XmlPso.cs(205,59): warning CS8602: Dereference of a possibly null reference. [/home/ubuntu/PROGRAMA-BETA/src/FiveMTool.csproj]
/home/ubuntu/PROGRAMA-BETA/src/External/CodeWalker.Core/GameFiles/MetaTypes/XmlPso.cs(206,59): warning CS8602: Dereference of a possibly null reference. [/home/ubuntu/PROGRAMA-BETA/src/FiveMTool.csproj]
/home/ubuntu/PROGRAMA-BETA/src/External/CodeWalker.Core/GameFiles/MetaTypes/XmlPso.cs(213,59): warning CS8602: Dereference of a possibly null reference. [/home/ubuntu/PROGRAMA-BETA/src/FiveMTool.csproj]
/home/ubuntu/PROGRAMA-BETA/src/External/CodeWalker.Core/GameFiles/MetaTypes/XmlPso.cs(213,59): warning CS8602: Dereference of a possibly null reference. [/home/ubuntu/PROGRAMA-BETA/src/FiveMTool.csproj]
/home/ubuntu/PROGRAMA-BETA/src/External/CodeWalker.Core/GameFiles/MetaTypes/XmlPso.cs(214,59): warning CS8602: Dereference of a possibly null reference. [/home/ubuntu/PROGRAMA-BETA/src/FiveMTool.csproj]
/home/ubuntu/PROGRAMA-BETA/src/External/CodeWalker.Core/GameFiles/MetaTypes/XmlPso.cs(215,59): warning CS8602: Dereference of a possibly null reference. [/home/ubuntu/PROGRAMA-BETA/src/FiveMTool.csproj]
/home/ubuntu/PROGRAMA-BETA/src/External/CodeWalker.Core/GameFiles/MetaTypes/XmlPso.cs(223,59): warning CS8602: Dereference of a possibly null reference. [/home/ubuntu/PROGRAMA-BETA/src/FiveMTool.csproj]
/home/ubuntu/PROGRAMA-BETA/src/External/CodeWalker.Core/GameFiles/MetaTypes/XmlPso.cs(223,59): warning CS8602: Dereference of a possibly null reference. [/home/ubuntu/PROGRAMA-BETA/src/FiveMTool.csproj]
/home/ubuntu/PROGRAMA-BETA/src/External/CodeWalker.Core/GameFiles/MetaTypes/XmlPso.cs(224,59): warning CS8602: Dereference of a possibly null reference. [/home/ubuntu/PROGRAMA-BETA/src/FiveMTool.csproj]
/home/ubuntu/PROGRAMA-BETA/src/External/CodeWalker.Core/GameFiles/MetaTypes/XmlPso.cs(225,59): warning CS8602: Dereference of a possibly null reference. [/home/ubuntu/PROGRAMA-BETA/src/FiveMTool.csproj]
/home/ubuntu/PROGRAMA-BETA/src/External/CodeWalker.Core/GameFiles/MetaTypes/XmlPso.cs(226,59): warning CS8602: Dereference of a possibly null reference. [/home/ubuntu/PROGRAMA-BETA/src/FiveMTool.csproj]
/home/ubuntu/PROGRAMA-BETA/src/External/CodeWalker.Core/GameFiles/MetaTypes/XmlPso.cs(266,57): warning CS8600: Converting null literal or possible null value to non-nullable type. [/home/ubuntu/PROGRAMA-BETA/src/FiveMTool.csproj]
/home/ubuntu/PROGRAMA-BETA/src/External/CodeWalker.Core/GameFiles/MetaTypes/XmlPso.cs(307,59): warning CS8602: Dereference of a possibly null reference. [/home/ubuntu/PROGRAMA-BETA/src/FiveMTool.csproj]
/home/ubuntu/PROGRAMA-BETA/src/External/CodeWalker.Core/GameFiles/MetaTypes/XmlPso.cs(307,59): warning CS8602: Dereference of a possibly null reference. [/home/ubuntu/PROGRAMA-BETA/src/FiveMTool.csproj]
/home/ubuntu/PROGRAMA-BETA/src/External/CodeWalker.Core/GameFiles/MetaTypes/XmlPso.cs(308,59): warning CS8602: Dereference of a possibly null reference. [/home/ubuntu/PROGRAMA-BETA/src/FiveMTool.csproj]
/home/ubuntu/PROGRAMA-BETA/src/External/CodeWalker.Core/GameFiles/MetaTypes/XmlPso.cs(309,59): warning CS8602: Dereference of a possibly null reference. [/home/ubuntu/PROGRAMA-BETA/src/FiveMTool.csproj]
/home/ubuntu/PROGRAMA-BETA/src/External/CodeWalker.Core/GameFiles/MetaTypes/XmlPso.cs(317,59): warning CS8602: Dereference of a possibly null reference. [/home/ubuntu/PROGRAMA-BETA/src/FiveMTool.csproj]
/home/ubuntu/PROGRAMA-BETA/src/External/CodeWalker.Core/GameFiles/MetaTypes/XmlPso.cs(317,59): warning CS8602: Dereference of a possibly null reference. [/home/ubuntu/PROGRAMA-BETA/src/FiveMTool.csproj]
/home/ubuntu/PROGRAMA-BETA/src/External/CodeWalker.Core/GameFiles/MetaTypes/XmlPso.cs(318,59): warning CS8602: Dereference of a possibly null reference. [/home/ubuntu/PROGRAMA-BETA/src/FiveMTool.csproj]
/home/ubuntu/PROGRAMA-BETA/src/External/CodeWalker.Core/GameFiles/MetaTypes/XmlPso.cs(319,59): warning CS8602: Dereference of a possibly null reference. [/home/ubuntu/PROGRAMA-BETA/src/FiveMTool.csproj]
/home/ubuntu/PROGRAMA-BETA/src/External/CodeWalker.Core/GameFiles/MetaTypes/XmlPso.cs(329,59): warning CS8602: Dereference of a possibly null reference. [/home/ubuntu/PROGRAMA-BETA/src/FiveMTool.csproj]
/home/ubuntu/PROGRAMA-BETA/src/External/CodeWalker.Core/GameFiles/MetaTypes/XmlPso.cs(329,59): warning CS8602: Dereference of a possibly null reference. [/home/ubuntu/PROGRAMA-BETA/src/FiveMTool.csproj]
/home/ubuntu/PROGRAMA-BETA/src/External/CodeWalker.Core/GameFiles/MetaTypes/XmlPso.cs(335,61): warning CS8602: Dereference of a possibly null reference. [/home/ubuntu/PROGRAMA-BETA/src/FiveMTool.csproj]
/home/ubuntu/PROGRAMA-BETA/src/External/CodeWalker.Core/GameFiles/MetaTypes/XmlPso.cs(335,61): warning CS8602: Dereference of a possibly null reference. [/home/ubuntu/PROGRAMA-BETA/src/FiveMTool.csproj]
/home/ubuntu/PROGRAMA-BETA/src/External/CodeWalker.Core/GameFiles/MetaTypes/XmlPso.cs(365,20): warning CS8603: Possible null reference return. [/home/ubuntu/PROGRAMA-BETA/src/FiveMTool.csproj]
/home/ubuntu/PROGRAMA-BETA/src/External/CodeWalker.Core/GameFiles/MetaTypes/Rbf.cs(42,29): warning CS8618: Non-nullable property 'current' must contain a non-null value when exiting constructor. Consider declaring the property as nullable. [/home/ubuntu/PROGRAMA-BETA/src/FiveMTool.csproj]
/home/ubuntu/PROGRAMA-BETA/src/External/CodeWalker.Core/GameFiles/MetaTypes/Rbf.cs(43,36): warning CS8618: Non-nullable property 'stack' must contain a non-null value when exiting constructor. Consider declaring the property as nullable. [/home/ubuntu/PROGRAMA-BETA/src/FiveMTool.csproj]
/home/ubuntu/PROGRAMA-BETA/src/External/CodeWalker.Core/GameFiles/MetaTypes/Rbf.cs(44,42): warning CS8618: Non-nullable property 'descriptors' must contain a non-null value when exiting constructor. Consider declaring the property as nullable. [/home/ubuntu/PROGRAMA-BETA/src/FiveMTool.csproj]
/home/ubuntu/PROGRAMA-BETA/src/External/CodeWalker.Core/GameFiles/MetaTypes/XmlPso.cs(383,17): warning CS8602: Dereference of a possibly null reference. [/home/ubuntu/PROGRAMA-BETA/src/FiveMTool.csproj]
/home/ubuntu/PROGRAMA-BETA/src/External/CodeWalker.Core/GameFiles/MetaTypes/XmlPso.cs(393,29): warning CS8602: Dereference of a possibly null reference. [/home/ubuntu/PROGRAMA-BETA/src/FiveMTool.csproj]
/home/ubuntu/PROGRAMA-BETA/src/External/CodeWalker.Core/GameFiles/MetaTypes/XmlPso.cs(393,29): warning CS8602: Dereference of a possibly null reference. [/home/ubuntu/PROGRAMA-BETA/src/FiveMTool.csproj]
/home/ubuntu/PROGRAMA-BETA/src/External/CodeWalker.Core/GameFiles/MetaTypes/XmlPso.cs(394,29): warning CS8602: Dereference of a possibly null reference. [/home/ubuntu/PROGRAMA-BETA/src/FiveMTool.csproj]
/home/ubuntu/PROGRAMA-BETA/src/External/CodeWalker.Core/GameFiles/MetaTypes/XmlPso.cs(399,45): warning CS8602: Dereference of a possibly null reference. [/home/ubuntu/PROGRAMA-BETA/src/FiveMTool.csproj]
/home/ubuntu/PROGRAMA-BETA/src/External/CodeWalker.Core/GameFiles/MetaTypes/XmlPso.cs(406,64): warning CS8602: Dereference of a possibly null reference. [/home/ubuntu/PROGRAMA-BETA/src/FiveMTool.csproj]
/home/ubuntu/PROGRAMA-BETA/src/External/CodeWalker.Core/GameFiles/MetaTypes/XmlPso.cs(414,62): warning CS8602: Dereference of a possibly null reference. [/home/ubuntu/PROGRAMA-BETA/src/FiveMTool.csproj]
/home/ubuntu/PROGRAMA-BETA/src/External/CodeWalker.Core/GameFiles/Resources/Bounds.cs(1493,43): warning CS8602: Dereference of a possibly null reference. [/home/ubuntu/PROGRAMA-BETA/src/FiveMTool.csproj]
/home/ubuntu/PROGRAMA-BETA/src/External/CodeWalker.Core/GameFiles/Resources/Bounds.cs(1501,52): warning CS8602: Dereference of a possibly null reference. [/home/ubuntu/PROGRAMA-BETA/src/FiveMTool.csproj]
/home/ubuntu/PROGRAMA-BETA/src/External/CodeWalker.Core/GameFiles/Resources/Bounds.cs(1509,52): warning CS8602: Dereference of a possibly null reference. [/home/ubuntu/PROGRAMA-BETA/src/FiveMTool.csproj]
/home/ubuntu/PROGRAMA-BETA/src/External/CodeWalker.Core/GameFiles/Resources/Bounds.cs(1516,43): warning CS8602: Dereference of a possibly null reference. [/home/ubuntu/PROGRAMA-BETA/src/FiveMTool.csproj]
/home/ubuntu/PROGRAMA-BETA/src/External/CodeWalker.Core/GameFiles/Resources/Bounds.cs(1562,53): warning CS8602: Dereference of a possibly null reference. [/home/ubuntu/PROGRAMA-BETA/src/FiveMTool.csproj]
/home/ubuntu/PROGRAMA-BETA/src/External/CodeWalker.Core/GameFiles/MetaTypes/XmlMeta.cs(448,45): warning CS8602: Dereference of a possibly null reference. [/home/ubuntu/PROGRAMA-BETA/src/FiveMTool.csproj]
/home/ubuntu/PROGRAMA-BETA/src/External/CodeWalker.Core/GameFiles/MetaTypes/XmlMeta.cs(448,45): warning CS8602: Dereference of a possibly null reference. [/home/ubuntu/PROGRAMA-BETA/src/FiveMTool.csproj]
/home/ubuntu/PROGRAMA-BETA/src/External/CodeWalker.Core/GameFiles/MetaTypes/XmlMeta.cs(455,59): warning CS8602: Dereference of a possibly null reference. [/home/ubuntu/PROGRAMA-BETA/src/FiveMTool.csproj]
/home/ubuntu/PROGRAMA-BETA/src/External/CodeWalker.Core/GameFiles/MetaTypes/XmlMeta.cs(455,59): warning CS8602: Dereference of a possibly null reference. [/home/ubuntu/PROGRAMA-BETA/src/FiveMTool.csproj]
/home/ubuntu/PROGRAMA-BETA/src/External/CodeWalker.Core/GameFiles/MetaTypes/XmlMeta.cs(498,61): warning CS8602: Dereference of a possibly null reference. [/home/ubuntu/PROGRAMA-BETA/src/FiveMTool.csproj]
/home/ubuntu/PROGRAMA-BETA/src/External/CodeWalker.Core/GameFiles/MetaTypes/XmlMeta.cs(498,61): warning CS8602: Dereference of a possibly null reference. [/home/ubuntu/PROGRAMA-BETA/src/FiveMTool.csproj]
/home/ubuntu/PROGRAMA-BETA/src/External/CodeWalker.Core/GameFiles/MetaTypes/XmlMeta.cs(505,59): warning CS8602: Dereference of a possibly null reference. [/home/ubuntu/PROGRAMA-BETA/src/FiveMTool.csproj]
/home/ubuntu/PROGRAMA-BETA/src/External/CodeWalker.Core/GameFiles/MetaTypes/XmlMeta.cs(505,59): warning CS8602: Dereference of a possibly null reference. [/home/ubuntu/PROGRAMA-BETA/src/FiveMTool.csproj]
/home/ubuntu/PROGRAMA-BETA/src/External/CodeWalker.Core/GameFiles/MetaTypes/XmlMeta.cs(506,59): warning CS8602: Dereference of a possibly null reference. [/home/ubuntu/PROGRAMA-BETA/src/FiveMTool.csproj]
/home/ubuntu/PROGRAMA-BETA/src/External/CodeWalker.Core/GameFiles/MetaTypes/XmlMeta.cs(507,59): warning CS8602: Dereference of a possibly null reference. [/home/ubuntu/PROGRAMA-BETA/src/FiveMTool.csproj]
/home/ubuntu/PROGRAMA-BETA/src/External/CodeWalker.Core/GameFiles/MetaTypes/XmlMeta.cs(519,59): warning CS8602: Dereference of a possibly null reference. [/home/ubuntu/PROGRAMA-BETA/src/FiveMTool.csproj]
/home/ubuntu/PROGRAMA-BETA/src/External/CodeWalker.Core/GameFiles/MetaTypes/XmlMeta.cs(519,59): warning CS8602: Dereference of a possibly null reference. [/home/ubuntu/PROGRAMA-BETA/src/FiveMTool.csproj]
/home/ubuntu/PROGRAMA-BETA/src/External/CodeWalker.Core/GameFiles/MetaTypes/XmlMeta.cs(520,59): warning CS8602: Dereference of a possibly null reference. [/home/ubuntu/PROGRAMA-BETA/src/FiveMTool.csproj]
/home/ubuntu/PROGRAMA-BETA/src/External/CodeWalker.Core/GameFiles/MetaTypes/XmlMeta.cs(521,59): warning CS8602: Dereference of a possibly null reference. [/home/ubuntu/PROGRAMA-BETA/src/FiveMTool.csproj]
/home/ubuntu/PROGRAMA-BETA/src/External/CodeWalker.Core/GameFiles/MetaTypes/XmlMeta.cs(522,59): warning CS8602: Dereference of a possibly null reference. [/home/ubuntu/PROGRAMA-BETA/src/FiveMTool.csproj]
/home/ubuntu/PROGRAMA-BETA/src/External/CodeWalker.Core/GameFiles/MetaTypes/XmlMeta.cs(569,59): warning CS8602: Dereference of a possibly null reference. [/home/ubuntu/PROGRAMA-BETA/src/FiveMTool.csproj]
/home/ubuntu/PROGRAMA-BETA/src/External/CodeWalker.Core/GameFiles/MetaTypes/XmlMeta.cs(569,59): warning CS8602: Dereference of a possibly null reference. [/home/ubuntu/PROGRAMA-BETA/src/FiveMTool.csproj]
/home/ubuntu/PROGRAMA-BETA/src/External/CodeWalker.Core/GameFiles/MetaTypes/XmlMeta.cs(576,59): warning CS8602: Dereference of a possibly null reference. [/home/ubuntu/PROGRAMA-BETA/src/FiveMTool.csproj]
/home/ubuntu/PROGRAMA-BETA/src/External/CodeWalker.Core/GameFiles/MetaTypes/XmlMeta.cs(576,59): warning CS8602: Dereference of a possibly null reference. [/home/ubuntu/PROGRAMA-BETA/src/FiveMTool.csproj]
/home/ubuntu/PROGRAMA-BETA/src/External/CodeWalker.Core/GameFiles/MetaTypes/XmlMeta.cs(583,59): warning CS8602: Dereference of a possibly null reference. [/home/ubuntu/PROGRAMA-BETA/src/FiveMTool.csproj]
/home/ubuntu/PROGRAMA-BETA/src/External/CodeWalker.Core/GameFiles/MetaTypes/XmlMeta.cs(583,59): warning CS8602: Dereference of a possibly null reference. [/home/ubuntu/PROGRAMA-BETA/src/FiveMTool.csproj]
/home/ubuntu/PROGRAMA-BETA/src/External/CodeWalker.Core/GameFiles/MetaTypes/XmlMeta.cs(608,58): warning CS8602: Dereference of a possibly null reference. [/home/ubuntu/PROGRAMA-BETA/src/FiveMTool.csproj]
/home/ubuntu/PROGRAMA-BETA/src/External/CodeWalker.Core/GameFiles/MetaTypes/XmlMeta.cs(608,58): warning CS8602: Dereference of a possibly null reference. [/home/ubuntu/PROGRAMA-BETA/src/FiveMTool.csproj]
/home/ubuntu/PROGRAMA-BETA/src/External/CodeWalker.Core/GameFiles/MetaTypes/XmlMeta.cs(619,72): warning CS8602: Dereference of a possibly null reference. [/home/ubuntu/PROGRAMA-BETA/src/FiveMTool.csproj]
/home/ubuntu/PROGRAMA-BETA/src/External/CodeWalker.Core/GameFiles/MetaTypes/XmlMeta.cs(619,72): warning CS8602: Dereference of a possibly null reference. [/home/ubuntu/PROGRAMA-BETA/src/FiveMTool.csproj]
/home/ubuntu/PROGRAMA-BETA/src/External/CodeWalker.Core/GameFiles/MetaTypes/XmlMeta.cs(626,72): warning CS8602: Dereference of a possibly null reference. [/home/ubuntu/PROGRAMA-BETA/src/FiveMTool.csproj]
/home/ubuntu/PROGRAMA-BETA/src/External/CodeWalker.Core/GameFiles/MetaTypes/XmlMeta.cs(626,72): warning CS8602: Dereference of a possibly null reference. [/home/ubuntu/PROGRAMA-BETA/src/FiveMTool.csproj]
/home/ubuntu/PROGRAMA-BETA/src/External/CodeWalker.Core/GameFiles/MetaTypes/XmlMeta.cs(637,60): warning CS8602: Dereference of a possibly null reference. [/home/ubuntu/PROGRAMA-BETA/src/FiveMTool.csproj]
/home/ubuntu/PROGRAMA-BETA/src/External/CodeWalker.Core/GameFiles/MetaTypes/XmlMeta.cs(637,60): warning CS8602: Dereference of a possibly null reference. [/home/ubuntu/PROGRAMA-BETA/src/FiveMTool.csproj]
/home/ubuntu/PROGRAMA-BETA/src/External/CodeWalker.Core/GameFiles/MetaTypes/XmlMeta.cs(659,20): warning CS8603: Possible null reference return. [/home/ubuntu/PROGRAMA-BETA/src/FiveMTool.csproj]
/home/ubuntu/PROGRAMA-BETA/src/External/CodeWalker.Core/GameFiles/MetaTypes/XmlPso.cs(434,28): warning CS8600: Converting null literal or possible null value to non-nullable type. [/home/ubuntu/PROGRAMA-BETA/src/FiveMTool.csproj]
/home/ubuntu/PROGRAMA-BETA/src/External/CodeWalker.Core/GameFiles/MetaTypes/XmlPso.cs(638,77): warning CS8602: Dereference of a possibly null reference. [/home/ubuntu/PROGRAMA-BETA/src/FiveMTool.csproj]
/home/ubuntu/PROGRAMA-BETA/src/External/CodeWalker.Core/GameFiles/MetaTypes/XmlPso.cs(641,47): warning CS8602: Dereference of a possibly null reference. [/home/ubuntu/PROGRAMA-BETA/src/FiveMTool.csproj]
/home/ubuntu/PROGRAMA-BETA/src/External/CodeWalker.Core/GameFiles/MetaTypes/XmlPso.cs(646,37): warning CS8602: Dereference of a possibly null reference. [/home/ubuntu/PROGRAMA-BETA/src/FiveMTool.csproj]
/home/ubuntu/PROGRAMA-BETA/src/External/CodeWalker.Core/GameFiles/MetaTypes/XmlPso.cs(648,107): warning CS8604: Possible null reference argument for parameter 'items' in 'PsoBuilderPointer PsoBuilder.AddItemArray<DataBlockPointer>(MetaName type, DataBlockPointer[] items)'. [/home/ubuntu/PROGRAMA-BETA/src/FiveMTool.csproj]
/home/ubuntu/PROGRAMA-BETA/src/External/CodeWalker.Core/GameFiles/MetaTypes/XmlPso.cs(654,74): warning CS8602: Dereference of a possibly null reference. [/home/ubuntu/PROGRAMA-BETA/src/FiveMTool.csproj]
/home/ubuntu/PROGRAMA-BETA/src/External/CodeWalker.Core/GameFiles/MetaTypes/XmlPso.cs(657,47): warning CS8602: Dereference of a possibly null reference. [/home/ubuntu/PROGRAMA-BETA/src/FiveMTool.csproj]
/home/ubuntu/PROGRAMA-BETA/src/External/CodeWalker.Core/GameFiles/MetaTypes/XmlPso.cs(663,37): warning CS8602: Dereference of a possibly null reference. [/home/ubuntu/PROGRAMA-BETA/src/FiveMTool.csproj]
/home/ubuntu/PROGRAMA-BETA/src/External/CodeWalker.Core/GameFiles/MetaTypes/XmlPso.cs(665,89): warning CS8604: Possible null reference argument for parameter 'items' in 'PsoBuilderPointer PsoBuilder.AddItemArray<CharPointer>(MetaName type, CharPointer[] items)'. [/home/ubuntu/PROGRAMA-BETA/src/FiveMTool.csproj]
/home/ubuntu/PROGRAMA-BETA/src/External/CodeWalker.Core/GameFiles/Resources/Bounds.cs(1600,43): warning CS8602: Dereference of a possibly null reference. [/home/ubuntu/PROGRAMA-BETA/src/FiveMTool.csproj]
/home/ubuntu/PROGRAMA-BETA/src/External/CodeWalker.Core/GameFiles/Resources/Bounds.cs(1608,52): warning CS8602: Dereference of a possibly null reference. [/home/ubuntu/PROGRAMA-BETA/src/FiveMTool.csproj]
/home/ubuntu/PROGRAMA-BETA/src/External/CodeWalker.Core/GameFiles/Resources/Bounds.cs(1616,52): warning CS8602: Dereference of a possibly null reference. [/home/ubuntu/PROGRAMA-BETA/src/FiveMTool.csproj]
/home/ubuntu/PROGRAMA-BETA/src/External/CodeWalker.Core/GameFiles/Resources/Bounds.cs(1625,43): warning CS8602: Dereference of a possibly null reference. [/home/ubuntu/PROGRAMA-BETA/src/FiveMTool.csproj]
/home/ubuntu/PROGRAMA-BETA/src/External/CodeWalker.Core/GameFiles/Resources/Bounds.cs(1662,52): warning CS8602: Dereference of a possibly null reference. [/home/ubuntu/PROGRAMA-BETA/src/FiveMTool.csproj]
/home/ubuntu/PROGRAMA-BETA/src/External/CodeWalker.Core/GameFiles/Resources/Bounds.cs(1677,38): warning CS8601: Possible null reference assignment. [/home/ubuntu/PROGRAMA-BETA/src/FiveMTool.csproj]
/home/ubuntu/PROGRAMA-BETA/src/External/CodeWalker.Core/GameFiles/Resources/Bounds.cs(1679,36): warning CS8602: Dereference of a possibly null reference. [/home/ubuntu/PROGRAMA-BETA/src/FiveMTool.csproj]
/home/ubuntu/PROGRAMA-BETA/src/External/CodeWalker.Core/GameFiles/MetaTypes/XmlPso.cs(852,52): warning CS8602: Dereference of a possibly null reference. [/home/ubuntu/PROGRAMA-BETA/src/FiveMTool.csproj]
/home/ubuntu/PROGRAMA-BETA/src/External/CodeWalker.Core/GameFiles/Resources/Bounds.cs(1727,27): warning CS8625: Cannot convert null literal to non-nullable reference type. [/home/ubuntu/PROGRAMA-BETA/src/FiveMTool.csproj]
/home/ubuntu/PROGRAMA-BETA/src/External/CodeWalker.Core/GameFiles/MetaTypes/XmlMeta.cs(852,52): warning CS8602: Dereference of a possibly null reference. [/home/ubuntu/PROGRAMA-BETA/src/FiveMTool.csproj]
/home/ubuntu/PROGRAMA-BETA/src/External/CodeWalker.Core/GameFiles/MetaTypes/XmlMeta.cs(852,52): warning CS8602: Dereference of a possibly null reference. [/home/ubuntu/PROGRAMA-BETA/src/FiveMTool.csproj]
/home/ubuntu/PROGRAMA-BETA/src/External/CodeWalker.Core/GameFiles/MetaTypes/PsoBuilder.cs(273,36): warning CS8600: Converting null literal or possible null value to non-nullable type. [/home/ubuntu/PROGRAMA-BETA/src/FiveMTool.csproj]
/home/ubuntu/PROGRAMA-BETA/src/External/CodeWalker.Core/GameFiles/MetaTypes/PsoBuilder.cs(305,57): warning CS8602: Dereference of a possibly null reference. [/home/ubuntu/PROGRAMA-BETA/src/FiveMTool.csproj]
/home/ubuntu/PROGRAMA-BETA/src/External/CodeWalker.Core/GameFiles/Resources/Bounds.cs(1808,30): warning CS8625: Cannot convert null literal to non-nullable reference type. [/home/ubuntu/PROGRAMA-BETA/src/FiveMTool.csproj]
/home/ubuntu/PROGRAMA-BETA/src/External/CodeWalker.Core/GameFiles/MetaTypes/XmlPso.cs(1009,25): warning CS8602: Dereference of a possibly null reference. [/home/ubuntu/PROGRAMA-BETA/src/FiveMTool.csproj]
/home/ubuntu/PROGRAMA-BETA/src/External/CodeWalker.Core/GameFiles/MetaTypes/XmlMeta.cs(963,17): warning CS8602: Dereference of a possibly null reference. [/home/ubuntu/PROGRAMA-BETA/src/FiveMTool.csproj]
/home/ubuntu/PROGRAMA-BETA/src/External/CodeWalker.Core/GameFiles/MetaTypes/XmlPso.cs(1051,25): warning CS8602: Dereference of a possibly null reference. [/home/ubuntu/PROGRAMA-BETA/src/FiveMTool.csproj]
/home/ubuntu/PROGRAMA-BETA/src/External/CodeWalker.Core/GameFiles/MetaTypes/Pso.cs(1036,30): warning CS8604: Possible null reference argument for parameter 'value' in 'void DataWriter.Write(byte[] value)'. [/home/ubuntu/PROGRAMA-BETA/src/FiveMTool.csproj]
/home/ubuntu/PROGRAMA-BETA/src/External/CodeWalker.Core/GameFiles/MetaTypes/Pso.cs(1014,23): warning CS8618: Non-nullable property 'Data' must contain a non-null value when exiting constructor. Consider declaring the property as nullable. [/home/ubuntu/PROGRAMA-BETA/src/FiveMTool.csproj]
/home/ubuntu/PROGRAMA-BETA/src/External/CodeWalker.Core/GameFiles/MetaTypes/Pso.cs(999,30): warning CS8604: Possible null reference argument for parameter 'value' in 'void DataWriter.Write(byte[] value)'. [/home/ubuntu/PROGRAMA-BETA/src/FiveMTool.csproj]
/home/ubuntu/PROGRAMA-BETA/src/External/CodeWalker.Core/GameFiles/MetaTypes/Pso.cs(968,23): warning CS8618: Non-nullable property 'Data' must contain a non-null value when exiting constructor. Consider declaring the property as nullable. [/home/ubuntu/PROGRAMA-BETA/src/FiveMTool.csproj]
/home/ubuntu/PROGRAMA-BETA/src/External/CodeWalker.Core/GameFiles/MetaTypes/XmlMeta.cs(1088,20): warning CS8603: Possible null reference return. [/home/ubuntu/PROGRAMA-BETA/src/FiveMTool.csproj]
/home/ubuntu/PROGRAMA-BETA/src/External/CodeWalker.Core/GameFiles/MetaTypes/XmlPso.cs(1159,20): warning CS8603: Possible null reference return. [/home/ubuntu/PROGRAMA-BETA/src/FiveMTool.csproj]
/home/ubuntu/PROGRAMA-BETA/src/External/CodeWalker.Core/GameFiles/MetaTypes/Pso.cs(913,25): warning CS8618: Non-nullable property 'Strings' must contain a non-null value when exiting constructor. Consider declaring the property as nullable. [/home/ubuntu/PROGRAMA-BETA/src/FiveMTool.csproj]
/home/ubuntu/PROGRAMA-BETA/src/External/CodeWalker.Core/GameFiles/Resources/Bounds.cs(2030,34): warning CS8625: Cannot convert null literal to non-nullable reference type. [/home/ubuntu/PROGRAMA-BETA/src/FiveMTool.csproj]
/home/ubuntu/PROGRAMA-BETA/src/External/CodeWalker.Core/GameFiles/MetaTypes/XmlMeta.cs(1185,20): warning CS8603: Possible null reference return. [/home/ubuntu/PROGRAMA-BETA/src/FiveMTool.csproj]
/home/ubuntu/PROGRAMA-BETA/src/External/CodeWalker.Core/GameFiles/MetaTypes/Pso.cs(860,25): warning CS8618: Non-nullable property 'Strings' must contain a non-null value when exiting constructor. Consider declaring the property as nullable. [/home/ubuntu/PROGRAMA-BETA/src/FiveMTool.csproj]
/home/ubuntu/PROGRAMA-BETA/src/External/CodeWalker.Core/GameFiles/MetaTypes/XmlMeta.cs(1207,39): warning CS8604: Possible null reference argument for parameter 'item' in 'void List<T>.Add(T item)'. [/home/ubuntu/PROGRAMA-BETA/src/FiveMTool.csproj]
/home/ubuntu/PROGRAMA-BETA/src/External/CodeWalker.Core/GameFiles/MetaTypes/XmlMeta.cs(1213,20): warning CS8603: Possible null reference return. [/home/ubuntu/PROGRAMA-BETA/src/FiveMTool.csproj]
/home/ubuntu/PROGRAMA-BETA/src/External/CodeWalker.Core/GameFiles/MetaTypes/XmlMeta.cs(1233,20): warning CS8603: Possible null reference return. [/home/ubuntu/PROGRAMA-BETA/src/FiveMTool.csproj]
/home/ubuntu/PROGRAMA-BETA/src/External/CodeWalker.Core/GameFiles/MetaTypes/Pso.cs(745,16): warning CS8618: Non-nullable property 'Entries' must contain a non-null value when exiting constructor. Consider declaring the property as nullable. [/home/ubuntu/PROGRAMA-BETA/src/FiveMTool.csproj]
/home/ubuntu/PROGRAMA-BETA/src/External/CodeWalker.Core/GameFiles/MetaTypes/Pso.cs(754,23): warning CS8601: Possible null reference assignment. [/home/ubuntu/PROGRAMA-BETA/src/FiveMTool.csproj]
/home/ubuntu/PROGRAMA-BETA/src/External/CodeWalker.Core/GameFiles/MetaTypes/Pso.cs(747,16): warning CS8618: Non-nullable property 'Entries' must contain a non-null value when exiting constructor. Consider declaring the property as nullable. [/home/ubuntu/PROGRAMA-BETA/src/FiveMTool.csproj]
/home/ubuntu/PROGRAMA-BETA/src/External/CodeWalker.Core/GameFiles/MetaTypes/XmlMeta.cs(1251,20): warning CS8603: Possible null reference return. [/home/ubuntu/PROGRAMA-BETA/src/FiveMTool.csproj]
/home/ubuntu/PROGRAMA-BETA/src/External/CodeWalker.Core/GameFiles/MetaTypes/Pso.cs(789,41): warning CS8603: Possible null reference return. [/home/ubuntu/PROGRAMA-BETA/src/FiveMTool.csproj]
/home/ubuntu/PROGRAMA-BETA/src/External/CodeWalker.Core/GameFiles/MetaTypes/Pso.cs(798,20): warning CS8603: Possible null reference return. [/home/ubuntu/PROGRAMA-BETA/src/FiveMTool.csproj]
/home/ubuntu/PROGRAMA-BETA/src/External/CodeWalker.Core/GameFiles/MetaTypes/Pso.cs(803,41): warning CS8603: Possible null reference return. [/home/ubuntu/PROGRAMA-BETA/src/FiveMTool.csproj]
/home/ubuntu/PROGRAMA-BETA/src/External/CodeWalker.Core/GameFiles/MetaTypes/Pso.cs(812,20): warning CS8603: Possible null reference return. [/home/ubuntu/PROGRAMA-BETA/src/FiveMTool.csproj]
/home/ubuntu/PROGRAMA-BETA/src/External/CodeWalker.Core/GameFiles/MetaTypes/Pso.cs(593,36): warning CS8618: Non-nullable property 'IndexInfo' must contain a non-null value when exiting constructor. Consider declaring the property as nullable. [/home/ubuntu/PROGRAMA-BETA/src/FiveMTool.csproj]
/home/ubuntu/PROGRAMA-BETA/src/External/CodeWalker.Core/GameFiles/MetaTypes/Pso.cs(610,16): warning CS8618: Non-nullable property 'Entries' must contain a non-null value when exiting constructor. Consider declaring the property as nullable. [/home/ubuntu/PROGRAMA-BETA/src/FiveMTool.csproj]
/home/ubuntu/PROGRAMA-BETA/src/External/CodeWalker.Core/GameFiles/MetaTypes/Pso.cs(623,23): warning CS8601: Possible null reference assignment. [/home/ubuntu/PROGRAMA-BETA/src/FiveMTool.csproj]
/home/ubuntu/PROGRAMA-BETA/src/External/CodeWalker.Core/GameFiles/MetaTypes/Pso.cs(612,16): warning CS8618: Non-nullable property 'Entries' must contain a non-null value when exiting constructor. Consider declaring the property as nullable. [/home/ubuntu/PROGRAMA-BETA/src/FiveMTool.csproj]
/home/ubuntu/PROGRAMA-BETA/src/External/CodeWalker.Core/GameFiles/Resources/Bounds.cs(2187,54): warning CS8600: Converting null literal or possible null value to non-nullable type. [/home/ubuntu/PROGRAMA-BETA/src/FiveMTool.csproj]
/home/ubuntu/PROGRAMA-BETA/src/External/CodeWalker.Core/GameFiles/Resources/Bounds.cs(2203,54): warning CS8600: Converting null literal or possible null value to non-nullable type. [/home/ubuntu/PROGRAMA-BETA/src/FiveMTool.csproj]
/home/ubuntu/PROGRAMA-BETA/src/External/CodeWalker.Core/GameFiles/Resources/Bounds.cs(2219,54): warning CS8600: Converting null literal or possible null value to non-nullable type. [/home/ubuntu/PROGRAMA-BETA/src/FiveMTool.csproj]
/home/ubuntu/PROGRAMA-BETA/src/External/CodeWalker.Core/GameFiles/MetaTypes/Pso.cs(677,20): warning CS8603: Possible null reference return. [/home/ubuntu/PROGRAMA-BETA/src/FiveMTool.csproj]
/home/ubuntu/PROGRAMA-BETA/src/External/CodeWalker.Core/GameFiles/MetaTypes/Pso.cs(685,20): warning CS8603: Possible null reference return. [/home/ubuntu/PROGRAMA-BETA/src/FiveMTool.csproj]
/home/ubuntu/PROGRAMA-BETA/src/External/CodeWalker.Core/GameFiles/MetaTypes/Pso.cs(479,38): warning CS8618: Non-nullable property 'EntriesIdx' must contain a non-null value when exiting constructor. Consider declaring the property as nullable. [/home/ubuntu/PROGRAMA-BETA/src/FiveMTool.csproj]
/home/ubuntu/PROGRAMA-BETA/src/External/CodeWalker.Core/GameFiles/MetaTypes/Pso.cs(480,33): warning CS8618: Non-nullable property 'Entries' must contain a non-null value when exiting constructor. Consider declaring the property as nullable. [/home/ubuntu/PROGRAMA-BETA/src/FiveMTool.csproj]
/home/ubuntu/PROGRAMA-BETA/src/External/CodeWalker.Core/GameFiles/MetaTypes/Pso.cs(358,23): warning CS8618: Non-nullable property 'Data' must contain a non-null value when exiting constructor. Consider declaring the property as nullable. [/home/ubuntu/PROGRAMA-BETA/src/FiveMTool.csproj]
/home/ubuntu/PROGRAMA-BETA/src/External/CodeWalker.Core/GameFiles/MetaTypes/Pso.cs(393,38): warning CS8618: Non-nullable property 'Entries' must contain a non-null value when exiting constructor. Consider declaring the property as nullable. [/home/ubuntu/PROGRAMA-BETA/src/FiveMTool.csproj]
/home/ubuntu/PROGRAMA-BETA/src/External/CodeWalker.Core/GameFiles/Resources/Bounds.cs(2373,34): warning CS8601: Possible null reference assignment. [/home/ubuntu/PROGRAMA-BETA/src/FiveMTool.csproj]
/home/ubuntu/PROGRAMA-BETA/src/External/CodeWalker.Core/GameFiles/Resources/Bounds.cs(2374,33): warning CS8601: Possible null reference assignment. [/home/ubuntu/PROGRAMA-BETA/src/FiveMTool.csproj]
/home/ubuntu/PROGRAMA-BETA/src/External/CodeWalker.Core/GameFiles/Resources/Bounds.cs(2375,33): warning CS8601: Possible null reference assignment. [/home/ubuntu/PROGRAMA-BETA/src/FiveMTool.csproj]
/home/ubuntu/PROGRAMA-BETA/src/External/CodeWalker.Core/GameFiles/MetaTypes/Pso.cs(316,48): warning CS8603: Possible null reference return. [/home/ubuntu/PROGRAMA-BETA/src/FiveMTool.csproj]
/home/ubuntu/PROGRAMA-BETA/src/External/CodeWalker.Core/GameFiles/MetaTypes/Pso.cs(317,56): warning CS8603: Possible null reference return. [/home/ubuntu/PROGRAMA-BETA/src/FiveMTool.csproj]
/home/ubuntu/PROGRAMA-BETA/src/External/CodeWalker.Core/GameFiles/MetaTypes/Pso.cs(318,41): warning CS8600: Converting null literal or possible null value to non-nullable type. [/home/ubuntu/PROGRAMA-BETA/src/FiveMTool.csproj]
/home/ubuntu/PROGRAMA-BETA/src/External/CodeWalker.Core/GameFiles/MetaTypes/Pso.cs(325,20): warning CS8603: Possible null reference return. [/home/ubuntu/PROGRAMA-BETA/src/FiveMTool.csproj]
/home/ubuntu/PROGRAMA-BETA/src/External/CodeWalker.Core/GameFiles/Resources/Bounds.cs(2439,27): warning CS8625: Cannot convert null literal to non-nullable reference type. [/home/ubuntu/PROGRAMA-BETA/src/FiveMTool.csproj]
/home/ubuntu/PROGRAMA-BETA/src/External/CodeWalker.Core/GameFiles/Resources/Bounds.cs(2442,30): warning CS8601: Possible null reference assignment. [/home/ubuntu/PROGRAMA-BETA/src/FiveMTool.csproj]
/home/ubuntu/PROGRAMA-BETA/src/External/CodeWalker.Core/GameFiles/Resources/Bounds.cs(2443,29): warning CS8601: Possible null reference assignment. [/home/ubuntu/PROGRAMA-BETA/src/FiveMTool.csproj]
/home/ubuntu/PROGRAMA-BETA/src/External/CodeWalker.Core/GameFiles/Resources/Bounds.cs(2444,29): warning CS8601: Possible null reference assignment. [/home/ubuntu/PROGRAMA-BETA/src/FiveMTool.csproj]
/home/ubuntu/PROGRAMA-BETA/src/External/CodeWalker.Core/GameFiles/MetaTypes/Pso.cs(199,31): warning CS8618: Non-nullable property 'DataSection' must contain a non-null value when exiting constructor. Consider declaring the property as nullable. [/home/ubuntu/PROGRAMA-BETA/src/FiveMTool.csproj]
/home/ubuntu/PROGRAMA-BETA/src/External/CodeWalker.Core/GameFiles/MetaTypes/Pso.cs(200,34): warning CS8618: Non-nullable property 'DataMapSection' must contain a non-null value when exiting constructor. Consider declaring the property as nullable. [/home/ubuntu/PROGRAMA-BETA/src/FiveMTool.csproj]
/home/ubuntu/PROGRAMA-BETA/src/External/CodeWalker.Core/GameFiles/MetaTypes/Pso.cs(201,33): warning CS8618: Non-nullable property 'SchemaSection' must contain a non-null value when exiting constructor. Consider declaring the property as nullable. [/home/ubuntu/PROGRAMA-BETA/src/FiveMTool.csproj]
/home/ubuntu/PROGRAMA-BETA/src/External/CodeWalker.Core/GameFiles/MetaTypes/Pso.cs(202,31): warning CS8618: Non-nullable property 'STRFSection' must contain a non-null value when exiting constructor. Consider declaring the property as nullable. [/home/ubuntu/PROGRAMA-BETA/src/FiveMTool.csproj]
/home/ubuntu/PROGRAMA-BETA/src/External/CodeWalker.Core/GameFiles/MetaTypes/Pso.cs(203,31): warning CS8618: Non-nullable property 'STRSSection' must contain a non-null value when exiting constructor. Consider declaring the property as nullable. [/home/ubuntu/PROGRAMA-BETA/src/FiveMTool.csproj]
/home/ubuntu/PROGRAMA-BETA/src/External/CodeWalker.Core/GameFiles/MetaTypes/Pso.cs(204,31): warning CS8618: Non-nullable property 'PSIGSection' must contain a non-null value when exiting constructor. Consider declaring the property as nullable. [/home/ubuntu/PROGRAMA-BETA/src/FiveMTool.csproj]
/home/ubuntu/PROGRAMA-BETA/src/External/CodeWalker.Core/GameFiles/MetaTypes/Pso.cs(205,31): warning CS8618: Non-nullable property 'STRESection' must contain a non-null value when exiting constructor. Consider declaring the property as nullable. [/home/ubuntu/PROGRAMA-BETA/src/FiveMTool.csproj]
/home/ubuntu/PROGRAMA-BETA/src/External/CodeWalker.Core/GameFiles/MetaTypes/Pso.cs(206,31): warning CS8618: Non-nullable property 'CHKSSection' must contain a non-null value when exiting constructor. Consider declaring the property as nullable. [/home/ubuntu/PROGRAMA-BETA/src/FiveMTool.csproj]
/home/ubuntu/PROGRAMA-BETA/src/External/CodeWalker.Core/GameFiles/Resources/Bounds.cs(2481,30): warning CS8600: Converting null literal or possible null value to non-nullable type. [/home/ubuntu/PROGRAMA-BETA/src/FiveMTool.csproj]
/home/ubuntu/PROGRAMA-BETA/src/External/CodeWalker.Core/GameFiles/Resources/Bounds.cs(2506,20): warning CS8603: Possible null reference return. [/home/ubuntu/PROGRAMA-BETA/src/FiveMTool.csproj]
/home/ubuntu/PROGRAMA-BETA/src/External/CodeWalker.Core/GameFiles/Resources/Bounds.cs(992,80): warning CS8625: Cannot convert null literal to non-nullable reference type. [/home/ubuntu/PROGRAMA-BETA/src/FiveMTool.csproj]
/home/ubuntu/PROGRAMA-BETA/src/External/CodeWalker.Core/GameFiles/Resources/Bounds.cs(993,57): warning CS8625: Cannot convert null literal to non-nullable reference type. [/home/ubuntu/PROGRAMA-BETA/src/FiveMTool.csproj]
/home/ubuntu/PROGRAMA-BETA/src/External/CodeWalker.Core/GameFiles/Resources/Bounds.cs(994,74): warning CS8625: Cannot convert null literal to non-nullable reference type. [/home/ubuntu/PROGRAMA-BETA/src/FiveMTool.csproj]
/home/ubuntu/PROGRAMA-BETA/src/External/CodeWalker.Core/GameFiles/Resources/Bounds.cs(995,85): warning CS8625: Cannot convert null literal to non-nullable reference type. [/home/ubuntu/PROGRAMA-BETA/src/FiveMTool.csproj]
/home/ubuntu/PROGRAMA-BETA/src/External/CodeWalker.Core/GameFiles/Resources/Bounds.cs(996,77): warning CS8625: Cannot convert null literal to non-nullable reference type. [/home/ubuntu/PROGRAMA-BETA/src/FiveMTool.csproj]
/home/ubuntu/PROGRAMA-BETA/src/External/CodeWalker.Core/GameFiles/Resources/Bounds.cs(997,87): warning CS8625: Cannot convert null literal to non-nullable reference type. [/home/ubuntu/PROGRAMA-BETA/src/FiveMTool.csproj]
/home/ubuntu/PROGRAMA-BETA/src/External/CodeWalker.Core/GameFiles/Resources/Bounds.cs(998,79): warning CS8625: Cannot convert null literal to non-nullable reference type. [/home/ubuntu/PROGRAMA-BETA/src/FiveMTool.csproj]
/home/ubuntu/PROGRAMA-BETA/src/External/CodeWalker.Core/GameFiles/Resources/Bounds.cs(1000,47): warning CS8625: Cannot convert null literal to non-nullable reference type. [/home/ubuntu/PROGRAMA-BETA/src/FiveMTool.csproj]
/home/ubuntu/PROGRAMA-BETA/src/External/CodeWalker.Core/GameFiles/Resources/Bounds.cs(983,26): warning CS8618: Non-nullable property 'VerticesShrunk' must contain a non-null value when exiting constructor. Consider declaring the property as nullable. [/home/ubuntu/PROGRAMA-BETA/src/FiveMTool.csproj]
/home/ubuntu/PROGRAMA-BETA/src/External/CodeWalker.Core/GameFiles/Resources/Bounds.cs(984,31): warning CS8618: Non-nullable property 'Polygons' must contain a non-null value when exiting constructor. Consider declaring the property as nullable. [/home/ubuntu/PROGRAMA-BETA/src/FiveMTool.csproj]
/home/ubuntu/PROGRAMA-BETA/src/External/CodeWalker.Core/GameFiles/Resources/Bounds.cs(985,26): warning CS8618: Non-nullable property 'Vertices' must contain a non-null value when exiting constructor. Consider declaring the property as nullable. [/home/ubuntu/PROGRAMA-BETA/src/FiveMTool.csproj]
/home/ubuntu/PROGRAMA-BETA/src/External/CodeWalker.Core/GameFiles/Resources/Bounds.cs(986,38): warning CS8618: Non-nullable property 'VertexColours' must contain a non-null value when exiting constructor. Consider declaring the property as nullable. [/home/ubuntu/PROGRAMA-BETA/src/FiveMTool.csproj]
/home/ubuntu/PROGRAMA-BETA/src/External/CodeWalker.Core/GameFiles/Resources/Bounds.cs(987,33): warning CS8618: Non-nullable property 'Octants' must contain a non-null value when exiting constructor. Consider declaring the property as nullable. [/home/ubuntu/PROGRAMA-BETA/src/FiveMTool.csproj]
/home/ubuntu/PROGRAMA-BETA/src/External/CodeWalker.Core/GameFiles/Resources/Bounds.cs(988,34): warning CS8618: Non-nullable property 'Materials' must contain a non-null value when exiting constructor. Consider declaring the property as nullable. [/home/ubuntu/PROGRAMA-BETA/src/FiveMTool.csproj]
/home/ubuntu/PROGRAMA-BETA/src/External/CodeWalker.Core/GameFiles/Resources/Bounds.cs(989,38): warning CS8618: Non-nullable property 'MaterialColours' must contain a non-null value when exiting constructor. Consider declaring the property as nullable. [/home/ubuntu/PROGRAMA-BETA/src/FiveMTool.csproj]
/home/ubuntu/PROGRAMA-BETA/src/External/CodeWalker.Core/GameFiles/Resources/Bounds.cs(990,23): warning CS8618: Non-nullable property 'PolygonMaterialIndices' must contain a non-null value when exiting constructor. Consider declaring the property as nullable. [/home/ubuntu/PROGRAMA-BETA/src/FiveMTool.csproj]
/home/ubuntu/PROGRAMA-BETA/src/External/CodeWalker.Core/GameFiles/MetaTypes/MetaXml.cs(1968,62): warning CS8602: Dereference of a possibly null reference. [/home/ubuntu/PROGRAMA-BETA/src/FiveMTool.csproj]
/home/ubuntu/PROGRAMA-BETA/src/External/CodeWalker.Core/GameFiles/MetaTypes/MetaXml.cs(1968,72): warning CS8602: Dereference of a possibly null reference. [/home/ubuntu/PROGRAMA-BETA/src/FiveMTool.csproj]
/home/ubuntu/PROGRAMA-BETA/src/External/CodeWalker.Core/GameFiles/MetaTypes/MetaXml.cs(1968,30): warning CS8600: Converting null literal or possible null value to non-nullable type. [/home/ubuntu/PROGRAMA-BETA/src/FiveMTool.csproj]
/home/ubuntu/PROGRAMA-BETA/src/External/CodeWalker.Core/GameFiles/MetaTypes/MetaTypes.cs(6452,16): warning CS8618: Non-nullable property 'Owner' must contain a non-null value when exiting constructor. Consider declaring the property as nullable. [/home/ubuntu/PROGRAMA-BETA/src/FiveMTool.csproj]
/home/ubuntu/PROGRAMA-BETA/src/External/CodeWalker.Core/GameFiles/MetaTypes/MetaTypes.cs(6452,16): warning CS8618: Non-nullable property 'PropMetaData' must contain a non-null value when exiting constructor. Consider declaring the property as nullable. [/home/ubuntu/PROGRAMA-BETA/src/FiveMTool.csproj]
/home/ubuntu/PROGRAMA-BETA/src/External/CodeWalker.Core/GameFiles/MetaTypes/MetaTypes.cs(6452,16): warning CS8618: Non-nullable property 'Anchors' must contain a non-null value when exiting constructor. Consider declaring the property as nullable. [/home/ubuntu/PROGRAMA-BETA/src/FiveMTool.csproj]
/home/ubuntu/PROGRAMA-BETA/src/External/CodeWalker.Core/GameFiles/MetaTypes/MetaXml.cs(1989,70): warning CS8602: Dereference of a possibly null reference. [/home/ubuntu/PROGRAMA-BETA/src/FiveMTool.csproj]
/home/ubuntu/PROGRAMA-BETA/src/External/CodeWalker.Core/GameFiles/MetaTypes/MetaXml.cs(1989,80): warning CS8602: Dereference of a possibly null reference. [/home/ubuntu/PROGRAMA-BETA/src/FiveMTool.csproj]
/home/ubuntu/PROGRAMA-BETA/src/External/CodeWalker.Core/GameFiles/MetaTypes/MetaXml.cs(1989,38): warning CS8600: Converting null literal or possible null value to non-nullable type. [/home/ubuntu/PROGRAMA-BETA/src/FiveMTool.csproj]
/home/ubuntu/PROGRAMA-BETA/src/External/CodeWalker.Core/GameFiles/MetaTypes/MetaXml.cs(2002,70): warning CS8602: Dereference of a possibly null reference. [/home/ubuntu/PROGRAMA-BETA/src/FiveMTool.csproj]
/home/ubuntu/PROGRAMA-BETA/src/External/CodeWalker.Core/GameFiles/MetaTypes/MetaXml.cs(2002,80): warning CS8602: Dereference of a possibly null reference. [/home/ubuntu/PROGRAMA-BETA/src/FiveMTool.csproj]
/home/ubuntu/PROGRAMA-BETA/src/External/CodeWalker.Core/GameFiles/MetaTypes/MetaXml.cs(2002,38): warning CS8600: Converting null literal or possible null value to non-nullable type. [/home/ubuntu/PROGRAMA-BETA/src/FiveMTool.csproj]
/home/ubuntu/PROGRAMA-BETA/src/External/CodeWalker.Core/GameFiles/MetaTypes/MetaTypes.cs(6360,16): warning CS8618: Non-nullable property 'Owner' must contain a non-null value when exiting constructor. Consider declaring the property as nullable. [/home/ubuntu/PROGRAMA-BETA/src/FiveMTool.csproj]
/home/ubuntu/PROGRAMA-BETA/src/External/CodeWalker.Core/GameFiles/MetaTypes/MetaXml.cs(2028,41): warning CS8602: Dereference of a possibly null reference. [/home/ubuntu/PROGRAMA-BETA/src/FiveMTool.csproj]
/home/ubuntu/PROGRAMA-BETA/src/External/CodeWalker.Core/GameFiles/MetaTypes/MetaXml.cs(2048,25): warning CS8602: Dereference of a possibly null reference. [/home/ubuntu/PROGRAMA-BETA/src/FiveMTool.csproj]
/home/ubuntu/PROGRAMA-BETA/src/External/CodeWalker.Core/GameFiles/MetaTypes/MetaTypes.cs(6152,16): warning CS8618: Non-nullable property 'Owner' must contain a non-null value when exiting constructor. Consider declaring the property as nullable. [/home/ubuntu/PROGRAMA-BETA/src/FiveMTool.csproj]
/home/ubuntu/PROGRAMA-BETA/src/External/CodeWalker.Core/GameFiles/MetaTypes/MetaTypes.cs(6152,16): warning CS8618: Non-nullable property 'DrawblData3' must contain a non-null value when exiting constructor. Consider declaring the property as nullable. [/home/ubuntu/PROGRAMA-BETA/src/FiveMTool.csproj]
/home/ubuntu/PROGRAMA-BETA/src/External/CodeWalker.Core/GameFiles/MetaTypes/MetaTypes.cs(6153,16): warning CS8618: Non-nullable property 'DrawblData3' must contain a non-null value when exiting constructor. Consider declaring the property as nullable. [/home/ubuntu/PROGRAMA-BETA/src/FiveMTool.csproj]
/home/ubuntu/PROGRAMA-BETA/src/External/CodeWalker.Core/GameFiles/MetaTypes/MetaXml.cs(2075,25): warning CS8602: Dereference of a possibly null reference. [/home/ubuntu/PROGRAMA-BETA/src/FiveMTool.csproj]
/home/ubuntu/PROGRAMA-BETA/src/External/CodeWalker.Core/GameFiles/MetaTypes/MetaXml.cs(2096,44): warning CS8602: Dereference of a possibly null reference. [/home/ubuntu/PROGRAMA-BETA/src/FiveMTool.csproj]
/home/ubuntu/PROGRAMA-BETA/src/External/CodeWalker.Core/GameFiles/MetaTypes/MetaTypes.cs(6189,20): warning CS8603: Possible null reference return. [/home/ubuntu/PROGRAMA-BETA/src/FiveMTool.csproj]
/home/ubuntu/PROGRAMA-BETA/src/External/CodeWalker.Core/GameFiles/MetaTypes/MetaXml.cs(2118,31): warning CS8602: Dereference of a possibly null reference. [/home/ubuntu/PROGRAMA-BETA/src/FiveMTool.csproj]
/home/ubuntu/PROGRAMA-BETA/src/External/CodeWalker.Core/GameFiles/MetaTypes/MetaTypes.cs(6403,16): warning CS8618: Non-nullable property 'Owner' must contain a non-null value when exiting constructor. Consider declaring the property as nullable. [/home/ubuntu/PROGRAMA-BETA/src/FiveMTool.csproj]
/home/ubuntu/PROGRAMA-BETA/src/External/CodeWalker.Core/GameFiles/MetaTypes/MetaTypes.cs(6297,16): warning CS8618: Non-nullable property 'Owner' must contain a non-null value when exiting constructor. Consider declaring the property as nullable. [/home/ubuntu/PROGRAMA-BETA/src/FiveMTool.csproj]
/home/ubuntu/PROGRAMA-BETA/src/External/CodeWalker.Core/GameFiles/MetaTypes/MetaTypes.cs(6297,16): warning CS8618: Non-nullable property 'TexData' must contain a non-null value when exiting constructor. Consider declaring the property as nullable. [/home/ubuntu/PROGRAMA-BETA/src/FiveMTool.csproj]
/home/ubuntu/PROGRAMA-BETA/src/External/CodeWalker.Core/GameFiles/MetaTypes/MetaTypes.cs(6423,20): warning CS8603: Possible null reference return. [/home/ubuntu/PROGRAMA-BETA/src/FiveMTool.csproj]
/home/ubuntu/PROGRAMA-BETA/src/External/CodeWalker.Core/GameFiles/MetaTypes/MetaTypes.cs(6453,16): warning CS8618: Non-nullable property 'PropMetaData' must contain a non-null value when exiting constructor. Consider declaring the property as nullable. [/home/ubuntu/PROGRAMA-BETA/src/FiveMTool.csproj]
/home/ubuntu/PROGRAMA-BETA/src/External/CodeWalker.Core/GameFiles/MetaTypes/MetaTypes.cs(6453,16): warning CS8618: Non-nullable property 'Anchors' must contain a non-null value when exiting constructor. Consider declaring the property as nullable. [/home/ubuntu/PROGRAMA-BETA/src/FiveMTool.csproj]
/home/ubuntu/PROGRAMA-BETA/src/External/CodeWalker.Core/GameFiles/MetaTypes/MetaTypes.cs(5022,16): warning CS8618: Non-nullable property 'Region' must contain a non-null value when exiting constructor. Consider declaring the property as nullable. [/home/ubuntu/PROGRAMA-BETA/src/FiveMTool.csproj]
/home/ubuntu/PROGRAMA-BETA/src/External/CodeWalker.Core/GameFiles/MetaTypes/MetaTypes.cs(5022,16): warning CS8618: Non-nullable property 'Nodes' must contain a non-null value when exiting constructor. Consider declaring the property as nullable. [/home/ubuntu/PROGRAMA-BETA/src/FiveMTool.csproj]
/home/ubuntu/PROGRAMA-BETA/src/External/CodeWalker.Core/GameFiles/MetaTypes/MetaTypes.cs(5022,16): warning CS8618: Non-nullable property 'Edges' must contain a non-null value when exiting constructor. Consider declaring the property as nullable. [/home/ubuntu/PROGRAMA-BETA/src/FiveMTool.csproj]
/home/ubuntu/PROGRAMA-BETA/src/External/CodeWalker.Core/GameFiles/MetaTypes/MetaTypes.cs(5022,16): warning CS8618: Non-nullable property 'Chains' must contain a non-null value when exiting constructor. Consider declaring the property as nullable. [/home/ubuntu/PROGRAMA-BETA/src/FiveMTool.csproj]
/home/ubuntu/PROGRAMA-BETA/src/External/CodeWalker.Core/GameFiles/MetaTypes/MetaXml.cs(2250,43): warning CS8603: Possible null reference return. [/home/ubuntu/PROGRAMA-BETA/src/FiveMTool.csproj]
/home/ubuntu/PROGRAMA-BETA/src/External/CodeWalker.Core/GameFiles/MetaTypes/MetaTypes.cs(5023,16): warning CS8618: Non-nullable property 'Nodes' must contain a non-null value when exiting constructor. Consider declaring the property as nullable. [/home/ubuntu/PROGRAMA-BETA/src/FiveMTool.csproj]
/home/ubuntu/PROGRAMA-BETA/src/External/CodeWalker.Core/GameFiles/MetaTypes/MetaTypes.cs(5023,16): warning CS8618: Non-nullable property 'Edges' must contain a non-null value when exiting constructor. Consider declaring the property as nullable. [/home/ubuntu/PROGRAMA-BETA/src/FiveMTool.csproj]
/home/ubuntu/PROGRAMA-BETA/src/External/CodeWalker.Core/GameFiles/MetaTypes/MetaTypes.cs(5023,16): warning CS8618: Non-nullable property 'Chains' must contain a non-null value when exiting constructor. Consider declaring the property as nullable. [/home/ubuntu/PROGRAMA-BETA/src/FiveMTool.csproj]
/home/ubuntu/PROGRAMA-BETA/src/External/CodeWalker.Core/GameFiles/MetaTypes/MetaTypes.cs(5404,16): warning CS8618: Non-nullable property 'Region' must contain a non-null value when exiting constructor. Consider declaring the property as nullable. [/home/ubuntu/PROGRAMA-BETA/src/FiveMTool.csproj]
/home/ubuntu/PROGRAMA-BETA/src/External/CodeWalker.Core/GameFiles/MetaTypes/MetaTypes.cs(5404,16): warning CS8618: Non-nullable property 'NodeFrom' must contain a non-null value when exiting constructor. Consider declaring the property as nullable. [/home/ubuntu/PROGRAMA-BETA/src/FiveMTool.csproj]
/home/ubuntu/PROGRAMA-BETA/src/External/CodeWalker.Core/GameFiles/MetaTypes/MetaTypes.cs(5404,16): warning CS8618: Non-nullable property 'NodeTo' must contain a non-null value when exiting constructor. Consider declaring the property as nullable. [/home/ubuntu/PROGRAMA-BETA/src/FiveMTool.csproj]
/home/ubuntu/PROGRAMA-BETA/src/External/CodeWalker.Core/GameFiles/MetaTypes/MetaTypes.cs(5405,16): warning CS8618: Non-nullable property 'NodeFrom' must contain a non-null value when exiting constructor. Consider declaring the property as nullable. [/home/ubuntu/PROGRAMA-BETA/src/FiveMTool.csproj]
/home/ubuntu/PROGRAMA-BETA/src/External/CodeWalker.Core/GameFiles/MetaTypes/MetaTypes.cs(5405,16): warning CS8618: Non-nullable property 'NodeTo' must contain a non-null value when exiting constructor. Consider declaring the property as nullable. [/home/ubuntu/PROGRAMA-BETA/src/FiveMTool.csproj]
/home/ubuntu/PROGRAMA-BETA/src/External/CodeWalker.Core/GameFiles/MetaTypes/MetaTypes.cs(5024,16): warning CS8618: Non-nullable property 'Nodes' must contain a non-null value when exiting constructor. Consider declaring the property as nullable. [/home/ubuntu/PROGRAMA-BETA/src/FiveMTool.csproj]
/home/ubuntu/PROGRAMA-BETA/src/External/CodeWalker.Core/GameFiles/MetaTypes/MetaTypes.cs(5024,16): warning CS8618: Non-nullable property 'Edges' must contain a non-null value when exiting constructor. Consider declaring the property as nullable. [/home/ubuntu/PROGRAMA-BETA/src/FiveMTool.csproj]
/home/ubuntu/PROGRAMA-BETA/src/External/CodeWalker.Core/GameFiles/MetaTypes/MetaTypes.cs(5024,16): warning CS8618: Non-nullable property 'Chains' must contain a non-null value when exiting constructor. Consider declaring the property as nullable. [/home/ubuntu/PROGRAMA-BETA/src/FiveMTool.csproj]
/home/ubuntu/PROGRAMA-BETA/src/External/CodeWalker.Core/GameFiles/MetaTypes/MetaTypes.cs(5324,16): warning CS8618: Non-nullable property 'Parent' must contain a non-null value when exiting constructor. Consider declaring the property as nullable. [/home/ubuntu/PROGRAMA-BETA/src/FiveMTool.csproj]
/home/ubuntu/PROGRAMA-BETA/src/External/CodeWalker.Core/GameFiles/MetaTypes/MetaTypes.cs(5324,16): warning CS8618: Non-nullable property 'Region' must contain a non-null value when exiting constructor. Consider declaring the property as nullable. [/home/ubuntu/PROGRAMA-BETA/src/FiveMTool.csproj]
/home/ubuntu/PROGRAMA-BETA/src/External/CodeWalker.Core/GameFiles/MetaTypes/MetaTypes.cs(5324,16): warning CS8618: Non-nullable property 'ScenarioNode' must contain a non-null value when exiting constructor. Consider declaring the property as nullable. [/home/ubuntu/PROGRAMA-BETA/src/FiveMTool.csproj]
/home/ubuntu/PROGRAMA-BETA/src/External/CodeWalker.Core/GameFiles/MetaTypes/MetaTypes.cs(5324,16): warning CS8618: Non-nullable property 'Type' must contain a non-null value when exiting constructor. Consider declaring the property as nullable. [/home/ubuntu/PROGRAMA-BETA/src/FiveMTool.csproj]
/home/ubuntu/PROGRAMA-BETA/src/External/CodeWalker.Core/GameFiles/MetaTypes/MetaTypes.cs(5324,16): warning CS8618: Non-nullable property 'Chain' must contain a non-null value when exiting constructor. Consider declaring the property as nullable. [/home/ubuntu/PROGRAMA-BETA/src/FiveMTool.csproj]
/home/ubuntu/PROGRAMA-BETA/src/External/CodeWalker.Core/GameFiles/MetaTypes/MetaTypes.cs(5476,16): warning CS8618: Non-nullable property 'Region' must contain a non-null value when exiting constructor. Consider declaring the property as nullable. [/home/ubuntu/PROGRAMA-BETA/src/FiveMTool.csproj]
/home/ubuntu/PROGRAMA-BETA/src/External/CodeWalker.Core/GameFiles/MetaTypes/MetaTypes.cs(5476,16): warning CS8618: Non-nullable property 'EdgeIds' must contain a non-null value when exiting constructor. Consider declaring the property as nullable. [/home/ubuntu/PROGRAMA-BETA/src/FiveMTool.csproj]
/home/ubuntu/PROGRAMA-BETA/src/External/CodeWalker.Core/GameFiles/MetaTypes/MetaTypes.cs(5476,16): warning CS8618: Non-nullable property 'Edges' must contain a non-null value when exiting constructor. Consider declaring the property as nullable. [/home/ubuntu/PROGRAMA-BETA/src/FiveMTool.csproj]
/home/ubuntu/PROGRAMA-BETA/src/External/CodeWalker.Core/GameFiles/MetaTypes/MetaTypes.cs(5325,16): warning CS8618: Non-nullable property 'ScenarioNode' must contain a non-null value when exiting constructor. Consider declaring the property as nullable. [/home/ubuntu/PROGRAMA-BETA/src/FiveMTool.csproj]
/home/ubuntu/PROGRAMA-BETA/src/External/CodeWalker.Core/GameFiles/MetaTypes/MetaTypes.cs(5325,16): warning CS8618: Non-nullable property 'Type' must contain a non-null value when exiting constructor. Consider declaring the property as nullable. [/home/ubuntu/PROGRAMA-BETA/src/FiveMTool.csproj]
/home/ubuntu/PROGRAMA-BETA/src/External/CodeWalker.Core/GameFiles/MetaTypes/MetaTypes.cs(5325,16): warning CS8618: Non-nullable property 'Chain' must contain a non-null value when exiting constructor. Consider declaring the property as nullable. [/home/ubuntu/PROGRAMA-BETA/src/FiveMTool.csproj]
/home/ubuntu/PROGRAMA-BETA/src/External/CodeWalker.Core/GameFiles/MetaTypes/MetaTypes.cs(5332,16): warning CS8618: Non-nullable property 'Parent' must contain a non-null value when exiting constructor. Consider declaring the property as nullable. [/home/ubuntu/PROGRAMA-BETA/src/FiveMTool.csproj]
/home/ubuntu/PROGRAMA-BETA/src/External/CodeWalker.Core/GameFiles/MetaTypes/MetaTypes.cs(5332,16): warning CS8618: Non-nullable property 'ScenarioNode' must contain a non-null value when exiting constructor. Consider declaring the property as nullable. [/home/ubuntu/PROGRAMA-BETA/src/FiveMTool.csproj]
/home/ubuntu/PROGRAMA-BETA/src/External/CodeWalker.Core/GameFiles/MetaTypes/MetaTypes.cs(5332,16): warning CS8618: Non-nullable property 'Chain' must contain a non-null value when exiting constructor. Consider declaring the property as nullable. [/home/ubuntu/PROGRAMA-BETA/src/FiveMTool.csproj]
/home/ubuntu/PROGRAMA-BETA/src/External/CodeWalker.Core/GameFiles/MetaTypes/MetaXml.cs(166,17): warning CS8602: Dereference of a possibly null reference. [/home/ubuntu/PROGRAMA-BETA/src/FiveMTool.csproj]
/home/ubuntu/PROGRAMA-BETA/src/External/CodeWalker.Core/GameFiles/MetaTypes/MetaTypes.cs(3917,43): warning CS8618: Non-nullable property 'CollisionData' must contain a non-null value when exiting constructor. Consider declaring the property as nullable. [/home/ubuntu/PROGRAMA-BETA/src/FiveMTool.csproj]
/home/ubuntu/PROGRAMA-BETA/src/External/CodeWalker.Core/GameFiles/MetaTypes/MetaXml.cs(175,17): warning CS8602: Dereference of a possibly null reference. [/home/ubuntu/PROGRAMA-BETA/src/FiveMTool.csproj]
/home/ubuntu/PROGRAMA-BETA/src/External/CodeWalker.Core/GameFiles/MetaTypes/MetaXml.cs(184,17): warning CS8602: Dereference of a possibly null reference. [/home/ubuntu/PROGRAMA-BETA/src/FiveMTool.csproj]
/home/ubuntu/PROGRAMA-BETA/src/External/CodeWalker.Core/GameFiles/MetaTypes/MetaTypes.cs(5610,16): warning CS8618: Non-nullable property 'Region' must contain a non-null value when exiting constructor. Consider declaring the property as nullable. [/home/ubuntu/PROGRAMA-BETA/src/FiveMTool.csproj]
/home/ubuntu/PROGRAMA-BETA/src/External/CodeWalker.Core/GameFiles/MetaTypes/MetaTypes.cs(5610,16): warning CS8618: Non-nullable property 'Points' must contain a non-null value when exiting constructor. Consider declaring the property as nullable. [/home/ubuntu/PROGRAMA-BETA/src/FiveMTool.csproj]
/home/ubuntu/PROGRAMA-BETA/src/External/CodeWalker.Core/GameFiles/MetaTypes/MetaXml.cs(193,17): warning CS8602: Dereference of a possibly null reference. [/home/ubuntu/PROGRAMA-BETA/src/FiveMTool.csproj]
/home/ubuntu/PROGRAMA-BETA/src/External/CodeWalker.Core/GameFiles/MetaTypes/MetaTypes.cs(5611,16): warning CS8618: Non-nullable property 'Points' must contain a non-null value when exiting constructor. Consider declaring the property as nullable. [/home/ubuntu/PROGRAMA-BETA/src/FiveMTool.csproj]
/home/ubuntu/PROGRAMA-BETA/src/External/CodeWalker.Core/GameFiles/MetaTypes/MetaXml.cs(202,17): warning CS8602: Dereference of a possibly null reference. [/home/ubuntu/PROGRAMA-BETA/src/FiveMTool.csproj]
/home/ubuntu/PROGRAMA-BETA/src/External/CodeWalker.Core/GameFiles/MetaTypes/MetaTypes.cs(5725,16): warning CS8618: Non-nullable property 'Region' must contain a non-null value when exiting constructor. Consider declaring the property as nullable. [/home/ubuntu/PROGRAMA-BETA/src/FiveMTool.csproj]
/home/ubuntu/PROGRAMA-BETA/src/External/CodeWalker.Core/GameFiles/MetaTypes/MetaTypes.cs(5725,16): warning CS8618: Non-nullable property 'TypeNames' must contain a non-null value when exiting constructor. Consider declaring the property as nullable. [/home/ubuntu/PROGRAMA-BETA/src/FiveMTool.csproj]
/home/ubuntu/PROGRAMA-BETA/src/External/CodeWalker.Core/GameFiles/MetaTypes/MetaTypes.cs(5725,16): warning CS8618: Non-nullable property 'PedModelSetNames' must contain a non-null value when exiting constructor. Consider declaring the property as nullable. [/home/ubuntu/PROGRAMA-BETA/src/FiveMTool.csproj]
/home/ubuntu/PROGRAMA-BETA/src/External/CodeWalker.Core/GameFiles/MetaTypes/MetaTypes.cs(5725,16): warning CS8618: Non-nullable property 'VehicleModelSetNames' must contain a non-null value when exiting constructor. Consider declaring the property as nullable. [/home/ubuntu/PROGRAMA-BETA/src/FiveMTool.csproj]
/home/ubuntu/PROGRAMA-BETA/src/External/CodeWalker.Core/GameFiles/MetaTypes/MetaTypes.cs(5725,16): warning CS8618: Non-nullable property 'GroupNames' must contain a non-null value when exiting constructor. Consider declaring the property as nullable. [/home/ubuntu/PROGRAMA-BETA/src/FiveMTool.csproj]
/home/ubuntu/PROGRAMA-BETA/src/External/CodeWalker.Core/GameFiles/MetaTypes/MetaTypes.cs(5725,16): warning CS8618: Non-nullable property 'InteriorNames' must contain a non-null value when exiting constructor. Consider declaring the property as nullable. [/home/ubuntu/PROGRAMA-BETA/src/FiveMTool.csproj]
/home/ubuntu/PROGRAMA-BETA/src/External/CodeWalker.Core/GameFiles/MetaTypes/MetaTypes.cs(5725,16): warning CS8618: Non-nullable property 'RequiredIMapNames' must contain a non-null value when exiting constructor. Consider declaring the property as nullable. [/home/ubuntu/PROGRAMA-BETA/src/FiveMTool.csproj]
/home/ubuntu/PROGRAMA-BETA/src/External/CodeWalker.Core/GameFiles/MetaTypes/MetaXml.cs(209,17): warning CS8602: Dereference of a possibly null reference. [/home/ubuntu/PROGRAMA-BETA/src/FiveMTool.csproj]
/home/ubuntu/PROGRAMA-BETA/src/External/CodeWalker.Core/GameFiles/MetaTypes/MetaTypes.cs(4527,16): warning CS8618: Non-nullable property 'Parent' must contain a non-null value when exiting constructor. Consider declaring the property as nullable. [/home/ubuntu/PROGRAMA-BETA/src/FiveMTool.csproj]
/home/ubuntu/PROGRAMA-BETA/src/External/CodeWalker.Core/GameFiles/MetaTypes/MetaTypes.cs(4527,16): warning CS8618: Non-nullable property 'Region' must contain a non-null value when exiting constructor. Consider declaring the property as nullable. [/home/ubuntu/PROGRAMA-BETA/src/FiveMTool.csproj]
/home/ubuntu/PROGRAMA-BETA/src/External/CodeWalker.Core/GameFiles/MetaTypes/MetaTypes.cs(4527,16): warning CS8618: Non-nullable property 'LoadSavePoints' must contain a non-null value when exiting constructor. Consider declaring the property as nullable. [/home/ubuntu/PROGRAMA-BETA/src/FiveMTool.csproj]
/home/ubuntu/PROGRAMA-BETA/src/External/CodeWalker.Core/GameFiles/MetaTypes/MetaTypes.cs(4527,16): warning CS8618: Non-nullable property 'MyPoints' must contain a non-null value when exiting constructor. Consider declaring the property as nullable. [/home/ubuntu/PROGRAMA-BETA/src/FiveMTool.csproj]
/home/ubuntu/PROGRAMA-BETA/src/External/CodeWalker.Core/GameFiles/MetaTypes/MetaTypes.cs(5726,16): warning CS8618: Non-nullable property 'TypeNames' must contain a non-null value when exiting constructor. Consider declaring the property as nullable. [/home/ubuntu/PROGRAMA-BETA/src/FiveMTool.csproj]
/home/ubuntu/PROGRAMA-BETA/src/External/CodeWalker.Core/GameFiles/MetaTypes/MetaTypes.cs(5726,16): warning CS8618: Non-nullable property 'PedModelSetNames' must contain a non-null value when exiting constructor. Consider declaring the property as nullable. [/home/ubuntu/PROGRAMA-BETA/src/FiveMTool.csproj]
/home/ubuntu/PROGRAMA-BETA/src/External/CodeWalker.Core/GameFiles/MetaTypes/MetaTypes.cs(5726,16): warning CS8618: Non-nullable property 'VehicleModelSetNames' must contain a non-null value when exiting constructor. Consider declaring the property as nullable. [/home/ubuntu/PROGRAMA-BETA/src/FiveMTool.csproj]
/home/ubuntu/PROGRAMA-BETA/src/External/CodeWalker.Core/GameFiles/MetaTypes/MetaTypes.cs(5726,16): warning CS8618: Non-nullable property 'GroupNames' must contain a non-null value when exiting constructor. Consider declaring the property as nullable. [/home/ubuntu/PROGRAMA-BETA/src/FiveMTool.csproj]
/home/ubuntu/PROGRAMA-BETA/src/External/CodeWalker.Core/GameFiles/MetaTypes/MetaTypes.cs(5726,16): warning CS8618: Non-nullable property 'InteriorNames' must contain a non-null value when exiting constructor. Consider declaring the property as nullable. [/home/ubuntu/PROGRAMA-BETA/src/FiveMTool.csproj]
/home/ubuntu/PROGRAMA-BETA/src/External/CodeWalker.Core/GameFiles/MetaTypes/MetaTypes.cs(5726,16): warning CS8618: Non-nullable property 'RequiredIMapNames' must contain a non-null value when exiting constructor. Consider declaring the property as nullable. [/home/ubuntu/PROGRAMA-BETA/src/FiveMTool.csproj]
/home/ubuntu/PROGRAMA-BETA/src/External/CodeWalker.Core/GameFiles/MetaTypes/MetaTypes.cs(4528,16): warning CS8618: Non-nullable property 'Parent' must contain a non-null value when exiting constructor. Consider declaring the property as nullable. [/home/ubuntu/PROGRAMA-BETA/src/FiveMTool.csproj]
/home/ubuntu/PROGRAMA-BETA/src/External/CodeWalker.Core/GameFiles/MetaTypes/MetaTypes.cs(4528,16): warning CS8618: Non-nullable property 'LoadSavePoints' must contain a non-null value when exiting constructor. Consider declaring the property as nullable. [/home/ubuntu/PROGRAMA-BETA/src/FiveMTool.csproj]
/home/ubuntu/PROGRAMA-BETA/src/External/CodeWalker.Core/GameFiles/MetaTypes/MetaTypes.cs(4528,16): warning CS8618: Non-nullable property 'MyPoints' must contain a non-null value when exiting constructor. Consider declaring the property as nullable. [/home/ubuntu/PROGRAMA-BETA/src/FiveMTool.csproj]
/home/ubuntu/PROGRAMA-BETA/src/External/CodeWalker.Core/GameFiles/MetaTypes/MetaTypes.cs(4532,16): warning CS8618: Non-nullable property 'Parent' must contain a non-null value when exiting constructor. Consider declaring the property as nullable. [/home/ubuntu/PROGRAMA-BETA/src/FiveMTool.csproj]
/home/ubuntu/PROGRAMA-BETA/src/External/CodeWalker.Core/GameFiles/MetaTypes/MetaTypes.cs(4532,16): warning CS8618: Non-nullable property 'LoadSavePoints' must contain a non-null value when exiting constructor. Consider declaring the property as nullable. [/home/ubuntu/PROGRAMA-BETA/src/FiveMTool.csproj]
/home/ubuntu/PROGRAMA-BETA/src/External/CodeWalker.Core/GameFiles/MetaTypes/MetaTypes.cs(4532,16): warning CS8618: Non-nullable property 'MyPoints' must contain a non-null value when exiting constructor. Consider declaring the property as nullable. [/home/ubuntu/PROGRAMA-BETA/src/FiveMTool.csproj]
/home/ubuntu/PROGRAMA-BETA/src/External/CodeWalker.Core/GameFiles/MetaTypes/MetaTypes.cs(5730,16): warning CS8618: Non-nullable property 'TypeNames' must contain a non-null value when exiting constructor. Consider declaring the property as nullable. [/home/ubuntu/PROGRAMA-BETA/src/FiveMTool.csproj]
/home/ubuntu/PROGRAMA-BETA/src/External/CodeWalker.Core/GameFiles/MetaTypes/MetaTypes.cs(5730,16): warning CS8618: Non-nullable property 'PedModelSetNames' must contain a non-null value when exiting constructor. Consider declaring the property as nullable. [/home/ubuntu/PROGRAMA-BETA/src/FiveMTool.csproj]
/home/ubuntu/PROGRAMA-BETA/src/External/CodeWalker.Core/GameFiles/MetaTypes/MetaTypes.cs(5730,16): warning CS8618: Non-nullable property 'VehicleModelSetNames' must contain a non-null value when exiting constructor. Consider declaring the property as nullable. [/home/ubuntu/PROGRAMA-BETA/src/FiveMTool.csproj]
/home/ubuntu/PROGRAMA-BETA/src/External/CodeWalker.Core/GameFiles/MetaTypes/MetaTypes.cs(5730,16): warning CS8618: Non-nullable property 'GroupNames' must contain a non-null value when exiting constructor. Consider declaring the property as nullable. [/home/ubuntu/PROGRAMA-BETA/src/FiveMTool.csproj]
/home/ubuntu/PROGRAMA-BETA/src/External/CodeWalker.Core/GameFiles/MetaTypes/MetaTypes.cs(5730,16): warning CS8618: Non-nullable property 'InteriorNames' must contain a non-null value when exiting constructor. Consider declaring the property as nullable. [/home/ubuntu/PROGRAMA-BETA/src/FiveMTool.csproj]
/home/ubuntu/PROGRAMA-BETA/src/External/CodeWalker.Core/GameFiles/MetaTypes/MetaTypes.cs(5730,16): warning CS8618: Non-nullable property 'RequiredIMapNames' must contain a non-null value when exiting constructor. Consider declaring the property as nullable. [/home/ubuntu/PROGRAMA-BETA/src/FiveMTool.csproj]
/home/ubuntu/PROGRAMA-BETA/src/External/CodeWalker.Core/GameFiles/MetaTypes/MetaTypes.cs(4872,16): warning CS8618: Non-nullable property 'Parent' must contain a non-null value when exiting constructor. Consider declaring the property as nullable. [/home/ubuntu/PROGRAMA-BETA/src/FiveMTool.csproj]
/home/ubuntu/PROGRAMA-BETA/src/External/CodeWalker.Core/GameFiles/MetaTypes/MetaTypes.cs(4872,16): warning CS8618: Non-nullable property 'Region' must contain a non-null value when exiting constructor. Consider declaring the property as nullable. [/home/ubuntu/PROGRAMA-BETA/src/FiveMTool.csproj]
/home/ubuntu/PROGRAMA-BETA/src/External/CodeWalker.Core/GameFiles/MetaTypes/MetaTypes.cs(4872,16): warning CS8618: Non-nullable property 'ScenarioPoints' must contain a non-null value when exiting constructor. Consider declaring the property as nullable. [/home/ubuntu/PROGRAMA-BETA/src/FiveMTool.csproj]
/home/ubuntu/PROGRAMA-BETA/src/External/CodeWalker.Core/GameFiles/MetaTypes/MetaTypes.cs(4873,16): warning CS8618: Non-nullable property 'Parent' must contain a non-null value when exiting constructor. Consider declaring the property as nullable. [/home/ubuntu/PROGRAMA-BETA/src/FiveMTool.csproj]
/home/ubuntu/PROGRAMA-BETA/src/External/CodeWalker.Core/GameFiles/MetaTypes/MetaTypes.cs(4873,16): warning CS8618: Non-nullable property 'ScenarioPoints' must contain a non-null value when exiting constructor. Consider declaring the property as nullable. [/home/ubuntu/PROGRAMA-BETA/src/FiveMTool.csproj]
/home/ubuntu/PROGRAMA-BETA/src/External/CodeWalker.Core/GameFiles/MetaTypes/MetaTypes.cs(4881,16): warning CS8618: Non-nullable property 'Parent' must contain a non-null value when exiting constructor. Consider declaring the property as nullable. [/home/ubuntu/PROGRAMA-BETA/src/FiveMTool.csproj]
/home/ubuntu/PROGRAMA-BETA/src/External/CodeWalker.Core/GameFiles/MetaTypes/MetaTypes.cs(4881,16): warning CS8618: Non-nullable property 'ScenarioPoints' must contain a non-null value when exiting constructor. Consider declaring the property as nullable. [/home/ubuntu/PROGRAMA-BETA/src/FiveMTool.csproj]
/home/ubuntu/PROGRAMA-BETA/src/External/CodeWalker.Core/GameFiles/MetaTypes/MetaTypes.cs(4578,82): warning CS8603: Possible null reference return. [/home/ubuntu/PROGRAMA-BETA/src/FiveMTool.csproj]
/home/ubuntu/PROGRAMA-BETA/src/External/CodeWalker.Core/GameFiles/MetaTypes/MetaTypes.cs(6106,69): warning CS8603: Possible null reference return. [/home/ubuntu/PROGRAMA-BETA/src/FiveMTool.csproj]
/home/ubuntu/PROGRAMA-BETA/src/External/CodeWalker.Core/GameFiles/MetaTypes/MetaTypes.cs(6107,50): warning CS8603: Possible null reference return. [/home/ubuntu/PROGRAMA-BETA/src/FiveMTool.csproj]
/home/ubuntu/PROGRAMA-BETA/src/External/CodeWalker.Core/GameFiles/MetaTypes/MetaTypes.cs(6109,56): warning CS8603: Possible null reference return. [/home/ubuntu/PROGRAMA-BETA/src/FiveMTool.csproj]
/home/ubuntu/PROGRAMA-BETA/src/External/CodeWalker.Core/GameFiles/MetaTypes/MetaTypes.cs(6110,20): warning CS8602: Dereference of a possibly null reference. [/home/ubuntu/PROGRAMA-BETA/src/FiveMTool.csproj]
/home/ubuntu/PROGRAMA-BETA/src/External/CodeWalker.Core/GameFiles/MetaTypes/MetaTypes.cs(6014,23): warning CS8618: Non-nullable property 'ComponentIndices' must contain a non-null value when exiting constructor. Consider declaring the property as nullable. [/home/ubuntu/PROGRAMA-BETA/src/FiveMTool.csproj]
/home/ubuntu/PROGRAMA-BETA/src/External/CodeWalker.Core/GameFiles/MetaTypes/MetaTypes.cs(6015,36): warning CS8618: Non-nullable property 'ComponentData3' must contain a non-null value when exiting constructor. Consider declaring the property as nullable. [/home/ubuntu/PROGRAMA-BETA/src/FiveMTool.csproj]
/home/ubuntu/PROGRAMA-BETA/src/External/CodeWalker.Core/GameFiles/MetaTypes/MetaTypes.cs(6016,36): warning CS8618: Non-nullable property 'SelectionSets' must contain a non-null value when exiting constructor. Consider declaring the property as nullable. [/home/ubuntu/PROGRAMA-BETA/src/FiveMTool.csproj]
/home/ubuntu/PROGRAMA-BETA/src/External/CodeWalker.Core/GameFiles/MetaTypes/MetaTypes.cs(6017,34): warning CS8618: Non-nullable property 'CompInfos' must contain a non-null value when exiting constructor. Consider declaring the property as nullable. [/home/ubuntu/PROGRAMA-BETA/src/FiveMTool.csproj]
/home/ubuntu/PROGRAMA-BETA/src/External/CodeWalker.Core/GameFiles/MetaTypes/MetaTypes.cs(6018,30): warning CS8618: Non-nullable property 'PropInfo' must contain a non-null value when exiting constructor. Consider declaring the property as nullable. [/home/ubuntu/PROGRAMA-BETA/src/FiveMTool.csproj]
/home/ubuntu/PROGRAMA-BETA/src/External/CodeWalker.Core/GameFiles/MetaTypes/MetaTypes.cs(4588,70): warning CS8603: Possible null reference return. [/home/ubuntu/PROGRAMA-BETA/src/FiveMTool.csproj]
/home/ubuntu/PROGRAMA-BETA/src/External/CodeWalker.Core/GameFiles/MetaTypes/MetaTypes.cs(3975,16): warning CS8618: Non-nullable property 'OwnerName' must contain a non-null value when exiting constructor. Consider declaring the property as nullable. [/home/ubuntu/PROGRAMA-BETA/src/FiveMTool.csproj]
/home/ubuntu/PROGRAMA-BETA/src/External/CodeWalker.Core/GameFiles/MetaTypes/MetaTypes.cs(5477,16): warning CS8618: Non-nullable property 'Edges' must contain a non-null value when exiting constructor. Consider declaring the property as nullable. [/home/ubuntu/PROGRAMA-BETA/src/FiveMTool.csproj]
/home/ubuntu/PROGRAMA-BETA/src/External/CodeWalker.Core/GameFiles/MetaTypes/MetaXml.cs(1848,41): warning CS8604: Possible null reference argument for parameter 'rs' in 'void RbfXml.WriteNode(StringBuilder sb, int indent, RbfStructure rs)'. [/home/ubuntu/PROGRAMA-BETA/src/FiveMTool.csproj]
/home/ubuntu/PROGRAMA-BETA/src/External/CodeWalker.Core/GameFiles/MetaTypes/MetaXml.cs(1863,46): warning CS8602: Dereference of a possibly null reference. [/home/ubuntu/PROGRAMA-BETA/src/FiveMTool.csproj]
/home/ubuntu/PROGRAMA-BETA/src/External/CodeWalker.Core/GameFiles/MetaTypes/MetaTypes.cs(4965,82): warning CS8603: Possible null reference return. [/home/ubuntu/PROGRAMA-BETA/src/FiveMTool.csproj]
/home/ubuntu/PROGRAMA-BETA/src/External/CodeWalker.Core/GameFiles/MetaTypes/MetaXml.cs(217,34): warning CS8604: Possible null reference argument for parameter 'rel' in 'string RelXml.GetXml(RelFile rel)'. [/home/ubuntu/PROGRAMA-BETA/src/FiveMTool.csproj]
/home/ubuntu/PROGRAMA-BETA/src/External/CodeWalker.Core/GameFiles/MetaTypes/MetaTypes.cs(5086,64): warning CS8603: Possible null reference return. [/home/ubuntu/PROGRAMA-BETA/src/FiveMTool.csproj]
/home/ubuntu/PROGRAMA-BETA/src/External/CodeWalker.Core/GameFiles/MetaTypes/MetaXml.cs(223,34): warning CS8604: Possible null reference argument for parameter 'ynd' in 'string YndXml.GetXml(YndFile ynd)'. [/home/ubuntu/PROGRAMA-BETA/src/FiveMTool.csproj]
/home/ubuntu/PROGRAMA-BETA/src/External/CodeWalker.Core/GameFiles/MetaTypes/MetaXml.cs(229,34): warning CS8604: Possible null reference argument for parameter 'ynv' in 'string YnvXml.GetXml(YnvFile ynv)'. [/home/ubuntu/PROGRAMA-BETA/src/FiveMTool.csproj]
/home/ubuntu/PROGRAMA-BETA/src/External/CodeWalker.Core/GameFiles/MetaTypes/MetaTypes.cs(5096,64): warning CS8603: Possible null reference return. [/home/ubuntu/PROGRAMA-BETA/src/FiveMTool.csproj]
/home/ubuntu/PROGRAMA-BETA/src/External/CodeWalker.Core/GameFiles/MetaTypes/MetaXml.cs(235,34): warning CS8604: Possible null reference argument for parameter 'ycd' in 'string YcdXml.GetXml(YcdFile ycd)'. [/home/ubuntu/PROGRAMA-BETA/src/FiveMTool.csproj]
/home/ubuntu/PROGRAMA-BETA/src/External/CodeWalker.Core/GameFiles/MetaTypes/MetaTypes.cs(5106,66): warning CS8603: Possible null reference return. [/home/ubuntu/PROGRAMA-BETA/src/FiveMTool.csproj]
/home/ubuntu/PROGRAMA-BETA/src/External/CodeWalker.Core/GameFiles/MetaTypes/MetaXml.cs(241,34): warning CS8604: Possible null reference argument for parameter 'ybn' in 'string YbnXml.GetXml(YbnFile ybn)'. [/home/ubuntu/PROGRAMA-BETA/src/FiveMTool.csproj]
/home/ubuntu/PROGRAMA-BETA/src/External/CodeWalker.Core/GameFiles/MetaTypes/MetaXml.cs(247,34): warning CS8604: Possible null reference argument for parameter 'ytd' in 'string YtdXml.GetXml(YtdFile ytd, string outputFolder = "")'. [/home/ubuntu/PROGRAMA-BETA/src/FiveMTool.csproj]
/home/ubuntu/PROGRAMA-BETA/src/External/CodeWalker.Core/GameFiles/MetaTypes/MetaXml.cs(253,34): warning CS8604: Possible null reference argument for parameter 'ydr' in 'string YdrXml.GetXml(YdrFile ydr, string outputFolder = "")'. [/home/ubuntu/PROGRAMA-BETA/src/FiveMTool.csproj]
/home/ubuntu/PROGRAMA-BETA/src/External/CodeWalker.Core/GameFiles/MetaTypes/MetaTypes.cs(5194,39): warning CS8602: Dereference of a possibly null reference. [/home/ubuntu/PROGRAMA-BETA/src/FiveMTool.csproj]
/home/ubuntu/PROGRAMA-BETA/src/External/CodeWalker.Core/GameFiles/MetaTypes/MetaTypes.cs(4772,16): warning CS8618: Non-nullable property 'Container' must contain a non-null value when exiting constructor. Consider declaring the property as nullable. [/home/ubuntu/PROGRAMA-BETA/src/FiveMTool.csproj]
/home/ubuntu/PROGRAMA-BETA/src/External/CodeWalker.Core/GameFiles/MetaTypes/MetaTypes.cs(4772,16): warning CS8618: Non-nullable property 'Type' must contain a non-null value when exiting constructor. Consider declaring the property as nullable. [/home/ubuntu/PROGRAMA-BETA/src/FiveMTool.csproj]
/home/ubuntu/PROGRAMA-BETA/src/External/CodeWalker.Core/GameFiles/MetaTypes/MetaTypes.cs(4772,16): warning CS8618: Non-nullable property 'ModelSet' must contain a non-null value when exiting constructor. Consider declaring the property as nullable. [/home/ubuntu/PROGRAMA-BETA/src/FiveMTool.csproj]
/home/ubuntu/PROGRAMA-BETA/src/External/CodeWalker.Core/GameFiles/MetaTypes/MetaTypes.cs(4773,16): warning CS8618: Non-nullable property 'Type' must contain a non-null value when exiting constructor. Consider declaring the property as nullable. [/home/ubuntu/PROGRAMA-BETA/src/FiveMTool.csproj]
/home/ubuntu/PROGRAMA-BETA/src/External/CodeWalker.Core/GameFiles/MetaTypes/MetaTypes.cs(4773,16): warning CS8618: Non-nullable property 'ModelSet' must contain a non-null value when exiting constructor. Consider declaring the property as nullable. [/home/ubuntu/PROGRAMA-BETA/src/FiveMTool.csproj]
/home/ubuntu/PROGRAMA-BETA/src/External/CodeWalker.Core/GameFiles/MetaTypes/MetaXml.cs(259,34): warning CS8604: Possible null reference argument for parameter 'ydd' in 'string YddXml.GetXml(YddFile ydd, string outputFolder = "")'. [/home/ubuntu/PROGRAMA-BETA/src/FiveMTool.csproj]
/home/ubuntu/PROGRAMA-BETA/src/External/CodeWalker.Core/GameFiles/MetaTypes/MetaTypes.cs(4779,16): warning CS8618: Non-nullable property 'Container' must contain a non-null value when exiting constructor. Consider declaring the property as nullable. [/home/ubuntu/PROGRAMA-BETA/src/FiveMTool.csproj]
/home/ubuntu/PROGRAMA-BETA/src/External/CodeWalker.Core/GameFiles/MetaTypes/MetaTypes.cs(4779,16): warning CS8618: Non-nullable property 'Type' must contain a non-null value when exiting constructor. Consider declaring the property as nullable. [/home/ubuntu/PROGRAMA-BETA/src/FiveMTool.csproj]
/home/ubuntu/PROGRAMA-BETA/src/External/CodeWalker.Core/GameFiles/MetaTypes/MetaTypes.cs(4779,16): warning CS8618: Non-nullable property 'ModelSet' must contain a non-null value when exiting constructor. Consider declaring the property as nullable. [/home/ubuntu/PROGRAMA-BETA/src/FiveMTool.csproj]
/home/ubuntu/PROGRAMA-BETA/src/External/CodeWalker.Core/GameFiles/MetaTypes/MetaXml.cs(265,34): warning CS8604: Possible null reference argument for parameter 'yft' in 'string YftXml.GetXml(YftFile yft, string outputFolder = "")'. [/home/ubuntu/PROGRAMA-BETA/src/FiveMTool.csproj]
/home/ubuntu/PROGRAMA-BETA/src/External/CodeWalker.Core/GameFiles/MetaTypes/MetaXml.cs(271,34): warning CS8604: Possible null reference argument for parameter 'ypt' in 'string YptXml.GetXml(YptFile ypt, string outputFolder = "")'. [/home/ubuntu/PROGRAMA-BETA/src/FiveMTool.csproj]
/home/ubuntu/PROGRAMA-BETA/src/External/CodeWalker.Core/GameFiles/MetaTypes/MetaXml.cs(277,34): warning CS8604: Possible null reference argument for parameter 'yld' in 'string YldXml.GetXml(YldFile yld, string outputFolder = "")'. [/home/ubuntu/PROGRAMA-BETA/src/FiveMTool.csproj]
/home/ubuntu/PROGRAMA-BETA/src/External/CodeWalker.Core/GameFiles/MetaTypes/MetaXml.cs(283,34): warning CS8604: Possible null reference argument for parameter 'yed' in 'string YedXml.GetXml(YedFile yed, string outputFolder = "")'. [/home/ubuntu/PROGRAMA-BETA/src/FiveMTool.csproj]
/home/ubuntu/PROGRAMA-BETA/src/External/CodeWalker.Core/GameFiles/MetaTypes/MetaXml.cs(289,34): warning CS8604: Possible null reference argument for parameter 'ywr' in 'string YwrXml.GetXml(YwrFile ywr)'. [/home/ubuntu/PROGRAMA-BETA/src/FiveMTool.csproj]
/home/ubuntu/PROGRAMA-BETA/src/External/CodeWalker.Core/GameFiles/MetaTypes/MetaXml.cs(295,34): warning CS8604: Possible null reference argument for parameter 'yvr' in 'string YvrXml.GetXml(YvrFile yvr)'. [/home/ubuntu/PROGRAMA-BETA/src/FiveMTool.csproj]
/home/ubuntu/PROGRAMA-BETA/src/External/CodeWalker.Core/GameFiles/MetaTypes/MetaXml.cs(301,35): warning CS8604: Possible null reference argument for parameter 'ypdb' in 'string YpdbXml.GetXml(YpdbFile ypdb)'. [/home/ubuntu/PROGRAMA-BETA/src/FiveMTool.csproj]
/home/ubuntu/PROGRAMA-BETA/src/External/CodeWalker.Core/GameFiles/MetaTypes/MetaXml.cs(307,34): warning CS8604: Possible null reference argument for parameter 'yfd' in 'string YfdXml.GetXml(YfdFile yfd)'. [/home/ubuntu/PROGRAMA-BETA/src/FiveMTool.csproj]
/home/ubuntu/PROGRAMA-BETA/src/External/CodeWalker.Core/GameFiles/MetaTypes/MetaXml.cs(313,34): warning CS8604: Possible null reference argument for parameter 'awc' in 'string AwcXml.GetXml(AwcFile awc, string outputFolder = "")'. [/home/ubuntu/PROGRAMA-BETA/src/FiveMTool.csproj]
/home/ubuntu/PROGRAMA-BETA/src/External/CodeWalker.Core/GameFiles/MetaTypes/MetaXml.cs(319,34): warning CS8604: Possible null reference argument for parameter 'fxc' in 'string FxcXml.GetXml(FxcFile fxc, string outputFolder = "")'. [/home/ubuntu/PROGRAMA-BETA/src/FiveMTool.csproj]
/home/ubuntu/PROGRAMA-BETA/src/External/CodeWalker.Core/GameFiles/MetaTypes/MetaXml.cs(325,39): warning CS8604: Possible null reference argument for parameter 'cdf' in 'string CacheDatXml.GetXml(CacheDatFile cdf)'. [/home/ubuntu/PROGRAMA-BETA/src/FiveMTool.csproj]
/home/ubuntu/PROGRAMA-BETA/src/External/CodeWalker.Core/GameFiles/MetaTypes/MetaXml.cs(331,35): warning CS8604: Possible null reference argument for parameter 'hmf' in 'string HmapXml.GetXml(HeightmapFile hmf)'. [/home/ubuntu/PROGRAMA-BETA/src/FiveMTool.csproj]
/home/ubuntu/PROGRAMA-BETA/src/External/CodeWalker.Core/GameFiles/MetaTypes/MetaXml.cs(337,34): warning CS8604: Possible null reference argument for parameter 'mrf' in 'string MrfXml.GetXml(MrfFile mrf)'. [/home/ubuntu/PROGRAMA-BETA/src/FiveMTool.csproj]
/home/ubuntu/PROGRAMA-BETA/src/External/CodeWalker.Core/GameFiles/MetaTypes/MetaTypes.cs(3693,16): warning CS8618: Non-nullable property 'Parent' must contain a non-null value when exiting constructor. Consider declaring the property as nullable. [/home/ubuntu/PROGRAMA-BETA/src/FiveMTool.csproj]
/home/ubuntu/PROGRAMA-BETA/src/External/CodeWalker.Core/GameFiles/MetaTypes/MetaTypes.cs(3693,16): warning CS8618: Non-nullable property 'ScenarioRegion' must contain a non-null value when exiting constructor. Consider declaring the property as nullable. [/home/ubuntu/PROGRAMA-BETA/src/FiveMTool.csproj]
/home/ubuntu/PROGRAMA-BETA/src/External/CodeWalker.Core/GameFiles/MetaTypes/MetaTypes.cs(3700,16): warning CS8618: Non-nullable property 'Parent' must contain a non-null value when exiting constructor. Consider declaring the property as nullable. [/home/ubuntu/PROGRAMA-BETA/src/FiveMTool.csproj]
/home/ubuntu/PROGRAMA-BETA/src/External/CodeWalker.Core/GameFiles/MetaTypes/MetaXml.cs(973,49): warning CS8600: Converting null literal or possible null value to non-nullable type. [/home/ubuntu/PROGRAMA-BETA/src/FiveMTool.csproj]
/home/ubuntu/PROGRAMA-BETA/src/External/CodeWalker.Core/GameFiles/MetaTypes/MetaTypes.cs(4131,24): warning CS8618: Non-nullable property 'Ymt' must contain a non-null value when exiting constructor. Consider declaring the property as nullable. [/home/ubuntu/PROGRAMA-BETA/src/FiveMTool.csproj]
/home/ubuntu/PROGRAMA-BETA/src/External/CodeWalker.Core/GameFiles/MetaTypes/MetaTypes.cs(4136,41): warning CS8618: Non-nullable property 'Points' must contain a non-null value when exiting constructor. Consider declaring the property as nullable. [/home/ubuntu/PROGRAMA-BETA/src/FiveMTool.csproj]
/home/ubuntu/PROGRAMA-BETA/src/External/CodeWalker.Core/GameFiles/MetaTypes/MetaTypes.cs(4137,43): warning CS8618: Non-nullable property 'EntityOverrides' must contain a non-null value when exiting constructor. Consider declaring the property as nullable. [/home/ubuntu/PROGRAMA-BETA/src/FiveMTool.csproj]
/home/ubuntu/PROGRAMA-BETA/src/External/CodeWalker.Core/GameFiles/MetaTypes/MetaTypes.cs(4138,40): warning CS8618: Non-nullable property 'Paths' must contain a non-null value when exiting constructor. Consider declaring the property as nullable. [/home/ubuntu/PROGRAMA-BETA/src/FiveMTool.csproj]
/home/ubuntu/PROGRAMA-BETA/src/External/CodeWalker.Core/GameFiles/MetaTypes/MetaTypes.cs(4139,25): warning CS8618: Non-nullable property 'Unk_3844724227' must contain a non-null value when exiting constructor. Consider declaring the property as nullable. [/home/ubuntu/PROGRAMA-BETA/src/FiveMTool.csproj]
/home/ubuntu/PROGRAMA-BETA/src/External/CodeWalker.Core/GameFiles/MetaTypes/MetaTypes.cs(4140,41): warning CS8618: Non-nullable property 'Clusters' must contain a non-null value when exiting constructor. Consider declaring the property as nullable. [/home/ubuntu/PROGRAMA-BETA/src/FiveMTool.csproj]
/home/ubuntu/PROGRAMA-BETA/src/External/CodeWalker.Core/GameFiles/MetaTypes/MetaTypes.cs(4141,39): warning CS8618: Non-nullable property 'LookUps' must contain a non-null value when exiting constructor. Consider declaring the property as nullable. [/home/ubuntu/PROGRAMA-BETA/src/FiveMTool.csproj]
/home/ubuntu/PROGRAMA-BETA/src/External/CodeWalker.Core/GameFiles/MetaTypes/MetaXml.cs(1358,33): warning CS8602: Dereference of a possibly null reference. [/home/ubuntu/PROGRAMA-BETA/src/FiveMTool.csproj]
/home/ubuntu/PROGRAMA-BETA/src/External/CodeWalker.Core/GameFiles/MetaTypes/MetaXml.cs(1359,33): warning CS8602: Dereference of a possibly null reference. [/home/ubuntu/PROGRAMA-BETA/src/FiveMTool.csproj]
/home/ubuntu/PROGRAMA-BETA/src/External/CodeWalker.Core/GameFiles/MetaTypes/MetaXml.cs(1361,54): warning CS8604: Possible null reference argument for parameter 'arr' in 'void MetaXmlBase.WriteStringItemArray(StringBuilder sb, string[] arr, int ind, string name)'. [/home/ubuntu/PROGRAMA-BETA/src/FiveMTool.csproj]
/home/ubuntu/PROGRAMA-BETA/src/External/CodeWalker.Core/GameFiles/MetaTypes/MetaXml.cs(1371,33): warning CS8602: Dereference of a possibly null reference. [/home/ubuntu/PROGRAMA-BETA/src/FiveMTool.csproj]
/home/ubuntu/PROGRAMA-BETA/src/External/CodeWalker.Core/GameFiles/MetaTypes/MetaXml.cs(1372,33): warning CS8602: Dereference of a possibly null reference. [/home/ubuntu/PROGRAMA-BETA/src/FiveMTool.csproj]
/home/ubuntu/PROGRAMA-BETA/src/External/CodeWalker.Core/GameFiles/MetaTypes/MetaXml.cs(1374,54): warning CS8604: Possible null reference argument for parameter 'arr' in 'void MetaXmlBase.WriteStringItemArray(StringBuilder sb, string[] arr, int ind, string name)'. [/home/ubuntu/PROGRAMA-BETA/src/FiveMTool.csproj]
/home/ubuntu/PROGRAMA-BETA/src/External/CodeWalker.Core/GameFiles/MetaTypes/MetaXml.cs(614,39): warning CS8602: Dereference of a possibly null reference. [/home/ubuntu/PROGRAMA-BETA/src/FiveMTool.csproj]
/home/ubuntu/PROGRAMA-BETA/src/External/CodeWalker.Core/GameFiles/MetaTypes/MetaXml.cs(1518,65): warning CS8602: Dereference of a possibly null reference. [/home/ubuntu/PROGRAMA-BETA/src/FiveMTool.csproj]
/home/ubuntu/PROGRAMA-BETA/src/External/CodeWalker.Core/GameFiles/MetaTypes/MetaXml.cs(1639,28): warning CS8603: Possible null reference return. [/home/ubuntu/PROGRAMA-BETA/src/FiveMTool.csproj]
/home/ubuntu/PROGRAMA-BETA/src/External/CodeWalker.Core/GameFiles/MetaTypes/MetaXml.cs(824,39): warning CS8600: Converting null literal or possible null value to non-nullable type. [/home/ubuntu/PROGRAMA-BETA/src/FiveMTool.csproj]
/home/ubuntu/PROGRAMA-BETA/src/External/CodeWalker.Core/GameFiles/MetaTypes/MetaXml.cs(825,51): warning CS8600: Converting null literal or possible null value to non-nullable type. [/home/ubuntu/PROGRAMA-BETA/src/FiveMTool.csproj]
/home/ubuntu/PROGRAMA-BETA/src/External/CodeWalker.Core/GameFiles/MetaTypes/MetaXml.cs(826,24): warning CS8603: Possible null reference return. [/home/ubuntu/PROGRAMA-BETA/src/FiveMTool.csproj]
/home/ubuntu/PROGRAMA-BETA/src/External/CodeWalker.Core/GameFiles/MetaTypes/MetaXml.cs(830,34): warning CS8600: Converting null literal or possible null value to non-nullable type. [/home/ubuntu/PROGRAMA-BETA/src/FiveMTool.csproj]
/home/ubuntu/PROGRAMA-BETA/src/External/CodeWalker.Core/GameFiles/MetaTypes/MetaXml.cs(831,49): warning CS8600: Converting null literal or possible null value to non-nullable type. [/home/ubuntu/PROGRAMA-BETA/src/FiveMTool.csproj]
/home/ubuntu/PROGRAMA-BETA/src/External/CodeWalker.Core/GameFiles/MetaTypes/MetaXml.cs(832,24): warning CS8603: Possible null reference return. [/home/ubuntu/PROGRAMA-BETA/src/FiveMTool.csproj]
/home/ubuntu/PROGRAMA-BETA/src/External/CodeWalker.Core/GameFiles/MetaTypes/MetaXml.cs(1721,38): warning CS8600: Converting null literal or possible null value to non-nullable type. [/home/ubuntu/PROGRAMA-BETA/src/FiveMTool.csproj]
/home/ubuntu/PROGRAMA-BETA/src/External/CodeWalker.Core/GameFiles/MetaTypes/MetaXml.cs(1722,50): warning CS8600: Converting null literal or possible null value to non-nullable type. [/home/ubuntu/PROGRAMA-BETA/src/FiveMTool.csproj]
/home/ubuntu/PROGRAMA-BETA/src/External/CodeWalker.Core/GameFiles/MetaTypes/MetaXml.cs(1723,24): warning CS8603: Possible null reference return. [/home/ubuntu/PROGRAMA-BETA/src/FiveMTool.csproj]
/home/ubuntu/PROGRAMA-BETA/src/External/CodeWalker.Core/GameFiles/MetaTypes/MetaXml.cs(1727,33): warning CS8600: Converting null literal or possible null value to non-nullable type. [/home/ubuntu/PROGRAMA-BETA/src/FiveMTool.csproj]
/home/ubuntu/PROGRAMA-BETA/src/External/CodeWalker.Core/GameFiles/MetaTypes/MetaXml.cs(1728,48): warning CS8600: Converting null literal or possible null value to non-nullable type. [/home/ubuntu/PROGRAMA-BETA/src/FiveMTool.csproj]
/home/ubuntu/PROGRAMA-BETA/src/External/CodeWalker.Core/GameFiles/MetaTypes/MetaXml.cs(1729,24): warning CS8603: Possible null reference return. [/home/ubuntu/PROGRAMA-BETA/src/FiveMTool.csproj]
/home/ubuntu/PROGRAMA-BETA/src/External/CodeWalker.Core/GameFiles/MetaTypes/PsoTypes.cs(14279,28): warning CS8603: Possible null reference return. [/home/ubuntu/PROGRAMA-BETA/src/FiveMTool.csproj]
/home/ubuntu/PROGRAMA-BETA/src/External/CodeWalker.Core/GameFiles/MetaTypes/PsoTypes.cs(15797,28): warning CS8603: Possible null reference return. [/home/ubuntu/PROGRAMA-BETA/src/FiveMTool.csproj]
/home/ubuntu/PROGRAMA-BETA/src/External/CodeWalker.Core/GameFiles/MetaTypes/PsoTypes.cs(15888,20): warning CS8603: Possible null reference return. [/home/ubuntu/PROGRAMA-BETA/src/FiveMTool.csproj]
/home/ubuntu/PROGRAMA-BETA/src/External/CodeWalker.Core/GameFiles/MetaTypes/PsoTypes.cs(15903,24): warning CS8603: Possible null reference return. [/home/ubuntu/PROGRAMA-BETA/src/FiveMTool.csproj]
/home/ubuntu/PROGRAMA-BETA/src/External/CodeWalker.Core/GameFiles/MetaTypes/PsoTypes.cs(15905,20): warning CS8603: Possible null reference return. [/home/ubuntu/PROGRAMA-BETA/src/FiveMTool.csproj]
/home/ubuntu/PROGRAMA-BETA/src/External/CodeWalker.Core/GameFiles/MetaTypes/PsoTypes.cs(15915,24): warning CS8603: Possible null reference return. [/home/ubuntu/PROGRAMA-BETA/src/FiveMTool.csproj]
/home/ubuntu/PROGRAMA-BETA/src/External/CodeWalker.Core/GameFiles/MetaTypes/PsoTypes.cs(15926,39): warning CS8603: Possible null reference return. [/home/ubuntu/PROGRAMA-BETA/src/FiveMTool.csproj]
/home/ubuntu/PROGRAMA-BETA/src/External/CodeWalker.Core/GameFiles/MetaTypes/PsoTypes.cs(15937,39): warning CS8603: Possible null reference return. [/home/ubuntu/PROGRAMA-BETA/src/FiveMTool.csproj]
/home/ubuntu/PROGRAMA-BETA/src/External/CodeWalker.Core/GameFiles/MetaTypes/PsoTypes.cs(15955,24): warning CS8603: Possible null reference return. [/home/ubuntu/PROGRAMA-BETA/src/FiveMTool.csproj]
/home/ubuntu/PROGRAMA-BETA/src/External/CodeWalker.Core/GameFiles/MetaTypes/PsoTypes.cs(15966,40): warning CS8603: Possible null reference return. [/home/ubuntu/PROGRAMA-BETA/src/FiveMTool.csproj]
/home/ubuntu/PROGRAMA-BETA/src/External/CodeWalker.Core/GameFiles/MetaTypes/PsoTypes.cs(15984,24): warning CS8603: Possible null reference return. [/home/ubuntu/PROGRAMA-BETA/src/FiveMTool.csproj]
/home/ubuntu/PROGRAMA-BETA/src/External/CodeWalker.Core/GameFiles/MetaTypes/PsoTypes.cs(15995,41): warning CS8603: Possible null reference return. [/home/ubuntu/PROGRAMA-BETA/src/FiveMTool.csproj]
/home/ubuntu/PROGRAMA-BETA/src/External/CodeWalker.Core/GameFiles/MetaTypes/PsoTypes.cs(16011,39): warning CS8603: Possible null reference return. [/home/ubuntu/PROGRAMA-BETA/src/FiveMTool.csproj]
/home/ubuntu/PROGRAMA-BETA/src/External/CodeWalker.Core/GameFiles/MetaTypes/PsoTypes.cs(16012,43): warning CS8603: Possible null reference return. [/home/ubuntu/PROGRAMA-BETA/src/FiveMTool.csproj]
/home/ubuntu/PROGRAMA-BETA/src/External/CodeWalker.Core/GameFiles/MetaTypes/PsoTypes.cs(16029,39): warning CS8603: Possible null reference return. [/home/ubuntu/PROGRAMA-BETA/src/FiveMTool.csproj]
/home/ubuntu/PROGRAMA-BETA/src/External/CodeWalker.Core/GameFiles/MetaTypes/PsoTypes.cs(16033,20): warning CS8603: Possible null reference return. [/home/ubuntu/PROGRAMA-BETA/src/FiveMTool.csproj]
/home/ubuntu/PROGRAMA-BETA/src/External/CodeWalker.Core/GameFiles/MetaTypes/PsoTypes.cs(16044,36): warning CS8603: Possible null reference return. [/home/ubuntu/PROGRAMA-BETA/src/FiveMTool.csproj]
/home/ubuntu/PROGRAMA-BETA/src/External/CodeWalker.Core/GameFiles/MetaTypes/PsoTypes.cs(16052,22): warning CS8603: Possible null reference return. [/home/ubuntu/PROGRAMA-BETA/src/FiveMTool.csproj]
/home/ubuntu/PROGRAMA-BETA/src/External/CodeWalker.Core/GameFiles/MetaTypes/PsoTypes.cs(16066,20): warning CS8603: Possible null reference return. [/home/ubuntu/PROGRAMA-BETA/src/FiveMTool.csproj]
/home/ubuntu/PROGRAMA-BETA/src/External/CodeWalker.Core/GameFiles/MetaTypes/PsoTypes.cs(16073,36): warning CS8603: Possible null reference return. [/home/ubuntu/PROGRAMA-BETA/src/FiveMTool.csproj]
/home/ubuntu/PROGRAMA-BETA/src/External/CodeWalker.Core/GameFiles/MetaTypes/PsoTypes.cs(16075,38): warning CS8603: Possible null reference return. [/home/ubuntu/PROGRAMA-BETA/src/FiveMTool.csproj]
/home/ubuntu/PROGRAMA-BETA/src/External/CodeWalker.Core/GameFiles/MetaTypes/PsoTypes.cs(16077,22): warning CS8603: Possible null reference return. [/home/ubuntu/PROGRAMA-BETA/src/FiveMTool.csproj]
/home/ubuntu/PROGRAMA-BETA/src/External/CodeWalker.Core/GameFiles/MetaTypes/PsoTypes.cs(16106,41): warning CS8603: Possible null reference return. [/home/ubuntu/PROGRAMA-BETA/src/FiveMTool.csproj]
/home/ubuntu/PROGRAMA-BETA/src/External/CodeWalker.Core/GameFiles/MetaTypes/PsoTypes.cs(16113,22): warning CS8603: Possible null reference return. [/home/ubuntu/PROGRAMA-BETA/src/FiveMTool.csproj]
/home/ubuntu/PROGRAMA-BETA/src/External/CodeWalker.Core/GameFiles/MetaTypes/PsoTypes.cs(16125,22): warning CS8603: Possible null reference return. [/home/ubuntu/PROGRAMA-BETA/src/FiveMTool.csproj]
/home/ubuntu/PROGRAMA-BETA/src/External/CodeWalker.Core/GameFiles/MetaTypes/PsoTypes.cs(16129,22): warning CS8603: Possible null reference return. [/home/ubuntu/PROGRAMA-BETA/src/FiveMTool.csproj]
/home/ubuntu/PROGRAMA-BETA/src/External/CodeWalker.Core/GameFiles/MetaTypes/PsoTypes.cs(16149,22): warning CS8603: Possible null reference return. [/home/ubuntu/PROGRAMA-BETA/src/FiveMTool.csproj]
/home/ubuntu/PROGRAMA-BETA/src/External/CodeWalker.Core/GameFiles/MetaTypes/PsoTypes.cs(16161,22): warning CS8603: Possible null reference return. [/home/ubuntu/PROGRAMA-BETA/src/FiveMTool.csproj]
/home/ubuntu/PROGRAMA-BETA/src/RenderEngine/GizmoManager.cs(19,27): warning CS0414: The field 'GizmoManager._activeAxis' is assigned but its value is never used [/home/ubuntu/PROGRAMA-BETA/src/FiveMTool.csproj]
/home/ubuntu/PROGRAMA-BETA/src/UI/MainForm.cs(118,157): warning CA1416: This call site is reachable on all platforms. 'ContentAlignment.MiddleRight' is only supported on: 'windows'. [/home/ubuntu/PROGRAMA-BETA/src/FiveMTool.csproj]
/home/ubuntu/PROGRAMA-BETA/src/UI/MainForm.cs(90,105): error CS0117: 'ToolStrip' does not contain a definition for 'GutterStyle' [/home/ubuntu/PROGRAMA-BETA/src/FiveMTool.csproj]
/home/ubuntu/PROGRAMA-BETA/src/UI/MainForm.cs(90,119): error CS0103: The name 'ToolStripGutterStyle' does not exist in the current context [/home/ubuntu/PROGRAMA-BETA/src/FiveMTool.csproj]
/home/ubuntu/PROGRAMA-BETA/src/DataCore/GameDataCore.cs(57,48): error CS1503: Argument 1: cannot convert from 'CodeWalker.GameFiles.RpfEntry' to 'string' [/home/ubuntu/PROGRAMA-BETA/src/FiveMTool.csproj]
/home/ubuntu/PROGRAMA-BETA/src/DataCore/GameDataCore.cs(85,55): error CS1503: Argument 1: cannot convert from 'CodeWalker.GameFiles.RpfFileEntry' to 'string' [/home/ubuntu/PROGRAMA-BETA/src/FiveMTool.csproj]
/home/ubuntu/PROGRAMA-BETA/src/DataCore/GameDataCore.cs(100,55): error CS1503: Argument 1: cannot convert from 'CodeWalker.GameFiles.RpfFileEntry' to 'string' [/home/ubuntu/PROGRAMA-BETA/src/FiveMTool.csproj]
/home/ubuntu/PROGRAMA-BETA/src/DataCore/GameDataCore.cs(115,55): error CS1503: Argument 1: cannot convert from 'CodeWalker.GameFiles.RpfFileEntry' to 'string' [/home/ubuntu/PROGRAMA-BETA/src/FiveMTool.csproj]
/home/ubuntu/PROGRAMA-BETA/src/SceneSystem/PortalEditor.cs(22,28): error CS0029: Cannot implicitly convert type 'string' to 'int' [/home/ubuntu/PROGRAMA-BETA/src/FiveMTool.csproj]
/home/ubuntu/PROGRAMA-BETA/src/SceneSystem/PortalEditor.cs(23,26): error CS0029: Cannot implicitly convert type 'string' to 'int' [/home/ubuntu/PROGRAMA-BETA/src/FiveMTool.csproj]
/home/ubuntu/PROGRAMA-BETA/src/SceneSystem/PortalEditor.cs(24,28): error CS0029: Cannot implicitly convert type 'System.Numerics.Vector3[]' to 'System.Collections.Generic.List<System.Numerics.Vector3>' [/home/ubuntu/PROGRAMA-BETA/src/FiveMTool.csproj]
/home/ubuntu/PROGRAMA-BETA/src/SceneSystem/PortalEditor.cs(42,56): error CS1061: 'List<Vector3>' does not contain a definition for 'Length' and no accessible extension method 'Length' accepting a first argument of type 'List<Vector3>' could be found (are you missing a using directive or an assembly reference?) [/home/ubuntu/PROGRAMA-BETA/src/FiveMTool.csproj]
/home/ubuntu/PROGRAMA-BETA/src/RenderEngine/DX11RenderEngine.cs(150,17): error CS0104: 'Vector3' is an ambiguous reference between 'System.Numerics.Vector3' and 'SharpDX.Vector3' [/home/ubuntu/PROGRAMA-BETA/src/FiveMTool.csproj]
/home/ubuntu/PROGRAMA-BETA/src/RenderEngine/DX11RenderEngine.cs(150,50): error CS0104: 'Vector3' is an ambiguous reference between 'System.Numerics.Vector3' and 'SharpDX.Vector3' [/home/ubuntu/PROGRAMA-BETA/src/FiveMTool.csproj]
/home/ubuntu/PROGRAMA-BETA/src/RenderEngine/DX11RenderEngine.cs(151,17): error CS0104: 'Vector3' is an ambiguous reference between 'System.Numerics.Vector3' and 'SharpDX.Vector3' [/home/ubuntu/PROGRAMA-BETA/src/FiveMTool.csproj]
/home/ubuntu/PROGRAMA-BETA/src/RenderEngine/DX11RenderEngine.cs(151,50): error CS0104: 'Vector3' is an ambiguous reference between 'System.Numerics.Vector3' and 'SharpDX.Vector3' [/home/ubuntu/PROGRAMA-BETA/src/FiveMTool.csproj]
/home/ubuntu/PROGRAMA-BETA/src/External/CodeWalker.Core/World/Watermaps.cs(97,35): error CS0104: 'Color' is an ambiguous reference between 'System.Drawing.Color' and 'SharpDX.Color' [/home/ubuntu/PROGRAMA-BETA/src/FiveMTool.csproj]
/home/ubuntu/PROGRAMA-BETA/src/External/CodeWalker.Core/World/Watermaps.cs(206,38): error CS0121: The call is ambiguous between the following methods or properties: 'CodeWalker.Vectors.XYZ(SharpDX.Vector4)' and 'CodeWalker.Vectors.XYZ(SharpDX.Vector4)' [/home/ubuntu/PROGRAMA-BETA/src/FiveMTool.csproj]
/home/ubuntu/PROGRAMA-BETA/src/External/CodeWalker.Core/World/Watermaps.cs(206,49): error CS0121: The call is ambiguous between the following methods or properties: 'CodeWalker.Vectors.XYZ(SharpDX.Vector4)' and 'CodeWalker.Vectors.XYZ(SharpDX.Vector4)' [/home/ubuntu/PROGRAMA-BETA/src/FiveMTool.csproj]
/home/ubuntu/PROGRAMA-BETA/src/External/CodeWalker.Core/World/Watermaps.cs(214,42): error CS0121: The call is ambiguous between the following methods or properties: 'CodeWalker.Vectors.XYZ(SharpDX.Vector4)' and 'CodeWalker.Vectors.XYZ(SharpDX.Vector4)' [/home/ubuntu/PROGRAMA-BETA/src/FiveMTool.csproj]
/home/ubuntu/PROGRAMA-BETA/src/External/CodeWalker.Core/World/Watermaps.cs(215,42): error CS0121: The call is ambiguous between the following methods or properties: 'CodeWalker.Vectors.XYZ(SharpDX.Vector4)' and 'CodeWalker.Vectors.XYZ(SharpDX.Vector4)' [/home/ubuntu/PROGRAMA-BETA/src/FiveMTool.csproj]
/home/ubuntu/PROGRAMA-BETA/src/External/CodeWalker.Core/World/Watermaps.cs(216,42): error CS0121: The call is ambiguous between the following methods or properties: 'CodeWalker.Vectors.XYZ(SharpDX.Vector4)' and 'CodeWalker.Vectors.XYZ(SharpDX.Vector4)' [/home/ubuntu/PROGRAMA-BETA/src/FiveMTool.csproj]
/home/ubuntu/PROGRAMA-BETA/src/External/CodeWalker.Core/World/Watermaps.cs(217,42): error CS0121: The call is ambiguous between the following methods or properties: 'CodeWalker.Vectors.XYZ(SharpDX.Vector4)' and 'CodeWalker.Vectors.XYZ(SharpDX.Vector4)' [/home/ubuntu/PROGRAMA-BETA/src/FiveMTool.csproj]
/home/ubuntu/PROGRAMA-BETA/src/External/CodeWalker.Core/World/Watermaps.cs(218,50): error CS0121: The call is ambiguous between the following methods or properties: 'CodeWalker.Vectors.XYZ(SharpDX.Vector4)' and 'CodeWalker.Vectors.XYZ(SharpDX.Vector4)' [/home/ubuntu/PROGRAMA-BETA/src/FiveMTool.csproj]
/home/ubuntu/PROGRAMA-BETA/src/External/CodeWalker.Core/World/Watermaps.cs(219,51): error CS0121: The call is ambiguous between the following methods or properties: 'CodeWalker.Vectors.XYZ(SharpDX.Vector4)' and 'CodeWalker.Vectors.XYZ(SharpDX.Vector4)' [/home/ubuntu/PROGRAMA-BETA/src/FiveMTool.csproj]
/home/ubuntu/PROGRAMA-BETA/src/External/CodeWalker.Core/Utils/FbxConverter.cs(971,13): error CS0104: 'Color' is an ambiguous reference between 'System.Drawing.Color' and 'SharpDX.Color' [/home/ubuntu/PROGRAMA-BETA/src/FiveMTool.csproj]
/home/ubuntu/PROGRAMA-BETA/src/External/CodeWalker.Core/Utils/FbxConverter.cs(971,27): error CS0104: 'Color' is an ambiguous reference between 'System.Drawing.Color' and 'SharpDX.Color' [/home/ubuntu/PROGRAMA-BETA/src/FiveMTool.csproj]
/home/ubuntu/PROGRAMA-BETA/src/External/CodeWalker.Core/World/PopZones.cs(119,37): error CS0104: 'Color' is an ambiguous reference between 'System.Drawing.Color' and 'SharpDX.Color' [/home/ubuntu/PROGRAMA-BETA/src/FiveMTool.csproj]
/home/ubuntu/PROGRAMA-BETA/src/External/CodeWalker.Core/World/Scenarios.cs(439,31): error CS0104: 'Color' is an ambiguous reference between 'System.Drawing.Color' and 'SharpDX.Color' [/home/ubuntu/PROGRAMA-BETA/src/FiveMTool.csproj]
/home/ubuntu/PROGRAMA-BETA/src/External/CodeWalker.Core/World/Scenarios.cs(440,31): error CS0104: 'Color' is an ambiguous reference between 'System.Drawing.Color' and 'SharpDX.Color' [/home/ubuntu/PROGRAMA-BETA/src/FiveMTool.csproj]
/home/ubuntu/PROGRAMA-BETA/src/External/CodeWalker.Core/World/Scenarios.cs(441,31): error CS0104: 'Color' is an ambiguous reference between 'System.Drawing.Color' and 'SharpDX.Color' [/home/ubuntu/PROGRAMA-BETA/src/FiveMTool.csproj]
/home/ubuntu/PROGRAMA-BETA/src/External/CodeWalker.Core/World/Scenarios.cs(442,31): error CS0104: 'Color' is an ambiguous reference between 'System.Drawing.Color' and 'SharpDX.Color' [/home/ubuntu/PROGRAMA-BETA/src/FiveMTool.csproj]
/home/ubuntu/PROGRAMA-BETA/src/External/CodeWalker.Core/World/Scenarios.cs(475,56): error CS0104: 'Color' is an ambiguous reference between 'System.Drawing.Color' and 'SharpDX.Color' [/home/ubuntu/PROGRAMA-BETA/src/FiveMTool.csproj]
/home/ubuntu/PROGRAMA-BETA/src/External/CodeWalker.Core/World/Scenarios.cs(476,56): error CS0104: 'Color' is an ambiguous reference between 'System.Drawing.Color' and 'SharpDX.Color' [/home/ubuntu/PROGRAMA-BETA/src/FiveMTool.csproj]
/home/ubuntu/PROGRAMA-BETA/src/External/CodeWalker.Core/World/Heightmaps.cs(104,35): error CS0104: 'Color' is an ambiguous reference between 'System.Drawing.Color' and 'SharpDX.Color' [/home/ubuntu/PROGRAMA-BETA/src/FiveMTool.csproj]
/home/ubuntu/PROGRAMA-BETA/src/External/CodeWalker.Core/World/Heightmaps.cs(105,35): error CS0104: 'Color' is an ambiguous reference between 'System.Drawing.Color' and 'SharpDX.Color' [/home/ubuntu/PROGRAMA-BETA/src/FiveMTool.csproj]
/home/ubuntu/PROGRAMA-BETA/src/External/CodeWalker.Core/World/Camera.cs(156,51): error CS0121: The call is ambiguous between the following methods or properties: 'CodeWalker.QuaternionExtension.Multiply(SharpDX.Quaternion, SharpDX.Vector3)' and 'CodeWalker.QuaternionExtension.Multiply(SharpDX.Quaternion, SharpDX.Vector3)' [/home/ubuntu/PROGRAMA-BETA/src/FiveMTool.csproj]
/home/ubuntu/PROGRAMA-BETA/src/External/CodeWalker.Core/World/Camera.cs(157,55): error CS0121: The call is ambiguous between the following methods or properties: 'CodeWalker.QuaternionExtension.Multiply(SharpDX.Quaternion, SharpDX.Vector3)' and 'CodeWalker.QuaternionExtension.Multiply(SharpDX.Quaternion, SharpDX.Vector3)' [/home/ubuntu/PROGRAMA-BETA/src/FiveMTool.csproj]
/home/ubuntu/PROGRAMA-BETA/src/External/CodeWalker.Core/World/Camera.cs(158,53): error CS0121: The call is ambiguous between the following methods or properties: 'CodeWalker.QuaternionExtension.Multiply(SharpDX.Quaternion, SharpDX.Vector3)' and 'CodeWalker.QuaternionExtension.Multiply(SharpDX.Quaternion, SharpDX.Vector3)' [/home/ubuntu/PROGRAMA-BETA/src/FiveMTool.csproj]
/home/ubuntu/PROGRAMA-BETA/src/External/CodeWalker.Core/World/Camera.cs(171,41): error CS0121: The call is ambiguous between the following methods or properties: 'CodeWalker.QuaternionExtension.ToMatrix(SharpDX.Quaternion)' and 'CodeWalker.QuaternionExtension.ToMatrix(SharpDX.Quaternion)' [/home/ubuntu/PROGRAMA-BETA/src/FiveMTool.csproj]
/home/ubuntu/PROGRAMA-BETA/src/External/CodeWalker.Core/World/Camera.cs(199,46): error CS0121: The call is ambiguous between the following methods or properties: 'CodeWalker.MatrixExtensions.MultiplyW(SharpDX.Matrix, SharpDX.Vector3)' and 'CodeWalker.MatrixExtensions.MultiplyW(SharpDX.Matrix, SharpDX.Vector3)' [/home/ubuntu/PROGRAMA-BETA/src/FiveMTool.csproj]
/home/ubuntu/PROGRAMA-BETA/src/External/CodeWalker.Core/World/Camera.cs(200,45): error CS0121: The call is ambiguous between the following methods or properties: 'CodeWalker.MatrixExtensions.MultiplyW(SharpDX.Matrix, SharpDX.Vector3)' and 'CodeWalker.MatrixExtensions.MultiplyW(SharpDX.Matrix, SharpDX.Vector3)' [/home/ubuntu/PROGRAMA-BETA/src/FiveMTool.csproj]
/home/ubuntu/PROGRAMA-BETA/src/External/CodeWalker.Core/World/AudioZones.cs(303,29): error CS0121: The call is ambiguous between the following methods or properties: 'CodeWalker.QuaternionExtension.Multiply(SharpDX.Quaternion, SharpDX.Vector3)' and 'CodeWalker.QuaternionExtension.Multiply(SharpDX.Quaternion, SharpDX.Vector3)' [/home/ubuntu/PROGRAMA-BETA/src/FiveMTool.csproj]
/home/ubuntu/PROGRAMA-BETA/src/External/CodeWalker.Core/World/Space.cs(1365,40): error CS0121: The call is ambiguous between the following methods or properties: 'CodeWalker.QuaternionExtension.Multiply(SharpDX.Quaternion, SharpDX.Vector3)' and 'CodeWalker.QuaternionExtension.Multiply(SharpDX.Quaternion, SharpDX.Vector3)' [/home/ubuntu/PROGRAMA-BETA/src/FiveMTool.csproj]
/home/ubuntu/PROGRAMA-BETA/src/External/CodeWalker.Core/World/Space.cs(1366,41): error CS0121: The call is ambiguous between the following methods or properties: 'CodeWalker.QuaternionExtension.Multiply(SharpDX.Quaternion, SharpDX.Vector3)' and 'CodeWalker.QuaternionExtension.Multiply(SharpDX.Quaternion, SharpDX.Vector3)' [/home/ubuntu/PROGRAMA-BETA/src/FiveMTool.csproj]
/home/ubuntu/PROGRAMA-BETA/src/External/CodeWalker.Core/World/Space.cs(1373,46): error CS0121: The call is ambiguous between the following methods or properties: 'CodeWalker.QuaternionExtension.Multiply(SharpDX.Quaternion, SharpDX.Vector3)' and 'CodeWalker.QuaternionExtension.Multiply(SharpDX.Quaternion, SharpDX.Vector3)' [/home/ubuntu/PROGRAMA-BETA/src/FiveMTool.csproj]
/home/ubuntu/PROGRAMA-BETA/src/External/CodeWalker.Core/World/Space.cs(1374,44): error CS0121: The call is ambiguous between the following methods or properties: 'CodeWalker.QuaternionExtension.Multiply(SharpDX.Quaternion, SharpDX.Vector3)' and 'CodeWalker.QuaternionExtension.Multiply(SharpDX.Quaternion, SharpDX.Vector3)' [/home/ubuntu/PROGRAMA-BETA/src/FiveMTool.csproj]
/home/ubuntu/PROGRAMA-BETA/src/External/CodeWalker.Core/World/Space.cs(1385,50): error CS0121: The call is ambiguous between the following methods or properties: 'CodeWalker.QuaternionExtension.Multiply(SharpDX.Quaternion, SharpDX.Vector3)' and 'CodeWalker.QuaternionExtension.Multiply(SharpDX.Quaternion, SharpDX.Vector3)' [/home/ubuntu/PROGRAMA-BETA/src/FiveMTool.csproj]
/home/ubuntu/PROGRAMA-BETA/src/External/CodeWalker.Core/World/Space.cs(1386,48): error CS0121: The call is ambiguous between the following methods or properties: 'CodeWalker.QuaternionExtension.Multiply(SharpDX.Quaternion, SharpDX.Vector3)' and 'CodeWalker.QuaternionExtension.Multiply(SharpDX.Quaternion, SharpDX.Vector3)' [/home/ubuntu/PROGRAMA-BETA/src/FiveMTool.csproj]
/home/ubuntu/PROGRAMA-BETA/src/External/CodeWalker.Core/World/Space.cs(1396,50): error CS0121: The call is ambiguous between the following methods or properties: 'CodeWalker.QuaternionExtension.Multiply(SharpDX.Quaternion, SharpDX.Vector3)' and 'CodeWalker.QuaternionExtension.Multiply(SharpDX.Quaternion, SharpDX.Vector3)' [/home/ubuntu/PROGRAMA-BETA/src/FiveMTool.csproj]
/home/ubuntu/PROGRAMA-BETA/src/External/CodeWalker.Core/World/Space.cs(1397,48): error CS0121: The call is ambiguous between the following methods or properties: 'CodeWalker.QuaternionExtension.Multiply(SharpDX.Quaternion, SharpDX.Vector3)' and 'CodeWalker.QuaternionExtension.Multiply(SharpDX.Quaternion, SharpDX.Vector3)' [/home/ubuntu/PROGRAMA-BETA/src/FiveMTool.csproj]
/home/ubuntu/PROGRAMA-BETA/src/External/CodeWalker.Core/Utils/Vectors.cs(130,22): error CS0121: The call is ambiguous between the following methods or properties: 'CodeWalker.BoundingBoxMath.Transform(SharpDX.BoundingBox, SharpDX.Matrix)' and 'CodeWalker.BoundingBoxMath.Transform(SharpDX.BoundingBox, SharpDX.Matrix)' [/home/ubuntu/PROGRAMA-BETA/src/FiveMTool.csproj]
/home/ubuntu/PROGRAMA-BETA/src/External/CodeWalker.Core/World/Space.cs(1421,36): error CS0121: The call is ambiguous between the following methods or properties: 'CodeWalker.QuaternionExtension.Multiply(SharpDX.Quaternion, SharpDX.Vector3)' and 'CodeWalker.QuaternionExtension.Multiply(SharpDX.Quaternion, SharpDX.Vector3)' [/home/ubuntu/PROGRAMA-BETA/src/FiveMTool.csproj]
/home/ubuntu/PROGRAMA-BETA/src/External/CodeWalker.Core/World/Space.cs(1422,37): error CS0121: The call is ambiguous between the following methods or properties: 'CodeWalker.QuaternionExtension.Multiply(SharpDX.Quaternion, SharpDX.Vector3)' and 'CodeWalker.QuaternionExtension.Multiply(SharpDX.Quaternion, SharpDX.Vector3)' [/home/ubuntu/PROGRAMA-BETA/src/FiveMTool.csproj]
/home/ubuntu/PROGRAMA-BETA/src/External/CodeWalker.Core/World/Space.cs(1433,42): error CS0121: The call is ambiguous between the following methods or properties: 'CodeWalker.QuaternionExtension.Multiply(SharpDX.Quaternion, SharpDX.Vector3)' and 'CodeWalker.QuaternionExtension.Multiply(SharpDX.Quaternion, SharpDX.Vector3)' [/home/ubuntu/PROGRAMA-BETA/src/FiveMTool.csproj]
/home/ubuntu/PROGRAMA-BETA/src/External/CodeWalker.Core/World/Space.cs(1434,40): error CS0121: The call is ambiguous between the following methods or properties: 'CodeWalker.QuaternionExtension.Multiply(SharpDX.Quaternion, SharpDX.Vector3)' and 'CodeWalker.QuaternionExtension.Multiply(SharpDX.Quaternion, SharpDX.Vector3)' [/home/ubuntu/PROGRAMA-BETA/src/FiveMTool.csproj]
/home/ubuntu/PROGRAMA-BETA/src/External/CodeWalker.Core/Utils/Vectors.cs(136,42): error CS0121: The call is ambiguous between the following methods or properties: 'CodeWalker.Vectors.Abs(SharpDX.Vector4)' and 'CodeWalker.Vectors.Abs(SharpDX.Vector4)' [/home/ubuntu/PROGRAMA-BETA/src/FiveMTool.csproj]
/home/ubuntu/PROGRAMA-BETA/src/External/CodeWalker.Core/Utils/Vectors.cs(137,42): error CS0121: The call is ambiguous between the following methods or properties: 'CodeWalker.Vectors.Abs(SharpDX.Vector4)' and 'CodeWalker.Vectors.Abs(SharpDX.Vector4)' [/home/ubuntu/PROGRAMA-BETA/src/FiveMTool.csproj]
/home/ubuntu/PROGRAMA-BETA/src/External/CodeWalker.Core/Utils/Vectors.cs(138,42): error CS0121: The call is ambiguous between the following methods or properties: 'CodeWalker.Vectors.Abs(SharpDX.Vector4)' and 'CodeWalker.Vectors.Abs(SharpDX.Vector4)' [/home/ubuntu/PROGRAMA-BETA/src/FiveMTool.csproj]
/home/ubuntu/PROGRAMA-BETA/src/External/CodeWalker.Core/Utils/Vectors.cs(139,42): error CS0121: The call is ambiguous between the following methods or properties: 'CodeWalker.Vectors.Abs(SharpDX.Vector4)' and 'CodeWalker.Vectors.Abs(SharpDX.Vector4)' [/home/ubuntu/PROGRAMA-BETA/src/FiveMTool.csproj]
/home/ubuntu/PROGRAMA-BETA/src/External/CodeWalker.Core/Utils/Vectors.cs(143,69): error CS0121: The call is ambiguous between the following methods or properties: 'CodeWalker.Vectors.Abs(SharpDX.Vector3)' and 'CodeWalker.Vectors.Abs(SharpDX.Vector3)' [/home/ubuntu/PROGRAMA-BETA/src/FiveMTool.csproj]
/home/ubuntu/PROGRAMA-BETA/src/External/CodeWalker.Core/World/Space.cs(1605,38): error CS0121: The call is ambiguous between the following methods or properties: 'CodeWalker.QuaternionExtension.Multiply(SharpDX.Quaternion, SharpDX.Vector3)' and 'CodeWalker.QuaternionExtension.Multiply(SharpDX.Quaternion, SharpDX.Vector3)' [/home/ubuntu/PROGRAMA-BETA/src/FiveMTool.csproj]
/home/ubuntu/PROGRAMA-BETA/src/External/CodeWalker.Core/World/Space.cs(1612,46): error CS0121: The call is ambiguous between the following methods or properties: 'CodeWalker.QuaternionExtension.Multiply(SharpDX.Quaternion, SharpDX.Vector3)' and 'CodeWalker.QuaternionExtension.Multiply(SharpDX.Quaternion, SharpDX.Vector3)' [/home/ubuntu/PROGRAMA-BETA/src/FiveMTool.csproj]
/home/ubuntu/PROGRAMA-BETA/src/External/CodeWalker.Core/World/Space.cs(1613,44): error CS0121: The call is ambiguous between the following methods or properties: 'CodeWalker.QuaternionExtension.Multiply(SharpDX.Quaternion, SharpDX.Vector3)' and 'CodeWalker.QuaternionExtension.Multiply(SharpDX.Quaternion, SharpDX.Vector3)' [/home/ubuntu/PROGRAMA-BETA/src/FiveMTool.csproj]
/home/ubuntu/PROGRAMA-BETA/src/External/CodeWalker.Core/World/Space.cs(1624,50): error CS0121: The call is ambiguous between the following methods or properties: 'CodeWalker.QuaternionExtension.Multiply(SharpDX.Quaternion, SharpDX.Vector3)' and 'CodeWalker.QuaternionExtension.Multiply(SharpDX.Quaternion, SharpDX.Vector3)' [/home/ubuntu/PROGRAMA-BETA/src/FiveMTool.csproj]
/home/ubuntu/PROGRAMA-BETA/src/External/CodeWalker.Core/World/Space.cs(1625,48): error CS0121: The call is ambiguous between the following methods or properties: 'CodeWalker.QuaternionExtension.Multiply(SharpDX.Quaternion, SharpDX.Vector3)' and 'CodeWalker.QuaternionExtension.Multiply(SharpDX.Quaternion, SharpDX.Vector3)' [/home/ubuntu/PROGRAMA-BETA/src/FiveMTool.csproj]
/home/ubuntu/PROGRAMA-BETA/src/External/CodeWalker.Core/World/Space.cs(1635,50): error CS0121: The call is ambiguous between the following methods or properties: 'CodeWalker.QuaternionExtension.Multiply(SharpDX.Quaternion, SharpDX.Vector3)' and 'CodeWalker.QuaternionExtension.Multiply(SharpDX.Quaternion, SharpDX.Vector3)' [/home/ubuntu/PROGRAMA-BETA/src/FiveMTool.csproj]
/home/ubuntu/PROGRAMA-BETA/src/External/CodeWalker.Core/World/Space.cs(1636,48): error CS0121: The call is ambiguous between the following methods or properties: 'CodeWalker.QuaternionExtension.Multiply(SharpDX.Quaternion, SharpDX.Vector3)' and 'CodeWalker.QuaternionExtension.Multiply(SharpDX.Quaternion, SharpDX.Vector3)' [/home/ubuntu/PROGRAMA-BETA/src/FiveMTool.csproj]
/home/ubuntu/PROGRAMA-BETA/src/External/CodeWalker.Core/Utils/TriangleBVH.cs(176,39): error CS0121: The call is ambiguous between the following methods or properties: 'CodeWalker.QuaternionExtension.Multiply(SharpDX.Quaternion, SharpDX.Vector3)' and 'CodeWalker.QuaternionExtension.Multiply(SharpDX.Quaternion, SharpDX.Vector3)' [/home/ubuntu/PROGRAMA-BETA/src/FiveMTool.csproj]
/home/ubuntu/PROGRAMA-BETA/src/External/CodeWalker.Core/Utils/TriangleBVH.cs(177,39): error CS0121: The call is ambiguous between the following methods or properties: 'CodeWalker.QuaternionExtension.Multiply(SharpDX.Quaternion, SharpDX.Vector3)' and 'CodeWalker.QuaternionExtension.Multiply(SharpDX.Quaternion, SharpDX.Vector3)' [/home/ubuntu/PROGRAMA-BETA/src/FiveMTool.csproj]
/home/ubuntu/PROGRAMA-BETA/src/External/CodeWalker.Core/Utils/TriangleBVH.cs(178,39): error CS0121: The call is ambiguous between the following methods or properties: 'CodeWalker.QuaternionExtension.Multiply(SharpDX.Quaternion, SharpDX.Vector3)' and 'CodeWalker.QuaternionExtension.Multiply(SharpDX.Quaternion, SharpDX.Vector3)' [/home/ubuntu/PROGRAMA-BETA/src/FiveMTool.csproj]
/home/ubuntu/PROGRAMA-BETA/src/External/CodeWalker.Core/Utils/TriangleBVH.cs(194,59): error CS0121: The call is ambiguous between the following methods or properties: 'CodeWalker.QuaternionExtension.Multiply(SharpDX.Quaternion, SharpDX.Vector3)' and 'CodeWalker.QuaternionExtension.Multiply(SharpDX.Quaternion, SharpDX.Vector3)' [/home/ubuntu/PROGRAMA-BETA/src/FiveMTool.csproj]
/home/ubuntu/PROGRAMA-BETA/src/External/CodeWalker.Core/Utils/TriangleBVH.cs(195,59): error CS0121: The call is ambiguous between the following methods or properties: 'CodeWalker.QuaternionExtension.Multiply(SharpDX.Quaternion, SharpDX.Vector3)' and 'CodeWalker.QuaternionExtension.Multiply(SharpDX.Quaternion, SharpDX.Vector3)' [/home/ubuntu/PROGRAMA-BETA/src/FiveMTool.csproj]
/home/ubuntu/PROGRAMA-BETA/src/External/CodeWalker.Core/Utils/TriangleBVH.cs(196,59): error CS0121: The call is ambiguous between the following methods or properties: 'CodeWalker.QuaternionExtension.Multiply(SharpDX.Quaternion, SharpDX.Vector3)' and 'CodeWalker.QuaternionExtension.Multiply(SharpDX.Quaternion, SharpDX.Vector3)' [/home/ubuntu/PROGRAMA-BETA/src/FiveMTool.csproj]
/home/ubuntu/PROGRAMA-BETA/src/External/CodeWalker.Core/Utils/Utils.cs(193,21): error CS0104: 'Half' is an ambiguous reference between 'SharpDX.Half' and 'System.Half' [/home/ubuntu/PROGRAMA-BETA/src/FiveMTool.csproj]
/home/ubuntu/PROGRAMA-BETA/src/External/CodeWalker.Core/World/Space.cs(1655,34): error CS0121: The call is ambiguous between the following methods or properties: 'CodeWalker.QuaternionExtension.Multiply(SharpDX.Quaternion, SharpDX.Vector3)' and 'CodeWalker.QuaternionExtension.Multiply(SharpDX.Quaternion, SharpDX.Vector3)' [/home/ubuntu/PROGRAMA-BETA/src/FiveMTool.csproj]
/home/ubuntu/PROGRAMA-BETA/src/External/CodeWalker.Core/World/Space.cs(1664,42): error CS0121: The call is ambiguous between the following methods or properties: 'CodeWalker.QuaternionExtension.Multiply(SharpDX.Quaternion, SharpDX.Vector3)' and 'CodeWalker.QuaternionExtension.Multiply(SharpDX.Quaternion, SharpDX.Vector3)' [/home/ubuntu/PROGRAMA-BETA/src/FiveMTool.csproj]
/home/ubuntu/PROGRAMA-BETA/src/External/CodeWalker.Core/World/Space.cs(1665,40): error CS0121: The call is ambiguous between the following methods or properties: 'CodeWalker.QuaternionExtension.Multiply(SharpDX.Quaternion, SharpDX.Vector3)' and 'CodeWalker.QuaternionExtension.Multiply(SharpDX.Quaternion, SharpDX.Vector3)' [/home/ubuntu/PROGRAMA-BETA/src/FiveMTool.csproj]
/home/ubuntu/PROGRAMA-BETA/src/External/CodeWalker.Core/Utils/Utils.cs(198,21): error CS0104: 'Half' is an ambiguous reference between 'SharpDX.Half' and 'System.Half' [/home/ubuntu/PROGRAMA-BETA/src/FiveMTool.csproj]
/home/ubuntu/PROGRAMA-BETA/src/External/CodeWalker.Core/GameFiles/FileTypes/CacheDatFile.cs(725,33): error CS0121: The call is ambiguous between the following methods or properties: 'CodeWalker.QuaternionExtension.ToVector4(SharpDX.Quaternion)' and 'CodeWalker.QuaternionExtension.ToVector4(SharpDX.Quaternion)' [/home/ubuntu/PROGRAMA-BETA/src/FiveMTool.csproj]
/home/ubuntu/PROGRAMA-BETA/src/External/CodeWalker.Core/GameFiles/FileTypes/CacheDatFile.cs(739,108): error CS0121: The call is ambiguous between the following methods or properties: 'CodeWalker.QuaternionExtension.ToVector4(SharpDX.Quaternion)' and 'CodeWalker.QuaternionExtension.ToVector4(SharpDX.Quaternion)' [/home/ubuntu/PROGRAMA-BETA/src/FiveMTool.csproj]
/home/ubuntu/PROGRAMA-BETA/src/External/CodeWalker.Core/GameFiles/FileTypes/CacheDatFile.cs(755,75): error CS0121: The call is ambiguous between the following methods or properties: 'CodeWalker.Vectors.ToQuaternion(SharpDX.Vector4)' and 'CodeWalker.Vectors.ToQuaternion(SharpDX.Vector4)' [/home/ubuntu/PROGRAMA-BETA/src/FiveMTool.csproj]
/home/ubuntu/PROGRAMA-BETA/src/External/CodeWalker.Core/GameFiles/FileTypes/CutFile.cs(1201,74): error CS0121: The call is ambiguous between the following methods or properties: 'CodeWalker.Vectors.ToQuaternion(SharpDX.Vector4)' and 'CodeWalker.Vectors.ToQuaternion(SharpDX.Vector4)' [/home/ubuntu/PROGRAMA-BETA/src/FiveMTool.csproj]
/home/ubuntu/PROGRAMA-BETA/src/External/CodeWalker.Core/GameFiles/FileTypes/CutFile.cs(1076,94): error CS0121: The call is ambiguous between the following methods or properties: 'CodeWalker.Vectors.ToQuaternion(SharpDX.Vector4)' and 'CodeWalker.Vectors.ToQuaternion(SharpDX.Vector4)' [/home/ubuntu/PROGRAMA-BETA/src/FiveMTool.csproj]
/home/ubuntu/PROGRAMA-BETA/src/External/CodeWalker.Core/GameFiles/FileTypes/CutFile.cs(1266,96): error CS0121: The call is ambiguous between the following methods or properties: 'CodeWalker.Vectors.ToQuaternion(SharpDX.Vector4)' and 'CodeWalker.Vectors.ToQuaternion(SharpDX.Vector4)' [/home/ubuntu/PROGRAMA-BETA/src/FiveMTool.csproj]
/home/ubuntu/PROGRAMA-BETA/src/External/CodeWalker.Core/GameFiles/FileTypes/YmapFile.cs(1797,67): error CS0121: The call is ambiguous between the following methods or properties: 'CodeWalker.QuaternionExtension.Multiply(SharpDX.Quaternion, SharpDX.Vector3)' and 'CodeWalker.QuaternionExtension.Multiply(SharpDX.Quaternion, SharpDX.Vector3)' [/home/ubuntu/PROGRAMA-BETA/src/FiveMTool.csproj]
/home/ubuntu/PROGRAMA-BETA/src/External/CodeWalker.Core/GameFiles/FileTypes/YmapFile.cs(1872,103): error CS0121: The call is ambiguous between the following methods or properties: 'CodeWalker.QuaternionExtension.Multiply(SharpDX.Quaternion, SharpDX.Vector3)' and 'CodeWalker.QuaternionExtension.Multiply(SharpDX.Quaternion, SharpDX.Vector3)' [/home/ubuntu/PROGRAMA-BETA/src/FiveMTool.csproj]
/home/ubuntu/PROGRAMA-BETA/src/External/CodeWalker.Core/GameFiles/FileTypes/YmapFile.cs(1904,71): error CS0121: The call is ambiguous between the following methods or properties: 'CodeWalker.QuaternionExtension.Multiply(SharpDX.Quaternion, SharpDX.Vector3)' and 'CodeWalker.QuaternionExtension.Multiply(SharpDX.Quaternion, SharpDX.Vector3)' [/home/ubuntu/PROGRAMA-BETA/src/FiveMTool.csproj]
/home/ubuntu/PROGRAMA-BETA/src/External/CodeWalker.Core/GameFiles/FileTypes/YmapFile.cs(3325,29): error CS0121: The call is ambiguous between the following methods or properties: 'CodeWalker.QuaternionExtension.Multiply(SharpDX.Quaternion, SharpDX.Vector3)' and 'CodeWalker.QuaternionExtension.Multiply(SharpDX.Quaternion, SharpDX.Vector3)' [/home/ubuntu/PROGRAMA-BETA/src/FiveMTool.csproj]
/home/ubuntu/PROGRAMA-BETA/src/External/CodeWalker.Core/GameFiles/FileTypes/YmapFile.cs(1928,40): error CS0121: The call is ambiguous between the following methods or properties: 'CodeWalker.QuaternionExtension.Multiply(SharpDX.Quaternion, SharpDX.Vector3)' and 'CodeWalker.QuaternionExtension.Multiply(SharpDX.Quaternion, SharpDX.Vector3)' [/home/ubuntu/PROGRAMA-BETA/src/FiveMTool.csproj]
/home/ubuntu/PROGRAMA-BETA/src/External/CodeWalker.Core/GameFiles/FileTypes/YmapFile.cs(1941,50): error CS0121: The call is ambiguous between the following methods or properties: 'CodeWalker.Vectors.Abs(SharpDX.Vector4)' and 'CodeWalker.Vectors.Abs(SharpDX.Vector4)' [/home/ubuntu/PROGRAMA-BETA/src/FiveMTool.csproj]
/home/ubuntu/PROGRAMA-BETA/src/External/CodeWalker.Core/GameFiles/FileTypes/YmapFile.cs(1942,50): error CS0121: The call is ambiguous between the following methods or properties: 'CodeWalker.Vectors.Abs(SharpDX.Vector4)' and 'CodeWalker.Vectors.Abs(SharpDX.Vector4)' [/home/ubuntu/PROGRAMA-BETA/src/FiveMTool.csproj]
/home/ubuntu/PROGRAMA-BETA/src/External/CodeWalker.Core/GameFiles/FileTypes/YmapFile.cs(1943,50): error CS0121: The call is ambiguous between the following methods or properties: 'CodeWalker.Vectors.Abs(SharpDX.Vector4)' and 'CodeWalker.Vectors.Abs(SharpDX.Vector4)' [/home/ubuntu/PROGRAMA-BETA/src/FiveMTool.csproj]
/home/ubuntu/PROGRAMA-BETA/src/External/CodeWalker.Core/GameFiles/FileTypes/YmapFile.cs(1944,50): error CS0121: The call is ambiguous between the following methods or properties: 'CodeWalker.Vectors.Abs(SharpDX.Vector4)' and 'CodeWalker.Vectors.Abs(SharpDX.Vector4)' [/home/ubuntu/PROGRAMA-BETA/src/FiveMTool.csproj]
/home/ubuntu/PROGRAMA-BETA/src/External/CodeWalker.Core/GameFiles/FileTypes/YmapFile.cs(1948,77): error CS0121: The call is ambiguous between the following methods or properties: 'CodeWalker.Vectors.Abs(SharpDX.Vector3)' and 'CodeWalker.Vectors.Abs(SharpDX.Vector3)' [/home/ubuntu/PROGRAMA-BETA/src/FiveMTool.csproj]
/home/ubuntu/PROGRAMA-BETA/src/External/CodeWalker.Core/GameFiles/FileTypes/YmapFile.cs(1983,44): error CS0121: The call is ambiguous between the following methods or properties: 'CodeWalker.QuaternionExtension.ToVector4(SharpDX.Quaternion)' and 'CodeWalker.QuaternionExtension.ToVector4(SharpDX.Quaternion)' [/home/ubuntu/PROGRAMA-BETA/src/FiveMTool.csproj]
/home/ubuntu/PROGRAMA-BETA/src/External/CodeWalker.Core/GameFiles/FileTypes/YmapFile.cs(1990,56): error CS0121: The call is ambiguous between the following methods or properties: 'CodeWalker.QuaternionExtension.ToVector4(SharpDX.Quaternion)' and 'CodeWalker.QuaternionExtension.ToVector4(SharpDX.Quaternion)' [/home/ubuntu/PROGRAMA-BETA/src/FiveMTool.csproj]
/home/ubuntu/PROGRAMA-BETA/src/External/CodeWalker.Core/GameFiles/FileTypes/YmapFile.cs(1995,48): error CS0121: The call is ambiguous between the following methods or properties: 'CodeWalker.QuaternionExtension.ToVector4(SharpDX.Quaternion)' and 'CodeWalker.QuaternionExtension.ToVector4(SharpDX.Quaternion)' [/home/ubuntu/PROGRAMA-BETA/src/FiveMTool.csproj]
/home/ubuntu/PROGRAMA-BETA/src/External/CodeWalker.Core/GameFiles/FileTypes/YmapFile.cs(2015,40): error CS0121: The call is ambiguous between the following methods or properties: 'CodeWalker.QuaternionExtension.ToVector4(SharpDX.Quaternion)' and 'CodeWalker.QuaternionExtension.ToVector4(SharpDX.Quaternion)' [/home/ubuntu/PROGRAMA-BETA/src/FiveMTool.csproj]
/home/ubuntu/PROGRAMA-BETA/src/External/CodeWalker.Core/GameFiles/FileTypes/YmapFile.cs(3173,60): error CS0121: The call is ambiguous between the following methods or properties: 'CodeWalker.Vectors.GetPerpVec(SharpDX.Vector3)' and 'CodeWalker.Vectors.GetPerpVec(SharpDX.Vector3)' [/home/ubuntu/PROGRAMA-BETA/src/FiveMTool.csproj]
/home/ubuntu/PROGRAMA-BETA/src/External/CodeWalker.Core/GameFiles/FileTypes/YmapFile.cs(3177,61): error CS0121: The call is ambiguous between the following methods or properties: 'CodeWalker.Vectors.GetPerpVec(SharpDX.Vector3)' and 'CodeWalker.Vectors.GetPerpVec(SharpDX.Vector3)' [/home/ubuntu/PROGRAMA-BETA/src/FiveMTool.csproj]
/home/ubuntu/PROGRAMA-BETA/src/External/CodeWalker.Core/GameFiles/FileTypes/YmapFile.cs(2113,43): error CS0121: The call is ambiguous between the following methods or properties: 'CodeWalker.QuaternionExtension.Multiply(SharpDX.Quaternion, SharpDX.Vector3)' and 'CodeWalker.QuaternionExtension.Multiply(SharpDX.Quaternion, SharpDX.Vector3)' [/home/ubuntu/PROGRAMA-BETA/src/FiveMTool.csproj]
/home/ubuntu/PROGRAMA-BETA/src/External/CodeWalker.Core/GameFiles/FileTypes/YmapFile.cs(2118,50): error CS0121: The call is ambiguous between the following methods or properties: 'CodeWalker.QuaternionExtension.Multiply(SharpDX.Quaternion, SharpDX.Vector3)' and 'CodeWalker.QuaternionExtension.Multiply(SharpDX.Quaternion, SharpDX.Vector3)' [/home/ubuntu/PROGRAMA-BETA/src/FiveMTool.csproj]
/home/ubuntu/PROGRAMA-BETA/src/External/CodeWalker.Core/GameFiles/FileTypes/YmapFile.cs(3220,48): error CS0121: The call is ambiguous between the following methods or properties: 'CodeWalker.QuaternionExtension.Multiply(SharpDX.Quaternion, SharpDX.Vector3)' and 'CodeWalker.QuaternionExtension.Multiply(SharpDX.Quaternion, SharpDX.Vector3)' [/home/ubuntu/PROGRAMA-BETA/src/FiveMTool.csproj]
/home/ubuntu/PROGRAMA-BETA/src/External/CodeWalker.Core/GameFiles/FileTypes/YmapFile.cs(3221,48): error CS0121: The call is ambiguous between the following methods or properties: 'CodeWalker.QuaternionExtension.Multiply(SharpDX.Quaternion, SharpDX.Vector3)' and 'CodeWalker.QuaternionExtension.Multiply(SharpDX.Quaternion, SharpDX.Vector3)' [/home/ubuntu/PROGRAMA-BETA/src/FiveMTool.csproj]
/home/ubuntu/PROGRAMA-BETA/src/External/CodeWalker.Core/GameFiles/FileTypes/YmapFile.cs(3222,49): error CS0121: The call is ambiguous between the following methods or properties: 'CodeWalker.QuaternionExtension.Multiply(SharpDX.Quaternion, SharpDX.Vector3)' and 'CodeWalker.QuaternionExtension.Multiply(SharpDX.Quaternion, SharpDX.Vector3)' [/home/ubuntu/PROGRAMA-BETA/src/FiveMTool.csproj]
/home/ubuntu/PROGRAMA-BETA/src/External/CodeWalker.Core/GameFiles/FileTypes/YmapFile.cs(2125,36): error CS0121: The call is ambiguous between the following methods or properties: 'CodeWalker.QuaternionExtension.Multiply(SharpDX.Quaternion, SharpDX.Vector3)' and 'CodeWalker.QuaternionExtension.Multiply(SharpDX.Quaternion, SharpDX.Vector3)' [/home/ubuntu/PROGRAMA-BETA/src/FiveMTool.csproj]
/home/ubuntu/PROGRAMA-BETA/src/External/CodeWalker.Core/GameFiles/FileTypes/YmapFile.cs(2136,53): error CS0121: The call is ambiguous between the following methods or properties: 'CodeWalker.QuaternionExtension.Multiply(SharpDX.Quaternion, SharpDX.Vector3)' and 'CodeWalker.QuaternionExtension.Multiply(SharpDX.Quaternion, SharpDX.Vector3)' [/home/ubuntu/PROGRAMA-BETA/src/FiveMTool.csproj]
/home/ubuntu/PROGRAMA-BETA/src/External/CodeWalker.Core/GameFiles/FileTypes/YmapFile.cs(2246,52): error CS0121: The call is ambiguous between the following methods or properties: 'CodeWalker.BoundingBoxMath.Transform(SharpDX.BoundingBox, SharpDX.Vector3, SharpDX.Quaternion, SharpDX.Vector3)' and 'CodeWalker.BoundingBoxMath.Transform(SharpDX.BoundingBox, SharpDX.Vector3, SharpDX.Quaternion, SharpDX.Vector3)' [/home/ubuntu/PROGRAMA-BETA/src/FiveMTool.csproj]
/home/ubuntu/PROGRAMA-BETA/src/External/CodeWalker.Core/GameFiles/FileTypes/YmapFile.cs(2274,58): error CS0121: The call is ambiguous between the following methods or properties: 'CodeWalker.MatrixExtensions.Multiply(SharpDX.Matrix, SharpDX.Vector3)' and 'CodeWalker.MatrixExtensions.Multiply(SharpDX.Matrix, SharpDX.Vector3)' [/home/ubuntu/PROGRAMA-BETA/src/FiveMTool.csproj]
/home/ubuntu/PROGRAMA-BETA/src/External/CodeWalker.Core/GameFiles/FileTypes/YmapFile.cs(2275,59): error CS0121: The call is ambiguous between the following methods or properties: 'CodeWalker.MatrixExtensions.MultiplyRot(SharpDX.Matrix, SharpDX.Vector3)' and 'CodeWalker.MatrixExtensions.MultiplyRot(SharpDX.Matrix, SharpDX.Vector3)' [/home/ubuntu/PROGRAMA-BETA/src/FiveMTool.csproj]
/home/ubuntu/PROGRAMA-BETA/src/External/CodeWalker.Core/GameFiles/FileTypes/YmapFile.cs(2436,31): error CS0121: The call is ambiguous between the following methods or properties: 'CodeWalker.Vectors.XYZ(SharpDX.Vector4)' and 'CodeWalker.Vectors.XYZ(SharpDX.Vector4)' [/home/ubuntu/PROGRAMA-BETA/src/FiveMTool.csproj]
/home/ubuntu/PROGRAMA-BETA/src/External/CodeWalker.Core/GameFiles/FileTypes/YmapFile.cs(2437,31): error CS0121: The call is ambiguous between the following methods or properties: 'CodeWalker.Vectors.XYZ(SharpDX.Vector4)' and 'CodeWalker.Vectors.XYZ(SharpDX.Vector4)' [/home/ubuntu/PROGRAMA-BETA/src/FiveMTool.csproj]
/home/ubuntu/PROGRAMA-BETA/src/External/CodeWalker.Core/GameFiles/FileTypes/YmapFile.cs(3613,35): error CS0121: The call is ambiguous between the following methods or properties: 'CodeWalker.QuaternionExtension.Multiply(SharpDX.Quaternion, SharpDX.Vector3)' and 'CodeWalker.QuaternionExtension.Multiply(SharpDX.Quaternion, SharpDX.Vector3)' [/home/ubuntu/PROGRAMA-BETA/src/FiveMTool.csproj]
/home/ubuntu/PROGRAMA-BETA/src/External/CodeWalker.Core/GameFiles/FileTypes/YnvFile.cs(1226,37): error CS0121: The call is ambiguous between the following methods or properties: 'CodeWalker.QuaternionExtension.Multiply(SharpDX.Quaternion, SharpDX.Vector3)' and 'CodeWalker.QuaternionExtension.Multiply(SharpDX.Quaternion, SharpDX.Vector3)' [/home/ubuntu/PROGRAMA-BETA/src/FiveMTool.csproj]
/home/ubuntu/PROGRAMA-BETA/src/External/CodeWalker.Core/GameFiles/FileTypes/YnvFile.cs(1140,37): error CS0121: The call is ambiguous between the following methods or properties: 'CodeWalker.QuaternionExtension.Multiply(SharpDX.Quaternion, SharpDX.Vector3)' and 'CodeWalker.QuaternionExtension.Multiply(SharpDX.Quaternion, SharpDX.Vector3)' [/home/ubuntu/PROGRAMA-BETA/src/FiveMTool.csproj]
/home/ubuntu/PROGRAMA-BETA/src/External/CodeWalker.Core/GameFiles/FileTypes/YmapFile.cs(2504,67): error CS0121: The call is ambiguous between the following methods or properties: 'CodeWalker.Vectors.XYZ(SharpDX.Vector4)' and 'CodeWalker.Vectors.XYZ(SharpDX.Vector4)' [/home/ubuntu/PROGRAMA-BETA/src/FiveMTool.csproj]
/home/ubuntu/PROGRAMA-BETA/src/External/CodeWalker.Core/GameFiles/FileTypes/YmapFile.cs(2504,88): error CS0121: The call is ambiguous between the following methods or properties: 'CodeWalker.Vectors.XYZ(SharpDX.Vector4)' and 'CodeWalker.Vectors.XYZ(SharpDX.Vector4)' [/home/ubuntu/PROGRAMA-BETA/src/FiveMTool.csproj]
/home/ubuntu/PROGRAMA-BETA/src/External/CodeWalker.Core/GameFiles/FileTypes/YmapFile.cs(2516,37): error CS0121: The call is ambiguous between the following methods or properties: 'CodeWalker.Core.Utils.BoundingBoxExtensions.Encapsulate(SharpDX.BoundingBox, SharpDX.BoundingBox)' and 'CodeWalker.Core.Utils.BoundingBoxExtensions.Encapsulate(SharpDX.BoundingBox, SharpDX.BoundingBox)' [/home/ubuntu/PROGRAMA-BETA/src/FiveMTool.csproj]
/home/ubuntu/PROGRAMA-BETA/src/External/CodeWalker.Core/GameFiles/FileTypes/YmapFile.cs(2545,79): error CS0121: The call is ambiguous between the following methods or properties: 'CodeWalker.Vectors.XYZ(SharpDX.Vector4)' and 'CodeWalker.Vectors.XYZ(SharpDX.Vector4)' [/home/ubuntu/PROGRAMA-BETA/src/FiveMTool.csproj]
/home/ubuntu/PROGRAMA-BETA/src/External/CodeWalker.Core/GameFiles/FileTypes/YmapFile.cs(2545,112): error CS0121: The call is ambiguous between the following methods or properties: 'CodeWalker.Vectors.XYZ(SharpDX.Vector4)' and 'CodeWalker.Vectors.XYZ(SharpDX.Vector4)' [/home/ubuntu/PROGRAMA-BETA/src/FiveMTool.csproj]
/home/ubuntu/PROGRAMA-BETA/src/External/CodeWalker.Core/GameFiles/FileTypes/YmapFile.cs(2547,35): error CS0121: The call is ambiguous between the following methods or properties: 'CodeWalker.Core.Utils.BoundingBoxExtensions.Radius(SharpDX.BoundingBox)' and 'CodeWalker.Core.Utils.BoundingBoxExtensions.Radius(SharpDX.BoundingBox)' [/home/ubuntu/PROGRAMA-BETA/src/FiveMTool.csproj]
/home/ubuntu/PROGRAMA-BETA/src/External/CodeWalker.Core/GameFiles/FileTypes/YmapFile.cs(2601,67): error CS0121: The call is ambiguous between the following methods or properties: 'CodeWalker.Core.Utils.BoundingBoxExtensions.Radius(SharpDX.BoundingBox)' and 'CodeWalker.Core.Utils.BoundingBoxExtensions.Radius(SharpDX.BoundingBox)' [/home/ubuntu/PROGRAMA-BETA/src/FiveMTool.csproj]
/home/ubuntu/PROGRAMA-BETA/src/External/CodeWalker.Core/GameFiles/FileTypes/YmapFile.cs(3631,36): error CS0121: The call is ambiguous between the following methods or properties: 'CodeWalker.QuaternionExtension.Multiply(SharpDX.Quaternion, SharpDX.Vector3)' and 'CodeWalker.QuaternionExtension.Multiply(SharpDX.Quaternion, SharpDX.Vector3)' [/home/ubuntu/PROGRAMA-BETA/src/FiveMTool.csproj]
/home/ubuntu/PROGRAMA-BETA/src/External/CodeWalker.Core/GameFiles/FileTypes/YnvFile.cs(116,57): error CS0121: The call is ambiguous between the following methods or properties: 'CodeWalker.Vectors.XYZ(SharpDX.Vector4)' and 'CodeWalker.Vectors.XYZ(SharpDX.Vector4)' [/home/ubuntu/PROGRAMA-BETA/src/FiveMTool.csproj]
/home/ubuntu/PROGRAMA-BETA/src/External/CodeWalker.Core/GameFiles/FileTypes/YmapFile.cs(2694,59): error CS0121: The call is ambiguous between the following methods or properties: 'CodeWalker.Core.Utils.BoundingBoxExtensions.Expand(SharpDX.BoundingBox, float)' and 'CodeWalker.Core.Utils.BoundingBoxExtensions.Expand(SharpDX.BoundingBox, float)' [/home/ubuntu/PROGRAMA-BETA/src/FiveMTool.csproj]
/home/ubuntu/PROGRAMA-BETA/src/External/CodeWalker.Core/GameFiles/FileTypes/YmapFile.cs(380,60): error CS0121: The call is ambiguous between the following methods or properties: 'CodeWalker.Vectors.XYZ(SharpDX.Vector4)' and 'CodeWalker.Vectors.XYZ(SharpDX.Vector4)' [/home/ubuntu/PROGRAMA-BETA/src/FiveMTool.csproj]
/home/ubuntu/PROGRAMA-BETA/src/External/CodeWalker.Core/GameFiles/FileTypes/YmapFile.cs(380,88): error CS0121: The call is ambiguous between the following methods or properties: 'CodeWalker.Vectors.XYZ(SharpDX.Vector4)' and 'CodeWalker.Vectors.XYZ(SharpDX.Vector4)' [/home/ubuntu/PROGRAMA-BETA/src/FiveMTool.csproj]
/home/ubuntu/PROGRAMA-BETA/src/External/CodeWalker.Core/GameFiles/FileTypes/YmapFile.cs(381,58): error CS0121: The call is ambiguous between the following methods or properties: 'CodeWalker.Vectors.XYZ(SharpDX.Vector4)' and 'CodeWalker.Vectors.XYZ(SharpDX.Vector4)' [/home/ubuntu/PROGRAMA-BETA/src/FiveMTool.csproj]
/home/ubuntu/PROGRAMA-BETA/src/External/CodeWalker.Core/GameFiles/FileTypes/YmapFile.cs(382,59): error CS0121: The call is ambiguous between the following methods or properties: 'CodeWalker.Vectors.XYZ(SharpDX.Vector4)' and 'CodeWalker.Vectors.XYZ(SharpDX.Vector4)' [/home/ubuntu/PROGRAMA-BETA/src/FiveMTool.csproj]
/home/ubuntu/PROGRAMA-BETA/src/External/CodeWalker.Core/GameFiles/FileTypes/YmapFile.cs(383,59): error CS0121: The call is ambiguous between the following methods or properties: 'CodeWalker.Vectors.XYZ(SharpDX.Vector4)' and 'CodeWalker.Vectors.XYZ(SharpDX.Vector4)' [/home/ubuntu/PROGRAMA-BETA/src/FiveMTool.csproj]
/home/ubuntu/PROGRAMA-BETA/src/External/CodeWalker.Core/GameFiles/MetaTypes/MetaTypes.cs(2554,37): error CS0121: The call is ambiguous between the following methods or properties: 'CodeWalker.Vectors.XYZ(SharpDX.Vector4)' and 'CodeWalker.Vectors.XYZ(SharpDX.Vector4)' [/home/ubuntu/PROGRAMA-BETA/src/FiveMTool.csproj]
/home/ubuntu/PROGRAMA-BETA/src/External/CodeWalker.Core/GameFiles/FileTypes/YmapFile.cs(2746,48): error CS0121: The call is ambiguous between the following methods or properties: 'CodeWalker.Core.Utils.BoundingBoxExtensions.Center(SharpDX.BoundingBox)' and 'CodeWalker.Core.Utils.BoundingBoxExtensions.Center(SharpDX.BoundingBox)' [/home/ubuntu/PROGRAMA-BETA/src/FiveMTool.csproj]
/home/ubuntu/PROGRAMA-BETA/src/External/CodeWalker.Core/GameFiles/FileTypes/YmapFile.cs(2747,46): error CS0121: The call is ambiguous between the following methods or properties: 'CodeWalker.Core.Utils.BoundingBoxExtensions.Radius(SharpDX.BoundingBox)' and 'CodeWalker.Core.Utils.BoundingBoxExtensions.Radius(SharpDX.BoundingBox)' [/home/ubuntu/PROGRAMA-BETA/src/FiveMTool.csproj]
/home/ubuntu/PROGRAMA-BETA/src/External/CodeWalker.Core/GameFiles/MetaTypes/Archetype.cs(741,76): error CS0121: The call is ambiguous between the following methods or properties: 'CodeWalker.Vectors.ToQuaternion(SharpDX.Vector4)' and 'CodeWalker.Vectors.ToQuaternion(SharpDX.Vector4)' [/home/ubuntu/PROGRAMA-BETA/src/FiveMTool.csproj]
/home/ubuntu/PROGRAMA-BETA/src/External/CodeWalker.Core/GameFiles/MetaTypes/Archetype.cs(755,60): error CS0121: The call is ambiguous between the following methods or properties: 'CodeWalker.QuaternionExtension.Multiply(SharpDX.Quaternion, SharpDX.Vector3)' and 'CodeWalker.QuaternionExtension.Multiply(SharpDX.Quaternion, SharpDX.Vector3)' [/home/ubuntu/PROGRAMA-BETA/src/FiveMTool.csproj]
/home/ubuntu/PROGRAMA-BETA/src/External/CodeWalker.Core/GameFiles/FileTypes/YmapFile.cs(2824,33): error CS0121: The call is ambiguous between the following methods or properties: 'CodeWalker.Core.Utils.BoundingBoxExtensions.Encapsulate(SharpDX.BoundingBox, SharpDX.BoundingBox)' and 'CodeWalker.Core.Utils.BoundingBoxExtensions.Encapsulate(SharpDX.BoundingBox, SharpDX.BoundingBox)' [/home/ubuntu/PROGRAMA-BETA/src/FiveMTool.csproj]
/home/ubuntu/PROGRAMA-BETA/src/External/CodeWalker.Core/GameFiles/FileTypes/YmapFile.cs(2832,34): error CS0121: The call is ambiguous between the following methods or properties: 'CodeWalker.Core.Utils.BoundingBoxExtensions.Size(SharpDX.BoundingBox)' and 'CodeWalker.Core.Utils.BoundingBoxExtensions.Size(SharpDX.BoundingBox)' [/home/ubuntu/PROGRAMA-BETA/src/FiveMTool.csproj]
/home/ubuntu/PROGRAMA-BETA/src/External/CodeWalker.Core/GameFiles/FileTypes/YmapFile.cs(2850,50): error CS0121: The call is ambiguous between the following methods or properties: 'CodeWalker.Core.Utils.BoundingBoxExtensions.Size(SharpDX.BoundingBox)' and 'CodeWalker.Core.Utils.BoundingBoxExtensions.Size(SharpDX.BoundingBox)' [/home/ubuntu/PROGRAMA-BETA/src/FiveMTool.csproj]
/home/ubuntu/PROGRAMA-BETA/src/External/CodeWalker.Core/GameFiles/MetaTypes/Archetype.cs(882,61): error CS0121: The call is ambiguous between the following methods or properties: 'CodeWalker.QuaternionExtension.Multiply(SharpDX.Quaternion, SharpDX.Vector3)' and 'CodeWalker.QuaternionExtension.Multiply(SharpDX.Quaternion, SharpDX.Vector3)' [/home/ubuntu/PROGRAMA-BETA/src/FiveMTool.csproj]
/home/ubuntu/PROGRAMA-BETA/src/External/CodeWalker.Core/GameFiles/FileTypes/YnvFile.cs(227,57): error CS0121: The call is ambiguous between the following methods or properties: 'CodeWalker.Vectors.XYZ(SharpDX.Vector4)' and 'CodeWalker.Vectors.XYZ(SharpDX.Vector4)' [/home/ubuntu/PROGRAMA-BETA/src/FiveMTool.csproj]
/home/ubuntu/PROGRAMA-BETA/src/External/CodeWalker.Core/GameFiles/FileTypes/YnvFile.cs(411,40): error CS0121: The call is ambiguous between the following methods or properties: 'CodeWalker.Vectors.XYZ(SharpDX.Vector4)' and 'CodeWalker.Vectors.XYZ(SharpDX.Vector4)' [/home/ubuntu/PROGRAMA-BETA/src/FiveMTool.csproj]
/home/ubuntu/PROGRAMA-BETA/src/External/CodeWalker.Core/GameFiles/FileTypes/YnvFile.cs(411,60): error CS0121: The call is ambiguous between the following methods or properties: 'CodeWalker.Vectors.XYZ(SharpDX.Vector4)' and 'CodeWalker.Vectors.XYZ(SharpDX.Vector4)' [/home/ubuntu/PROGRAMA-BETA/src/FiveMTool.csproj]
/home/ubuntu/PROGRAMA-BETA/src/External/CodeWalker.Core/GameFiles/FileTypes/YnvFile.cs(437,40): error CS0121: The call is ambiguous between the following methods or properties: 'CodeWalker.Vectors.XYZ(SharpDX.Vector4)' and 'CodeWalker.Vectors.XYZ(SharpDX.Vector4)' [/home/ubuntu/PROGRAMA-BETA/src/FiveMTool.csproj]
/home/ubuntu/PROGRAMA-BETA/src/External/CodeWalker.Core/GameFiles/FileTypes/YnvFile.cs(438,40): error CS0121: The call is ambiguous between the following methods or properties: 'CodeWalker.Vectors.XYZ(SharpDX.Vector4)' and 'CodeWalker.Vectors.XYZ(SharpDX.Vector4)' [/home/ubuntu/PROGRAMA-BETA/src/FiveMTool.csproj]
/home/ubuntu/PROGRAMA-BETA/src/External/CodeWalker.Core/GameFiles/FileTypes/YnvFile.cs(628,56): error CS0121: The call is ambiguous between the following methods or properties: 'CodeWalker.Vectors.XYZ(SharpDX.Vector4)' and 'CodeWalker.Vectors.XYZ(SharpDX.Vector4)' [/home/ubuntu/PROGRAMA-BETA/src/FiveMTool.csproj]
/home/ubuntu/PROGRAMA-BETA/src/External/CodeWalker.Core/GameFiles/FileTypes/YmapFile.cs(1497,48): error CS0121: The call is ambiguous between the following methods or properties: 'CodeWalker.QuaternionExtension.Multiply(SharpDX.Quaternion, SharpDX.Vector3)' and 'CodeWalker.QuaternionExtension.Multiply(SharpDX.Quaternion, SharpDX.Vector3)' [/home/ubuntu/PROGRAMA-BETA/src/FiveMTool.csproj]
/home/ubuntu/PROGRAMA-BETA/src/External/CodeWalker.Core/GameFiles/FileTypes/YmapFile.cs(1501,40): error CS0121: The call is ambiguous between the following methods or properties: 'CodeWalker.QuaternionExtension.Multiply(SharpDX.Quaternion, SharpDX.Vector3)' and 'CodeWalker.QuaternionExtension.Multiply(SharpDX.Quaternion, SharpDX.Vector3)' [/home/ubuntu/PROGRAMA-BETA/src/FiveMTool.csproj]
/home/ubuntu/PROGRAMA-BETA/src/External/CodeWalker.Core/GameFiles/Resources/Nav.cs(100,67): error CS0121: The call is ambiguous between the following methods or properties: 'CodeWalker.Vectors.XYZ(SharpDX.Vector4)' and 'CodeWalker.Vectors.XYZ(SharpDX.Vector4)' [/home/ubuntu/PROGRAMA-BETA/src/FiveMTool.csproj]
/home/ubuntu/PROGRAMA-BETA/src/External/CodeWalker.Core/GameFiles/Resources/Nav.cs(115,67): error CS0121: The call is ambiguous between the following methods or properties: 'CodeWalker.Vectors.XYZ(SharpDX.Vector4)' and 'CodeWalker.Vectors.XYZ(SharpDX.Vector4)' [/home/ubuntu/PROGRAMA-BETA/src/FiveMTool.csproj]
/home/ubuntu/PROGRAMA-BETA/src/External/CodeWalker.Core/GameFiles/Resources/Drawable.cs(5763,53): error CS0121: The call is ambiguous between the following methods or properties: 'CodeWalker.QuaternionExtension.Multiply(SharpDX.Quaternion, SharpDX.Vector3)' and 'CodeWalker.QuaternionExtension.Multiply(SharpDX.Quaternion, SharpDX.Vector3)' [/home/ubuntu/PROGRAMA-BETA/src/FiveMTool.csproj]
/home/ubuntu/PROGRAMA-BETA/src/External/CodeWalker.Core/GameFiles/Resources/Drawable.cs(5764,51): error CS0121: The call is ambiguous between the following methods or properties: 'CodeWalker.QuaternionExtension.Multiply(SharpDX.Quaternion, SharpDX.Vector3)' and 'CodeWalker.QuaternionExtension.Multiply(SharpDX.Quaternion, SharpDX.Vector3)' [/home/ubuntu/PROGRAMA-BETA/src/FiveMTool.csproj]
/home/ubuntu/PROGRAMA-BETA/src/External/CodeWalker.Core/GameFiles/Resources/Drawable.cs(2662,40): error CS0121: The call is ambiguous between the following methods or properties: 'CodeWalker.QuaternionExtension.ToVector4(SharpDX.Quaternion)' and 'CodeWalker.QuaternionExtension.ToVector4(SharpDX.Quaternion)' [/home/ubuntu/PROGRAMA-BETA/src/FiveMTool.csproj]
/home/ubuntu/PROGRAMA-BETA/src/External/CodeWalker.Core/GameFiles/Resources/Drawable.cs(2686,100): error CS0121: The call is ambiguous between the following methods or properties: 'CodeWalker.QuaternionExtension.ToVector4(SharpDX.Quaternion)' and 'CodeWalker.QuaternionExtension.ToVector4(SharpDX.Quaternion)' [/home/ubuntu/PROGRAMA-BETA/src/FiveMTool.csproj]
/home/ubuntu/PROGRAMA-BETA/src/External/CodeWalker.Core/GameFiles/Resources/Drawable.cs(2700,72): error CS0121: The call is ambiguous between the following methods or properties: 'CodeWalker.Vectors.ToQuaternion(SharpDX.Vector4)' and 'CodeWalker.Vectors.ToQuaternion(SharpDX.Vector4)' [/home/ubuntu/PROGRAMA-BETA/src/FiveMTool.csproj]
/home/ubuntu/PROGRAMA-BETA/src/External/CodeWalker.Core/GameFiles/Resources/Drawable.cs(1865,46): error CS0121: The call is ambiguous between the following methods or properties: 'CodeWalker.QuaternionExtension.Multiply(SharpDX.Quaternion, SharpDX.Vector3)' and 'CodeWalker.QuaternionExtension.Multiply(SharpDX.Quaternion, SharpDX.Vector3)' [/home/ubuntu/PROGRAMA-BETA/src/FiveMTool.csproj]
/home/ubuntu/PROGRAMA-BETA/src/External/CodeWalker.Core/GameFiles/Resources/Clothes.cs(2616,32): error CS0121: The call is ambiguous between the following methods or properties: 'CodeWalker.Vectors.XYZ(SharpDX.Vector4)' and 'CodeWalker.Vectors.XYZ(SharpDX.Vector4)' [/home/ubuntu/PROGRAMA-BETA/src/FiveMTool.csproj]
/home/ubuntu/PROGRAMA-BETA/src/External/CodeWalker.Core/GameFiles/Resources/Clothes.cs(2626,64): error CS0121: The call is ambiguous between the following methods or properties: 'CodeWalker.MatrixExtensions.MultiplyW(SharpDX.Matrix, SharpDX.Vector3)' and 'CodeWalker.MatrixExtensions.MultiplyW(SharpDX.Matrix, SharpDX.Vector3)' [/home/ubuntu/PROGRAMA-BETA/src/FiveMTool.csproj]
/home/ubuntu/PROGRAMA-BETA/src/External/CodeWalker.Core/GameFiles/Resources/Clothes.cs(2627,64): error CS0121: The call is ambiguous between the following methods or properties: 'CodeWalker.MatrixExtensions.MultiplyW(SharpDX.Matrix, SharpDX.Vector3)' and 'CodeWalker.MatrixExtensions.MultiplyW(SharpDX.Matrix, SharpDX.Vector3)' [/home/ubuntu/PROGRAMA-BETA/src/FiveMTool.csproj]
/home/ubuntu/PROGRAMA-BETA/src/External/CodeWalker.Core/GameFiles/Resources/Clothes.cs(2628,64): error CS0121: The call is ambiguous between the following methods or properties: 'CodeWalker.MatrixExtensions.MultiplyW(SharpDX.Matrix, SharpDX.Vector3)' and 'CodeWalker.MatrixExtensions.MultiplyW(SharpDX.Matrix, SharpDX.Vector3)' [/home/ubuntu/PROGRAMA-BETA/src/FiveMTool.csproj]
/home/ubuntu/PROGRAMA-BETA/src/External/CodeWalker.Core/GameFiles/Resources/Clothes.cs(2629,64): error CS0121: The call is ambiguous between the following methods or properties: 'CodeWalker.MatrixExtensions.MultiplyW(SharpDX.Matrix, SharpDX.Vector3)' and 'CodeWalker.MatrixExtensions.MultiplyW(SharpDX.Matrix, SharpDX.Vector3)' [/home/ubuntu/PROGRAMA-BETA/src/FiveMTool.csproj]
/home/ubuntu/PROGRAMA-BETA/src/External/CodeWalker.Core/GameFiles/Resources/Clip.cs(2209,42): error CS0121: The call is ambiguous between the following methods or properties: 'CodeWalker.Vectors.ToQuaternion(SharpDX.Vector4)' and 'CodeWalker.Vectors.ToQuaternion(SharpDX.Vector4)' [/home/ubuntu/PROGRAMA-BETA/src/FiveMTool.csproj]
/home/ubuntu/PROGRAMA-BETA/src/External/CodeWalker.Core/GameFiles/Resources/Clip.cs(2215,90): error CS0121: The call is ambiguous between the following methods or properties: 'CodeWalker.QuaternionExtension.ToVector4(SharpDX.Quaternion)' and 'CodeWalker.QuaternionExtension.ToVector4(SharpDX.Quaternion)' [/home/ubuntu/PROGRAMA-BETA/src/FiveMTool.csproj]
/home/ubuntu/PROGRAMA-BETA/src/External/CodeWalker.Core/GameFiles/Resources/Clip.cs(1145,32): error CS0121: The call is ambiguous between the following methods or properties: 'CodeWalker.QuaternionExtension.ToVector4(SharpDX.Quaternion)' and 'CodeWalker.QuaternionExtension.ToVector4(SharpDX.Quaternion)' [/home/ubuntu/PROGRAMA-BETA/src/FiveMTool.csproj]
/home/ubuntu/PROGRAMA-BETA/src/External/CodeWalker.Core/GameFiles/Resources/Clip.cs(1151,94): error CS0121: The call is ambiguous between the following methods or properties: 'CodeWalker.QuaternionExtension.ToVector4(SharpDX.Quaternion)' and 'CodeWalker.QuaternionExtension.ToVector4(SharpDX.Quaternion)' [/home/ubuntu/PROGRAMA-BETA/src/FiveMTool.csproj]
/home/ubuntu/PROGRAMA-BETA/src/External/CodeWalker.Core/GameFiles/Resources/Bounds.cs(4802,63): error CS0121: The call is ambiguous between the following methods or properties: 'CodeWalker.Vectors.Abs(SharpDX.Vector3)' and 'CodeWalker.Vectors.Abs(SharpDX.Vector3)' [/home/ubuntu/PROGRAMA-BETA/src/FiveMTool.csproj]
/home/ubuntu/PROGRAMA-BETA/src/External/CodeWalker.Core/GameFiles/Resources/Bounds.cs(4802,82): error CS0121: The call is ambiguous between the following methods or properties: 'CodeWalker.Vectors.Abs(SharpDX.Vector3)' and 'CodeWalker.Vectors.Abs(SharpDX.Vector3)' [/home/ubuntu/PROGRAMA-BETA/src/FiveMTool.csproj]
/home/ubuntu/PROGRAMA-BETA/src/External/CodeWalker.Core/GameFiles/Resources/Bounds.cs(4803,65): error CS0121: The call is ambiguous between the following methods or properties: 'CodeWalker.Vectors.XYZ(SharpDX.Vector4)' and 'CodeWalker.Vectors.XYZ(SharpDX.Vector4)' [/home/ubuntu/PROGRAMA-BETA/src/FiveMTool.csproj]
/home/ubuntu/PROGRAMA-BETA/src/External/CodeWalker.Core/GameFiles/Resources/Bounds.cs(4832,41): error CS0121: The call is ambiguous between the following methods or properties: 'CodeWalker.Vectors.XYZ(SharpDX.Vector4)' and 'CodeWalker.Vectors.XYZ(SharpDX.Vector4)' [/home/ubuntu/PROGRAMA-BETA/src/FiveMTool.csproj]
/home/ubuntu/PROGRAMA-BETA/src/External/CodeWalker.Core/GameFiles/Resources/Bounds.cs(4833,43): error CS0121: The call is ambiguous between the following methods or properties: 'CodeWalker.Vectors.XYZ(SharpDX.Vector4)' and 'CodeWalker.Vectors.XYZ(SharpDX.Vector4)' [/home/ubuntu/PROGRAMA-BETA/src/FiveMTool.csproj]
/home/ubuntu/PROGRAMA-BETA/src/External/CodeWalker.Core/GameFiles/Resources/Bounds.cs(4284,60): error CS0121: The call is ambiguous between the following methods or properties: 'CodeWalker.QuaternionExtension.Multiply(SharpDX.Quaternion, SharpDX.Vector3)' and 'CodeWalker.QuaternionExtension.Multiply(SharpDX.Quaternion, SharpDX.Vector3)' [/home/ubuntu/PROGRAMA-BETA/src/FiveMTool.csproj]
/home/ubuntu/PROGRAMA-BETA/src/External/CodeWalker.Core/GameFiles/Resources/Bounds.cs(4285,60): error CS0121: The call is ambiguous between the following methods or properties: 'CodeWalker.QuaternionExtension.Multiply(SharpDX.Quaternion, SharpDX.Vector3)' and 'CodeWalker.QuaternionExtension.Multiply(SharpDX.Quaternion, SharpDX.Vector3)' [/home/ubuntu/PROGRAMA-BETA/src/FiveMTool.csproj]
/home/ubuntu/PROGRAMA-BETA/src/External/CodeWalker.Core/GameFiles/Resources/Bounds.cs(4311,48): error CS0121: The call is ambiguous between the following methods or properties: 'CodeWalker.Vectors.GetPerpVec(SharpDX.Vector3)' and 'CodeWalker.Vectors.GetPerpVec(SharpDX.Vector3)' [/home/ubuntu/PROGRAMA-BETA/src/FiveMTool.csproj]
/home/ubuntu/PROGRAMA-BETA/src/External/CodeWalker.Core/GameFiles/Resources/Bounds.cs(4322,39): error CS0121: The call is ambiguous between the following methods or properties: 'CodeWalker.QuaternionExtension.Multiply(SharpDX.Quaternion, SharpDX.Vector3)' and 'CodeWalker.QuaternionExtension.Multiply(SharpDX.Quaternion, SharpDX.Vector3)' [/home/ubuntu/PROGRAMA-BETA/src/FiveMTool.csproj]
/home/ubuntu/PROGRAMA-BETA/src/External/CodeWalker.Core/GameFiles/Resources/Bounds.cs(4323,39): error CS0121: The call is ambiguous between the following methods or properties: 'CodeWalker.QuaternionExtension.Multiply(SharpDX.Quaternion, SharpDX.Vector3)' and 'CodeWalker.QuaternionExtension.Multiply(SharpDX.Quaternion, SharpDX.Vector3)' [/home/ubuntu/PROGRAMA-BETA/src/FiveMTool.csproj]
/home/ubuntu/PROGRAMA-BETA/src/External/CodeWalker.Core/GameFiles/Resources/Bounds.cs(4093,60): error CS0121: The call is ambiguous between the following methods or properties: 'CodeWalker.QuaternionExtension.Multiply(SharpDX.Quaternion, SharpDX.Vector3)' and 'CodeWalker.QuaternionExtension.Multiply(SharpDX.Quaternion, SharpDX.Vector3)' [/home/ubuntu/PROGRAMA-BETA/src/FiveMTool.csproj]
/home/ubuntu/PROGRAMA-BETA/src/External/CodeWalker.Core/GameFiles/Resources/Bounds.cs(4094,60): error CS0121: The call is ambiguous between the following methods or properties: 'CodeWalker.QuaternionExtension.Multiply(SharpDX.Quaternion, SharpDX.Vector3)' and 'CodeWalker.QuaternionExtension.Multiply(SharpDX.Quaternion, SharpDX.Vector3)' [/home/ubuntu/PROGRAMA-BETA/src/FiveMTool.csproj]
/home/ubuntu/PROGRAMA-BETA/src/External/CodeWalker.Core/GameFiles/Resources/Bounds.cs(4095,60): error CS0121: The call is ambiguous between the following methods or properties: 'CodeWalker.QuaternionExtension.Multiply(SharpDX.Quaternion, SharpDX.Vector3)' and 'CodeWalker.QuaternionExtension.Multiply(SharpDX.Quaternion, SharpDX.Vector3)' [/home/ubuntu/PROGRAMA-BETA/src/FiveMTool.csproj]
/home/ubuntu/PROGRAMA-BETA/src/External/CodeWalker.Core/GameFiles/Resources/Bounds.cs(4096,60): error CS0121: The call is ambiguous between the following methods or properties: 'CodeWalker.QuaternionExtension.Multiply(SharpDX.Quaternion, SharpDX.Vector3)' and 'CodeWalker.QuaternionExtension.Multiply(SharpDX.Quaternion, SharpDX.Vector3)' [/home/ubuntu/PROGRAMA-BETA/src/FiveMTool.csproj]
/home/ubuntu/PROGRAMA-BETA/src/External/CodeWalker.Core/GameFiles/Resources/Bounds.cs(3909,60): error CS0121: The call is ambiguous between the following methods or properties: 'CodeWalker.QuaternionExtension.Multiply(SharpDX.Quaternion, SharpDX.Vector3)' and 'CodeWalker.QuaternionExtension.Multiply(SharpDX.Quaternion, SharpDX.Vector3)' [/home/ubuntu/PROGRAMA-BETA/src/FiveMTool.csproj]
/home/ubuntu/PROGRAMA-BETA/src/External/CodeWalker.Core/GameFiles/Resources/Bounds.cs(3910,60): error CS0121: The call is ambiguous between the following methods or properties: 'CodeWalker.QuaternionExtension.Multiply(SharpDX.Quaternion, SharpDX.Vector3)' and 'CodeWalker.QuaternionExtension.Multiply(SharpDX.Quaternion, SharpDX.Vector3)' [/home/ubuntu/PROGRAMA-BETA/src/FiveMTool.csproj]
/home/ubuntu/PROGRAMA-BETA/src/External/CodeWalker.Core/GameFiles/Resources/Bounds.cs(4138,39): error CS0121: The call is ambiguous between the following methods or properties: 'CodeWalker.QuaternionExtension.Multiply(SharpDX.Quaternion, SharpDX.Vector3)' and 'CodeWalker.QuaternionExtension.Multiply(SharpDX.Quaternion, SharpDX.Vector3)' [/home/ubuntu/PROGRAMA-BETA/src/FiveMTool.csproj]
/home/ubuntu/PROGRAMA-BETA/src/External/CodeWalker.Core/GameFiles/Resources/Bounds.cs(4139,39): error CS0121: The call is ambiguous between the following methods or properties: 'CodeWalker.QuaternionExtension.Multiply(SharpDX.Quaternion, SharpDX.Vector3)' and 'CodeWalker.QuaternionExtension.Multiply(SharpDX.Quaternion, SharpDX.Vector3)' [/home/ubuntu/PROGRAMA-BETA/src/FiveMTool.csproj]
/home/ubuntu/PROGRAMA-BETA/src/External/CodeWalker.Core/GameFiles/Resources/Bounds.cs(4140,39): error CS0121: The call is ambiguous between the following methods or properties: 'CodeWalker.QuaternionExtension.Multiply(SharpDX.Quaternion, SharpDX.Vector3)' and 'CodeWalker.QuaternionExtension.Multiply(SharpDX.Quaternion, SharpDX.Vector3)' [/home/ubuntu/PROGRAMA-BETA/src/FiveMTool.csproj]
/home/ubuntu/PROGRAMA-BETA/src/External/CodeWalker.Core/GameFiles/Resources/Bounds.cs(4141,39): error CS0121: The call is ambiguous between the following methods or properties: 'CodeWalker.QuaternionExtension.Multiply(SharpDX.Quaternion, SharpDX.Vector3)' and 'CodeWalker.QuaternionExtension.Multiply(SharpDX.Quaternion, SharpDX.Vector3)' [/home/ubuntu/PROGRAMA-BETA/src/FiveMTool.csproj]
/home/ubuntu/PROGRAMA-BETA/src/External/CodeWalker.Core/GameFiles/Resources/Bounds.cs(3936,48): error CS0121: The call is ambiguous between the following methods or properties: 'CodeWalker.Vectors.GetPerpVec(SharpDX.Vector3)' and 'CodeWalker.Vectors.GetPerpVec(SharpDX.Vector3)' [/home/ubuntu/PROGRAMA-BETA/src/FiveMTool.csproj]
/home/ubuntu/PROGRAMA-BETA/src/External/CodeWalker.Core/GameFiles/Resources/Bounds.cs(3947,39): error CS0121: The call is ambiguous between the following methods or properties: 'CodeWalker.QuaternionExtension.Multiply(SharpDX.Quaternion, SharpDX.Vector3)' and 'CodeWalker.QuaternionExtension.Multiply(SharpDX.Quaternion, SharpDX.Vector3)' [/home/ubuntu/PROGRAMA-BETA/src/FiveMTool.csproj]
/home/ubuntu/PROGRAMA-BETA/src/External/CodeWalker.Core/GameFiles/Resources/Bounds.cs(3948,39): error CS0121: The call is ambiguous between the following methods or properties: 'CodeWalker.QuaternionExtension.Multiply(SharpDX.Quaternion, SharpDX.Vector3)' and 'CodeWalker.QuaternionExtension.Multiply(SharpDX.Quaternion, SharpDX.Vector3)' [/home/ubuntu/PROGRAMA-BETA/src/FiveMTool.csproj]
/home/ubuntu/PROGRAMA-BETA/src/External/CodeWalker.Core/GameFiles/Resources/Bounds.cs(4992,39): error CS0121: The call is ambiguous between the following methods or properties: 'CodeWalker.Vectors.CompareTo(SharpDX.Vector3, SharpDX.Vector3)' and 'CodeWalker.Vectors.CompareTo(SharpDX.Vector3, SharpDX.Vector3)' [/home/ubuntu/PROGRAMA-BETA/src/FiveMTool.csproj]
/home/ubuntu/PROGRAMA-BETA/src/External/CodeWalker.Core/GameFiles/Resources/Bounds.cs(4993,38): error CS0121: The call is ambiguous between the following methods or properties: 'CodeWalker.Vectors.CompareTo(SharpDX.Vector3, SharpDX.Vector3)' and 'CodeWalker.Vectors.CompareTo(SharpDX.Vector3, SharpDX.Vector3)' [/home/ubuntu/PROGRAMA-BETA/src/FiveMTool.csproj]
/home/ubuntu/PROGRAMA-BETA/src/External/CodeWalker.Core/GameFiles/Resources/Bounds.cs(3548,60): error CS0121: The call is ambiguous between the following methods or properties: 'CodeWalker.QuaternionExtension.Multiply(SharpDX.Quaternion, SharpDX.Vector3)' and 'CodeWalker.QuaternionExtension.Multiply(SharpDX.Quaternion, SharpDX.Vector3)' [/home/ubuntu/PROGRAMA-BETA/src/FiveMTool.csproj]
/home/ubuntu/PROGRAMA-BETA/src/External/CodeWalker.Core/GameFiles/Resources/Bounds.cs(3549,60): error CS0121: The call is ambiguous between the following methods or properties: 'CodeWalker.QuaternionExtension.Multiply(SharpDX.Quaternion, SharpDX.Vector3)' and 'CodeWalker.QuaternionExtension.Multiply(SharpDX.Quaternion, SharpDX.Vector3)' [/home/ubuntu/PROGRAMA-BETA/src/FiveMTool.csproj]
/home/ubuntu/PROGRAMA-BETA/src/External/CodeWalker.Core/GameFiles/Resources/Bounds.cs(3550,60): error CS0121: The call is ambiguous between the following methods or properties: 'CodeWalker.QuaternionExtension.Multiply(SharpDX.Quaternion, SharpDX.Vector3)' and 'CodeWalker.QuaternionExtension.Multiply(SharpDX.Quaternion, SharpDX.Vector3)' [/home/ubuntu/PROGRAMA-BETA/src/FiveMTool.csproj]
/home/ubuntu/PROGRAMA-BETA/src/External/CodeWalker.Core/GameFiles/Resources/Bounds.cs(5077,33): error CS0121: The call is ambiguous between the following methods or properties: 'CodeWalker.Vectors.XYZ(SharpDX.Vector4)' and 'CodeWalker.Vectors.XYZ(SharpDX.Vector4)' [/home/ubuntu/PROGRAMA-BETA/src/FiveMTool.csproj]
/home/ubuntu/PROGRAMA-BETA/src/External/CodeWalker.Core/GameFiles/Resources/Bounds.cs(5078,43): error CS0121: The call is ambiguous between the following methods or properties: 'CodeWalker.Vectors.XYZ(SharpDX.Vector4)' and 'CodeWalker.Vectors.XYZ(SharpDX.Vector4)' [/home/ubuntu/PROGRAMA-BETA/src/FiveMTool.csproj]
/home/ubuntu/PROGRAMA-BETA/src/External/CodeWalker.Core/GameFiles/Resources/Bounds.cs(3590,39): error CS0121: The call is ambiguous between the following methods or properties: 'CodeWalker.QuaternionExtension.Multiply(SharpDX.Quaternion, SharpDX.Vector3)' and 'CodeWalker.QuaternionExtension.Multiply(SharpDX.Quaternion, SharpDX.Vector3)' [/home/ubuntu/PROGRAMA-BETA/src/FiveMTool.csproj]
/home/ubuntu/PROGRAMA-BETA/src/External/CodeWalker.Core/GameFiles/Resources/Bounds.cs(3591,39): error CS0121: The call is ambiguous between the following methods or properties: 'CodeWalker.QuaternionExtension.Multiply(SharpDX.Quaternion, SharpDX.Vector3)' and 'CodeWalker.QuaternionExtension.Multiply(SharpDX.Quaternion, SharpDX.Vector3)' [/home/ubuntu/PROGRAMA-BETA/src/FiveMTool.csproj]
/home/ubuntu/PROGRAMA-BETA/src/External/CodeWalker.Core/GameFiles/Resources/Bounds.cs(3592,39): error CS0121: The call is ambiguous between the following methods or properties: 'CodeWalker.QuaternionExtension.Multiply(SharpDX.Quaternion, SharpDX.Vector3)' and 'CodeWalker.QuaternionExtension.Multiply(SharpDX.Quaternion, SharpDX.Vector3)' [/home/ubuntu/PROGRAMA-BETA/src/FiveMTool.csproj]
/home/ubuntu/PROGRAMA-BETA/src/External/CodeWalker.Core/GameFiles/Resources/Bounds.cs(3156,38): error CS0121: The call is ambiguous between the following methods or properties: 'CodeWalker.BoundingBoxMath.Transform(SharpDX.BoundingBox, SharpDX.Matrix)' and 'CodeWalker.BoundingBoxMath.Transform(SharpDX.BoundingBox, SharpDX.Matrix)' [/home/ubuntu/PROGRAMA-BETA/src/FiveMTool.csproj]
/home/ubuntu/PROGRAMA-BETA/src/External/CodeWalker.Core/GameFiles/Resources/Bounds.cs(2674,41): error CS0121: The call is ambiguous between the following methods or properties: 'CodeWalker.Vectors.XYZ(SharpDX.Vector4)' and 'CodeWalker.Vectors.XYZ(SharpDX.Vector4)' [/home/ubuntu/PROGRAMA-BETA/src/FiveMTool.csproj]
/home/ubuntu/PROGRAMA-BETA/src/External/CodeWalker.Core/GameFiles/Resources/Bounds.cs(2675,41): error CS0121: The call is ambiguous between the following methods or properties: 'CodeWalker.Vectors.XYZ(SharpDX.Vector4)' and 'CodeWalker.Vectors.XYZ(SharpDX.Vector4)' [/home/ubuntu/PROGRAMA-BETA/src/FiveMTool.csproj]
/home/ubuntu/PROGRAMA-BETA/src/External/CodeWalker.Core/GameFiles/Resources/Bounds.cs(2676,47): error CS0121: The call is ambiguous between the following methods or properties: 'CodeWalker.Vectors.XYZ(SharpDX.Vector4)' and 'CodeWalker.Vectors.XYZ(SharpDX.Vector4)' [/home/ubuntu/PROGRAMA-BETA/src/FiveMTool.csproj]
/home/ubuntu/PROGRAMA-BETA/src/External/CodeWalker.Core/GameFiles/Resources/Bounds.cs(840,44): error CS0121: The call is ambiguous between the following methods or properties: 'CodeWalker.Vectors.Abs(SharpDX.Vector3)' and 'CodeWalker.Vectors.Abs(SharpDX.Vector3)' [/home/ubuntu/PROGRAMA-BETA/src/FiveMTool.csproj]
/home/ubuntu/PROGRAMA-BETA/src/External/CodeWalker.Core/GameFiles/Resources/Bounds.cs(2705,33): error CS0121: The call is ambiguous between the following methods or properties: 'CodeWalker.Vectors.XYZ(SharpDX.Vector4)' and 'CodeWalker.Vectors.XYZ(SharpDX.Vector4)' [/home/ubuntu/PROGRAMA-BETA/src/FiveMTool.csproj]
/home/ubuntu/PROGRAMA-BETA/src/External/CodeWalker.Core/GameFiles/Resources/Bounds.cs(2706,43): error CS0121: The call is ambiguous between the following methods or properties: 'CodeWalker.Vectors.XYZ(SharpDX.Vector4)' and 'CodeWalker.Vectors.XYZ(SharpDX.Vector4)' [/home/ubuntu/PROGRAMA-BETA/src/FiveMTool.csproj]
/home/ubuntu/PROGRAMA-BETA/src/External/CodeWalker.Core/GameFiles/Resources/Bounds.cs(855,44): error CS0121: The call is ambiguous between the following methods or properties: 'CodeWalker.Vectors.Abs(SharpDX.Vector3)' and 'CodeWalker.Vectors.Abs(SharpDX.Vector3)' [/home/ubuntu/PROGRAMA-BETA/src/FiveMTool.csproj]
/home/ubuntu/PROGRAMA-BETA/src/External/CodeWalker.Core/GameFiles/Resources/Bounds.cs(3289,46): error CS0121: The call is ambiguous between the following methods or properties: 'CodeWalker.MatrixExtensions.Multiply(SharpDX.Matrix, SharpDX.Vector3)' and 'CodeWalker.MatrixExtensions.Multiply(SharpDX.Matrix, SharpDX.Vector3)' [/home/ubuntu/PROGRAMA-BETA/src/FiveMTool.csproj]
/home/ubuntu/PROGRAMA-BETA/src/External/CodeWalker.Core/GameFiles/Resources/Bounds.cs(3293,43): error CS0121: The call is ambiguous between the following methods or properties: 'CodeWalker.MatrixExtensions.MultiplyRot(SharpDX.Matrix, SharpDX.Vector3)' and 'CodeWalker.MatrixExtensions.MultiplyRot(SharpDX.Matrix, SharpDX.Vector3)' [/home/ubuntu/PROGRAMA-BETA/src/FiveMTool.csproj]
/home/ubuntu/PROGRAMA-BETA/src/External/CodeWalker.Core/GameFiles/Resources/Bounds.cs(2772,33): error CS0121: The call is ambiguous between the following methods or properties: 'CodeWalker.Vectors.XYZ(SharpDX.Vector4)' and 'CodeWalker.Vectors.XYZ(SharpDX.Vector4)' [/home/ubuntu/PROGRAMA-BETA/src/FiveMTool.csproj]
/home/ubuntu/PROGRAMA-BETA/src/External/CodeWalker.Core/GameFiles/Resources/Bounds.cs(2773,43): error CS0121: The call is ambiguous between the following methods or properties: 'CodeWalker.Vectors.XYZ(SharpDX.Vector4)' and 'CodeWalker.Vectors.XYZ(SharpDX.Vector4)' [/home/ubuntu/PROGRAMA-BETA/src/FiveMTool.csproj]
/home/ubuntu/PROGRAMA-BETA/src/External/CodeWalker.Core/GameFiles/Resources/Bounds.cs(3316,48): error CS0121: The call is ambiguous between the following methods or properties: 'CodeWalker.MatrixExtensions.Multiply(SharpDX.Matrix, SharpDX.Vector3)' and 'CodeWalker.MatrixExtensions.Multiply(SharpDX.Matrix, SharpDX.Vector3)' [/home/ubuntu/PROGRAMA-BETA/src/FiveMTool.csproj]
/home/ubuntu/PROGRAMA-BETA/src/External/CodeWalker.Core/GameFiles/Resources/Bounds.cs(3317,49): error CS0121: The call is ambiguous between the following methods or properties: 'CodeWalker.MatrixExtensions.MultiplyRot(SharpDX.Matrix, SharpDX.Vector3)' and 'CodeWalker.MatrixExtensions.MultiplyRot(SharpDX.Matrix, SharpDX.Vector3)' [/home/ubuntu/PROGRAMA-BETA/src/FiveMTool.csproj]
/home/ubuntu/PROGRAMA-BETA/src/External/CodeWalker.Core/GameFiles/Resources/Bounds.cs(3321,45): error CS0121: The call is ambiguous between the following methods or properties: 'CodeWalker.MatrixExtensions.Multiply(SharpDX.Matrix, SharpDX.Vector3)' and 'CodeWalker.MatrixExtensions.Multiply(SharpDX.Matrix, SharpDX.Vector3)' [/home/ubuntu/PROGRAMA-BETA/src/FiveMTool.csproj]
/home/ubuntu/PROGRAMA-BETA/src/External/CodeWalker.Core/GameFiles/Resources/Bounds.cs(3322,43): error CS0121: The call is ambiguous between the following methods or properties: 'CodeWalker.MatrixExtensions.MultiplyRot(SharpDX.Matrix, SharpDX.Vector3)' and 'CodeWalker.MatrixExtensions.MultiplyRot(SharpDX.Matrix, SharpDX.Vector3)' [/home/ubuntu/PROGRAMA-BETA/src/FiveMTool.csproj]
/home/ubuntu/PROGRAMA-BETA/src/External/CodeWalker.Core/GameFiles/Resources/Bounds.cs(260,34): error CS0121: The call is ambiguous between the following methods or properties: 'CodeWalker.MatrixExtensions.ToQuaternion(SharpDX.Matrix)' and 'CodeWalker.MatrixExtensions.ToQuaternion(SharpDX.Matrix)' [/home/ubuntu/PROGRAMA-BETA/src/FiveMTool.csproj]
/home/ubuntu/PROGRAMA-BETA/src/External/CodeWalker.Core/GameFiles/Resources/Bounds.cs(264,31): error CS0121: The call is ambiguous between the following methods or properties: 'CodeWalker.QuaternionExtension.ToMatrix(SharpDX.Quaternion)' and 'CodeWalker.QuaternionExtension.ToMatrix(SharpDX.Quaternion)' [/home/ubuntu/PROGRAMA-BETA/src/FiveMTool.csproj]
/home/ubuntu/PROGRAMA-BETA/src/External/CodeWalker.Core/GameFiles/Resources/Bounds.cs(1409,52): error CS0121: The call is ambiguous between the following methods or properties: 'CodeWalker.Vectors.XYZ(SharpDX.Vector4)' and 'CodeWalker.Vectors.XYZ(SharpDX.Vector4)' [/home/ubuntu/PROGRAMA-BETA/src/FiveMTool.csproj]
/home/ubuntu/PROGRAMA-BETA/src/External/CodeWalker.Core/GameFiles/Resources/Bounds.cs(1415,60): error CS0121: The call is ambiguous between the following methods or properties: 'CodeWalker.Vectors.XYZ(SharpDX.Vector4)' and 'CodeWalker.Vectors.XYZ(SharpDX.Vector4)' [/home/ubuntu/PROGRAMA-BETA/src/FiveMTool.csproj]
/home/ubuntu/PROGRAMA-BETA/src/External/CodeWalker.Core/GameFiles/MetaTypes/MetaXml.cs(2173,69): error CS0121: The call is ambiguous between the following methods or properties: 'CodeWalker.Vectors.XYZ(SharpDX.Vector4)' and 'CodeWalker.Vectors.XYZ(SharpDX.Vector4)' [/home/ubuntu/PROGRAMA-BETA/src/FiveMTool.csproj]
/home/ubuntu/PROGRAMA-BETA/src/External/CodeWalker.Core/GameFiles/MetaTypes/MetaTypes.cs(5591,62): error CS0121: The call is ambiguous between the following methods or properties: 'CodeWalker.Vectors.XYZ(SharpDX.Vector4)' and 'CodeWalker.Vectors.XYZ(SharpDX.Vector4)' [/home/ubuntu/PROGRAMA-BETA/src/FiveMTool.csproj]
/home/ubuntu/PROGRAMA-BETA/src/External/CodeWalker.Core/GameFiles/MetaTypes/MetaTypes.cs(5603,74): error CS0121: The call is ambiguous between the following methods or properties: 'CodeWalker.Vectors.XYZ(SharpDX.Vector4)' and 'CodeWalker.Vectors.XYZ(SharpDX.Vector4)' [/home/ubuntu/PROGRAMA-BETA/src/FiveMTool.csproj]
/home/ubuntu/PROGRAMA-BETA/src/External/CodeWalker.Core/GameFiles/MetaTypes/MetaTypes.cs(4731,76): error CS0121: The call is ambiguous between the following methods or properties: 'CodeWalker.Vectors.XYZ(SharpDX.Vector4)' and 'CodeWalker.Vectors.XYZ(SharpDX.Vector4)' [/home/ubuntu/PROGRAMA-BETA/src/FiveMTool.csproj]
/home/ubuntu/PROGRAMA-BETA/src/External/CodeWalker.Core/GameFiles/MetaTypes/MetaTypes.cs(4738,37): error CS0121: The call is ambiguous between the following methods or properties: 'CodeWalker.QuaternionExtension.Multiply(SharpDX.Quaternion, SharpDX.Vector3)' and 'CodeWalker.QuaternionExtension.Multiply(SharpDX.Quaternion, SharpDX.Vector3)' [/home/ubuntu/PROGRAMA-BETA/src/FiveMTool.csproj]
/home/ubuntu/PROGRAMA-BETA/src/External/CodeWalker.Core/GameFiles/MetaTypes/MetaTypes.cs(3691,130): error CS0121: The call is ambiguous between the following methods or properties: 'CodeWalker.QuaternionExtension.ToVector4(SharpDX.Quaternion)' and 'CodeWalker.QuaternionExtension.ToVector4(SharpDX.Quaternion)' [/home/ubuntu/PROGRAMA-BETA/src/FiveMTool.csproj]
    4085 Warning(s)
    222 Error(s)

Time Elapsed 00:00:16.27
